[2020-08-24T20:49:47.228+0000][31350][gc,init] Regions: 2048 x 2048K
[2020-08-24T20:49:47.228+0000][31350][gc,init] Humongous object threshold: 2048K
[2020-08-24T20:49:47.228+0000][31350][gc,init] Max TLAB size: 2048K
[2020-08-24T20:49:47.228+0000][31350][gc,heap] Minimum heap 4294967296  Initial heap 4294967296  Maximum heap 4294967296
[2020-08-24T20:49:47.228+0000][31350][gc,init] GC threads: 6 parallel, 3 concurrent
[2020-08-24T20:49:47.228+0000][31350][gc,init] Reference processing: parallel
[2020-08-24T20:49:47.229+0000][31350][gc     ] Heuristics ergonomically sets -XX:+ExplicitGCInvokesConcurrent
[2020-08-24T20:49:47.229+0000][31350][gc     ] Heuristics ergonomically sets -XX:+ShenandoahImplicitGCInvokesConcurrent
[2020-08-24T20:49:47.229+0000][31350][gc     ] Heuristics ergonomically sets -XX:+ShenandoahUncommit
[2020-08-24T20:49:47.229+0000][31350][gc     ] Heuristics ergonomically sets -XX:+ShenandoahAlwaysClearSoftRefs
[2020-08-24T20:49:47.229+0000][31350][gc     ] Heuristics ergonomically sets -XX:ShenandoahAllocationThreshold=10
[2020-08-24T20:49:47.229+0000][31350][gc     ] Heuristics ergonomically sets -XX:ShenandoahImmediateThreshold=100
[2020-08-24T20:49:47.229+0000][31350][gc     ] Heuristics ergonomically sets -XX:ShenandoahUncommitDelay=1000
[2020-08-24T20:49:47.229+0000][31350][gc     ] Heuristics ergonomically sets -XX:ShenandoahGuaranteedGCInterval=30000
[2020-08-24T20:49:47.229+0000][31350][gc     ] Heuristics ergonomically sets -XX:ShenandoahGarbageThreshold=10
[2020-08-24T20:49:47.229+0000][31350][gc,init] Shenandoah heuristics: compact
[2020-08-24T20:49:47.229+0000][31350][gc,heap,coops] Heap address: 0x0000000700000000, size: 4096 MB, Compressed Oops mode: Zero based, Oop shift amount: 3
[2020-08-24T20:49:47.231+0000][31350][gc,init      ] Pretouch bitmap: 2048 regions, 4096 bytes page
[2020-08-24T20:49:47.242+0000][31350][gc,init      ] Pretouch heap: 2048 regions, 4096 bytes page
[2020-08-24T20:49:47.511+0000][31350][gc,init      ] Initialize Shenandoah heap: 4096M initial, 4096M min, 4096M max
[2020-08-24T20:49:47.511+0000][31350][gc,init      ] Safepointing mechanism: thread-local poll
[2020-08-24T20:49:47.511+0000][31350][gc           ] Using Shenandoah
[2020-08-24T20:49:48.645+0000][31350][gc           ] Trigger: Metadata GC Threshold
[2020-08-24T20:49:48.645+0000][31350][gc,ergo      ] Free: 3798M (1899 regions), Max regular: 2048K, Max humongous: 3796M, External frag: 1%, Internal frag: 0%
[2020-08-24T20:49:48.645+0000][31350][gc,ergo      ] Evacuation Reserve: 206M (103 regions), Max regular: 2048K
[2020-08-24T20:49:48.645+0000][31350][gc,start     ] GC(0) Concurrent reset
[2020-08-24T20:49:48.645+0000][31350][gc,task      ] GC(0) Using 3 of 6 workers for concurrent reset
[2020-08-24T20:49:48.645+0000][31350][gc           ] GC(0) Concurrent reset 92M->92M(4096M) 0.114ms
[2020-08-24T20:49:48.646+0000][31350][gc,start     ] GC(0) Pause Init Mark (process weakrefs) (unload classes)
[2020-08-24T20:49:48.646+0000][31350][gc,task      ] GC(0) Using 6 of 6 workers for init marking
[2020-08-24T20:49:48.646+0000][31350][gc           ] GC(0) Pause Init Mark (process weakrefs) (unload classes) 0.568ms
[2020-08-24T20:49:48.646+0000][31350][safepoint    ] Safepoint "ShenandoahInitMark", Time since last: 1130135861 ns, Reaching safepoint: 209005 ns, At safepoint: 589533 ns, Total: 798538 ns
[2020-08-24T20:49:48.646+0000][31350][gc,start     ] GC(0) Concurrent marking (process weakrefs) (unload classes)
[2020-08-24T20:49:48.646+0000][31350][gc,task      ] GC(0) Using 3 of 6 workers for concurrent marking
[2020-08-24T20:49:48.650+0000][31350][gc           ] GC(0) Concurrent marking (process weakrefs) (unload classes) 92M->94M(4096M) 3.724ms
[2020-08-24T20:49:48.650+0000][31350][gc,start     ] GC(0) Concurrent precleaning
[2020-08-24T20:49:48.650+0000][31350][gc,task      ] GC(0) Using 1 of 6 workers for concurrent preclean
[2020-08-24T20:49:48.650+0000][31350][gc           ] GC(0) Concurrent precleaning 94M->94M(4096M) 0.336ms
[2020-08-24T20:49:48.651+0000][31350][gc,start     ] GC(0) Pause Final Mark (process weakrefs) (unload classes)
[2020-08-24T20:49:48.651+0000][31350][gc,task      ] GC(0) Using 6 of 6 workers for final marking
[2020-08-24T20:49:48.652+0000][31350][gc,ergo      ] GC(0) CSet Selection. Actual Free: 4002M, Max CSet: 3001M
[2020-08-24T20:49:48.652+0000][31350][gc,ergo      ] GC(0) Collectable Garbage: 85827K (100% of total), 8380K CSet, 46 CSet regions
[2020-08-24T20:49:48.652+0000][31350][gc,ergo      ] GC(0) Immediate Garbage: 0B (0% of total), 0 regions
[2020-08-24T20:49:48.652+0000][31350][gc           ] GC(0) Pause Final Mark (process weakrefs) (unload classes) 1.338ms
[2020-08-24T20:49:48.652+0000][31350][safepoint    ] Safepoint "ShenandoahFinalMarkStartEvac", Time since last: 4163009 ns, Reaching safepoint: 129895 ns, At safepoint: 1356637 ns, Total: 1486532 ns
[2020-08-24T20:49:48.652+0000][31350][gc,start     ] GC(0) Concurrent roots processing
[2020-08-24T20:49:48.652+0000][31350][gc,task      ] GC(0) Using 3 of 6 workers for concurrent root processing
[2020-08-24T20:49:48.656+0000][31350][gc           ] GC(0) Concurrent roots processing 96M->98M(4096M) 3.871ms
[2020-08-24T20:49:48.656+0000][31350][gc,start     ] GC(0) Concurrent cleanup
[2020-08-24T20:49:48.656+0000][31350][gc           ] GC(0) Concurrent cleanup 98M->98M(4096M) 0.155ms
[2020-08-24T20:49:48.656+0000][31350][gc,ergo      ] GC(0) Free: 3794M (1897 regions), Max regular: 2048K, Max humongous: 3792M, External frag: 1%, Internal frag: 0%
[2020-08-24T20:49:48.656+0000][31350][gc,ergo      ] GC(0) Evacuation Reserve: 203M (102 regions), Max regular: 2048K
[2020-08-24T20:49:48.656+0000][31350][gc,start     ] GC(0) Concurrent evacuation
[2020-08-24T20:49:48.656+0000][31350][gc,task      ] GC(0) Using 3 of 6 workers for concurrent evacuation
[2020-08-24T20:49:48.659+0000][31350][gc           ] GC(0) Concurrent evacuation 98M->108M(4096M) 2.492ms
[2020-08-24T20:49:48.659+0000][31350][gc,start     ] GC(0) Pause Init Update Refs
[2020-08-24T20:49:48.659+0000][31350][gc           ] GC(0) Pause Init Update Refs 0.077ms
[2020-08-24T20:49:48.659+0000][31350][safepoint    ] Safepoint "ShenandoahInitUpdateRefs", Time since last: 6823602 ns, Reaching safepoint: 605599 ns, At safepoint: 102715 ns, Total: 708314 ns
[2020-08-24T20:49:48.659+0000][31350][gc,start     ] GC(0) Concurrent update references
[2020-08-24T20:49:48.659+0000][31350][gc,task      ] GC(0) Using 3 of 6 workers for concurrent reference update
[2020-08-24T20:49:48.664+0000][31350][gc           ] GC(0) Concurrent update references 108M->110M(4096M) 4.243ms
[2020-08-24T20:49:48.664+0000][31350][gc,start     ] GC(0) Pause Final Update Refs
[2020-08-24T20:49:48.664+0000][31350][gc,task      ] GC(0) Using 6 of 6 workers for final reference update
[2020-08-24T20:49:48.664+0000][31350][gc           ] GC(0) Pause Final Update Refs 0.282ms
[2020-08-24T20:49:48.664+0000][31350][safepoint    ] Safepoint "ShenandoahFinalUpdateRefs", Time since last: 4313708 ns, Reaching safepoint: 133227 ns, At safepoint: 303240 ns, Total: 436467 ns
[2020-08-24T20:49:48.664+0000][31350][gc,start     ] GC(0) Concurrent cleanup
[2020-08-24T20:49:48.664+0000][31350][gc           ] GC(0) Concurrent cleanup 110M->18M(4096M) 0.126ms
[2020-08-24T20:49:48.664+0000][31350][gc,ergo      ] Free: 3872M (1936 regions), Max regular: 2048K, Max humongous: 3778M, External frag: 3%, Internal frag: 0%
[2020-08-24T20:49:48.664+0000][31350][gc,ergo      ] Evacuation Reserve: 206M (103 regions), Max regular: 2048K
[2020-08-24T20:49:49.537+0000][31350][safepoint    ] Safepoint "ICBufferFull", Time since last: 872633888 ns, Reaching safepoint: 135910 ns, At safepoint: 3347 ns, Total: 139257 ns
[2020-08-24T20:49:49.747+0000][31350][gc           ] Trigger: Metadata GC Threshold
[2020-08-24T20:49:49.747+0000][31350][gc,ergo      ] Free: 3814M (1907 regions), Max regular: 2048K, Max humongous: 3778M, External frag: 1%, Internal frag: 0%
[2020-08-24T20:49:49.747+0000][31350][gc,ergo      ] Evacuation Reserve: 206M (103 regions), Max regular: 2048K
[2020-08-24T20:49:49.747+0000][31350][gc,start     ] GC(1) Concurrent reset
[2020-08-24T20:49:49.747+0000][31350][gc,task      ] GC(1) Using 3 of 6 workers for concurrent reset
[2020-08-24T20:49:49.747+0000][31350][gc           ] GC(1) Concurrent reset 76M->76M(4096M) 0.200ms
[2020-08-24T20:49:49.747+0000][31350][gc,start     ] GC(1) Pause Init Mark (unload classes)
[2020-08-24T20:49:49.747+0000][31350][gc,task      ] GC(1) Using 6 of 6 workers for init marking
[2020-08-24T20:49:49.748+0000][31350][gc           ] GC(1) Pause Init Mark (unload classes) 0.288ms
[2020-08-24T20:49:49.748+0000][31350][safepoint    ] Safepoint "ShenandoahInitMark", Time since last: 210183911 ns, Reaching safepoint: 150499 ns, At safepoint: 308563 ns, Total: 459062 ns
[2020-08-24T20:49:49.748+0000][31350][gc,start     ] GC(1) Concurrent marking (unload classes)
[2020-08-24T20:49:49.748+0000][31350][gc,task      ] GC(1) Using 3 of 6 workers for concurrent marking
[2020-08-24T20:49:49.752+0000][31350][gc           ] GC(1) Concurrent marking (unload classes) 77M->79M(4096M) 4.257ms
[2020-08-24T20:49:49.752+0000][31350][gc,start     ] GC(1) Pause Final Mark (unload classes)
[2020-08-24T20:49:49.752+0000][31350][gc,task      ] GC(1) Using 6 of 6 workers for final marking
[2020-08-24T20:49:49.752+0000][31350][gc,ergo      ] GC(1) CSet Selection. Actual Free: 4016M, Max CSet: 3012M
[2020-08-24T20:49:49.752+0000][31350][gc,ergo      ] GC(1) Collectable Garbage: 64788K (99% of total), 10987K CSet, 37 CSet regions
[2020-08-24T20:49:49.752+0000][31350][gc,ergo      ] GC(1) Immediate Garbage: 0B (0% of total), 0 regions
[2020-08-24T20:49:49.753+0000][31350][gc           ] GC(1) Pause Final Mark (unload classes) 0.567ms
[2020-08-24T20:49:49.753+0000][31350][safepoint    ] Safepoint "ShenandoahFinalMarkStartEvac", Time since last: 4354263 ns, Reaching safepoint: 120095 ns, At safepoint: 586100 ns, Total: 706195 ns
[2020-08-24T20:49:49.753+0000][31350][gc,start     ] GC(1) Concurrent roots processing
[2020-08-24T20:49:49.753+0000][31350][gc,task      ] GC(1) Using 3 of 6 workers for concurrent root processing
[2020-08-24T20:49:49.755+0000][31350][gc           ] GC(1) Concurrent roots processing 80M->86M(4096M) 1.810ms
[2020-08-24T20:49:49.755+0000][31350][gc,start     ] GC(1) Concurrent cleanup
[2020-08-24T20:49:49.755+0000][31350][gc           ] GC(1) Concurrent cleanup 86M->86M(4096M) 0.172ms
[2020-08-24T20:49:49.755+0000][31350][gc,ergo      ] GC(1) Free: 3806M (1904 regions), Max regular: 2048K, Max humongous: 3778M, External frag: 1%, Internal frag: 0%
[2020-08-24T20:49:49.755+0000][31350][gc,ergo      ] GC(1) Evacuation Reserve: 203M (102 regions), Max regular: 2048K
[2020-08-24T20:49:49.755+0000][31350][gc,start     ] GC(1) Concurrent evacuation
[2020-08-24T20:49:49.755+0000][31350][gc,task      ] GC(1) Using 3 of 6 workers for concurrent evacuation
[2020-08-24T20:49:49.757+0000][31350][gc           ] GC(1) Concurrent evacuation 86M->99M(4096M) 2.280ms
[2020-08-24T20:49:49.758+0000][31350][gc,start     ] GC(1) Pause Init Update Refs
[2020-08-24T20:49:49.758+0000][31350][gc           ] GC(1) Pause Init Update Refs 0.043ms
[2020-08-24T20:49:49.758+0000][31350][safepoint    ] Safepoint "ShenandoahInitUpdateRefs", Time since last: 4437504 ns, Reaching safepoint: 530076 ns, At safepoint: 58297 ns, Total: 588373 ns
[2020-08-24T20:49:49.758+0000][31350][gc,start     ] GC(1) Concurrent update references
[2020-08-24T20:49:49.758+0000][31350][gc,task      ] GC(1) Using 3 of 6 workers for concurrent reference update
[2020-08-24T20:49:49.762+0000][31350][gc           ] GC(1) Concurrent update references 100M->101M(4096M) 4.174ms
[2020-08-24T20:49:49.762+0000][31350][gc,start     ] GC(1) Pause Final Update Refs
[2020-08-24T20:49:49.762+0000][31350][gc,task      ] GC(1) Using 6 of 6 workers for final reference update
[2020-08-24T20:49:49.762+0000][31350][gc           ] GC(1) Pause Final Update Refs 0.258ms
[2020-08-24T20:49:49.762+0000][31350][safepoint    ] Safepoint "ShenandoahFinalUpdateRefs", Time since last: 4269205 ns, Reaching safepoint: 253142 ns, At safepoint: 272818 ns, Total: 525960 ns
[2020-08-24T20:49:49.763+0000][31350][gc,start     ] GC(1) Concurrent cleanup
[2020-08-24T20:49:49.763+0000][31350][gc           ] GC(1) Concurrent cleanup 101M->27M(4096M) 0.152ms
[2020-08-24T20:49:49.763+0000][31350][gc,ergo      ] Free: 3862M (1932 regions), Max regular: 2048K, Max humongous: 3804M, External frag: 2%, Internal frag: 0%
[2020-08-24T20:49:49.763+0000][31350][gc,ergo      ] Evacuation Reserve: 206M (103 regions), Max regular: 2048K
[2020-08-24T20:49:50.914+0000][31350][gc           ] Trigger: Metadata GC Threshold
[2020-08-24T20:49:50.914+0000][31350][gc,ergo      ] Free: 3760M (1880 regions), Max regular: 2048K, Max humongous: 3758M, External frag: 1%, Internal frag: 0%
[2020-08-24T20:49:50.914+0000][31350][gc,ergo      ] Evacuation Reserve: 206M (103 regions), Max regular: 2048K
[2020-08-24T20:49:50.914+0000][31350][gc,start     ] GC(2) Concurrent reset
[2020-08-24T20:49:50.914+0000][31350][gc,task      ] GC(2) Using 3 of 6 workers for concurrent reset
[2020-08-24T20:49:50.914+0000][31350][gc           ] GC(2) Concurrent reset 129M->129M(4096M) 0.162ms
[2020-08-24T20:49:50.915+0000][31350][gc,start     ] GC(2) Pause Init Mark (unload classes)
[2020-08-24T20:49:50.915+0000][31350][gc,task      ] GC(2) Using 6 of 6 workers for init marking
[2020-08-24T20:49:50.916+0000][31350][gc           ] GC(2) Pause Init Mark (unload classes) 0.644ms
[2020-08-24T20:49:50.916+0000][31350][safepoint    ] Safepoint "ShenandoahInitMark", Time since last: 1151986126 ns, Reaching safepoint: 754680 ns, At safepoint: 663016 ns, Total: 1417696 ns
[2020-08-24T20:49:50.916+0000][31350][gc,start     ] GC(2) Concurrent marking (unload classes)
[2020-08-24T20:49:50.916+0000][31350][gc,task      ] GC(2) Using 3 of 6 workers for concurrent marking
[2020-08-24T20:49:50.924+0000][31350][gc           ] GC(2) Concurrent marking (unload classes) 131M->135M(4096M) 8.534ms
[2020-08-24T20:49:50.925+0000][31350][gc,start     ] GC(2) Pause Final Mark (unload classes)
[2020-08-24T20:49:50.925+0000][31350][gc,task      ] GC(2) Using 6 of 6 workers for final marking
[2020-08-24T20:49:50.925+0000][31350][gc,ergo      ] GC(2) CSet Selection. Actual Free: 3960M, Max CSet: 2970M
[2020-08-24T20:49:50.925+0000][31350][gc,ergo      ] GC(2) Collectable Garbage: 111M (99% of total), 10709K CSet, 61 CSet regions
[2020-08-24T20:49:50.925+0000][31350][gc,ergo      ] GC(2) Immediate Garbage: 0B (0% of total), 0 regions
[2020-08-24T20:49:50.926+0000][31350][gc           ] GC(2) Pause Final Mark (unload classes) 1.010ms
[2020-08-24T20:49:50.926+0000][31350][safepoint    ] Safepoint "ShenandoahFinalMarkStartEvac", Time since last: 8612795 ns, Reaching safepoint: 144708 ns, At safepoint: 1029873 ns, Total: 1174581 ns
[2020-08-24T20:49:50.926+0000][31350][gc,start     ] GC(2) Concurrent roots processing
[2020-08-24T20:49:50.926+0000][31350][gc,task      ] GC(2) Using 3 of 6 workers for concurrent root processing
[2020-08-24T20:49:50.929+0000][31350][gc           ] GC(2) Concurrent roots processing 136M->141M(4096M) 3.415ms
[2020-08-24T20:49:50.929+0000][31350][gc,start     ] GC(2) Concurrent cleanup
[2020-08-24T20:49:50.929+0000][31350][gc           ] GC(2) Concurrent cleanup 141M->141M(4096M) 0.242ms
[2020-08-24T20:49:50.929+0000][31350][gc,ergo      ] GC(2) Free: 3752M (1876 regions), Max regular: 2048K, Max humongous: 3750M, External frag: 1%, Internal frag: 0%
[2020-08-24T20:49:50.929+0000][31350][gc,ergo      ] GC(2) Evacuation Reserve: 202M (102 regions), Max regular: 2048K
[2020-08-24T20:49:50.929+0000][31350][gc,start     ] GC(2) Concurrent evacuation
[2020-08-24T20:49:50.929+0000][31350][gc,task      ] GC(2) Using 3 of 6 workers for concurrent evacuation
[2020-08-24T20:49:50.932+0000][31350][gc           ] GC(2) Concurrent evacuation 141M->153M(4096M) 2.807ms
[2020-08-24T20:49:50.933+0000][31350][gc,start     ] GC(2) Pause Init Update Refs
[2020-08-24T20:49:50.933+0000][31350][gc           ] GC(2) Pause Init Update Refs 0.047ms
[2020-08-24T20:49:50.933+0000][31350][safepoint    ] Safepoint "ShenandoahInitUpdateRefs", Time since last: 6644140 ns, Reaching safepoint: 561077 ns, At safepoint: 65550 ns, Total: 626627 ns
[2020-08-24T20:49:50.933+0000][31350][gc,start     ] GC(2) Concurrent update references
[2020-08-24T20:49:50.933+0000][31350][gc,task      ] GC(2) Using 3 of 6 workers for concurrent reference update
[2020-08-24T20:49:50.941+0000][31350][gc           ] GC(2) Concurrent update references 157M->161M(4096M) 7.756ms
[2020-08-24T20:49:50.941+0000][31350][gc,start     ] GC(2) Pause Final Update Refs
[2020-08-24T20:49:50.941+0000][31350][gc,task      ] GC(2) Using 6 of 6 workers for final reference update
[2020-08-24T20:49:50.941+0000][31350][gc           ] GC(2) Pause Final Update Refs 0.320ms
[2020-08-24T20:49:50.941+0000][31350][safepoint    ] Safepoint "ShenandoahFinalUpdateRefs", Time since last: 7854367 ns, Reaching safepoint: 204132 ns, At safepoint: 341504 ns, Total: 545636 ns
[2020-08-24T20:49:50.941+0000][31350][gc,start     ] GC(2) Concurrent cleanup
[2020-08-24T20:49:50.941+0000][31350][gc           ] GC(2) Concurrent cleanup 161M->40M(4096M) 0.141ms
[2020-08-24T20:49:50.942+0000][31350][gc,ergo      ] Free: 3850M (1925 regions), Max regular: 2048K, Max humongous: 3736M, External frag: 3%, Internal frag: 0%
[2020-08-24T20:49:50.942+0000][31350][gc,ergo      ] Evacuation Reserve: 206M (103 regions), Max regular: 2048K
[2020-08-24T20:49:51.942+0000][31350][safepoint    ] Safepoint "Cleanup", Time since last: 1000134992 ns, Reaching safepoint: 275145 ns, At safepoint: 19853 ns, Total: 294998 ns
[2020-08-24T20:49:52.942+0000][31350][safepoint    ] Safepoint "Cleanup", Time since last: 1000193657 ns, Reaching safepoint: 235039 ns, At safepoint: 21693 ns, Total: 256732 ns
[2020-08-24T20:49:55.001+0000][31350][safepoint    ] Safepoint "Cleanup", Time since last: 2058235801 ns, Reaching safepoint: 246801 ns, At safepoint: 21592 ns, Total: 268393 ns
[2020-08-24T20:49:56.001+0000][31350][safepoint    ] Safepoint "Cleanup", Time since last: 1000227382 ns, Reaching safepoint: 199158 ns, At safepoint: 11056 ns, Total: 210214 ns
[2020-08-24T20:49:57.002+0000][31350][safepoint    ] Safepoint "Cleanup", Time since last: 1000228852 ns, Reaching safepoint: 183266 ns, At safepoint: 48377 ns, Total: 231643 ns
[2020-08-24T20:49:58.002+0000][31350][safepoint    ] Safepoint "Cleanup", Time since last: 1000225058 ns, Reaching safepoint: 223567 ns, At safepoint: 10215 ns, Total: 233782 ns
[2020-08-24T20:50:00.003+0000][31350][safepoint    ] Safepoint "Cleanup", Time since last: 2000362060 ns, Reaching safepoint: 240930 ns, At safepoint: 22709 ns, Total: 263639 ns
[2020-08-24T20:50:01.003+0000][31350][safepoint    ] Safepoint "Cleanup", Time since last: 1000215997 ns, Reaching safepoint: 228518 ns, At safepoint: 11186 ns, Total: 239704 ns
[2020-08-24T20:50:05.004+0000][31350][safepoint    ] Safepoint "Cleanup", Time since last: 4000556647 ns, Reaching safepoint: 211757 ns, At safepoint: 10967 ns, Total: 222724 ns
[2020-08-24T20:50:07.005+0000][31350][safepoint    ] Safepoint "Cleanup", Time since last: 2000432484 ns, Reaching safepoint: 251810 ns, At safepoint: 11117 ns, Total: 262927 ns
[2020-08-24T20:50:10.006+0000][31350][safepoint    ] Safepoint "Cleanup", Time since last: 3000619728 ns, Reaching safepoint: 269920 ns, At safepoint: 22651 ns, Total: 292571 ns
[2020-08-24T20:50:15.006+0000][31350][safepoint    ] Safepoint "Cleanup", Time since last: 5000667186 ns, Reaching safepoint: 131649 ns, At safepoint: 4528 ns, Total: 136177 ns
[2020-08-24T20:50:15.751+0000][31350][safepoint    ] Safepoint "ICBufferFull", Time since last: 744184974 ns, Reaching safepoint: 183155 ns, At safepoint: 5880 ns, Total: 189035 ns
[2020-08-24T20:50:16.466+0000][31350][safepoint    ] Safepoint "ICBufferFull", Time since last: 715337870 ns, Reaching safepoint: 217603 ns, At safepoint: 8538 ns, Total: 226141 ns
[2020-08-24T20:50:16.898+0000][31350][safepoint    ] Safepoint "ICBufferFull", Time since last: 432094128 ns, Reaching safepoint: 108102 ns, At safepoint: 8251 ns, Total: 116353 ns
[2020-08-24T20:50:17.788+0000][31350][safepoint    ] Safepoint "ICBufferFull", Time since last: 889543973 ns, Reaching safepoint: 194480 ns, At safepoint: 9199 ns, Total: 203679 ns
[2020-08-24T20:50:17.952+0000][31350][gc           ] Trigger: Allocated since last cycle (409M) is larger than allocation threshold (409M)
[2020-08-24T20:50:17.952+0000][31350][gc,ergo      ] Free: 3458M (1730 regions), Max regular: 2048K, Max humongous: 3458M, External frag: 1%, Internal frag: 0%
[2020-08-24T20:50:17.952+0000][31350][gc,ergo      ] Evacuation Reserve: 206M (103 regions), Max regular: 2048K
[2020-08-24T20:50:17.952+0000][31350][gc,start     ] GC(3) Concurrent reset
[2020-08-24T20:50:17.952+0000][31350][gc,task      ] GC(3) Using 3 of 6 workers for concurrent reset
[2020-08-24T20:50:17.952+0000][31350][gc           ] GC(3) Concurrent reset 431M->431M(4096M) 0.157ms
[2020-08-24T20:50:17.953+0000][31350][gc,start     ] GC(3) Pause Init Mark (unload classes)
[2020-08-24T20:50:17.953+0000][31350][gc,task      ] GC(3) Using 6 of 6 workers for init marking
[2020-08-24T20:50:17.953+0000][31350][gc           ] GC(3) Pause Init Mark (unload classes) 0.533ms
[2020-08-24T20:50:17.953+0000][31350][safepoint    ] Safepoint "ShenandoahInitMark", Time since last: 164157862 ns, Reaching safepoint: 141658 ns, At safepoint: 572243 ns, Total: 713901 ns
[2020-08-24T20:50:17.953+0000][31350][gc,start     ] GC(3) Concurrent marking (unload classes)
[2020-08-24T20:50:17.953+0000][31350][gc,task      ] GC(3) Using 3 of 6 workers for concurrent marking
[2020-08-24T20:50:17.961+0000][31350][gc           ] GC(3) Concurrent marking (unload classes) 433M->451M(4096M) 8.286ms
[2020-08-24T20:50:17.962+0000][31350][gc,start     ] GC(3) Pause Final Mark (unload classes)
[2020-08-24T20:50:17.962+0000][31350][gc,task      ] GC(3) Using 6 of 6 workers for final marking
[2020-08-24T20:50:17.962+0000][31350][gc,ergo      ] GC(3) CSet Selection. Actual Free: 3771M, Max CSet: 2828M
[2020-08-24T20:50:17.962+0000][31350][gc,ergo      ] GC(3) Collectable Garbage: 279M (67% of total), 8877K CSet, 144 CSet regions
[2020-08-24T20:50:17.962+0000][31350][gc,ergo      ] GC(3) Immediate Garbage: 131M (32% of total), 66 regions
[2020-08-24T20:50:17.963+0000][31350][gc           ] GC(3) Pause Final Mark (unload classes) 1.063ms
[2020-08-24T20:50:17.963+0000][31350][safepoint    ] Safepoint "ShenandoahFinalMarkStartEvac", Time since last: 8395973 ns, Reaching safepoint: 122439 ns, At safepoint: 1098597 ns, Total: 1221036 ns
[2020-08-24T20:50:17.963+0000][31350][gc,start     ] GC(3) Concurrent roots processing
[2020-08-24T20:50:17.963+0000][31350][gc,task      ] GC(3) Using 3 of 6 workers for concurrent root processing
[2020-08-24T20:50:17.968+0000][31350][gc           ] GC(3) Concurrent roots processing 466M->483M(4096M) 5.040ms
[2020-08-24T20:50:17.968+0000][31350][gc,start     ] GC(3) Concurrent cleanup
[2020-08-24T20:50:17.968+0000][31350][gc           ] GC(3) Concurrent cleanup 483M->351M(4096M) 0.165ms
[2020-08-24T20:50:17.968+0000][31350][gc,ergo      ] GC(3) Free: 3542M (1772 regions), Max regular: 2048K, Max humongous: 3410M, External frag: 4%, Internal frag: 0%
[2020-08-24T20:50:17.968+0000][31350][gc,ergo      ] GC(3) Evacuation Reserve: 201M (101 regions), Max regular: 2048K
[2020-08-24T20:50:17.968+0000][31350][gc,start     ] GC(3) Concurrent evacuation
[2020-08-24T20:50:17.968+0000][31350][gc,task      ] GC(3) Using 3 of 6 workers for concurrent evacuation
[2020-08-24T20:50:17.971+0000][31350][gc           ] GC(3) Concurrent evacuation 351M->369M(4096M) 2.728ms
[2020-08-24T20:50:17.971+0000][31350][gc,start     ] GC(3) Pause Init Update Refs
[2020-08-24T20:50:17.971+0000][31350][gc           ] GC(3) Pause Init Update Refs 0.060ms
[2020-08-24T20:50:17.971+0000][31350][safepoint    ] Safepoint "ShenandoahInitUpdateRefs", Time since last: 8160706 ns, Reaching safepoint: 437101 ns, At safepoint: 91098 ns, Total: 528199 ns
[2020-08-24T20:50:17.971+0000][31350][gc,start     ] GC(3) Concurrent update references
[2020-08-24T20:50:17.971+0000][31350][gc,task      ] GC(3) Using 3 of 6 workers for concurrent reference update
[2020-08-24T20:50:17.982+0000][31350][gc           ] GC(3) Concurrent update references 371M->401M(4096M) 10.290ms
[2020-08-24T20:50:17.982+0000][31350][gc,start     ] GC(3) Pause Final Update Refs
[2020-08-24T20:50:17.982+0000][31350][gc,task      ] GC(3) Using 6 of 6 workers for final reference update
[2020-08-24T20:50:17.982+0000][31350][gc           ] GC(3) Pause Final Update Refs 0.243ms
[2020-08-24T20:50:17.982+0000][31350][safepoint    ] Safepoint "ShenandoahFinalUpdateRefs", Time since last: 10367049 ns, Reaching safepoint: 55813 ns, At safepoint: 269875 ns, Total: 325688 ns
[2020-08-24T20:50:17.982+0000][31350][gc,start     ] GC(3) Concurrent cleanup
[2020-08-24T20:50:17.982+0000][31350][gc           ] GC(3) Concurrent cleanup 401M->113M(4096M) 0.125ms
[2020-08-24T20:50:17.982+0000][31350][gc,ergo      ] Free: 3776M (1890 regions), Max regular: 2048K, Max humongous: 3406M, External frag: 10%, Internal frag: 0%
[2020-08-24T20:50:17.982+0000][31350][gc,ergo      ] Evacuation Reserve: 206M (103 regions), Max regular: 2048K
[2020-08-24T20:50:18.585+0000][31350][safepoint    ] Safepoint "ICBufferFull", Time since last: 603108159 ns, Reaching safepoint: 152888 ns, At safepoint: 8798 ns, Total: 161686 ns
[2020-08-24T20:50:19.328+0000][31350][safepoint    ] Safepoint "ICBufferFull", Time since last: 742217584 ns, Reaching safepoint: 114154 ns, At safepoint: 5222 ns, Total: 119376 ns
[2020-08-24T20:50:20.044+0000][31350][gc           ] Trigger: Allocated since last cycle (409M) is larger than allocation threshold (409M)
[2020-08-24T20:50:20.044+0000][31350][gc,ergo      ] Free: 3454M (1730 regions), Max regular: 2048K, Max humongous: 3406M, External frag: 2%, Internal frag: 0%
[2020-08-24T20:50:20.044+0000][31350][gc,ergo      ] Evacuation Reserve: 206M (103 regions), Max regular: 2048K
[2020-08-24T20:50:20.044+0000][31350][gc,start     ] GC(4) Concurrent reset
[2020-08-24T20:50:20.044+0000][31350][gc,task      ] GC(4) Using 3 of 6 workers for concurrent reset
[2020-08-24T20:50:20.044+0000][31350][gc           ] GC(4) Concurrent reset 435M->435M(4096M) 0.302ms
[2020-08-24T20:50:20.045+0000][31350][gc,start     ] GC(4) Pause Init Mark (unload classes)
[2020-08-24T20:50:20.045+0000][31350][gc,task      ] GC(4) Using 6 of 6 workers for init marking
[2020-08-24T20:50:20.045+0000][31350][gc           ] GC(4) Pause Init Mark (unload classes) 0.535ms
[2020-08-24T20:50:20.045+0000][31350][safepoint    ] Safepoint "ShenandoahInitMark", Time since last: 716556328 ns, Reaching safepoint: 235911 ns, At safepoint: 553559 ns, Total: 789470 ns
[2020-08-24T20:50:20.045+0000][31350][gc,start     ] GC(4) Concurrent marking (unload classes)
[2020-08-24T20:50:20.045+0000][31350][gc,task      ] GC(4) Using 3 of 6 workers for concurrent marking
[2020-08-24T20:50:20.055+0000][31350][gc           ] GC(4) Concurrent marking (unload classes) 435M->451M(4096M) 10.255ms
[2020-08-24T20:50:20.056+0000][31350][gc,start     ] GC(4) Pause Final Mark (unload classes)
[2020-08-24T20:50:20.056+0000][31350][gc,task      ] GC(4) Using 6 of 6 workers for final marking
[2020-08-24T20:50:20.056+0000][31350][gc,ergo      ] GC(4) CSet Selection. Actual Free: 3883M, Max CSet: 2912M
[2020-08-24T20:50:20.056+0000][31350][gc,ergo      ] GC(4) Collectable Garbage: 174M (42% of total), 3176K CSet, 89 CSet regions
[2020-08-24T20:50:20.056+0000][31350][gc,ergo      ] GC(4) Immediate Garbage: 239M (57% of total), 120 regions
[2020-08-24T20:50:20.056+0000][31350][gc           ] GC(4) Pause Final Mark (unload classes) 0.857ms
[2020-08-24T20:50:20.057+0000][31350][safepoint    ] Safepoint "ShenandoahFinalMarkStartEvac", Time since last: 10385917 ns, Reaching safepoint: 179726 ns, At safepoint: 881886 ns, Total: 1061612 ns
[2020-08-24T20:50:20.057+0000][31350][gc,start     ] GC(4) Concurrent roots processing
[2020-08-24T20:50:20.057+0000][31350][gc,task      ] GC(4) Using 3 of 6 workers for concurrent root processing
[2020-08-24T20:50:20.062+0000][31350][gc           ] GC(4) Concurrent roots processing 451M->461M(4096M) 5.250ms
[2020-08-24T20:50:20.062+0000][31350][gc,start     ] GC(4) Concurrent cleanup
[2020-08-24T20:50:20.062+0000][31350][gc           ] GC(4) Concurrent cleanup 461M->221M(4096M) 0.253ms
[2020-08-24T20:50:20.062+0000][31350][gc,ergo      ] GC(4) Free: 3670M (1836 regions), Max regular: 2048K, Max humongous: 3420M, External frag: 7%, Internal frag: 0%
[2020-08-24T20:50:20.062+0000][31350][gc,ergo      ] GC(4) Evacuation Reserve: 204M (103 regions), Max regular: 2048K
[2020-08-24T20:50:20.062+0000][31350][gc,start     ] GC(4) Concurrent evacuation
[2020-08-24T20:50:20.062+0000][31350][gc,task      ] GC(4) Using 3 of 6 workers for concurrent evacuation
[2020-08-24T20:50:20.064+0000][31350][gc           ] GC(4) Concurrent evacuation 221M->227M(4096M) 1.391ms
[2020-08-24T20:50:20.064+0000][31350][gc,start     ] GC(4) Pause Init Update Refs
[2020-08-24T20:50:20.064+0000][31350][gc           ] GC(4) Pause Init Update Refs 0.044ms
[2020-08-24T20:50:20.064+0000][31350][safepoint    ] Safepoint "ShenandoahInitUpdateRefs", Time since last: 7116859 ns, Reaching safepoint: 266466 ns, At safepoint: 60857 ns, Total: 327323 ns
[2020-08-24T20:50:20.064+0000][31350][gc,start     ] GC(4) Concurrent update references
[2020-08-24T20:50:20.064+0000][31350][gc,task      ] GC(4) Using 3 of 6 workers for concurrent reference update
[2020-08-24T20:50:20.070+0000][31350][gc           ] GC(4) Concurrent update references 227M->233M(4096M) 5.623ms
[2020-08-24T20:50:20.070+0000][31350][gc,start     ] GC(4) Pause Final Update Refs
[2020-08-24T20:50:20.070+0000][31350][gc,task      ] GC(4) Using 6 of 6 workers for final reference update
[2020-08-24T20:50:20.070+0000][31350][gc           ] GC(4) Pause Final Update Refs 0.355ms
[2020-08-24T20:50:20.070+0000][31350][safepoint    ] Safepoint "ShenandoahFinalUpdateRefs", Time since last: 5762213 ns, Reaching safepoint: 206639 ns, At safepoint: 378907 ns, Total: 585546 ns
[2020-08-24T20:50:20.070+0000][31350][gc,start     ] GC(4) Concurrent cleanup
[2020-08-24T20:50:20.070+0000][31350][gc           ] GC(4) Concurrent cleanup 233M->55M(4096M) 0.133ms
[2020-08-24T20:50:20.071+0000][31350][gc,ergo      ] Free: 3834M (1919 regions), Max regular: 2048K, Max humongous: 3482M, External frag: 10%, Internal frag: 0%
[2020-08-24T20:50:20.071+0000][31350][gc,ergo      ] Evacuation Reserve: 206M (103 regions), Max regular: 2048K
[2020-08-24T20:50:21.000+0000][31350][safepoint    ] Safepoint "ICBufferFull", Time since last: 930002771 ns, Reaching safepoint: 148330 ns, At safepoint: 4860 ns, Total: 153190 ns
[2020-08-24T20:50:22.424+0000][31350][safepoint    ] Safepoint "Cleanup", Time since last: 1423059221 ns, Reaching safepoint: 177745 ns, At safepoint: 5153 ns, Total: 182898 ns
[2020-08-24T20:50:22.950+0000][31350][gc           ] Trigger: Allocated since last cycle (411M) is larger than allocation threshold (409M)
[2020-08-24T20:50:22.950+0000][31350][gc,ergo      ] Free: 3456M (1730 regions), Max regular: 2048K, Max humongous: 3456M, External frag: 1%, Internal frag: 0%
[2020-08-24T20:50:22.950+0000][31350][gc,ergo      ] Evacuation Reserve: 206M (103 regions), Max regular: 2048K
[2020-08-24T20:50:22.951+0000][31350][gc,start     ] GC(5) Concurrent reset
[2020-08-24T20:50:22.951+0000][31350][gc,task      ] GC(5) Using 3 of 6 workers for concurrent reset
[2020-08-24T20:50:22.951+0000][31350][gc           ] GC(5) Concurrent reset 433M->433M(4096M) 0.262ms
[2020-08-24T20:50:22.951+0000][31350][gc,start     ] GC(5) Pause Init Mark (process weakrefs) (unload classes)
[2020-08-24T20:50:22.951+0000][31350][gc,task      ] GC(5) Using 6 of 6 workers for init marking
[2020-08-24T20:50:22.951+0000][31350][gc           ] GC(5) Pause Init Mark (process weakrefs) (unload classes) 0.437ms
[2020-08-24T20:50:22.951+0000][31350][safepoint    ] Safepoint "ShenandoahInitMark", Time since last: 527183295 ns, Reaching safepoint: 160473 ns, At safepoint: 459521 ns, Total: 619994 ns
[2020-08-24T20:50:22.952+0000][31350][gc,start     ] GC(5) Concurrent marking (process weakrefs) (unload classes)
[2020-08-24T20:50:22.952+0000][31350][gc,task      ] GC(5) Using 3 of 6 workers for concurrent marking
[2020-08-24T20:50:22.961+0000][31350][gc           ] GC(5) Concurrent marking (process weakrefs) (unload classes) 433M->447M(4096M) 9.337ms
[2020-08-24T20:50:22.961+0000][31350][gc,start     ] GC(5) Concurrent precleaning
[2020-08-24T20:50:22.961+0000][31350][gc,task      ] GC(5) Using 1 of 6 workers for concurrent preclean
[2020-08-24T20:50:22.961+0000][31350][gc           ] GC(5) Concurrent precleaning 447M->447M(4096M) 0.593ms
[2020-08-24T20:50:22.962+0000][31350][gc,start     ] GC(5) Pause Final Mark (process weakrefs) (unload classes)
[2020-08-24T20:50:22.962+0000][31350][gc,task      ] GC(5) Using 6 of 6 workers for final marking
[2020-08-24T20:50:22.963+0000][31350][gc,ergo      ] GC(5) CSet Selection. Actual Free: 3948M, Max CSet: 2961M
[2020-08-24T20:50:22.963+0000][31350][gc,ergo      ] GC(5) Collectable Garbage: 115M (27% of total), 13104K CSet, 64 CSet regions
[2020-08-24T20:50:22.963+0000][31350][gc,ergo      ] GC(5) Immediate Garbage: 300M (72% of total), 150 regions
[2020-08-24T20:50:22.963+0000][31350][gc           ] GC(5) Pause Final Mark (process weakrefs) (unload classes) 1.449ms
[2020-08-24T20:50:22.963+0000][31350][safepoint    ] Safepoint "ShenandoahFinalMarkStartEvac", Time since last: 10021858 ns, Reaching safepoint: 157325 ns, At safepoint: 1467543 ns, Total: 1624868 ns
[2020-08-24T20:50:22.963+0000][31350][gc,start     ] GC(5) Concurrent roots processing
[2020-08-24T20:50:22.963+0000][31350][gc,task      ] GC(5) Using 3 of 6 workers for concurrent root processing
[2020-08-24T20:50:22.975+0000][31350][safepoint    ] Safepoint "ICBufferFull", Time since last: 11942200 ns, Reaching safepoint: 363238 ns, At safepoint: 7589 ns, Total: 370827 ns
[2020-08-24T20:50:22.981+0000][31350][gc           ] GC(5) Concurrent roots processing 448M->468M(4096M) 18.061ms
[2020-08-24T20:50:22.981+0000][31350][gc,start     ] GC(5) Concurrent cleanup
[2020-08-24T20:50:22.981+0000][31350][gc           ] GC(5) Concurrent cleanup 468M->168M(4096M) 0.163ms
[2020-08-24T20:50:22.981+0000][31350][gc,ergo      ] GC(5) Free: 3728M (1865 regions), Max regular: 2048K, Max humongous: 3428M, External frag: 9%, Internal frag: 0%
[2020-08-24T20:50:22.981+0000][31350][gc,ergo      ] GC(5) Evacuation Reserve: 198M (100 regions), Max regular: 2048K
[2020-08-24T20:50:22.982+0000][31350][gc,start     ] GC(5) Concurrent evacuation
[2020-08-24T20:50:22.982+0000][31350][gc,task      ] GC(5) Using 3 of 6 workers for concurrent evacuation
[2020-08-24T20:50:22.984+0000][31350][gc           ] GC(5) Concurrent evacuation 168M->181M(4096M) 2.922ms
[2020-08-24T20:50:22.985+0000][31350][gc,start     ] GC(5) Pause Init Update Refs
[2020-08-24T20:50:22.985+0000][31350][gc           ] GC(5) Pause Init Update Refs 0.045ms
[2020-08-24T20:50:22.985+0000][31350][safepoint    ] Safepoint "ShenandoahInitUpdateRefs", Time since last: 9091347 ns, Reaching safepoint: 128573 ns, At safepoint: 60646 ns, Total: 189219 ns
[2020-08-24T20:50:22.985+0000][31350][gc,start     ] GC(5) Concurrent update references
[2020-08-24T20:50:22.985+0000][31350][gc,task      ] GC(5) Using 3 of 6 workers for concurrent reference update
[2020-08-24T20:50:22.993+0000][31350][gc           ] GC(5) Concurrent update references 183M->197M(4096M) 8.366ms
[2020-08-24T20:50:22.993+0000][31350][gc,start     ] GC(5) Pause Final Update Refs
[2020-08-24T20:50:22.993+0000][31350][gc,task      ] GC(5) Using 6 of 6 workers for final reference update
[2020-08-24T20:50:22.993+0000][31350][gc           ] GC(5) Pause Final Update Refs 0.115ms
[2020-08-24T20:50:22.993+0000][31350][safepoint    ] Safepoint "ShenandoahFinalUpdateRefs", Time since last: 8409067 ns, Reaching safepoint: 75489 ns, At safepoint: 130313 ns, Total: 205802 ns
[2020-08-24T20:50:22.993+0000][31350][gc,start     ] GC(5) Concurrent cleanup
[2020-08-24T20:50:22.994+0000][31350][gc           ] GC(5) Concurrent cleanup 197M->69M(4096M) 0.126ms
[2020-08-24T20:50:22.994+0000][31350][gc,ergo      ] Free: 3820M (1912 regions), Max regular: 2048K, Max humongous: 3424M, External frag: 11%, Internal frag: 0%
[2020-08-24T20:50:22.994+0000][31350][gc,ergo      ] Evacuation Reserve: 206M (103 regions), Max regular: 2048K
[2020-08-24T20:50:23.994+0000][31350][safepoint    ] Safepoint "Cleanup", Time since last: 1000066668 ns, Reaching safepoint: 135401 ns, At safepoint: 5815 ns, Total: 141216 ns
[2020-08-24T20:50:24.994+0000][31350][safepoint    ] Safepoint "Cleanup", Time since last: 1000134645 ns, Reaching safepoint: 105864 ns, At safepoint: 3828 ns, Total: 109692 ns
[2020-08-24T20:50:25.934+0000][31350][gc           ] Trigger: Allocated since last cycle (410M) is larger than allocation threshold (409M)
[2020-08-24T20:50:25.934+0000][31350][gc,ergo      ] Free: 3454M (1729 regions), Max regular: 2048K, Max humongous: 3424M, External frag: 1%, Internal frag: 0%
[2020-08-24T20:50:25.934+0000][31350][gc,ergo      ] Evacuation Reserve: 206M (103 regions), Max regular: 2048K
[2020-08-24T20:50:25.934+0000][31350][gc,start     ] GC(6) Concurrent reset
[2020-08-24T20:50:25.934+0000][31350][gc,task      ] GC(6) Using 3 of 6 workers for concurrent reset
[2020-08-24T20:50:25.934+0000][31350][gc           ] GC(6) Concurrent reset 435M->435M(4096M) 0.171ms
[2020-08-24T20:50:25.935+0000][31350][gc,start     ] GC(6) Pause Init Mark (unload classes)
[2020-08-24T20:50:25.935+0000][31350][gc,task      ] GC(6) Using 6 of 6 workers for init marking
[2020-08-24T20:50:25.935+0000][31350][gc           ] GC(6) Pause Init Mark (unload classes) 0.291ms
[2020-08-24T20:50:25.935+0000][31350][safepoint    ] Safepoint "ShenandoahInitMark", Time since last: 940662074 ns, Reaching safepoint: 305590 ns, At safepoint: 309267 ns, Total: 614857 ns
[2020-08-24T20:50:25.935+0000][31350][gc,start     ] GC(6) Concurrent marking (unload classes)
[2020-08-24T20:50:25.935+0000][31350][gc,task      ] GC(6) Using 3 of 6 workers for concurrent marking
[2020-08-24T20:50:25.942+0000][31350][gc           ] GC(6) Concurrent marking (unload classes) 435M->449M(4096M) 7.283ms
[2020-08-24T20:50:25.942+0000][31350][gc,start     ] GC(6) Pause Final Mark (unload classes)
[2020-08-24T20:50:25.942+0000][31350][gc,task      ] GC(6) Using 6 of 6 workers for final marking
[2020-08-24T20:50:25.943+0000][31350][gc,ergo      ] GC(6) CSet Selection. Actual Free: 3983M, Max CSet: 2987M
[2020-08-24T20:50:25.943+0000][31350][gc,ergo      ] GC(6) Collectable Garbage: 81212K (18% of total), 8883K CSet, 44 CSet regions
[2020-08-24T20:50:25.943+0000][31350][gc,ergo      ] GC(6) Immediate Garbage: 337M (80% of total), 169 regions
[2020-08-24T20:50:25.943+0000][31350][gc           ] GC(6) Pause Final Mark (unload classes) 0.443ms
[2020-08-24T20:50:25.943+0000][31350][safepoint    ] Safepoint "ShenandoahFinalMarkStartEvac", Time since last: 7343840 ns, Reaching safepoint: 44407 ns, At safepoint: 458970 ns, Total: 503377 ns
[2020-08-24T20:50:25.943+0000][31350][gc,start     ] GC(6) Concurrent roots processing
[2020-08-24T20:50:25.943+0000][31350][gc,task      ] GC(6) Using 3 of 6 workers for concurrent root processing
[2020-08-24T20:50:25.950+0000][31350][gc           ] GC(6) Concurrent roots processing 450M->463M(4096M) 6.917ms
[2020-08-24T20:50:25.950+0000][31350][gc,start     ] GC(6) Concurrent cleanup
[2020-08-24T20:50:25.950+0000][31350][gc           ] GC(6) Concurrent cleanup 463M->125M(4096M) 0.173ms
[2020-08-24T20:50:25.950+0000][31350][gc,ergo      ] GC(6) Free: 3768M (1884 regions), Max regular: 2048K, Max humongous: 3430M, External frag: 9%, Internal frag: 0%
[2020-08-24T20:50:25.950+0000][31350][gc,ergo      ] GC(6) Evacuation Reserve: 202M (101 regions), Max regular: 2048K
[2020-08-24T20:50:25.950+0000][31350][gc,start     ] GC(6) Concurrent evacuation
[2020-08-24T20:50:25.950+0000][31350][gc,task      ] GC(6) Using 3 of 6 workers for concurrent evacuation
[2020-08-24T20:50:25.952+0000][31350][gc           ] GC(6) Concurrent evacuation 125M->137M(4096M) 1.995ms
[2020-08-24T20:50:25.952+0000][31350][gc,start     ] GC(6) Pause Init Update Refs
[2020-08-24T20:50:25.952+0000][31350][gc           ] GC(6) Pause Init Update Refs 0.042ms
[2020-08-24T20:50:25.952+0000][31350][safepoint    ] Safepoint "ShenandoahInitUpdateRefs", Time since last: 9257990 ns, Reaching safepoint: 119503 ns, At safepoint: 56982 ns, Total: 176485 ns
[2020-08-24T20:50:25.952+0000][31350][gc,start     ] GC(6) Concurrent update references
[2020-08-24T20:50:25.952+0000][31350][gc,task      ] GC(6) Using 3 of 6 workers for concurrent reference update
[2020-08-24T20:50:25.958+0000][31350][gc           ] GC(6) Concurrent update references 139M->149M(4096M) 5.568ms
[2020-08-24T20:50:25.958+0000][31350][gc,start     ] GC(6) Pause Final Update Refs
[2020-08-24T20:50:25.958+0000][31350][gc,task      ] GC(6) Using 6 of 6 workers for final reference update
[2020-08-24T20:50:25.958+0000][31350][gc           ] GC(6) Pause Final Update Refs 0.137ms
[2020-08-24T20:50:25.958+0000][31350][safepoint    ] Safepoint "ShenandoahFinalUpdateRefs", Time since last: 5671867 ns, Reaching safepoint: 136175 ns, At safepoint: 153492 ns, Total: 289667 ns
[2020-08-24T20:50:25.958+0000][31350][gc,start     ] GC(6) Concurrent cleanup
[2020-08-24T20:50:25.958+0000][31350][gc           ] GC(6) Concurrent cleanup 149M->62M(4096M) 0.118ms
[2020-08-24T20:50:25.959+0000][31350][gc,ergo      ] Free: 3828M (1914 regions), Max regular: 2048K, Max humongous: 3458M, External frag: 10%, Internal frag: 0%
[2020-08-24T20:50:25.959+0000][31350][gc,ergo      ] Evacuation Reserve: 206M (103 regions), Max regular: 2048K
[2020-08-24T20:50:27.241+0000][31350][safepoint    ] Safepoint "Cleanup", Time since last: 1282218450 ns, Reaching safepoint: 217536 ns, At safepoint: 4911 ns, Total: 222447 ns
[2020-08-24T20:50:28.849+0000][31350][gc           ] Trigger: Allocated since last cycle (410M) is larger than allocation threshold (409M)
[2020-08-24T20:50:28.849+0000][31350][gc,ergo      ] Free: 3456M (1728 regions), Max regular: 2048K, Max humongous: 3454M, External frag: 1%, Internal frag: 0%
[2020-08-24T20:50:28.849+0000][31350][gc,ergo      ] Evacuation Reserve: 206M (103 regions), Max regular: 2048K
[2020-08-24T20:50:28.849+0000][31350][gc,start     ] GC(7) Concurrent reset
[2020-08-24T20:50:28.849+0000][31350][gc,task      ] GC(7) Using 3 of 6 workers for concurrent reset
[2020-08-24T20:50:28.849+0000][31350][gc           ] GC(7) Concurrent reset 434M->434M(4096M) 0.128ms
[2020-08-24T20:50:28.850+0000][31350][gc,start     ] GC(7) Pause Init Mark (unload classes)
[2020-08-24T20:50:28.850+0000][31350][gc,task      ] GC(7) Using 6 of 6 workers for init marking
[2020-08-24T20:50:28.850+0000][31350][gc           ] GC(7) Pause Init Mark (unload classes) 0.403ms
[2020-08-24T20:50:28.850+0000][31350][safepoint    ] Safepoint "ShenandoahInitMark", Time since last: 1608736227 ns, Reaching safepoint: 227264 ns, At safepoint: 425391 ns, Total: 652655 ns
[2020-08-24T20:50:28.850+0000][31350][gc,start     ] GC(7) Concurrent marking (unload classes)
[2020-08-24T20:50:28.850+0000][31350][gc,task      ] GC(7) Using 3 of 6 workers for concurrent marking
[2020-08-24T20:50:28.856+0000][31350][gc           ] GC(7) Concurrent marking (unload classes) 435M->448M(4096M) 5.932ms
[2020-08-24T20:50:28.856+0000][31350][gc,start     ] GC(7) Pause Final Mark (unload classes)
[2020-08-24T20:50:28.856+0000][31350][gc,task      ] GC(7) Using 6 of 6 workers for final marking
[2020-08-24T20:50:28.857+0000][31350][gc,ergo      ] GC(7) CSet Selection. Actual Free: 3932M, Max CSet: 2949M
[2020-08-24T20:50:28.857+0000][31350][gc,ergo      ] GC(7) Collectable Garbage: 131M (31% of total), 4880K CSet, 68 CSet regions
[2020-08-24T20:50:28.857+0000][31350][gc,ergo      ] GC(7) Immediate Garbage: 284M (68% of total), 142 regions
[2020-08-24T20:50:28.857+0000][31350][gc           ] GC(7) Pause Final Mark (unload classes) 0.466ms
[2020-08-24T20:50:28.857+0000][31350][safepoint    ] Safepoint "ShenandoahFinalMarkStartEvac", Time since last: 6024147 ns, Reaching safepoint: 121012 ns, At safepoint: 482347 ns, Total: 603359 ns
[2020-08-24T20:50:28.857+0000][31350][gc,start     ] GC(7) Concurrent roots processing
[2020-08-24T20:50:28.857+0000][31350][gc,task      ] GC(7) Using 3 of 6 workers for concurrent root processing
[2020-08-24T20:50:28.864+0000][31350][gc           ] GC(7) Concurrent roots processing 448M->469M(4096M) 6.811ms
[2020-08-24T20:50:28.864+0000][31350][gc,start     ] GC(7) Concurrent cleanup
[2020-08-24T20:50:28.864+0000][31350][gc           ] GC(7) Concurrent cleanup 469M->185M(4096M) 0.190ms
[2020-08-24T20:50:28.864+0000][31350][gc,ergo      ] GC(7) Free: 3708M (1855 regions), Max regular: 2048K, Max humongous: 3424M, External frag: 8%, Internal frag: 0%
[2020-08-24T20:50:28.864+0000][31350][gc,ergo      ] GC(7) Evacuation Reserve: 202M (101 regions), Max regular: 2048K
[2020-08-24T20:50:28.864+0000][31350][gc,start     ] GC(7) Concurrent evacuation
[2020-08-24T20:50:28.864+0000][31350][gc,task      ] GC(7) Using 3 of 6 workers for concurrent evacuation
[2020-08-24T20:50:28.865+0000][31350][gc           ] GC(7) Concurrent evacuation 185M->187M(4096M) 1.052ms
[2020-08-24T20:50:28.865+0000][31350][gc,start     ] GC(7) Pause Init Update Refs
[2020-08-24T20:50:28.865+0000][31350][gc           ] GC(7) Pause Init Update Refs 0.041ms
[2020-08-24T20:50:28.865+0000][31350][safepoint    ] Safepoint "ShenandoahInitUpdateRefs", Time since last: 8229396 ns, Reaching safepoint: 122760 ns, At safepoint: 55415 ns, Total: 178175 ns
[2020-08-24T20:50:28.865+0000][31350][gc,start     ] GC(7) Concurrent update references
[2020-08-24T20:50:28.865+0000][31350][gc,task      ] GC(7) Using 3 of 6 workers for concurrent reference update
[2020-08-24T20:50:28.870+0000][31350][gc           ] GC(7) Concurrent update references 189M->203M(4096M) 5.112ms
[2020-08-24T20:50:28.870+0000][31350][gc,start     ] GC(7) Pause Final Update Refs
[2020-08-24T20:50:28.870+0000][31350][gc,task      ] GC(7) Using 6 of 6 workers for final reference update
[2020-08-24T20:50:28.871+0000][31350][gc           ] GC(7) Pause Final Update Refs 0.118ms
[2020-08-24T20:50:28.871+0000][31350][safepoint    ] Safepoint "ShenandoahFinalUpdateRefs", Time since last: 5161847 ns, Reaching safepoint: 51691 ns, At safepoint: 132670 ns, Total: 184361 ns
[2020-08-24T20:50:28.871+0000][31350][gc,start     ] GC(7) Concurrent cleanup
[2020-08-24T20:50:28.871+0000][31350][gc           ] GC(7) Concurrent cleanup 203M->69M(4096M) 0.130ms
[2020-08-24T20:50:28.871+0000][31350][gc,ergo      ] Free: 3820M (1913 regions), Max regular: 2048K, Max humongous: 3428M, External frag: 11%, Internal frag: 0%
[2020-08-24T20:50:28.871+0000][31350][gc,ergo      ] Evacuation Reserve: 206M (103 regions), Max regular: 2048K
[2020-08-24T20:50:29.953+0000][31350][safepoint    ] Safepoint "Cleanup", Time since last: 1081947113 ns, Reaching safepoint: 86689 ns, At safepoint: 4060 ns, Total: 90749 ns
[2020-08-24T20:50:31.836+0000][31350][gc           ] Trigger: Allocated since last cycle (409M) is larger than allocation threshold (409M)
[2020-08-24T20:50:31.836+0000][31350][gc,ergo      ] Free: 3460M (1732 regions), Max regular: 2048K, Max humongous: 3428M, External frag: 1%, Internal frag: 0%
[2020-08-24T20:50:31.836+0000][31350][gc,ergo      ] Evacuation Reserve: 206M (103 regions), Max regular: 2048K
[2020-08-24T20:50:31.836+0000][31350][gc,start     ] GC(8) Concurrent reset
[2020-08-24T20:50:31.836+0000][31350][gc,task      ] GC(8) Using 3 of 6 workers for concurrent reset
[2020-08-24T20:50:31.836+0000][31350][gc           ] GC(8) Concurrent reset 429M->429M(4096M) 0.152ms
[2020-08-24T20:50:31.837+0000][31350][gc,start     ] GC(8) Pause Init Mark (unload classes)
[2020-08-24T20:50:31.837+0000][31350][gc,task      ] GC(8) Using 6 of 6 workers for init marking
[2020-08-24T20:50:31.837+0000][31350][gc           ] GC(8) Pause Init Mark (unload classes) 0.341ms
[2020-08-24T20:50:31.837+0000][31350][safepoint    ] Safepoint "ShenandoahInitMark", Time since last: 1883953440 ns, Reaching safepoint: 141278 ns, At safepoint: 356378 ns, Total: 497656 ns
[2020-08-24T20:50:31.837+0000][31350][gc,start     ] GC(8) Concurrent marking (unload classes)
[2020-08-24T20:50:31.837+0000][31350][gc,task      ] GC(8) Using 3 of 6 workers for concurrent marking
[2020-08-24T20:50:31.843+0000][31350][gc           ] GC(8) Concurrent marking (unload classes) 431M->443M(4096M) 5.885ms
[2020-08-24T20:50:31.843+0000][31350][gc,start     ] GC(8) Pause Final Mark (unload classes)
[2020-08-24T20:50:31.843+0000][31350][gc,task      ] GC(8) Using 6 of 6 workers for final marking
[2020-08-24T20:50:31.843+0000][31350][gc,ergo      ] GC(8) CSet Selection. Actual Free: 3979M, Max CSet: 2984M
[2020-08-24T20:50:31.843+0000][31350][gc,ergo      ] GC(8) Collectable Garbage: 85190K (20% of total), 4921K CSet, 44 CSet regions
[2020-08-24T20:50:31.843+0000][31350][gc,ergo      ] GC(8) Immediate Garbage: 327M (79% of total), 164 regions
[2020-08-24T20:50:31.844+0000][31350][gc           ] GC(8) Pause Final Mark (unload classes) 0.625ms
[2020-08-24T20:50:31.844+0000][31350][safepoint    ] Safepoint "ShenandoahFinalMarkStartEvac", Time since last: 5945977 ns, Reaching safepoint: 112478 ns, At safepoint: 639896 ns, Total: 752374 ns
[2020-08-24T20:50:31.844+0000][31350][gc,start     ] GC(8) Concurrent roots processing
[2020-08-24T20:50:31.844+0000][31350][gc,task      ] GC(8) Using 3 of 6 workers for concurrent root processing
[2020-08-24T20:50:31.850+0000][31350][gc           ] GC(8) Concurrent roots processing 446M->464M(4096M) 5.970ms
[2020-08-24T20:50:31.850+0000][31350][gc,start     ] GC(8) Concurrent cleanup
[2020-08-24T20:50:31.850+0000][31350][gc           ] GC(8) Concurrent cleanup 464M->136M(4096M) 0.141ms
[2020-08-24T20:50:31.850+0000][31350][gc,ergo      ] GC(8) Free: 3758M (1880 regions), Max regular: 2048K, Max humongous: 3430M, External frag: 9%, Internal frag: 0%
[2020-08-24T20:50:31.850+0000][31350][gc,ergo      ] GC(8) Evacuation Reserve: 200M (101 regions), Max regular: 2048K
[2020-08-24T20:50:31.850+0000][31350][gc,start     ] GC(8) Concurrent evacuation
[2020-08-24T20:50:31.850+0000][31350][gc,task      ] GC(8) Using 3 of 6 workers for concurrent evacuation
[2020-08-24T20:50:31.851+0000][31350][gc           ] GC(8) Concurrent evacuation 136M->138M(4096M) 1.146ms
[2020-08-24T20:50:31.851+0000][31350][gc,start     ] GC(8) Pause Init Update Refs
[2020-08-24T20:50:31.851+0000][31350][gc           ] GC(8) Pause Init Update Refs 0.032ms
[2020-08-24T20:50:31.851+0000][31350][safepoint    ] Safepoint "ShenandoahInitUpdateRefs", Time since last: 7365209 ns, Reaching safepoint: 139936 ns, At safepoint: 47500 ns, Total: 187436 ns
[2020-08-24T20:50:31.851+0000][31350][gc,start     ] GC(8) Concurrent update references
[2020-08-24T20:50:31.851+0000][31350][gc,task      ] GC(8) Using 3 of 6 workers for concurrent reference update
[2020-08-24T20:50:31.857+0000][31350][gc           ] GC(8) Concurrent update references 140M->156M(4096M) 5.201ms
[2020-08-24T20:50:31.857+0000][31350][gc,start     ] GC(8) Pause Final Update Refs
[2020-08-24T20:50:31.857+0000][31350][gc,task      ] GC(8) Using 6 of 6 workers for final reference update
[2020-08-24T20:50:31.857+0000][31350][gc           ] GC(8) Pause Final Update Refs 0.160ms
[2020-08-24T20:50:31.857+0000][31350][safepoint    ] Safepoint "ShenandoahFinalUpdateRefs", Time since last: 5325988 ns, Reaching safepoint: 109994 ns, At safepoint: 175508 ns, Total: 285502 ns
[2020-08-24T20:50:31.857+0000][31350][gc,start     ] GC(8) Concurrent cleanup
[2020-08-24T20:50:31.857+0000][31350][gc           ] GC(8) Concurrent cleanup 156M->68M(4096M) 0.110ms
[2020-08-24T20:50:31.857+0000][31350][gc,ergo      ] Free: 3821M (1913 regions), Max regular: 2048K, Max humongous: 3460M, External frag: 10%, Internal frag: 0%
[2020-08-24T20:50:31.857+0000][31350][gc,ergo      ] Evacuation Reserve: 206M (103 regions), Max regular: 2048K
[2020-08-24T20:50:32.857+0000][31350][safepoint    ] Safepoint "Cleanup", Time since last: 1000063595 ns, Reaching safepoint: 58153 ns, At safepoint: 3638 ns, Total: 61791 ns
[2020-08-24T20:50:33.857+0000][31350][safepoint    ] Safepoint "Cleanup", Time since last: 1000078999 ns, Reaching safepoint: 112788 ns, At safepoint: 2822 ns, Total: 115610 ns
[2020-08-24T20:50:34.841+0000][31350][gc           ] Trigger: Allocated since last cycle (410M) is larger than allocation threshold (409M)
[2020-08-24T20:50:34.841+0000][31350][gc,ergo      ] Free: 3459M (1731 regions), Max regular: 2048K, Max humongous: 3458M, External frag: 1%, Internal frag: 0%
[2020-08-24T20:50:34.841+0000][31350][gc,ergo      ] Evacuation Reserve: 206M (103 regions), Max regular: 2048K
[2020-08-24T20:50:34.841+0000][31350][gc,start     ] GC(9) Concurrent reset
[2020-08-24T20:50:34.841+0000][31350][gc,task      ] GC(9) Using 3 of 6 workers for concurrent reset
[2020-08-24T20:50:34.841+0000][31350][gc           ] GC(9) Concurrent reset 430M->430M(4096M) 0.160ms
[2020-08-24T20:50:34.842+0000][31350][gc,start     ] GC(9) Pause Init Mark (unload classes)
[2020-08-24T20:50:34.842+0000][31350][gc,task      ] GC(9) Using 6 of 6 workers for init marking
[2020-08-24T20:50:34.842+0000][31350][gc           ] GC(9) Pause Init Mark (unload classes) 0.428ms
[2020-08-24T20:50:34.842+0000][31350][safepoint    ] Safepoint "ShenandoahInitMark", Time since last: 984309785 ns, Reaching safepoint: 153497 ns, At safepoint: 448998 ns, Total: 602495 ns
[2020-08-24T20:50:34.842+0000][31350][gc,start     ] GC(9) Concurrent marking (unload classes)
[2020-08-24T20:50:34.842+0000][31350][gc,task      ] GC(9) Using 3 of 6 workers for concurrent marking
[2020-08-24T20:50:34.849+0000][31350][gc           ] GC(9) Concurrent marking (unload classes) 431M->446M(4096M) 7.184ms
[2020-08-24T20:50:34.849+0000][31350][gc,start     ] GC(9) Pause Final Mark (unload classes)
[2020-08-24T20:50:34.849+0000][31350][gc,task      ] GC(9) Using 6 of 6 workers for final marking
[2020-08-24T20:50:34.850+0000][31350][gc,ergo      ] GC(9) CSet Selection. Actual Free: 3994M, Max CSet: 2995M
[2020-08-24T20:50:34.850+0000][31350][gc,ergo      ] GC(9) Collectable Garbage: 67713K (16% of total), 3966K CSet, 35 CSet regions
[2020-08-24T20:50:34.850+0000][31350][gc,ergo      ] GC(9) Immediate Garbage: 346M (83% of total), 173 regions
[2020-08-24T20:50:34.850+0000][31350][gc           ] GC(9) Pause Final Mark (unload classes) 0.536ms
[2020-08-24T20:50:34.850+0000][31350][safepoint    ] Safepoint "ShenandoahFinalMarkStartEvac", Time since last: 7232102 ns, Reaching safepoint: 115772 ns, At safepoint: 577242 ns, Total: 693014 ns
[2020-08-24T20:50:34.850+0000][31350][gc,start     ] GC(9) Concurrent roots processing
[2020-08-24T20:50:34.850+0000][31350][gc,task      ] GC(9) Using 3 of 6 workers for concurrent root processing
[2020-08-24T20:50:34.856+0000][31350][gc           ] GC(9) Concurrent roots processing 447M->466M(4096M) 5.498ms
[2020-08-24T20:50:34.856+0000][31350][gc,start     ] GC(9) Concurrent cleanup
[2020-08-24T20:50:34.856+0000][31350][gc           ] GC(9) Concurrent cleanup 466M->120M(4096M) 0.164ms
[2020-08-24T20:50:34.856+0000][31350][gc,ergo      ] GC(9) Free: 3773M (1888 regions), Max regular: 2048K, Max humongous: 3426M, External frag: 10%, Internal frag: 0%
[2020-08-24T20:50:34.856+0000][31350][gc,ergo      ] GC(9) Evacuation Reserve: 202M (101 regions), Max regular: 2048K
[2020-08-24T20:50:34.856+0000][31350][gc,start     ] GC(9) Concurrent evacuation
[2020-08-24T20:50:34.856+0000][31350][gc,task      ] GC(9) Using 3 of 6 workers for concurrent evacuation
[2020-08-24T20:50:34.857+0000][31350][gc           ] GC(9) Concurrent evacuation 120M->122M(4096M) 0.698ms
[2020-08-24T20:50:34.857+0000][31350][gc,start     ] GC(9) Pause Init Update Refs
[2020-08-24T20:50:34.857+0000][31350][gc           ] GC(9) Pause Init Update Refs 0.029ms
[2020-08-24T20:50:34.857+0000][31350][safepoint    ] Safepoint "ShenandoahInitUpdateRefs", Time since last: 6534344 ns, Reaching safepoint: 105748 ns, At safepoint: 42882 ns, Total: 148630 ns
[2020-08-24T20:50:34.857+0000][31350][gc,start     ] GC(9) Concurrent update references
[2020-08-24T20:50:34.857+0000][31350][gc,task      ] GC(9) Using 3 of 6 workers for concurrent reference update
[2020-08-24T20:50:34.864+0000][31350][gc           ] GC(9) Concurrent update references 126M->140M(4096M) 7.714ms
[2020-08-24T20:50:34.865+0000][31350][gc,start     ] GC(9) Pause Final Update Refs
[2020-08-24T20:50:34.865+0000][31350][gc,task      ] GC(9) Using 6 of 6 workers for final reference update
[2020-08-24T20:50:34.865+0000][31350][gc           ] GC(9) Pause Final Update Refs 0.135ms
[2020-08-24T20:50:34.865+0000][31350][safepoint    ] Safepoint "ShenandoahFinalUpdateRefs", Time since last: 7799845 ns, Reaching safepoint: 133397 ns, At safepoint: 151356 ns, Total: 284753 ns
[2020-08-24T20:50:34.865+0000][31350][gc,start     ] GC(9) Concurrent cleanup
[2020-08-24T20:50:34.865+0000][31350][gc           ] GC(9) Concurrent cleanup 140M->70M(4096M) 0.113ms
[2020-08-24T20:50:34.865+0000][31350][gc,ergo      ] Free: 3819M (1912 regions), Max regular: 2048K, Max humongous: 3426M, External frag: 11%, Internal frag: 0%
[2020-08-24T20:50:34.865+0000][31350][gc,ergo      ] Evacuation Reserve: 206M (103 regions), Max regular: 2048K
[2020-08-24T20:50:35.865+0000][31350][safepoint    ] Safepoint "Cleanup", Time since last: 1000071664 ns, Reaching safepoint: 108793 ns, At safepoint: 3489 ns, Total: 112282 ns
[2020-08-24T20:50:36.919+0000][31350][safepoint    ] Safepoint "Cleanup", Time since last: 1053737972 ns, Reaching safepoint: 118516 ns, At safepoint: 2553 ns, Total: 121069 ns
[2020-08-24T20:50:37.919+0000][31350][safepoint    ] Safepoint "Cleanup", Time since last: 1000163752 ns, Reaching safepoint: 184473 ns, At safepoint: 20133 ns, Total: 204606 ns
[2020-08-24T20:50:37.968+0000][31350][gc           ] Trigger: Allocated since last cycle (409M) is larger than allocation threshold (409M)
[2020-08-24T20:50:37.968+0000][31350][gc,ergo      ] Free: 3459M (1733 regions), Max regular: 2048K, Max humongous: 3426M, External frag: 1%, Internal frag: 0%
[2020-08-24T20:50:37.968+0000][31350][gc,ergo      ] Evacuation Reserve: 206M (103 regions), Max regular: 2048K
[2020-08-24T20:50:37.968+0000][31350][gc,start     ] GC(10) Concurrent reset
[2020-08-24T20:50:37.968+0000][31350][gc,task      ] GC(10) Using 3 of 6 workers for concurrent reset
[2020-08-24T20:50:37.969+0000][31350][gc           ] GC(10) Concurrent reset 430M->430M(4096M) 0.225ms
[2020-08-24T20:50:37.969+0000][31350][gc,start     ] GC(10) Pause Init Mark (process weakrefs) (unload classes)
[2020-08-24T20:50:37.969+0000][31350][gc,task      ] GC(10) Using 6 of 6 workers for init marking
[2020-08-24T20:50:37.969+0000][31350][gc           ] GC(10) Pause Init Mark (process weakrefs) (unload classes) 0.443ms
[2020-08-24T20:50:37.969+0000][31350][safepoint    ] Safepoint "ShenandoahInitMark", Time since last: 49423312 ns, Reaching safepoint: 70006 ns, At safepoint: 480956 ns, Total: 550962 ns
[2020-08-24T20:50:37.969+0000][31350][gc,start     ] GC(10) Concurrent marking (process weakrefs) (unload classes)
[2020-08-24T20:50:37.969+0000][31350][gc,task      ] GC(10) Using 3 of 6 workers for concurrent marking
[2020-08-24T20:50:37.978+0000][31350][gc           ] GC(10) Concurrent marking (process weakrefs) (unload classes) 432M->446M(4096M) 8.501ms
[2020-08-24T20:50:37.978+0000][31350][gc,start     ] GC(10) Concurrent precleaning
[2020-08-24T20:50:37.978+0000][31350][gc,task      ] GC(10) Using 1 of 6 workers for concurrent preclean
[2020-08-24T20:50:37.978+0000][31350][gc           ] GC(10) Concurrent precleaning 446M->446M(4096M) 0.379ms
[2020-08-24T20:50:37.978+0000][31350][gc,start     ] GC(10) Pause Final Mark (process weakrefs) (unload classes)
[2020-08-24T20:50:37.978+0000][31350][gc,task      ] GC(10) Using 6 of 6 workers for final marking
[2020-08-24T20:50:37.979+0000][31350][gc,ergo      ] GC(10) CSet Selection. Actual Free: 3993M, Max CSet: 2995M
[2020-08-24T20:50:37.979+0000][31350][gc,ergo      ] GC(10) Collectable Garbage: 67225K (15% of total), 3938K CSet, 35 CSet regions
[2020-08-24T20:50:37.979+0000][31350][gc,ergo      ] GC(10) Immediate Garbage: 345M (83% of total), 173 regions
[2020-08-24T20:50:37.979+0000][31350][gc           ] GC(10) Pause Final Mark (process weakrefs) (unload classes) 0.718ms
[2020-08-24T20:50:37.979+0000][31350][safepoint    ] Safepoint "ShenandoahFinalMarkStartEvac", Time since last: 9025815 ns, Reaching safepoint: 143212 ns, At safepoint: 735825 ns, Total: 879037 ns
[2020-08-24T20:50:37.979+0000][31350][gc,start     ] GC(10) Concurrent roots processing
[2020-08-24T20:50:37.979+0000][31350][gc,task      ] GC(10) Using 3 of 6 workers for concurrent root processing
[2020-08-24T20:50:37.985+0000][31350][gc           ] GC(10) Concurrent roots processing 448M->466M(4096M) 5.744ms
[2020-08-24T20:50:37.985+0000][31350][gc,start     ] GC(10) Concurrent cleanup
[2020-08-24T20:50:37.985+0000][31350][gc           ] GC(10) Concurrent cleanup 466M->120M(4096M) 0.176ms
[2020-08-24T20:50:37.985+0000][31350][gc,ergo      ] GC(10) Free: 3772M (1887 regions), Max regular: 2048K, Max humongous: 3430M, External frag: 10%, Internal frag: 0%
[2020-08-24T20:50:37.985+0000][31350][gc,ergo      ] GC(10) Evacuation Reserve: 202M (101 regions), Max regular: 2048K
[2020-08-24T20:50:37.985+0000][31350][gc,start     ] GC(10) Concurrent evacuation
[2020-08-24T20:50:37.985+0000][31350][gc,task      ] GC(10) Using 3 of 6 workers for concurrent evacuation
[2020-08-24T20:50:37.986+0000][31350][gc           ] GC(10) Concurrent evacuation 120M->121M(4096M) 0.635ms
[2020-08-24T20:50:37.986+0000][31350][gc,start     ] GC(10) Pause Init Update Refs
[2020-08-24T20:50:37.986+0000][31350][gc           ] GC(10) Pause Init Update Refs 0.036ms
[2020-08-24T20:50:37.986+0000][31350][safepoint    ] Safepoint "ShenandoahInitUpdateRefs", Time since last: 6756693 ns, Reaching safepoint: 136461 ns, At safepoint: 49095 ns, Total: 185556 ns
[2020-08-24T20:50:37.986+0000][31350][gc,start     ] GC(10) Concurrent update references
[2020-08-24T20:50:37.986+0000][31350][gc,task      ] GC(10) Using 3 of 6 workers for concurrent reference update
[2020-08-24T20:50:37.991+0000][31350][gc           ] GC(10) Concurrent update references 121M->135M(4096M) 5.029ms
[2020-08-24T20:50:37.991+0000][31350][gc,start     ] GC(10) Pause Final Update Refs
[2020-08-24T20:50:37.991+0000][31350][gc,task      ] GC(10) Using 6 of 6 workers for final reference update
[2020-08-24T20:50:37.991+0000][31350][gc           ] GC(10) Pause Final Update Refs 0.180ms
[2020-08-24T20:50:37.991+0000][31350][safepoint    ] Safepoint "ShenandoahFinalUpdateRefs", Time since last: 5092120 ns, Reaching safepoint: 153334 ns, At safepoint: 201228 ns, Total: 354562 ns
[2020-08-24T20:50:37.991+0000][31350][gc,start     ] GC(10) Concurrent cleanup
[2020-08-24T20:50:37.992+0000][31350][gc           ] GC(10) Concurrent cleanup 135M->66M(4096M) 0.113ms
[2020-08-24T20:50:37.992+0000][31350][gc,ergo      ] Free: 3823M (1913 regions), Max regular: 2048K, Max humongous: 3456M, External frag: 10%, Internal frag: 0%
[2020-08-24T20:50:37.992+0000][31350][gc,ergo      ] Evacuation Reserve: 206M (103 regions), Max regular: 2048K
[2020-08-24T20:50:38.992+0000][31350][safepoint    ] Safepoint "Cleanup", Time since last: 1000104460 ns, Reaching safepoint: 157602 ns, At safepoint: 5592 ns, Total: 163194 ns
[2020-08-24T20:50:39.992+0000][31350][safepoint    ] Safepoint "Cleanup", Time since last: 1000124656 ns, Reaching safepoint: 305717 ns, At safepoint: 34005 ns, Total: 339722 ns
[2020-08-24T20:50:40.963+0000][31350][gc           ] Trigger: Allocated since last cycle (409M) is larger than allocation threshold (409M)
[2020-08-24T20:50:40.963+0000][31350][gc,ergo      ] Free: 3459M (1732 regions), Max regular: 2048K, Max humongous: 3456M, External frag: 1%, Internal frag: 0%
[2020-08-24T20:50:40.963+0000][31350][gc,ergo      ] Evacuation Reserve: 206M (103 regions), Max regular: 2048K
[2020-08-24T20:50:40.963+0000][31350][gc,start     ] GC(11) Concurrent reset
[2020-08-24T20:50:40.963+0000][31350][gc,task      ] GC(11) Using 3 of 6 workers for concurrent reset
[2020-08-24T20:50:40.963+0000][31350][gc           ] GC(11) Concurrent reset 430M->430M(4096M) 0.239ms
[2020-08-24T20:50:40.963+0000][31350][gc,start     ] GC(11) Pause Init Mark (unload classes)
[2020-08-24T20:50:40.963+0000][31350][gc,task      ] GC(11) Using 6 of 6 workers for init marking
[2020-08-24T20:50:40.964+0000][31350][gc           ] GC(11) Pause Init Mark (unload classes) 0.353ms
[2020-08-24T20:50:40.964+0000][31350][safepoint    ] Safepoint "ShenandoahInitMark", Time since last: 970870823 ns, Reaching safepoint: 166215 ns, At safepoint: 370187 ns, Total: 536402 ns
[2020-08-24T20:50:40.964+0000][31350][gc,start     ] GC(11) Concurrent marking (unload classes)
[2020-08-24T20:50:40.964+0000][31350][gc,task      ] GC(11) Using 3 of 6 workers for concurrent marking
[2020-08-24T20:50:40.970+0000][31350][gc           ] GC(11) Concurrent marking (unload classes) 430M->444M(4096M) 6.767ms
[2020-08-24T20:50:40.971+0000][31350][gc,start     ] GC(11) Pause Final Mark (unload classes)
[2020-08-24T20:50:40.971+0000][31350][gc,task      ] GC(11) Using 6 of 6 workers for final marking
[2020-08-24T20:50:40.971+0000][31350][gc,ergo      ] GC(11) CSet Selection. Actual Free: 3996M, Max CSet: 2997M
[2020-08-24T20:50:40.971+0000][31350][gc,ergo      ] GC(11) Collectable Garbage: 66774K (15% of total), 4002K CSet, 35 CSet regions
[2020-08-24T20:50:40.971+0000][31350][gc,ergo      ] GC(11) Immediate Garbage: 346M (84% of total), 173 regions
[2020-08-24T20:50:40.971+0000][31350][gc           ] GC(11) Pause Final Mark (unload classes) 0.422ms
[2020-08-24T20:50:40.971+0000][31350][safepoint    ] Safepoint "ShenandoahFinalMarkStartEvac", Time since last: 6867707 ns, Reaching safepoint: 66474 ns, At safepoint: 437774 ns, Total: 504248 ns
[2020-08-24T20:50:40.971+0000][31350][gc,start     ] GC(11) Concurrent roots processing
[2020-08-24T20:50:40.971+0000][31350][gc,task      ] GC(11) Using 3 of 6 workers for concurrent root processing
[2020-08-24T20:50:40.977+0000][31350][gc           ] GC(11) Concurrent roots processing 446M->462M(4096M) 5.604ms
[2020-08-24T20:50:40.977+0000][31350][gc,start     ] GC(11) Concurrent cleanup
[2020-08-24T20:50:40.977+0000][31350][gc           ] GC(11) Concurrent cleanup 462M->116M(4096M) 0.139ms
[2020-08-24T20:50:40.977+0000][31350][gc,ergo      ] GC(11) Free: 3776M (1889 regions), Max regular: 2048K, Max humongous: 3428M, External frag: 10%, Internal frag: 0%
[2020-08-24T20:50:40.977+0000][31350][gc,ergo      ] GC(11) Evacuation Reserve: 202M (101 regions), Max regular: 2048K
[2020-08-24T20:50:40.977+0000][31350][gc,start     ] GC(11) Concurrent evacuation
[2020-08-24T20:50:40.977+0000][31350][gc,task      ] GC(11) Using 3 of 6 workers for concurrent evacuation
[2020-08-24T20:50:40.977+0000][31350][gc           ] GC(11) Concurrent evacuation 116M->117M(4096M) 0.674ms
[2020-08-24T20:50:40.978+0000][31350][gc,start     ] GC(11) Pause Init Update Refs
[2020-08-24T20:50:40.978+0000][31350][gc           ] GC(11) Pause Init Update Refs 0.033ms
[2020-08-24T20:50:40.978+0000][31350][safepoint    ] Safepoint "ShenandoahInitUpdateRefs", Time since last: 6542119 ns, Reaching safepoint: 115538 ns, At safepoint: 46810 ns, Total: 162348 ns
[2020-08-24T20:50:40.978+0000][31350][gc,start     ] GC(11) Concurrent update references
[2020-08-24T20:50:40.978+0000][31350][gc,task      ] GC(11) Using 3 of 6 workers for concurrent reference update
[2020-08-24T20:50:40.983+0000][31350][gc           ] GC(11) Concurrent update references 119M->133M(4096M) 5.548ms
[2020-08-24T20:50:40.983+0000][31350][gc,start     ] GC(11) Pause Final Update Refs
[2020-08-24T20:50:40.983+0000][31350][gc,task      ] GC(11) Using 6 of 6 workers for final reference update
[2020-08-24T20:50:40.984+0000][31350][gc           ] GC(11) Pause Final Update Refs 0.098ms
[2020-08-24T20:50:40.984+0000][31350][safepoint    ] Safepoint "ShenandoahFinalUpdateRefs", Time since last: 5672938 ns, Reaching safepoint: 81966 ns, At safepoint: 113490 ns, Total: 195456 ns
[2020-08-24T20:50:40.984+0000][31350][gc,start     ] GC(11) Concurrent cleanup
[2020-08-24T20:50:40.984+0000][31350][gc           ] GC(11) Concurrent cleanup 133M->64M(4096M) 0.147ms
[2020-08-24T20:50:40.984+0000][31350][gc,ergo      ] Free: 3825M (1914 regions), Max regular: 2048K, Max humongous: 3428M, External frag: 11%, Internal frag: 0%
[2020-08-24T20:50:40.984+0000][31350][gc,ergo      ] Evacuation Reserve: 206M (103 regions), Max regular: 2048K
[2020-08-24T20:50:41.984+0000][31350][safepoint    ] Safepoint "Cleanup", Time since last: 1000064124 ns, Reaching safepoint: 84031 ns, At safepoint: 5627 ns, Total: 89658 ns
[2020-08-24T20:50:42.984+0000][31350][safepoint    ] Safepoint "Cleanup", Time since last: 1000160889 ns, Reaching safepoint: 224930 ns, At safepoint: 24461 ns, Total: 249391 ns
[2020-08-24T20:50:43.860+0000][31350][gc           ] Trigger: Allocated since last cycle (409M) is larger than allocation threshold (409M)
[2020-08-24T20:50:43.860+0000][31350][gc,ergo      ] Free: 3459M (1732 regions), Max regular: 2048K, Max humongous: 3428M, External frag: 1%, Internal frag: 0%
[2020-08-24T20:50:43.860+0000][31350][gc,ergo      ] Evacuation Reserve: 206M (103 regions), Max regular: 2048K
[2020-08-24T20:50:43.860+0000][31350][gc,start     ] GC(12) Concurrent reset
[2020-08-24T20:50:43.860+0000][31350][gc,task      ] GC(12) Using 3 of 6 workers for concurrent reset
[2020-08-24T20:50:43.860+0000][31350][gc           ] GC(12) Concurrent reset 430M->430M(4096M) 0.338ms
[2020-08-24T20:50:43.861+0000][31350][gc,start     ] GC(12) Pause Init Mark (unload classes)
[2020-08-24T20:50:43.861+0000][31350][gc,task      ] GC(12) Using 6 of 6 workers for init marking
[2020-08-24T20:50:43.861+0000][31350][gc           ] GC(12) Pause Init Mark (unload classes) 0.643ms
[2020-08-24T20:50:43.861+0000][31350][safepoint    ] Safepoint "ShenandoahInitMark", Time since last: 876313021 ns, Reaching safepoint: 163589 ns, At safepoint: 674214 ns, Total: 837803 ns
[2020-08-24T20:50:43.861+0000][31350][gc,start     ] GC(12) Concurrent marking (unload classes)
[2020-08-24T20:50:43.861+0000][31350][gc,task      ] GC(12) Using 3 of 6 workers for concurrent marking
[2020-08-24T20:50:43.868+0000][31350][gc           ] GC(12) Concurrent marking (unload classes) 430M->450M(4096M) 7.134ms
[2020-08-24T20:50:43.869+0000][31350][gc,start     ] GC(12) Pause Final Mark (unload classes)
[2020-08-24T20:50:43.869+0000][31350][gc,task      ] GC(12) Using 6 of 6 workers for final marking
[2020-08-24T20:50:43.869+0000][31350][gc,ergo      ] GC(12) CSet Selection. Actual Free: 4008M, Max CSet: 3006M
[2020-08-24T20:50:43.869+0000][31350][gc,ergo      ] GC(12) Collectable Garbage: 48388K (11% of total), 4018K CSet, 26 CSet regions
[2020-08-24T20:50:43.869+0000][31350][gc,ergo      ] GC(12) Immediate Garbage: 364M (88% of total), 182 regions
[2020-08-24T20:50:43.870+0000][31350][gc           ] GC(12) Pause Final Mark (unload classes) 1.116ms
[2020-08-24T20:50:43.870+0000][31350][safepoint    ] Safepoint "ShenandoahFinalMarkStartEvac", Time since last: 7217422 ns, Reaching safepoint: 142389 ns, At safepoint: 1170090 ns, Total: 1312479 ns
[2020-08-24T20:50:43.870+0000][31350][gc,start     ] GC(12) Concurrent roots processing
[2020-08-24T20:50:43.870+0000][31350][gc,task      ] GC(12) Using 3 of 6 workers for concurrent root processing
[2020-08-24T20:50:43.881+0000][31350][gc           ] GC(12) Concurrent roots processing 450M->470M(4096M) 10.652ms
[2020-08-24T20:50:43.881+0000][31350][gc,start     ] GC(12) Concurrent cleanup
[2020-08-24T20:50:43.881+0000][31350][gc           ] GC(12) Concurrent cleanup 470M->106M(4096M) 0.272ms
[2020-08-24T20:50:43.881+0000][31350][gc,ergo      ] GC(12) Free: 3786M (1894 regions), Max regular: 2048K, Max humongous: 3420M, External frag: 10%, Internal frag: 0%
[2020-08-24T20:50:43.881+0000][31350][gc,ergo      ] GC(12) Evacuation Reserve: 202M (101 regions), Max regular: 2048K
[2020-08-24T20:50:43.881+0000][31350][gc,start     ] GC(12) Concurrent evacuation
[2020-08-24T20:50:43.881+0000][31350][gc,task      ] GC(12) Using 3 of 6 workers for concurrent evacuation
[2020-08-24T20:50:43.882+0000][31350][gc           ] GC(12) Concurrent evacuation 106M->107M(4096M) 1.191ms
[2020-08-24T20:50:43.882+0000][31350][gc,start     ] GC(12) Pause Init Update Refs
[2020-08-24T20:50:43.882+0000][31350][gc           ] GC(12) Pause Init Update Refs 0.056ms
[2020-08-24T20:50:43.882+0000][31350][safepoint    ] Safepoint "ShenandoahInitUpdateRefs", Time since last: 12381912 ns, Reaching safepoint: 133848 ns, At safepoint: 73538 ns, Total: 207386 ns
[2020-08-24T20:50:43.882+0000][31350][gc,start     ] GC(12) Concurrent update references
[2020-08-24T20:50:43.882+0000][31350][gc,task      ] GC(12) Using 3 of 6 workers for concurrent reference update
[2020-08-24T20:50:43.894+0000][31350][gc           ] GC(12) Concurrent update references 109M->125M(4096M) 11.133ms
[2020-08-24T20:50:43.894+0000][31350][gc,start     ] GC(12) Pause Final Update Refs
[2020-08-24T20:50:43.894+0000][31350][gc,task      ] GC(12) Using 6 of 6 workers for final reference update
[2020-08-24T20:50:43.894+0000][31350][gc           ] GC(12) Pause Final Update Refs 0.478ms
[2020-08-24T20:50:43.895+0000][31350][safepoint    ] Safepoint "ShenandoahFinalUpdateRefs", Time since last: 11312659 ns, Reaching safepoint: 274874 ns, At safepoint: 524413 ns, Total: 799287 ns
[2020-08-24T20:50:43.895+0000][31350][gc,start     ] GC(12) Concurrent cleanup
[2020-08-24T20:50:43.895+0000][31350][gc           ] GC(12) Concurrent cleanup 125M->74M(4096M) 0.250ms
[2020-08-24T20:50:43.895+0000][31350][gc,ergo      ] Free: 3815M (1909 regions), Max regular: 2048K, Max humongous: 3420M, External frag: 11%, Internal frag: 0%
[2020-08-24T20:50:43.895+0000][31350][gc,ergo      ] Evacuation Reserve: 206M (103 regions), Max regular: 2048K
[2020-08-24T20:50:44.895+0000][31350][safepoint    ] Safepoint "Cleanup", Time since last: 1000090539 ns, Reaching safepoint: 370784 ns, At safepoint: 37516 ns, Total: 408300 ns
[2020-08-24T20:50:45.896+0000][31350][safepoint    ] Safepoint "Cleanup", Time since last: 1000185254 ns, Reaching safepoint: 364376 ns, At safepoint: 47008 ns, Total: 411384 ns
[2020-08-24T20:50:46.834+0000][31350][gc           ] Trigger: Allocated since last cycle (410M) is larger than allocation threshold (409M)
[2020-08-24T20:50:46.834+0000][31350][gc,ergo      ] Free: 3459M (1732 regions), Max regular: 2048K, Max humongous: 3420M, External frag: 2%, Internal frag: 0%
[2020-08-24T20:50:46.834+0000][31350][gc,ergo      ] Evacuation Reserve: 206M (103 regions), Max regular: 2048K
[2020-08-24T20:50:46.834+0000][31350][gc,start     ] GC(13) Concurrent reset
[2020-08-24T20:50:46.834+0000][31350][gc,task      ] GC(13) Using 3 of 6 workers for concurrent reset
[2020-08-24T20:50:46.835+0000][31350][gc           ] GC(13) Concurrent reset 430M->430M(4096M) 0.113ms
[2020-08-24T20:50:46.835+0000][31350][gc,start     ] GC(13) Pause Init Mark (unload classes)
[2020-08-24T20:50:46.835+0000][31350][gc,task      ] GC(13) Using 6 of 6 workers for init marking
[2020-08-24T20:50:46.835+0000][31350][gc           ] GC(13) Pause Init Mark (unload classes) 0.370ms
[2020-08-24T20:50:46.835+0000][31350][safepoint    ] Safepoint "ShenandoahInitMark", Time since last: 938962581 ns, Reaching safepoint: 91096 ns, At safepoint: 391624 ns, Total: 482720 ns
[2020-08-24T20:50:46.835+0000][31350][gc,start     ] GC(13) Concurrent marking (unload classes)
[2020-08-24T20:50:46.835+0000][31350][gc,task      ] GC(13) Using 3 of 6 workers for concurrent marking
[2020-08-24T20:50:46.841+0000][31350][gc           ] GC(13) Concurrent marking (unload classes) 430M->446M(4096M) 5.704ms
[2020-08-24T20:50:46.841+0000][31350][gc,start     ] GC(13) Pause Final Mark (unload classes)
[2020-08-24T20:50:46.841+0000][31350][gc,task      ] GC(13) Using 6 of 6 workers for final marking
[2020-08-24T20:50:46.841+0000][31350][gc,ergo      ] GC(13) CSet Selection. Actual Free: 4004M, Max CSet: 3003M
[2020-08-24T20:50:46.841+0000][31350][gc,ergo      ] GC(13) Collectable Garbage: 56684K (13% of total), 3997K CSet, 30 CSet regions
[2020-08-24T20:50:46.841+0000][31350][gc,ergo      ] GC(13) Immediate Garbage: 356M (86% of total), 178 regions
[2020-08-24T20:50:46.841+0000][31350][gc           ] GC(13) Pause Final Mark (unload classes) 0.466ms
[2020-08-24T20:50:46.841+0000][31350][safepoint    ] Safepoint "ShenandoahFinalMarkStartEvac", Time since last: 5753617 ns, Reaching safepoint: 42556 ns, At safepoint: 487243 ns, Total: 529799 ns
[2020-08-24T20:50:46.841+0000][31350][gc,start     ] GC(13) Concurrent roots processing
[2020-08-24T20:50:46.841+0000][31350][gc,task      ] GC(13) Using 3 of 6 workers for concurrent root processing
[2020-08-24T20:50:46.848+0000][31350][gc           ] GC(13) Concurrent roots processing 446M->468M(4096M) 6.243ms
[2020-08-24T20:50:46.848+0000][31350][gc,start     ] GC(13) Concurrent cleanup
[2020-08-24T20:50:46.848+0000][31350][gc           ] GC(13) Concurrent cleanup 468M->112M(4096M) 0.156ms
[2020-08-24T20:50:46.848+0000][31350][gc,ergo      ] GC(13) Free: 3781M (1892 regions), Max regular: 2048K, Max humongous: 3432M, External frag: 10%, Internal frag: 0%
[2020-08-24T20:50:46.848+0000][31350][gc,ergo      ] GC(13) Evacuation Reserve: 202M (101 regions), Max regular: 2048K
[2020-08-24T20:50:46.848+0000][31350][gc,start     ] GC(13) Concurrent evacuation
[2020-08-24T20:50:46.848+0000][31350][gc,task      ] GC(13) Using 3 of 6 workers for concurrent evacuation
[2020-08-24T20:50:46.848+0000][31350][gc           ] GC(13) Concurrent evacuation 112M->113M(4096M) 0.624ms
[2020-08-24T20:50:46.849+0000][31350][gc,start     ] GC(13) Pause Init Update Refs
[2020-08-24T20:50:46.849+0000][31350][gc           ] GC(13) Pause Init Update Refs 0.040ms
[2020-08-24T20:50:46.849+0000][31350][safepoint    ] Safepoint "ShenandoahInitUpdateRefs", Time since last: 7148090 ns, Reaching safepoint: 107747 ns, At safepoint: 54561 ns, Total: 162308 ns
[2020-08-24T20:50:46.849+0000][31350][gc,start     ] GC(13) Concurrent update references
[2020-08-24T20:50:46.849+0000][31350][gc,task      ] GC(13) Using 3 of 6 workers for concurrent reference update
[2020-08-24T20:50:46.854+0000][31350][gc           ] GC(13) Concurrent update references 115M->131M(4096M) 5.821ms
[2020-08-24T20:50:46.855+0000][31350][gc,start     ] GC(13) Pause Final Update Refs
[2020-08-24T20:50:46.855+0000][31350][gc,task      ] GC(13) Using 6 of 6 workers for final reference update
[2020-08-24T20:50:46.855+0000][31350][gc           ] GC(13) Pause Final Update Refs 0.139ms
[2020-08-24T20:50:46.855+0000][31350][safepoint    ] Safepoint "ShenandoahFinalUpdateRefs", Time since last: 5870139 ns, Reaching safepoint: 54787 ns, At safepoint: 156379 ns, Total: 211166 ns
[2020-08-24T20:50:46.855+0000][31350][gc,start     ] GC(13) Concurrent cleanup
[2020-08-24T20:50:46.855+0000][31350][gc           ] GC(13) Concurrent cleanup 131M->72M(4096M) 0.112ms
[2020-08-24T20:50:46.855+0000][31350][gc,ergo      ] Free: 3817M (1911 regions), Max regular: 2048K, Max humongous: 3432M, External frag: 11%, Internal frag: 0%
[2020-08-24T20:50:46.855+0000][31350][gc,ergo      ] Evacuation Reserve: 206M (103 regions), Max regular: 2048K
[2020-08-24T20:50:47.855+0000][31350][safepoint    ] Safepoint "Cleanup", Time since last: 1000064908 ns, Reaching safepoint: 142660 ns, At safepoint: 5379 ns, Total: 148039 ns
[2020-08-24T20:50:48.855+0000][31350][safepoint    ] Safepoint "Cleanup", Time since last: 1000079636 ns, Reaching safepoint: 63900 ns, At safepoint: 2122 ns, Total: 66022 ns
[2020-08-24T20:50:49.852+0000][31350][gc           ] Trigger: Allocated since last cycle (409M) is larger than allocation threshold (409M)
[2020-08-24T20:50:49.852+0000][31350][gc,ergo      ] Free: 3459M (1733 regions), Max regular: 2048K, Max humongous: 3432M, External frag: 1%, Internal frag: 0%
[2020-08-24T20:50:49.852+0000][31350][gc,ergo      ] Evacuation Reserve: 206M (103 regions), Max regular: 2048K
[2020-08-24T20:50:49.852+0000][31350][gc,start     ] GC(14) Concurrent reset
[2020-08-24T20:50:49.852+0000][31350][gc,task      ] GC(14) Using 3 of 6 workers for concurrent reset
[2020-08-24T20:50:49.852+0000][31350][gc           ] GC(14) Concurrent reset 430M->430M(4096M) 0.160ms
[2020-08-24T20:50:49.852+0000][31350][gc,start     ] GC(14) Pause Init Mark (unload classes)
[2020-08-24T20:50:49.852+0000][31350][gc,task      ] GC(14) Using 6 of 6 workers for init marking
[2020-08-24T20:50:49.853+0000][31350][gc           ] GC(14) Pause Init Mark (unload classes) 0.370ms
[2020-08-24T20:50:49.853+0000][31350][safepoint    ] Safepoint "ShenandoahInitMark", Time since last: 997069398 ns, Reaching safepoint: 101525 ns, At safepoint: 388139 ns, Total: 489664 ns
[2020-08-24T20:50:49.853+0000][31350][gc,start     ] GC(14) Concurrent marking (unload classes)
[2020-08-24T20:50:49.853+0000][31350][gc,task      ] GC(14) Using 3 of 6 workers for concurrent marking
[2020-08-24T20:50:49.860+0000][31350][gc           ] GC(14) Concurrent marking (unload classes) 432M->444M(4096M) 7.143ms
[2020-08-24T20:50:49.860+0000][31350][gc,start     ] GC(14) Pause Final Mark (unload classes)
[2020-08-24T20:50:49.860+0000][31350][gc,task      ] GC(14) Using 6 of 6 workers for final marking
[2020-08-24T20:50:49.860+0000][31350][gc,ergo      ] GC(14) CSet Selection. Actual Free: 4009M, Max CSet: 3007M
[2020-08-24T20:50:49.860+0000][31350][gc,ergo      ] GC(14) Collectable Garbage: 52369K (12% of total), 4006K CSet, 28 CSet regions
[2020-08-24T20:50:49.860+0000][31350][gc,ergo      ] GC(14) Immediate Garbage: 359M (87% of total), 180 regions
[2020-08-24T20:50:49.861+0000][31350][gc           ] GC(14) Pause Final Mark (unload classes) 0.514ms
[2020-08-24T20:50:49.861+0000][31350][safepoint    ] Safepoint "ShenandoahFinalMarkStartEvac", Time since last: 7242643 ns, Reaching safepoint: 114762 ns, At safepoint: 530571 ns, Total: 645333 ns
[2020-08-24T20:50:49.861+0000][31350][gc,start     ] GC(14) Concurrent roots processing
[2020-08-24T20:50:49.861+0000][31350][gc,task      ] GC(14) Using 3 of 6 workers for concurrent root processing
[2020-08-24T20:50:49.866+0000][31350][gc           ] GC(14) Concurrent roots processing 444M->462M(4096M) 5.600ms
[2020-08-24T20:50:49.866+0000][31350][gc,start     ] GC(14) Concurrent cleanup
[2020-08-24T20:50:49.866+0000][31350][gc           ] GC(14) Concurrent cleanup 462M->104M(4096M) 0.149ms
[2020-08-24T20:50:49.866+0000][31350][gc,ergo      ] GC(14) Free: 3789M (1896 regions), Max regular: 2048K, Max humongous: 3428M, External frag: 10%, Internal frag: 0%
[2020-08-24T20:50:49.866+0000][31350][gc,ergo      ] GC(14) Evacuation Reserve: 201M (101 regions), Max regular: 2048K
[2020-08-24T20:50:49.866+0000][31350][gc,start     ] GC(14) Concurrent evacuation
[2020-08-24T20:50:49.866+0000][31350][gc,task      ] GC(14) Using 3 of 6 workers for concurrent evacuation
[2020-08-24T20:50:49.867+0000][31350][gc           ] GC(14) Concurrent evacuation 104M->105M(4096M) 0.597ms
[2020-08-24T20:50:49.867+0000][31350][gc,start     ] GC(14) Pause Init Update Refs
[2020-08-24T20:50:49.867+0000][31350][gc           ] GC(14) Pause Init Update Refs 0.037ms
[2020-08-24T20:50:49.867+0000][31350][safepoint    ] Safepoint "ShenandoahInitUpdateRefs", Time since last: 6462070 ns, Reaching safepoint: 103496 ns, At safepoint: 50249 ns, Total: 153745 ns
[2020-08-24T20:50:49.867+0000][31350][gc,start     ] GC(14) Concurrent update references
[2020-08-24T20:50:49.867+0000][31350][gc,task      ] GC(14) Using 3 of 6 workers for concurrent reference update
[2020-08-24T20:50:49.873+0000][31350][gc           ] GC(14) Concurrent update references 105M->121M(4096M) 5.537ms
[2020-08-24T20:50:49.873+0000][31350][gc,start     ] GC(14) Pause Final Update Refs
[2020-08-24T20:50:49.873+0000][31350][gc,task      ] GC(14) Using 6 of 6 workers for final reference update
[2020-08-24T20:50:49.873+0000][31350][gc           ] GC(14) Pause Final Update Refs 0.145ms
[2020-08-24T20:50:49.873+0000][31350][safepoint    ] Safepoint "ShenandoahFinalUpdateRefs", Time since last: 5582562 ns, Reaching safepoint: 37937 ns, At safepoint: 158399 ns, Total: 196336 ns
[2020-08-24T20:50:49.873+0000][31350][gc,start     ] GC(14) Concurrent cleanup
[2020-08-24T20:50:49.873+0000][31350][gc           ] GC(14) Concurrent cleanup 121M->66M(4096M) 0.132ms
[2020-08-24T20:50:49.873+0000][31350][gc,ergo      ] Free: 3823M (1914 regions), Max regular: 2048K, Max humongous: 3428M, External frag: 11%, Internal frag: 0%
[2020-08-24T20:50:49.873+0000][31350][gc,ergo      ] Evacuation Reserve: 206M (103 regions), Max regular: 2048K
[2020-08-24T20:50:50.873+0000][31350][safepoint    ] Safepoint "Cleanup", Time since last: 1000062778 ns, Reaching safepoint: 59481 ns, At safepoint: 5561 ns, Total: 65042 ns
[2020-08-24T20:50:51.873+0000][31350][safepoint    ] Safepoint "Cleanup", Time since last: 1000080956 ns, Reaching safepoint: 59527 ns, At safepoint: 3772 ns, Total: 63299 ns
[2020-08-24T20:50:52.874+0000][31350][safepoint    ] Safepoint "Cleanup", Time since last: 1000105998 ns, Reaching safepoint: 402877 ns, At safepoint: 25653 ns, Total: 428530 ns
[2020-08-24T20:50:53.039+0000][31350][gc           ] Trigger: Allocated since last cycle (409M) is larger than allocation threshold (409M)
[2020-08-24T20:50:53.040+0000][31350][gc,ergo      ] Free: 3459M (1732 regions), Max regular: 2048K, Max humongous: 3428M, External frag: 1%, Internal frag: 0%
[2020-08-24T20:50:53.040+0000][31350][gc,ergo      ] Evacuation Reserve: 206M (103 regions), Max regular: 2048K
[2020-08-24T20:50:53.040+0000][31350][gc,start     ] GC(15) Concurrent reset
[2020-08-24T20:50:53.040+0000][31350][gc,task      ] GC(15) Using 3 of 6 workers for concurrent reset
[2020-08-24T20:50:53.040+0000][31350][gc           ] GC(15) Concurrent reset 430M->430M(4096M) 0.435ms
[2020-08-24T20:50:53.041+0000][31350][gc,start     ] GC(15) Pause Init Mark (process weakrefs) (unload classes)
[2020-08-24T20:50:53.041+0000][31350][gc,task      ] GC(15) Using 6 of 6 workers for init marking
[2020-08-24T20:50:53.042+0000][31350][gc           ] GC(15) Pause Init Mark (process weakrefs) (unload classes) 1.275ms
[2020-08-24T20:50:53.042+0000][31350][safepoint    ] Safepoint "ShenandoahInitMark", Time since last: 166547436 ns, Reaching safepoint: 332645 ns, At safepoint: 1391367 ns, Total: 1724012 ns
[2020-08-24T20:50:53.042+0000][31350][gc,start     ] GC(15) Concurrent marking (process weakrefs) (unload classes)
[2020-08-24T20:50:53.042+0000][31350][gc,task      ] GC(15) Using 3 of 6 workers for concurrent marking
[2020-08-24T20:50:53.065+0000][31350][gc           ] GC(15) Concurrent marking (process weakrefs) (unload classes) 432M->446M(4096M) 22.780ms
[2020-08-24T20:50:53.065+0000][31350][gc,start     ] GC(15) Concurrent precleaning
[2020-08-24T20:50:53.065+0000][31350][gc,task      ] GC(15) Using 1 of 6 workers for concurrent preclean
[2020-08-24T20:50:53.066+0000][31350][gc           ] GC(15) Concurrent precleaning 446M->446M(4096M) 0.760ms
[2020-08-24T20:50:53.066+0000][31350][gc,start     ] GC(15) Pause Final Mark (process weakrefs) (unload classes)
[2020-08-24T20:50:53.066+0000][31350][gc,task      ] GC(15) Using 6 of 6 workers for final marking
[2020-08-24T20:50:53.067+0000][31350][gc,ergo      ] GC(15) CSet Selection. Actual Free: 4004M, Max CSet: 3003M
[2020-08-24T20:50:53.067+0000][31350][gc,ergo      ] GC(15) Collectable Garbage: 56723K (13% of total), 3959K CSet, 30 CSet regions
[2020-08-24T20:50:53.067+0000][31350][gc,ergo      ] GC(15) Immediate Garbage: 356M (86% of total), 178 regions
[2020-08-24T20:50:53.067+0000][31350][gc           ] GC(15) Pause Final Mark (process weakrefs) (unload classes) 1.366ms
[2020-08-24T20:50:53.067+0000][31350][safepoint    ] Safepoint "ShenandoahFinalMarkStartEvac", Time since last: 23783972 ns, Reaching safepoint: 224344 ns, At safepoint: 1401532 ns, Total: 1625876 ns
[2020-08-24T20:50:53.068+0000][31350][gc,start     ] GC(15) Concurrent roots processing
[2020-08-24T20:50:53.068+0000][31350][gc,task      ] GC(15) Using 3 of 6 workers for concurrent root processing
[2020-08-24T20:50:53.078+0000][31350][gc           ] GC(15) Concurrent roots processing 448M->468M(4096M) 10.000ms
[2020-08-24T20:50:53.078+0000][31350][gc,start     ] GC(15) Concurrent cleanup
[2020-08-24T20:50:53.078+0000][31350][gc           ] GC(15) Concurrent cleanup 468M->112M(4096M) 0.226ms
[2020-08-24T20:50:53.078+0000][31350][gc,ergo      ] GC(15) Free: 3780M (1891 regions), Max regular: 2048K, Max humongous: 3422M, External frag: 10%, Internal frag: 0%
[2020-08-24T20:50:53.078+0000][31350][gc,ergo      ] GC(15) Evacuation Reserve: 202M (101 regions), Max regular: 2048K
[2020-08-24T20:50:53.078+0000][31350][gc,start     ] GC(15) Concurrent evacuation
[2020-08-24T20:50:53.078+0000][31350][gc,task      ] GC(15) Using 3 of 6 workers for concurrent evacuation
[2020-08-24T20:50:53.079+0000][31350][gc           ] GC(15) Concurrent evacuation 112M->115M(4096M) 1.087ms
[2020-08-24T20:50:53.079+0000][31350][gc,start     ] GC(15) Pause Init Update Refs
[2020-08-24T20:50:53.079+0000][31350][gc           ] GC(15) Pause Init Update Refs 0.041ms
[2020-08-24T20:50:53.079+0000][31350][safepoint    ] Safepoint "ShenandoahInitUpdateRefs", Time since last: 11605374 ns, Reaching safepoint: 179128 ns, At safepoint: 63179 ns, Total: 242307 ns
[2020-08-24T20:50:53.079+0000][31350][gc,start     ] GC(15) Concurrent update references
[2020-08-24T20:50:53.079+0000][31350][gc,task      ] GC(15) Using 3 of 6 workers for concurrent reference update
[2020-08-24T20:50:53.085+0000][31350][gc           ] GC(15) Concurrent update references 117M->133M(4096M) 6.047ms
[2020-08-24T20:50:53.086+0000][31350][gc,start     ] GC(15) Pause Final Update Refs
[2020-08-24T20:50:53.086+0000][31350][gc,task      ] GC(15) Using 6 of 6 workers for final reference update
[2020-08-24T20:50:53.086+0000][31350][gc           ] GC(15) Pause Final Update Refs 0.137ms
[2020-08-24T20:50:53.086+0000][31350][safepoint    ] Safepoint "ShenandoahFinalUpdateRefs", Time since last: 6137306 ns, Reaching safepoint: 101231 ns, At safepoint: 151160 ns, Total: 252391 ns
[2020-08-24T20:50:53.086+0000][31350][gc,start     ] GC(15) Concurrent cleanup
[2020-08-24T20:50:53.086+0000][31350][gc           ] GC(15) Concurrent cleanup 133M->74M(4096M) 0.176ms
[2020-08-24T20:50:53.086+0000][31350][gc,ergo      ] Free: 3815M (1910 regions), Max regular: 2048K, Max humongous: 3422M, External frag: 11%, Internal frag: 0%
[2020-08-24T20:50:53.086+0000][31350][gc,ergo      ] Evacuation Reserve: 206M (103 regions), Max regular: 2048K
[2020-08-24T20:50:54.086+0000][31350][safepoint    ] Safepoint "Cleanup", Time since last: 1000081048 ns, Reaching safepoint: 259680 ns, At safepoint: 18411 ns, Total: 278091 ns
[2020-08-24T20:50:55.087+0000][31350][safepoint    ] Safepoint "Cleanup", Time since last: 1000215538 ns, Reaching safepoint: 267191 ns, At safepoint: 21869 ns, Total: 289060 ns
[2020-08-24T20:50:55.863+0000][31350][gc           ] Trigger: Allocated since last cycle (416M) is larger than allocation threshold (409M)
[2020-08-24T20:50:55.863+0000][31350][gc,ergo      ] Free: 3453M (1729 regions), Max regular: 2048K, Max humongous: 3422M, External frag: 1%, Internal frag: 0%
[2020-08-24T20:50:55.863+0000][31350][gc,ergo      ] Evacuation Reserve: 206M (103 regions), Max regular: 2048K
[2020-08-24T20:50:55.863+0000][31350][gc,start     ] GC(16) Concurrent reset
[2020-08-24T20:50:55.863+0000][31350][gc,task      ] GC(16) Using 3 of 6 workers for concurrent reset
[2020-08-24T20:50:55.863+0000][31350][gc           ] GC(16) Concurrent reset 436M->438M(4096M) 0.288ms
[2020-08-24T20:50:55.863+0000][31350][gc,start     ] GC(16) Pause Init Mark (unload classes)
[2020-08-24T20:50:55.863+0000][31350][gc,task      ] GC(16) Using 6 of 6 workers for init marking
[2020-08-24T20:50:55.864+0000][31350][gc           ] GC(16) Pause Init Mark (unload classes) 0.382ms
[2020-08-24T20:50:55.864+0000][31350][safepoint    ] Safepoint "ShenandoahInitMark", Time since last: 776698404 ns, Reaching safepoint: 147625 ns, At safepoint: 398629 ns, Total: 546254 ns
[2020-08-24T20:50:55.864+0000][31350][gc,start     ] GC(16) Concurrent marking (unload classes)
[2020-08-24T20:50:55.864+0000][31350][gc,task      ] GC(16) Using 3 of 6 workers for concurrent marking
[2020-08-24T20:50:55.874+0000][31350][gc           ] GC(16) Concurrent marking (unload classes) 438M->468M(4096M) 10.115ms
[2020-08-24T20:50:55.874+0000][31350][gc,start     ] GC(16) Pause Final Mark (unload classes)
[2020-08-24T20:50:55.874+0000][31350][gc,task      ] GC(16) Using 6 of 6 workers for final marking
[2020-08-24T20:50:55.875+0000][31350][gc,ergo      ] GC(16) CSet Selection. Actual Free: 3972M, Max CSet: 2979M
[2020-08-24T20:50:55.875+0000][31350][gc,ergo      ] GC(16) Collectable Garbage: 75018K (17% of total), 4101K CSet, 39 CSet regions
[2020-08-24T20:50:55.875+0000][31350][gc,ergo      ] GC(16) Immediate Garbage: 346M (82% of total), 173 regions
[2020-08-24T20:50:55.875+0000][31350][gc           ] GC(16) Pause Final Mark (unload classes) 0.917ms
[2020-08-24T20:50:55.875+0000][31350][safepoint    ] Safepoint "ShenandoahFinalMarkStartEvac", Time since last: 10182600 ns, Reaching safepoint: 152516 ns, At safepoint: 939499 ns, Total: 1092015 ns
[2020-08-24T20:50:55.875+0000][31350][gc,start     ] GC(16) Concurrent roots processing
[2020-08-24T20:50:55.875+0000][31350][gc,task      ] GC(16) Using 3 of 6 workers for concurrent root processing
[2020-08-24T20:50:55.882+0000][31350][gc           ] GC(16) Concurrent roots processing 468M->488M(4096M) 7.040ms
[2020-08-24T20:50:55.882+0000][31350][gc,start     ] GC(16) Concurrent cleanup
[2020-08-24T20:50:55.882+0000][31350][gc           ] GC(16) Concurrent cleanup 488M->142M(4096M) 0.192ms
[2020-08-24T20:50:55.882+0000][31350][gc,ergo      ] GC(16) Free: 3751M (1877 regions), Max regular: 2048K, Max humongous: 3404M, External frag: 10%, Internal frag: 0%
[2020-08-24T20:50:55.882+0000][31350][gc,ergo      ] GC(16) Evacuation Reserve: 202M (101 regions), Max regular: 2048K
[2020-08-24T20:50:55.882+0000][31350][gc,start     ] GC(16) Concurrent evacuation
[2020-08-24T20:50:55.882+0000][31350][gc,task      ] GC(16) Using 3 of 6 workers for concurrent evacuation
[2020-08-24T20:50:55.883+0000][31350][gc           ] GC(16) Concurrent evacuation 142M->147M(4096M) 0.930ms
[2020-08-24T20:50:55.884+0000][31350][gc,start     ] GC(16) Pause Init Update Refs
[2020-08-24T20:50:55.884+0000][31350][gc           ] GC(16) Pause Init Update Refs 0.061ms
[2020-08-24T20:50:55.884+0000][31350][safepoint    ] Safepoint "ShenandoahInitUpdateRefs", Time since last: 8367391 ns, Reaching safepoint: 167132 ns, At safepoint: 76126 ns, Total: 243258 ns
[2020-08-24T20:50:55.884+0000][31350][gc,start     ] GC(16) Concurrent update references
[2020-08-24T20:50:55.884+0000][31350][gc,task      ] GC(16) Using 3 of 6 workers for concurrent reference update
[2020-08-24T20:50:55.896+0000][31350][gc           ] GC(16) Concurrent update references 149M->163M(4096M) 12.364ms
[2020-08-24T20:50:55.896+0000][31350][gc,start     ] GC(16) Pause Final Update Refs
[2020-08-24T20:50:55.896+0000][31350][gc,task      ] GC(16) Using 6 of 6 workers for final reference update
[2020-08-24T20:50:55.897+0000][31350][gc           ] GC(16) Pause Final Update Refs 0.286ms
[2020-08-24T20:50:55.897+0000][31350][safepoint    ] Safepoint "ShenandoahFinalUpdateRefs", Time since last: 12490434 ns, Reaching safepoint: 227933 ns, At safepoint: 305662 ns, Total: 533595 ns
[2020-08-24T20:50:55.897+0000][31350][gc,start     ] GC(16) Concurrent cleanup
[2020-08-24T20:50:55.897+0000][31350][gc           ] GC(16) Concurrent cleanup 163M->86M(4096M) 0.171ms
[2020-08-24T20:50:55.897+0000][31350][gc,ergo      ] Free: 3803M (1904 regions), Max regular: 2048K, Max humongous: 3404M, External frag: 11%, Internal frag: 0%
[2020-08-24T20:50:55.897+0000][31350][gc,ergo      ] Evacuation Reserve: 206M (103 regions), Max regular: 2048K
[2020-08-24T20:50:56.897+0000][31350][safepoint    ] Safepoint "Cleanup", Time since last: 1000068712 ns, Reaching safepoint: 117693 ns, At safepoint: 2144 ns, Total: 119837 ns
[2020-08-24T20:50:57.897+0000][31350][safepoint    ] Safepoint "Cleanup", Time since last: 1000102748 ns, Reaching safepoint: 319549 ns, At safepoint: 12987 ns, Total: 332536 ns
[2020-08-24T20:50:58.840+0000][31350][gc           ] Trigger: Allocated since last cycle (409M) is larger than allocation threshold (409M)
[2020-08-24T20:50:58.840+0000][31350][gc,ergo      ] Free: 3461M (1734 regions), Max regular: 2048K, Max humongous: 3404M, External frag: 2%, Internal frag: 0%
[2020-08-24T20:50:58.840+0000][31350][gc,ergo      ] Evacuation Reserve: 206M (103 regions), Max regular: 2048K
[2020-08-24T20:50:58.840+0000][31350][gc,start     ] GC(17) Concurrent reset
[2020-08-24T20:50:58.840+0000][31350][gc,task      ] GC(17) Using 3 of 6 workers for concurrent reset
[2020-08-24T20:50:58.841+0000][31350][gc           ] GC(17) Concurrent reset 428M->428M(4096M) 0.124ms
[2020-08-24T20:50:58.841+0000][31350][gc,start     ] GC(17) Pause Init Mark (unload classes)
[2020-08-24T20:50:58.841+0000][31350][gc,task      ] GC(17) Using 6 of 6 workers for init marking
[2020-08-24T20:50:58.841+0000][31350][gc           ] GC(17) Pause Init Mark (unload classes) 0.375ms
[2020-08-24T20:50:58.841+0000][31350][safepoint    ] Safepoint "ShenandoahInitMark", Time since last: 943266427 ns, Reaching safepoint: 79996 ns, At safepoint: 391293 ns, Total: 471289 ns
[2020-08-24T20:50:58.841+0000][31350][gc,start     ] GC(17) Concurrent marking (unload classes)
[2020-08-24T20:50:58.841+0000][31350][gc,task      ] GC(17) Using 3 of 6 workers for concurrent marking
[2020-08-24T20:50:58.848+0000][31350][gc           ] GC(17) Concurrent marking (unload classes) 430M->446M(4096M) 7.267ms
[2020-08-24T20:50:58.849+0000][31350][gc,start     ] GC(17) Pause Final Mark (unload classes)
[2020-08-24T20:50:58.849+0000][31350][gc,task      ] GC(17) Using 6 of 6 workers for final marking
[2020-08-24T20:50:58.849+0000][31350][gc,ergo      ] GC(17) CSet Selection. Actual Free: 4005M, Max CSet: 3004M
[2020-08-24T20:50:58.849+0000][31350][gc,ergo      ] GC(17) Collectable Garbage: 52580K (12% of total), 3972K CSet, 28 CSet regions
[2020-08-24T20:50:58.849+0000][31350][gc,ergo      ] GC(17) Immediate Garbage: 357M (87% of total), 179 regions
[2020-08-24T20:50:58.849+0000][31350][gc           ] GC(17) Pause Final Mark (unload classes) 0.461ms
[2020-08-24T20:50:58.849+0000][31350][safepoint    ] Safepoint "ShenandoahFinalMarkStartEvac", Time since last: 7331697 ns, Reaching safepoint: 137835 ns, At safepoint: 477192 ns, Total: 615027 ns
[2020-08-24T20:50:58.849+0000][31350][gc,start     ] GC(17) Concurrent roots processing
[2020-08-24T20:50:58.849+0000][31350][gc,task      ] GC(17) Using 3 of 6 workers for concurrent root processing
[2020-08-24T20:50:58.855+0000][31350][gc           ] GC(17) Concurrent roots processing 446M->468M(4096M) 5.809ms
[2020-08-24T20:50:58.855+0000][31350][gc,start     ] GC(17) Concurrent cleanup
[2020-08-24T20:50:58.855+0000][31350][gc           ] GC(17) Concurrent cleanup 468M->110M(4096M) 0.139ms
[2020-08-24T20:50:58.855+0000][31350][gc,ergo      ] GC(17) Free: 3783M (1893 regions), Max regular: 2048K, Max humongous: 3418M, External frag: 10%, Internal frag: 0%
[2020-08-24T20:50:58.855+0000][31350][gc,ergo      ] GC(17) Evacuation Reserve: 202M (101 regions), Max regular: 2048K
[2020-08-24T20:50:58.855+0000][31350][gc,start     ] GC(17) Concurrent evacuation
[2020-08-24T20:50:58.855+0000][31350][gc,task      ] GC(17) Using 3 of 6 workers for concurrent evacuation
[2020-08-24T20:50:58.856+0000][31350][gc           ] GC(17) Concurrent evacuation 110M->111M(4096M) 0.574ms
[2020-08-24T20:50:58.856+0000][31350][gc,start     ] GC(17) Pause Init Update Refs
[2020-08-24T20:50:58.856+0000][31350][gc           ] GC(17) Pause Init Update Refs 0.031ms
[2020-08-24T20:50:58.856+0000][31350][safepoint    ] Safepoint "ShenandoahInitUpdateRefs", Time since last: 6629139 ns, Reaching safepoint: 103875 ns, At safepoint: 45165 ns, Total: 149040 ns
[2020-08-24T20:50:58.856+0000][31350][gc,start     ] GC(17) Concurrent update references
[2020-08-24T20:50:58.856+0000][31350][gc,task      ] GC(17) Using 3 of 6 workers for concurrent reference update
[2020-08-24T20:50:58.861+0000][31350][gc           ] GC(17) Concurrent update references 113M->125M(4096M) 4.947ms
[2020-08-24T20:50:58.861+0000][31350][gc,start     ] GC(17) Pause Final Update Refs
[2020-08-24T20:50:58.861+0000][31350][gc,task      ] GC(17) Using 6 of 6 workers for final reference update
[2020-08-24T20:50:58.861+0000][31350][gc           ] GC(17) Pause Final Update Refs 0.103ms
[2020-08-24T20:50:58.861+0000][31350][safepoint    ] Safepoint "ShenandoahFinalUpdateRefs", Time since last: 4982457 ns, Reaching safepoint: 38999 ns, At safepoint: 117106 ns, Total: 156105 ns
[2020-08-24T20:50:58.861+0000][31350][gc,start     ] GC(17) Concurrent cleanup
[2020-08-24T20:50:58.861+0000][31350][gc           ] GC(17) Concurrent cleanup 125M->70M(4096M) 0.132ms
[2020-08-24T20:50:58.861+0000][31350][gc,ergo      ] Free: 3819M (1912 regions), Max regular: 2048K, Max humongous: 3446M, External frag: 10%, Internal frag: 0%
[2020-08-24T20:50:58.861+0000][31350][gc,ergo      ] Evacuation Reserve: 206M (103 regions), Max regular: 2048K
[2020-08-24T20:50:59.861+0000][31350][safepoint    ] Safepoint "Cleanup", Time since last: 1000064958 ns, Reaching safepoint: 120083 ns, At safepoint: 2095 ns, Total: 122178 ns
[2020-08-24T20:51:00.862+0000][31350][safepoint    ] Safepoint "Cleanup", Time since last: 1000117857 ns, Reaching safepoint: 382959 ns, At safepoint: 30177 ns, Total: 413136 ns
[2020-08-24T20:51:01.864+0000][31350][safepoint    ] Safepoint "Cleanup", Time since last: 1001754492 ns, Reaching safepoint: 339196 ns, At safepoint: 26226 ns, Total: 365422 ns
[2020-08-24T20:51:02.042+0000][31350][gc           ] Trigger: Allocated since last cycle (409M) is larger than allocation threshold (409M)
[2020-08-24T20:51:02.042+0000][31350][gc,ergo      ] Free: 3459M (1733 regions), Max regular: 2048K, Max humongous: 3446M, External frag: 1%, Internal frag: 0%
[2020-08-24T20:51:02.042+0000][31350][gc,ergo      ] Evacuation Reserve: 206M (103 regions), Max regular: 2048K
[2020-08-24T20:51:02.042+0000][31350][gc,start     ] GC(18) Concurrent reset
[2020-08-24T20:51:02.042+0000][31350][gc,task      ] GC(18) Using 3 of 6 workers for concurrent reset
[2020-08-24T20:51:02.042+0000][31350][gc           ] GC(18) Concurrent reset 430M->430M(4096M) 0.431ms
[2020-08-24T20:51:02.043+0000][31350][gc,start     ] GC(18) Pause Init Mark (unload classes)
[2020-08-24T20:51:02.043+0000][31350][gc,task      ] GC(18) Using 6 of 6 workers for init marking
[2020-08-24T20:51:02.044+0000][31350][gc           ] GC(18) Pause Init Mark (unload classes) 1.005ms
[2020-08-24T20:51:02.044+0000][31350][safepoint    ] Safepoint "ShenandoahInitMark", Time since last: 178713046 ns, Reaching safepoint: 309195 ns, At safepoint: 1097164 ns, Total: 1406359 ns
[2020-08-24T20:51:02.044+0000][31350][gc,start     ] GC(18) Concurrent marking (unload classes)
[2020-08-24T20:51:02.044+0000][31350][gc,task      ] GC(18) Using 3 of 6 workers for concurrent marking
[2020-08-24T20:51:02.065+0000][31350][gc           ] GC(18) Concurrent marking (unload classes) 432M->448M(4096M) 21.424ms
[2020-08-24T20:51:02.066+0000][31350][gc,start     ] GC(18) Pause Final Mark (unload classes)
[2020-08-24T20:51:02.066+0000][31350][gc,task      ] GC(18) Using 6 of 6 workers for final marking
[2020-08-24T20:51:02.067+0000][31350][gc,ergo      ] GC(18) CSet Selection. Actual Free: 3994M, Max CSet: 2995M
[2020-08-24T20:51:02.067+0000][31350][gc,ergo      ] GC(18) Collectable Garbage: 64840K (15% of total), 4025K CSet, 34 CSet regions
[2020-08-24T20:51:02.067+0000][31350][gc,ergo      ] GC(18) Immediate Garbage: 348M (84% of total), 174 regions
[2020-08-24T20:51:02.067+0000][31350][gc           ] GC(18) Pause Final Mark (unload classes) 1.424ms
[2020-08-24T20:51:02.067+0000][31350][safepoint    ] Safepoint "ShenandoahFinalMarkStartEvac", Time since last: 21606951 ns, Reaching safepoint: 276646 ns, At safepoint: 1486812 ns, Total: 1763458 ns
[2020-08-24T20:51:02.067+0000][31350][gc,start     ] GC(18) Concurrent roots processing
[2020-08-24T20:51:02.067+0000][31350][gc,task      ] GC(18) Using 3 of 6 workers for concurrent root processing
[2020-08-24T20:51:02.078+0000][31350][gc           ] GC(18) Concurrent roots processing 448M->470M(4096M) 10.402ms
[2020-08-24T20:51:02.078+0000][31350][gc,start     ] GC(18) Concurrent cleanup
[2020-08-24T20:51:02.078+0000][31350][gc           ] GC(18) Concurrent cleanup 470M->122M(4096M) 0.216ms
[2020-08-24T20:51:02.078+0000][31350][gc,ergo      ] GC(18) Free: 3771M (1887 regions), Max regular: 2048K, Max humongous: 3422M, External frag: 10%, Internal frag: 0%
[2020-08-24T20:51:02.078+0000][31350][gc,ergo      ] GC(18) Evacuation Reserve: 202M (101 regions), Max regular: 2048K
[2020-08-24T20:51:02.078+0000][31350][gc,start     ] GC(18) Concurrent evacuation
[2020-08-24T20:51:02.078+0000][31350][gc,task      ] GC(18) Using 3 of 6 workers for concurrent evacuation
[2020-08-24T20:51:02.079+0000][31350][gc           ] GC(18) Concurrent evacuation 122M->123M(4096M) 1.040ms
[2020-08-24T20:51:02.079+0000][31350][gc,start     ] GC(18) Pause Init Update Refs
[2020-08-24T20:51:02.079+0000][31350][gc           ] GC(18) Pause Init Update Refs 0.047ms
[2020-08-24T20:51:02.079+0000][31350][safepoint    ] Safepoint "ShenandoahInitUpdateRefs", Time since last: 11903848 ns, Reaching safepoint: 159078 ns, At safepoint: 70452 ns, Total: 229530 ns
[2020-08-24T20:51:02.079+0000][31350][gc,start     ] GC(18) Concurrent update references
[2020-08-24T20:51:02.079+0000][31350][gc,task      ] GC(18) Using 3 of 6 workers for concurrent reference update
[2020-08-24T20:51:02.086+0000][31350][gc           ] GC(18) Concurrent update references 123M->139M(4096M) 6.653ms
[2020-08-24T20:51:02.086+0000][31350][gc,start     ] GC(18) Pause Final Update Refs
[2020-08-24T20:51:02.086+0000][31350][gc,task      ] GC(18) Using 6 of 6 workers for final reference update
[2020-08-24T20:51:02.086+0000][31350][gc           ] GC(18) Pause Final Update Refs 0.141ms
[2020-08-24T20:51:02.086+0000][31350][safepoint    ] Safepoint "ShenandoahFinalUpdateRefs", Time since last: 6757376 ns, Reaching safepoint: 149052 ns, At safepoint: 160654 ns, Total: 309706 ns
[2020-08-24T20:51:02.086+0000][31350][gc,start     ] GC(18) Concurrent cleanup
[2020-08-24T20:51:02.087+0000][31350][gc           ] GC(18) Concurrent cleanup 139M->72M(4096M) 0.197ms
[2020-08-24T20:51:02.087+0000][31350][gc,ergo      ] Free: 3817M (1911 regions), Max regular: 2048K, Max humongous: 3422M, External frag: 11%, Internal frag: 0%
[2020-08-24T20:51:02.087+0000][31350][gc,ergo      ] Evacuation Reserve: 206M (103 regions), Max regular: 2048K
[2020-08-24T20:51:03.087+0000][31350][safepoint    ] Safepoint "Cleanup", Time since last: 1000065799 ns, Reaching safepoint: 108484 ns, At safepoint: 5454 ns, Total: 113938 ns
[2020-08-24T20:51:04.087+0000][31350][safepoint    ] Safepoint "Cleanup", Time since last: 1000080967 ns, Reaching safepoint: 122262 ns, At safepoint: 2338 ns, Total: 124600 ns
[2020-08-24T20:51:04.838+0000][31350][gc           ] Trigger: Allocated since last cycle (412M) is larger than allocation threshold (409M)
[2020-08-24T20:51:04.839+0000][31350][gc,ergo      ] Free: 3457M (1732 regions), Max regular: 2048K, Max humongous: 3422M, External frag: 2%, Internal frag: 0%
[2020-08-24T20:51:04.839+0000][31350][gc,ergo      ] Evacuation Reserve: 206M (103 regions), Max regular: 2048K
[2020-08-24T20:51:04.839+0000][31350][gc,start     ] GC(19) Concurrent reset
[2020-08-24T20:51:04.839+0000][31350][gc,task      ] GC(19) Using 3 of 6 workers for concurrent reset
[2020-08-24T20:51:04.839+0000][31350][gc           ] GC(19) Concurrent reset 432M->432M(4096M) 0.128ms
[2020-08-24T20:51:04.839+0000][31350][gc,start     ] GC(19) Pause Init Mark (unload classes)
[2020-08-24T20:51:04.839+0000][31350][gc,task      ] GC(19) Using 6 of 6 workers for init marking
[2020-08-24T20:51:04.839+0000][31350][gc           ] GC(19) Pause Init Mark (unload classes) 0.283ms
[2020-08-24T20:51:04.839+0000][31350][safepoint    ] Safepoint "ShenandoahInitMark", Time since last: 751896180 ns, Reaching safepoint: 43329 ns, At safepoint: 297006 ns, Total: 340335 ns
[2020-08-24T20:51:04.839+0000][31350][gc,start     ] GC(19) Concurrent marking (unload classes)
[2020-08-24T20:51:04.839+0000][31350][gc,task      ] GC(19) Using 3 of 6 workers for concurrent marking
[2020-08-24T20:51:04.845+0000][31350][gc           ] GC(19) Concurrent marking (unload classes) 432M->448M(4096M) 5.797ms
[2020-08-24T20:51:04.845+0000][31350][gc,start     ] GC(19) Pause Final Mark (unload classes)
[2020-08-24T20:51:04.845+0000][31350][gc,task      ] GC(19) Using 6 of 6 workers for final marking
[2020-08-24T20:51:04.845+0000][31350][gc,ergo      ] GC(19) CSet Selection. Actual Free: 4003M, Max CSet: 3002M
[2020-08-24T20:51:04.845+0000][31350][gc,ergo      ] GC(19) Collectable Garbage: 56582K (13% of total), 4002K CSet, 30 CSet regions
[2020-08-24T20:51:04.845+0000][31350][gc,ergo      ] GC(19) Immediate Garbage: 357M (86% of total), 179 regions
[2020-08-24T20:51:04.845+0000][31350][gc           ] GC(19) Pause Final Mark (unload classes) 0.437ms
[2020-08-24T20:51:04.845+0000][31350][safepoint    ] Safepoint "ShenandoahFinalMarkStartEvac", Time since last: 5842775 ns, Reaching safepoint: 47224 ns, At safepoint: 452340 ns, Total: 499564 ns
[2020-08-24T20:51:04.845+0000][31350][gc,start     ] GC(19) Concurrent roots processing
[2020-08-24T20:51:04.845+0000][31350][gc,task      ] GC(19) Using 3 of 6 workers for concurrent root processing
[2020-08-24T20:51:04.852+0000][31350][gc           ] GC(19) Concurrent roots processing 448M->468M(4096M) 6.664ms
[2020-08-24T20:51:04.852+0000][31350][gc,start     ] GC(19) Concurrent cleanup
[2020-08-24T20:51:04.852+0000][31350][gc           ] GC(19) Concurrent cleanup 468M->110M(4096M) 0.166ms
[2020-08-24T20:51:04.852+0000][31350][gc,ergo      ] GC(19) Free: 3783M (1893 regions), Max regular: 2048K, Max humongous: 3426M, External frag: 10%, Internal frag: 0%
[2020-08-24T20:51:04.852+0000][31350][gc,ergo      ] GC(19) Evacuation Reserve: 202M (101 regions), Max regular: 2048K
[2020-08-24T20:51:04.852+0000][31350][gc,start     ] GC(19) Concurrent evacuation
[2020-08-24T20:51:04.852+0000][31350][gc,task      ] GC(19) Using 3 of 6 workers for concurrent evacuation
[2020-08-24T20:51:04.853+0000][31350][gc           ] GC(19) Concurrent evacuation 110M->113M(4096M) 0.720ms
[2020-08-24T20:51:04.853+0000][31350][gc,start     ] GC(19) Pause Init Update Refs
[2020-08-24T20:51:04.853+0000][31350][gc           ] GC(19) Pause Init Update Refs 0.042ms
[2020-08-24T20:51:04.853+0000][31350][safepoint    ] Safepoint "ShenandoahInitUpdateRefs", Time since last: 7677946 ns, Reaching safepoint: 54819 ns, At safepoint: 57689 ns, Total: 112508 ns
[2020-08-24T20:51:04.853+0000][31350][gc,start     ] GC(19) Concurrent update references
[2020-08-24T20:51:04.853+0000][31350][gc,task      ] GC(19) Using 3 of 6 workers for concurrent reference update
[2020-08-24T20:51:04.860+0000][31350][gc           ] GC(19) Concurrent update references 113M->129M(4096M) 6.851ms
[2020-08-24T20:51:04.860+0000][31350][gc,start     ] GC(19) Pause Final Update Refs
[2020-08-24T20:51:04.860+0000][31350][gc,task      ] GC(19) Using 6 of 6 workers for final reference update
[2020-08-24T20:51:04.860+0000][31350][gc           ] GC(19) Pause Final Update Refs 0.119ms
[2020-08-24T20:51:04.860+0000][31350][safepoint    ] Safepoint "ShenandoahFinalUpdateRefs", Time since last: 6905486 ns, Reaching safepoint: 118605 ns, At safepoint: 136754 ns, Total: 255359 ns
[2020-08-24T20:51:04.860+0000][31350][gc,start     ] GC(19) Concurrent cleanup
[2020-08-24T20:51:04.860+0000][31350][gc           ] GC(19) Concurrent cleanup 129M->70M(4096M) 0.112ms
[2020-08-24T20:51:04.861+0000][31350][gc,ergo      ] Free: 3819M (1913 regions), Max regular: 2048K, Max humongous: 3448M, External frag: 10%, Internal frag: 0%
[2020-08-24T20:51:04.861+0000][31350][gc,ergo      ] Evacuation Reserve: 206M (103 regions), Max regular: 2048K
[2020-08-24T20:51:05.861+0000][31350][safepoint    ] Safepoint "Cleanup", Time since last: 1000120112 ns, Reaching safepoint: 319343 ns, At safepoint: 33617 ns, Total: 352960 ns
[2020-08-24T20:51:06.867+0000][31350][safepoint    ] Safepoint "Cleanup", Time since last: 1006009638 ns, Reaching safepoint: 114903 ns, At safepoint: 6606 ns, Total: 121509 ns
[2020-08-24T20:51:07.868+0000][31350][safepoint    ] Safepoint "Cleanup", Time since last: 1000207952 ns, Reaching safepoint: 314799 ns, At safepoint: 33713 ns, Total: 348512 ns
[2020-08-24T20:51:07.939+0000][31350][gc           ] Trigger: Allocated since last cycle (409M) is larger than allocation threshold (409M)
[2020-08-24T20:51:07.939+0000][31350][gc,ergo      ] Free: 3459M (1733 regions), Max regular: 2048K, Max humongous: 3448M, External frag: 1%, Internal frag: 0%
[2020-08-24T20:51:07.939+0000][31350][gc,ergo      ] Evacuation Reserve: 206M (103 regions), Max regular: 2048K
[2020-08-24T20:51:07.939+0000][31350][gc,start     ] GC(20) Concurrent reset
[2020-08-24T20:51:07.939+0000][31350][gc,task      ] GC(20) Using 3 of 6 workers for concurrent reset
[2020-08-24T20:51:07.939+0000][31350][gc           ] GC(20) Concurrent reset 430M->430M(4096M) 0.213ms
[2020-08-24T20:51:07.939+0000][31350][gc,start     ] GC(20) Pause Init Mark (process weakrefs) (unload classes)
[2020-08-24T20:51:07.939+0000][31350][gc,task      ] GC(20) Using 6 of 6 workers for init marking
[2020-08-24T20:51:07.940+0000][31350][gc           ] GC(20) Pause Init Mark (process weakrefs) (unload classes) 0.480ms
[2020-08-24T20:51:07.940+0000][31350][safepoint    ] Safepoint "ShenandoahInitMark", Time since last: 71494967 ns, Reaching safepoint: 62963 ns, At safepoint: 500948 ns, Total: 563911 ns
[2020-08-24T20:51:07.940+0000][31350][gc,start     ] GC(20) Concurrent marking (process weakrefs) (unload classes)
[2020-08-24T20:51:07.940+0000][31350][gc,task      ] GC(20) Using 3 of 6 workers for concurrent marking
[2020-08-24T20:51:07.948+0000][31350][gc           ] GC(20) Concurrent marking (process weakrefs) (unload classes) 430M->444M(4096M) 8.118ms
[2020-08-24T20:51:07.948+0000][31350][gc,start     ] GC(20) Concurrent precleaning
[2020-08-24T20:51:07.948+0000][31350][gc,task      ] GC(20) Using 1 of 6 workers for concurrent preclean
[2020-08-24T20:51:07.948+0000][31350][gc           ] GC(20) Concurrent precleaning 444M->446M(4096M) 0.386ms
[2020-08-24T20:51:07.948+0000][31350][gc,start     ] GC(20) Pause Final Mark (process weakrefs) (unload classes)
[2020-08-24T20:51:07.948+0000][31350][gc,task      ] GC(20) Using 6 of 6 workers for final marking
[2020-08-24T20:51:07.949+0000][31350][gc,ergo      ] GC(20) CSet Selection. Actual Free: 4000M, Max CSet: 3000M
[2020-08-24T20:51:07.949+0000][31350][gc,ergo      ] GC(20) Collectable Garbage: 60809K (14% of total), 4000K CSet, 32 CSet regions
[2020-08-24T20:51:07.949+0000][31350][gc,ergo      ] GC(20) Immediate Garbage: 352M (85% of total), 176 regions
[2020-08-24T20:51:07.949+0000][31350][gc           ] GC(20) Pause Final Mark (process weakrefs) (unload classes) 0.600ms
[2020-08-24T20:51:07.949+0000][31350][safepoint    ] Safepoint "ShenandoahFinalMarkStartEvac", Time since last: 8569871 ns, Reaching safepoint: 113353 ns, At safepoint: 620357 ns, Total: 733710 ns
[2020-08-24T20:51:07.949+0000][31350][gc,start     ] GC(20) Concurrent roots processing
[2020-08-24T20:51:07.949+0000][31350][gc,task      ] GC(20) Using 3 of 6 workers for concurrent root processing
[2020-08-24T20:51:07.956+0000][31350][gc           ] GC(20) Concurrent roots processing 446M->468M(4096M) 7.457ms
[2020-08-24T20:51:07.956+0000][31350][gc,start     ] GC(20) Concurrent cleanup
[2020-08-24T20:51:07.957+0000][31350][gc           ] GC(20) Concurrent cleanup 468M->116M(4096M) 0.220ms
[2020-08-24T20:51:07.957+0000][31350][gc,ergo      ] GC(20) Free: 3778M (1890 regions), Max regular: 2048K, Max humongous: 3424M, External frag: 10%, Internal frag: 0%
[2020-08-24T20:51:07.957+0000][31350][gc,ergo      ] GC(20) Evacuation Reserve: 200M (100 regions), Max regular: 2048K
[2020-08-24T20:51:07.957+0000][31350][gc,start     ] GC(20) Concurrent evacuation
[2020-08-24T20:51:07.957+0000][31350][gc,task      ] GC(20) Using 3 of 6 workers for concurrent evacuation
[2020-08-24T20:51:07.958+0000][31350][gc           ] GC(20) Concurrent evacuation 116M->117M(4096M) 1.063ms
[2020-08-24T20:51:07.958+0000][31350][gc,start     ] GC(20) Pause Init Update Refs
[2020-08-24T20:51:07.958+0000][31350][gc           ] GC(20) Pause Init Update Refs 0.061ms
[2020-08-24T20:51:07.958+0000][31350][safepoint    ] Safepoint "ShenandoahInitUpdateRefs", Time since last: 8986638 ns, Reaching safepoint: 102497 ns, At safepoint: 76016 ns, Total: 178513 ns
[2020-08-24T20:51:07.958+0000][31350][gc,start     ] GC(20) Concurrent update references
[2020-08-24T20:51:07.958+0000][31350][gc,task      ] GC(20) Using 3 of 6 workers for concurrent reference update
[2020-08-24T20:51:07.965+0000][31350][gc           ] GC(20) Concurrent update references 119M->133M(4096M) 6.912ms
[2020-08-24T20:51:07.965+0000][31350][gc,start     ] GC(20) Pause Final Update Refs
[2020-08-24T20:51:07.965+0000][31350][gc,task      ] GC(20) Using 6 of 6 workers for final reference update
[2020-08-24T20:51:07.965+0000][31350][gc           ] GC(20) Pause Final Update Refs 0.187ms
[2020-08-24T20:51:07.965+0000][31350][safepoint    ] Safepoint "ShenandoahFinalUpdateRefs", Time since last: 6974511 ns, Reaching safepoint: 148501 ns, At safepoint: 203696 ns, Total: 352197 ns
[2020-08-24T20:51:07.965+0000][31350][gc,start     ] GC(20) Concurrent cleanup
[2020-08-24T20:51:07.966+0000][31350][gc           ] GC(20) Concurrent cleanup 133M->70M(4096M) 0.121ms
[2020-08-24T20:51:07.966+0000][31350][gc,ergo      ] Free: 3819M (1912 regions), Max regular: 2048K, Max humongous: 3422M, External frag: 11%, Internal frag: 0%
[2020-08-24T20:51:07.966+0000][31350][gc,ergo      ] Evacuation Reserve: 206M (103 regions), Max regular: 2048K
[2020-08-24T20:51:08.966+0000][31350][safepoint    ] Safepoint "Cleanup", Time since last: 1000182973 ns, Reaching safepoint: 297533 ns, At safepoint: 24599 ns, Total: 322132 ns
[2020-08-24T20:51:09.966+0000][31350][safepoint    ] Safepoint "Cleanup", Time since last: 1000161537 ns, Reaching safepoint: 179246 ns, At safepoint: 3574 ns, Total: 182820 ns
[2020-08-24T20:51:10.841+0000][31350][gc           ] Trigger: Allocated since last cycle (410M) is larger than allocation threshold (409M)
[2020-08-24T20:51:10.841+0000][31350][gc,ergo      ] Free: 3457M (1731 regions), Max regular: 2048K, Max humongous: 3422M, External frag: 2%, Internal frag: 0%
[2020-08-24T20:51:10.841+0000][31350][gc,ergo      ] Evacuation Reserve: 206M (103 regions), Max regular: 2048K
[2020-08-24T20:51:10.841+0000][31350][gc,start     ] GC(21) Concurrent reset
[2020-08-24T20:51:10.841+0000][31350][gc,task      ] GC(21) Using 3 of 6 workers for concurrent reset
[2020-08-24T20:51:10.842+0000][31350][gc           ] GC(21) Concurrent reset 432M->432M(4096M) 0.122ms
[2020-08-24T20:51:10.842+0000][31350][gc,start     ] GC(21) Pause Init Mark (unload classes)
[2020-08-24T20:51:10.842+0000][31350][gc,task      ] GC(21) Using 6 of 6 workers for init marking
[2020-08-24T20:51:10.842+0000][31350][gc           ] GC(21) Pause Init Mark (unload classes) 0.290ms
[2020-08-24T20:51:10.842+0000][31350][safepoint    ] Safepoint "ShenandoahInitMark", Time since last: 875318249 ns, Reaching safepoint: 130603 ns, At safepoint: 303756 ns, Total: 434359 ns
[2020-08-24T20:51:10.842+0000][31350][gc,start     ] GC(21) Concurrent marking (unload classes)
[2020-08-24T20:51:10.842+0000][31350][gc,task      ] GC(21) Using 3 of 6 workers for concurrent marking
[2020-08-24T20:51:10.848+0000][31350][gc           ] GC(21) Concurrent marking (unload classes) 434M->448M(4096M) 5.560ms
[2020-08-24T20:51:10.848+0000][31350][gc,start     ] GC(21) Pause Final Mark (unload classes)
[2020-08-24T20:51:10.848+0000][31350][gc,task      ] GC(21) Using 6 of 6 workers for final marking
[2020-08-24T20:51:10.848+0000][31350][gc,ergo      ] GC(21) CSet Selection. Actual Free: 4002M, Max CSet: 3001M
[2020-08-24T20:51:10.848+0000][31350][gc,ergo      ] GC(21) Collectable Garbage: 58713K (13% of total), 4008K CSet, 31 CSet regions
[2020-08-24T20:51:10.848+0000][31350][gc,ergo      ] GC(21) Immediate Garbage: 356M (86% of total), 178 regions
[2020-08-24T20:51:10.848+0000][31350][gc           ] GC(21) Pause Final Mark (unload classes) 0.441ms
[2020-08-24T20:51:10.848+0000][31350][safepoint    ] Safepoint "ShenandoahFinalMarkStartEvac", Time since last: 5642234 ns, Reaching safepoint: 111790 ns, At safepoint: 453975 ns, Total: 565765 ns
[2020-08-24T20:51:10.848+0000][31350][gc,start     ] GC(21) Concurrent roots processing
[2020-08-24T20:51:10.848+0000][31350][gc,task      ] GC(21) Using 3 of 6 workers for concurrent root processing
[2020-08-24T20:51:10.854+0000][31350][gc           ] GC(21) Concurrent roots processing 448M->470M(4096M) 5.969ms
[2020-08-24T20:51:10.854+0000][31350][gc,start     ] GC(21) Concurrent cleanup
[2020-08-24T20:51:10.854+0000][31350][gc           ] GC(21) Concurrent cleanup 470M->114M(4096M) 0.147ms
[2020-08-24T20:51:10.854+0000][31350][gc,ergo      ] GC(21) Free: 3779M (1891 regions), Max regular: 2048K, Max humongous: 3422M, External frag: 10%, Internal frag: 0%
[2020-08-24T20:51:10.854+0000][31350][gc,ergo      ] GC(21) Evacuation Reserve: 202M (101 regions), Max regular: 2048K
[2020-08-24T20:51:10.854+0000][31350][gc,start     ] GC(21) Concurrent evacuation
[2020-08-24T20:51:10.854+0000][31350][gc,task      ] GC(21) Using 3 of 6 workers for concurrent evacuation
[2020-08-24T20:51:10.855+0000][31350][gc           ] GC(21) Concurrent evacuation 114M->115M(4096M) 0.560ms
[2020-08-24T20:51:10.855+0000][31350][gc,start     ] GC(21) Pause Init Update Refs
[2020-08-24T20:51:10.855+0000][31350][gc           ] GC(21) Pause Init Update Refs 0.036ms
[2020-08-24T20:51:10.855+0000][31350][safepoint    ] Safepoint "ShenandoahInitUpdateRefs", Time since last: 6793145 ns, Reaching safepoint: 110311 ns, At safepoint: 48344 ns, Total: 158655 ns
[2020-08-24T20:51:10.855+0000][31350][gc,start     ] GC(21) Concurrent update references
[2020-08-24T20:51:10.855+0000][31350][gc,task      ] GC(21) Using 3 of 6 workers for concurrent reference update
[2020-08-24T20:51:10.861+0000][31350][gc           ] GC(21) Concurrent update references 117M->133M(4096M) 5.761ms
[2020-08-24T20:51:10.861+0000][31350][gc,start     ] GC(21) Pause Final Update Refs
[2020-08-24T20:51:10.861+0000][31350][gc,task      ] GC(21) Using 6 of 6 workers for final reference update
[2020-08-24T20:51:10.861+0000][31350][gc           ] GC(21) Pause Final Update Refs 0.102ms
[2020-08-24T20:51:10.861+0000][31350][safepoint    ] Safepoint "ShenandoahFinalUpdateRefs", Time since last: 5808286 ns, Reaching safepoint: 106170 ns, At safepoint: 114039 ns, Total: 220209 ns
[2020-08-24T20:51:10.861+0000][31350][gc,start     ] GC(21) Concurrent cleanup
[2020-08-24T20:51:10.861+0000][31350][gc           ] GC(21) Concurrent cleanup 133M->72M(4096M) 0.121ms
[2020-08-24T20:51:10.861+0000][31350][gc,ergo      ] Free: 3817M (1912 regions), Max regular: 2048K, Max humongous: 3424M, External frag: 11%, Internal frag: 0%
[2020-08-24T20:51:10.861+0000][31350][gc,ergo      ] Evacuation Reserve: 206M (103 regions), Max regular: 2048K
[2020-08-24T20:51:11.861+0000][31350][safepoint    ] Safepoint "Cleanup", Time since last: 1000062495 ns, Reaching safepoint: 48614 ns, At safepoint: 2576 ns, Total: 51190 ns
[2020-08-24T20:51:12.861+0000][31350][safepoint    ] Safepoint "Cleanup", Time since last: 1000098140 ns, Reaching safepoint: 118125 ns, At safepoint: 3451 ns, Total: 121576 ns
[2020-08-24T20:51:13.862+0000][31350][safepoint    ] Safepoint "Cleanup", Time since last: 1000119958 ns, Reaching safepoint: 248393 ns, At safepoint: 11307 ns, Total: 259700 ns
[2020-08-24T20:51:13.864+0000][31350][gc           ] Trigger: Allocated since last cycle (409M) is larger than allocation threshold (409M)
[2020-08-24T20:51:13.865+0000][31350][gc,ergo      ] Free: 3459M (1733 regions), Max regular: 2048K, Max humongous: 3424M, External frag: 2%, Internal frag: 0%
[2020-08-24T20:51:13.865+0000][31350][gc,ergo      ] Evacuation Reserve: 206M (103 regions), Max regular: 2048K
[2020-08-24T20:51:13.865+0000][31350][gc,start     ] GC(22) Concurrent reset
[2020-08-24T20:51:13.865+0000][31350][gc,task      ] GC(22) Using 3 of 6 workers for concurrent reset
[2020-08-24T20:51:13.866+0000][31350][gc           ] GC(22) Concurrent reset 432M->432M(4096M) 0.631ms
[2020-08-24T20:51:13.866+0000][31350][gc,start     ] GC(22) Pause Init Mark (unload classes)
[2020-08-24T20:51:13.866+0000][31350][gc,task      ] GC(22) Using 6 of 6 workers for init marking
[2020-08-24T20:51:13.867+0000][31350][gc           ] GC(22) Pause Init Mark (unload classes) 1.280ms
[2020-08-24T20:51:13.867+0000][31350][safepoint    ] Safepoint "ShenandoahInitMark", Time since last: 3889233 ns, Reaching safepoint: 259223 ns, At safepoint: 1343094 ns, Total: 1602317 ns
[2020-08-24T20:51:13.867+0000][31350][gc,start     ] GC(22) Concurrent marking (unload classes)
[2020-08-24T20:51:13.867+0000][31350][gc,task      ] GC(22) Using 3 of 6 workers for concurrent marking
[2020-08-24T20:51:13.887+0000][31350][gc           ] GC(22) Concurrent marking (unload classes) 432M->460M(4096M) 19.254ms
[2020-08-24T20:51:13.887+0000][31350][gc,start     ] GC(22) Pause Final Mark (unload classes)
[2020-08-24T20:51:13.887+0000][31350][gc,task      ] GC(22) Using 6 of 6 workers for final marking
[2020-08-24T20:51:13.887+0000][31350][gc,ergo      ] GC(22) CSet Selection. Actual Free: 3969M, Max CSet: 2977M
[2020-08-24T20:51:13.887+0000][31350][gc,ergo      ] GC(22) Collectable Garbage: 79075K (18% of total), 4140K CSet, 41 CSet regions
[2020-08-24T20:51:13.887+0000][31350][gc,ergo      ] GC(22) Immediate Garbage: 335M (81% of total), 168 regions
[2020-08-24T20:51:13.888+0000][31350][gc           ] GC(22) Pause Final Mark (unload classes) 0.748ms
[2020-08-24T20:51:13.888+0000][31350][safepoint    ] Safepoint "ShenandoahFinalMarkStartEvac", Time since last: 19384125 ns, Reaching safepoint: 109034 ns, At safepoint: 782215 ns, Total: 891249 ns
[2020-08-24T20:51:13.888+0000][31350][gc,start     ] GC(22) Concurrent roots processing
[2020-08-24T20:51:13.888+0000][31350][gc,task      ] GC(22) Using 3 of 6 workers for concurrent root processing
[2020-08-24T20:51:13.897+0000][31350][gc           ] GC(22) Concurrent roots processing 460M->478M(4096M) 9.698ms
[2020-08-24T20:51:13.897+0000][31350][gc,start     ] GC(22) Concurrent cleanup
[2020-08-24T20:51:13.898+0000][31350][gc           ] GC(22) Concurrent cleanup 478M->142M(4096M) 0.227ms
[2020-08-24T20:51:13.898+0000][31350][gc,ergo      ] GC(22) Free: 3751M (1877 regions), Max regular: 2048K, Max humongous: 3414M, External frag: 9%, Internal frag: 0%
[2020-08-24T20:51:13.898+0000][31350][gc,ergo      ] GC(22) Evacuation Reserve: 202M (101 regions), Max regular: 2048K
[2020-08-24T20:51:13.898+0000][31350][gc,start     ] GC(22) Concurrent evacuation
[2020-08-24T20:51:13.898+0000][31350][gc,task      ] GC(22) Using 3 of 6 workers for concurrent evacuation
[2020-08-24T20:51:13.899+0000][31350][gc           ] GC(22) Concurrent evacuation 142M->143M(4096M) 0.819ms
[2020-08-24T20:51:13.899+0000][31350][gc,start     ] GC(22) Pause Init Update Refs
[2020-08-24T20:51:13.899+0000][31350][gc           ] GC(22) Pause Init Update Refs 0.042ms
[2020-08-24T20:51:13.899+0000][31350][safepoint    ] Safepoint "ShenandoahInitUpdateRefs", Time since last: 10965462 ns, Reaching safepoint: 140081 ns, At safepoint: 56566 ns, Total: 196647 ns
[2020-08-24T20:51:13.899+0000][31350][gc,start     ] GC(22) Concurrent update references
[2020-08-24T20:51:13.899+0000][31350][gc,task      ] GC(22) Using 3 of 6 workers for concurrent reference update
[2020-08-24T20:51:13.905+0000][31350][gc           ] GC(22) Concurrent update references 143M->159M(4096M) 5.912ms
[2020-08-24T20:51:13.905+0000][31350][gc,start     ] GC(22) Pause Final Update Refs
[2020-08-24T20:51:13.905+0000][31350][gc,task      ] GC(22) Using 6 of 6 workers for final reference update
[2020-08-24T20:51:13.905+0000][31350][gc           ] GC(22) Pause Final Update Refs 0.123ms
[2020-08-24T20:51:13.905+0000][31350][safepoint    ] Safepoint "ShenandoahFinalUpdateRefs", Time since last: 5961030 ns, Reaching safepoint: 50035 ns, At safepoint: 138346 ns, Total: 188381 ns
[2020-08-24T20:51:13.905+0000][31350][gc,start     ] GC(22) Concurrent cleanup
[2020-08-24T20:51:13.905+0000][31350][gc           ] GC(22) Concurrent cleanup 159M->78M(4096M) 0.117ms
[2020-08-24T20:51:13.905+0000][31350][gc,ergo      ] Free: 3811M (1909 regions), Max regular: 2048K, Max humongous: 3414M, External frag: 11%, Internal frag: 0%
[2020-08-24T20:51:13.905+0000][31350][gc,ergo      ] Evacuation Reserve: 206M (103 regions), Max regular: 2048K
[2020-08-24T20:51:14.905+0000][31350][safepoint    ] Safepoint "Cleanup", Time since last: 1000065489 ns, Reaching safepoint: 124413 ns, At safepoint: 5887 ns, Total: 130300 ns
[2020-08-24T20:51:15.905+0000][31350][safepoint    ] Safepoint "Cleanup", Time since last: 1000099755 ns, Reaching safepoint: 111368 ns, At safepoint: 2625 ns, Total: 113993 ns
[2020-08-24T20:51:16.845+0000][31350][gc           ] Trigger: Allocated since last cycle (409M) is larger than allocation threshold (409M)
[2020-08-24T20:51:16.845+0000][31350][gc,ergo      ] Free: 3461M (1734 regions), Max regular: 2048K, Max humongous: 3414M, External frag: 2%, Internal frag: 0%
[2020-08-24T20:51:16.845+0000][31350][gc,ergo      ] Evacuation Reserve: 206M (103 regions), Max regular: 2048K
[2020-08-24T20:51:16.845+0000][31350][gc,start     ] GC(23) Concurrent reset
[2020-08-24T20:51:16.845+0000][31350][gc,task      ] GC(23) Using 3 of 6 workers for concurrent reset
[2020-08-24T20:51:16.846+0000][31350][gc           ] GC(23) Concurrent reset 428M->428M(4096M) 0.134ms
[2020-08-24T20:51:16.846+0000][31350][gc,start     ] GC(23) Pause Init Mark (unload classes)
[2020-08-24T20:51:16.846+0000][31350][gc,task      ] GC(23) Using 6 of 6 workers for init marking
[2020-08-24T20:51:16.846+0000][31350][gc           ] GC(23) Pause Init Mark (unload classes) 0.399ms
[2020-08-24T20:51:16.846+0000][31350][safepoint    ] Safepoint "ShenandoahInitMark", Time since last: 940219021 ns, Reaching safepoint: 113917 ns, At safepoint: 414361 ns, Total: 528278 ns
[2020-08-24T20:51:16.846+0000][31350][gc,start     ] GC(23) Concurrent marking (unload classes)
[2020-08-24T20:51:16.846+0000][31350][gc,task      ] GC(23) Using 3 of 6 workers for concurrent marking
[2020-08-24T20:51:16.853+0000][31350][gc           ] GC(23) Concurrent marking (unload classes) 428M->446M(4096M) 6.591ms
[2020-08-24T20:51:16.853+0000][31350][gc,start     ] GC(23) Pause Final Mark (unload classes)
[2020-08-24T20:51:16.853+0000][31350][gc,task      ] GC(23) Using 6 of 6 workers for final marking
[2020-08-24T20:51:16.853+0000][31350][gc,ergo      ] GC(23) CSet Selection. Actual Free: 4001M, Max CSet: 3001M
[2020-08-24T20:51:16.853+0000][31350][gc,ergo      ] GC(23) Collectable Garbage: 56939K (13% of total), 4032K CSet, 30 CSet regions
[2020-08-24T20:51:16.853+0000][31350][gc,ergo      ] GC(23) Immediate Garbage: 353M (86% of total), 177 regions
[2020-08-24T20:51:16.853+0000][31350][gc           ] GC(23) Pause Final Mark (unload classes) 0.616ms
[2020-08-24T20:51:16.853+0000][31350][safepoint    ] Safepoint "ShenandoahFinalMarkStartEvac", Time since last: 6652052 ns, Reaching safepoint: 113535 ns, At safepoint: 631960 ns, Total: 745495 ns
[2020-08-24T20:51:16.854+0000][31350][gc,start     ] GC(23) Concurrent roots processing
[2020-08-24T20:51:16.854+0000][31350][gc,task      ] GC(23) Using 3 of 6 workers for concurrent root processing
[2020-08-24T20:51:16.862+0000][31350][gc           ] GC(23) Concurrent roots processing 446M->466M(4096M) 8.393ms
[2020-08-24T20:51:16.862+0000][31350][gc,start     ] GC(23) Concurrent cleanup
[2020-08-24T20:51:16.862+0000][31350][gc           ] GC(23) Concurrent cleanup 466M->112M(4096M) 0.167ms
[2020-08-24T20:51:16.862+0000][31350][gc,ergo      ] GC(23) Free: 3781M (1892 regions), Max regular: 2048K, Max humongous: 3416M, External frag: 10%, Internal frag: 0%
[2020-08-24T20:51:16.862+0000][31350][gc,ergo      ] GC(23) Evacuation Reserve: 202M (101 regions), Max regular: 2048K
[2020-08-24T20:51:16.862+0000][31350][gc,start     ] GC(23) Concurrent evacuation
[2020-08-24T20:51:16.862+0000][31350][gc,task      ] GC(23) Using 3 of 6 workers for concurrent evacuation
[2020-08-24T20:51:16.863+0000][31350][gc           ] GC(23) Concurrent evacuation 112M->113M(4096M) 0.821ms
[2020-08-24T20:51:16.863+0000][31350][gc,start     ] GC(23) Pause Init Update Refs
[2020-08-24T20:51:16.863+0000][31350][gc           ] GC(23) Pause Init Update Refs 0.042ms
[2020-08-24T20:51:16.863+0000][31350][safepoint    ] Safepoint "ShenandoahInitUpdateRefs", Time since last: 9566633 ns, Reaching safepoint: 111084 ns, At safepoint: 57037 ns, Total: 168121 ns
[2020-08-24T20:51:16.863+0000][31350][gc,start     ] GC(23) Concurrent update references
[2020-08-24T20:51:16.863+0000][31350][gc,task      ] GC(23) Using 3 of 6 workers for concurrent reference update
[2020-08-24T20:51:16.871+0000][31350][gc           ] GC(23) Concurrent update references 115M->131M(4096M) 7.758ms
[2020-08-24T20:51:16.871+0000][31350][gc,start     ] GC(23) Pause Final Update Refs
[2020-08-24T20:51:16.871+0000][31350][gc,task      ] GC(23) Using 6 of 6 workers for final reference update
[2020-08-24T20:51:16.871+0000][31350][gc           ] GC(23) Pause Final Update Refs 0.137ms
[2020-08-24T20:51:16.871+0000][31350][safepoint    ] Safepoint "ShenandoahFinalUpdateRefs", Time since last: 7842326 ns, Reaching safepoint: 114982 ns, At safepoint: 151451 ns, Total: 266433 ns
[2020-08-24T20:51:16.871+0000][31350][gc,start     ] GC(23) Concurrent cleanup
[2020-08-24T20:51:16.871+0000][31350][gc           ] GC(23) Concurrent cleanup 131M->72M(4096M) 0.112ms
[2020-08-24T20:51:16.871+0000][31350][gc,ergo      ] Free: 3817M (1912 regions), Max regular: 2048K, Max humongous: 3468M, External frag: 10%, Internal frag: 0%
[2020-08-24T20:51:16.871+0000][31350][gc,ergo      ] Evacuation Reserve: 206M (103 regions), Max regular: 2048K
[2020-08-24T20:51:17.872+0000][31350][safepoint    ] Safepoint "Cleanup", Time since last: 1000090887 ns, Reaching safepoint: 309096 ns, At safepoint: 28071 ns, Total: 337167 ns
[2020-08-24T20:51:18.872+0000][31350][safepoint    ] Safepoint "Cleanup", Time since last: 1000171317 ns, Reaching safepoint: 193728 ns, At safepoint: 12012 ns, Total: 205740 ns
[2020-08-24T20:51:19.853+0000][31350][gc           ] Trigger: Allocated since last cycle (410M) is larger than allocation threshold (409M)
[2020-08-24T20:51:19.854+0000][31350][gc,ergo      ] Free: 3459M (1732 regions), Max regular: 2048K, Max humongous: 3458M, External frag: 1%, Internal frag: 0%
[2020-08-24T20:51:19.854+0000][31350][gc,ergo      ] Evacuation Reserve: 206M (103 regions), Max regular: 2048K
[2020-08-24T20:51:19.854+0000][31350][gc,start     ] GC(24) Concurrent reset
[2020-08-24T20:51:19.854+0000][31350][gc,task      ] GC(24) Using 3 of 6 workers for concurrent reset
[2020-08-24T20:51:19.854+0000][31350][gc           ] GC(24) Concurrent reset 430M->430M(4096M) 0.126ms
[2020-08-24T20:51:19.854+0000][31350][gc,start     ] GC(24) Pause Init Mark (unload classes)
[2020-08-24T20:51:19.854+0000][31350][gc,task      ] GC(24) Using 6 of 6 workers for init marking
[2020-08-24T20:51:19.854+0000][31350][gc           ] GC(24) Pause Init Mark (unload classes) 0.417ms
[2020-08-24T20:51:19.854+0000][31350][safepoint    ] Safepoint "ShenandoahInitMark", Time since last: 981613840 ns, Reaching safepoint: 184199 ns, At safepoint: 441694 ns, Total: 625893 ns
[2020-08-24T20:51:19.854+0000][31350][gc,start     ] GC(24) Concurrent marking (unload classes)
[2020-08-24T20:51:19.854+0000][31350][gc,task      ] GC(24) Using 3 of 6 workers for concurrent marking
[2020-08-24T20:51:19.861+0000][31350][gc           ] GC(24) Concurrent marking (unload classes) 430M->448M(4096M) 6.866ms
[2020-08-24T20:51:19.861+0000][31350][gc,start     ] GC(24) Pause Final Mark (unload classes)
[2020-08-24T20:51:19.861+0000][31350][gc,task      ] GC(24) Using 6 of 6 workers for final marking
[2020-08-24T20:51:19.862+0000][31350][gc,ergo      ] GC(24) CSet Selection. Actual Free: 3998M, Max CSet: 2998M
[2020-08-24T20:51:19.862+0000][31350][gc,ergo      ] GC(24) Collectable Garbage: 60415K (14% of total), 3072K CSet, 31 CSet regions
[2020-08-24T20:51:19.862+0000][31350][gc,ergo      ] GC(24) Immediate Garbage: 352M (85% of total), 176 regions
[2020-08-24T20:51:19.862+0000][31350][gc           ] GC(24) Pause Final Mark (unload classes) 0.501ms
[2020-08-24T20:51:19.862+0000][31350][safepoint    ] Safepoint "ShenandoahFinalMarkStartEvac", Time since last: 6915209 ns, Reaching safepoint: 154875 ns, At safepoint: 517181 ns, Total: 672056 ns
[2020-08-24T20:51:19.862+0000][31350][gc,start     ] GC(24) Concurrent roots processing
[2020-08-24T20:51:19.862+0000][31350][gc,task      ] GC(24) Using 3 of 6 workers for concurrent root processing
[2020-08-24T20:51:19.869+0000][31350][gc           ] GC(24) Concurrent roots processing 450M->468M(4096M) 7.086ms
[2020-08-24T20:51:19.869+0000][31350][gc,start     ] GC(24) Concurrent cleanup
[2020-08-24T20:51:19.869+0000][31350][gc           ] GC(24) Concurrent cleanup 468M->116M(4096M) 0.191ms
[2020-08-24T20:51:19.869+0000][31350][gc,ergo      ] GC(24) Free: 3777M (1891 regions), Max regular: 2048K, Max humongous: 3424M, External frag: 10%, Internal frag: 0%
[2020-08-24T20:51:19.869+0000][31350][gc,ergo      ] GC(24) Evacuation Reserve: 202M (101 regions), Max regular: 2048K
[2020-08-24T20:51:19.869+0000][31350][gc,start     ] GC(24) Concurrent evacuation
[2020-08-24T20:51:19.869+0000][31350][gc,task      ] GC(24) Using 3 of 6 workers for concurrent evacuation
[2020-08-24T20:51:19.870+0000][31350][gc           ] GC(24) Concurrent evacuation 116M->116M(4096M) 0.417ms
[2020-08-24T20:51:19.870+0000][31350][gc,start     ] GC(24) Pause Init Update Refs
[2020-08-24T20:51:19.870+0000][31350][gc           ] GC(24) Pause Init Update Refs 0.038ms
[2020-08-24T20:51:19.870+0000][31350][safepoint    ] Safepoint "ShenandoahInitUpdateRefs", Time since last: 7894448 ns, Reaching safepoint: 98269 ns, At safepoint: 50331 ns, Total: 148600 ns
[2020-08-24T20:51:19.870+0000][31350][gc,start     ] GC(24) Concurrent update references
[2020-08-24T20:51:19.870+0000][31350][gc,task      ] GC(24) Using 3 of 6 workers for concurrent reference update
[2020-08-24T20:51:19.876+0000][31350][gc           ] GC(24) Concurrent update references 116M->136M(4096M) 5.616ms
[2020-08-24T20:51:19.876+0000][31350][gc,start     ] GC(24) Pause Final Update Refs
[2020-08-24T20:51:19.876+0000][31350][gc,task      ] GC(24) Using 6 of 6 workers for final reference update
[2020-08-24T20:51:19.876+0000][31350][gc           ] GC(24) Pause Final Update Refs 0.103ms
[2020-08-24T20:51:19.876+0000][31350][safepoint    ] Safepoint "ShenandoahFinalUpdateRefs", Time since last: 5652392 ns, Reaching safepoint: 77981 ns, At safepoint: 117503 ns, Total: 195484 ns
[2020-08-24T20:51:19.876+0000][31350][gc,start     ] GC(24) Concurrent cleanup
[2020-08-24T20:51:19.876+0000][31350][gc           ] GC(24) Concurrent cleanup 136M->74M(4096M) 0.109ms
[2020-08-24T20:51:19.876+0000][31350][gc,ergo      ] Free: 3815M (1911 regions), Max regular: 2048K, Max humongous: 3422M, External frag: 11%, Internal frag: 0%
[2020-08-24T20:51:19.876+0000][31350][gc,ergo      ] Evacuation Reserve: 206M (103 regions), Max regular: 2048K
[2020-08-24T20:51:20.876+0000][31350][safepoint    ] Safepoint "Cleanup", Time since last: 1000066429 ns, Reaching safepoint: 117272 ns, At safepoint: 3434 ns, Total: 120706 ns
[2020-08-24T20:51:21.877+0000][31350][safepoint    ] Safepoint "Cleanup", Time since last: 1000167107 ns, Reaching safepoint: 320564 ns, At safepoint: 26849 ns, Total: 347413 ns
[2020-08-24T20:51:22.877+0000][31350][safepoint    ] Safepoint "Cleanup", Time since last: 1000185112 ns, Reaching safepoint: 318389 ns, At safepoint: 23863 ns, Total: 342252 ns
[2020-08-24T20:51:23.105+0000][31350][gc           ] Trigger: Allocated since last cycle (409M) is larger than allocation threshold (409M)
[2020-08-24T20:51:23.106+0000][31350][gc,ergo      ] Free: 3459M (1733 regions), Max regular: 2048K, Max humongous: 3422M, External frag: 2%, Internal frag: 0%
[2020-08-24T20:51:23.106+0000][31350][gc,ergo      ] Evacuation Reserve: 206M (103 regions), Max regular: 2048K
[2020-08-24T20:51:23.106+0000][31350][gc,start     ] GC(25) Concurrent reset
[2020-08-24T20:51:23.106+0000][31350][gc,task      ] GC(25) Using 3 of 6 workers for concurrent reset
[2020-08-24T20:51:23.106+0000][31350][gc           ] GC(25) Concurrent reset 430M->430M(4096M) 0.482ms
[2020-08-24T20:51:23.107+0000][31350][gc,start     ] GC(25) Pause Init Mark (process weakrefs) (unload classes)
[2020-08-24T20:51:23.107+0000][31350][gc,task      ] GC(25) Using 6 of 6 workers for init marking
[2020-08-24T20:51:23.108+0000][31350][gc           ] GC(25) Pause Init Mark (process weakrefs) (unload classes) 1.092ms
[2020-08-24T20:51:23.108+0000][31350][safepoint    ] Safepoint "ShenandoahInitMark", Time since last: 229161906 ns, Reaching safepoint: 301719 ns, At safepoint: 1184147 ns, Total: 1485866 ns
[2020-08-24T20:51:23.108+0000][31350][gc,start     ] GC(25) Concurrent marking (process weakrefs) (unload classes)
[2020-08-24T20:51:23.108+0000][31350][gc,task      ] GC(25) Using 3 of 6 workers for concurrent marking
[2020-08-24T20:51:23.129+0000][31350][gc           ] GC(25) Concurrent marking (process weakrefs) (unload classes) 432M->446M(4096M) 20.712ms
[2020-08-24T20:51:23.129+0000][31350][gc,start     ] GC(25) Concurrent precleaning
[2020-08-24T20:51:23.129+0000][31350][gc,task      ] GC(25) Using 1 of 6 workers for concurrent preclean
[2020-08-24T20:51:23.130+0000][31350][gc           ] GC(25) Concurrent precleaning 446M->446M(4096M) 1.007ms
[2020-08-24T20:51:23.130+0000][31350][gc,start     ] GC(25) Pause Final Mark (process weakrefs) (unload classes)
[2020-08-24T20:51:23.130+0000][31350][gc,task      ] GC(25) Using 6 of 6 workers for final marking
[2020-08-24T20:51:23.132+0000][31350][gc,ergo      ] GC(25) CSet Selection. Actual Free: 3991M, Max CSet: 2993M
[2020-08-24T20:51:23.132+0000][31350][gc,ergo      ] GC(25) Collectable Garbage: 67198K (15% of total), 3971K CSet, 36 CSet regions
[2020-08-24T20:51:23.132+0000][31350][gc,ergo      ] GC(25) Immediate Garbage: 345M (83% of total), 173 regions
[2020-08-24T20:51:23.132+0000][31350][gc           ] GC(25) Pause Final Mark (process weakrefs) (unload classes) 2.303ms
[2020-08-24T20:51:23.133+0000][31350][safepoint    ] Safepoint "ShenandoahFinalMarkStartEvac", Time since last: 22057709 ns, Reaching safepoint: 338789 ns, At safepoint: 2376040 ns, Total: 2714829 ns
[2020-08-24T20:51:23.133+0000][31350][gc,start     ] GC(25) Concurrent roots processing
[2020-08-24T20:51:23.133+0000][31350][gc,task      ] GC(25) Using 3 of 6 workers for concurrent root processing
[2020-08-24T20:51:23.145+0000][31350][gc           ] GC(25) Concurrent roots processing 448M->464M(4096M) 12.602ms
[2020-08-24T20:51:23.145+0000][31350][gc,start     ] GC(25) Concurrent cleanup
[2020-08-24T20:51:23.146+0000][31350][gc           ] GC(25) Concurrent cleanup 464M->118M(4096M) 0.328ms
[2020-08-24T20:51:23.146+0000][31350][gc,ergo      ] GC(25) Free: 3773M (1888 regions), Max regular: 2048K, Max humongous: 3430M, External frag: 10%, Internal frag: 0%
[2020-08-24T20:51:23.146+0000][31350][gc,ergo      ] GC(25) Evacuation Reserve: 202M (101 regions), Max regular: 2048K
[2020-08-24T20:51:23.146+0000][31350][gc,start     ] GC(25) Concurrent evacuation
[2020-08-24T20:51:23.146+0000][31350][gc,task      ] GC(25) Using 3 of 6 workers for concurrent evacuation
[2020-08-24T20:51:23.147+0000][31350][gc           ] GC(25) Concurrent evacuation 118M->119M(4096M) 1.046ms
[2020-08-24T20:51:23.147+0000][31350][gc,start     ] GC(25) Pause Init Update Refs
[2020-08-24T20:51:23.147+0000][31350][gc           ] GC(25) Pause Init Update Refs 0.050ms
[2020-08-24T20:51:23.147+0000][31350][safepoint    ] Safepoint "ShenandoahInitUpdateRefs", Time since last: 14239983 ns, Reaching safepoint: 69584 ns, At safepoint: 76075 ns, Total: 145659 ns
[2020-08-24T20:51:23.147+0000][31350][gc,start     ] GC(25) Concurrent update references
[2020-08-24T20:51:23.147+0000][31350][gc,task      ] GC(25) Using 3 of 6 workers for concurrent reference update
[2020-08-24T20:51:23.154+0000][31350][gc           ] GC(25) Concurrent update references 121M->135M(4096M) 7.097ms
[2020-08-24T20:51:23.154+0000][31350][gc,start     ] GC(25) Pause Final Update Refs
[2020-08-24T20:51:23.154+0000][31350][gc,task      ] GC(25) Using 6 of 6 workers for final reference update
[2020-08-24T20:51:23.154+0000][31350][gc           ] GC(25) Pause Final Update Refs 0.174ms
[2020-08-24T20:51:23.154+0000][31350][safepoint    ] Safepoint "ShenandoahFinalUpdateRefs", Time since last: 7212509 ns, Reaching safepoint: 52091 ns, At safepoint: 203563 ns, Total: 255654 ns
[2020-08-24T20:51:23.154+0000][31350][gc,start     ] GC(25) Concurrent cleanup
[2020-08-24T20:51:23.155+0000][31350][gc           ] GC(25) Concurrent cleanup 135M->66M(4096M) 0.140ms
[2020-08-24T20:51:23.155+0000][31350][gc,ergo      ] Free: 3823M (1914 regions), Max regular: 2048K, Max humongous: 3462M, External frag: 10%, Internal frag: 0%
[2020-08-24T20:51:23.155+0000][31350][gc,ergo      ] Evacuation Reserve: 206M (103 regions), Max regular: 2048K
[2020-08-24T20:51:24.155+0000][31350][safepoint    ] Safepoint "Cleanup", Time since last: 1000147445 ns, Reaching safepoint: 177471 ns, At safepoint: 13607 ns, Total: 191078 ns
[2020-08-24T20:51:25.155+0000][31350][safepoint    ] Safepoint "Cleanup", Time since last: 1000229067 ns, Reaching safepoint: 169741 ns, At safepoint: 12467 ns, Total: 182208 ns
[2020-08-24T20:51:26.137+0000][31350][gc           ] Trigger: Allocated since last cycle (409M) is larger than allocation threshold (409M)
[2020-08-24T20:51:26.137+0000][31350][gc,ergo      ] Free: 3459M (1732 regions), Max regular: 2048K, Max humongous: 3458M, External frag: 1%, Internal frag: 0%
[2020-08-24T20:51:26.137+0000][31350][gc,ergo      ] Evacuation Reserve: 206M (103 regions), Max regular: 2048K
[2020-08-24T20:51:26.137+0000][31350][gc,start     ] GC(26) Concurrent reset
[2020-08-24T20:51:26.137+0000][31350][gc,task      ] GC(26) Using 3 of 6 workers for concurrent reset
[2020-08-24T20:51:26.137+0000][31350][gc           ] GC(26) Concurrent reset 430M->430M(4096M) 0.457ms
[2020-08-24T20:51:26.138+0000][31350][gc,start     ] GC(26) Pause Init Mark (unload classes)
[2020-08-24T20:51:26.138+0000][31350][gc,task      ] GC(26) Using 6 of 6 workers for init marking
[2020-08-24T20:51:26.139+0000][31350][gc           ] GC(26) Pause Init Mark (unload classes) 1.064ms
[2020-08-24T20:51:26.139+0000][31350][safepoint    ] Safepoint "ShenandoahInitMark", Time since last: 982419812 ns, Reaching safepoint: 260292 ns, At safepoint: 1154202 ns, Total: 1414494 ns
[2020-08-24T20:51:26.139+0000][31350][gc,start     ] GC(26) Concurrent marking (unload classes)
[2020-08-24T20:51:26.139+0000][31350][gc,task      ] GC(26) Using 3 of 6 workers for concurrent marking
[2020-08-24T20:51:26.160+0000][31350][gc           ] GC(26) Concurrent marking (unload classes) 430M->446M(4096M) 20.761ms
[2020-08-24T20:51:26.160+0000][31350][gc,start     ] GC(26) Pause Final Mark (unload classes)
[2020-08-24T20:51:26.160+0000][31350][gc,task      ] GC(26) Using 6 of 6 workers for final marking
[2020-08-24T20:51:26.161+0000][31350][gc,ergo      ] GC(26) CSet Selection. Actual Free: 3994M, Max CSet: 2995M
[2020-08-24T20:51:26.161+0000][31350][gc,ergo      ] GC(26) Collectable Garbage: 66947K (15% of total), 3998K CSet, 35 CSet regions
[2020-08-24T20:51:26.161+0000][31350][gc,ergo      ] GC(26) Immediate Garbage: 346M (83% of total), 173 regions
[2020-08-24T20:51:26.161+0000][31350][gc           ] GC(26) Pause Final Mark (unload classes) 1.176ms
[2020-08-24T20:51:26.161+0000][31350][safepoint    ] Safepoint "ShenandoahFinalMarkStartEvac", Time since last: 20947910 ns, Reaching safepoint: 235187 ns, At safepoint: 1222874 ns, Total: 1458061 ns
[2020-08-24T20:51:26.161+0000][31350][gc,start     ] GC(26) Concurrent roots processing
[2020-08-24T20:51:26.161+0000][31350][gc,task      ] GC(26) Using 3 of 6 workers for concurrent root processing
[2020-08-24T20:51:26.173+0000][31350][gc           ] GC(26) Concurrent roots processing 446M->466M(4096M) 11.162ms
[2020-08-24T20:51:26.173+0000][31350][gc,start     ] GC(26) Concurrent cleanup
[2020-08-24T20:51:26.173+0000][31350][gc           ] GC(26) Concurrent cleanup 466M->120M(4096M) 0.232ms
[2020-08-24T20:51:26.173+0000][31350][gc,ergo      ] GC(26) Free: 3773M (1888 regions), Max regular: 2048K, Max humongous: 3426M, External frag: 10%, Internal frag: 0%
[2020-08-24T20:51:26.173+0000][31350][gc,ergo      ] GC(26) Evacuation Reserve: 202M (101 regions), Max regular: 2048K
[2020-08-24T20:51:26.173+0000][31350][gc,start     ] GC(26) Concurrent evacuation
[2020-08-24T20:51:26.173+0000][31350][gc,task      ] GC(26) Using 3 of 6 workers for concurrent evacuation
[2020-08-24T20:51:26.174+0000][31350][gc           ] GC(26) Concurrent evacuation 120M->121M(4096M) 1.224ms
[2020-08-24T20:51:26.174+0000][31350][gc,start     ] GC(26) Pause Init Update Refs
[2020-08-24T20:51:26.174+0000][31350][gc           ] GC(26) Pause Init Update Refs 0.045ms
[2020-08-24T20:51:26.174+0000][31350][safepoint    ] Safepoint "ShenandoahInitUpdateRefs", Time since last: 12805481 ns, Reaching safepoint: 127071 ns, At safepoint: 66666 ns, Total: 193737 ns
[2020-08-24T20:51:26.174+0000][31350][gc,start     ] GC(26) Concurrent update references
[2020-08-24T20:51:26.174+0000][31350][gc,task      ] GC(26) Using 3 of 6 workers for concurrent reference update
[2020-08-24T20:51:26.181+0000][31350][gc           ] GC(26) Concurrent update references 123M->137M(4096M) 6.729ms
[2020-08-24T20:51:26.181+0000][31350][gc,start     ] GC(26) Pause Final Update Refs
[2020-08-24T20:51:26.181+0000][31350][gc,task      ] GC(26) Using 6 of 6 workers for final reference update
[2020-08-24T20:51:26.181+0000][31350][gc           ] GC(26) Pause Final Update Refs 0.136ms
[2020-08-24T20:51:26.181+0000][31350][safepoint    ] Safepoint "ShenandoahFinalUpdateRefs", Time since last: 6852404 ns, Reaching safepoint: 119855 ns, At safepoint: 157424 ns, Total: 277279 ns
[2020-08-24T20:51:26.182+0000][31350][gc,start     ] GC(26) Concurrent cleanup
[2020-08-24T20:51:26.182+0000][31350][gc           ] GC(26) Concurrent cleanup 137M->68M(4096M) 0.153ms
[2020-08-24T20:51:26.182+0000][31350][gc,ergo      ] Free: 3821M (1914 regions), Max regular: 2048K, Max humongous: 3426M, External frag: 11%, Internal frag: 0%
[2020-08-24T20:51:26.182+0000][31350][gc,ergo      ] Evacuation Reserve: 206M (103 regions), Max regular: 2048K
[2020-08-24T20:51:27.182+0000][31350][safepoint    ] Safepoint "Cleanup", Time since last: 1000164662 ns, Reaching safepoint: 288317 ns, At safepoint: 28510 ns, Total: 316827 ns
[2020-08-24T20:51:28.183+0000][31350][safepoint    ] Safepoint "Cleanup", Time since last: 1000232970 ns, Reaching safepoint: 284393 ns, At safepoint: 24763 ns, Total: 309156 ns
[2020-08-24T20:51:28.858+0000][31350][gc           ] Trigger: Allocated since last cycle (409M) is larger than allocation threshold (409M)
[2020-08-24T20:51:28.858+0000][31350][gc,ergo      ] Free: 3459M (1733 regions), Max regular: 2048K, Max humongous: 3426M, External frag: 1%, Internal frag: 0%
[2020-08-24T20:51:28.858+0000][31350][gc,ergo      ] Evacuation Reserve: 206M (103 regions), Max regular: 2048K
[2020-08-24T20:51:28.858+0000][31350][gc,start     ] GC(27) Concurrent reset
[2020-08-24T20:51:28.858+0000][31350][gc,task      ] GC(27) Using 3 of 6 workers for concurrent reset
[2020-08-24T20:51:28.858+0000][31350][gc           ] GC(27) Concurrent reset 430M->430M(4096M) 0.125ms
[2020-08-24T20:51:28.858+0000][31350][gc,start     ] GC(27) Pause Init Mark (unload classes)
[2020-08-24T20:51:28.858+0000][31350][gc,task      ] GC(27) Using 6 of 6 workers for init marking
[2020-08-24T20:51:28.859+0000][31350][gc           ] GC(27) Pause Init Mark (unload classes) 0.365ms
[2020-08-24T20:51:28.859+0000][31350][safepoint    ] Safepoint "ShenandoahInitMark", Time since last: 675699777 ns, Reaching safepoint: 147847 ns, At safepoint: 386651 ns, Total: 534498 ns
[2020-08-24T20:51:28.859+0000][31350][gc,start     ] GC(27) Concurrent marking (unload classes)
[2020-08-24T20:51:28.859+0000][31350][gc,task      ] GC(27) Using 3 of 6 workers for concurrent marking
[2020-08-24T20:51:28.865+0000][31350][gc           ] GC(27) Concurrent marking (unload classes) 432M->446M(4096M) 6.613ms
[2020-08-24T20:51:28.866+0000][31350][gc,start     ] GC(27) Pause Final Mark (unload classes)
[2020-08-24T20:51:28.866+0000][31350][gc,task      ] GC(27) Using 6 of 6 workers for final marking
[2020-08-24T20:51:28.866+0000][31350][gc,ergo      ] GC(27) CSet Selection. Actual Free: 4001M, Max CSet: 3001M
[2020-08-24T20:51:28.866+0000][31350][gc,ergo      ] GC(27) Collectable Garbage: 58532K (13% of total), 4019K CSet, 31 CSet regions
[2020-08-24T20:51:28.866+0000][31350][gc,ergo      ] GC(27) Immediate Garbage: 353M (85% of total), 177 regions
[2020-08-24T20:51:28.866+0000][31350][gc           ] GC(27) Pause Final Mark (unload classes) 0.513ms
[2020-08-24T20:51:28.866+0000][31350][safepoint    ] Safepoint "ShenandoahFinalMarkStartEvac", Time since last: 6662839 ns, Reaching safepoint: 108920 ns, At safepoint: 527961 ns, Total: 636881 ns
[2020-08-24T20:51:28.866+0000][31350][gc,start     ] GC(27) Concurrent roots processing
[2020-08-24T20:51:28.866+0000][31350][gc,task      ] GC(27) Using 3 of 6 workers for concurrent root processing
[2020-08-24T20:51:28.872+0000][31350][gc           ] GC(27) Concurrent roots processing 448M->464M(4096M) 6.322ms
[2020-08-24T20:51:28.872+0000][31350][gc,start     ] GC(27) Concurrent cleanup
[2020-08-24T20:51:28.873+0000][31350][gc           ] GC(27) Concurrent cleanup 464M->110M(4096M) 0.146ms
[2020-08-24T20:51:28.873+0000][31350][gc,ergo      ] GC(27) Free: 3782M (1892 regions), Max regular: 2048K, Max humongous: 3436M, External frag: 10%, Internal frag: 0%
[2020-08-24T20:51:28.873+0000][31350][gc,ergo      ] GC(27) Evacuation Reserve: 202M (101 regions), Max regular: 2048K
[2020-08-24T20:51:28.873+0000][31350][gc,start     ] GC(27) Concurrent evacuation
[2020-08-24T20:51:28.873+0000][31350][gc,task      ] GC(27) Using 3 of 6 workers for concurrent evacuation
[2020-08-24T20:51:28.873+0000][31350][gc           ] GC(27) Concurrent evacuation 110M->113M(4096M) 0.713ms
[2020-08-24T20:51:28.873+0000][31350][gc,start     ] GC(27) Pause Init Update Refs
[2020-08-24T20:51:28.874+0000][31350][gc           ] GC(27) Pause Init Update Refs 0.040ms
[2020-08-24T20:51:28.874+0000][31350][safepoint    ] Safepoint "ShenandoahInitUpdateRefs", Time since last: 7339324 ns, Reaching safepoint: 107659 ns, At safepoint: 54748 ns, Total: 162407 ns
[2020-08-24T20:51:28.874+0000][31350][gc,start     ] GC(27) Concurrent update references
[2020-08-24T20:51:28.874+0000][31350][gc,task      ] GC(27) Using 3 of 6 workers for concurrent reference update
[2020-08-24T20:51:28.879+0000][31350][gc           ] GC(27) Concurrent update references 113M->127M(4096M) 5.035ms
[2020-08-24T20:51:28.879+0000][31350][gc,start     ] GC(27) Pause Final Update Refs
[2020-08-24T20:51:28.879+0000][31350][gc,task      ] GC(27) Using 6 of 6 workers for final reference update
[2020-08-24T20:51:28.879+0000][31350][gc           ] GC(27) Pause Final Update Refs 0.154ms
[2020-08-24T20:51:28.879+0000][31350][safepoint    ] Safepoint "ShenandoahFinalUpdateRefs", Time since last: 5108152 ns, Reaching safepoint: 81583 ns, At safepoint: 175843 ns, Total: 257426 ns
[2020-08-24T20:51:28.879+0000][31350][gc,start     ] GC(27) Concurrent cleanup
[2020-08-24T20:51:28.879+0000][31350][gc           ] GC(27) Concurrent cleanup 127M->66M(4096M) 0.119ms
[2020-08-24T20:51:28.879+0000][31350][gc,ergo      ] Free: 3823M (1914 regions), Max regular: 2048K, Max humongous: 3458M, External frag: 10%, Internal frag: 0%
[2020-08-24T20:51:28.879+0000][31350][gc,ergo      ] Evacuation Reserve: 206M (103 regions), Max regular: 2048K
[2020-08-24T20:51:29.879+0000][31350][safepoint    ] Safepoint "Cleanup", Time since last: 1000065662 ns, Reaching safepoint: 47006 ns, At safepoint: 3642 ns, Total: 50648 ns
[2020-08-24T20:51:30.879+0000][31350][safepoint    ] Safepoint "Cleanup", Time since last: 1000084062 ns, Reaching safepoint: 162400 ns, At safepoint: 10572 ns, Total: 172972 ns
[2020-08-24T20:51:31.857+0000][31350][gc           ] Trigger: Allocated since last cycle (410M) is larger than allocation threshold (409M)
[2020-08-24T20:51:31.857+0000][31350][gc,ergo      ] Free: 3459M (1732 regions), Max regular: 2048K, Max humongous: 3458M, External frag: 1%, Internal frag: 0%
[2020-08-24T20:51:31.857+0000][31350][gc,ergo      ] Evacuation Reserve: 206M (103 regions), Max regular: 2048K
[2020-08-24T20:51:31.857+0000][31350][gc,start     ] GC(28) Concurrent reset
[2020-08-24T20:51:31.857+0000][31350][gc,task      ] GC(28) Using 3 of 6 workers for concurrent reset
[2020-08-24T20:51:31.857+0000][31350][gc           ] GC(28) Concurrent reset 430M->430M(4096M) 0.114ms
[2020-08-24T20:51:31.857+0000][31350][gc,start     ] GC(28) Pause Init Mark (unload classes)
[2020-08-24T20:51:31.857+0000][31350][gc,task      ] GC(28) Using 6 of 6 workers for init marking
[2020-08-24T20:51:31.857+0000][31350][gc           ] GC(28) Pause Init Mark (unload classes) 0.329ms
[2020-08-24T20:51:31.857+0000][31350][safepoint    ] Safepoint "ShenandoahInitMark", Time since last: 977747042 ns, Reaching safepoint: 64974 ns, At safepoint: 355721 ns, Total: 420695 ns
[2020-08-24T20:51:31.857+0000][31350][gc,start     ] GC(28) Concurrent marking (unload classes)
[2020-08-24T20:51:31.857+0000][31350][gc,task      ] GC(28) Using 3 of 6 workers for concurrent marking
[2020-08-24T20:51:31.863+0000][31350][gc           ] GC(28) Concurrent marking (unload classes) 432M->446M(4096M) 5.982ms
[2020-08-24T20:51:31.864+0000][31350][gc,start     ] GC(28) Pause Final Mark (unload classes)
[2020-08-24T20:51:31.864+0000][31350][gc,task      ] GC(28) Using 6 of 6 workers for final marking
[2020-08-24T20:51:31.864+0000][31350][gc,ergo      ] GC(28) CSet Selection. Actual Free: 4004M, Max CSet: 3003M
[2020-08-24T20:51:31.864+0000][31350][gc,ergo      ] GC(28) Collectable Garbage: 56458K (13% of total), 4009K CSet, 30 CSet regions
[2020-08-24T20:51:31.864+0000][31350][gc,ergo      ] GC(28) Immediate Garbage: 356M (86% of total), 178 regions
[2020-08-24T20:51:31.864+0000][31350][gc           ] GC(28) Pause Final Mark (unload classes) 0.526ms
[2020-08-24T20:51:31.864+0000][31350][safepoint    ] Safepoint "ShenandoahFinalMarkStartEvac", Time since last: 6031878 ns, Reaching safepoint: 115532 ns, At safepoint: 541251 ns, Total: 656783 ns
[2020-08-24T20:51:31.864+0000][31350][gc,start     ] GC(28) Concurrent roots processing
[2020-08-24T20:51:31.864+0000][31350][gc,task      ] GC(28) Using 3 of 6 workers for concurrent root processing
[2020-08-24T20:51:31.871+0000][31350][gc           ] GC(28) Concurrent roots processing 446M->464M(4096M) 6.471ms
[2020-08-24T20:51:31.871+0000][31350][gc,start     ] GC(28) Concurrent cleanup
[2020-08-24T20:51:31.871+0000][31350][gc           ] GC(28) Concurrent cleanup 464M->108M(4096M) 0.151ms
[2020-08-24T20:51:31.871+0000][31350][gc,ergo      ] GC(28) Free: 3784M (1893 regions), Max regular: 2048K, Max humongous: 3426M, External frag: 10%, Internal frag: 0%
[2020-08-24T20:51:31.871+0000][31350][gc,ergo      ] GC(28) Evacuation Reserve: 202M (101 regions), Max regular: 2048K
[2020-08-24T20:51:31.871+0000][31350][gc,start     ] GC(28) Concurrent evacuation
[2020-08-24T20:51:31.871+0000][31350][gc,task      ] GC(28) Using 3 of 6 workers for concurrent evacuation
[2020-08-24T20:51:31.871+0000][31350][gc           ] GC(28) Concurrent evacuation 108M->109M(4096M) 0.563ms
[2020-08-24T20:51:31.872+0000][31350][gc,start     ] GC(28) Pause Init Update Refs
[2020-08-24T20:51:31.872+0000][31350][gc           ] GC(28) Pause Init Update Refs 0.036ms
[2020-08-24T20:51:31.872+0000][31350][safepoint    ] Safepoint "ShenandoahInitUpdateRefs", Time since last: 7332441 ns, Reaching safepoint: 69699 ns, At safepoint: 49200 ns, Total: 118899 ns
[2020-08-24T20:51:31.872+0000][31350][gc,start     ] GC(28) Concurrent update references
[2020-08-24T20:51:31.872+0000][31350][gc,task      ] GC(28) Using 3 of 6 workers for concurrent reference update
[2020-08-24T20:51:31.877+0000][31350][gc           ] GC(28) Concurrent update references 111M->127M(4096M) 5.286ms
[2020-08-24T20:51:31.877+0000][31350][gc,start     ] GC(28) Pause Final Update Refs
[2020-08-24T20:51:31.877+0000][31350][gc,task      ] GC(28) Using 6 of 6 workers for final reference update
[2020-08-24T20:51:31.877+0000][31350][gc           ] GC(28) Pause Final Update Refs 0.129ms
[2020-08-24T20:51:31.877+0000][31350][safepoint    ] Safepoint "ShenandoahFinalUpdateRefs", Time since last: 5338294 ns, Reaching safepoint: 42788 ns, At safepoint: 145226 ns, Total: 188014 ns
[2020-08-24T20:51:31.877+0000][31350][gc,start     ] GC(28) Concurrent cleanup
[2020-08-24T20:51:31.877+0000][31350][gc           ] GC(28) Concurrent cleanup 127M->68M(4096M) 0.113ms
[2020-08-24T20:51:31.877+0000][31350][gc,ergo      ] Free: 3821M (1913 regions), Max regular: 2048K, Max humongous: 3426M, External frag: 11%, Internal frag: 0%
[2020-08-24T20:51:31.877+0000][31350][gc,ergo      ] Evacuation Reserve: 206M (103 regions), Max regular: 2048K
[2020-08-24T20:51:32.878+0000][31350][safepoint    ] Safepoint "Cleanup", Time since last: 1000137325 ns, Reaching safepoint: 284215 ns, At safepoint: 51642 ns, Total: 335857 ns
[2020-08-24T20:51:33.878+0000][31350][safepoint    ] Safepoint "Cleanup", Time since last: 1000149244 ns, Reaching safepoint: 229109 ns, At safepoint: 21090 ns, Total: 250199 ns
[2020-08-24T20:51:34.861+0000][31350][gc           ] Trigger: Allocated since last cycle (412M) is larger than allocation threshold (409M)
[2020-08-24T20:51:34.861+0000][31350][gc,ergo      ] Free: 3457M (1731 regions), Max regular: 2048K, Max humongous: 3426M, External frag: 1%, Internal frag: 0%
[2020-08-24T20:51:34.861+0000][31350][gc,ergo      ] Evacuation Reserve: 206M (103 regions), Max regular: 2048K
[2020-08-24T20:51:34.861+0000][31350][gc,start     ] GC(29) Concurrent reset
[2020-08-24T20:51:34.861+0000][31350][gc,task      ] GC(29) Using 3 of 6 workers for concurrent reset
[2020-08-24T20:51:34.861+0000][31350][gc           ] GC(29) Concurrent reset 432M->432M(4096M) 0.124ms
[2020-08-24T20:51:34.861+0000][31350][gc,start     ] GC(29) Pause Init Mark (unload classes)
[2020-08-24T20:51:34.861+0000][31350][gc,task      ] GC(29) Using 6 of 6 workers for init marking
[2020-08-24T20:51:34.861+0000][31350][gc           ] GC(29) Pause Init Mark (unload classes) 0.333ms
[2020-08-24T20:51:34.861+0000][31350][safepoint    ] Safepoint "ShenandoahInitMark", Time since last: 982906522 ns, Reaching safepoint: 150125 ns, At safepoint: 348527 ns, Total: 498652 ns
[2020-08-24T20:51:34.861+0000][31350][gc,start     ] GC(29) Concurrent marking (unload classes)
[2020-08-24T20:51:34.861+0000][31350][gc,task      ] GC(29) Using 3 of 6 workers for concurrent marking
[2020-08-24T20:51:34.868+0000][31350][gc           ] GC(29) Concurrent marking (unload classes) 432M->448M(4096M) 6.163ms
[2020-08-24T20:51:34.868+0000][31350][gc,start     ] GC(29) Pause Final Mark (unload classes)
[2020-08-24T20:51:34.868+0000][31350][gc,task      ] GC(29) Using 6 of 6 workers for final marking
[2020-08-24T20:51:34.868+0000][31350][gc,ergo      ] GC(29) CSet Selection. Actual Free: 4002M, Max CSet: 3001M
[2020-08-24T20:51:34.868+0000][31350][gc,ergo      ] GC(29) Collectable Garbage: 58966K (13% of total), 4003K CSet, 31 CSet regions
[2020-08-24T20:51:34.868+0000][31350][gc,ergo      ] GC(29) Immediate Garbage: 356M (85% of total), 178 regions
[2020-08-24T20:51:34.868+0000][31350][gc           ] GC(29) Pause Final Mark (unload classes) 0.489ms
[2020-08-24T20:51:34.868+0000][31350][safepoint    ] Safepoint "ShenandoahFinalMarkStartEvac", Time since last: 6206043 ns, Reaching safepoint: 137991 ns, At safepoint: 504127 ns, Total: 642118 ns
[2020-08-24T20:51:34.868+0000][31350][gc,start     ] GC(29) Concurrent roots processing
[2020-08-24T20:51:34.868+0000][31350][gc,task      ] GC(29) Using 3 of 6 workers for concurrent root processing
[2020-08-24T20:51:34.874+0000][31350][gc           ] GC(29) Concurrent roots processing 448M->474M(4096M) 5.959ms
[2020-08-24T20:51:34.874+0000][31350][gc,start     ] GC(29) Concurrent cleanup
[2020-08-24T20:51:34.874+0000][31350][gc           ] GC(29) Concurrent cleanup 474M->118M(4096M) 0.148ms
[2020-08-24T20:51:34.874+0000][31350][gc,ergo      ] GC(29) Free: 3775M (1889 regions), Max regular: 2048K, Max humongous: 3418M, External frag: 10%, Internal frag: 0%
[2020-08-24T20:51:34.874+0000][31350][gc,ergo      ] GC(29) Evacuation Reserve: 202M (101 regions), Max regular: 2048K
[2020-08-24T20:51:34.874+0000][31350][gc,start     ] GC(29) Concurrent evacuation
[2020-08-24T20:51:34.874+0000][31350][gc,task      ] GC(29) Using 3 of 6 workers for concurrent evacuation
[2020-08-24T20:51:34.875+0000][31350][gc           ] GC(29) Concurrent evacuation 118M->119M(4096M) 0.623ms
[2020-08-24T20:51:34.875+0000][31350][gc,start     ] GC(29) Pause Init Update Refs
[2020-08-24T20:51:34.875+0000][31350][gc           ] GC(29) Pause Init Update Refs 0.029ms
[2020-08-24T20:51:34.875+0000][31350][safepoint    ] Safepoint "ShenandoahInitUpdateRefs", Time since last: 6837985 ns, Reaching safepoint: 40737 ns, At safepoint: 42018 ns, Total: 82755 ns
[2020-08-24T20:51:34.875+0000][31350][gc,start     ] GC(29) Concurrent update references
[2020-08-24T20:51:34.875+0000][31350][gc,task      ] GC(29) Using 3 of 6 workers for concurrent reference update
[2020-08-24T20:51:34.880+0000][31350][gc           ] GC(29) Concurrent update references 123M->135M(4096M) 4.896ms
[2020-08-24T20:51:34.880+0000][31350][gc,start     ] GC(29) Pause Final Update Refs
[2020-08-24T20:51:34.880+0000][31350][gc,task      ] GC(29) Using 6 of 6 workers for final reference update
[2020-08-24T20:51:34.880+0000][31350][gc           ] GC(29) Pause Final Update Refs 0.117ms
[2020-08-24T20:51:34.880+0000][31350][safepoint    ] Safepoint "ShenandoahFinalUpdateRefs", Time since last: 4972808 ns, Reaching safepoint: 113283 ns, At safepoint: 136546 ns, Total: 249829 ns
[2020-08-24T20:51:34.880+0000][31350][gc,start     ] GC(29) Concurrent cleanup
[2020-08-24T20:51:34.881+0000][31350][gc           ] GC(29) Concurrent cleanup 135M->74M(4096M) 0.108ms
[2020-08-24T20:51:34.881+0000][31350][gc,ergo      ] Free: 3815M (1911 regions), Max regular: 2048K, Max humongous: 3418M, External frag: 11%, Internal frag: 0%
[2020-08-24T20:51:34.881+0000][31350][gc,ergo      ] Evacuation Reserve: 206M (103 regions), Max regular: 2048K
[2020-08-24T20:51:35.881+0000][31350][safepoint    ] Safepoint "Cleanup", Time since last: 1000065742 ns, Reaching safepoint: 111559 ns, At safepoint: 3029 ns, Total: 114588 ns
[2020-08-24T20:51:36.881+0000][31350][safepoint    ] Safepoint "Cleanup", Time since last: 1000092673 ns, Reaching safepoint: 221922 ns, At safepoint: 5094 ns, Total: 227016 ns
[2020-08-24T20:51:37.857+0000][31350][gc           ] Trigger: Allocated since last cycle (409M) is larger than allocation threshold (409M)
[2020-08-24T20:51:37.857+0000][31350][gc,ergo      ] Free: 3459M (1733 regions), Max regular: 2048K, Max humongous: 3418M, External frag: 2%, Internal frag: 0%
[2020-08-24T20:51:37.857+0000][31350][gc,ergo      ] Evacuation Reserve: 206M (103 regions), Max regular: 2048K
[2020-08-24T20:51:37.857+0000][31350][gc,start     ] GC(30) Concurrent reset
[2020-08-24T20:51:37.857+0000][31350][gc,task      ] GC(30) Using 3 of 6 workers for concurrent reset
[2020-08-24T20:51:37.857+0000][31350][gc           ] GC(30) Concurrent reset 430M->430M(4096M) 0.120ms
[2020-08-24T20:51:37.857+0000][31350][gc,start     ] GC(30) Pause Init Mark (process weakrefs) (unload classes)
[2020-08-24T20:51:37.857+0000][31350][gc,task      ] GC(30) Using 6 of 6 workers for init marking
[2020-08-24T20:51:37.858+0000][31350][gc           ] GC(30) Pause Init Mark (process weakrefs) (unload classes) 0.321ms
[2020-08-24T20:51:37.858+0000][31350][safepoint    ] Safepoint "ShenandoahInitMark", Time since last: 976348243 ns, Reaching safepoint: 114130 ns, At safepoint: 338104 ns, Total: 452234 ns
[2020-08-24T20:51:37.858+0000][31350][gc,start     ] GC(30) Concurrent marking (process weakrefs) (unload classes)
[2020-08-24T20:51:37.858+0000][31350][gc,task      ] GC(30) Using 3 of 6 workers for concurrent marking
[2020-08-24T20:51:37.864+0000][31350][gc           ] GC(30) Concurrent marking (process weakrefs) (unload classes) 430M->446M(4096M) 6.065ms
[2020-08-24T20:51:37.864+0000][31350][gc,start     ] GC(30) Concurrent precleaning
[2020-08-24T20:51:37.864+0000][31350][gc,task      ] GC(30) Using 1 of 6 workers for concurrent preclean
[2020-08-24T20:51:37.864+0000][31350][gc           ] GC(30) Concurrent precleaning 448M->448M(4096M) 0.378ms
[2020-08-24T20:51:37.864+0000][31350][gc,start     ] GC(30) Pause Final Mark (process weakrefs) (unload classes)
[2020-08-24T20:51:37.864+0000][31350][gc,task      ] GC(30) Using 6 of 6 workers for final marking
[2020-08-24T20:51:37.865+0000][31350][gc,ergo      ] GC(30) CSet Selection. Actual Free: 3995M, Max CSet: 2996M
[2020-08-24T20:51:37.865+0000][31350][gc,ergo      ] GC(30) Collectable Garbage: 62661K (14% of total), 3977K CSet, 33 CSet regions
[2020-08-24T20:51:37.865+0000][31350][gc,ergo      ] GC(30) Immediate Garbage: 349M (85% of total), 175 regions
[2020-08-24T20:51:37.865+0000][31350][gc           ] GC(30) Pause Final Mark (process weakrefs) (unload classes) 0.493ms
[2020-08-24T20:51:37.865+0000][31350][safepoint    ] Safepoint "ShenandoahFinalMarkStartEvac", Time since last: 6498514 ns, Reaching safepoint: 109622 ns, At safepoint: 509495 ns, Total: 619117 ns
[2020-08-24T20:51:37.865+0000][31350][gc,start     ] GC(30) Concurrent roots processing
[2020-08-24T20:51:37.865+0000][31350][gc,task      ] GC(30) Using 3 of 6 workers for concurrent root processing
[2020-08-24T20:51:37.871+0000][31350][gc           ] GC(30) Concurrent roots processing 450M->466M(4096M) 5.709ms
[2020-08-24T20:51:37.871+0000][31350][gc,start     ] GC(30) Concurrent cleanup
[2020-08-24T20:51:37.871+0000][31350][gc           ] GC(30) Concurrent cleanup 466M->116M(4096M) 0.152ms
[2020-08-24T20:51:37.871+0000][31350][gc,ergo      ] GC(30) Free: 3777M (1890 regions), Max regular: 2048K, Max humongous: 3420M, External frag: 10%, Internal frag: 0%
[2020-08-24T20:51:37.871+0000][31350][gc,ergo      ] GC(30) Evacuation Reserve: 201M (101 regions), Max regular: 2048K
[2020-08-24T20:51:37.871+0000][31350][gc,start     ] GC(30) Concurrent evacuation
[2020-08-24T20:51:37.871+0000][31350][gc,task      ] GC(30) Using 3 of 6 workers for concurrent evacuation
[2020-08-24T20:51:37.871+0000][31350][gc           ] GC(30) Concurrent evacuation 116M->117M(4096M) 0.581ms
[2020-08-24T20:51:37.872+0000][31350][gc,start     ] GC(30) Pause Init Update Refs
[2020-08-24T20:51:37.872+0000][31350][gc           ] GC(30) Pause Init Update Refs 0.030ms
[2020-08-24T20:51:37.872+0000][31350][safepoint    ] Safepoint "ShenandoahInitUpdateRefs", Time since last: 6596774 ns, Reaching safepoint: 134718 ns, At safepoint: 43142 ns, Total: 177860 ns
[2020-08-24T20:51:37.872+0000][31350][gc,start     ] GC(30) Concurrent update references
[2020-08-24T20:51:37.872+0000][31350][gc,task      ] GC(30) Using 3 of 6 workers for concurrent reference update
[2020-08-24T20:51:37.878+0000][31350][gc           ] GC(30) Concurrent update references 119M->133M(4096M) 6.294ms
[2020-08-24T20:51:37.878+0000][31350][gc,start     ] GC(30) Pause Final Update Refs
[2020-08-24T20:51:37.878+0000][31350][gc,task      ] GC(30) Using 6 of 6 workers for final reference update
[2020-08-24T20:51:37.878+0000][31350][gc           ] GC(30) Pause Final Update Refs 0.098ms
[2020-08-24T20:51:37.878+0000][31350][safepoint    ] Safepoint "ShenandoahFinalUpdateRefs", Time since last: 6384058 ns, Reaching safepoint: 128430 ns, At safepoint: 112809 ns, Total: 241239 ns
[2020-08-24T20:51:37.878+0000][31350][gc,start     ] GC(30) Concurrent cleanup
[2020-08-24T20:51:37.878+0000][31350][gc           ] GC(30) Concurrent cleanup 133M->70M(4096M) 0.104ms
[2020-08-24T20:51:37.878+0000][31350][gc,ergo      ] Free: 3819M (1913 regions), Max regular: 2048K, Max humongous: 3436M, External frag: 11%, Internal frag: 0%
[2020-08-24T20:51:37.878+0000][31350][gc,ergo      ] Evacuation Reserve: 206M (103 regions), Max regular: 2048K
[2020-08-24T20:51:38.879+0000][31350][safepoint    ] Safepoint "Cleanup", Time since last: 1000143215 ns, Reaching safepoint: 177630 ns, At safepoint: 13118 ns, Total: 190748 ns
[2020-08-24T20:51:39.879+0000][31350][safepoint    ] Safepoint "Cleanup", Time since last: 1000136044 ns, Reaching safepoint: 59189 ns, At safepoint: 3718 ns, Total: 62907 ns
[2020-08-24T20:51:40.879+0000][31350][safepoint    ] Safepoint "Cleanup", Time since last: 1000107658 ns, Reaching safepoint: 355769 ns, At safepoint: 26045 ns, Total: 381814 ns
[2020-08-24T20:51:41.022+0000][31350][gc           ] Trigger: Allocated since last cycle (411M) is larger than allocation threshold (409M)
[2020-08-24T20:51:41.023+0000][31350][gc,ergo      ] Free: 3457M (1732 regions), Max regular: 2048K, Max humongous: 3436M, External frag: 1%, Internal frag: 0%
[2020-08-24T20:51:41.023+0000][31350][gc,ergo      ] Evacuation Reserve: 206M (103 regions), Max regular: 2048K
[2020-08-24T20:51:41.023+0000][31350][gc,start     ] GC(31) Concurrent reset
[2020-08-24T20:51:41.023+0000][31350][gc,task      ] GC(31) Using 3 of 6 workers for concurrent reset
[2020-08-24T20:51:41.023+0000][31350][gc           ] GC(31) Concurrent reset 432M->432M(4096M) 0.112ms
[2020-08-24T20:51:41.023+0000][31350][gc,start     ] GC(31) Pause Init Mark (unload classes)
[2020-08-24T20:51:41.023+0000][31350][gc,task      ] GC(31) Using 6 of 6 workers for init marking
[2020-08-24T20:51:41.023+0000][31350][gc           ] GC(31) Pause Init Mark (unload classes) 0.280ms
[2020-08-24T20:51:41.023+0000][31350][safepoint    ] Safepoint "ShenandoahInitMark", Time since last: 143454371 ns, Reaching safepoint: 47182 ns, At safepoint: 293496 ns, Total: 340678 ns
[2020-08-24T20:51:41.023+0000][31350][gc,start     ] GC(31) Concurrent marking (unload classes)
[2020-08-24T20:51:41.023+0000][31350][gc,task      ] GC(31) Using 3 of 6 workers for concurrent marking
[2020-08-24T20:51:41.029+0000][31350][gc           ] GC(31) Concurrent marking (unload classes) 432M->446M(4096M) 5.498ms
[2020-08-24T20:51:41.029+0000][31350][gc,start     ] GC(31) Pause Final Mark (unload classes)
[2020-08-24T20:51:41.029+0000][31350][gc,task      ] GC(31) Using 6 of 6 workers for final marking
[2020-08-24T20:51:41.029+0000][31350][gc,ergo      ] GC(31) CSet Selection. Actual Free: 4002M, Max CSet: 3001M
[2020-08-24T20:51:41.029+0000][31350][gc,ergo      ] GC(31) Collectable Garbage: 60908K (14% of total), 3989K CSet, 32 CSet regions
[2020-08-24T20:51:41.029+0000][31350][gc,ergo      ] GC(31) Immediate Garbage: 354M (85% of total), 177 regions
[2020-08-24T20:51:41.029+0000][31350][gc           ] GC(31) Pause Final Mark (unload classes) 0.460ms
[2020-08-24T20:51:41.029+0000][31350][safepoint    ] Safepoint "ShenandoahFinalMarkStartEvac", Time since last: 5537545 ns, Reaching safepoint: 135297 ns, At safepoint: 475704 ns, Total: 611001 ns
[2020-08-24T20:51:41.029+0000][31350][gc,start     ] GC(31) Concurrent roots processing
[2020-08-24T20:51:41.029+0000][31350][gc,task      ] GC(31) Using 3 of 6 workers for concurrent root processing
[2020-08-24T20:51:41.036+0000][31350][gc           ] GC(31) Concurrent roots processing 446M->468M(4096M) 6.432ms
[2020-08-24T20:51:41.036+0000][31350][gc,start     ] GC(31) Concurrent cleanup
[2020-08-24T20:51:41.036+0000][31350][gc           ] GC(31) Concurrent cleanup 468M->114M(4096M) 0.147ms
[2020-08-24T20:51:41.036+0000][31350][gc,ergo      ] GC(31) Free: 3778M (1890 regions), Max regular: 2048K, Max humongous: 3422M, External frag: 10%, Internal frag: 0%
[2020-08-24T20:51:41.036+0000][31350][gc,ergo      ] GC(31) Evacuation Reserve: 202M (101 regions), Max regular: 2048K
[2020-08-24T20:51:41.036+0000][31350][gc,start     ] GC(31) Concurrent evacuation
[2020-08-24T20:51:41.036+0000][31350][gc,task      ] GC(31) Using 3 of 6 workers for concurrent evacuation
[2020-08-24T20:51:41.036+0000][31350][gc           ] GC(31) Concurrent evacuation 114M->115M(4096M) 0.602ms
[2020-08-24T20:51:41.037+0000][31350][gc,start     ] GC(31) Pause Init Update Refs
[2020-08-24T20:51:41.037+0000][31350][gc           ] GC(31) Pause Init Update Refs 0.036ms
[2020-08-24T20:51:41.037+0000][31350][safepoint    ] Safepoint "ShenandoahInitUpdateRefs", Time since last: 7289503 ns, Reaching safepoint: 108669 ns, At safepoint: 50735 ns, Total: 159404 ns
[2020-08-24T20:51:41.037+0000][31350][gc,start     ] GC(31) Concurrent update references
[2020-08-24T20:51:41.037+0000][31350][gc,task      ] GC(31) Using 3 of 6 workers for concurrent reference update
[2020-08-24T20:51:41.042+0000][31350][gc           ] GC(31) Concurrent update references 117M->129M(4096M) 5.265ms
[2020-08-24T20:51:41.042+0000][31350][gc,start     ] GC(31) Pause Final Update Refs
[2020-08-24T20:51:41.042+0000][31350][gc,task      ] GC(31) Using 6 of 6 workers for final reference update
[2020-08-24T20:51:41.042+0000][31350][gc           ] GC(31) Pause Final Update Refs 0.107ms
[2020-08-24T20:51:41.042+0000][31350][safepoint    ] Safepoint "ShenandoahFinalUpdateRefs", Time since last: 5312374 ns, Reaching safepoint: 116481 ns, At safepoint: 122807 ns, Total: 239288 ns
[2020-08-24T20:51:41.042+0000][31350][gc,start     ] GC(31) Concurrent cleanup
[2020-08-24T20:51:41.042+0000][31350][gc           ] GC(31) Concurrent cleanup 129M->66M(4096M) 0.146ms
[2020-08-24T20:51:41.042+0000][31350][gc,ergo      ] Free: 3823M (1913 regions), Max regular: 2048K, Max humongous: 3422M, External frag: 11%, Internal frag: 0%
[2020-08-24T20:51:41.042+0000][31350][gc,ergo      ] Evacuation Reserve: 206M (103 regions), Max regular: 2048K
[2020-08-24T20:51:42.043+0000][31350][safepoint    ] Safepoint "Cleanup", Time since last: 1000144247 ns, Reaching safepoint: 262672 ns, At safepoint: 13896 ns, Total: 276568 ns
[2020-08-24T20:51:43.043+0000][31350][safepoint    ] Safepoint "Cleanup", Time since last: 1000216056 ns, Reaching safepoint: 289989 ns, At safepoint: 14699 ns, Total: 304688 ns
[2020-08-24T20:51:43.920+0000][31350][gc           ] Trigger: Allocated since last cycle (409M) is larger than allocation threshold (409M)
[2020-08-24T20:51:43.920+0000][31350][gc,ergo      ] Free: 3459M (1732 regions), Max regular: 2048K, Max humongous: 3422M, External frag: 2%, Internal frag: 0%
[2020-08-24T20:51:43.920+0000][31350][gc,ergo      ] Evacuation Reserve: 206M (103 regions), Max regular: 2048K
[2020-08-24T20:51:43.920+0000][31350][gc,start     ] GC(32) Concurrent reset
[2020-08-24T20:51:43.920+0000][31350][gc,task      ] GC(32) Using 3 of 6 workers for concurrent reset
[2020-08-24T20:51:43.921+0000][31350][gc           ] GC(32) Concurrent reset 430M->430M(4096M) 0.230ms
[2020-08-24T20:51:43.921+0000][31350][gc,start     ] GC(32) Pause Init Mark (unload classes)
[2020-08-24T20:51:43.921+0000][31350][gc,task      ] GC(32) Using 6 of 6 workers for init marking
[2020-08-24T20:51:43.921+0000][31350][gc           ] GC(32) Pause Init Mark (unload classes) 0.410ms
[2020-08-24T20:51:43.921+0000][31350][safepoint    ] Safepoint "ShenandoahInitMark", Time since last: 877448770 ns, Reaching safepoint: 99523 ns, At safepoint: 428324 ns, Total: 527847 ns
[2020-08-24T20:51:43.921+0000][31350][gc,start     ] GC(32) Concurrent marking (unload classes)
[2020-08-24T20:51:43.921+0000][31350][gc,task      ] GC(32) Using 3 of 6 workers for concurrent marking
[2020-08-24T20:51:43.935+0000][31350][gc           ] GC(32) Concurrent marking (unload classes) 430M->444M(4096M) 13.572ms
[2020-08-24T20:51:43.935+0000][31350][gc,start     ] GC(32) Pause Final Mark (unload classes)
[2020-08-24T20:51:43.935+0000][31350][gc,task      ] GC(32) Using 6 of 6 workers for final marking
[2020-08-24T20:51:43.935+0000][31350][gc,ergo      ] GC(32) CSet Selection. Actual Free: 4004M, Max CSet: 3003M
[2020-08-24T20:51:43.935+0000][31350][gc,ergo      ] GC(32) Collectable Garbage: 58629K (13% of total), 4017K CSet, 31 CSet regions
[2020-08-24T20:51:43.935+0000][31350][gc,ergo      ] GC(32) Immediate Garbage: 354M (85% of total), 177 regions
[2020-08-24T20:51:43.936+0000][31350][gc           ] GC(32) Pause Final Mark (unload classes) 0.985ms
[2020-08-24T20:51:43.936+0000][31350][safepoint    ] Safepoint "ShenandoahFinalMarkStartEvac", Time since last: 13702309 ns, Reaching safepoint: 172118 ns, At safepoint: 1019319 ns, Total: 1191437 ns
[2020-08-24T20:51:43.936+0000][31350][gc,start     ] GC(32) Concurrent roots processing
[2020-08-24T20:51:43.936+0000][31350][gc,task      ] GC(32) Using 3 of 6 workers for concurrent root processing
[2020-08-24T20:51:43.949+0000][31350][gc           ] GC(32) Concurrent roots processing 444M->468M(4096M) 12.853ms
[2020-08-24T20:51:43.949+0000][31350][gc,start     ] GC(32) Concurrent cleanup
[2020-08-24T20:51:43.949+0000][31350][gc           ] GC(32) Concurrent cleanup 468M->114M(4096M) 0.190ms
[2020-08-24T20:51:43.949+0000][31350][gc,ergo      ] GC(32) Free: 3781M (1892 regions), Max regular: 2048K, Max humongous: 3422M, External frag: 10%, Internal frag: 0%
[2020-08-24T20:51:43.949+0000][31350][gc,ergo      ] GC(32) Evacuation Reserve: 200M (100 regions), Max regular: 2048K
[2020-08-24T20:51:43.949+0000][31350][gc,start     ] GC(32) Concurrent evacuation
[2020-08-24T20:51:43.949+0000][31350][gc,task      ] GC(32) Using 3 of 6 workers for concurrent evacuation
[2020-08-24T20:51:43.950+0000][31350][gc           ] GC(32) Concurrent evacuation 114M->115M(4096M) 0.836ms
[2020-08-24T20:51:43.950+0000][31350][gc,start     ] GC(32) Pause Init Update Refs
[2020-08-24T20:51:43.950+0000][31350][gc           ] GC(32) Pause Init Update Refs 0.051ms
[2020-08-24T20:51:43.950+0000][31350][safepoint    ] Safepoint "ShenandoahInitUpdateRefs", Time since last: 14074981 ns, Reaching safepoint: 98611 ns, At safepoint: 67959 ns, Total: 166570 ns
[2020-08-24T20:51:43.950+0000][31350][gc,start     ] GC(32) Concurrent update references
[2020-08-24T20:51:43.950+0000][31350][gc,task      ] GC(32) Using 3 of 6 workers for concurrent reference update
[2020-08-24T20:51:43.958+0000][31350][gc           ] GC(32) Concurrent update references 117M->131M(4096M) 7.509ms
[2020-08-24T20:51:43.958+0000][31350][gc,start     ] GC(32) Pause Final Update Refs
[2020-08-24T20:51:43.958+0000][31350][gc,task      ] GC(32) Using 6 of 6 workers for final reference update
[2020-08-24T20:51:43.958+0000][31350][gc           ] GC(32) Pause Final Update Refs 0.126ms
[2020-08-24T20:51:43.958+0000][31350][safepoint    ] Safepoint "ShenandoahFinalUpdateRefs", Time since last: 7617529 ns, Reaching safepoint: 63313 ns, At safepoint: 141106 ns, Total: 204419 ns
[2020-08-24T20:51:43.958+0000][31350][gc,start     ] GC(32) Concurrent cleanup
[2020-08-24T20:51:43.958+0000][31350][gc           ] GC(32) Concurrent cleanup 131M->70M(4096M) 0.112ms
[2020-08-24T20:51:43.958+0000][31350][gc,ergo      ] Free: 3819M (1912 regions), Max regular: 2048K, Max humongous: 3436M, External frag: 11%, Internal frag: 0%
[2020-08-24T20:51:43.958+0000][31350][gc,ergo      ] Evacuation Reserve: 206M (103 regions), Max regular: 2048K
[2020-08-24T20:51:44.958+0000][31350][safepoint    ] Safepoint "Cleanup", Time since last: 1000205653 ns, Reaching safepoint: 104438 ns, At safepoint: 3587 ns, Total: 108025 ns
[2020-08-24T20:51:45.959+0000][31350][safepoint    ] Safepoint "Cleanup", Time since last: 1000161128 ns, Reaching safepoint: 212045 ns, At safepoint: 14207 ns, Total: 226252 ns
[2020-08-24T20:51:46.934+0000][31350][gc           ] Trigger: Allocated since last cycle (409M) is larger than allocation threshold (409M)
[2020-08-24T20:51:46.934+0000][31350][gc,ergo      ] Free: 3457M (1732 regions), Max regular: 2048K, Max humongous: 3436M, External frag: 1%, Internal frag: 0%
[2020-08-24T20:51:46.934+0000][31350][gc,ergo      ] Evacuation Reserve: 206M (103 regions), Max regular: 2048K
[2020-08-24T20:51:46.934+0000][31350][gc,start     ] GC(33) Concurrent reset
[2020-08-24T20:51:46.934+0000][31350][gc,task      ] GC(33) Using 3 of 6 workers for concurrent reset
[2020-08-24T20:51:46.934+0000][31350][gc           ] GC(33) Concurrent reset 432M->432M(4096M) 0.130ms
[2020-08-24T20:51:46.934+0000][31350][gc,start     ] GC(33) Pause Init Mark (unload classes)
[2020-08-24T20:51:46.934+0000][31350][gc,task      ] GC(33) Using 6 of 6 workers for init marking
[2020-08-24T20:51:46.934+0000][31350][gc           ] GC(33) Pause Init Mark (unload classes) 0.315ms
[2020-08-24T20:51:46.934+0000][31350][safepoint    ] Safepoint "ShenandoahInitMark", Time since last: 975051216 ns, Reaching safepoint: 113858 ns, At safepoint: 329750 ns, Total: 443608 ns
[2020-08-24T20:51:46.934+0000][31350][gc,start     ] GC(33) Concurrent marking (unload classes)
[2020-08-24T20:51:46.934+0000][31350][gc,task      ] GC(33) Using 3 of 6 workers for concurrent marking
[2020-08-24T20:51:46.941+0000][31350][gc           ] GC(33) Concurrent marking (unload classes) 434M->450M(4096M) 6.552ms
[2020-08-24T20:51:46.941+0000][31350][gc,start     ] GC(33) Pause Final Mark (unload classes)
[2020-08-24T20:51:46.941+0000][31350][gc,task      ] GC(33) Using 6 of 6 workers for final marking
[2020-08-24T20:51:46.941+0000][31350][gc,ergo      ] GC(33) CSet Selection. Actual Free: 4005M, Max CSet: 3004M
[2020-08-24T20:51:46.941+0000][31350][gc,ergo      ] GC(33) Collectable Garbage: 52420K (12% of total), 4036K CSet, 28 CSet regions
[2020-08-24T20:51:46.941+0000][31350][gc,ergo      ] GC(33) Immediate Garbage: 361M (87% of total), 181 regions
[2020-08-24T20:51:46.942+0000][31350][gc           ] GC(33) Pause Final Mark (unload classes) 0.532ms
[2020-08-24T20:51:46.942+0000][31350][safepoint    ] Safepoint "ShenandoahFinalMarkStartEvac", Time since last: 6607757 ns, Reaching safepoint: 117606 ns, At safepoint: 548195 ns, Total: 665801 ns
[2020-08-24T20:51:46.942+0000][31350][gc,start     ] GC(33) Concurrent roots processing
[2020-08-24T20:51:46.942+0000][31350][gc,task      ] GC(33) Using 3 of 6 workers for concurrent root processing
[2020-08-24T20:51:46.949+0000][31350][gc           ] GC(33) Concurrent roots processing 450M->468M(4096M) 7.062ms
[2020-08-24T20:51:46.949+0000][31350][gc,start     ] GC(33) Concurrent cleanup
[2020-08-24T20:51:46.949+0000][31350][gc           ] GC(33) Concurrent cleanup 468M->106M(4096M) 0.167ms
[2020-08-24T20:51:46.949+0000][31350][gc,ergo      ] GC(33) Free: 3786M (1894 regions), Max regular: 2048K, Max humongous: 3422M, External frag: 10%, Internal frag: 0%
[2020-08-24T20:51:46.949+0000][31350][gc,ergo      ] GC(33) Evacuation Reserve: 202M (101 regions), Max regular: 2048K
[2020-08-24T20:51:46.949+0000][31350][gc,start     ] GC(33) Concurrent evacuation
[2020-08-24T20:51:46.949+0000][31350][gc,task      ] GC(33) Using 3 of 6 workers for concurrent evacuation
[2020-08-24T20:51:46.949+0000][31350][gc           ] GC(33) Concurrent evacuation 106M->109M(4096M) 0.597ms
[2020-08-24T20:51:46.950+0000][31350][gc,start     ] GC(33) Pause Init Update Refs
[2020-08-24T20:51:46.950+0000][31350][gc           ] GC(33) Pause Init Update Refs 0.034ms
[2020-08-24T20:51:46.950+0000][31350][safepoint    ] Safepoint "ShenandoahInitUpdateRefs", Time since last: 7951728 ns, Reaching safepoint: 169118 ns, At safepoint: 49814 ns, Total: 218932 ns
[2020-08-24T20:51:46.950+0000][31350][gc,start     ] GC(33) Concurrent update references
[2020-08-24T20:51:46.950+0000][31350][gc,task      ] GC(33) Using 3 of 6 workers for concurrent reference update
[2020-08-24T20:51:46.955+0000][31350][gc           ] GC(33) Concurrent update references 111M->129M(4096M) 5.260ms
[2020-08-24T20:51:46.955+0000][31350][gc,start     ] GC(33) Pause Final Update Refs
[2020-08-24T20:51:46.955+0000][31350][gc,task      ] GC(33) Using 6 of 6 workers for final reference update
[2020-08-24T20:51:46.955+0000][31350][gc           ] GC(33) Pause Final Update Refs 0.103ms
[2020-08-24T20:51:46.955+0000][31350][safepoint    ] Safepoint "ShenandoahFinalUpdateRefs", Time since last: 5382475 ns, Reaching safepoint: 104875 ns, At safepoint: 117759 ns, Total: 222634 ns
[2020-08-24T20:51:46.955+0000][31350][gc,start     ] GC(33) Concurrent cleanup
[2020-08-24T20:51:46.955+0000][31350][gc           ] GC(33) Concurrent cleanup 129M->74M(4096M) 0.104ms
[2020-08-24T20:51:46.955+0000][31350][gc,ergo      ] Free: 3815M (1910 regions), Max regular: 2048K, Max humongous: 3424M, External frag: 11%, Internal frag: 0%
[2020-08-24T20:51:46.955+0000][31350][gc,ergo      ] Evacuation Reserve: 206M (103 regions), Max regular: 2048K
[2020-08-24T20:51:47.956+0000][31350][safepoint    ] Safepoint "Cleanup", Time since last: 1000164113 ns, Reaching safepoint: 155583 ns, At safepoint: 7869 ns, Total: 163452 ns
[2020-08-24T20:51:48.956+0000][31350][safepoint    ] Safepoint "Cleanup", Time since last: 1000142404 ns, Reaching safepoint: 118597 ns, At safepoint: 6487 ns, Total: 125084 ns
[2020-08-24T20:51:49.888+0000][31350][gc           ] Trigger: Allocated since last cycle (410M) is larger than allocation threshold (409M)
[2020-08-24T20:51:49.888+0000][31350][gc,ergo      ] Free: 3459M (1731 regions), Max regular: 2048K, Max humongous: 3424M, External frag: 2%, Internal frag: 0%
[2020-08-24T20:51:49.888+0000][31350][gc,ergo      ] Evacuation Reserve: 206M (103 regions), Max regular: 2048K
[2020-08-24T20:51:49.888+0000][31350][gc,start     ] GC(34) Concurrent reset
[2020-08-24T20:51:49.888+0000][31350][gc,task      ] GC(34) Using 3 of 6 workers for concurrent reset
[2020-08-24T20:51:49.889+0000][31350][gc           ] GC(34) Concurrent reset 432M->432M(4096M) 0.118ms
[2020-08-24T20:51:49.889+0000][31350][gc,start     ] GC(34) Pause Init Mark (unload classes)
[2020-08-24T20:51:49.889+0000][31350][gc,task      ] GC(34) Using 6 of 6 workers for init marking
[2020-08-24T20:51:49.889+0000][31350][gc           ] GC(34) Pause Init Mark (unload classes) 0.316ms
[2020-08-24T20:51:49.889+0000][31350][safepoint    ] Safepoint "ShenandoahInitMark", Time since last: 932648768 ns, Reaching safepoint: 52610 ns, At safepoint: 333421 ns, Total: 386031 ns
[2020-08-24T20:51:49.889+0000][31350][gc,start     ] GC(34) Concurrent marking (unload classes)
[2020-08-24T20:51:49.889+0000][31350][gc,task      ] GC(34) Using 3 of 6 workers for concurrent marking
[2020-08-24T20:51:49.896+0000][31350][gc           ] GC(34) Concurrent marking (unload classes) 432M->450M(4096M) 6.891ms
[2020-08-24T20:51:49.896+0000][31350][gc,start     ] GC(34) Pause Final Mark (unload classes)
[2020-08-24T20:51:49.896+0000][31350][gc,task      ] GC(34) Using 6 of 6 workers for final marking
[2020-08-24T20:51:49.896+0000][31350][gc,ergo      ] GC(34) CSet Selection. Actual Free: 4012M, Max CSet: 3009M
[2020-08-24T20:51:49.896+0000][31350][gc,ergo      ] GC(34) Collectable Garbage: 46849K (11% of total), 4005K CSet, 25 CSet regions
[2020-08-24T20:51:49.896+0000][31350][gc,ergo      ] GC(34) Immediate Garbage: 368M (88% of total), 184 regions
[2020-08-24T20:51:49.896+0000][31350][gc           ] GC(34) Pause Final Mark (unload classes) 0.420ms
[2020-08-24T20:51:49.896+0000][31350][safepoint    ] Safepoint "ShenandoahFinalMarkStartEvac", Time since last: 6951005 ns, Reaching safepoint: 45566 ns, At safepoint: 434223 ns, Total: 479789 ns
[2020-08-24T20:51:49.896+0000][31350][gc,start     ] GC(34) Concurrent roots processing
[2020-08-24T20:51:49.896+0000][31350][gc,task      ] GC(34) Using 3 of 6 workers for concurrent root processing
[2020-08-24T20:51:49.903+0000][31350][gc           ] GC(34) Concurrent roots processing 450M->472M(4096M) 6.220ms
[2020-08-24T20:51:49.903+0000][31350][gc,start     ] GC(34) Concurrent cleanup
[2020-08-24T20:51:49.903+0000][31350][gc           ] GC(34) Concurrent cleanup 472M->104M(4096M) 0.224ms
[2020-08-24T20:51:49.903+0000][31350][gc,ergo      ] GC(34) Free: 3788M (1895 regions), Max regular: 2048K, Max humongous: 3418M, External frag: 10%, Internal frag: 0%
[2020-08-24T20:51:49.903+0000][31350][gc,ergo      ] GC(34) Evacuation Reserve: 201M (101 regions), Max regular: 2048K
[2020-08-24T20:51:49.903+0000][31350][gc,start     ] GC(34) Concurrent evacuation
[2020-08-24T20:51:49.903+0000][31350][gc,task      ] GC(34) Using 3 of 6 workers for concurrent evacuation
[2020-08-24T20:51:49.903+0000][31350][gc           ] GC(34) Concurrent evacuation 104M->105M(4096M) 0.602ms
[2020-08-24T20:51:49.904+0000][31350][gc,start     ] GC(34) Pause Init Update Refs
[2020-08-24T20:51:49.904+0000][31350][gc           ] GC(34) Pause Init Update Refs 0.030ms
[2020-08-24T20:51:49.904+0000][31350][safepoint    ] Safepoint "ShenandoahInitUpdateRefs", Time since last: 7159294 ns, Reaching safepoint: 42191 ns, At safepoint: 44478 ns, Total: 86669 ns
[2020-08-24T20:51:49.904+0000][31350][gc,start     ] GC(34) Concurrent update references
[2020-08-24T20:51:49.904+0000][31350][gc,task      ] GC(34) Using 3 of 6 workers for concurrent reference update
[2020-08-24T20:51:49.909+0000][31350][gc           ] GC(34) Concurrent update references 107M->117M(4096M) 4.966ms
[2020-08-24T20:51:49.909+0000][31350][gc,start     ] GC(34) Pause Final Update Refs
[2020-08-24T20:51:49.909+0000][31350][gc,task      ] GC(34) Using 6 of 6 workers for final reference update
[2020-08-24T20:51:49.909+0000][31350][gc           ] GC(34) Pause Final Update Refs 0.114ms
[2020-08-24T20:51:49.909+0000][31350][safepoint    ] Safepoint "ShenandoahFinalUpdateRefs", Time since last: 5040327 ns, Reaching safepoint: 110724 ns, At safepoint: 130436 ns, Total: 241160 ns
[2020-08-24T20:51:49.909+0000][31350][gc,start     ] GC(34) Concurrent cleanup
[2020-08-24T20:51:49.909+0000][31350][gc           ] GC(34) Concurrent cleanup 117M->68M(4096M) 0.132ms
[2020-08-24T20:51:49.909+0000][31350][gc,ergo      ] Free: 3821M (1912 regions), Max regular: 2048K, Max humongous: 3418M, External frag: 11%, Internal frag: 0%
[2020-08-24T20:51:49.909+0000][31350][gc,ergo      ] Evacuation Reserve: 206M (103 regions), Max regular: 2048K
[2020-08-24T20:51:50.909+0000][31350][safepoint    ] Safepoint "Cleanup", Time since last: 1000065248 ns, Reaching safepoint: 114418 ns, At safepoint: 4293 ns, Total: 118711 ns
[2020-08-24T20:51:51.909+0000][31350][safepoint    ] Safepoint "Cleanup", Time since last: 1000080418 ns, Reaching safepoint: 120372 ns, At safepoint: 3124 ns, Total: 123496 ns
[2020-08-24T20:51:52.887+0000][31350][gc           ] Trigger: Allocated since last cycle (409M) is larger than allocation threshold (409M)
[2020-08-24T20:51:52.887+0000][31350][gc,ergo      ] Free: 3461M (1733 regions), Max regular: 2048K, Max humongous: 3418M, External frag: 2%, Internal frag: 0%
[2020-08-24T20:51:52.887+0000][31350][gc,ergo      ] Evacuation Reserve: 206M (103 regions), Max regular: 2048K
[2020-08-24T20:51:52.887+0000][31350][gc,start     ] GC(35) Concurrent reset
[2020-08-24T20:51:52.887+0000][31350][gc,task      ] GC(35) Using 3 of 6 workers for concurrent reset
[2020-08-24T20:51:52.887+0000][31350][gc           ] GC(35) Concurrent reset 428M->428M(4096M) 0.204ms
[2020-08-24T20:51:52.888+0000][31350][gc,start     ] GC(35) Pause Init Mark (process weakrefs) (unload classes)
[2020-08-24T20:51:52.888+0000][31350][gc,task      ] GC(35) Using 6 of 6 workers for init marking
[2020-08-24T20:51:52.888+0000][31350][gc           ] GC(35) Pause Init Mark (process weakrefs) (unload classes) 0.502ms
[2020-08-24T20:51:52.888+0000][31350][safepoint    ] Safepoint "ShenandoahInitMark", Time since last: 978234523 ns, Reaching safepoint: 170879 ns, At safepoint: 521394 ns, Total: 692273 ns
[2020-08-24T20:51:52.888+0000][31350][gc,start     ] GC(35) Concurrent marking (process weakrefs) (unload classes)
[2020-08-24T20:51:52.888+0000][31350][gc,task      ] GC(35) Using 3 of 6 workers for concurrent marking
[2020-08-24T20:51:52.898+0000][31350][gc           ] GC(35) Concurrent marking (process weakrefs) (unload classes) 428M->450M(4096M) 9.671ms
[2020-08-24T20:51:52.898+0000][31350][gc,start     ] GC(35) Concurrent precleaning
[2020-08-24T20:51:52.898+0000][31350][gc,task      ] GC(35) Using 1 of 6 workers for concurrent preclean
[2020-08-24T20:51:52.899+0000][31350][gc           ] GC(35) Concurrent precleaning 450M->450M(4096M) 0.735ms
[2020-08-24T20:51:52.899+0000][31350][gc,start     ] GC(35) Pause Final Mark (process weakrefs) (unload classes)
[2020-08-24T20:51:52.899+0000][31350][gc,task      ] GC(35) Using 6 of 6 workers for final marking
[2020-08-24T20:51:52.899+0000][31350][gc,ergo      ] GC(35) CSet Selection. Actual Free: 4004M, Max CSet: 3003M
[2020-08-24T20:51:52.899+0000][31350][gc,ergo      ] GC(35) Collectable Garbage: 50181K (11% of total), 3066K CSet, 26 CSet regions
[2020-08-24T20:51:52.899+0000][31350][gc,ergo      ] GC(35) Immediate Garbage: 360M (87% of total), 180 regions
[2020-08-24T20:51:52.900+0000][31350][gc           ] GC(35) Pause Final Mark (process weakrefs) (unload classes) 0.785ms
[2020-08-24T20:51:52.900+0000][31350][safepoint    ] Safepoint "ShenandoahFinalMarkStartEvac", Time since last: 10543773 ns, Reaching safepoint: 134939 ns, At safepoint: 806719 ns, Total: 941658 ns
[2020-08-24T20:51:52.900+0000][31350][gc,start     ] GC(35) Concurrent roots processing
[2020-08-24T20:51:52.900+0000][31350][gc,task      ] GC(35) Using 3 of 6 workers for concurrent root processing
[2020-08-24T20:51:52.910+0000][31350][gc           ] GC(35) Concurrent roots processing 450M->476M(4096M) 10.026ms
[2020-08-24T20:51:52.910+0000][31350][gc,start     ] GC(35) Concurrent cleanup
[2020-08-24T20:51:52.910+0000][31350][gc           ] GC(35) Concurrent cleanup 476M->116M(4096M) 0.358ms
[2020-08-24T20:51:52.910+0000][31350][gc,ergo      ] GC(35) Free: 3777M (1891 regions), Max regular: 2048K, Max humongous: 3416M, External frag: 10%, Internal frag: 0%
[2020-08-24T20:51:52.910+0000][31350][gc,ergo      ] GC(35) Evacuation Reserve: 202M (101 regions), Max regular: 2048K
[2020-08-24T20:51:52.910+0000][31350][gc,start     ] GC(35) Concurrent evacuation
[2020-08-24T20:51:52.910+0000][31350][gc,task      ] GC(35) Using 3 of 6 workers for concurrent evacuation
[2020-08-24T20:51:52.911+0000][31350][gc           ] GC(35) Concurrent evacuation 116M->116M(4096M) 0.770ms
[2020-08-24T20:51:52.911+0000][31350][gc,start     ] GC(35) Pause Init Update Refs
[2020-08-24T20:51:52.911+0000][31350][gc           ] GC(35) Pause Init Update Refs 0.115ms
[2020-08-24T20:51:52.911+0000][31350][safepoint    ] Safepoint "ShenandoahInitUpdateRefs", Time since last: 11500383 ns, Reaching safepoint: 112934 ns, At safepoint: 137982 ns, Total: 250916 ns
[2020-08-24T20:51:52.911+0000][31350][gc,start     ] GC(35) Concurrent update references
[2020-08-24T20:51:52.911+0000][31350][gc,task      ] GC(35) Using 3 of 6 workers for concurrent reference update
[2020-08-24T20:51:52.920+0000][31350][gc           ] GC(35) Concurrent update references 116M->132M(4096M) 8.291ms
[2020-08-24T20:51:52.920+0000][31350][gc,start     ] GC(35) Pause Final Update Refs
[2020-08-24T20:51:52.920+0000][31350][gc,task      ] GC(35) Using 6 of 6 workers for final reference update
[2020-08-24T20:51:52.920+0000][31350][gc           ] GC(35) Pause Final Update Refs 0.202ms
[2020-08-24T20:51:52.920+0000][31350][safepoint    ] Safepoint "ShenandoahFinalUpdateRefs", Time since last: 8393662 ns, Reaching safepoint: 77832 ns, At safepoint: 222645 ns, Total: 300477 ns
[2020-08-24T20:51:52.920+0000][31350][gc,start     ] GC(35) Concurrent cleanup
[2020-08-24T20:51:52.920+0000][31350][gc           ] GC(35) Concurrent cleanup 132M->80M(4096M) 0.133ms
[2020-08-24T20:51:52.920+0000][31350][gc,ergo      ] Free: 3809M (1908 regions), Max regular: 2048K, Max humongous: 3414M, External frag: 11%, Internal frag: 0%
[2020-08-24T20:51:52.920+0000][31350][gc,ergo      ] Evacuation Reserve: 206M (103 regions), Max regular: 2048K
[2020-08-24T20:51:53.920+0000][31350][safepoint    ] Safepoint "Cleanup", Time since last: 1000067228 ns, Reaching safepoint: 87965 ns, At safepoint: 3831 ns, Total: 91796 ns
[2020-08-24T20:51:54.920+0000][31350][safepoint    ] Safepoint "Cleanup", Time since last: 1000096299 ns, Reaching safepoint: 64181 ns, At safepoint: 3977 ns, Total: 68158 ns
[2020-08-24T20:51:55.887+0000][31350][gc           ] Trigger: Allocated since last cycle (409M) is larger than allocation threshold (409M)
[2020-08-24T20:51:55.887+0000][31350][gc,ergo      ] Free: 3459M (1733 regions), Max regular: 2048K, Max humongous: 3414M, External frag: 2%, Internal frag: 0%
[2020-08-24T20:51:55.887+0000][31350][gc,ergo      ] Evacuation Reserve: 206M (103 regions), Max regular: 2048K
[2020-08-24T20:51:55.887+0000][31350][gc,start     ] GC(36) Concurrent reset
[2020-08-24T20:51:55.887+0000][31350][gc,task      ] GC(36) Using 3 of 6 workers for concurrent reset
[2020-08-24T20:51:55.888+0000][31350][gc           ] GC(36) Concurrent reset 430M->430M(4096M) 0.149ms
[2020-08-24T20:51:55.888+0000][31350][gc,start     ] GC(36) Pause Init Mark (unload classes)
[2020-08-24T20:51:55.888+0000][31350][gc,task      ] GC(36) Using 6 of 6 workers for init marking
[2020-08-24T20:51:55.888+0000][31350][gc           ] GC(36) Pause Init Mark (unload classes) 0.294ms
[2020-08-24T20:51:55.888+0000][31350][safepoint    ] Safepoint "ShenandoahInitMark", Time since last: 967167309 ns, Reaching safepoint: 101896 ns, At safepoint: 311285 ns, Total: 413181 ns
[2020-08-24T20:51:55.888+0000][31350][gc,start     ] GC(36) Concurrent marking (unload classes)
[2020-08-24T20:51:55.888+0000][31350][gc,task      ] GC(36) Using 3 of 6 workers for concurrent marking
[2020-08-24T20:51:55.894+0000][31350][gc           ] GC(36) Concurrent marking (unload classes) 430M->450M(4096M) 6.045ms
[2020-08-24T20:51:55.894+0000][31350][gc,start     ] GC(36) Pause Final Mark (unload classes)
[2020-08-24T20:51:55.894+0000][31350][gc,task      ] GC(36) Using 6 of 6 workers for final marking
[2020-08-24T20:51:55.894+0000][31350][gc,ergo      ] GC(36) CSet Selection. Actual Free: 4001M, Max CSet: 3001M
[2020-08-24T20:51:55.894+0000][31350][gc,ergo      ] GC(36) Collectable Garbage: 52417K (12% of total), 3989K CSet, 28 CSet regions
[2020-08-24T20:51:55.894+0000][31350][gc,ergo      ] GC(36) Immediate Garbage: 359M (87% of total), 180 regions
[2020-08-24T20:51:55.895+0000][31350][gc           ] GC(36) Pause Final Mark (unload classes) 0.393ms
[2020-08-24T20:51:55.895+0000][31350][safepoint    ] Safepoint "ShenandoahFinalMarkStartEvac", Time since last: 6107748 ns, Reaching safepoint: 108486 ns, At safepoint: 410343 ns, Total: 518829 ns
[2020-08-24T20:51:55.895+0000][31350][gc,start     ] GC(36) Concurrent roots processing
[2020-08-24T20:51:55.895+0000][31350][gc,task      ] GC(36) Using 3 of 6 workers for concurrent root processing
[2020-08-24T20:51:55.902+0000][31350][gc           ] GC(36) Concurrent roots processing 452M->466M(4096M) 7.297ms
[2020-08-24T20:51:55.902+0000][31350][gc,start     ] GC(36) Concurrent cleanup
[2020-08-24T20:51:55.902+0000][31350][gc           ] GC(36) Concurrent cleanup 466M->106M(4096M) 0.177ms
[2020-08-24T20:51:55.902+0000][31350][gc,ergo      ] GC(36) Free: 3786M (1894 regions), Max regular: 2048K, Max humongous: 3430M, External frag: 10%, Internal frag: 0%
[2020-08-24T20:51:55.902+0000][31350][gc,ergo      ] GC(36) Evacuation Reserve: 202M (101 regions), Max regular: 2048K
[2020-08-24T20:51:55.902+0000][31350][gc,start     ] GC(36) Concurrent evacuation
[2020-08-24T20:51:55.902+0000][31350][gc,task      ] GC(36) Using 3 of 6 workers for concurrent evacuation
[2020-08-24T20:51:55.903+0000][31350][gc           ] GC(36) Concurrent evacuation 106M->111M(4096M) 0.699ms
[2020-08-24T20:51:55.903+0000][31350][gc,start     ] GC(36) Pause Init Update Refs
[2020-08-24T20:51:55.903+0000][31350][gc           ] GC(36) Pause Init Update Refs 0.050ms
[2020-08-24T20:51:55.903+0000][31350][safepoint    ] Safepoint "ShenandoahInitUpdateRefs", Time since last: 8304313 ns, Reaching safepoint: 65589 ns, At safepoint: 64087 ns, Total: 129676 ns
[2020-08-24T20:51:55.903+0000][31350][gc,start     ] GC(36) Concurrent update references
[2020-08-24T20:51:55.903+0000][31350][gc,task      ] GC(36) Using 3 of 6 workers for concurrent reference update
[2020-08-24T20:51:55.908+0000][31350][gc           ] GC(36) Concurrent update references 113M->123M(4096M) 5.348ms
[2020-08-24T20:51:55.909+0000][31350][gc,start     ] GC(36) Pause Final Update Refs
[2020-08-24T20:51:55.909+0000][31350][gc,task      ] GC(36) Using 6 of 6 workers for final reference update
[2020-08-24T20:51:55.909+0000][31350][gc           ] GC(36) Pause Final Update Refs 0.127ms
[2020-08-24T20:51:55.909+0000][31350][safepoint    ] Safepoint "ShenandoahFinalUpdateRefs", Time since last: 5403230 ns, Reaching safepoint: 107148 ns, At safepoint: 141172 ns, Total: 248320 ns
[2020-08-24T20:51:55.909+0000][31350][gc,start     ] GC(36) Concurrent cleanup
[2020-08-24T20:51:55.909+0000][31350][gc           ] GC(36) Concurrent cleanup 123M->68M(4096M) 0.105ms
[2020-08-24T20:51:55.909+0000][31350][gc,ergo      ] Free: 3821M (1912 regions), Max regular: 2048K, Max humongous: 3438M, External frag: 11%, Internal frag: 0%
[2020-08-24T20:51:55.909+0000][31350][gc,ergo      ] Evacuation Reserve: 206M (103 regions), Max regular: 2048K
[2020-08-24T20:51:56.909+0000][31350][safepoint    ] Safepoint "Cleanup", Time since last: 1000083382 ns, Reaching safepoint: 235096 ns, At safepoint: 17363 ns, Total: 252459 ns
[2020-08-24T20:51:57.909+0000][31350][safepoint    ] Safepoint "Cleanup", Time since last: 1000169247 ns, Reaching safepoint: 160259 ns, At safepoint: 3731 ns, Total: 163990 ns
[2020-08-24T20:51:58.854+0000][31350][gc           ] Trigger: Allocated since last cycle (409M) is larger than allocation threshold (409M)
[2020-08-24T20:51:58.854+0000][31350][gc,ergo      ] Free: 3459M (1732 regions), Max regular: 2048K, Max humongous: 3438M, External frag: 1%, Internal frag: 0%
[2020-08-24T20:51:58.854+0000][31350][gc,ergo      ] Evacuation Reserve: 206M (103 regions), Max regular: 2048K
[2020-08-24T20:51:58.854+0000][31350][gc,start     ] GC(37) Concurrent reset
[2020-08-24T20:51:58.854+0000][31350][gc,task      ] GC(37) Using 3 of 6 workers for concurrent reset
[2020-08-24T20:51:58.854+0000][31350][gc           ] GC(37) Concurrent reset 430M->430M(4096M) 0.139ms
[2020-08-24T20:51:58.854+0000][31350][gc,start     ] GC(37) Pause Init Mark (unload classes)
[2020-08-24T20:51:58.854+0000][31350][gc,task      ] GC(37) Using 6 of 6 workers for init marking
[2020-08-24T20:51:58.855+0000][31350][gc           ] GC(37) Pause Init Mark (unload classes) 0.389ms
[2020-08-24T20:51:58.855+0000][31350][safepoint    ] Safepoint "ShenandoahInitMark", Time since last: 944889479 ns, Reaching safepoint: 86777 ns, At safepoint: 411147 ns, Total: 497924 ns
[2020-08-24T20:51:58.855+0000][31350][gc,start     ] GC(37) Concurrent marking (unload classes)
[2020-08-24T20:51:58.855+0000][31350][gc,task      ] GC(37) Using 3 of 6 workers for concurrent marking
[2020-08-24T20:51:58.861+0000][31350][gc           ] GC(37) Concurrent marking (unload classes) 432M->448M(4096M) 6.033ms
[2020-08-24T20:51:58.861+0000][31350][gc,start     ] GC(37) Pause Final Mark (unload classes)
[2020-08-24T20:51:58.861+0000][31350][gc,task      ] GC(37) Using 6 of 6 workers for final marking
[2020-08-24T20:51:58.861+0000][31350][gc,ergo      ] GC(37) CSet Selection. Actual Free: 4000M, Max CSet: 3000M
[2020-08-24T20:51:58.861+0000][31350][gc,ergo      ] GC(37) Collectable Garbage: 56700K (13% of total), 4013K CSet, 30 CSet regions
[2020-08-24T20:51:58.861+0000][31350][gc,ergo      ] GC(37) Immediate Garbage: 356M (86% of total), 178 regions
[2020-08-24T20:51:58.861+0000][31350][gc           ] GC(37) Pause Final Mark (unload classes) 0.455ms
[2020-08-24T20:51:58.861+0000][31350][safepoint    ] Safepoint "ShenandoahFinalMarkStartEvac", Time since last: 6095430 ns, Reaching safepoint: 39671 ns, At safepoint: 468312 ns, Total: 507983 ns
[2020-08-24T20:51:58.861+0000][31350][gc,start     ] GC(37) Concurrent roots processing
[2020-08-24T20:51:58.861+0000][31350][gc,task      ] GC(37) Using 3 of 6 workers for concurrent root processing
[2020-08-24T20:51:58.868+0000][31350][gc           ] GC(37) Concurrent roots processing 448M->466M(4096M) 6.521ms
[2020-08-24T20:51:58.868+0000][31350][gc,start     ] GC(37) Concurrent cleanup
[2020-08-24T20:51:58.868+0000][31350][gc           ] GC(37) Concurrent cleanup 466M->110M(4096M) 0.140ms
[2020-08-24T20:51:58.868+0000][31350][gc,ergo      ] GC(37) Free: 3782M (1892 regions), Max regular: 2048K, Max humongous: 3422M, External frag: 10%, Internal frag: 0%
[2020-08-24T20:51:58.868+0000][31350][gc,ergo      ] GC(37) Evacuation Reserve: 202M (101 regions), Max regular: 2048K
[2020-08-24T20:51:58.868+0000][31350][gc,start     ] GC(37) Concurrent evacuation
[2020-08-24T20:51:58.868+0000][31350][gc,task      ] GC(37) Using 3 of 6 workers for concurrent evacuation
[2020-08-24T20:51:58.869+0000][31350][gc           ] GC(37) Concurrent evacuation 110M->111M(4096M) 0.701ms
[2020-08-24T20:51:58.869+0000][31350][gc,start     ] GC(37) Pause Init Update Refs
[2020-08-24T20:51:58.869+0000][31350][gc           ] GC(37) Pause Init Update Refs 0.026ms
[2020-08-24T20:51:58.869+0000][31350][safepoint    ] Safepoint "ShenandoahInitUpdateRefs", Time since last: 7478009 ns, Reaching safepoint: 43988 ns, At safepoint: 38366 ns, Total: 82354 ns
[2020-08-24T20:51:58.869+0000][31350][gc,start     ] GC(37) Concurrent update references
[2020-08-24T20:51:58.869+0000][31350][gc,task      ] GC(37) Using 3 of 6 workers for concurrent reference update
[2020-08-24T20:51:58.876+0000][31350][gc           ] GC(37) Concurrent update references 111M->125M(4096M) 6.530ms
[2020-08-24T20:51:58.876+0000][31350][gc,start     ] GC(37) Pause Final Update Refs
[2020-08-24T20:51:58.876+0000][31350][gc,task      ] GC(37) Using 6 of 6 workers for final reference update
[2020-08-24T20:51:58.876+0000][31350][gc           ] GC(37) Pause Final Update Refs 0.113ms
[2020-08-24T20:51:58.876+0000][31350][safepoint    ] Safepoint "ShenandoahFinalUpdateRefs", Time since last: 6583372 ns, Reaching safepoint: 58972 ns, At safepoint: 128005 ns, Total: 186977 ns
[2020-08-24T20:51:58.876+0000][31350][gc,start     ] GC(37) Concurrent cleanup
[2020-08-24T20:51:58.876+0000][31350][gc           ] GC(37) Concurrent cleanup 125M->68M(4096M) 0.109ms
[2020-08-24T20:51:58.876+0000][31350][gc,ergo      ] Free: 3821M (1913 regions), Max regular: 2048K, Max humongous: 3422M, External frag: 11%, Internal frag: 0%
[2020-08-24T20:51:58.876+0000][31350][gc,ergo      ] Evacuation Reserve: 206M (103 regions), Max regular: 2048K
[2020-08-24T20:51:59.876+0000][31350][safepoint    ] Safepoint "Cleanup", Time since last: 1000064504 ns, Reaching safepoint: 122968 ns, At safepoint: 5096 ns, Total: 128064 ns
[2020-08-24T20:52:00.876+0000][31350][safepoint    ] Safepoint "Cleanup", Time since last: 1000086280 ns, Reaching safepoint: 109398 ns, At safepoint: 2158 ns, Total: 111556 ns
[2020-08-24T20:52:01.868+0000][31350][gc           ] Trigger: Allocated since last cycle (409M) is larger than allocation threshold (409M)
[2020-08-24T20:52:01.868+0000][31350][gc,ergo      ] Free: 3459M (1732 regions), Max regular: 2048K, Max humongous: 3422M, External frag: 2%, Internal frag: 0%
[2020-08-24T20:52:01.868+0000][31350][gc,ergo      ] Evacuation Reserve: 206M (103 regions), Max regular: 2048K
[2020-08-24T20:52:01.868+0000][31350][gc,start     ] GC(38) Concurrent reset
[2020-08-24T20:52:01.868+0000][31350][gc,task      ] GC(38) Using 3 of 6 workers for concurrent reset
[2020-08-24T20:52:01.868+0000][31350][gc           ] GC(38) Concurrent reset 430M->430M(4096M) 0.108ms
[2020-08-24T20:52:01.869+0000][31350][gc,start     ] GC(38) Pause Init Mark (unload classes)
[2020-08-24T20:52:01.869+0000][31350][gc,task      ] GC(38) Using 6 of 6 workers for init marking
[2020-08-24T20:52:01.869+0000][31350][gc           ] GC(38) Pause Init Mark (unload classes) 0.280ms
[2020-08-24T20:52:01.869+0000][31350][safepoint    ] Safepoint "ShenandoahInitMark", Time since last: 992350523 ns, Reaching safepoint: 47501 ns, At safepoint: 296686 ns, Total: 344187 ns
[2020-08-24T20:52:01.869+0000][31350][gc,start     ] GC(38) Concurrent marking (unload classes)
[2020-08-24T20:52:01.869+0000][31350][gc,task      ] GC(38) Using 3 of 6 workers for concurrent marking
[2020-08-24T20:52:01.874+0000][31350][gc           ] GC(38) Concurrent marking (unload classes) 430M->446M(4096M) 5.565ms
[2020-08-24T20:52:01.874+0000][31350][gc,start     ] GC(38) Pause Final Mark (unload classes)
[2020-08-24T20:52:01.874+0000][31350][gc,task      ] GC(38) Using 6 of 6 workers for final marking
[2020-08-24T20:52:01.875+0000][31350][gc,ergo      ] GC(38) CSet Selection. Actual Free: 4012M, Max CSet: 3009M
[2020-08-24T20:52:01.875+0000][31350][gc,ergo      ] GC(38) Collectable Garbage: 46443K (11% of total), 4010K CSet, 25 CSet regions
[2020-08-24T20:52:01.875+0000][31350][gc,ergo      ] GC(38) Immediate Garbage: 366M (88% of total), 183 regions
[2020-08-24T20:52:01.875+0000][31350][gc           ] GC(38) Pause Final Mark (unload classes) 0.406ms
[2020-08-24T20:52:01.875+0000][31350][safepoint    ] Safepoint "ShenandoahFinalMarkStartEvac", Time since last: 5615152 ns, Reaching safepoint: 47152 ns, At safepoint: 422896 ns, Total: 470048 ns
[2020-08-24T20:52:01.875+0000][31350][gc,start     ] GC(38) Concurrent roots processing
[2020-08-24T20:52:01.875+0000][31350][gc,task      ] GC(38) Using 3 of 6 workers for concurrent root processing
[2020-08-24T20:52:01.881+0000][31350][gc           ] GC(38) Concurrent roots processing 446M->466M(4096M) 6.570ms
[2020-08-24T20:52:01.882+0000][31350][gc,start     ] GC(38) Concurrent cleanup
[2020-08-24T20:52:01.882+0000][31350][gc           ] GC(38) Concurrent cleanup 466M->100M(4096M) 0.168ms
[2020-08-24T20:52:01.882+0000][31350][gc,ergo      ] GC(38) Free: 3792M (1898 regions), Max regular: 2048K, Max humongous: 3428M, External frag: 10%, Internal frag: 0%
[2020-08-24T20:52:01.882+0000][31350][gc,ergo      ] GC(38) Evacuation Reserve: 202M (101 regions), Max regular: 2048K
[2020-08-24T20:52:01.882+0000][31350][gc,start     ] GC(38) Concurrent evacuation
[2020-08-24T20:52:01.882+0000][31350][gc,task      ] GC(38) Using 3 of 6 workers for concurrent evacuation
[2020-08-24T20:52:01.883+0000][31350][gc           ] GC(38) Concurrent evacuation 100M->103M(4096M) 0.765ms
[2020-08-24T20:52:01.883+0000][31350][gc,start     ] GC(38) Pause Init Update Refs
[2020-08-24T20:52:01.883+0000][31350][gc           ] GC(38) Pause Init Update Refs 0.052ms
[2020-08-24T20:52:01.883+0000][31350][safepoint    ] Safepoint "ShenandoahInitUpdateRefs", Time since last: 7638657 ns, Reaching safepoint: 159302 ns, At safepoint: 69340 ns, Total: 228642 ns
[2020-08-24T20:52:01.883+0000][31350][gc,start     ] GC(38) Concurrent update references
[2020-08-24T20:52:01.883+0000][31350][gc,task      ] GC(38) Using 3 of 6 workers for concurrent reference update
[2020-08-24T20:52:01.888+0000][31350][gc           ] GC(38) Concurrent update references 105M->121M(4096M) 5.493ms
[2020-08-24T20:52:01.888+0000][31350][gc,start     ] GC(38) Pause Final Update Refs
[2020-08-24T20:52:01.889+0000][31350][gc,task      ] GC(38) Using 6 of 6 workers for final reference update
[2020-08-24T20:52:01.889+0000][31350][gc           ] GC(38) Pause Final Update Refs 0.110ms
[2020-08-24T20:52:01.889+0000][31350][safepoint    ] Safepoint "ShenandoahFinalUpdateRefs", Time since last: 5570587 ns, Reaching safepoint: 143764 ns, At safepoint: 127069 ns, Total: 270833 ns
[2020-08-24T20:52:01.889+0000][31350][gc,start     ] GC(38) Concurrent cleanup
[2020-08-24T20:52:01.889+0000][31350][gc           ] GC(38) Concurrent cleanup 121M->72M(4096M) 0.105ms
[2020-08-24T20:52:01.889+0000][31350][gc,ergo      ] Free: 3817M (1912 regions), Max regular: 2048K, Max humongous: 3440M, External frag: 10%, Internal frag: 0%
[2020-08-24T20:52:01.889+0000][31350][gc,ergo      ] Evacuation Reserve: 206M (103 regions), Max regular: 2048K
[2020-08-24T20:52:02.889+0000][31350][safepoint    ] Safepoint "Cleanup", Time since last: 1000128677 ns, Reaching safepoint: 290864 ns, At safepoint: 29991 ns, Total: 320855 ns
[2020-08-24T20:52:03.890+0000][31350][safepoint    ] Safepoint "Cleanup", Time since last: 1000174241 ns, Reaching safepoint: 311045 ns, At safepoint: 67405 ns, Total: 378450 ns
[2020-08-24T20:52:04.877+0000][31350][gc           ] Trigger: Allocated since last cycle (409M) is larger than allocation threshold (409M)
[2020-08-24T20:52:04.877+0000][31350][gc,ergo      ] Free: 3459M (1733 regions), Max regular: 2048K, Max humongous: 3440M, External frag: 1%, Internal frag: 0%
[2020-08-24T20:52:04.877+0000][31350][gc,ergo      ] Evacuation Reserve: 206M (103 regions), Max regular: 2048K
[2020-08-24T20:52:04.877+0000][31350][gc,start     ] GC(39) Concurrent reset
[2020-08-24T20:52:04.877+0000][31350][gc,task      ] GC(39) Using 3 of 6 workers for concurrent reset
[2020-08-24T20:52:04.877+0000][31350][gc           ] GC(39) Concurrent reset 430M->430M(4096M) 0.154ms
[2020-08-24T20:52:04.878+0000][31350][gc,start     ] GC(39) Pause Init Mark (unload classes)
[2020-08-24T20:52:04.878+0000][31350][gc,task      ] GC(39) Using 6 of 6 workers for init marking
[2020-08-24T20:52:04.878+0000][31350][gc           ] GC(39) Pause Init Mark (unload classes) 0.399ms
[2020-08-24T20:52:04.878+0000][31350][safepoint    ] Safepoint "ShenandoahInitMark", Time since last: 987857621 ns, Reaching safepoint: 130499 ns, At safepoint: 415291 ns, Total: 545790 ns
[2020-08-24T20:52:04.878+0000][31350][gc,start     ] GC(39) Concurrent marking (unload classes)
[2020-08-24T20:52:04.878+0000][31350][gc,task      ] GC(39) Using 3 of 6 workers for concurrent marking
[2020-08-24T20:52:04.886+0000][31350][gc           ] GC(39) Concurrent marking (unload classes) 430M->448M(4096M) 7.992ms
[2020-08-24T20:52:04.886+0000][31350][gc,start     ] GC(39) Pause Final Mark (unload classes)
[2020-08-24T20:52:04.886+0000][31350][gc,task      ] GC(39) Using 6 of 6 workers for final marking
[2020-08-24T20:52:04.886+0000][31350][gc,ergo      ] GC(39) CSet Selection. Actual Free: 3994M, Max CSet: 2995M
[2020-08-24T20:52:04.887+0000][31350][gc,ergo      ] GC(39) Collectable Garbage: 62309K (14% of total), 1178K CSet, 31 CSet regions
[2020-08-24T20:52:04.887+0000][31350][gc,ergo      ] GC(39) Immediate Garbage: 350M (84% of total), 175 regions
[2020-08-24T20:52:04.887+0000][31350][gc           ] GC(39) Pause Final Mark (unload classes) 0.470ms
[2020-08-24T20:52:04.887+0000][31350][safepoint    ] Safepoint "ShenandoahFinalMarkStartEvac", Time since last: 8082043 ns, Reaching safepoint: 135420 ns, At safepoint: 484751 ns, Total: 620171 ns
[2020-08-24T20:52:04.887+0000][31350][gc,start     ] GC(39) Concurrent roots processing
[2020-08-24T20:52:04.887+0000][31350][gc,task      ] GC(39) Using 3 of 6 workers for concurrent root processing
[2020-08-24T20:52:04.893+0000][31350][gc           ] GC(39) Concurrent roots processing 448M->473M(4096M) 6.393ms
[2020-08-24T20:52:04.893+0000][31350][gc,start     ] GC(39) Concurrent cleanup
[2020-08-24T20:52:04.893+0000][31350][gc           ] GC(39) Concurrent cleanup 473M->123M(4096M) 0.229ms
[2020-08-24T20:52:04.893+0000][31350][gc,ergo      ] GC(39) Free: 3767M (1885 regions), Max regular: 2048K, Max humongous: 3412M, External frag: 10%, Internal frag: 0%
[2020-08-24T20:52:04.893+0000][31350][gc,ergo      ] GC(39) Evacuation Reserve: 204M (103 regions), Max regular: 2048K
[2020-08-24T20:52:04.893+0000][31350][gc,start     ] GC(39) Concurrent evacuation
[2020-08-24T20:52:04.893+0000][31350][gc,task      ] GC(39) Using 3 of 6 workers for concurrent evacuation
[2020-08-24T20:52:04.894+0000][31350][gc           ] GC(39) Concurrent evacuation 123M->123M(4096M) 0.239ms
[2020-08-24T20:52:04.894+0000][31350][gc,start     ] GC(39) Pause Init Update Refs
[2020-08-24T20:52:04.894+0000][31350][gc           ] GC(39) Pause Init Update Refs 0.035ms
[2020-08-24T20:52:04.894+0000][31350][safepoint    ] Safepoint "ShenandoahInitUpdateRefs", Time since last: 6996008 ns, Reaching safepoint: 160943 ns, At safepoint: 47912 ns, Total: 208855 ns
[2020-08-24T20:52:04.894+0000][31350][gc,start     ] GC(39) Concurrent update references
[2020-08-24T20:52:04.894+0000][31350][gc,task      ] GC(39) Using 3 of 6 workers for concurrent reference update
[2020-08-24T20:52:04.899+0000][31350][gc           ] GC(39) Concurrent update references 125M->141M(4096M) 5.263ms
[2020-08-24T20:52:04.899+0000][31350][gc,start     ] GC(39) Pause Final Update Refs
[2020-08-24T20:52:04.899+0000][31350][gc,task      ] GC(39) Using 6 of 6 workers for final reference update
[2020-08-24T20:52:04.899+0000][31350][gc           ] GC(39) Pause Final Update Refs 0.153ms
[2020-08-24T20:52:04.900+0000][31350][safepoint    ] Safepoint "ShenandoahFinalUpdateRefs", Time since last: 5340049 ns, Reaching safepoint: 76762 ns, At safepoint: 166704 ns, Total: 243466 ns
[2020-08-24T20:52:04.900+0000][31350][gc,start     ] GC(39) Concurrent cleanup
[2020-08-24T20:52:04.900+0000][31350][gc           ] GC(39) Concurrent cleanup 141M->79M(4096M) 0.107ms
[2020-08-24T20:52:04.900+0000][31350][gc,ergo      ] Free: 3810M (1908 regions), Max regular: 2048K, Max humongous: 3412M, External frag: 11%, Internal frag: 0%
[2020-08-24T20:52:04.900+0000][31350][gc,ergo      ] Evacuation Reserve: 206M (103 regions), Max regular: 2048K
[2020-08-24T20:52:05.900+0000][31350][safepoint    ] Safepoint "Cleanup", Time since last: 1000091127 ns, Reaching safepoint: 351209 ns, At safepoint: 31508 ns, Total: 382717 ns
[2020-08-24T20:52:06.900+0000][31350][safepoint    ] Safepoint "Cleanup", Time since last: 1000135464 ns, Reaching safepoint: 63858 ns, At safepoint: 3348 ns, Total: 67206 ns
[2020-08-24T20:52:07.901+0000][31350][safepoint    ] Safepoint "Cleanup", Time since last: 1000112026 ns, Reaching safepoint: 236293 ns, At safepoint: 30302 ns, Total: 266595 ns
[2020-08-24T20:52:08.166+0000][31350][gc           ] Trigger: Allocated since last cycle (410M) is larger than allocation threshold (409M)
[2020-08-24T20:52:08.168+0000][31350][gc,ergo      ] Free: 3460M (1733 regions), Max regular: 2048K, Max humongous: 3412M, External frag: 2%, Internal frag: 0%
[2020-08-24T20:52:08.168+0000][31350][gc,ergo      ] Evacuation Reserve: 206M (103 regions), Max regular: 2048K
[2020-08-24T20:52:08.168+0000][31350][gc,start     ] GC(40) Concurrent reset
[2020-08-24T20:52:08.168+0000][31350][gc,task      ] GC(40) Using 3 of 6 workers for concurrent reset
[2020-08-24T20:52:08.168+0000][31350][gc           ] GC(40) Concurrent reset 429M->429M(4096M) 0.519ms
[2020-08-24T20:52:08.169+0000][31350][gc,start     ] GC(40) Pause Init Mark (process weakrefs) (unload classes)
[2020-08-24T20:52:08.169+0000][31350][gc,task      ] GC(40) Using 6 of 6 workers for init marking
[2020-08-24T20:52:08.170+0000][31350][gc           ] GC(40) Pause Init Mark (process weakrefs) (unload classes) 1.182ms
[2020-08-24T20:52:08.170+0000][31350][safepoint    ] Safepoint "ShenandoahInitMark", Time since last: 267787517 ns, Reaching safepoint: 164705 ns, At safepoint: 1277875 ns, Total: 1442580 ns
[2020-08-24T20:52:08.170+0000][31350][gc,start     ] GC(40) Concurrent marking (process weakrefs) (unload classes)
[2020-08-24T20:52:08.170+0000][31350][gc,task      ] GC(40) Using 3 of 6 workers for concurrent marking
[2020-08-24T20:52:08.198+0000][31350][gc           ] GC(40) Concurrent marking (process weakrefs) (unload classes) 431M->445M(4096M) 27.938ms
[2020-08-24T20:52:08.198+0000][31350][gc,start     ] GC(40) Concurrent precleaning
[2020-08-24T20:52:08.198+0000][31350][gc,task      ] GC(40) Using 1 of 6 workers for concurrent preclean
[2020-08-24T20:52:08.199+0000][31350][gc           ] GC(40) Concurrent precleaning 445M->447M(4096M) 0.784ms
[2020-08-24T20:52:08.199+0000][31350][gc,start     ] GC(40) Pause Final Mark (process weakrefs) (unload classes)
[2020-08-24T20:52:08.199+0000][31350][gc,task      ] GC(40) Using 6 of 6 workers for final marking
[2020-08-24T20:52:08.200+0000][31350][gc,ergo      ] GC(40) CSet Selection. Actual Free: 4004M, Max CSet: 3003M
[2020-08-24T20:52:08.200+0000][31350][gc,ergo      ] GC(40) Collectable Garbage: 51720K (12% of total), 1148K CSet, 26 CSet regions
[2020-08-24T20:52:08.200+0000][31350][gc,ergo      ] GC(40) Immediate Garbage: 360M (87% of total), 180 regions
[2020-08-24T20:52:08.200+0000][31350][gc           ] GC(40) Pause Final Mark (process weakrefs) (unload classes) 1.420ms
[2020-08-24T20:52:08.201+0000][31350][safepoint    ] Safepoint "ShenandoahFinalMarkStartEvac", Time since last: 29036730 ns, Reaching safepoint: 236566 ns, At safepoint: 1462005 ns, Total: 1698571 ns
[2020-08-24T20:52:08.201+0000][31350][gc,start     ] GC(40) Concurrent roots processing
[2020-08-24T20:52:08.201+0000][31350][gc,task      ] GC(40) Using 3 of 6 workers for concurrent root processing
[2020-08-24T20:52:08.211+0000][31350][gc           ] GC(40) Concurrent roots processing 449M->465M(4096M) 10.672ms
[2020-08-24T20:52:08.211+0000][31350][gc,start     ] GC(40) Concurrent cleanup
[2020-08-24T20:52:08.212+0000][31350][gc           ] GC(40) Concurrent cleanup 465M->105M(4096M) 0.214ms
[2020-08-24T20:52:08.212+0000][31350][gc,ergo      ] GC(40) Free: 3785M (1895 regions), Max regular: 2048K, Max humongous: 3412M, External frag: 10%, Internal frag: 0%
[2020-08-24T20:52:08.212+0000][31350][gc,ergo      ] GC(40) Evacuation Reserve: 204M (103 regions), Max regular: 2048K
[2020-08-24T20:52:08.212+0000][31350][gc,start     ] GC(40) Concurrent evacuation
[2020-08-24T20:52:08.212+0000][31350][gc,task      ] GC(40) Using 3 of 6 workers for concurrent evacuation
[2020-08-24T20:52:08.212+0000][31350][gc           ] GC(40) Concurrent evacuation 105M->105M(4096M) 0.295ms
[2020-08-24T20:52:08.212+0000][31350][gc,start     ] GC(40) Pause Init Update Refs
[2020-08-24T20:52:08.212+0000][31350][gc           ] GC(40) Pause Init Update Refs 0.051ms
[2020-08-24T20:52:08.212+0000][31350][safepoint    ] Safepoint "ShenandoahInitUpdateRefs", Time since last: 11416753 ns, Reaching safepoint: 158144 ns, At safepoint: 72731 ns, Total: 230875 ns
[2020-08-24T20:52:08.212+0000][31350][gc,start     ] GC(40) Concurrent update references
[2020-08-24T20:52:08.212+0000][31350][gc,task      ] GC(40) Using 3 of 6 workers for concurrent reference update
[2020-08-24T20:52:08.218+0000][31350][gc           ] GC(40) Concurrent update references 107M->121M(4096M) 5.478ms
[2020-08-24T20:52:08.218+0000][31350][gc,start     ] GC(40) Pause Final Update Refs
[2020-08-24T20:52:08.218+0000][31350][gc,task      ] GC(40) Using 6 of 6 workers for final reference update
[2020-08-24T20:52:08.218+0000][31350][gc           ] GC(40) Pause Final Update Refs 0.155ms
[2020-08-24T20:52:08.218+0000][31350][safepoint    ] Safepoint "ShenandoahFinalUpdateRefs", Time since last: 5562691 ns, Reaching safepoint: 137762 ns, At safepoint: 171653 ns, Total: 309415 ns
[2020-08-24T20:52:08.218+0000][31350][gc,start     ] GC(40) Concurrent cleanup
[2020-08-24T20:52:08.218+0000][31350][gc           ] GC(40) Concurrent cleanup 121M->69M(4096M) 0.111ms
[2020-08-24T20:52:08.218+0000][31350][gc,ergo      ] Free: 3820M (1914 regions), Max regular: 2048K, Max humongous: 3448M, External frag: 10%, Internal frag: 0%
[2020-08-24T20:52:08.218+0000][31350][gc,ergo      ] Evacuation Reserve: 206M (103 regions), Max regular: 2048K
[2020-08-24T20:52:09.218+0000][31350][safepoint    ] Safepoint "Cleanup", Time since last: 1000151220 ns, Reaching safepoint: 247977 ns, At safepoint: 11422 ns, Total: 259399 ns
[2020-08-24T20:52:10.219+0000][31350][safepoint    ] Safepoint "Cleanup", Time since last: 1000168671 ns, Reaching safepoint: 286781 ns, At safepoint: 23588 ns, Total: 310369 ns
[2020-08-24T20:52:11.191+0000][31350][gc           ] Trigger: Allocated since last cycle (409M) is larger than allocation threshold (409M)
[2020-08-24T20:52:11.191+0000][31350][gc,ergo      ] Free: 3460M (1734 regions), Max regular: 2048K, Max humongous: 3448M, External frag: 1%, Internal frag: 0%
[2020-08-24T20:52:11.191+0000][31350][gc,ergo      ] Evacuation Reserve: 206M (103 regions), Max regular: 2048K
[2020-08-24T20:52:11.191+0000][31350][gc,start     ] GC(41) Concurrent reset
[2020-08-24T20:52:11.191+0000][31350][gc,task      ] GC(41) Using 3 of 6 workers for concurrent reset
[2020-08-24T20:52:11.191+0000][31350][gc           ] GC(41) Concurrent reset 429M->429M(4096M) 0.200ms
[2020-08-24T20:52:11.192+0000][31350][gc,start     ] GC(41) Pause Init Mark (unload classes)
[2020-08-24T20:52:11.192+0000][31350][gc,task      ] GC(41) Using 6 of 6 workers for init marking
[2020-08-24T20:52:11.192+0000][31350][gc           ] GC(41) Pause Init Mark (unload classes) 0.437ms
[2020-08-24T20:52:11.192+0000][31350][safepoint    ] Safepoint "ShenandoahInitMark", Time since last: 972562164 ns, Reaching safepoint: 167467 ns, At safepoint: 461188 ns, Total: 628655 ns
[2020-08-24T20:52:11.192+0000][31350][gc,start     ] GC(41) Concurrent marking (unload classes)
[2020-08-24T20:52:11.192+0000][31350][gc,task      ] GC(41) Using 3 of 6 workers for concurrent marking
[2020-08-24T20:52:11.203+0000][31350][gc           ] GC(41) Concurrent marking (unload classes) 429M->445M(4096M) 11.093ms
[2020-08-24T20:52:11.204+0000][31350][gc,start     ] GC(41) Pause Final Mark (unload classes)
[2020-08-24T20:52:11.204+0000][31350][gc,task      ] GC(41) Using 6 of 6 workers for final marking
[2020-08-24T20:52:11.204+0000][31350][gc,ergo      ] GC(41) CSet Selection. Actual Free: 3998M, Max CSet: 2998M
[2020-08-24T20:52:11.204+0000][31350][gc,ergo      ] GC(41) Collectable Garbage: 59808K (14% of total), 1218K CSet, 30 CSet regions
[2020-08-24T20:52:11.204+0000][31350][gc,ergo      ] GC(41) Immediate Garbage: 352M (85% of total), 176 regions
[2020-08-24T20:52:11.204+0000][31350][gc           ] GC(41) Pause Final Mark (unload classes) 0.714ms
[2020-08-24T20:52:11.204+0000][31350][safepoint    ] Safepoint "ShenandoahFinalMarkStartEvac", Time since last: 11201328 ns, Reaching safepoint: 172672 ns, At safepoint: 737869 ns, Total: 910541 ns
[2020-08-24T20:52:11.204+0000][31350][gc,start     ] GC(41) Concurrent roots processing
[2020-08-24T20:52:11.204+0000][31350][gc,task      ] GC(41) Using 3 of 6 workers for concurrent root processing
[2020-08-24T20:52:11.213+0000][31350][gc           ] GC(41) Concurrent roots processing 447M->463M(4096M) 9.039ms
[2020-08-24T20:52:11.213+0000][31350][gc,start     ] GC(41) Concurrent cleanup
[2020-08-24T20:52:11.214+0000][31350][gc           ] GC(41) Concurrent cleanup 463M->111M(4096M) 0.216ms
[2020-08-24T20:52:11.214+0000][31350][gc,ergo      ] GC(41) Free: 3779M (1892 regions), Max regular: 2048K, Max humongous: 3424M, External frag: 10%, Internal frag: 0%
[2020-08-24T20:52:11.214+0000][31350][gc,ergo      ] GC(41) Evacuation Reserve: 204M (103 regions), Max regular: 2048K
[2020-08-24T20:52:11.214+0000][31350][gc,start     ] GC(41) Concurrent evacuation
[2020-08-24T20:52:11.214+0000][31350][gc,task      ] GC(41) Using 3 of 6 workers for concurrent evacuation
[2020-08-24T20:52:11.214+0000][31350][gc           ] GC(41) Concurrent evacuation 111M->111M(4096M) 0.397ms
[2020-08-24T20:52:11.214+0000][31350][gc,start     ] GC(41) Pause Init Update Refs
[2020-08-24T20:52:11.214+0000][31350][gc           ] GC(41) Pause Init Update Refs 0.047ms
[2020-08-24T20:52:11.214+0000][31350][safepoint    ] Safepoint "ShenandoahInitUpdateRefs", Time since last: 9949856 ns, Reaching safepoint: 162867 ns, At safepoint: 75160 ns, Total: 238027 ns
[2020-08-24T20:52:11.214+0000][31350][gc,start     ] GC(41) Concurrent update references
[2020-08-24T20:52:11.214+0000][31350][gc,task      ] GC(41) Using 3 of 6 workers for concurrent reference update
[2020-08-24T20:52:11.219+0000][31350][gc           ] GC(41) Concurrent update references 113M->125M(4096M) 4.523ms
[2020-08-24T20:52:11.219+0000][31350][gc,start     ] GC(41) Pause Final Update Refs
[2020-08-24T20:52:11.219+0000][31350][gc,task      ] GC(41) Using 6 of 6 workers for final reference update
[2020-08-24T20:52:11.219+0000][31350][gc           ] GC(41) Pause Final Update Refs 0.121ms
[2020-08-24T20:52:11.219+0000][31350][safepoint    ] Safepoint "ShenandoahFinalUpdateRefs", Time since last: 4665566 ns, Reaching safepoint: 109464 ns, At safepoint: 135279 ns, Total: 244743 ns
[2020-08-24T20:52:11.219+0000][31350][gc,start     ] GC(41) Concurrent cleanup
[2020-08-24T20:52:11.219+0000][31350][gc           ] GC(41) Concurrent cleanup 125M->65M(4096M) 0.106ms
[2020-08-24T20:52:11.220+0000][31350][gc,ergo      ] Free: 3824M (1915 regions), Max regular: 2048K, Max humongous: 3424M, External frag: 11%, Internal frag: 0%
[2020-08-24T20:52:11.220+0000][31350][gc,ergo      ] Evacuation Reserve: 206M (103 regions), Max regular: 2048K
[2020-08-24T20:52:12.220+0000][31350][safepoint    ] Safepoint "Cleanup", Time since last: 1000078470 ns, Reaching safepoint: 222389 ns, At safepoint: 9322 ns, Total: 231711 ns
[2020-08-24T20:52:13.220+0000][31350][safepoint    ] Safepoint "Cleanup", Time since last: 1000133495 ns, Reaching safepoint: 58968 ns, At safepoint: 3567 ns, Total: 62535 ns
[2020-08-24T20:52:14.233+0000][31350][gc           ] Trigger: Allocated since last cycle (410M) is larger than allocation threshold (409M)
[2020-08-24T20:52:14.233+0000][31350][safepoint    ] Safepoint "Cleanup", Time since last: 1012720007 ns, Reaching safepoint: 324281 ns, At safepoint: 23681 ns, Total: 347962 ns
[2020-08-24T20:52:14.233+0000][31350][gc,ergo      ] Free: 3460M (1734 regions), Max regular: 2048K, Max humongous: 3424M, External frag: 2%, Internal frag: 0%
[2020-08-24T20:52:14.233+0000][31350][gc,ergo      ] Evacuation Reserve: 206M (103 regions), Max regular: 2048K
[2020-08-24T20:52:14.233+0000][31350][gc,start     ] GC(42) Concurrent reset
[2020-08-24T20:52:14.233+0000][31350][gc,task      ] GC(42) Using 3 of 6 workers for concurrent reset
[2020-08-24T20:52:14.234+0000][31350][gc           ] GC(42) Concurrent reset 429M->429M(4096M) 0.500ms
[2020-08-24T20:52:14.234+0000][31350][gc,start     ] GC(42) Pause Init Mark (unload classes)
[2020-08-24T20:52:14.234+0000][31350][gc,task      ] GC(42) Using 6 of 6 workers for init marking
[2020-08-24T20:52:14.235+0000][31350][gc           ] GC(42) Pause Init Mark (unload classes) 1.101ms
[2020-08-24T20:52:14.235+0000][31350][safepoint    ] Safepoint "ShenandoahInitMark", Time since last: 850539 ns, Reaching safepoint: 226651 ns, At safepoint: 1191979 ns, Total: 1418630 ns
[2020-08-24T20:52:14.235+0000][31350][gc,start     ] GC(42) Concurrent marking (unload classes)
[2020-08-24T20:52:14.235+0000][31350][gc,task      ] GC(42) Using 3 of 6 workers for concurrent marking
[2020-08-24T20:52:14.257+0000][31350][gc           ] GC(42) Concurrent marking (unload classes) 429M->451M(4096M) 21.539ms
[2020-08-24T20:52:14.257+0000][31350][gc,start     ] GC(42) Pause Final Mark (unload classes)
[2020-08-24T20:52:14.257+0000][31350][gc,task      ] GC(42) Using 6 of 6 workers for final marking
[2020-08-24T20:52:14.258+0000][31350][gc,ergo      ] GC(42) CSet Selection. Actual Free: 3997M, Max CSet: 2998M
[2020-08-24T20:52:14.258+0000][31350][gc,ergo      ] GC(42) Collectable Garbage: 53784K (12% of total), 1182K CSet, 27 CSet regions
[2020-08-24T20:52:14.258+0000][31350][gc,ergo      ] GC(42) Immediate Garbage: 357M (86% of total), 179 regions
[2020-08-24T20:52:14.259+0000][31350][gc           ] GC(42) Pause Final Mark (unload classes) 1.299ms
[2020-08-24T20:52:14.259+0000][31350][safepoint    ] Safepoint "ShenandoahFinalMarkStartEvac", Time since last: 21760615 ns, Reaching safepoint: 294806 ns, At safepoint: 1381461 ns, Total: 1676267 ns
[2020-08-24T20:52:14.259+0000][31350][gc,start     ] GC(42) Concurrent roots processing
[2020-08-24T20:52:14.259+0000][31350][gc,task      ] GC(42) Using 3 of 6 workers for concurrent root processing
[2020-08-24T20:52:14.269+0000][31350][gc           ] GC(42) Concurrent roots processing 451M->473M(4096M) 10.618ms
[2020-08-24T20:52:14.269+0000][31350][gc,start     ] GC(42) Concurrent cleanup
[2020-08-24T20:52:14.270+0000][31350][gc           ] GC(42) Concurrent cleanup 473M->115M(4096M) 0.256ms
[2020-08-24T20:52:14.270+0000][31350][gc,ergo      ] GC(42) Free: 3775M (1890 regions), Max regular: 2048K, Max humongous: 3414M, External frag: 10%, Internal frag: 0%
[2020-08-24T20:52:14.270+0000][31350][gc,ergo      ] GC(42) Evacuation Reserve: 204M (103 regions), Max regular: 2048K
[2020-08-24T20:52:14.270+0000][31350][gc,start     ] GC(42) Concurrent evacuation
[2020-08-24T20:52:14.270+0000][31350][gc,task      ] GC(42) Using 3 of 6 workers for concurrent evacuation
[2020-08-24T20:52:14.270+0000][31350][gc           ] GC(42) Concurrent evacuation 115M->115M(4096M) 0.349ms
[2020-08-24T20:52:14.270+0000][31350][gc,start     ] GC(42) Pause Init Update Refs
[2020-08-24T20:52:14.270+0000][31350][gc           ] GC(42) Pause Init Update Refs 0.043ms
[2020-08-24T20:52:14.270+0000][31350][safepoint    ] Safepoint "ShenandoahInitUpdateRefs", Time since last: 11459786 ns, Reaching safepoint: 184235 ns, At safepoint: 65893 ns, Total: 250128 ns
[2020-08-24T20:52:14.270+0000][31350][gc,start     ] GC(42) Concurrent update references
[2020-08-24T20:52:14.270+0000][31350][gc,task      ] GC(42) Using 3 of 6 workers for concurrent reference update
[2020-08-24T20:52:14.277+0000][31350][gc           ] GC(42) Concurrent update references 117M->133M(4096M) 6.382ms
[2020-08-24T20:52:14.277+0000][31350][gc,start     ] GC(42) Pause Final Update Refs
[2020-08-24T20:52:14.277+0000][31350][gc,task      ] GC(42) Using 6 of 6 workers for final reference update
[2020-08-24T20:52:14.277+0000][31350][gc           ] GC(42) Pause Final Update Refs 0.151ms
[2020-08-24T20:52:14.277+0000][31350][safepoint    ] Safepoint "ShenandoahFinalUpdateRefs", Time since last: 6521202 ns, Reaching safepoint: 178475 ns, At safepoint: 173521 ns, Total: 351996 ns
[2020-08-24T20:52:14.277+0000][31350][gc,start     ] GC(42) Concurrent cleanup
[2020-08-24T20:52:14.277+0000][31350][gc           ] GC(42) Concurrent cleanup 133M->79M(4096M) 0.179ms
[2020-08-24T20:52:14.277+0000][31350][gc,ergo      ] Free: 3810M (1909 regions), Max regular: 2048K, Max humongous: 3414M, External frag: 11%, Internal frag: 0%
[2020-08-24T20:52:14.277+0000][31350][gc,ergo      ] Evacuation Reserve: 206M (103 regions), Max regular: 2048K
[2020-08-24T20:52:15.277+0000][31350][safepoint    ] Safepoint "Cleanup", Time since last: 1000105918 ns, Reaching safepoint: 135617 ns, At safepoint: 6511 ns, Total: 142128 ns
[2020-08-24T20:52:16.278+0000][31350][safepoint    ] Safepoint "Cleanup", Time since last: 1000168444 ns, Reaching safepoint: 280226 ns, At safepoint: 25338 ns, Total: 305564 ns
[2020-08-24T20:52:17.178+0000][31350][gc           ] Trigger: Allocated since last cycle (411M) is larger than allocation threshold (409M)
[2020-08-24T20:52:17.178+0000][31350][gc,ergo      ] Free: 3458M (1733 regions), Max regular: 2048K, Max humongous: 3414M, External frag: 2%, Internal frag: 0%
[2020-08-24T20:52:17.178+0000][31350][gc,ergo      ] Evacuation Reserve: 206M (103 regions), Max regular: 2048K
[2020-08-24T20:52:17.178+0000][31350][gc,start     ] GC(43) Concurrent reset
[2020-08-24T20:52:17.178+0000][31350][gc,task      ] GC(43) Using 3 of 6 workers for concurrent reset
[2020-08-24T20:52:17.179+0000][31350][gc           ] GC(43) Concurrent reset 431M->431M(4096M) 0.474ms
[2020-08-24T20:52:17.179+0000][31350][gc,start     ] GC(43) Pause Init Mark (unload classes)
[2020-08-24T20:52:17.179+0000][31350][gc,task      ] GC(43) Using 6 of 6 workers for init marking
[2020-08-24T20:52:17.180+0000][31350][gc           ] GC(43) Pause Init Mark (unload classes) 1.130ms
[2020-08-24T20:52:17.180+0000][31350][safepoint    ] Safepoint "ShenandoahInitMark", Time since last: 900852451 ns, Reaching safepoint: 396568 ns, At safepoint: 1234090 ns, Total: 1630658 ns
[2020-08-24T20:52:17.180+0000][31350][gc,start     ] GC(43) Concurrent marking (unload classes)
[2020-08-24T20:52:17.181+0000][31350][gc,task      ] GC(43) Using 3 of 6 workers for concurrent marking
[2020-08-24T20:52:17.207+0000][31350][gc           ] GC(43) Concurrent marking (unload classes) 431M->449M(4096M) 26.648ms
[2020-08-24T20:52:17.207+0000][31350][gc,start     ] GC(43) Pause Final Mark (unload classes)
[2020-08-24T20:52:17.208+0000][31350][gc,task      ] GC(43) Using 6 of 6 workers for final marking
[2020-08-24T20:52:17.208+0000][31350][gc,ergo      ] GC(43) CSet Selection. Actual Free: 3995M, Max CSet: 2996M
[2020-08-24T20:52:17.208+0000][31350][gc,ergo      ] GC(43) Collectable Garbage: 59928K (14% of total), 1178K CSet, 30 CSet regions
[2020-08-24T20:52:17.208+0000][31350][gc,ergo      ] GC(43) Immediate Garbage: 353M (85% of total), 177 regions
[2020-08-24T20:52:17.209+0000][31350][gc           ] GC(43) Pause Final Mark (unload classes) 1.054ms
[2020-08-24T20:52:17.209+0000][31350][safepoint    ] Safepoint "ShenandoahFinalMarkStartEvac", Time since last: 26818944 ns, Reaching safepoint: 233051 ns, At safepoint: 1089672 ns, Total: 1322723 ns
[2020-08-24T20:52:17.209+0000][31350][gc,start     ] GC(43) Concurrent roots processing
[2020-08-24T20:52:17.209+0000][31350][gc,task      ] GC(43) Using 3 of 6 workers for concurrent root processing
[2020-08-24T20:52:17.221+0000][31350][gc           ] GC(43) Concurrent roots processing 449M->469M(4096M) 11.988ms
[2020-08-24T20:52:17.221+0000][31350][gc,start     ] GC(43) Concurrent cleanup
[2020-08-24T20:52:17.221+0000][31350][gc           ] GC(43) Concurrent cleanup 469M->115M(4096M) 0.229ms
[2020-08-24T20:52:17.221+0000][31350][gc,ergo      ] GC(43) Free: 3775M (1889 regions), Max regular: 2048K, Max humongous: 3426M, External frag: 10%, Internal frag: 0%
[2020-08-24T20:52:17.221+0000][31350][gc,ergo      ] GC(43) Evacuation Reserve: 204M (103 regions), Max regular: 2048K
[2020-08-24T20:52:17.221+0000][31350][gc,start     ] GC(43) Concurrent evacuation
[2020-08-24T20:52:17.221+0000][31350][gc,task      ] GC(43) Using 3 of 6 workers for concurrent evacuation
[2020-08-24T20:52:17.221+0000][31350][gc           ] GC(43) Concurrent evacuation 115M->115M(4096M) 0.309ms
[2020-08-24T20:52:17.221+0000][31350][gc,start     ] GC(43) Pause Init Update Refs
[2020-08-24T20:52:17.221+0000][31350][gc           ] GC(43) Pause Init Update Refs 0.056ms
[2020-08-24T20:52:17.221+0000][31350][safepoint    ] Safepoint "ShenandoahInitUpdateRefs", Time since last: 12731174 ns, Reaching safepoint: 128677 ns, At safepoint: 78991 ns, Total: 207668 ns
[2020-08-24T20:52:17.222+0000][31350][gc,start     ] GC(43) Concurrent update references
[2020-08-24T20:52:17.222+0000][31350][gc,task      ] GC(43) Using 3 of 6 workers for concurrent reference update
[2020-08-24T20:52:17.228+0000][31350][gc           ] GC(43) Concurrent update references 117M->135M(4096M) 5.991ms
[2020-08-24T20:52:17.228+0000][31350][gc,start     ] GC(43) Pause Final Update Refs
[2020-08-24T20:52:17.228+0000][31350][gc,task      ] GC(43) Using 6 of 6 workers for final reference update
[2020-08-24T20:52:17.228+0000][31350][gc           ] GC(43) Pause Final Update Refs 0.128ms
[2020-08-24T20:52:17.228+0000][31350][safepoint    ] Safepoint "ShenandoahFinalUpdateRefs", Time since last: 6045540 ns, Reaching safepoint: 115101 ns, At safepoint: 145544 ns, Total: 260645 ns
[2020-08-24T20:52:17.228+0000][31350][gc,start     ] GC(43) Concurrent cleanup
[2020-08-24T20:52:17.228+0000][31350][gc           ] GC(43) Concurrent cleanup 135M->75M(4096M) 0.143ms
[2020-08-24T20:52:17.228+0000][31350][gc,ergo      ] Free: 3814M (1910 regions), Max regular: 2048K, Max humongous: 3426M, External frag: 11%, Internal frag: 0%
[2020-08-24T20:52:17.228+0000][31350][gc,ergo      ] Evacuation Reserve: 206M (103 regions), Max regular: 2048K
[2020-08-24T20:52:18.228+0000][31350][safepoint    ] Safepoint "Cleanup", Time since last: 1000155006 ns, Reaching safepoint: 294009 ns, At safepoint: 25178 ns, Total: 319187 ns
[2020-08-24T20:52:19.229+0000][31350][safepoint    ] Safepoint "Cleanup", Time since last: 1000204968 ns, Reaching safepoint: 122163 ns, At safepoint: 3578 ns, Total: 125741 ns
[2020-08-24T20:52:19.868+0000][31350][gc           ] Trigger: Allocated since last cycle (410M) is larger than allocation threshold (409M)
[2020-08-24T20:52:19.868+0000][31350][gc,ergo      ] Free: 3460M (1733 regions), Max regular: 2048K, Max humongous: 3426M, External frag: 1%, Internal frag: 0%
[2020-08-24T20:52:19.868+0000][31350][gc,ergo      ] Evacuation Reserve: 206M (103 regions), Max regular: 2048K
[2020-08-24T20:52:19.868+0000][31350][gc,start     ] GC(44) Concurrent reset
[2020-08-24T20:52:19.868+0000][31350][gc,task      ] GC(44) Using 3 of 6 workers for concurrent reset
[2020-08-24T20:52:19.868+0000][31350][gc           ] GC(44) Concurrent reset 429M->429M(4096M) 0.244ms
[2020-08-24T20:52:19.868+0000][31350][gc,start     ] GC(44) Pause Init Mark (unload classes)
[2020-08-24T20:52:19.868+0000][31350][gc,task      ] GC(44) Using 6 of 6 workers for init marking
[2020-08-24T20:52:19.868+0000][31350][gc           ] GC(44) Pause Init Mark (unload classes) 0.378ms
[2020-08-24T20:52:19.868+0000][31350][safepoint    ] Safepoint "ShenandoahInitMark", Time since last: 639321403 ns, Reaching safepoint: 146646 ns, At safepoint: 394213 ns, Total: 540859 ns
[2020-08-24T20:52:19.869+0000][31350][gc,start     ] GC(44) Concurrent marking (unload classes)
[2020-08-24T20:52:19.869+0000][31350][gc,task      ] GC(44) Using 3 of 6 workers for concurrent marking
[2020-08-24T20:52:19.876+0000][31350][gc           ] GC(44) Concurrent marking (unload classes) 431M->447M(4096M) 7.469ms
[2020-08-24T20:52:19.876+0000][31350][gc,start     ] GC(44) Pause Final Mark (unload classes)
[2020-08-24T20:52:19.876+0000][31350][gc,task      ] GC(44) Using 6 of 6 workers for final marking
[2020-08-24T20:52:19.876+0000][31350][gc,ergo      ] GC(44) CSet Selection. Actual Free: 4006M, Max CSet: 3004M
[2020-08-24T20:52:19.876+0000][31350][gc,ergo      ] GC(44) Collectable Garbage: 49688K (11% of total), 1190K CSet, 25 CSet regions
[2020-08-24T20:52:19.876+0000][31350][gc,ergo      ] GC(44) Immediate Garbage: 362M (87% of total), 181 regions
[2020-08-24T20:52:19.877+0000][31350][gc           ] GC(44) Pause Final Mark (unload classes) 0.594ms
[2020-08-24T20:52:19.877+0000][31350][safepoint    ] Safepoint "ShenandoahFinalMarkStartEvac", Time since last: 7573392 ns, Reaching safepoint: 120317 ns, At safepoint: 610193 ns, Total: 730510 ns
[2020-08-24T20:52:19.877+0000][31350][gc,start     ] GC(44) Concurrent roots processing
[2020-08-24T20:52:19.877+0000][31350][gc,task      ] GC(44) Using 3 of 6 workers for concurrent root processing
[2020-08-24T20:52:19.885+0000][31350][gc           ] GC(44) Concurrent roots processing 449M->467M(4096M) 7.994ms
[2020-08-24T20:52:19.885+0000][31350][gc,start     ] GC(44) Concurrent cleanup
[2020-08-24T20:52:19.885+0000][31350][gc           ] GC(44) Concurrent cleanup 467M->105M(4096M) 0.187ms
[2020-08-24T20:52:19.885+0000][31350][gc,ergo      ] GC(44) Free: 3785M (1894 regions), Max regular: 2048K, Max humongous: 3418M, External frag: 10%, Internal frag: 0%
[2020-08-24T20:52:19.885+0000][31350][gc,ergo      ] GC(44) Evacuation Reserve: 204M (103 regions), Max regular: 2048K
[2020-08-24T20:52:19.885+0000][31350][gc,start     ] GC(44) Concurrent evacuation
[2020-08-24T20:52:19.885+0000][31350][gc,task      ] GC(44) Using 3 of 6 workers for concurrent evacuation
[2020-08-24T20:52:19.885+0000][31350][gc           ] GC(44) Concurrent evacuation 105M->105M(4096M) 0.262ms
[2020-08-24T20:52:19.885+0000][31350][gc,start     ] GC(44) Pause Init Update Refs
[2020-08-24T20:52:19.885+0000][31350][gc           ] GC(44) Pause Init Update Refs 0.028ms
[2020-08-24T20:52:19.885+0000][31350][safepoint    ] Safepoint "ShenandoahInitUpdateRefs", Time since last: 8576909 ns, Reaching safepoint: 57478 ns, At safepoint: 46081 ns, Total: 103559 ns
[2020-08-24T20:52:19.885+0000][31350][gc,start     ] GC(44) Concurrent update references
[2020-08-24T20:52:19.885+0000][31350][gc,task      ] GC(44) Using 3 of 6 workers for concurrent reference update
[2020-08-24T20:52:19.891+0000][31350][gc           ] GC(44) Concurrent update references 107M->119M(4096M) 5.230ms
[2020-08-24T20:52:19.891+0000][31350][gc,start     ] GC(44) Pause Final Update Refs
[2020-08-24T20:52:19.891+0000][31350][gc,task      ] GC(44) Using 6 of 6 workers for final reference update
[2020-08-24T20:52:19.891+0000][31350][gc           ] GC(44) Pause Final Update Refs 0.122ms
[2020-08-24T20:52:19.891+0000][31350][safepoint    ] Safepoint "ShenandoahFinalUpdateRefs", Time since last: 5295277 ns, Reaching safepoint: 106285 ns, At safepoint: 135340 ns, Total: 241625 ns
[2020-08-24T20:52:19.891+0000][31350][gc,start     ] GC(44) Concurrent cleanup
[2020-08-24T20:52:19.891+0000][31350][gc           ] GC(44) Concurrent cleanup 119M->69M(4096M) 0.104ms
[2020-08-24T20:52:19.891+0000][31350][gc,ergo      ] Free: 3820M (1913 regions), Max regular: 2048K, Max humongous: 3418M, External frag: 11%, Internal frag: 0%
[2020-08-24T20:52:19.891+0000][31350][gc,ergo      ] Evacuation Reserve: 206M (103 regions), Max regular: 2048K
[2020-08-24T20:52:20.891+0000][31350][safepoint    ] Safepoint "Cleanup", Time since last: 1000075730 ns, Reaching safepoint: 163851 ns, At safepoint: 5369 ns, Total: 169220 ns
[2020-08-24T20:52:21.891+0000][31350][safepoint    ] Safepoint "Cleanup", Time since last: 1000098428 ns, Reaching safepoint: 132477 ns, At safepoint: 4150 ns, Total: 136627 ns
[2020-08-24T20:52:22.881+0000][31350][gc           ] Trigger: Allocated since last cycle (410M) is larger than allocation threshold (409M)
[2020-08-24T20:52:22.881+0000][31350][gc,ergo      ] Free: 3460M (1733 regions), Max regular: 2048K, Max humongous: 3418M, External frag: 2%, Internal frag: 0%
[2020-08-24T20:52:22.881+0000][31350][gc,ergo      ] Evacuation Reserve: 206M (103 regions), Max regular: 2048K
[2020-08-24T20:52:22.881+0000][31350][gc,start     ] GC(45) Concurrent reset
[2020-08-24T20:52:22.881+0000][31350][gc,task      ] GC(45) Using 3 of 6 workers for concurrent reset
[2020-08-24T20:52:22.881+0000][31350][gc           ] GC(45) Concurrent reset 429M->429M(4096M) 0.187ms
[2020-08-24T20:52:22.881+0000][31350][gc,start     ] GC(45) Pause Init Mark (process weakrefs) (unload classes)
[2020-08-24T20:52:22.881+0000][31350][gc,task      ] GC(45) Using 6 of 6 workers for init marking
[2020-08-24T20:52:22.881+0000][31350][gc           ] GC(45) Pause Init Mark (process weakrefs) (unload classes) 0.342ms
[2020-08-24T20:52:22.881+0000][31350][safepoint    ] Safepoint "ShenandoahInitMark", Time since last: 989431428 ns, Reaching safepoint: 117655 ns, At safepoint: 355782 ns, Total: 473437 ns
[2020-08-24T20:52:22.881+0000][31350][gc,start     ] GC(45) Concurrent marking (process weakrefs) (unload classes)
[2020-08-24T20:52:22.881+0000][31350][gc,task      ] GC(45) Using 3 of 6 workers for concurrent marking
[2020-08-24T20:52:22.887+0000][31350][gc           ] GC(45) Concurrent marking (process weakrefs) (unload classes) 429M->447M(4096M) 6.015ms
[2020-08-24T20:52:22.887+0000][31350][gc,start     ] GC(45) Concurrent precleaning
[2020-08-24T20:52:22.887+0000][31350][gc,task      ] GC(45) Using 1 of 6 workers for concurrent preclean
[2020-08-24T20:52:22.888+0000][31350][gc           ] GC(45) Concurrent precleaning 447M->447M(4096M) 0.382ms
[2020-08-24T20:52:22.888+0000][31350][gc,start     ] GC(45) Pause Final Mark (process weakrefs) (unload classes)
[2020-08-24T20:52:22.888+0000][31350][gc,task      ] GC(45) Using 6 of 6 workers for final marking
[2020-08-24T20:52:22.888+0000][31350][gc,ergo      ] GC(45) CSet Selection. Actual Free: 3998M, Max CSet: 2998M
[2020-08-24T20:52:22.888+0000][31350][gc,ergo      ] GC(45) Collectable Garbage: 58130K (13% of total), 2986K CSet, 30 CSet regions
[2020-08-24T20:52:22.888+0000][31350][gc,ergo      ] GC(45) Immediate Garbage: 354M (86% of total), 177 regions
[2020-08-24T20:52:22.889+0000][31350][gc           ] GC(45) Pause Final Mark (process weakrefs) (unload classes) 0.681ms
[2020-08-24T20:52:22.889+0000][31350][safepoint    ] Safepoint "ShenandoahFinalMarkStartEvac", Time since last: 6445913 ns, Reaching safepoint: 67994 ns, At safepoint: 695564 ns, Total: 763558 ns
[2020-08-24T20:52:22.889+0000][31350][gc,start     ] GC(45) Concurrent roots processing
[2020-08-24T20:52:22.889+0000][31350][gc,task      ] GC(45) Using 3 of 6 workers for concurrent root processing
[2020-08-24T20:52:22.895+0000][31350][gc           ] GC(45) Concurrent roots processing 449M->469M(4096M) 6.475ms
[2020-08-24T20:52:22.895+0000][31350][gc,start     ] GC(45) Concurrent cleanup
[2020-08-24T20:52:22.895+0000][31350][gc           ] GC(45) Concurrent cleanup 469M->115M(4096M) 0.159ms
[2020-08-24T20:52:22.895+0000][31350][gc,ergo      ] GC(45) Free: 3777M (1891 regions), Max regular: 2048K, Max humongous: 3418M, External frag: 10%, Internal frag: 0%
[2020-08-24T20:52:22.895+0000][31350][gc,ergo      ] GC(45) Evacuation Reserve: 202M (101 regions), Max regular: 2048K
[2020-08-24T20:52:22.895+0000][31350][gc,start     ] GC(45) Concurrent evacuation
[2020-08-24T20:52:22.895+0000][31350][gc,task      ] GC(45) Using 3 of 6 workers for concurrent evacuation
[2020-08-24T20:52:22.896+0000][31350][gc           ] GC(45) Concurrent evacuation 115M->116M(4096M) 0.408ms
[2020-08-24T20:52:22.896+0000][31350][gc,start     ] GC(45) Pause Init Update Refs
[2020-08-24T20:52:22.896+0000][31350][gc           ] GC(45) Pause Init Update Refs 0.030ms
[2020-08-24T20:52:22.896+0000][31350][safepoint    ] Safepoint "ShenandoahInitUpdateRefs", Time since last: 7198045 ns, Reaching safepoint: 130189 ns, At safepoint: 44734 ns, Total: 174923 ns
[2020-08-24T20:52:22.896+0000][31350][gc,start     ] GC(45) Concurrent update references
[2020-08-24T20:52:22.896+0000][31350][gc,task      ] GC(45) Using 3 of 6 workers for concurrent reference update
[2020-08-24T20:52:22.901+0000][31350][gc           ] GC(45) Concurrent update references 120M->128M(4096M) 5.046ms
[2020-08-24T20:52:22.901+0000][31350][gc,start     ] GC(45) Pause Final Update Refs
[2020-08-24T20:52:22.901+0000][31350][gc,task      ] GC(45) Using 6 of 6 workers for final reference update
[2020-08-24T20:52:22.901+0000][31350][gc           ] GC(45) Pause Final Update Refs 0.133ms
[2020-08-24T20:52:22.901+0000][31350][safepoint    ] Safepoint "ShenandoahFinalUpdateRefs", Time since last: 5120857 ns, Reaching safepoint: 57001 ns, At safepoint: 147195 ns, Total: 204196 ns
[2020-08-24T20:52:22.901+0000][31350][gc,start     ] GC(45) Concurrent cleanup
[2020-08-24T20:52:22.901+0000][31350][gc           ] GC(45) Concurrent cleanup 128M->68M(4096M) 0.123ms
[2020-08-24T20:52:22.901+0000][31350][gc,ergo      ] Free: 3821M (1913 regions), Max regular: 2048K, Max humongous: 3426M, External frag: 11%, Internal frag: 0%
[2020-08-24T20:52:22.901+0000][31350][gc,ergo      ] Evacuation Reserve: 206M (103 regions), Max regular: 2048K
[2020-08-24T20:52:23.901+0000][31350][safepoint    ] Safepoint "Cleanup", Time since last: 1000064671 ns, Reaching safepoint: 46281 ns, At safepoint: 2491 ns, Total: 48772 ns
[2020-08-24T20:52:24.902+0000][31350][safepoint    ] Safepoint "Cleanup", Time since last: 1000106314 ns, Reaching safepoint: 68574 ns, At safepoint: 5800 ns, Total: 74374 ns
[2020-08-24T20:52:25.898+0000][31350][gc           ] Trigger: Allocated since last cycle (409M) is larger than allocation threshold (409M)
[2020-08-24T20:52:25.898+0000][31350][gc,ergo      ] Free: 3459M (1733 regions), Max regular: 2048K, Max humongous: 3426M, External frag: 1%, Internal frag: 0%
[2020-08-24T20:52:25.898+0000][31350][gc,ergo      ] Evacuation Reserve: 206M (103 regions), Max regular: 2048K
[2020-08-24T20:52:25.898+0000][31350][gc,start     ] GC(46) Concurrent reset
[2020-08-24T20:52:25.898+0000][31350][gc,task      ] GC(46) Using 3 of 6 workers for concurrent reset
[2020-08-24T20:52:25.898+0000][31350][gc           ] GC(46) Concurrent reset 430M->430M(4096M) 0.153ms
[2020-08-24T20:52:25.898+0000][31350][gc,start     ] GC(46) Pause Init Mark (unload classes)
[2020-08-24T20:52:25.898+0000][31350][gc,task      ] GC(46) Using 6 of 6 workers for init marking
[2020-08-24T20:52:25.899+0000][31350][gc           ] GC(46) Pause Init Mark (unload classes) 0.442ms
[2020-08-24T20:52:25.899+0000][31350][safepoint    ] Safepoint "ShenandoahInitMark", Time since last: 996441601 ns, Reaching safepoint: 182916 ns, At safepoint: 463974 ns, Total: 646890 ns
[2020-08-24T20:52:25.899+0000][31350][gc,start     ] GC(46) Concurrent marking (unload classes)
[2020-08-24T20:52:25.899+0000][31350][gc,task      ] GC(46) Using 3 of 6 workers for concurrent marking
[2020-08-24T20:52:25.906+0000][31350][gc           ] GC(46) Concurrent marking (unload classes) 434M->448M(4096M) 7.627ms
[2020-08-24T20:52:25.907+0000][31350][gc,start     ] GC(46) Pause Final Mark (unload classes)
[2020-08-24T20:52:25.907+0000][31350][gc,task      ] GC(46) Using 6 of 6 workers for final marking
[2020-08-24T20:52:25.907+0000][31350][gc,ergo      ] GC(46) CSet Selection. Actual Free: 3990M, Max CSet: 2992M
[2020-08-24T20:52:25.907+0000][31350][gc,ergo      ] GC(46) Collectable Garbage: 64439K (15% of total), 1074K CSet, 32 CSet regions
[2020-08-24T20:52:25.907+0000][31350][gc,ergo      ] GC(46) Immediate Garbage: 348M (84% of total), 174 regions
[2020-08-24T20:52:25.907+0000][31350][gc           ] GC(46) Pause Final Mark (unload classes) 0.548ms
[2020-08-24T20:52:25.907+0000][31350][safepoint    ] Safepoint "ShenandoahFinalMarkStartEvac", Time since last: 7705822 ns, Reaching safepoint: 136336 ns, At safepoint: 565329 ns, Total: 701665 ns
[2020-08-24T20:52:25.907+0000][31350][gc,start     ] GC(46) Concurrent roots processing
[2020-08-24T20:52:25.907+0000][31350][gc,task      ] GC(46) Using 3 of 6 workers for concurrent root processing
[2020-08-24T20:52:25.913+0000][31350][gc           ] GC(46) Concurrent roots processing 450M->467M(4096M) 5.908ms
[2020-08-24T20:52:25.913+0000][31350][gc,start     ] GC(46) Concurrent cleanup
[2020-08-24T20:52:25.913+0000][31350][gc           ] GC(46) Concurrent cleanup 467M->119M(4096M) 0.134ms
[2020-08-24T20:52:25.913+0000][31350][gc,ergo      ] GC(46) Free: 3771M (1888 regions), Max regular: 2048K, Max humongous: 3418M, External frag: 10%, Internal frag: 0%
[2020-08-24T20:52:25.913+0000][31350][gc,ergo      ] GC(46) Evacuation Reserve: 204M (103 regions), Max regular: 2048K
[2020-08-24T20:52:25.913+0000][31350][gc,start     ] GC(46) Concurrent evacuation
[2020-08-24T20:52:25.913+0000][31350][gc,task      ] GC(46) Using 3 of 6 workers for concurrent evacuation
[2020-08-24T20:52:25.913+0000][31350][gc           ] GC(46) Concurrent evacuation 119M->119M(4096M) 0.253ms
[2020-08-24T20:52:25.914+0000][31350][gc,start     ] GC(46) Pause Init Update Refs
[2020-08-24T20:52:25.914+0000][31350][gc           ] GC(46) Pause Init Update Refs 0.057ms
[2020-08-24T20:52:25.914+0000][31350][safepoint    ] Safepoint "ShenandoahInitUpdateRefs", Time since last: 6422273 ns, Reaching safepoint: 43320 ns, At safepoint: 72621 ns, Total: 115941 ns
[2020-08-24T20:52:25.914+0000][31350][gc,start     ] GC(46) Concurrent update references
[2020-08-24T20:52:25.914+0000][31350][gc,task      ] GC(46) Using 3 of 6 workers for concurrent reference update
[2020-08-24T20:52:25.919+0000][31350][gc           ] GC(46) Concurrent update references 121M->131M(4096M) 5.472ms
[2020-08-24T20:52:25.919+0000][31350][gc,start     ] GC(46) Pause Final Update Refs
[2020-08-24T20:52:25.919+0000][31350][gc,task      ] GC(46) Using 6 of 6 workers for final reference update
[2020-08-24T20:52:25.919+0000][31350][gc           ] GC(46) Pause Final Update Refs 0.138ms
[2020-08-24T20:52:25.919+0000][31350][safepoint    ] Safepoint "ShenandoahFinalUpdateRefs", Time since last: 5538976 ns, Reaching safepoint: 36816 ns, At safepoint: 153105 ns, Total: 189921 ns
[2020-08-24T20:52:25.919+0000][31350][gc,start     ] GC(46) Concurrent cleanup
[2020-08-24T20:52:25.919+0000][31350][gc           ] GC(46) Concurrent cleanup 131M->67M(4096M) 0.101ms
[2020-08-24T20:52:25.919+0000][31350][gc,ergo      ] Free: 3822M (1915 regions), Max regular: 2048K, Max humongous: 3418M, External frag: 11%, Internal frag: 0%
[2020-08-24T20:52:25.919+0000][31350][gc,ergo      ] Evacuation Reserve: 206M (103 regions), Max regular: 2048K
[2020-08-24T20:52:26.920+0000][31350][safepoint    ] Safepoint "Cleanup", Time since last: 1000081450 ns, Reaching safepoint: 173139 ns, At safepoint: 16700 ns, Total: 189839 ns
[2020-08-24T20:52:27.920+0000][31350][safepoint    ] Safepoint "Cleanup", Time since last: 1000173123 ns, Reaching safepoint: 235443 ns, At safepoint: 16102 ns, Total: 251545 ns
[2020-08-24T20:52:28.920+0000][31350][safepoint    ] Safepoint "Cleanup", Time since last: 1000169438 ns, Reaching safepoint: 243401 ns, At safepoint: 16859 ns, Total: 260260 ns
[2020-08-24T20:52:29.148+0000][31350][gc           ] Trigger: Allocated since last cycle (409M) is larger than allocation threshold (409M)
[2020-08-24T20:52:29.148+0000][31350][gc,ergo      ] Free: 3460M (1734 regions), Max regular: 2048K, Max humongous: 3418M, External frag: 2%, Internal frag: 0%
[2020-08-24T20:52:29.148+0000][31350][gc,ergo      ] Evacuation Reserve: 206M (103 regions), Max regular: 2048K
[2020-08-24T20:52:29.148+0000][31350][gc,start     ] GC(47) Concurrent reset
[2020-08-24T20:52:29.148+0000][31350][gc,task      ] GC(47) Using 3 of 6 workers for concurrent reset
[2020-08-24T20:52:29.148+0000][31350][gc           ] GC(47) Concurrent reset 429M->429M(4096M) 0.511ms
[2020-08-24T20:52:29.149+0000][31350][gc,start     ] GC(47) Pause Init Mark (unload classes)
[2020-08-24T20:52:29.149+0000][31350][gc,task      ] GC(47) Using 6 of 6 workers for init marking
[2020-08-24T20:52:29.150+0000][31350][gc           ] GC(47) Pause Init Mark (unload classes) 1.171ms
[2020-08-24T20:52:29.150+0000][31350][safepoint    ] Safepoint "ShenandoahInitMark", Time since last: 228112430 ns, Reaching safepoint: 261319 ns, At safepoint: 1267242 ns, Total: 1528561 ns
[2020-08-24T20:52:29.150+0000][31350][gc,start     ] GC(47) Concurrent marking (unload classes)
[2020-08-24T20:52:29.150+0000][31350][gc,task      ] GC(47) Using 3 of 6 workers for concurrent marking
[2020-08-24T20:52:29.172+0000][31350][gc           ] GC(47) Concurrent marking (unload classes) 430M->445M(4096M) 21.633ms
[2020-08-24T20:52:29.172+0000][31350][gc,start     ] GC(47) Pause Final Mark (unload classes)
[2020-08-24T20:52:29.172+0000][31350][gc,task      ] GC(47) Using 6 of 6 workers for final marking
[2020-08-24T20:52:29.173+0000][31350][gc,ergo      ] GC(47) CSet Selection. Actual Free: 3995M, Max CSet: 2996M
[2020-08-24T20:52:29.173+0000][31350][gc,ergo      ] GC(47) Collectable Garbage: 60018K (14% of total), 1197K CSet, 31 CSet regions
[2020-08-24T20:52:29.173+0000][31350][gc,ergo      ] GC(47) Immediate Garbage: 351M (85% of total), 176 regions
[2020-08-24T20:52:29.174+0000][31350][gc           ] GC(47) Pause Final Mark (unload classes) 1.274ms
[2020-08-24T20:52:29.174+0000][31350][safepoint    ] Safepoint "ShenandoahFinalMarkStartEvac", Time since last: 21864210 ns, Reaching safepoint: 270211 ns, At safepoint: 1315817 ns, Total: 1586028 ns
[2020-08-24T20:52:29.174+0000][31350][gc,start     ] GC(47) Concurrent roots processing
[2020-08-24T20:52:29.174+0000][31350][gc,task      ] GC(47) Using 3 of 6 workers for concurrent root processing
[2020-08-24T20:52:29.184+0000][31350][gc           ] GC(47) Concurrent roots processing 447M->465M(4096M) 10.152ms
[2020-08-24T20:52:29.184+0000][31350][gc,start     ] GC(47) Concurrent cleanup
[2020-08-24T20:52:29.184+0000][31350][gc           ] GC(47) Concurrent cleanup 465M->113M(4096M) 0.229ms
[2020-08-24T20:52:29.184+0000][31350][gc,ergo      ] GC(47) Free: 3775M (1890 regions), Max regular: 2048K, Max humongous: 3418M, External frag: 10%, Internal frag: 0%
[2020-08-24T20:52:29.184+0000][31350][gc,ergo      ] GC(47) Evacuation Reserve: 204M (103 regions), Max regular: 2048K
[2020-08-24T20:52:29.184+0000][31350][gc,start     ] GC(47) Concurrent evacuation
[2020-08-24T20:52:29.184+0000][31350][gc,task      ] GC(47) Using 3 of 6 workers for concurrent evacuation
[2020-08-24T20:52:29.185+0000][31350][gc           ] GC(47) Concurrent evacuation 113M->113M(4096M) 0.366ms
[2020-08-24T20:52:29.185+0000][31350][gc,start     ] GC(47) Pause Init Update Refs
[2020-08-24T20:52:29.185+0000][31350][gc           ] GC(47) Pause Init Update Refs 0.053ms
[2020-08-24T20:52:29.185+0000][31350][safepoint    ] Safepoint "ShenandoahInitUpdateRefs", Time since last: 11044332 ns, Reaching safepoint: 222856 ns, At safepoint: 77425 ns, Total: 300281 ns
[2020-08-24T20:52:29.185+0000][31350][gc,start     ] GC(47) Concurrent update references
[2020-08-24T20:52:29.185+0000][31350][gc,task      ] GC(47) Using 3 of 6 workers for concurrent reference update
[2020-08-24T20:52:29.191+0000][31350][gc           ] GC(47) Concurrent update references 113M->129M(4096M) 6.197ms
[2020-08-24T20:52:29.191+0000][31350][gc,start     ] GC(47) Pause Final Update Refs
[2020-08-24T20:52:29.191+0000][31350][gc,task      ] GC(47) Using 6 of 6 workers for final reference update
[2020-08-24T20:52:29.191+0000][31350][gc           ] GC(47) Pause Final Update Refs 0.173ms
[2020-08-24T20:52:29.192+0000][31350][safepoint    ] Safepoint "ShenandoahFinalUpdateRefs", Time since last: 6274389 ns, Reaching safepoint: 135323 ns, At safepoint: 196533 ns, Total: 331856 ns
[2020-08-24T20:52:29.192+0000][31350][gc,start     ] GC(47) Concurrent cleanup
[2020-08-24T20:52:29.192+0000][31350][gc           ] GC(47) Concurrent cleanup 129M->70M(4096M) 0.151ms
[2020-08-24T20:52:29.192+0000][31350][gc,ergo      ] Free: 3819M (1913 regions), Max regular: 2048K, Max humongous: 3430M, External frag: 11%, Internal frag: 0%
[2020-08-24T20:52:29.192+0000][31350][gc,ergo      ] Evacuation Reserve: 206M (103 regions), Max regular: 2048K
[2020-08-24T20:52:30.192+0000][31350][safepoint    ] Safepoint "Cleanup", Time since last: 1000149214 ns, Reaching safepoint: 285207 ns, At safepoint: 24986 ns, Total: 310193 ns
[2020-08-24T20:52:31.193+0000][31350][safepoint    ] Safepoint "Cleanup", Time since last: 1000243171 ns, Reaching safepoint: 289581 ns, At safepoint: 23159 ns, Total: 312740 ns
[2020-08-24T20:52:31.888+0000][31350][gc           ] Trigger: Allocated since last cycle (409M) is larger than allocation threshold (409M)
[2020-08-24T20:52:31.888+0000][31350][gc,ergo      ] Free: 3460M (1734 regions), Max regular: 2048K, Max humongous: 3430M, External frag: 1%, Internal frag: 0%
[2020-08-24T20:52:31.888+0000][31350][gc,ergo      ] Evacuation Reserve: 206M (103 regions), Max regular: 2048K
[2020-08-24T20:52:31.888+0000][31350][gc,start     ] GC(48) Concurrent reset
[2020-08-24T20:52:31.888+0000][31350][gc,task      ] GC(48) Using 3 of 6 workers for concurrent reset
[2020-08-24T20:52:31.889+0000][31350][gc           ] GC(48) Concurrent reset 429M->429M(4096M) 0.139ms
[2020-08-24T20:52:31.889+0000][31350][gc,start     ] GC(48) Pause Init Mark (unload classes)
[2020-08-24T20:52:31.889+0000][31350][gc,task      ] GC(48) Using 6 of 6 workers for init marking
[2020-08-24T20:52:31.889+0000][31350][gc           ] GC(48) Pause Init Mark (unload classes) 0.428ms
[2020-08-24T20:52:31.889+0000][31350][safepoint    ] Safepoint "ShenandoahInitMark", Time since last: 696126001 ns, Reaching safepoint: 56716 ns, At safepoint: 444620 ns, Total: 501336 ns
[2020-08-24T20:52:31.889+0000][31350][gc,start     ] GC(48) Concurrent marking (unload classes)
[2020-08-24T20:52:31.889+0000][31350][gc,task      ] GC(48) Using 3 of 6 workers for concurrent marking
[2020-08-24T20:52:31.900+0000][31350][gc           ] GC(48) Concurrent marking (unload classes) 432M->445M(4096M) 10.907ms
[2020-08-24T20:52:31.900+0000][31350][gc,start     ] GC(48) Pause Final Mark (unload classes)
[2020-08-24T20:52:31.900+0000][31350][gc,task      ] GC(48) Using 6 of 6 workers for final marking
[2020-08-24T20:52:31.901+0000][31350][gc,ergo      ] GC(48) CSet Selection. Actual Free: 4005M, Max CSet: 3004M
[2020-08-24T20:52:31.901+0000][31350][gc,ergo      ] GC(48) Collectable Garbage: 51830K (12% of total), 1191K CSet, 26 CSet regions
[2020-08-24T20:52:31.901+0000][31350][gc,ergo      ] GC(48) Immediate Garbage: 359M (87% of total), 180 regions
[2020-08-24T20:52:31.901+0000][31350][gc           ] GC(48) Pause Final Mark (unload classes) 0.646ms
[2020-08-24T20:52:31.901+0000][31350][safepoint    ] Safepoint "ShenandoahFinalMarkStartEvac", Time since last: 10997723 ns, Reaching safepoint: 126754 ns, At safepoint: 682509 ns, Total: 809263 ns
[2020-08-24T20:52:31.901+0000][31350][gc,start     ] GC(48) Concurrent roots processing
[2020-08-24T20:52:31.901+0000][31350][gc,task      ] GC(48) Using 3 of 6 workers for concurrent root processing
[2020-08-24T20:52:31.910+0000][31350][gc           ] GC(48) Concurrent roots processing 447M->463M(4096M) 9.103ms
[2020-08-24T20:52:31.910+0000][31350][gc,start     ] GC(48) Concurrent cleanup
[2020-08-24T20:52:31.910+0000][31350][gc           ] GC(48) Concurrent cleanup 463M->103M(4096M) 0.270ms
[2020-08-24T20:52:31.911+0000][31350][gc,ergo      ] GC(48) Free: 3787M (1896 regions), Max regular: 2048K, Max humongous: 3424M, External frag: 10%, Internal frag: 0%
[2020-08-24T20:52:31.911+0000][31350][gc,ergo      ] GC(48) Evacuation Reserve: 204M (103 regions), Max regular: 2048K
[2020-08-24T20:52:31.911+0000][31350][gc,start     ] GC(48) Concurrent evacuation
[2020-08-24T20:52:31.911+0000][31350][gc,task      ] GC(48) Using 3 of 6 workers for concurrent evacuation
[2020-08-24T20:52:31.911+0000][31350][gc           ] GC(48) Concurrent evacuation 103M->103M(4096M) 0.746ms
[2020-08-24T20:52:31.912+0000][31350][gc,start     ] GC(48) Pause Init Update Refs
[2020-08-24T20:52:31.912+0000][31350][gc           ] GC(48) Pause Init Update Refs 0.085ms
[2020-08-24T20:52:31.912+0000][31350][safepoint    ] Safepoint "ShenandoahInitUpdateRefs", Time since last: 10372864 ns, Reaching safepoint: 211159 ns, At safepoint: 104838 ns, Total: 315997 ns
[2020-08-24T20:52:31.912+0000][31350][gc,start     ] GC(48) Concurrent update references
[2020-08-24T20:52:31.912+0000][31350][gc,task      ] GC(48) Using 3 of 6 workers for concurrent reference update
[2020-08-24T20:52:31.918+0000][31350][gc           ] GC(48) Concurrent update references 105M->117M(4096M) 6.658ms
[2020-08-24T20:52:31.919+0000][31350][gc,start     ] GC(48) Pause Final Update Refs
[2020-08-24T20:52:31.919+0000][31350][gc,task      ] GC(48) Using 6 of 6 workers for final reference update
[2020-08-24T20:52:31.919+0000][31350][gc           ] GC(48) Pause Final Update Refs 0.220ms
[2020-08-24T20:52:31.919+0000][31350][safepoint    ] Safepoint "ShenandoahFinalUpdateRefs", Time since last: 6734784 ns, Reaching safepoint: 151936 ns, At safepoint: 238437 ns, Total: 390373 ns
[2020-08-24T20:52:31.919+0000][31350][gc,start     ] GC(48) Concurrent cleanup
[2020-08-24T20:52:31.919+0000][31350][gc           ] GC(48) Concurrent cleanup 117M->65M(4096M) 0.134ms
[2020-08-24T20:52:31.919+0000][31350][gc,ergo      ] Free: 3824M (1915 regions), Max regular: 2048K, Max humongous: 3424M, External frag: 11%, Internal frag: 0%
[2020-08-24T20:52:31.919+0000][31350][gc,ergo      ] Evacuation Reserve: 206M (103 regions), Max regular: 2048K
[2020-08-24T20:52:32.919+0000][31350][safepoint    ] Safepoint "Cleanup", Time since last: 1000065859 ns, Reaching safepoint: 111809 ns, At safepoint: 5276 ns, Total: 117085 ns
[2020-08-24T20:52:33.919+0000][31350][safepoint    ] Safepoint "Cleanup", Time since last: 1000095357 ns, Reaching safepoint: 286534 ns, At safepoint: 19986 ns, Total: 306520 ns
[2020-08-24T20:52:34.892+0000][31350][gc           ] Trigger: Allocated since last cycle (409M) is larger than allocation threshold (409M)
[2020-08-24T20:52:34.900+0000][31350][gc,ergo      ] Free: 3456M (1731 regions), Max regular: 2048K, Max humongous: 3424M, External frag: 1%, Internal frag: 0%
[2020-08-24T20:52:34.900+0000][31350][gc,ergo      ] Evacuation Reserve: 206M (103 regions), Max regular: 2048K
[2020-08-24T20:52:34.900+0000][31350][gc,start     ] GC(49) Concurrent reset
[2020-08-24T20:52:34.900+0000][31350][gc,task      ] GC(49) Using 3 of 6 workers for concurrent reset
[2020-08-24T20:52:34.901+0000][31350][gc           ] GC(49) Concurrent reset 435M->435M(4096M) 0.188ms
[2020-08-24T20:52:34.901+0000][31350][gc,start     ] GC(49) Pause Init Mark (unload classes)
[2020-08-24T20:52:34.901+0000][31350][gc,task      ] GC(49) Using 6 of 6 workers for init marking
[2020-08-24T20:52:34.901+0000][31350][gc           ] GC(49) Pause Init Mark (unload classes) 0.399ms
[2020-08-24T20:52:34.901+0000][31350][safepoint    ] Safepoint "ShenandoahInitMark", Time since last: 981303504 ns, Reaching safepoint: 161789 ns, At safepoint: 433601 ns, Total: 595390 ns
[2020-08-24T20:52:34.901+0000][31350][gc,start     ] GC(49) Concurrent marking (unload classes)
[2020-08-24T20:52:34.901+0000][31350][gc,task      ] GC(49) Using 3 of 6 workers for concurrent marking
[2020-08-24T20:52:34.912+0000][31350][gc           ] GC(49) Concurrent marking (unload classes) 437M->485M(4096M) 11.210ms
[2020-08-24T20:52:34.913+0000][31350][gc,start     ] GC(49) Pause Final Mark (unload classes)
[2020-08-24T20:52:34.913+0000][31350][gc,task      ] GC(49) Using 6 of 6 workers for final marking
[2020-08-24T20:52:34.913+0000][31350][gc,ergo      ] GC(49) CSet Selection. Actual Free: 3920M, Max CSet: 2940M
[2020-08-24T20:52:34.913+0000][31350][gc,ergo      ] GC(49) Collectable Garbage: 102M (24% of total), 1467K CSet, 52 CSet regions
[2020-08-24T20:52:34.913+0000][31350][gc,ergo      ] GC(49) Immediate Garbage: 314M (75% of total), 157 regions
[2020-08-24T20:52:34.913+0000][31350][gc           ] GC(49) Pause Final Mark (unload classes) 0.574ms
[2020-08-24T20:52:34.913+0000][31350][safepoint    ] Safepoint "ShenandoahFinalMarkStartEvac", Time since last: 11277412 ns, Reaching safepoint: 79004 ns, At safepoint: 589986 ns, Total: 668990 ns
[2020-08-24T20:52:34.913+0000][31350][gc,start     ] GC(49) Concurrent roots processing
[2020-08-24T20:52:34.913+0000][31350][gc,task      ] GC(49) Using 3 of 6 workers for concurrent root processing
[2020-08-24T20:52:34.920+0000][31350][gc           ] GC(49) Concurrent roots processing 487M->503M(4096M) 7.197ms
[2020-08-24T20:52:34.920+0000][31350][gc,start     ] GC(49) Concurrent cleanup
[2020-08-24T20:52:34.921+0000][31350][gc           ] GC(49) Concurrent cleanup 503M->189M(4096M) 0.286ms
[2020-08-24T20:52:34.921+0000][31350][gc,ergo      ] GC(49) Free: 3701M (1853 regions), Max regular: 2048K, Max humongous: 3384M, External frag: 9%, Internal frag: 0%
[2020-08-24T20:52:34.921+0000][31350][gc,ergo      ] GC(49) Evacuation Reserve: 204M (103 regions), Max regular: 2048K
[2020-08-24T20:52:34.921+0000][31350][gc,start     ] GC(49) Concurrent evacuation
[2020-08-24T20:52:34.921+0000][31350][gc,task      ] GC(49) Using 3 of 6 workers for concurrent evacuation
[2020-08-24T20:52:34.921+0000][31350][gc           ] GC(49) Concurrent evacuation 189M->189M(4096M) 0.544ms
[2020-08-24T20:52:34.921+0000][31350][gc,start     ] GC(49) Pause Init Update Refs
[2020-08-24T20:52:34.921+0000][31350][gc           ] GC(49) Pause Init Update Refs 0.044ms
[2020-08-24T20:52:34.921+0000][31350][safepoint    ] Safepoint "ShenandoahInitUpdateRefs", Time since last: 8160875 ns, Reaching safepoint: 52383 ns, At safepoint: 60287 ns, Total: 112670 ns
[2020-08-24T20:52:34.921+0000][31350][gc,start     ] GC(49) Concurrent update references
[2020-08-24T20:52:34.921+0000][31350][gc,task      ] GC(49) Using 3 of 6 workers for concurrent reference update
[2020-08-24T20:52:34.928+0000][31350][gc           ] GC(49) Concurrent update references 191M->207M(4096M) 6.445ms
[2020-08-24T20:52:34.928+0000][31350][gc,start     ] GC(49) Pause Final Update Refs
[2020-08-24T20:52:34.928+0000][31350][gc,task      ] GC(49) Using 6 of 6 workers for final reference update
[2020-08-24T20:52:34.928+0000][31350][gc           ] GC(49) Pause Final Update Refs 0.131ms
[2020-08-24T20:52:34.928+0000][31350][safepoint    ] Safepoint "ShenandoahFinalUpdateRefs", Time since last: 6529111 ns, Reaching safepoint: 124832 ns, At safepoint: 150167 ns, Total: 274999 ns
[2020-08-24T20:52:34.928+0000][31350][gc,start     ] GC(49) Concurrent cleanup
[2020-08-24T20:52:34.928+0000][31350][gc           ] GC(49) Concurrent cleanup 207M->104M(4096M) 0.127ms
[2020-08-24T20:52:34.928+0000][31350][gc,ergo      ] Free: 3785M (1897 regions), Max regular: 2048K, Max humongous: 3384M, External frag: 11%, Internal frag: 0%
[2020-08-24T20:52:34.928+0000][31350][gc,ergo      ] Evacuation Reserve: 206M (103 regions), Max regular: 2048K
[2020-08-24T20:52:35.929+0000][31350][safepoint    ] Safepoint "Cleanup", Time since last: 1000097385 ns, Reaching safepoint: 337014 ns, At safepoint: 30596 ns, Total: 367610 ns
[2020-08-24T20:52:36.929+0000][31350][safepoint    ] Safepoint "Cleanup", Time since last: 1000153584 ns, Reaching safepoint: 219493 ns, At safepoint: 22542 ns, Total: 242035 ns
[2020-08-24T20:52:37.930+0000][31350][safepoint    ] Safepoint "Cleanup", Time since last: 1000221629 ns, Reaching safepoint: 180964 ns, At safepoint: 16721 ns, Total: 197685 ns
[2020-08-24T20:52:38.213+0000][31350][gc           ] Trigger: Allocated since last cycle (409M) is larger than allocation threshold (409M)
[2020-08-24T20:52:38.213+0000][31350][gc,ergo      ] Free: 3461M (1735 regions), Max regular: 2048K, Max humongous: 3384M, External frag: 3%, Internal frag: 0%
[2020-08-24T20:52:38.213+0000][31350][gc,ergo      ] Evacuation Reserve: 206M (103 regions), Max regular: 2048K
[2020-08-24T20:52:38.213+0000][31350][gc,start     ] GC(50) Concurrent reset
[2020-08-24T20:52:38.213+0000][31350][gc,task      ] GC(50) Using 3 of 6 workers for concurrent reset
[2020-08-24T20:52:38.214+0000][31350][gc           ] GC(50) Concurrent reset 428M->428M(4096M) 0.275ms
[2020-08-24T20:52:38.214+0000][31350][gc,start     ] GC(50) Pause Init Mark (process weakrefs) (unload classes)
[2020-08-24T20:52:38.214+0000][31350][gc,task      ] GC(50) Using 6 of 6 workers for init marking
[2020-08-24T20:52:38.214+0000][31350][gc           ] GC(50) Pause Init Mark (process weakrefs) (unload classes) 0.455ms
[2020-08-24T20:52:38.214+0000][31350][safepoint    ] Safepoint "ShenandoahInitMark", Time since last: 284231220 ns, Reaching safepoint: 98256 ns, At safepoint: 479951 ns, Total: 578207 ns
[2020-08-24T20:52:38.214+0000][31350][gc,start     ] GC(50) Concurrent marking (process weakrefs) (unload classes)
[2020-08-24T20:52:38.214+0000][31350][gc,task      ] GC(50) Using 3 of 6 workers for concurrent marking
[2020-08-24T20:52:38.223+0000][31350][gc           ] GC(50) Concurrent marking (process weakrefs) (unload classes) 428M->444M(4096M) 9.019ms
[2020-08-24T20:52:38.223+0000][31350][gc,start     ] GC(50) Concurrent precleaning
[2020-08-24T20:52:38.223+0000][31350][gc,task      ] GC(50) Using 1 of 6 workers for concurrent preclean
[2020-08-24T20:52:38.224+0000][31350][gc           ] GC(50) Concurrent precleaning 444M->446M(4096M) 0.472ms
[2020-08-24T20:52:38.224+0000][31350][gc,start     ] GC(50) Pause Final Mark (process weakrefs) (unload classes)
[2020-08-24T20:52:38.224+0000][31350][gc,task      ] GC(50) Using 6 of 6 workers for final marking
[2020-08-24T20:52:38.224+0000][31350][gc,ergo      ] GC(50) CSet Selection. Actual Free: 3995M, Max CSet: 2996M
[2020-08-24T20:52:38.224+0000][31350][gc,ergo      ] GC(50) Collectable Garbage: 60494K (14% of total), 2981K CSet, 31 CSet regions
[2020-08-24T20:52:38.224+0000][31350][gc,ergo      ] GC(50) Immediate Garbage: 349M (85% of total), 175 regions
[2020-08-24T20:52:38.225+0000][31350][gc           ] GC(50) Pause Final Mark (process weakrefs) (unload classes) 0.569ms
[2020-08-24T20:52:38.225+0000][31350][safepoint    ] Safepoint "ShenandoahFinalMarkStartEvac", Time since last: 9616461 ns, Reaching safepoint: 119956 ns, At safepoint: 586382 ns, Total: 706338 ns
[2020-08-24T20:52:38.225+0000][31350][gc,start     ] GC(50) Concurrent roots processing
[2020-08-24T20:52:38.225+0000][31350][gc,task      ] GC(50) Using 3 of 6 workers for concurrent root processing
[2020-08-24T20:52:38.232+0000][31350][gc           ] GC(50) Concurrent roots processing 446M->466M(4096M) 7.069ms
[2020-08-24T20:52:38.232+0000][31350][gc,start     ] GC(50) Concurrent cleanup
[2020-08-24T20:52:38.232+0000][31350][gc           ] GC(50) Concurrent cleanup 466M->116M(4096M) 0.168ms
[2020-08-24T20:52:38.232+0000][31350][gc,ergo      ] GC(50) Free: 3777M (1890 regions), Max regular: 2048K, Max humongous: 3394M, External frag: 11%, Internal frag: 0%
[2020-08-24T20:52:38.232+0000][31350][gc,ergo      ] GC(50) Evacuation Reserve: 202M (101 regions), Max regular: 2048K
[2020-08-24T20:52:38.232+0000][31350][gc,start     ] GC(50) Concurrent evacuation
[2020-08-24T20:52:38.232+0000][31350][gc,task      ] GC(50) Using 3 of 6 workers for concurrent evacuation
[2020-08-24T20:52:38.232+0000][31350][gc           ] GC(50) Concurrent evacuation 116M->116M(4096M) 0.416ms
[2020-08-24T20:52:38.233+0000][31350][gc,start     ] GC(50) Pause Init Update Refs
[2020-08-24T20:52:38.233+0000][31350][gc           ] GC(50) Pause Init Update Refs 0.042ms
[2020-08-24T20:52:38.233+0000][31350][safepoint    ] Safepoint "ShenandoahInitUpdateRefs", Time since last: 7798554 ns, Reaching safepoint: 133289 ns, At safepoint: 58273 ns, Total: 191562 ns
[2020-08-24T20:52:38.233+0000][31350][gc,start     ] GC(50) Concurrent update references
[2020-08-24T20:52:38.233+0000][31350][gc,task      ] GC(50) Using 3 of 6 workers for concurrent reference update
[2020-08-24T20:52:38.238+0000][31350][gc           ] GC(50) Concurrent update references 118M->134M(4096M) 4.893ms
[2020-08-24T20:52:38.238+0000][31350][gc,start     ] GC(50) Pause Final Update Refs
[2020-08-24T20:52:38.238+0000][31350][gc,task      ] GC(50) Using 6 of 6 workers for final reference update
[2020-08-24T20:52:38.238+0000][31350][gc           ] GC(50) Pause Final Update Refs 0.123ms
[2020-08-24T20:52:38.238+0000][31350][safepoint    ] Safepoint "ShenandoahFinalUpdateRefs", Time since last: 4968036 ns, Reaching safepoint: 142076 ns, At safepoint: 138600 ns, Total: 280676 ns
[2020-08-24T20:52:38.238+0000][31350][gc,start     ] GC(50) Concurrent cleanup
[2020-08-24T20:52:38.238+0000][31350][gc           ] GC(50) Concurrent cleanup 134M->72M(4096M) 0.152ms
[2020-08-24T20:52:38.238+0000][31350][gc,ergo      ] Free: 3817M (1911 regions), Max regular: 2048K, Max humongous: 3486M, External frag: 9%, Internal frag: 0%
[2020-08-24T20:52:38.238+0000][31350][gc,ergo      ] Evacuation Reserve: 206M (103 regions), Max regular: 2048K
[2020-08-24T20:52:39.238+0000][31350][safepoint    ] Safepoint "Cleanup", Time since last: 1000105787 ns, Reaching safepoint: 101761 ns, At safepoint: 3667 ns, Total: 105428 ns
[2020-08-24T20:52:40.239+0000][31350][safepoint    ] Safepoint "Cleanup", Time since last: 1000153534 ns, Reaching safepoint: 267242 ns, At safepoint: 12906 ns, Total: 280148 ns
[2020-08-24T20:52:40.932+0000][31350][gc           ] Trigger: Allocated since last cycle (411M) is larger than allocation threshold (409M)
[2020-08-24T20:52:40.932+0000][31350][gc,ergo      ] Free: 3457M (1731 regions), Max regular: 2048K, Max humongous: 3452M, External frag: 1%, Internal frag: 0%
[2020-08-24T20:52:40.932+0000][31350][gc,ergo      ] Evacuation Reserve: 206M (103 regions), Max regular: 2048K
[2020-08-24T20:52:40.932+0000][31350][gc,start     ] GC(51) Concurrent reset
[2020-08-24T20:52:40.932+0000][31350][gc,task      ] GC(51) Using 3 of 6 workers for concurrent reset
[2020-08-24T20:52:40.932+0000][31350][gc           ] GC(51) Concurrent reset 432M->432M(4096M) 0.133ms
[2020-08-24T20:52:40.932+0000][31350][gc,start     ] GC(51) Pause Init Mark (unload classes)
[2020-08-24T20:52:40.932+0000][31350][gc,task      ] GC(51) Using 6 of 6 workers for init marking
[2020-08-24T20:52:40.932+0000][31350][gc           ] GC(51) Pause Init Mark (unload classes) 0.288ms
[2020-08-24T20:52:40.932+0000][31350][safepoint    ] Safepoint "ShenandoahInitMark", Time since last: 693177653 ns, Reaching safepoint: 44907 ns, At safepoint: 303056 ns, Total: 347963 ns
[2020-08-24T20:52:40.932+0000][31350][gc,start     ] GC(51) Concurrent marking (unload classes)
[2020-08-24T20:52:40.932+0000][31350][gc,task      ] GC(51) Using 3 of 6 workers for concurrent marking
[2020-08-24T20:52:40.938+0000][31350][gc           ] GC(51) Concurrent marking (unload classes) 432M->448M(4096M) 5.558ms
[2020-08-24T20:52:40.938+0000][31350][gc,start     ] GC(51) Pause Final Mark (unload classes)
[2020-08-24T20:52:40.938+0000][31350][gc,task      ] GC(51) Using 6 of 6 workers for final marking
[2020-08-24T20:52:40.938+0000][31350][gc,ergo      ] GC(51) CSet Selection. Actual Free: 3996M, Max CSet: 2997M
[2020-08-24T20:52:40.938+0000][31350][gc,ergo      ] GC(51) Collectable Garbage: 60324K (14% of total), 1115K CSet, 30 CSet regions
[2020-08-24T20:52:40.938+0000][31350][gc,ergo      ] GC(51) Immediate Garbage: 354M (85% of total), 177 regions
[2020-08-24T20:52:40.938+0000][31350][gc           ] GC(51) Pause Final Mark (unload classes) 0.493ms
[2020-08-24T20:52:40.938+0000][31350][safepoint    ] Safepoint "ShenandoahFinalMarkStartEvac", Time since last: 5637722 ns, Reaching safepoint: 136158 ns, At safepoint: 508885 ns, Total: 645043 ns
[2020-08-24T20:52:40.938+0000][31350][gc,start     ] GC(51) Concurrent roots processing
[2020-08-24T20:52:40.938+0000][31350][gc,task      ] GC(51) Using 3 of 6 workers for concurrent root processing
[2020-08-24T20:52:40.944+0000][31350][gc           ] GC(51) Concurrent roots processing 450M->463M(4096M) 5.732ms
[2020-08-24T20:52:40.944+0000][31350][gc,start     ] GC(51) Concurrent cleanup
[2020-08-24T20:52:40.944+0000][31350][gc           ] GC(51) Concurrent cleanup 463M->109M(4096M) 0.158ms
[2020-08-24T20:52:40.944+0000][31350][gc,ergo      ] GC(51) Free: 3781M (1892 regions), Max regular: 2048K, Max humongous: 3420M, External frag: 10%, Internal frag: 0%
[2020-08-24T20:52:40.944+0000][31350][gc,ergo      ] GC(51) Evacuation Reserve: 204M (103 regions), Max regular: 2048K
[2020-08-24T20:52:40.944+0000][31350][gc,start     ] GC(51) Concurrent evacuation
[2020-08-24T20:52:40.944+0000][31350][gc,task      ] GC(51) Using 3 of 6 workers for concurrent evacuation
[2020-08-24T20:52:40.945+0000][31350][gc           ] GC(51) Concurrent evacuation 109M->109M(4096M) 0.180ms
[2020-08-24T20:52:40.945+0000][31350][gc,start     ] GC(51) Pause Init Update Refs
[2020-08-24T20:52:40.945+0000][31350][gc           ] GC(51) Pause Init Update Refs 0.030ms
[2020-08-24T20:52:40.945+0000][31350][safepoint    ] Safepoint "ShenandoahInitUpdateRefs", Time since last: 6202310 ns, Reaching safepoint: 167087 ns, At safepoint: 46236 ns, Total: 213323 ns
[2020-08-24T20:52:40.945+0000][31350][gc,start     ] GC(51) Concurrent update references
[2020-08-24T20:52:40.945+0000][31350][gc,task      ] GC(51) Using 3 of 6 workers for concurrent reference update
[2020-08-24T20:52:40.949+0000][31350][gc           ] GC(51) Concurrent update references 113M->127M(4096M) 4.338ms
[2020-08-24T20:52:40.949+0000][31350][gc,start     ] GC(51) Pause Final Update Refs
[2020-08-24T20:52:40.949+0000][31350][gc,task      ] GC(51) Using 6 of 6 workers for final reference update
[2020-08-24T20:52:40.949+0000][31350][gc           ] GC(51) Pause Final Update Refs 0.099ms
[2020-08-24T20:52:40.949+0000][31350][safepoint    ] Safepoint "ShenandoahFinalUpdateRefs", Time since last: 4434166 ns, Reaching safepoint: 103880 ns, At safepoint: 114629 ns, Total: 218509 ns
[2020-08-24T20:52:40.949+0000][31350][gc,start     ] GC(51) Concurrent cleanup
[2020-08-24T20:52:40.950+0000][31350][gc           ] GC(51) Concurrent cleanup 127M->69M(4096M) 0.117ms
[2020-08-24T20:52:40.950+0000][31350][gc,ergo      ] Free: 3820M (1914 regions), Max regular: 2048K, Max humongous: 3420M, External frag: 11%, Internal frag: 0%
[2020-08-24T20:52:40.950+0000][31350][gc,ergo      ] Evacuation Reserve: 206M (103 regions), Max regular: 2048K
[2020-08-24T20:52:41.950+0000][31350][safepoint    ] Safepoint "Cleanup", Time since last: 1000162393 ns, Reaching safepoint: 307915 ns, At safepoint: 15284 ns, Total: 323199 ns
[2020-08-24T20:52:42.950+0000][31350][safepoint    ] Safepoint "Cleanup", Time since last: 1000200331 ns, Reaching safepoint: 198645 ns, At safepoint: 16293 ns, Total: 214938 ns
[2020-08-24T20:52:43.951+0000][31350][safepoint    ] Safepoint "Cleanup", Time since last: 1000162965 ns, Reaching safepoint: 231230 ns, At safepoint: 13600 ns, Total: 244830 ns
[2020-08-24T20:52:44.264+0000][31350][gc           ] Trigger: Allocated since last cycle (410M) is larger than allocation threshold (409M)
[2020-08-24T20:52:44.265+0000][31350][gc,ergo      ] Free: 3460M (1733 regions), Max regular: 2048K, Max humongous: 3420M, External frag: 2%, Internal frag: 0%
[2020-08-24T20:52:44.265+0000][31350][gc,ergo      ] Evacuation Reserve: 206M (103 regions), Max regular: 2048K
[2020-08-24T20:52:44.265+0000][31350][gc,start     ] GC(52) Concurrent reset
[2020-08-24T20:52:44.265+0000][31350][gc,task      ] GC(52) Using 3 of 6 workers for concurrent reset
[2020-08-24T20:52:44.265+0000][31350][gc           ] GC(52) Concurrent reset 429M->429M(4096M) 0.464ms
[2020-08-24T20:52:44.265+0000][31350][gc,start     ] GC(52) Pause Init Mark (unload classes)
[2020-08-24T20:52:44.266+0000][31350][gc,task      ] GC(52) Using 6 of 6 workers for init marking
[2020-08-24T20:52:44.267+0000][31350][gc           ] GC(52) Pause Init Mark (unload classes) 1.088ms
[2020-08-24T20:52:44.267+0000][31350][safepoint    ] Safepoint "ShenandoahInitMark", Time since last: 314517649 ns, Reaching safepoint: 162202 ns, At safepoint: 1187613 ns, Total: 1349815 ns
[2020-08-24T20:52:44.267+0000][31350][gc,start     ] GC(52) Concurrent marking (unload classes)
[2020-08-24T20:52:44.267+0000][31350][gc,task      ] GC(52) Using 3 of 6 workers for concurrent marking
[2020-08-24T20:52:44.283+0000][31350][gc           ] GC(52) Concurrent marking (unload classes) 431M->443M(4096M) 16.060ms
[2020-08-24T20:52:44.283+0000][31350][gc,start     ] GC(52) Pause Final Mark (unload classes)
[2020-08-24T20:52:44.283+0000][31350][gc,task      ] GC(52) Using 6 of 6 workers for final marking
[2020-08-24T20:52:44.284+0000][31350][gc,ergo      ] GC(52) CSet Selection. Actual Free: 4002M, Max CSet: 3001M
[2020-08-24T20:52:44.284+0000][31350][gc,ergo      ] GC(52) Collectable Garbage: 55714K (13% of total), 1082K CSet, 28 CSet regions
[2020-08-24T20:52:44.284+0000][31350][gc,ergo      ] GC(52) Immediate Garbage: 356M (86% of total), 178 regions
[2020-08-24T20:52:44.284+0000][31350][gc           ] GC(52) Pause Final Mark (unload classes) 1.012ms
[2020-08-24T20:52:44.284+0000][31350][safepoint    ] Safepoint "ShenandoahFinalMarkStartEvac", Time since last: 16233240 ns, Reaching safepoint: 182514 ns, At safepoint: 1050313 ns, Total: 1232827 ns
[2020-08-24T20:52:44.284+0000][31350][gc,start     ] GC(52) Concurrent roots processing
[2020-08-24T20:52:44.284+0000][31350][gc,task      ] GC(52) Using 3 of 6 workers for concurrent root processing
[2020-08-24T20:52:44.295+0000][31350][gc           ] GC(52) Concurrent roots processing 445M->465M(4096M) 10.911ms
[2020-08-24T20:52:44.295+0000][31350][gc,start     ] GC(52) Concurrent cleanup
[2020-08-24T20:52:44.295+0000][31350][gc           ] GC(52) Concurrent cleanup 465M->109M(4096M) 0.226ms
[2020-08-24T20:52:44.295+0000][31350][gc,ergo      ] GC(52) Free: 3781M (1893 regions), Max regular: 2048K, Max humongous: 3420M, External frag: 10%, Internal frag: 0%
[2020-08-24T20:52:44.295+0000][31350][gc,ergo      ] GC(52) Evacuation Reserve: 204M (103 regions), Max regular: 2048K
[2020-08-24T20:52:44.295+0000][31350][gc,start     ] GC(52) Concurrent evacuation
[2020-08-24T20:52:44.295+0000][31350][gc,task      ] GC(52) Using 3 of 6 workers for concurrent evacuation
[2020-08-24T20:52:44.296+0000][31350][gc           ] GC(52) Concurrent evacuation 109M->111M(4096M) 0.313ms
[2020-08-24T20:52:44.296+0000][31350][gc,start     ] GC(52) Pause Init Update Refs
[2020-08-24T20:52:44.296+0000][31350][gc           ] GC(52) Pause Init Update Refs 0.067ms
[2020-08-24T20:52:44.296+0000][31350][safepoint    ] Safepoint "ShenandoahInitUpdateRefs", Time since last: 11715359 ns, Reaching safepoint: 225481 ns, At safepoint: 94930 ns, Total: 320411 ns
[2020-08-24T20:52:44.296+0000][31350][gc,start     ] GC(52) Concurrent update references
[2020-08-24T20:52:44.296+0000][31350][gc,task      ] GC(52) Using 3 of 6 workers for concurrent reference update
[2020-08-24T20:52:44.302+0000][31350][gc           ] GC(52) Concurrent update references 111M->129M(4096M) 6.006ms
[2020-08-24T20:52:44.302+0000][31350][gc,start     ] GC(52) Pause Final Update Refs
[2020-08-24T20:52:44.302+0000][31350][gc,task      ] GC(52) Using 6 of 6 workers for final reference update
[2020-08-24T20:52:44.302+0000][31350][gc           ] GC(52) Pause Final Update Refs 0.160ms
[2020-08-24T20:52:44.302+0000][31350][safepoint    ] Safepoint "ShenandoahFinalUpdateRefs", Time since last: 6056639 ns, Reaching safepoint: 99251 ns, At safepoint: 173522 ns, Total: 272773 ns
[2020-08-24T20:52:44.303+0000][31350][gc,start     ] GC(52) Concurrent cleanup
[2020-08-24T20:52:44.303+0000][31350][gc           ] GC(52) Concurrent cleanup 129M->75M(4096M) 0.102ms
[2020-08-24T20:52:44.303+0000][31350][gc,ergo      ] Free: 3814M (1912 regions), Max regular: 2048K, Max humongous: 3420M, External frag: 11%, Internal frag: 0%
[2020-08-24T20:52:44.303+0000][31350][gc,ergo      ] Evacuation Reserve: 206M (103 regions), Max regular: 2048K
[2020-08-24T20:52:45.303+0000][31350][safepoint    ] Safepoint "Cleanup", Time since last: 1000113039 ns, Reaching safepoint: 110704 ns, At safepoint: 2767 ns, Total: 113471 ns
[2020-08-24T20:52:46.303+0000][31350][safepoint    ] Safepoint "Cleanup", Time since last: 1000080192 ns, Reaching safepoint: 108900 ns, At safepoint: 2886 ns, Total: 111786 ns
[2020-08-24T20:52:47.053+0000][31350][gc           ] Trigger: Allocated since last cycle (409M) is larger than allocation threshold (409M)
[2020-08-24T20:52:47.054+0000][31350][gc,ergo      ] Free: 3460M (1734 regions), Max regular: 2048K, Max humongous: 3420M, External frag: 2%, Internal frag: 0%
[2020-08-24T20:52:47.054+0000][31350][gc,ergo      ] Evacuation Reserve: 206M (103 regions), Max regular: 2048K
[2020-08-24T20:52:47.054+0000][31350][gc,start     ] GC(53) Concurrent reset
[2020-08-24T20:52:47.054+0000][31350][gc,task      ] GC(53) Using 3 of 6 workers for concurrent reset
[2020-08-24T20:52:47.054+0000][31350][gc           ] GC(53) Concurrent reset 429M->429M(4096M) 0.143ms
[2020-08-24T20:52:47.054+0000][31350][gc,start     ] GC(53) Pause Init Mark (unload classes)
[2020-08-24T20:52:47.054+0000][31350][gc,task      ] GC(53) Using 6 of 6 workers for init marking
[2020-08-24T20:52:47.054+0000][31350][gc           ] GC(53) Pause Init Mark (unload classes) 0.395ms
[2020-08-24T20:52:47.054+0000][31350][safepoint    ] Safepoint "ShenandoahInitMark", Time since last: 750840267 ns, Reaching safepoint: 76079 ns, At safepoint: 410720 ns, Total: 486799 ns
[2020-08-24T20:52:47.054+0000][31350][gc,start     ] GC(53) Concurrent marking (unload classes)
[2020-08-24T20:52:47.054+0000][31350][gc,task      ] GC(53) Using 3 of 6 workers for concurrent marking
[2020-08-24T20:52:47.061+0000][31350][gc           ] GC(53) Concurrent marking (unload classes) 429M->445M(4096M) 6.801ms
[2020-08-24T20:52:47.061+0000][31350][gc,start     ] GC(53) Pause Final Mark (unload classes)
[2020-08-24T20:52:47.061+0000][31350][gc,task      ] GC(53) Using 6 of 6 workers for final marking
[2020-08-24T20:52:47.062+0000][31350][gc,ergo      ] GC(53) CSet Selection. Actual Free: 3993M, Max CSet: 2995M
[2020-08-24T20:52:47.062+0000][31350][gc,ergo      ] GC(53) Collectable Garbage: 61811K (14% of total), 1108K CSet, 31 CSet regions
[2020-08-24T20:52:47.062+0000][31350][gc,ergo      ] GC(53) Immediate Garbage: 349M (85% of total), 175 regions
[2020-08-24T20:52:47.062+0000][31350][gc           ] GC(53) Pause Final Mark (unload classes) 0.979ms
[2020-08-24T20:52:47.062+0000][31350][safepoint    ] Safepoint "ShenandoahFinalMarkStartEvac", Time since last: 6855999 ns, Reaching safepoint: 168560 ns, At safepoint: 1028924 ns, Total: 1197484 ns
[2020-08-24T20:52:47.062+0000][31350][gc,start     ] GC(53) Concurrent roots processing
[2020-08-24T20:52:47.062+0000][31350][gc,task      ] GC(53) Using 3 of 6 workers for concurrent root processing
[2020-08-24T20:52:47.069+0000][31350][gc           ] GC(53) Concurrent roots processing 447M->465M(4096M) 6.972ms
[2020-08-24T20:52:47.069+0000][31350][gc,start     ] GC(53) Concurrent cleanup
[2020-08-24T20:52:47.070+0000][31350][gc           ] GC(53) Concurrent cleanup 465M->115M(4096M) 0.224ms
[2020-08-24T20:52:47.070+0000][31350][gc,ergo      ] GC(53) Free: 3775M (1890 regions), Max regular: 2048K, Max humongous: 3422M, External frag: 10%, Internal frag: 0%
[2020-08-24T20:52:47.070+0000][31350][gc,ergo      ] GC(53) Evacuation Reserve: 204M (103 regions), Max regular: 2048K
[2020-08-24T20:52:47.070+0000][31350][gc,start     ] GC(53) Concurrent evacuation
[2020-08-24T20:52:47.070+0000][31350][gc,task      ] GC(53) Using 3 of 6 workers for concurrent evacuation
[2020-08-24T20:52:47.070+0000][31350][gc           ] GC(53) Concurrent evacuation 115M->115M(4096M) 0.299ms
[2020-08-24T20:52:47.070+0000][31350][gc,start     ] GC(53) Pause Init Update Refs
[2020-08-24T20:52:47.070+0000][31350][gc           ] GC(53) Pause Init Update Refs 0.045ms
[2020-08-24T20:52:47.070+0000][31350][safepoint    ] Safepoint "ShenandoahInitUpdateRefs", Time since last: 7762573 ns, Reaching safepoint: 154789 ns, At safepoint: 62451 ns, Total: 217240 ns
[2020-08-24T20:52:47.070+0000][31350][gc,start     ] GC(53) Concurrent update references
[2020-08-24T20:52:47.070+0000][31350][gc,task      ] GC(53) Using 3 of 6 workers for concurrent reference update
[2020-08-24T20:52:47.076+0000][31350][gc           ] GC(53) Concurrent update references 117M->131M(4096M) 5.572ms
[2020-08-24T20:52:47.076+0000][31350][gc,start     ] GC(53) Pause Final Update Refs
[2020-08-24T20:52:47.076+0000][31350][gc,task      ] GC(53) Using 6 of 6 workers for final reference update
[2020-08-24T20:52:47.076+0000][31350][gc           ] GC(53) Pause Final Update Refs 0.125ms
[2020-08-24T20:52:47.076+0000][31350][safepoint    ] Safepoint "ShenandoahFinalUpdateRefs", Time since last: 5626408 ns, Reaching safepoint: 53187 ns, At safepoint: 141693 ns, Total: 194880 ns
[2020-08-24T20:52:47.076+0000][31350][gc,start     ] GC(53) Concurrent cleanup
[2020-08-24T20:52:47.076+0000][31350][gc           ] GC(53) Concurrent cleanup 131M->69M(4096M) 0.113ms
[2020-08-24T20:52:47.076+0000][31350][gc,ergo      ] Free: 3820M (1914 regions), Max regular: 2048K, Max humongous: 3422M, External frag: 11%, Internal frag: 0%
[2020-08-24T20:52:47.076+0000][31350][gc,ergo      ] Evacuation Reserve: 206M (103 regions), Max regular: 2048K
[2020-08-24T20:52:48.076+0000][31350][safepoint    ] Safepoint "Cleanup", Time since last: 1000127712 ns, Reaching safepoint: 194952 ns, At safepoint: 8978 ns, Total: 203930 ns
[2020-08-24T20:52:49.077+0000][31350][safepoint    ] Safepoint "Cleanup", Time since last: 1000161754 ns, Reaching safepoint: 262805 ns, At safepoint: 18926 ns, Total: 281731 ns
[2020-08-24T20:52:49.879+0000][31350][gc           ] Trigger: Allocated since last cycle (409M) is larger than allocation threshold (409M)
[2020-08-24T20:52:49.880+0000][31350][gc,ergo      ] Free: 3460M (1734 regions), Max regular: 2048K, Max humongous: 3422M, External frag: 2%, Internal frag: 0%
[2020-08-24T20:52:49.880+0000][31350][gc,ergo      ] Evacuation Reserve: 206M (103 regions), Max regular: 2048K
[2020-08-24T20:52:49.880+0000][31350][gc,start     ] GC(54) Concurrent reset
[2020-08-24T20:52:49.880+0000][31350][gc,task      ] GC(54) Using 3 of 6 workers for concurrent reset
[2020-08-24T20:52:49.880+0000][31350][gc           ] GC(54) Concurrent reset 429M->429M(4096M) 0.121ms
[2020-08-24T20:52:49.880+0000][31350][gc,start     ] GC(54) Pause Init Mark (unload classes)
[2020-08-24T20:52:49.880+0000][31350][gc,task      ] GC(54) Using 6 of 6 workers for init marking
[2020-08-24T20:52:49.880+0000][31350][gc           ] GC(54) Pause Init Mark (unload classes) 0.279ms
[2020-08-24T20:52:49.880+0000][31350][safepoint    ] Safepoint "ShenandoahInitMark", Time since last: 802883769 ns, Reaching safepoint: 86369 ns, At safepoint: 294494 ns, Total: 380863 ns
[2020-08-24T20:52:49.880+0000][31350][gc,start     ] GC(54) Concurrent marking (unload classes)
[2020-08-24T20:52:49.880+0000][31350][gc,task      ] GC(54) Using 3 of 6 workers for concurrent marking
[2020-08-24T20:52:49.886+0000][31350][gc           ] GC(54) Concurrent marking (unload classes) 429M->447M(4096M) 5.941ms
[2020-08-24T20:52:49.886+0000][31350][gc,start     ] GC(54) Pause Final Mark (unload classes)
[2020-08-24T20:52:49.886+0000][31350][gc,task      ] GC(54) Using 6 of 6 workers for final marking
[2020-08-24T20:52:49.886+0000][31350][gc,ergo      ] GC(54) CSet Selection. Actual Free: 3999M, Max CSet: 2999M
[2020-08-24T20:52:49.886+0000][31350][gc,ergo      ] GC(54) Collectable Garbage: 53701K (12% of total), 1099K CSet, 27 CSet regions
[2020-08-24T20:52:49.886+0000][31350][gc,ergo      ] GC(54) Immediate Garbage: 357M (86% of total), 179 regions
[2020-08-24T20:52:49.887+0000][31350][gc           ] GC(54) Pause Final Mark (unload classes) 0.447ms
[2020-08-24T20:52:49.887+0000][31350][safepoint    ] Safepoint "ShenandoahFinalMarkStartEvac", Time since last: 5987423 ns, Reaching safepoint: 115190 ns, At safepoint: 462737 ns, Total: 577927 ns
[2020-08-24T20:52:49.887+0000][31350][gc,start     ] GC(54) Concurrent roots processing
[2020-08-24T20:52:49.887+0000][31350][gc,task      ] GC(54) Using 3 of 6 workers for concurrent root processing
[2020-08-24T20:52:49.893+0000][31350][gc           ] GC(54) Concurrent roots processing 447M->463M(4096M) 6.473ms
[2020-08-24T20:52:49.893+0000][31350][gc,start     ] GC(54) Concurrent cleanup
[2020-08-24T20:52:49.893+0000][31350][gc           ] GC(54) Concurrent cleanup 463M->105M(4096M) 0.174ms
[2020-08-24T20:52:49.893+0000][31350][gc,ergo      ] GC(54) Free: 3785M (1894 regions), Max regular: 2048K, Max humongous: 3434M, External frag: 10%, Internal frag: 0%
[2020-08-24T20:52:49.893+0000][31350][gc,ergo      ] GC(54) Evacuation Reserve: 204M (103 regions), Max regular: 2048K
[2020-08-24T20:52:49.893+0000][31350][gc,start     ] GC(54) Concurrent evacuation
[2020-08-24T20:52:49.893+0000][31350][gc,task      ] GC(54) Using 3 of 6 workers for concurrent evacuation
[2020-08-24T20:52:49.894+0000][31350][gc           ] GC(54) Concurrent evacuation 105M->105M(4096M) 0.255ms
[2020-08-24T20:52:49.894+0000][31350][gc,start     ] GC(54) Pause Init Update Refs
[2020-08-24T20:52:49.894+0000][31350][gc           ] GC(54) Pause Init Update Refs 0.040ms
[2020-08-24T20:52:49.894+0000][31350][safepoint    ] Safepoint "ShenandoahInitUpdateRefs", Time since last: 7028383 ns, Reaching safepoint: 157060 ns, At safepoint: 57786 ns, Total: 214846 ns
[2020-08-24T20:52:49.894+0000][31350][gc,start     ] GC(54) Concurrent update references
[2020-08-24T20:52:49.894+0000][31350][gc,task      ] GC(54) Using 3 of 6 workers for concurrent reference update
[2020-08-24T20:52:49.899+0000][31350][gc           ] GC(54) Concurrent update references 107M->117M(4096M) 5.225ms
[2020-08-24T20:52:49.899+0000][31350][gc,start     ] GC(54) Pause Final Update Refs
[2020-08-24T20:52:49.899+0000][31350][gc,task      ] GC(54) Using 6 of 6 workers for final reference update
[2020-08-24T20:52:49.899+0000][31350][gc           ] GC(54) Pause Final Update Refs 0.124ms
[2020-08-24T20:52:49.899+0000][31350][safepoint    ] Safepoint "ShenandoahFinalUpdateRefs", Time since last: 5273405 ns, Reaching safepoint: 142372 ns, At safepoint: 140104 ns, Total: 282476 ns
[2020-08-24T20:52:49.899+0000][31350][gc,start     ] GC(54) Concurrent cleanup
[2020-08-24T20:52:49.900+0000][31350][gc           ] GC(54) Concurrent cleanup 117M->63M(4096M) 0.124ms
[2020-08-24T20:52:49.900+0000][31350][gc,ergo      ] Free: 3826M (1915 regions), Max regular: 2048K, Max humongous: 3450M, External frag: 10%, Internal frag: 0%
[2020-08-24T20:52:49.900+0000][31350][gc,ergo      ] Evacuation Reserve: 206M (103 regions), Max regular: 2048K
[2020-08-24T20:52:50.900+0000][31350][safepoint    ] Safepoint "Cleanup", Time since last: 1000091578 ns, Reaching safepoint: 336619 ns, At safepoint: 28260 ns, Total: 364879 ns
[2020-08-24T20:52:51.901+0000][31350][safepoint    ] Safepoint "Cleanup", Time since last: 1000232527 ns, Reaching safepoint: 342045 ns, At safepoint: 24546 ns, Total: 366591 ns
[2020-08-24T20:52:52.901+0000][31350][safepoint    ] Safepoint "Cleanup", Time since last: 1000159276 ns, Reaching safepoint: 211279 ns, At safepoint: 28222 ns, Total: 239501 ns
[2020-08-24T20:52:53.271+0000][31350][gc           ] Trigger: Allocated since last cycle (410M) is larger than allocation threshold (409M)
[2020-08-24T20:52:53.271+0000][31350][gc,ergo      ] Free: 3460M (1733 regions), Max regular: 2048K, Max humongous: 3450M, External frag: 1%, Internal frag: 0%
[2020-08-24T20:52:53.271+0000][31350][gc,ergo      ] Evacuation Reserve: 206M (103 regions), Max regular: 2048K
[2020-08-24T20:52:53.271+0000][31350][gc,start     ] GC(55) Concurrent reset
[2020-08-24T20:52:53.271+0000][31350][gc,task      ] GC(55) Using 3 of 6 workers for concurrent reset
[2020-08-24T20:52:53.271+0000][31350][gc           ] GC(55) Concurrent reset 429M->429M(4096M) 0.179ms
[2020-08-24T20:52:53.271+0000][31350][gc,start     ] GC(55) Pause Init Mark (process weakrefs) (unload classes)
[2020-08-24T20:52:53.271+0000][31350][gc,task      ] GC(55) Using 6 of 6 workers for init marking
[2020-08-24T20:52:53.272+0000][31350][gc           ] GC(55) Pause Init Mark (process weakrefs) (unload classes) 0.473ms
[2020-08-24T20:52:53.272+0000][31350][safepoint    ] Safepoint "ShenandoahInitMark", Time since last: 370447253 ns, Reaching safepoint: 121287 ns, At safepoint: 496086 ns, Total: 617373 ns
[2020-08-24T20:52:53.272+0000][31350][gc,start     ] GC(55) Concurrent marking (process weakrefs) (unload classes)
[2020-08-24T20:52:53.272+0000][31350][gc,task      ] GC(55) Using 3 of 6 workers for concurrent marking
[2020-08-24T20:52:53.280+0000][31350][gc           ] GC(55) Concurrent marking (process weakrefs) (unload classes) 429M->449M(4096M) 7.970ms
[2020-08-24T20:52:53.280+0000][31350][gc,start     ] GC(55) Concurrent precleaning
[2020-08-24T20:52:53.280+0000][31350][gc,task      ] GC(55) Using 1 of 6 workers for concurrent preclean
[2020-08-24T20:52:53.280+0000][31350][gc           ] GC(55) Concurrent precleaning 449M->449M(4096M) 0.374ms
[2020-08-24T20:52:53.280+0000][31350][gc,start     ] GC(55) Pause Final Mark (process weakrefs) (unload classes)
[2020-08-24T20:52:53.281+0000][31350][gc,task      ] GC(55) Using 6 of 6 workers for final marking
[2020-08-24T20:52:53.281+0000][31350][gc,ergo      ] GC(55) CSet Selection. Actual Free: 3996M, Max CSet: 2997M
[2020-08-24T20:52:53.281+0000][31350][gc,ergo      ] GC(55) Collectable Garbage: 55804K (13% of total), 1055K CSet, 28 CSet regions
[2020-08-24T20:52:53.281+0000][31350][gc,ergo      ] GC(55) Immediate Garbage: 356M (86% of total), 178 regions
[2020-08-24T20:52:53.281+0000][31350][gc           ] GC(55) Pause Final Mark (process weakrefs) (unload classes) 0.820ms
[2020-08-24T20:52:53.281+0000][31350][safepoint    ] Safepoint "ShenandoahFinalMarkStartEvac", Time since last: 8429780 ns, Reaching safepoint: 78989 ns, At safepoint: 843891 ns, Total: 922880 ns
[2020-08-24T20:52:53.281+0000][31350][gc,start     ] GC(55) Concurrent roots processing
[2020-08-24T20:52:53.281+0000][31350][gc,task      ] GC(55) Using 3 of 6 workers for concurrent root processing
[2020-08-24T20:52:53.288+0000][31350][gc           ] GC(55) Concurrent roots processing 451M->471M(4096M) 6.665ms
[2020-08-24T20:52:53.288+0000][31350][gc,start     ] GC(55) Concurrent cleanup
[2020-08-24T20:52:53.288+0000][31350][gc           ] GC(55) Concurrent cleanup 471M->115M(4096M) 0.192ms
[2020-08-24T20:52:53.288+0000][31350][gc,ergo      ] GC(55) Free: 3775M (1890 regions), Max regular: 2048K, Max humongous: 3414M, External frag: 10%, Internal frag: 0%
[2020-08-24T20:52:53.288+0000][31350][gc,ergo      ] GC(55) Evacuation Reserve: 204M (103 regions), Max regular: 2048K
[2020-08-24T20:52:53.288+0000][31350][gc,start     ] GC(55) Concurrent evacuation
[2020-08-24T20:52:53.288+0000][31350][gc,task      ] GC(55) Using 3 of 6 workers for concurrent evacuation
[2020-08-24T20:52:53.288+0000][31350][gc           ] GC(55) Concurrent evacuation 115M->115M(4096M) 0.214ms
[2020-08-24T20:52:53.289+0000][31350][gc,start     ] GC(55) Pause Init Update Refs
[2020-08-24T20:52:53.289+0000][31350][gc           ] GC(55) Pause Init Update Refs 0.040ms
[2020-08-24T20:52:53.289+0000][31350][safepoint    ] Safepoint "ShenandoahInitUpdateRefs", Time since last: 7180833 ns, Reaching safepoint: 89731 ns, At safepoint: 63140 ns, Total: 152871 ns
[2020-08-24T20:52:53.289+0000][31350][gc,start     ] GC(55) Concurrent update references
[2020-08-24T20:52:53.289+0000][31350][gc,task      ] GC(55) Using 3 of 6 workers for concurrent reference update
[2020-08-24T20:52:53.293+0000][31350][gc           ] GC(55) Concurrent update references 117M->129M(4096M) 4.368ms
[2020-08-24T20:52:53.293+0000][31350][gc,start     ] GC(55) Pause Final Update Refs
[2020-08-24T20:52:53.293+0000][31350][gc,task      ] GC(55) Using 6 of 6 workers for final reference update
[2020-08-24T20:52:53.293+0000][31350][gc           ] GC(55) Pause Final Update Refs 0.160ms
[2020-08-24T20:52:53.293+0000][31350][safepoint    ] Safepoint "ShenandoahFinalUpdateRefs", Time since last: 4440693 ns, Reaching safepoint: 117152 ns, At safepoint: 181131 ns, Total: 298283 ns
[2020-08-24T20:52:53.293+0000][31350][gc,start     ] GC(55) Concurrent cleanup
[2020-08-24T20:52:53.294+0000][31350][gc           ] GC(55) Concurrent cleanup 129M->73M(4096M) 0.124ms
[2020-08-24T20:52:53.294+0000][31350][gc,ergo      ] Free: 3816M (1911 regions), Max regular: 2048K, Max humongous: 3414M, External frag: 11%, Internal frag: 0%
[2020-08-24T20:52:53.294+0000][31350][gc,ergo      ] Evacuation Reserve: 206M (103 regions), Max regular: 2048K
[2020-08-24T20:52:54.294+0000][31350][safepoint    ] Safepoint "Cleanup", Time since last: 1000157700 ns, Reaching safepoint: 257666 ns, At safepoint: 14167 ns, Total: 271833 ns
[2020-08-24T20:52:55.294+0000][31350][safepoint    ] Safepoint "Cleanup", Time since last: 1000194449 ns, Reaching safepoint: 143063 ns, At safepoint: 4549 ns, Total: 147612 ns
[2020-08-24T20:52:56.054+0000][31350][gc           ] Trigger: Allocated since last cycle (409M) is larger than allocation threshold (409M)
[2020-08-24T20:52:56.054+0000][31350][gc,ergo      ] Free: 3460M (1734 regions), Max regular: 2048K, Max humongous: 3414M, External frag: 2%, Internal frag: 0%
[2020-08-24T20:52:56.054+0000][31350][gc,ergo      ] Evacuation Reserve: 206M (103 regions), Max regular: 2048K
[2020-08-24T20:52:56.054+0000][31350][gc,start     ] GC(56) Concurrent reset
[2020-08-24T20:52:56.054+0000][31350][gc,task      ] GC(56) Using 3 of 6 workers for concurrent reset
[2020-08-24T20:52:56.054+0000][31350][gc           ] GC(56) Concurrent reset 429M->429M(4096M) 0.156ms
[2020-08-24T20:52:56.054+0000][31350][gc,start     ] GC(56) Pause Init Mark (unload classes)
[2020-08-24T20:52:56.054+0000][31350][gc,task      ] GC(56) Using 6 of 6 workers for init marking
[2020-08-24T20:52:56.054+0000][31350][gc           ] GC(56) Pause Init Mark (unload classes) 0.282ms
[2020-08-24T20:52:56.054+0000][31350][safepoint    ] Safepoint "ShenandoahInitMark", Time since last: 759809563 ns, Reaching safepoint: 109011 ns, At safepoint: 298193 ns, Total: 407204 ns
[2020-08-24T20:52:56.054+0000][31350][gc,start     ] GC(56) Concurrent marking (unload classes)
[2020-08-24T20:52:56.054+0000][31350][gc,task      ] GC(56) Using 3 of 6 workers for concurrent marking
[2020-08-24T20:52:56.061+0000][31350][gc           ] GC(56) Concurrent marking (unload classes) 429M->445M(4096M) 6.404ms
[2020-08-24T20:52:56.061+0000][31350][gc,start     ] GC(56) Pause Final Mark (unload classes)
[2020-08-24T20:52:56.061+0000][31350][gc,task      ] GC(56) Using 6 of 6 workers for final marking
[2020-08-24T20:52:56.061+0000][31350][gc,ergo      ] GC(56) CSet Selection. Actual Free: 4001M, Max CSet: 3001M
[2020-08-24T20:52:56.061+0000][31350][gc,ergo      ] GC(56) Collectable Garbage: 53624K (12% of total), 1082K CSet, 27 CSet regions
[2020-08-24T20:52:56.061+0000][31350][gc,ergo      ] GC(56) Immediate Garbage: 357M (87% of total), 179 regions
[2020-08-24T20:52:56.061+0000][31350][gc           ] GC(56) Pause Final Mark (unload classes) 0.482ms
[2020-08-24T20:52:56.061+0000][31350][safepoint    ] Safepoint "ShenandoahFinalMarkStartEvac", Time since last: 6444423 ns, Reaching safepoint: 110008 ns, At safepoint: 498929 ns, Total: 608937 ns
[2020-08-24T20:52:56.061+0000][31350][gc,start     ] GC(56) Concurrent roots processing
[2020-08-24T20:52:56.061+0000][31350][gc,task      ] GC(56) Using 3 of 6 workers for concurrent root processing
[2020-08-24T20:52:56.067+0000][31350][gc           ] GC(56) Concurrent roots processing 445M->461M(4096M) 5.464ms
[2020-08-24T20:52:56.067+0000][31350][gc,start     ] GC(56) Concurrent cleanup
[2020-08-24T20:52:56.067+0000][31350][gc           ] GC(56) Concurrent cleanup 461M->103M(4096M) 0.138ms
[2020-08-24T20:52:56.067+0000][31350][gc,ergo      ] GC(56) Free: 3787M (1895 regions), Max regular: 2048K, Max humongous: 3426M, External frag: 10%, Internal frag: 0%
[2020-08-24T20:52:56.067+0000][31350][gc,ergo      ] GC(56) Evacuation Reserve: 204M (103 regions), Max regular: 2048K
[2020-08-24T20:52:56.067+0000][31350][gc,start     ] GC(56) Concurrent evacuation
[2020-08-24T20:52:56.067+0000][31350][gc,task      ] GC(56) Using 3 of 6 workers for concurrent evacuation
[2020-08-24T20:52:56.067+0000][31350][gc           ] GC(56) Concurrent evacuation 103M->103M(4096M) 0.210ms
[2020-08-24T20:52:56.067+0000][31350][gc,start     ] GC(56) Pause Init Update Refs
[2020-08-24T20:52:56.067+0000][31350][gc           ] GC(56) Pause Init Update Refs 0.038ms
[2020-08-24T20:52:56.068+0000][31350][safepoint    ] Safepoint "ShenandoahInitUpdateRefs", Time since last: 5913345 ns, Reaching safepoint: 91663 ns, At safepoint: 55433 ns, Total: 147096 ns
[2020-08-24T20:52:56.068+0000][31350][gc,start     ] GC(56) Concurrent update references
[2020-08-24T20:52:56.068+0000][31350][gc,task      ] GC(56) Using 3 of 6 workers for concurrent reference update
[2020-08-24T20:52:56.072+0000][31350][gc           ] GC(56) Concurrent update references 105M->119M(4096M) 4.262ms
[2020-08-24T20:52:56.072+0000][31350][gc,start     ] GC(56) Pause Final Update Refs
[2020-08-24T20:52:56.072+0000][31350][gc,task      ] GC(56) Using 6 of 6 workers for final reference update
[2020-08-24T20:52:56.072+0000][31350][gc           ] GC(56) Pause Final Update Refs 0.113ms
[2020-08-24T20:52:56.072+0000][31350][safepoint    ] Safepoint "ShenandoahFinalUpdateRefs", Time since last: 4331014 ns, Reaching safepoint: 130361 ns, At safepoint: 128968 ns, Total: 259329 ns
[2020-08-24T20:52:56.072+0000][31350][gc,start     ] GC(56) Concurrent cleanup
[2020-08-24T20:52:56.072+0000][31350][gc           ] GC(56) Concurrent cleanup 119M->65M(4096M) 0.103ms
[2020-08-24T20:52:56.072+0000][31350][gc,ergo      ] Free: 3824M (1914 regions), Max regular: 2048K, Max humongous: 3460M, External frag: 10%, Internal frag: 0%
[2020-08-24T20:52:56.072+0000][31350][gc,ergo      ] Evacuation Reserve: 206M (103 regions), Max regular: 2048K
[2020-08-24T20:52:57.073+0000][31350][safepoint    ] Safepoint "Cleanup", Time since last: 1000088902 ns, Reaching safepoint: 342582 ns, At safepoint: 23476 ns, Total: 366058 ns
[2020-08-24T20:52:58.073+0000][31350][safepoint    ] Safepoint "Cleanup", Time since last: 1000172229 ns, Reaching safepoint: 251293 ns, At safepoint: 28418 ns, Total: 279711 ns
[2020-08-24T20:52:59.074+0000][31350][safepoint    ] Safepoint "Cleanup", Time since last: 1000167888 ns, Reaching safepoint: 317670 ns, At safepoint: 28131 ns, Total: 345801 ns
[2020-08-24T20:52:59.280+0000][31350][gc           ] Trigger: Allocated since last cycle (409M) is larger than allocation threshold (409M)
[2020-08-24T20:52:59.281+0000][31350][gc,ergo      ] Free: 3460M (1733 regions), Max regular: 2048K, Max humongous: 3454M, External frag: 1%, Internal frag: 0%
[2020-08-24T20:52:59.281+0000][31350][gc,ergo      ] Evacuation Reserve: 206M (103 regions), Max regular: 2048K
[2020-08-24T20:52:59.281+0000][31350][gc,start     ] GC(57) Concurrent reset
[2020-08-24T20:52:59.281+0000][31350][gc,task      ] GC(57) Using 3 of 6 workers for concurrent reset
[2020-08-24T20:52:59.281+0000][31350][gc           ] GC(57) Concurrent reset 429M->429M(4096M) 0.136ms
[2020-08-24T20:52:59.281+0000][31350][gc,start     ] GC(57) Pause Init Mark (unload classes)
[2020-08-24T20:52:59.281+0000][31350][gc,task      ] GC(57) Using 6 of 6 workers for init marking
[2020-08-24T20:52:59.281+0000][31350][gc           ] GC(57) Pause Init Mark (unload classes) 0.368ms
[2020-08-24T20:52:59.281+0000][31350][safepoint    ] Safepoint "ShenandoahInitMark", Time since last: 207226982 ns, Reaching safepoint: 120588 ns, At safepoint: 389991 ns, Total: 510579 ns
[2020-08-24T20:52:59.281+0000][31350][gc,start     ] GC(57) Concurrent marking (unload classes)
[2020-08-24T20:52:59.281+0000][31350][gc,task      ] GC(57) Using 3 of 6 workers for concurrent marking
[2020-08-24T20:52:59.287+0000][31350][gc           ] GC(57) Concurrent marking (unload classes) 433M->447M(4096M) 5.731ms
[2020-08-24T20:52:59.287+0000][31350][gc,start     ] GC(57) Pause Final Mark (unload classes)
[2020-08-24T20:52:59.287+0000][31350][gc,task      ] GC(57) Using 6 of 6 workers for final marking
[2020-08-24T20:52:59.287+0000][31350][gc,ergo      ] GC(57) CSet Selection. Actual Free: 3994M, Max CSet: 2995M
[2020-08-24T20:52:59.287+0000][31350][gc,ergo      ] GC(57) Collectable Garbage: 59766K (14% of total), 1131K CSet, 30 CSet regions
[2020-08-24T20:52:59.287+0000][31350][gc,ergo      ] GC(57) Immediate Garbage: 352M (85% of total), 176 regions
[2020-08-24T20:52:59.288+0000][31350][gc           ] GC(57) Pause Final Mark (unload classes) 0.441ms
[2020-08-24T20:52:59.288+0000][31350][safepoint    ] Safepoint "ShenandoahFinalMarkStartEvac", Time since last: 5788141 ns, Reaching safepoint: 113898 ns, At safepoint: 455484 ns, Total: 569382 ns
[2020-08-24T20:52:59.288+0000][31350][gc,start     ] GC(57) Concurrent roots processing
[2020-08-24T20:52:59.288+0000][31350][gc,task      ] GC(57) Using 3 of 6 workers for concurrent root processing
[2020-08-24T20:52:59.294+0000][31350][gc           ] GC(57) Concurrent roots processing 447M->463M(4096M) 6.092ms
[2020-08-24T20:52:59.294+0000][31350][gc,start     ] GC(57) Concurrent cleanup
[2020-08-24T20:52:59.294+0000][31350][gc           ] GC(57) Concurrent cleanup 463M->111M(4096M) 0.209ms
[2020-08-24T20:52:59.294+0000][31350][gc,ergo      ] GC(57) Free: 3779M (1891 regions), Max regular: 2048K, Max humongous: 3420M, External frag: 10%, Internal frag: 0%
[2020-08-24T20:52:59.294+0000][31350][gc,ergo      ] GC(57) Evacuation Reserve: 204M (103 regions), Max regular: 2048K
[2020-08-24T20:52:59.294+0000][31350][gc,start     ] GC(57) Concurrent evacuation
[2020-08-24T20:52:59.294+0000][31350][gc,task      ] GC(57) Using 3 of 6 workers for concurrent evacuation
[2020-08-24T20:52:59.294+0000][31350][gc           ] GC(57) Concurrent evacuation 111M->111M(4096M) 0.222ms
[2020-08-24T20:52:59.295+0000][31350][gc,start     ] GC(57) Pause Init Update Refs
[2020-08-24T20:52:59.295+0000][31350][gc           ] GC(57) Pause Init Update Refs 0.036ms
[2020-08-24T20:52:59.295+0000][31350][safepoint    ] Safepoint "ShenandoahInitUpdateRefs", Time since last: 6703890 ns, Reaching safepoint: 186767 ns, At safepoint: 67338 ns, Total: 254105 ns
[2020-08-24T20:52:59.295+0000][31350][gc,start     ] GC(57) Concurrent update references
[2020-08-24T20:52:59.295+0000][31350][gc,task      ] GC(57) Using 3 of 6 workers for concurrent reference update
[2020-08-24T20:52:59.300+0000][31350][gc           ] GC(57) Concurrent update references 113M->127M(4096M) 5.292ms
[2020-08-24T20:52:59.300+0000][31350][gc,start     ] GC(57) Pause Final Update Refs
[2020-08-24T20:52:59.300+0000][31350][gc,task      ] GC(57) Using 6 of 6 workers for final reference update
[2020-08-24T20:52:59.300+0000][31350][gc           ] GC(57) Pause Final Update Refs 0.138ms
[2020-08-24T20:52:59.300+0000][31350][safepoint    ] Safepoint "ShenandoahFinalUpdateRefs", Time since last: 5359020 ns, Reaching safepoint: 94448 ns, At safepoint: 153465 ns, Total: 247913 ns
[2020-08-24T20:52:59.300+0000][31350][gc,start     ] GC(57) Concurrent cleanup
[2020-08-24T20:52:59.300+0000][31350][gc           ] GC(57) Concurrent cleanup 127M->67M(4096M) 0.106ms
[2020-08-24T20:52:59.300+0000][31350][gc,ergo      ] Free: 3822M (1913 regions), Max regular: 2048K, Max humongous: 3420M, External frag: 11%, Internal frag: 0%
[2020-08-24T20:52:59.300+0000][31350][gc,ergo      ] Evacuation Reserve: 206M (103 regions), Max regular: 2048K
[2020-08-24T20:53:00.301+0000][31350][safepoint    ] Safepoint "Cleanup", Time since last: 1000221862 ns, Reaching safepoint: 216834 ns, At safepoint: 12355 ns, Total: 229189 ns
[2020-08-24T20:53:01.301+0000][31350][safepoint    ] Safepoint "Cleanup", Time since last: 1000162591 ns, Reaching safepoint: 58470 ns, At safepoint: 2607 ns, Total: 61077 ns
[2020-08-24T20:53:02.217+0000][31350][gc           ] Trigger: Allocated since last cycle (410M) is larger than allocation threshold (409M)
[2020-08-24T20:53:02.218+0000][31350][gc,ergo      ] Free: 3460M (1733 regions), Max regular: 2048K, Max humongous: 3420M, External frag: 2%, Internal frag: 0%
[2020-08-24T20:53:02.218+0000][31350][gc,ergo      ] Evacuation Reserve: 206M (103 regions), Max regular: 2048K
[2020-08-24T20:53:02.218+0000][31350][gc,start     ] GC(58) Concurrent reset
[2020-08-24T20:53:02.218+0000][31350][gc,task      ] GC(58) Using 3 of 6 workers for concurrent reset
[2020-08-24T20:53:02.218+0000][31350][gc           ] GC(58) Concurrent reset 429M->429M(4096M) 0.252ms
[2020-08-24T20:53:02.218+0000][31350][gc,start     ] GC(58) Pause Init Mark (unload classes)
[2020-08-24T20:53:02.218+0000][31350][gc,task      ] GC(58) Using 6 of 6 workers for init marking
[2020-08-24T20:53:02.218+0000][31350][gc           ] GC(58) Pause Init Mark (unload classes) 0.364ms
[2020-08-24T20:53:02.218+0000][31350][safepoint    ] Safepoint "ShenandoahInitMark", Time since last: 917001367 ns, Reaching safepoint: 47614 ns, At safepoint: 379493 ns, Total: 427107 ns
[2020-08-24T20:53:02.218+0000][31350][gc,start     ] GC(58) Concurrent marking (unload classes)
[2020-08-24T20:53:02.218+0000][31350][gc,task      ] GC(58) Using 3 of 6 workers for concurrent marking
[2020-08-24T20:53:02.225+0000][31350][gc           ] GC(58) Concurrent marking (unload classes) 429M->449M(4096M) 6.936ms
[2020-08-24T20:53:02.225+0000][31350][gc,start     ] GC(58) Pause Final Mark (unload classes)
[2020-08-24T20:53:02.225+0000][31350][gc,task      ] GC(58) Using 6 of 6 workers for final marking
[2020-08-24T20:53:02.226+0000][31350][gc,ergo      ] GC(58) CSet Selection. Actual Free: 3992M, Max CSet: 2994M
[2020-08-24T20:53:02.226+0000][31350][gc,ergo      ] GC(58) Collectable Garbage: 59955K (14% of total), 1062K CSet, 30 CSet regions
[2020-08-24T20:53:02.226+0000][31350][gc,ergo      ] GC(58) Immediate Garbage: 352M (85% of total), 176 regions
[2020-08-24T20:53:02.226+0000][31350][gc           ] GC(58) Pause Final Mark (unload classes) 0.433ms
[2020-08-24T20:53:02.226+0000][31350][safepoint    ] Safepoint "ShenandoahFinalMarkStartEvac", Time since last: 6998219 ns, Reaching safepoint: 123594 ns, At safepoint: 449261 ns, Total: 572855 ns
[2020-08-24T20:53:02.226+0000][31350][gc,start     ] GC(58) Concurrent roots processing
[2020-08-24T20:53:02.226+0000][31350][gc,task      ] GC(58) Using 3 of 6 workers for concurrent root processing
[2020-08-24T20:53:02.232+0000][31350][gc           ] GC(58) Concurrent roots processing 449M->465M(4096M) 6.468ms
[2020-08-24T20:53:02.232+0000][31350][gc,start     ] GC(58) Concurrent cleanup
[2020-08-24T20:53:02.232+0000][31350][gc           ] GC(58) Concurrent cleanup 465M->113M(4096M) 0.148ms
[2020-08-24T20:53:02.233+0000][31350][gc,ergo      ] GC(58) Free: 3777M (1891 regions), Max regular: 2048K, Max humongous: 3420M, External frag: 10%, Internal frag: 0%
[2020-08-24T20:53:02.233+0000][31350][gc,ergo      ] GC(58) Evacuation Reserve: 204M (103 regions), Max regular: 2048K
[2020-08-24T20:53:02.233+0000][31350][gc,start     ] GC(58) Concurrent evacuation
[2020-08-24T20:53:02.233+0000][31350][gc,task      ] GC(58) Using 3 of 6 workers for concurrent evacuation
[2020-08-24T20:53:02.233+0000][31350][gc           ] GC(58) Concurrent evacuation 113M->115M(4096M) 0.204ms
[2020-08-24T20:53:02.233+0000][31350][gc,start     ] GC(58) Pause Init Update Refs
[2020-08-24T20:53:02.233+0000][31350][gc           ] GC(58) Pause Init Update Refs 0.037ms
[2020-08-24T20:53:02.233+0000][31350][safepoint    ] Safepoint "ShenandoahInitUpdateRefs", Time since last: 6935548 ns, Reaching safepoint: 113570 ns, At safepoint: 51000 ns, Total: 164570 ns
[2020-08-24T20:53:02.233+0000][31350][gc,start     ] GC(58) Concurrent update references
[2020-08-24T20:53:02.233+0000][31350][gc,task      ] GC(58) Using 3 of 6 workers for concurrent reference update
[2020-08-24T20:53:02.238+0000][31350][gc           ] GC(58) Concurrent update references 115M->131M(4096M) 5.201ms
[2020-08-24T20:53:02.238+0000][31350][gc,start     ] GC(58) Pause Final Update Refs
[2020-08-24T20:53:02.238+0000][31350][gc,task      ] GC(58) Using 6 of 6 workers for final reference update
[2020-08-24T20:53:02.239+0000][31350][gc           ] GC(58) Pause Final Update Refs 0.117ms
[2020-08-24T20:53:02.239+0000][31350][safepoint    ] Safepoint "ShenandoahFinalUpdateRefs", Time since last: 5296456 ns, Reaching safepoint: 144447 ns, At safepoint: 135482 ns, Total: 279929 ns
[2020-08-24T20:53:02.239+0000][31350][gc,start     ] GC(58) Concurrent cleanup
[2020-08-24T20:53:02.239+0000][31350][gc           ] GC(58) Concurrent cleanup 131M->71M(4096M) 0.108ms
[2020-08-24T20:53:02.239+0000][31350][gc,ergo      ] Free: 3818M (1912 regions), Max regular: 2048K, Max humongous: 3420M, External frag: 11%, Internal frag: 0%
[2020-08-24T20:53:02.239+0000][31350][gc,ergo      ] Evacuation Reserve: 206M (103 regions), Max regular: 2048K
[2020-08-24T20:53:03.239+0000][31350][safepoint    ] Safepoint "Cleanup", Time since last: 1000103117 ns, Reaching safepoint: 109448 ns, At safepoint: 5923 ns, Total: 115371 ns
[2020-08-24T20:53:04.239+0000][31350][safepoint    ] Safepoint "Cleanup", Time since last: 1000166622 ns, Reaching safepoint: 331434 ns, At safepoint: 26988 ns, Total: 358422 ns
[2020-08-24T20:53:04.904+0000][31350][gc           ] Trigger: Allocated since last cycle (415M) is larger than allocation threshold (409M)
[2020-08-24T20:53:04.904+0000][31350][gc,ergo      ] Free: 3454M (1731 regions), Max regular: 2048K, Max humongous: 3420M, External frag: 1%, Internal frag: 0%
[2020-08-24T20:53:04.904+0000][31350][gc,ergo      ] Evacuation Reserve: 206M (103 regions), Max regular: 2048K
[2020-08-24T20:53:04.904+0000][31350][gc,start     ] GC(59) Concurrent reset
[2020-08-24T20:53:04.904+0000][31350][gc,task      ] GC(59) Using 3 of 6 workers for concurrent reset
[2020-08-24T20:53:04.904+0000][31350][gc           ] GC(59) Concurrent reset 437M->437M(4096M) 0.141ms
[2020-08-24T20:53:04.905+0000][31350][gc,start     ] GC(59) Pause Init Mark (unload classes)
[2020-08-24T20:53:04.905+0000][31350][gc,task      ] GC(59) Using 6 of 6 workers for init marking
[2020-08-24T20:53:04.905+0000][31350][gc           ] GC(59) Pause Init Mark (unload classes) 0.291ms
[2020-08-24T20:53:04.905+0000][31350][safepoint    ] Safepoint "ShenandoahInitMark", Time since last: 665180818 ns, Reaching safepoint: 111072 ns, At safepoint: 308709 ns, Total: 419781 ns
[2020-08-24T20:53:04.905+0000][31350][gc,start     ] GC(59) Concurrent marking (unload classes)
[2020-08-24T20:53:04.905+0000][31350][gc,task      ] GC(59) Using 3 of 6 workers for concurrent marking
[2020-08-24T20:53:04.911+0000][31350][gc           ] GC(59) Concurrent marking (unload classes) 439M->463M(4096M) 5.849ms
[2020-08-24T20:53:04.911+0000][31350][gc,start     ] GC(59) Pause Final Mark (unload classes)
[2020-08-24T20:53:04.911+0000][31350][gc,task      ] GC(59) Using 6 of 6 workers for final marking
[2020-08-24T20:53:04.911+0000][31350][gc,ergo      ] GC(59) CSet Selection. Actual Free: 3979M, Max CSet: 2984M
[2020-08-24T20:53:04.911+0000][31350][gc,ergo      ] GC(59) Collectable Garbage: 65827K (15% of total), 1176K CSet, 33 CSet regions
[2020-08-24T20:53:04.911+0000][31350][gc,ergo      ] GC(59) Immediate Garbage: 353M (84% of total), 177 regions
[2020-08-24T20:53:04.911+0000][31350][gc           ] GC(59) Pause Final Mark (unload classes) 0.486ms
[2020-08-24T20:53:04.911+0000][31350][safepoint    ] Safepoint "ShenandoahFinalMarkStartEvac", Time since last: 5892973 ns, Reaching safepoint: 108087 ns, At safepoint: 501050 ns, Total: 609137 ns
[2020-08-24T20:53:04.911+0000][31350][gc,start     ] GC(59) Concurrent roots processing
[2020-08-24T20:53:04.911+0000][31350][gc,task      ] GC(59) Using 3 of 6 workers for concurrent root processing
[2020-08-24T20:53:04.918+0000][31350][gc           ] GC(59) Concurrent roots processing 463M->481M(4096M) 6.469ms
[2020-08-24T20:53:04.918+0000][31350][gc,start     ] GC(59) Concurrent cleanup
[2020-08-24T20:53:04.918+0000][31350][gc           ] GC(59) Concurrent cleanup 481M->127M(4096M) 0.158ms
[2020-08-24T20:53:04.918+0000][31350][gc,ergo      ] GC(59) Free: 3763M (1884 regions), Max regular: 2048K, Max humongous: 3404M, External frag: 10%, Internal frag: 0%
[2020-08-24T20:53:04.918+0000][31350][gc,ergo      ] GC(59) Evacuation Reserve: 204M (103 regions), Max regular: 2048K
[2020-08-24T20:53:04.918+0000][31350][gc,start     ] GC(59) Concurrent evacuation
[2020-08-24T20:53:04.918+0000][31350][gc,task      ] GC(59) Using 3 of 6 workers for concurrent evacuation
[2020-08-24T20:53:04.918+0000][31350][gc           ] GC(59) Concurrent evacuation 127M->127M(4096M) 0.247ms
[2020-08-24T20:53:04.919+0000][31350][gc,start     ] GC(59) Pause Init Update Refs
[2020-08-24T20:53:04.919+0000][31350][gc           ] GC(59) Pause Init Update Refs 0.033ms
[2020-08-24T20:53:04.919+0000][31350][safepoint    ] Safepoint "ShenandoahInitUpdateRefs", Time since last: 7018707 ns, Reaching safepoint: 152393 ns, At safepoint: 48846 ns, Total: 201239 ns
[2020-08-24T20:53:04.919+0000][31350][gc,start     ] GC(59) Concurrent update references
[2020-08-24T20:53:04.919+0000][31350][gc,task      ] GC(59) Using 3 of 6 workers for concurrent reference update
[2020-08-24T20:53:04.924+0000][31350][gc           ] GC(59) Concurrent update references 129M->143M(4096M) 5.615ms
[2020-08-24T20:53:04.924+0000][31350][gc,start     ] GC(59) Pause Final Update Refs
[2020-08-24T20:53:04.924+0000][31350][gc,task      ] GC(59) Using 6 of 6 workers for final reference update
[2020-08-24T20:53:04.925+0000][31350][gc           ] GC(59) Pause Final Update Refs 0.137ms
[2020-08-24T20:53:04.925+0000][31350][safepoint    ] Safepoint "ShenandoahFinalUpdateRefs", Time since last: 5726822 ns, Reaching safepoint: 154977 ns, At safepoint: 154108 ns, Total: 309085 ns
[2020-08-24T20:53:04.925+0000][31350][gc,start     ] GC(59) Concurrent cleanup
[2020-08-24T20:53:04.925+0000][31350][gc           ] GC(59) Concurrent cleanup 143M->77M(4096M) 0.116ms
[2020-08-24T20:53:04.925+0000][31350][gc,ergo      ] Free: 3812M (1909 regions), Max regular: 2048K, Max humongous: 3404M, External frag: 11%, Internal frag: 0%
[2020-08-24T20:53:04.925+0000][31350][gc,ergo      ] Evacuation Reserve: 206M (103 regions), Max regular: 2048K
[2020-08-24T20:53:05.925+0000][31350][safepoint    ] Safepoint "Cleanup", Time since last: 1000066218 ns, Reaching safepoint: 113720 ns, At safepoint: 3498 ns, Total: 117218 ns
[2020-08-24T20:53:06.925+0000][31350][safepoint    ] Safepoint "Cleanup", Time since last: 1000086760 ns, Reaching safepoint: 200505 ns, At safepoint: 7444 ns, Total: 207949 ns
[2020-08-24T20:53:07.925+0000][31350][safepoint    ] Safepoint "Cleanup", Time since last: 1000113910 ns, Reaching safepoint: 120807 ns, At safepoint: 3476 ns, Total: 124283 ns
[2020-08-24T20:53:07.987+0000][31350][gc           ] Trigger: Allocated since last cycle (409M) is larger than allocation threshold (409M)
[2020-08-24T20:53:07.987+0000][31350][gc,ergo      ] Free: 3462M (1735 regions), Max regular: 2048K, Max humongous: 3404M, External frag: 2%, Internal frag: 0%
[2020-08-24T20:53:07.987+0000][31350][gc,ergo      ] Evacuation Reserve: 206M (103 regions), Max regular: 2048K
[2020-08-24T20:53:07.987+0000][31350][gc,start     ] GC(60) Concurrent reset
[2020-08-24T20:53:07.987+0000][31350][gc,task      ] GC(60) Using 3 of 6 workers for concurrent reset
[2020-08-24T20:53:07.987+0000][31350][gc           ] GC(60) Concurrent reset 427M->427M(4096M) 0.112ms
[2020-08-24T20:53:07.987+0000][31350][gc,start     ] GC(60) Pause Init Mark (process weakrefs) (unload classes)
[2020-08-24T20:53:07.987+0000][31350][gc,task      ] GC(60) Using 6 of 6 workers for init marking
[2020-08-24T20:53:07.988+0000][31350][gc           ] GC(60) Pause Init Mark (process weakrefs) (unload classes) 0.277ms
[2020-08-24T20:53:07.988+0000][31350][safepoint    ] Safepoint "ShenandoahInitMark", Time since last: 61865535 ns, Reaching safepoint: 109979 ns, At safepoint: 298463 ns, Total: 408442 ns
[2020-08-24T20:53:07.988+0000][31350][gc,start     ] GC(60) Concurrent marking (process weakrefs) (unload classes)
[2020-08-24T20:53:07.988+0000][31350][gc,task      ] GC(60) Using 3 of 6 workers for concurrent marking
[2020-08-24T20:53:07.993+0000][31350][gc           ] GC(60) Concurrent marking (process weakrefs) (unload classes) 429M->443M(4096M) 5.655ms
[2020-08-24T20:53:07.993+0000][31350][gc,start     ] GC(60) Concurrent precleaning
[2020-08-24T20:53:07.993+0000][31350][gc,task      ] GC(60) Using 1 of 6 workers for concurrent preclean
[2020-08-24T20:53:07.994+0000][31350][gc           ] GC(60) Concurrent precleaning 443M->445M(4096M) 0.315ms
[2020-08-24T20:53:07.994+0000][31350][gc,start     ] GC(60) Pause Final Mark (process weakrefs) (unload classes)
[2020-08-24T20:53:07.994+0000][31350][gc,task      ] GC(60) Using 6 of 6 workers for final marking
[2020-08-24T20:53:07.994+0000][31350][gc,ergo      ] GC(60) CSet Selection. Actual Free: 4001M, Max CSet: 3001M
[2020-08-24T20:53:07.994+0000][31350][gc,ergo      ] GC(60) Collectable Garbage: 51738K (12% of total), 1100K CSet, 26 CSet regions
[2020-08-24T20:53:07.994+0000][31350][gc,ergo      ] GC(60) Immediate Garbage: 357M (87% of total), 179 regions
[2020-08-24T20:53:07.994+0000][31350][gc           ] GC(60) Pause Final Mark (process weakrefs) (unload classes) 0.554ms
[2020-08-24T20:53:07.994+0000][31350][safepoint    ] Safepoint "ShenandoahFinalMarkStartEvac", Time since last: 6058165 ns, Reaching safepoint: 142828 ns, At safepoint: 568148 ns, Total: 710976 ns
[2020-08-24T20:53:07.994+0000][31350][gc,start     ] GC(60) Concurrent roots processing
[2020-08-24T20:53:07.994+0000][31350][gc,task      ] GC(60) Using 3 of 6 workers for concurrent root processing
[2020-08-24T20:53:08.000+0000][31350][gc           ] GC(60) Concurrent roots processing 445M->463M(4096M) 6.018ms
[2020-08-24T20:53:08.000+0000][31350][gc,start     ] GC(60) Concurrent cleanup
[2020-08-24T20:53:08.001+0000][31350][gc           ] GC(60) Concurrent cleanup 463M->105M(4096M) 0.138ms
[2020-08-24T20:53:08.001+0000][31350][gc,ergo      ] GC(60) Free: 3785M (1895 regions), Max regular: 2048K, Max humongous: 3410M, External frag: 10%, Internal frag: 0%
[2020-08-24T20:53:08.001+0000][31350][gc,ergo      ] GC(60) Evacuation Reserve: 204M (103 regions), Max regular: 2048K
[2020-08-24T20:53:08.001+0000][31350][gc,start     ] GC(60) Concurrent evacuation
[2020-08-24T20:53:08.001+0000][31350][gc,task      ] GC(60) Using 3 of 6 workers for concurrent evacuation
[2020-08-24T20:53:08.001+0000][31350][gc           ] GC(60) Concurrent evacuation 105M->105M(4096M) 0.191ms
[2020-08-24T20:53:08.001+0000][31350][gc,start     ] GC(60) Pause Init Update Refs
[2020-08-24T20:53:08.001+0000][31350][gc           ] GC(60) Pause Init Update Refs 0.033ms
[2020-08-24T20:53:08.001+0000][31350][safepoint    ] Safepoint "ShenandoahInitUpdateRefs", Time since last: 6483691 ns, Reaching safepoint: 106091 ns, At safepoint: 46462 ns, Total: 152553 ns
[2020-08-24T20:53:08.001+0000][31350][gc,start     ] GC(60) Concurrent update references
[2020-08-24T20:53:08.001+0000][31350][gc,task      ] GC(60) Using 3 of 6 workers for concurrent reference update
[2020-08-24T20:53:08.005+0000][31350][gc           ] GC(60) Concurrent update references 105M->119M(4096M) 4.446ms
[2020-08-24T20:53:08.006+0000][31350][gc,start     ] GC(60) Pause Final Update Refs
[2020-08-24T20:53:08.006+0000][31350][gc,task      ] GC(60) Using 6 of 6 workers for final reference update
[2020-08-24T20:53:08.006+0000][31350][gc           ] GC(60) Pause Final Update Refs 0.101ms
[2020-08-24T20:53:08.006+0000][31350][safepoint    ] Safepoint "ShenandoahFinalUpdateRefs", Time since last: 4479849 ns, Reaching safepoint: 101796 ns, At safepoint: 114173 ns, Total: 215969 ns
[2020-08-24T20:53:08.006+0000][31350][gc,start     ] GC(60) Concurrent cleanup
[2020-08-24T20:53:08.006+0000][31350][gc           ] GC(60) Concurrent cleanup 119M->67M(4096M) 0.130ms
[2020-08-24T20:53:08.006+0000][31350][gc,ergo      ] Free: 3822M (1915 regions), Max regular: 2048K, Max humongous: 3464M, External frag: 10%, Internal frag: 0%
[2020-08-24T20:53:08.006+0000][31350][gc,ergo      ] Evacuation Reserve: 206M (103 regions), Max regular: 2048K
[2020-08-24T20:53:09.006+0000][31350][safepoint    ] Safepoint "Cleanup", Time since last: 1000131009 ns, Reaching safepoint: 317163 ns, At safepoint: 22653 ns, Total: 339816 ns
[2020-08-24T20:53:10.007+0000][31350][safepoint    ] Safepoint "Cleanup", Time since last: 1000282610 ns, Reaching safepoint: 126887 ns, At safepoint: 3039 ns, Total: 129926 ns
[2020-08-24T20:53:10.989+0000][31350][gc           ] Trigger: Allocated since last cycle (409M) is larger than allocation threshold (409M)
[2020-08-24T20:53:10.989+0000][31350][gc,ergo      ] Free: 3460M (1733 regions), Max regular: 2048K, Max humongous: 3454M, External frag: 1%, Internal frag: 0%
[2020-08-24T20:53:10.989+0000][31350][gc,ergo      ] Evacuation Reserve: 206M (103 regions), Max regular: 2048K
[2020-08-24T20:53:10.989+0000][31350][gc,start     ] GC(61) Concurrent reset
[2020-08-24T20:53:10.989+0000][31350][gc,task      ] GC(61) Using 3 of 6 workers for concurrent reset
[2020-08-24T20:53:10.989+0000][31350][gc           ] GC(61) Concurrent reset 429M->429M(4096M) 0.135ms
[2020-08-24T20:53:10.989+0000][31350][gc,start     ] GC(61) Pause Init Mark (unload classes)
[2020-08-24T20:53:10.989+0000][31350][gc,task      ] GC(61) Using 6 of 6 workers for init marking
[2020-08-24T20:53:10.990+0000][31350][gc           ] GC(61) Pause Init Mark (unload classes) 0.366ms
[2020-08-24T20:53:10.990+0000][31350][safepoint    ] Safepoint "ShenandoahInitMark", Time since last: 982756122 ns, Reaching safepoint: 118518 ns, At safepoint: 390675 ns, Total: 509193 ns
[2020-08-24T20:53:10.990+0000][31350][gc,start     ] GC(61) Concurrent marking (unload classes)
[2020-08-24T20:53:10.990+0000][31350][gc,task      ] GC(61) Using 3 of 6 workers for concurrent marking
[2020-08-24T20:53:10.997+0000][31350][gc           ] GC(61) Concurrent marking (unload classes) 431M->445M(4096M) 6.630ms
[2020-08-24T20:53:10.997+0000][31350][gc,start     ] GC(61) Pause Final Mark (unload classes)
[2020-08-24T20:53:10.997+0000][31350][gc,task      ] GC(61) Using 6 of 6 workers for final marking
[2020-08-24T20:53:10.997+0000][31350][gc,ergo      ] GC(61) CSet Selection. Actual Free: 3998M, Max CSet: 2998M
[2020-08-24T20:53:10.997+0000][31350][gc,ergo      ] GC(61) Collectable Garbage: 55666K (13% of total), 1145K CSet, 28 CSet regions
[2020-08-24T20:53:10.997+0000][31350][gc,ergo      ] GC(61) Immediate Garbage: 356M (86% of total), 178 regions
[2020-08-24T20:53:10.997+0000][31350][gc           ] GC(61) Pause Final Mark (unload classes) 0.471ms
[2020-08-24T20:53:10.997+0000][31350][safepoint    ] Safepoint "ShenandoahFinalMarkStartEvac", Time since last: 6721001 ns, Reaching safepoint: 119671 ns, At safepoint: 489643 ns, Total: 609314 ns
[2020-08-24T20:53:10.997+0000][31350][gc,start     ] GC(61) Concurrent roots processing
[2020-08-24T20:53:10.997+0000][31350][gc,task      ] GC(61) Using 3 of 6 workers for concurrent root processing
[2020-08-24T20:53:11.008+0000][31350][gc           ] GC(61) Concurrent roots processing 449M->465M(4096M) 10.851ms
[2020-08-24T20:53:11.008+0000][31350][gc,start     ] GC(61) Concurrent cleanup
[2020-08-24T20:53:11.008+0000][31350][gc           ] GC(61) Concurrent cleanup 465M->109M(4096M) 0.227ms
[2020-08-24T20:53:11.008+0000][31350][gc,ergo      ] GC(61) Free: 3781M (1893 regions), Max regular: 2048K, Max humongous: 3420M, External frag: 10%, Internal frag: 0%
[2020-08-24T20:53:11.008+0000][31350][gc,ergo      ] GC(61) Evacuation Reserve: 204M (103 regions), Max regular: 2048K
[2020-08-24T20:53:11.008+0000][31350][gc,start     ] GC(61) Concurrent evacuation
[2020-08-24T20:53:11.008+0000][31350][gc,task      ] GC(61) Using 3 of 6 workers for concurrent evacuation
[2020-08-24T20:53:11.009+0000][31350][gc           ] GC(61) Concurrent evacuation 109M->109M(4096M) 0.300ms
[2020-08-24T20:53:11.009+0000][31350][gc,start     ] GC(61) Pause Init Update Refs
[2020-08-24T20:53:11.009+0000][31350][gc           ] GC(61) Pause Init Update Refs 0.042ms
[2020-08-24T20:53:11.009+0000][31350][safepoint    ] Safepoint "ShenandoahInitUpdateRefs", Time since last: 11545187 ns, Reaching safepoint: 53446 ns, At safepoint: 55921 ns, Total: 109367 ns
[2020-08-24T20:53:11.009+0000][31350][gc,start     ] GC(61) Concurrent update references
[2020-08-24T20:53:11.009+0000][31350][gc,task      ] GC(61) Using 3 of 6 workers for concurrent reference update
[2020-08-24T20:53:11.015+0000][31350][gc           ] GC(61) Concurrent update references 109M->123M(4096M) 6.246ms
[2020-08-24T20:53:11.015+0000][31350][gc,start     ] GC(61) Pause Final Update Refs
[2020-08-24T20:53:11.015+0000][31350][gc,task      ] GC(61) Using 6 of 6 workers for final reference update
[2020-08-24T20:53:11.016+0000][31350][gc           ] GC(61) Pause Final Update Refs 0.232ms
[2020-08-24T20:53:11.016+0000][31350][safepoint    ] Safepoint "ShenandoahFinalUpdateRefs", Time since last: 6310481 ns, Reaching safepoint: 148349 ns, At safepoint: 266330 ns, Total: 414679 ns
[2020-08-24T20:53:11.016+0000][31350][gc,start     ] GC(61) Concurrent cleanup
[2020-08-24T20:53:11.016+0000][31350][gc           ] GC(61) Concurrent cleanup 123M->67M(4096M) 0.136ms
[2020-08-24T20:53:11.016+0000][31350][gc,ergo      ] Free: 3822M (1914 regions), Max regular: 2048K, Max humongous: 3420M, External frag: 11%, Internal frag: 0%
[2020-08-24T20:53:11.016+0000][31350][gc,ergo      ] Evacuation Reserve: 206M (103 regions), Max regular: 2048K
[2020-08-24T20:53:12.101+0000][31350][safepoint    ] Safepoint "Cleanup", Time since last: 1085363549 ns, Reaching safepoint: 331800 ns, At safepoint: 27488 ns, Total: 359288 ns
[2020-08-24T20:53:13.102+0000][31350][safepoint    ] Safepoint "Cleanup", Time since last: 1000130537 ns, Reaching safepoint: 111854 ns, At safepoint: 2296 ns, Total: 114150 ns
[2020-08-24T20:53:13.894+0000][31350][gc           ] Trigger: Allocated since last cycle (411M) is larger than allocation threshold (409M)
[2020-08-24T20:53:13.894+0000][31350][gc,ergo      ] Free: 3458M (1733 regions), Max regular: 2048K, Max humongous: 3420M, External frag: 2%, Internal frag: 0%
[2020-08-24T20:53:13.894+0000][31350][gc,ergo      ] Evacuation Reserve: 206M (103 regions), Max regular: 2048K
[2020-08-24T20:53:13.894+0000][31350][gc,start     ] GC(62) Concurrent reset
[2020-08-24T20:53:13.894+0000][31350][gc,task      ] GC(62) Using 3 of 6 workers for concurrent reset
[2020-08-24T20:53:13.894+0000][31350][gc           ] GC(62) Concurrent reset 431M->431M(4096M) 0.128ms
[2020-08-24T20:53:13.894+0000][31350][gc,start     ] GC(62) Pause Init Mark (unload classes)
[2020-08-24T20:53:13.894+0000][31350][gc,task      ] GC(62) Using 6 of 6 workers for init marking
[2020-08-24T20:53:13.894+0000][31350][gc           ] GC(62) Pause Init Mark (unload classes) 0.339ms
[2020-08-24T20:53:13.894+0000][31350][safepoint    ] Safepoint "ShenandoahInitMark", Time since last: 792453594 ns, Reaching safepoint: 74308 ns, At safepoint: 355639 ns, Total: 429947 ns
[2020-08-24T20:53:13.894+0000][31350][gc,start     ] GC(62) Concurrent marking (unload classes)
[2020-08-24T20:53:13.894+0000][31350][gc,task      ] GC(62) Using 3 of 6 workers for concurrent marking
[2020-08-24T20:53:13.901+0000][31350][gc           ] GC(62) Concurrent marking (unload classes) 431M->447M(4096M) 6.565ms
[2020-08-24T20:53:13.901+0000][31350][gc,start     ] GC(62) Pause Final Mark (unload classes)
[2020-08-24T20:53:13.901+0000][31350][gc,task      ] GC(62) Using 6 of 6 workers for final marking
[2020-08-24T20:53:13.901+0000][31350][gc,ergo      ] GC(62) CSet Selection. Actual Free: 3999M, Max CSet: 2999M
[2020-08-24T20:53:13.901+0000][31350][gc,ergo      ] GC(62) Collectable Garbage: 55719K (13% of total), 1154K CSet, 28 CSet regions
[2020-08-24T20:53:13.901+0000][31350][gc,ergo      ] GC(62) Immediate Garbage: 357M (86% of total), 179 regions
[2020-08-24T20:53:13.902+0000][31350][gc           ] GC(62) Pause Final Mark (unload classes) 0.413ms
[2020-08-24T20:53:13.902+0000][31350][safepoint    ] Safepoint "ShenandoahFinalMarkStartEvac", Time since last: 6643889 ns, Reaching safepoint: 135189 ns, At safepoint: 429858 ns, Total: 565047 ns
[2020-08-24T20:53:13.902+0000][31350][gc,start     ] GC(62) Concurrent roots processing
[2020-08-24T20:53:13.902+0000][31350][gc,task      ] GC(62) Using 3 of 6 workers for concurrent root processing
[2020-08-24T20:53:13.907+0000][31350][gc           ] GC(62) Concurrent roots processing 447M->465M(4096M) 5.470ms
[2020-08-24T20:53:13.907+0000][31350][gc,start     ] GC(62) Concurrent cleanup
[2020-08-24T20:53:13.907+0000][31350][gc           ] GC(62) Concurrent cleanup 465M->107M(4096M) 0.144ms
[2020-08-24T20:53:13.907+0000][31350][gc,ergo      ] GC(62) Free: 3783M (1894 regions), Max regular: 2048K, Max humongous: 3420M, External frag: 10%, Internal frag: 0%
[2020-08-24T20:53:13.907+0000][31350][gc,ergo      ] GC(62) Evacuation Reserve: 204M (103 regions), Max regular: 2048K
[2020-08-24T20:53:13.907+0000][31350][gc,start     ] GC(62) Concurrent evacuation
[2020-08-24T20:53:13.907+0000][31350][gc,task      ] GC(62) Using 3 of 6 workers for concurrent evacuation
[2020-08-24T20:53:13.908+0000][31350][gc           ] GC(62) Concurrent evacuation 107M->107M(4096M) 0.197ms
[2020-08-24T20:53:13.908+0000][31350][gc,start     ] GC(62) Pause Init Update Refs
[2020-08-24T20:53:13.908+0000][31350][gc           ] GC(62) Pause Init Update Refs 0.034ms
[2020-08-24T20:53:13.908+0000][31350][safepoint    ] Safepoint "ShenandoahInitUpdateRefs", Time since last: 5920627 ns, Reaching safepoint: 106031 ns, At safepoint: 47813 ns, Total: 153844 ns
[2020-08-24T20:53:13.908+0000][31350][gc,start     ] GC(62) Concurrent update references
[2020-08-24T20:53:13.908+0000][31350][gc,task      ] GC(62) Using 3 of 6 workers for concurrent reference update
[2020-08-24T20:53:13.913+0000][31350][gc           ] GC(62) Concurrent update references 109M->123M(4096M) 4.979ms
[2020-08-24T20:53:13.913+0000][31350][gc,start     ] GC(62) Pause Final Update Refs
[2020-08-24T20:53:13.913+0000][31350][gc,task      ] GC(62) Using 6 of 6 workers for final reference update
[2020-08-24T20:53:13.913+0000][31350][gc           ] GC(62) Pause Final Update Refs 0.110ms
[2020-08-24T20:53:13.913+0000][31350][safepoint    ] Safepoint "ShenandoahFinalUpdateRefs", Time since last: 5021683 ns, Reaching safepoint: 46691 ns, At safepoint: 125498 ns, Total: 172189 ns
[2020-08-24T20:53:13.913+0000][31350][gc,start     ] GC(62) Concurrent cleanup
[2020-08-24T20:53:13.913+0000][31350][gc           ] GC(62) Concurrent cleanup 123M->67M(4096M) 0.111ms
[2020-08-24T20:53:13.913+0000][31350][gc,ergo      ] Free: 3820M (1914 regions), Max regular: 2048K, Max humongous: 3454M, External frag: 10%, Internal frag: 0%
[2020-08-24T20:53:13.913+0000][31350][gc,ergo      ] Evacuation Reserve: 206M (103 regions), Max regular: 2048K
[2020-08-24T20:53:14.913+0000][31350][safepoint    ] Safepoint "Cleanup", Time since last: 1000066141 ns, Reaching safepoint: 128394 ns, At safepoint: 3436 ns, Total: 131830 ns
[2020-08-24T20:53:15.914+0000][31350][safepoint    ] Safepoint "Cleanup", Time since last: 1000149510 ns, Reaching safepoint: 274023 ns, At safepoint: 25311 ns, Total: 299334 ns
[2020-08-24T20:53:16.914+0000][31350][safepoint    ] Safepoint "Cleanup", Time since last: 1000180643 ns, Reaching safepoint: 317243 ns, At safepoint: 30481 ns, Total: 347724 ns
[2020-08-24T20:53:17.287+0000][31350][gc           ] Trigger: Allocated since last cycle (409M) is larger than allocation threshold (409M)
[2020-08-24T20:53:17.287+0000][31350][gc,ergo      ] Free: 3460M (1734 regions), Max regular: 2048K, Max humongous: 3454M, External frag: 1%, Internal frag: 0%
[2020-08-24T20:53:17.287+0000][31350][gc,ergo      ] Evacuation Reserve: 206M (103 regions), Max regular: 2048K
[2020-08-24T20:53:17.287+0000][31350][gc,start     ] GC(63) Concurrent reset
[2020-08-24T20:53:17.287+0000][31350][gc,task      ] GC(63) Using 3 of 6 workers for concurrent reset
[2020-08-24T20:53:17.287+0000][31350][gc           ] GC(63) Concurrent reset 429M->429M(4096M) 0.124ms
[2020-08-24T20:53:17.287+0000][31350][gc,start     ] GC(63) Pause Init Mark (unload classes)
[2020-08-24T20:53:17.287+0000][31350][gc,task      ] GC(63) Using 6 of 6 workers for init marking
[2020-08-24T20:53:17.288+0000][31350][gc           ] GC(63) Pause Init Mark (unload classes) 0.301ms
[2020-08-24T20:53:17.288+0000][31350][safepoint    ] Safepoint "ShenandoahInitMark", Time since last: 373325222 ns, Reaching safepoint: 46392 ns, At safepoint: 316489 ns, Total: 362881 ns
[2020-08-24T20:53:17.288+0000][31350][gc,start     ] GC(63) Concurrent marking (unload classes)
[2020-08-24T20:53:17.288+0000][31350][gc,task      ] GC(63) Using 3 of 6 workers for concurrent marking
[2020-08-24T20:53:17.294+0000][31350][gc           ] GC(63) Concurrent marking (unload classes) 429M->449M(4096M) 6.444ms
[2020-08-24T20:53:17.294+0000][31350][gc,start     ] GC(63) Pause Final Mark (unload classes)
[2020-08-24T20:53:17.294+0000][31350][gc,task      ] GC(63) Using 6 of 6 workers for final marking
[2020-08-24T20:53:17.295+0000][31350][gc,ergo      ] GC(63) CSet Selection. Actual Free: 3994M, Max CSet: 2995M
[2020-08-24T20:53:17.295+0000][31350][gc,ergo      ] GC(63) Collectable Garbage: 57789K (13% of total), 1163K CSet, 29 CSet regions
[2020-08-24T20:53:17.295+0000][31350][gc,ergo      ] GC(63) Immediate Garbage: 354M (86% of total), 177 regions
[2020-08-24T20:53:17.295+0000][31350][gc           ] GC(63) Pause Final Mark (unload classes) 0.544ms
[2020-08-24T20:53:17.295+0000][31350][safepoint    ] Safepoint "ShenandoahFinalMarkStartEvac", Time since last: 6486214 ns, Reaching safepoint: 108304 ns, At safepoint: 559921 ns, Total: 668225 ns
[2020-08-24T20:53:17.295+0000][31350][gc,start     ] GC(63) Concurrent roots processing
[2020-08-24T20:53:17.295+0000][31350][gc,task      ] GC(63) Using 3 of 6 workers for concurrent root processing
[2020-08-24T20:53:17.301+0000][31350][gc           ] GC(63) Concurrent roots processing 451M->469M(4096M) 6.111ms
[2020-08-24T20:53:17.301+0000][31350][gc,start     ] GC(63) Concurrent cleanup
[2020-08-24T20:53:17.301+0000][31350][gc           ] GC(63) Concurrent cleanup 469M->115M(4096M) 0.164ms
[2020-08-24T20:53:17.301+0000][31350][gc,ergo      ] GC(63) Free: 3775M (1890 regions), Max regular: 2048K, Max humongous: 3416M, External frag: 10%, Internal frag: 0%
[2020-08-24T20:53:17.301+0000][31350][gc,ergo      ] GC(63) Evacuation Reserve: 204M (103 regions), Max regular: 2048K
[2020-08-24T20:53:17.301+0000][31350][gc,start     ] GC(63) Concurrent evacuation
[2020-08-24T20:53:17.301+0000][31350][gc,task      ] GC(63) Using 3 of 6 workers for concurrent evacuation
[2020-08-24T20:53:17.301+0000][31350][gc           ] GC(63) Concurrent evacuation 115M->115M(4096M) 0.188ms
[2020-08-24T20:53:17.302+0000][31350][gc,start     ] GC(63) Pause Init Update Refs
[2020-08-24T20:53:17.302+0000][31350][gc           ] GC(63) Pause Init Update Refs 0.036ms
[2020-08-24T20:53:17.302+0000][31350][safepoint    ] Safepoint "ShenandoahInitUpdateRefs", Time since last: 6575852 ns, Reaching safepoint: 157148 ns, At safepoint: 49288 ns, Total: 206436 ns
[2020-08-24T20:53:17.302+0000][31350][gc,start     ] GC(63) Concurrent update references
[2020-08-24T20:53:17.302+0000][31350][gc,task      ] GC(63) Using 3 of 6 workers for concurrent reference update
[2020-08-24T20:53:17.307+0000][31350][gc           ] GC(63) Concurrent update references 117M->133M(4096M) 5.133ms
[2020-08-24T20:53:17.307+0000][31350][gc,start     ] GC(63) Pause Final Update Refs
[2020-08-24T20:53:17.307+0000][31350][gc,task      ] GC(63) Using 6 of 6 workers for final reference update
[2020-08-24T20:53:17.307+0000][31350][gc           ] GC(63) Pause Final Update Refs 0.147ms
[2020-08-24T20:53:17.307+0000][31350][safepoint    ] Safepoint "ShenandoahFinalUpdateRefs", Time since last: 5180294 ns, Reaching safepoint: 108645 ns, At safepoint: 161522 ns, Total: 270167 ns
[2020-08-24T20:53:17.307+0000][31350][gc,start     ] GC(63) Concurrent cleanup
[2020-08-24T20:53:17.307+0000][31350][gc           ] GC(63) Concurrent cleanup 133M->75M(4096M) 0.123ms
[2020-08-24T20:53:17.307+0000][31350][gc,ergo      ] Free: 3814M (1911 regions), Max regular: 2048K, Max humongous: 3416M, External frag: 11%, Internal frag: 0%
[2020-08-24T20:53:17.307+0000][31350][gc,ergo      ] Evacuation Reserve: 206M (103 regions), Max regular: 2048K
[2020-08-24T20:53:18.308+0000][31350][safepoint    ] Safepoint "Cleanup", Time since last: 1000138476 ns, Reaching safepoint: 351571 ns, At safepoint: 25634 ns, Total: 377205 ns
[2020-08-24T20:53:19.308+0000][31350][safepoint    ] Safepoint "Cleanup", Time since last: 1000340103 ns, Reaching safepoint: 149043 ns, At safepoint: 5907 ns, Total: 154950 ns
[2020-08-24T20:53:19.907+0000][31350][gc           ] Trigger: Allocated since last cycle (409M) is larger than allocation threshold (409M)
[2020-08-24T20:53:19.907+0000][31350][gc,ergo      ] Free: 3460M (1734 regions), Max regular: 2048K, Max humongous: 3416M, External frag: 2%, Internal frag: 0%
[2020-08-24T20:53:19.907+0000][31350][gc,ergo      ] Evacuation Reserve: 206M (103 regions), Max regular: 2048K
[2020-08-24T20:53:19.907+0000][31350][gc,start     ] GC(64) Concurrent reset
[2020-08-24T20:53:19.907+0000][31350][gc,task      ] GC(64) Using 3 of 6 workers for concurrent reset
[2020-08-24T20:53:19.907+0000][31350][gc           ] GC(64) Concurrent reset 429M->429M(4096M) 0.108ms
[2020-08-24T20:53:19.907+0000][31350][gc,start     ] GC(64) Pause Init Mark (unload classes)
[2020-08-24T20:53:19.907+0000][31350][gc,task      ] GC(64) Using 6 of 6 workers for init marking
[2020-08-24T20:53:19.908+0000][31350][gc           ] GC(64) Pause Init Mark (unload classes) 0.280ms
[2020-08-24T20:53:19.908+0000][31350][safepoint    ] Safepoint "ShenandoahInitMark", Time since last: 599134124 ns, Reaching safepoint: 48505 ns, At safepoint: 294372 ns, Total: 342877 ns
[2020-08-24T20:53:19.908+0000][31350][gc,start     ] GC(64) Concurrent marking (unload classes)
[2020-08-24T20:53:19.908+0000][31350][gc,task      ] GC(64) Using 3 of 6 workers for concurrent marking
[2020-08-24T20:53:19.914+0000][31350][gc           ] GC(64) Concurrent marking (unload classes) 429M->447M(4096M) 5.984ms
[2020-08-24T20:53:19.914+0000][31350][gc,start     ] GC(64) Pause Final Mark (unload classes)
[2020-08-24T20:53:19.914+0000][31350][gc,task      ] GC(64) Using 6 of 6 workers for final marking
[2020-08-24T20:53:19.914+0000][31350][gc,ergo      ] GC(64) CSet Selection. Actual Free: 4001M, Max CSet: 3001M
[2020-08-24T20:53:19.914+0000][31350][gc,ergo      ] GC(64) Collectable Garbage: 51636K (12% of total), 1148K CSet, 26 CSet regions
[2020-08-24T20:53:19.914+0000][31350][gc,ergo      ] GC(64) Immediate Garbage: 359M (87% of total), 180 regions
[2020-08-24T20:53:19.914+0000][31350][gc           ] GC(64) Pause Final Mark (unload classes) 0.462ms
[2020-08-24T20:53:19.914+0000][31350][safepoint    ] Safepoint "ShenandoahFinalMarkStartEvac", Time since last: 6067158 ns, Reaching safepoint: 161693 ns, At safepoint: 478002 ns, Total: 639695 ns
[2020-08-24T20:53:19.914+0000][31350][gc,start     ] GC(64) Concurrent roots processing
[2020-08-24T20:53:19.914+0000][31350][gc,task      ] GC(64) Using 3 of 6 workers for concurrent root processing
[2020-08-24T20:53:19.921+0000][31350][gc           ] GC(64) Concurrent roots processing 449M->463M(4096M) 6.156ms
[2020-08-24T20:53:19.921+0000][31350][gc,start     ] GC(64) Concurrent cleanup
[2020-08-24T20:53:19.921+0000][31350][gc           ] GC(64) Concurrent cleanup 463M->103M(4096M) 0.167ms
[2020-08-24T20:53:19.921+0000][31350][gc,ergo      ] GC(64) Free: 3787M (1896 regions), Max regular: 2048K, Max humongous: 3434M, External frag: 10%, Internal frag: 0%
[2020-08-24T20:53:19.921+0000][31350][gc,ergo      ] GC(64) Evacuation Reserve: 204M (103 regions), Max regular: 2048K
[2020-08-24T20:53:19.921+0000][31350][gc,start     ] GC(64) Concurrent evacuation
[2020-08-24T20:53:19.921+0000][31350][gc,task      ] GC(64) Using 3 of 6 workers for concurrent evacuation
[2020-08-24T20:53:19.921+0000][31350][gc           ] GC(64) Concurrent evacuation 103M->103M(4096M) 0.230ms
[2020-08-24T20:53:19.921+0000][31350][gc,start     ] GC(64) Pause Init Update Refs
[2020-08-24T20:53:19.921+0000][31350][gc           ] GC(64) Pause Init Update Refs 0.031ms
[2020-08-24T20:53:19.921+0000][31350][safepoint    ] Safepoint "ShenandoahInitUpdateRefs", Time since last: 6729786 ns, Reaching safepoint: 74754 ns, At safepoint: 45907 ns, Total: 120661 ns
[2020-08-24T20:53:19.921+0000][31350][gc,start     ] GC(64) Concurrent update references
[2020-08-24T20:53:19.921+0000][31350][gc,task      ] GC(64) Using 3 of 6 workers for concurrent reference update
[2020-08-24T20:53:19.926+0000][31350][gc           ] GC(64) Concurrent update references 107M->123M(4096M) 4.383ms
[2020-08-24T20:53:19.926+0000][31350][gc,start     ] GC(64) Pause Final Update Refs
[2020-08-24T20:53:19.926+0000][31350][gc,task      ] GC(64) Using 6 of 6 workers for final reference update
[2020-08-24T20:53:19.926+0000][31350][gc           ] GC(64) Pause Final Update Refs 0.186ms
[2020-08-24T20:53:19.926+0000][31350][safepoint    ] Safepoint "ShenandoahFinalUpdateRefs", Time since last: 4490216 ns, Reaching safepoint: 95235 ns, At safepoint: 208582 ns, Total: 303817 ns
[2020-08-24T20:53:19.926+0000][31350][gc,start     ] GC(64) Concurrent cleanup
[2020-08-24T20:53:19.926+0000][31350][gc           ] GC(64) Concurrent cleanup 123M->71M(4096M) 0.122ms
[2020-08-24T20:53:19.926+0000][31350][gc,ergo      ] Free: 3818M (1913 regions), Max regular: 2048K, Max humongous: 3460M, External frag: 10%, Internal frag: 0%
[2020-08-24T20:53:19.926+0000][31350][gc,ergo      ] Evacuation Reserve: 206M (103 regions), Max regular: 2048K
[2020-08-24T20:53:20.926+0000][31350][safepoint    ] Safepoint "Cleanup", Time since last: 1000152878 ns, Reaching safepoint: 241392 ns, At safepoint: 25773 ns, Total: 267165 ns
[2020-08-24T20:53:21.927+0000][31350][safepoint    ] Safepoint "Cleanup", Time since last: 1000134563 ns, Reaching safepoint: 48532 ns, At safepoint: 5373 ns, Total: 53905 ns
[2020-08-24T20:53:22.920+0000][31350][gc           ] Trigger: Allocated since last cycle (409M) is larger than allocation threshold (409M)
[2020-08-24T20:53:22.920+0000][31350][gc,ergo      ] Free: 3460M (1733 regions), Max regular: 2048K, Max humongous: 3454M, External frag: 1%, Internal frag: 0%
[2020-08-24T20:53:22.920+0000][31350][gc,ergo      ] Evacuation Reserve: 206M (103 regions), Max regular: 2048K
[2020-08-24T20:53:22.920+0000][31350][gc,start     ] GC(65) Concurrent reset
[2020-08-24T20:53:22.920+0000][31350][gc,task      ] GC(65) Using 3 of 6 workers for concurrent reset
[2020-08-24T20:53:22.920+0000][31350][gc           ] GC(65) Concurrent reset 429M->429M(4096M) 0.204ms
[2020-08-24T20:53:22.921+0000][31350][gc,start     ] GC(65) Pause Init Mark (process weakrefs) (unload classes)
[2020-08-24T20:53:22.921+0000][31350][gc,task      ] GC(65) Using 6 of 6 workers for init marking
[2020-08-24T20:53:22.921+0000][31350][gc           ] GC(65) Pause Init Mark (process weakrefs) (unload classes) 0.489ms
[2020-08-24T20:53:22.921+0000][31350][safepoint    ] Safepoint "ShenandoahInitMark", Time since last: 993908737 ns, Reaching safepoint: 140279 ns, At safepoint: 509229 ns, Total: 649508 ns
[2020-08-24T20:53:22.921+0000][31350][gc,start     ] GC(65) Concurrent marking (process weakrefs) (unload classes)
[2020-08-24T20:53:22.921+0000][31350][gc,task      ] GC(65) Using 3 of 6 workers for concurrent marking
[2020-08-24T20:53:22.931+0000][31350][gc           ] GC(65) Concurrent marking (process weakrefs) (unload classes) 431M->449M(4096M) 9.366ms
[2020-08-24T20:53:22.931+0000][31350][gc,start     ] GC(65) Concurrent precleaning
[2020-08-24T20:53:22.931+0000][31350][gc,task      ] GC(65) Using 1 of 6 workers for concurrent preclean
[2020-08-24T20:53:22.932+0000][31350][gc           ] GC(65) Concurrent precleaning 449M->451M(4096M) 1.032ms
[2020-08-24T20:53:22.932+0000][31350][gc,start     ] GC(65) Pause Final Mark (process weakrefs) (unload classes)
[2020-08-24T20:53:22.932+0000][31350][gc,task      ] GC(65) Using 6 of 6 workers for final marking
[2020-08-24T20:53:22.932+0000][31350][gc,ergo      ] GC(65) CSet Selection. Actual Free: 3998M, Max CSet: 2998M
[2020-08-24T20:53:22.932+0000][31350][gc,ergo      ] GC(65) Collectable Garbage: 51681K (12% of total), 1150K CSet, 26 CSet regions
[2020-08-24T20:53:22.932+0000][31350][gc,ergo      ] GC(65) Immediate Garbage: 360M (87% of total), 180 regions
[2020-08-24T20:53:22.933+0000][31350][gc           ] GC(65) Pause Final Mark (process weakrefs) (unload classes) 0.881ms
[2020-08-24T20:53:22.933+0000][31350][safepoint    ] Safepoint "ShenandoahFinalMarkStartEvac", Time since last: 10521749 ns, Reaching safepoint: 163862 ns, At safepoint: 907855 ns, Total: 1071717 ns
[2020-08-24T20:53:22.933+0000][31350][gc,start     ] GC(65) Concurrent roots processing
[2020-08-24T20:53:22.933+0000][31350][gc,task      ] GC(65) Using 3 of 6 workers for concurrent root processing
[2020-08-24T20:53:22.941+0000][31350][gc           ] GC(65) Concurrent roots processing 451M->471M(4096M) 7.789ms
[2020-08-24T20:53:22.941+0000][31350][gc,start     ] GC(65) Concurrent cleanup
[2020-08-24T20:53:22.941+0000][31350][gc           ] GC(65) Concurrent cleanup 471M->111M(4096M) 0.164ms
[2020-08-24T20:53:22.941+0000][31350][gc,ergo      ] GC(65) Free: 3779M (1892 regions), Max regular: 2048K, Max humongous: 3414M, External frag: 10%, Internal frag: 0%
[2020-08-24T20:53:22.941+0000][31350][gc,ergo      ] GC(65) Evacuation Reserve: 204M (103 regions), Max regular: 2048K
[2020-08-24T20:53:22.941+0000][31350][gc,start     ] GC(65) Concurrent evacuation
[2020-08-24T20:53:22.941+0000][31350][gc,task      ] GC(65) Using 3 of 6 workers for concurrent evacuation
[2020-08-24T20:53:22.941+0000][31350][gc           ] GC(65) Concurrent evacuation 111M->111M(4096M) 0.213ms
[2020-08-24T20:53:22.941+0000][31350][gc,start     ] GC(65) Pause Init Update Refs
[2020-08-24T20:53:22.941+0000][31350][gc           ] GC(65) Pause Init Update Refs 0.036ms
[2020-08-24T20:53:22.941+0000][31350][safepoint    ] Safepoint "ShenandoahInitUpdateRefs", Time since last: 8297884 ns, Reaching safepoint: 136669 ns, At safepoint: 49094 ns, Total: 185763 ns
[2020-08-24T20:53:22.941+0000][31350][gc,start     ] GC(65) Concurrent update references
[2020-08-24T20:53:22.941+0000][31350][gc,task      ] GC(65) Using 3 of 6 workers for concurrent reference update
[2020-08-24T20:53:22.946+0000][31350][gc           ] GC(65) Concurrent update references 113M->127M(4096M) 4.340ms
[2020-08-24T20:53:22.946+0000][31350][gc,start     ] GC(65) Pause Final Update Refs
[2020-08-24T20:53:22.946+0000][31350][gc,task      ] GC(65) Using 6 of 6 workers for final reference update
[2020-08-24T20:53:22.946+0000][31350][gc           ] GC(65) Pause Final Update Refs 0.117ms
[2020-08-24T20:53:22.946+0000][31350][safepoint    ] Safepoint "ShenandoahFinalUpdateRefs", Time since last: 4384860 ns, Reaching safepoint: 111562 ns, At safepoint: 131914 ns, Total: 243476 ns
[2020-08-24T20:53:22.946+0000][31350][gc,start     ] GC(65) Concurrent cleanup
[2020-08-24T20:53:22.946+0000][31350][gc           ] GC(65) Concurrent cleanup 127M->75M(4096M) 0.143ms
[2020-08-24T20:53:22.946+0000][31350][gc,ergo      ] Free: 3814M (1911 regions), Max regular: 2048K, Max humongous: 3414M, External frag: 11%, Internal frag: 0%
[2020-08-24T20:53:22.946+0000][31350][gc,ergo      ] Evacuation Reserve: 206M (103 regions), Max regular: 2048K
[2020-08-24T20:53:23.946+0000][31350][safepoint    ] Safepoint "Cleanup", Time since last: 1000100531 ns, Reaching safepoint: 293621 ns, At safepoint: 27957 ns, Total: 321578 ns
[2020-08-24T20:53:24.947+0000][31350][safepoint    ] Safepoint "Cleanup", Time since last: 1000141052 ns, Reaching safepoint: 122540 ns, At safepoint: 4296 ns, Total: 126836 ns
[2020-08-24T20:53:25.897+0000][31350][gc           ] Trigger: Allocated since last cycle (409M) is larger than allocation threshold (409M)
[2020-08-24T20:53:25.897+0000][31350][gc,ergo      ] Free: 3460M (1734 regions), Max regular: 2048K, Max humongous: 3414M, External frag: 2%, Internal frag: 0%
[2020-08-24T20:53:25.897+0000][31350][gc,ergo      ] Evacuation Reserve: 206M (103 regions), Max regular: 2048K
[2020-08-24T20:53:25.897+0000][31350][gc,start     ] GC(66) Concurrent reset
[2020-08-24T20:53:25.897+0000][31350][gc,task      ] GC(66) Using 3 of 6 workers for concurrent reset
[2020-08-24T20:53:25.897+0000][31350][gc           ] GC(66) Concurrent reset 429M->429M(4096M) 0.117ms
[2020-08-24T20:53:25.897+0000][31350][gc,start     ] GC(66) Pause Init Mark (unload classes)
[2020-08-24T20:53:25.897+0000][31350][gc,task      ] GC(66) Using 6 of 6 workers for init marking
[2020-08-24T20:53:25.898+0000][31350][gc           ] GC(66) Pause Init Mark (unload classes) 0.284ms
[2020-08-24T20:53:25.898+0000][31350][safepoint    ] Safepoint "ShenandoahInitMark", Time since last: 950541957 ns, Reaching safepoint: 117212 ns, At safepoint: 299066 ns, Total: 416278 ns
[2020-08-24T20:53:25.898+0000][31350][gc,start     ] GC(66) Concurrent marking (unload classes)
[2020-08-24T20:53:25.898+0000][31350][gc,task      ] GC(66) Using 3 of 6 workers for concurrent marking
[2020-08-24T20:53:25.904+0000][31350][gc           ] GC(66) Concurrent marking (unload classes) 431M->447M(4096M) 6.677ms
[2020-08-24T20:53:25.904+0000][31350][gc,start     ] GC(66) Pause Final Mark (unload classes)
[2020-08-24T20:53:25.904+0000][31350][gc,task      ] GC(66) Using 6 of 6 workers for final marking
[2020-08-24T20:53:25.905+0000][31350][gc,ergo      ] GC(66) CSet Selection. Actual Free: 3999M, Max CSet: 2999M
[2020-08-24T20:53:25.905+0000][31350][gc,ergo      ] GC(66) Collectable Garbage: 53611K (12% of total), 1184K CSet, 27 CSet regions
[2020-08-24T20:53:25.905+0000][31350][gc,ergo      ] GC(66) Immediate Garbage: 357M (86% of total), 179 regions
[2020-08-24T20:53:25.905+0000][31350][gc           ] GC(66) Pause Final Mark (unload classes) 0.382ms
[2020-08-24T20:53:25.905+0000][31350][safepoint    ] Safepoint "ShenandoahFinalMarkStartEvac", Time since last: 6743968 ns, Reaching safepoint: 136368 ns, At safepoint: 397324 ns, Total: 533692 ns
[2020-08-24T20:53:25.905+0000][31350][gc,start     ] GC(66) Concurrent roots processing
[2020-08-24T20:53:25.905+0000][31350][gc,task      ] GC(66) Using 3 of 6 workers for concurrent root processing
[2020-08-24T20:53:25.910+0000][31350][gc           ] GC(66) Concurrent roots processing 449M->467M(4096M) 5.326ms
[2020-08-24T20:53:25.910+0000][31350][gc,start     ] GC(66) Concurrent cleanup
[2020-08-24T20:53:25.910+0000][31350][gc           ] GC(66) Concurrent cleanup 467M->109M(4096M) 0.136ms
[2020-08-24T20:53:25.910+0000][31350][gc,ergo      ] GC(66) Free: 3781M (1893 regions), Max regular: 2048K, Max humongous: 3430M, External frag: 10%, Internal frag: 0%
[2020-08-24T20:53:25.910+0000][31350][gc,ergo      ] GC(66) Evacuation Reserve: 204M (103 regions), Max regular: 2048K
[2020-08-24T20:53:25.910+0000][31350][gc,start     ] GC(66) Concurrent evacuation
[2020-08-24T20:53:25.910+0000][31350][gc,task      ] GC(66) Using 3 of 6 workers for concurrent evacuation
[2020-08-24T20:53:25.911+0000][31350][gc           ] GC(66) Concurrent evacuation 109M->109M(4096M) 0.186ms
[2020-08-24T20:53:25.911+0000][31350][gc,start     ] GC(66) Pause Init Update Refs
[2020-08-24T20:53:25.911+0000][31350][gc           ] GC(66) Pause Init Update Refs 0.034ms
[2020-08-24T20:53:25.911+0000][31350][safepoint    ] Safepoint "ShenandoahInitUpdateRefs", Time since last: 5802091 ns, Reaching safepoint: 175846 ns, At safepoint: 49085 ns, Total: 224931 ns
[2020-08-24T20:53:25.911+0000][31350][gc,start     ] GC(66) Concurrent update references
[2020-08-24T20:53:25.911+0000][31350][gc,task      ] GC(66) Using 3 of 6 workers for concurrent reference update
[2020-08-24T20:53:25.915+0000][31350][gc           ] GC(66) Concurrent update references 111M->127M(4096M) 4.661ms
[2020-08-24T20:53:25.916+0000][31350][gc,start     ] GC(66) Pause Final Update Refs
[2020-08-24T20:53:25.916+0000][31350][gc,task      ] GC(66) Using 6 of 6 workers for final reference update
[2020-08-24T20:53:25.916+0000][31350][gc           ] GC(66) Pause Final Update Refs 0.093ms
[2020-08-24T20:53:25.916+0000][31350][safepoint    ] Safepoint "ShenandoahFinalUpdateRefs", Time since last: 4693041 ns, Reaching safepoint: 41397 ns, At safepoint: 107696 ns, Total: 149093 ns
[2020-08-24T20:53:25.916+0000][31350][gc,start     ] GC(66) Concurrent cleanup
[2020-08-24T20:53:25.916+0000][31350][gc           ] GC(66) Concurrent cleanup 127M->73M(4096M) 0.101ms
[2020-08-24T20:53:25.916+0000][31350][gc,ergo      ] Free: 3816M (1912 regions), Max regular: 2048K, Max humongous: 3458M, External frag: 10%, Internal frag: 0%
[2020-08-24T20:53:25.916+0000][31350][gc,ergo      ] Evacuation Reserve: 206M (103 regions), Max regular: 2048K
[2020-08-24T20:53:26.916+0000][31350][safepoint    ] Safepoint "Cleanup", Time since last: 1000091061 ns, Reaching safepoint: 127645 ns, At safepoint: 1678 ns, Total: 129323 ns
[2020-08-24T20:53:27.916+0000][31350][safepoint    ] Safepoint "Cleanup", Time since last: 1000080313 ns, Reaching safepoint: 93938 ns, At safepoint: 3800 ns, Total: 97738 ns
[2020-08-24T20:53:28.917+0000][31350][safepoint    ] Safepoint "Cleanup", Time since last: 1000148743 ns, Reaching safepoint: 325157 ns, At safepoint: 21358 ns, Total: 346515 ns
[2020-08-24T20:53:29.271+0000][31350][gc           ] Trigger: Allocated since last cycle (409M) is larger than allocation threshold (409M)
[2020-08-24T20:53:29.271+0000][31350][gc,ergo      ] Free: 3460M (1733 regions), Max regular: 2048K, Max humongous: 3454M, External frag: 1%, Internal frag: 0%
[2020-08-24T20:53:29.271+0000][31350][gc,ergo      ] Evacuation Reserve: 206M (103 regions), Max regular: 2048K
[2020-08-24T20:53:29.272+0000][31350][gc,start     ] GC(67) Concurrent reset
[2020-08-24T20:53:29.272+0000][31350][gc,task      ] GC(67) Using 3 of 6 workers for concurrent reset
[2020-08-24T20:53:29.272+0000][31350][gc           ] GC(67) Concurrent reset 429M->429M(4096M) 0.187ms
[2020-08-24T20:53:29.272+0000][31350][gc,start     ] GC(67) Pause Init Mark (unload classes)
[2020-08-24T20:53:29.272+0000][31350][gc,task      ] GC(67) Using 6 of 6 workers for init marking
[2020-08-24T20:53:29.272+0000][31350][gc           ] GC(67) Pause Init Mark (unload classes) 0.382ms
[2020-08-24T20:53:29.272+0000][31350][safepoint    ] Safepoint "ShenandoahInitMark", Time since last: 355161698 ns, Reaching safepoint: 115478 ns, At safepoint: 398005 ns, Total: 513483 ns
[2020-08-24T20:53:29.272+0000][31350][gc,start     ] GC(67) Concurrent marking (unload classes)
[2020-08-24T20:53:29.272+0000][31350][gc,task      ] GC(67) Using 3 of 6 workers for concurrent marking
[2020-08-24T20:53:29.280+0000][31350][gc           ] GC(67) Concurrent marking (unload classes) 430M->449M(4096M) 7.933ms
[2020-08-24T20:53:29.280+0000][31350][gc,start     ] GC(67) Pause Final Mark (unload classes)
[2020-08-24T20:53:29.280+0000][31350][gc,task      ] GC(67) Using 6 of 6 workers for final marking
[2020-08-24T20:53:29.280+0000][31350][gc,ergo      ] GC(67) CSet Selection. Actual Free: 4000M, Max CSet: 3000M
[2020-08-24T20:53:29.280+0000][31350][gc,ergo      ] GC(67) Collectable Garbage: 51716K (12% of total), 1152K CSet, 26 CSet regions
[2020-08-24T20:53:29.280+0000][31350][gc,ergo      ] GC(67) Immediate Garbage: 360M (87% of total), 180 regions
[2020-08-24T20:53:29.281+0000][31350][gc           ] GC(67) Pause Final Mark (unload classes) 0.386ms
[2020-08-24T20:53:29.281+0000][31350][safepoint    ] Safepoint "ShenandoahFinalMarkStartEvac", Time since last: 7998145 ns, Reaching safepoint: 50324 ns, At safepoint: 401833 ns, Total: 452157 ns
[2020-08-24T20:53:29.281+0000][31350][gc,start     ] GC(67) Concurrent roots processing
[2020-08-24T20:53:29.281+0000][31350][gc,task      ] GC(67) Using 3 of 6 workers for concurrent root processing
[2020-08-24T20:53:29.286+0000][31350][gc           ] GC(67) Concurrent roots processing 450M->465M(4096M) 5.640ms
[2020-08-24T20:53:29.286+0000][31350][gc,start     ] GC(67) Concurrent cleanup
[2020-08-24T20:53:29.287+0000][31350][gc           ] GC(67) Concurrent cleanup 465M->105M(4096M) 0.196ms
[2020-08-24T20:53:29.287+0000][31350][gc,ergo      ] GC(67) Free: 3785M (1895 regions), Max regular: 2048K, Max humongous: 3420M, External frag: 10%, Internal frag: 0%
[2020-08-24T20:53:29.287+0000][31350][gc,ergo      ] GC(67) Evacuation Reserve: 204M (103 regions), Max regular: 2048K
[2020-08-24T20:53:29.287+0000][31350][gc,start     ] GC(67) Concurrent evacuation
[2020-08-24T20:53:29.287+0000][31350][gc,task      ] GC(67) Using 3 of 6 workers for concurrent evacuation
[2020-08-24T20:53:29.287+0000][31350][gc           ] GC(67) Concurrent evacuation 105M->105M(4096M) 0.223ms
[2020-08-24T20:53:29.287+0000][31350][gc,start     ] GC(67) Pause Init Update Refs
[2020-08-24T20:53:29.287+0000][31350][gc           ] GC(67) Pause Init Update Refs 0.026ms
[2020-08-24T20:53:29.287+0000][31350][safepoint    ] Safepoint "ShenandoahInitUpdateRefs", Time since last: 6201424 ns, Reaching safepoint: 53886 ns, At safepoint: 38129 ns, Total: 92015 ns
[2020-08-24T20:53:29.287+0000][31350][gc,start     ] GC(67) Concurrent update references
[2020-08-24T20:53:29.287+0000][31350][gc,task      ] GC(67) Using 3 of 6 workers for concurrent reference update
[2020-08-24T20:53:29.292+0000][31350][gc           ] GC(67) Concurrent update references 109M->121M(4096M) 4.743ms
[2020-08-24T20:53:29.292+0000][31350][gc,start     ] GC(67) Pause Final Update Refs
[2020-08-24T20:53:29.292+0000][31350][gc,task      ] GC(67) Using 6 of 6 workers for final reference update
[2020-08-24T20:53:29.292+0000][31350][gc           ] GC(67) Pause Final Update Refs 0.107ms
[2020-08-24T20:53:29.292+0000][31350][safepoint    ] Safepoint "ShenandoahFinalUpdateRefs", Time since last: 4807148 ns, Reaching safepoint: 104831 ns, At safepoint: 119736 ns, Total: 224567 ns
[2020-08-24T20:53:29.292+0000][31350][gc,start     ] GC(67) Concurrent cleanup
[2020-08-24T20:53:29.292+0000][31350][gc           ] GC(67) Concurrent cleanup 121M->69M(4096M) 0.129ms
[2020-08-24T20:53:29.292+0000][31350][gc,ergo      ] Free: 3820M (1914 regions), Max regular: 2048K, Max humongous: 3420M, External frag: 11%, Internal frag: 0%
[2020-08-24T20:53:29.292+0000][31350][gc,ergo      ] Evacuation Reserve: 206M (103 regions), Max regular: 2048K
[2020-08-24T20:53:30.292+0000][31350][safepoint    ] Safepoint "Cleanup", Time since last: 1000141233 ns, Reaching safepoint: 292335 ns, At safepoint: 29588 ns, Total: 321923 ns
[2020-08-24T20:53:31.293+0000][31350][safepoint    ] Safepoint "Cleanup", Time since last: 1000150063 ns, Reaching safepoint: 157280 ns, At safepoint: 7518 ns, Total: 164798 ns
[2020-08-24T20:53:32.293+0000][31350][safepoint    ] Safepoint "Cleanup", Time since last: 1000100366 ns, Reaching safepoint: 362575 ns, At safepoint: 21606 ns, Total: 384181 ns
[2020-08-24T20:53:32.481+0000][31350][gc           ] Trigger: Allocated since last cycle (409M) is larger than allocation threshold (409M)
[2020-08-24T20:53:32.482+0000][31350][gc,ergo      ] Free: 3460M (1734 regions), Max regular: 2048K, Max humongous: 3420M, External frag: 2%, Internal frag: 0%
[2020-08-24T20:53:32.482+0000][31350][gc,ergo      ] Evacuation Reserve: 206M (103 regions), Max regular: 2048K
[2020-08-24T20:53:32.482+0000][31350][gc,start     ] GC(68) Concurrent reset
[2020-08-24T20:53:32.482+0000][31350][gc,task      ] GC(68) Using 3 of 6 workers for concurrent reset
[2020-08-24T20:53:32.482+0000][31350][gc           ] GC(68) Concurrent reset 429M->429M(4096M) 0.429ms
[2020-08-24T20:53:32.483+0000][31350][gc,start     ] GC(68) Pause Init Mark (unload classes)
[2020-08-24T20:53:32.483+0000][31350][gc,task      ] GC(68) Using 6 of 6 workers for init marking
[2020-08-24T20:53:32.483+0000][31350][gc           ] GC(68) Pause Init Mark (unload classes) 0.912ms
[2020-08-24T20:53:32.484+0000][31350][safepoint    ] Safepoint "ShenandoahInitMark", Time since last: 188979056 ns, Reaching safepoint: 279120 ns, At safepoint: 975778 ns, Total: 1254898 ns
[2020-08-24T20:53:32.484+0000][31350][gc,start     ] GC(68) Concurrent marking (unload classes)
[2020-08-24T20:53:32.484+0000][31350][gc,task      ] GC(68) Using 3 of 6 workers for concurrent marking
[2020-08-24T20:53:32.501+0000][31350][gc           ] GC(68) Concurrent marking (unload classes) 429M->447M(4096M) 17.520ms
[2020-08-24T20:53:32.501+0000][31350][gc,start     ] GC(68) Pause Final Mark (unload classes)
[2020-08-24T20:53:32.502+0000][31350][gc,task      ] GC(68) Using 6 of 6 workers for final marking
[2020-08-24T20:53:32.502+0000][31350][gc,ergo      ] GC(68) CSet Selection. Actual Free: 3995M, Max CSet: 2996M
[2020-08-24T20:53:32.502+0000][31350][gc,ergo      ] GC(68) Collectable Garbage: 57806K (13% of total), 1143K CSet, 29 CSet regions
[2020-08-24T20:53:32.502+0000][31350][gc,ergo      ] GC(68) Immediate Garbage: 353M (86% of total), 177 regions
[2020-08-24T20:53:32.503+0000][31350][gc           ] GC(68) Pause Final Mark (unload classes) 1.028ms
[2020-08-24T20:53:32.503+0000][31350][safepoint    ] Safepoint "ShenandoahFinalMarkStartEvac", Time since last: 17755900 ns, Reaching safepoint: 210485 ns, At safepoint: 1072668 ns, Total: 1283153 ns
[2020-08-24T20:53:32.503+0000][31350][gc,start     ] GC(68) Concurrent roots processing
[2020-08-24T20:53:32.503+0000][31350][gc,task      ] GC(68) Using 3 of 6 workers for concurrent root processing
[2020-08-24T20:53:32.512+0000][31350][gc           ] GC(68) Concurrent roots processing 449M->467M(4096M) 9.622ms
[2020-08-24T20:53:32.512+0000][31350][gc,start     ] GC(68) Concurrent cleanup
[2020-08-24T20:53:32.512+0000][31350][gc           ] GC(68) Concurrent cleanup 467M->113M(4096M) 0.230ms
[2020-08-24T20:53:32.513+0000][31350][gc,ergo      ] GC(68) Free: 3777M (1891 regions), Max regular: 2048K, Max humongous: 3418M, External frag: 10%, Internal frag: 0%
[2020-08-24T20:53:32.513+0000][31350][gc,ergo      ] GC(68) Evacuation Reserve: 204M (103 regions), Max regular: 2048K
[2020-08-24T20:53:32.513+0000][31350][gc,start     ] GC(68) Concurrent evacuation
[2020-08-24T20:53:32.513+0000][31350][gc,task      ] GC(68) Using 3 of 6 workers for concurrent evacuation
[2020-08-24T20:53:32.513+0000][31350][gc           ] GC(68) Concurrent evacuation 113M->113M(4096M) 0.305ms
[2020-08-24T20:53:32.513+0000][31350][gc,start     ] GC(68) Pause Init Update Refs
[2020-08-24T20:53:32.513+0000][31350][gc           ] GC(68) Pause Init Update Refs 0.042ms
[2020-08-24T20:53:32.513+0000][31350][safepoint    ] Safepoint "ShenandoahInitUpdateRefs", Time since last: 10389558 ns, Reaching safepoint: 140825 ns, At safepoint: 63925 ns, Total: 204750 ns
[2020-08-24T20:53:32.513+0000][31350][gc,start     ] GC(68) Concurrent update references
[2020-08-24T20:53:32.513+0000][31350][gc,task      ] GC(68) Using 3 of 6 workers for concurrent reference update
[2020-08-24T20:53:32.519+0000][31350][gc           ] GC(68) Concurrent update references 115M->131M(4096M) 5.529ms
[2020-08-24T20:53:32.519+0000][31350][gc,start     ] GC(68) Pause Final Update Refs
[2020-08-24T20:53:32.519+0000][31350][gc,task      ] GC(68) Using 6 of 6 workers for final reference update
[2020-08-24T20:53:32.519+0000][31350][gc           ] GC(68) Pause Final Update Refs 0.097ms
[2020-08-24T20:53:32.519+0000][31350][safepoint    ] Safepoint "ShenandoahFinalUpdateRefs", Time since last: 5595463 ns, Reaching safepoint: 35282 ns, At safepoint: 109529 ns, Total: 144811 ns
[2020-08-24T20:53:32.519+0000][31350][gc,start     ] GC(68) Concurrent cleanup
[2020-08-24T20:53:32.519+0000][31350][gc           ] GC(68) Concurrent cleanup 131M->73M(4096M) 0.135ms
[2020-08-24T20:53:32.519+0000][31350][gc,ergo      ] Free: 3816M (1912 regions), Max regular: 2048K, Max humongous: 3418M, External frag: 11%, Internal frag: 0%
[2020-08-24T20:53:32.519+0000][31350][gc,ergo      ] Evacuation Reserve: 206M (103 regions), Max regular: 2048K
[2020-08-24T20:53:33.519+0000][31350][safepoint    ] Safepoint "Cleanup", Time since last: 1000162176 ns, Reaching safepoint: 240601 ns, At safepoint: 13533 ns, Total: 254134 ns
[2020-08-24T20:53:34.520+0000][31350][safepoint    ] Safepoint "Cleanup", Time since last: 1000228903 ns, Reaching safepoint: 242577 ns, At safepoint: 13561 ns, Total: 256138 ns
[2020-08-24T20:53:34.979+0000][31350][gc           ] Trigger: Allocated since last cycle (409M) is larger than allocation threshold (409M)
[2020-08-24T20:53:34.980+0000][31350][gc,ergo      ] Free: 3458M (1733 regions), Max regular: 2048K, Max humongous: 3418M, External frag: 2%, Internal frag: 0%
[2020-08-24T20:53:34.980+0000][31350][gc,ergo      ] Evacuation Reserve: 206M (103 regions), Max regular: 2048K
[2020-08-24T20:53:34.980+0000][31350][gc,start     ] GC(69) Concurrent reset
[2020-08-24T20:53:34.980+0000][31350][gc,task      ] GC(69) Using 3 of 6 workers for concurrent reset
[2020-08-24T20:53:34.980+0000][31350][gc           ] GC(69) Concurrent reset 431M->431M(4096M) 0.476ms
[2020-08-24T20:53:34.981+0000][31350][gc,start     ] GC(69) Pause Init Mark (unload classes)
[2020-08-24T20:53:34.981+0000][31350][gc,task      ] GC(69) Using 6 of 6 workers for init marking
[2020-08-24T20:53:34.982+0000][31350][gc           ] GC(69) Pause Init Mark (unload classes) 1.094ms
[2020-08-24T20:53:34.982+0000][31350][safepoint    ] Safepoint "ShenandoahInitMark", Time since last: 460586066 ns, Reaching safepoint: 279659 ns, At safepoint: 1183924 ns, Total: 1463583 ns
[2020-08-24T20:53:34.982+0000][31350][gc,start     ] GC(69) Concurrent marking (unload classes)
[2020-08-24T20:53:34.982+0000][31350][gc,task      ] GC(69) Using 3 of 6 workers for concurrent marking
[2020-08-24T20:53:35.008+0000][31350][gc           ] GC(69) Concurrent marking (unload classes) 433M->453M(4096M) 26.454ms
[2020-08-24T20:53:35.009+0000][31350][gc,start     ] GC(69) Pause Final Mark (unload classes)
[2020-08-24T20:53:35.009+0000][31350][gc,task      ] GC(69) Using 6 of 6 workers for final marking
[2020-08-24T20:53:35.009+0000][31350][gc,ergo      ] GC(69) CSet Selection. Actual Free: 3963M, Max CSet: 2972M
[2020-08-24T20:53:35.010+0000][31350][gc,ergo      ] GC(69) Collectable Garbage: 86306K (20% of total), 1328K CSet, 43 CSet regions
[2020-08-24T20:53:35.010+0000][31350][gc,ergo      ] GC(69) Immediate Garbage: 327M (79% of total), 164 regions
[2020-08-24T20:53:35.010+0000][31350][gc           ] GC(69) Pause Final Mark (unload classes) 1.378ms
[2020-08-24T20:53:35.010+0000][31350][safepoint    ] Safepoint "ShenandoahFinalMarkStartEvac", Time since last: 26737571 ns, Reaching safepoint: 174945 ns, At safepoint: 1442183 ns, Total: 1617128 ns
[2020-08-24T20:53:35.010+0000][31350][gc,start     ] GC(69) Concurrent roots processing
[2020-08-24T20:53:35.010+0000][31350][gc,task      ] GC(69) Using 3 of 6 workers for concurrent root processing
[2020-08-24T20:53:35.024+0000][31350][gc           ] GC(69) Concurrent roots processing 453M->455M(4096M) 13.858ms
[2020-08-24T20:53:35.024+0000][31350][gc,start     ] GC(69) Concurrent cleanup
[2020-08-24T20:53:35.024+0000][31350][gc           ] GC(69) Concurrent cleanup 455M->127M(4096M) 0.309ms
[2020-08-24T20:53:35.025+0000][31350][gc,ergo      ] GC(69) Free: 3763M (1883 regions), Max regular: 2048K, Max humongous: 3430M, External frag: 9%, Internal frag: 0%
[2020-08-24T20:53:35.025+0000][31350][gc,ergo      ] GC(69) Evacuation Reserve: 204M (103 regions), Max regular: 2048K
[2020-08-24T20:53:35.025+0000][31350][gc,start     ] GC(69) Concurrent evacuation
[2020-08-24T20:53:35.025+0000][31350][gc,task      ] GC(69) Using 3 of 6 workers for concurrent evacuation
[2020-08-24T20:53:35.025+0000][31350][gc           ] GC(69) Concurrent evacuation 127M->127M(4096M) 0.554ms
[2020-08-24T20:53:35.025+0000][31350][gc,start     ] GC(69) Pause Init Update Refs
[2020-08-24T20:53:35.025+0000][31350][gc           ] GC(69) Pause Init Update Refs 0.061ms
[2020-08-24T20:53:35.025+0000][31350][safepoint    ] Safepoint "ShenandoahInitUpdateRefs", Time since last: 15050109 ns, Reaching safepoint: 160522 ns, At safepoint: 83514 ns, Total: 244036 ns
[2020-08-24T20:53:35.025+0000][31350][gc,start     ] GC(69) Concurrent update references
[2020-08-24T20:53:35.026+0000][31350][gc,task      ] GC(69) Using 3 of 6 workers for concurrent reference update
[2020-08-24T20:53:35.032+0000][31350][gc           ] GC(69) Concurrent update references 127M->127M(4096M) 6.468ms
[2020-08-24T20:53:35.032+0000][31350][gc,start     ] GC(69) Pause Final Update Refs
[2020-08-24T20:53:35.032+0000][31350][gc,task      ] GC(69) Using 6 of 6 workers for final reference update
[2020-08-24T20:53:35.033+0000][31350][gc           ] GC(69) Pause Final Update Refs 0.284ms
[2020-08-24T20:53:35.033+0000][31350][safepoint    ] Safepoint "ShenandoahFinalUpdateRefs", Time since last: 6605429 ns, Reaching safepoint: 154664 ns, At safepoint: 312296 ns, Total: 466960 ns
[2020-08-24T20:53:35.033+0000][31350][gc,start     ] GC(69) Concurrent cleanup
[2020-08-24T20:53:35.033+0000][31350][gc           ] GC(69) Concurrent cleanup 129M->44M(4096M) 0.178ms
[2020-08-24T20:53:35.033+0000][31350][gc,ergo      ] Free: 3845M (1926 regions), Max regular: 2048K, Max humongous: 3430M, External frag: 11%, Internal frag: 0%
[2020-08-24T20:53:35.033+0000][31350][gc,ergo      ] Evacuation Reserve: 206M (103 regions), Max regular: 2048K
[2020-08-24T20:53:36.033+0000][31350][safepoint    ] Safepoint "Cleanup", Time since last: 1000133848 ns, Reaching safepoint: 291229 ns, At safepoint: 22427 ns, Total: 313656 ns
[2020-08-24T20:53:37.033+0000][31350][safepoint    ] Safepoint "Cleanup", Time since last: 1000127460 ns, Reaching safepoint: 98544 ns, At safepoint: 1801 ns, Total: 100345 ns
[2020-08-24T20:53:38.034+0000][31350][safepoint    ] Safepoint "Cleanup", Time since last: 1000094754 ns, Reaching safepoint: 272154 ns, At safepoint: 13488 ns, Total: 285642 ns
[2020-08-24T20:53:38.805+0000][31350][gc           ] Trigger: Allocated since last cycle (409M) is larger than allocation threshold (409M)
[2020-08-24T20:53:38.805+0000][31350][gc,ergo      ] Free: 3459M (1733 regions), Max regular: 2048K, Max humongous: 3430M, External frag: 1%, Internal frag: 0%
[2020-08-24T20:53:38.805+0000][31350][gc,ergo      ] Evacuation Reserve: 206M (103 regions), Max regular: 2048K
[2020-08-24T20:53:38.805+0000][31350][gc,start     ] GC(70) Concurrent reset
[2020-08-24T20:53:38.805+0000][31350][gc,task      ] GC(70) Using 3 of 6 workers for concurrent reset
[2020-08-24T20:53:38.805+0000][31350][gc           ] GC(70) Concurrent reset 430M->430M(4096M) 0.125ms
[2020-08-24T20:53:38.805+0000][31350][gc,start     ] GC(70) Pause Init Mark (process weakrefs) (unload classes)
[2020-08-24T20:53:38.805+0000][31350][gc,task      ] GC(70) Using 6 of 6 workers for init marking
[2020-08-24T20:53:38.806+0000][31350][gc           ] GC(70) Pause Init Mark (process weakrefs) (unload classes) 0.379ms
[2020-08-24T20:53:38.806+0000][31350][safepoint    ] Safepoint "ShenandoahInitMark", Time since last: 771736498 ns, Reaching safepoint: 139665 ns, At safepoint: 406414 ns, Total: 546079 ns
[2020-08-24T20:53:38.806+0000][31350][gc,start     ] GC(70) Concurrent marking (process weakrefs) (unload classes)
[2020-08-24T20:53:38.806+0000][31350][gc,task      ] GC(70) Using 3 of 6 workers for concurrent marking
[2020-08-24T20:53:38.814+0000][31350][gc           ] GC(70) Concurrent marking (process weakrefs) (unload classes) 430M->452M(4096M) 7.601ms
[2020-08-24T20:53:38.814+0000][31350][gc,start     ] GC(70) Concurrent precleaning
[2020-08-24T20:53:38.814+0000][31350][gc,task      ] GC(70) Using 1 of 6 workers for concurrent preclean
[2020-08-24T20:53:38.814+0000][31350][gc           ] GC(70) Concurrent precleaning 452M->452M(4096M) 0.387ms
[2020-08-24T20:53:38.814+0000][31350][gc,start     ] GC(70) Pause Final Mark (process weakrefs) (unload classes)
[2020-08-24T20:53:38.814+0000][31350][gc,task      ] GC(70) Using 6 of 6 workers for final marking
[2020-08-24T20:53:38.814+0000][31350][gc,ergo      ] GC(70) CSet Selection. Actual Free: 4006M, Max CSet: 3004M
[2020-08-24T20:53:38.814+0000][31350][gc,ergo      ] GC(70) Collectable Garbage: 43630K (10% of total), 1113K CSet, 22 CSet regions
[2020-08-24T20:53:38.814+0000][31350][gc,ergo      ] GC(70) Immediate Garbage: 368M (89% of total), 184 regions
[2020-08-24T20:53:38.815+0000][31350][gc           ] GC(70) Pause Final Mark (process weakrefs) (unload classes) 0.605ms
[2020-08-24T20:53:38.815+0000][31350][safepoint    ] Safepoint "ShenandoahFinalMarkStartEvac", Time since last: 8071844 ns, Reaching safepoint: 111191 ns, At safepoint: 619003 ns, Total: 730194 ns
[2020-08-24T20:53:38.815+0000][31350][gc,start     ] GC(70) Concurrent roots processing
[2020-08-24T20:53:38.815+0000][31350][gc,task      ] GC(70) Using 3 of 6 workers for concurrent root processing
[2020-08-24T20:53:38.821+0000][31350][gc           ] GC(70) Concurrent roots processing 454M->473M(4096M) 5.879ms
[2020-08-24T20:53:38.821+0000][31350][gc,start     ] GC(70) Concurrent cleanup
[2020-08-24T20:53:38.821+0000][31350][gc           ] GC(70) Concurrent cleanup 473M->105M(4096M) 0.231ms
[2020-08-24T20:53:38.821+0000][31350][gc,ergo      ] GC(70) Free: 3785M (1895 regions), Max regular: 2048K, Max humongous: 3412M, External frag: 10%, Internal frag: 0%
[2020-08-24T20:53:38.821+0000][31350][gc,ergo      ] GC(70) Evacuation Reserve: 204M (103 regions), Max regular: 2048K
[2020-08-24T20:53:38.821+0000][31350][gc,start     ] GC(70) Concurrent evacuation
[2020-08-24T20:53:38.821+0000][31350][gc,task      ] GC(70) Using 3 of 6 workers for concurrent evacuation
[2020-08-24T20:53:38.821+0000][31350][gc           ] GC(70) Concurrent evacuation 105M->105M(4096M) 0.182ms
[2020-08-24T20:53:38.821+0000][31350][gc,start     ] GC(70) Pause Init Update Refs
[2020-08-24T20:53:38.821+0000][31350][gc           ] GC(70) Pause Init Update Refs 0.035ms
[2020-08-24T20:53:38.821+0000][31350][safepoint    ] Safepoint "ShenandoahInitUpdateRefs", Time since last: 6468725 ns, Reaching safepoint: 125758 ns, At safepoint: 50219 ns, Total: 175977 ns
[2020-08-24T20:53:38.821+0000][31350][gc,start     ] GC(70) Concurrent update references
[2020-08-24T20:53:38.821+0000][31350][gc,task      ] GC(70) Using 3 of 6 workers for concurrent reference update
[2020-08-24T20:53:38.826+0000][31350][gc           ] GC(70) Concurrent update references 107M->127M(4096M) 4.733ms
[2020-08-24T20:53:38.826+0000][31350][gc,start     ] GC(70) Pause Final Update Refs
[2020-08-24T20:53:38.826+0000][31350][gc,task      ] GC(70) Using 6 of 6 workers for final reference update
[2020-08-24T20:53:38.826+0000][31350][gc           ] GC(70) Pause Final Update Refs 0.127ms
[2020-08-24T20:53:38.826+0000][31350][safepoint    ] Safepoint "ShenandoahFinalUpdateRefs", Time since last: 4804110 ns, Reaching safepoint: 126659 ns, At safepoint: 140906 ns, Total: 267565 ns
[2020-08-24T20:53:38.826+0000][31350][gc,start     ] GC(70) Concurrent cleanup
[2020-08-24T20:53:38.827+0000][31350][gc           ] GC(70) Concurrent cleanup 127M->83M(4096M) 0.148ms
[2020-08-24T20:53:38.827+0000][31350][gc,ergo      ] Free: 3806M (1929 regions), Max regular: 2048K, Max humongous: 3412M, External frag: 11%, Internal frag: 1%
[2020-08-24T20:53:38.827+0000][31350][gc,ergo      ] Evacuation Reserve: 206M (103 regions), Max regular: 2048K
[2020-08-24T20:53:39.827+0000][31350][safepoint    ] Safepoint "Cleanup", Time since last: 1000063762 ns, Reaching safepoint: 128405 ns, At safepoint: 2502 ns, Total: 130907 ns
[2020-08-24T20:53:40.827+0000][31350][safepoint    ] Safepoint "Cleanup", Time since last: 1000127757 ns, Reaching safepoint: 298761 ns, At safepoint: 24804 ns, Total: 323565 ns
[2020-08-24T20:53:41.314+0000][31350][gc           ] Trigger: Allocated since last cycle (410M) is larger than allocation threshold (409M)
[2020-08-24T20:53:41.314+0000][31350][gc,ergo      ] Free: 3460M (1749 regions), Max regular: 2048K, Max humongous: 3412M, External frag: 2%, Internal frag: 1%
[2020-08-24T20:53:41.314+0000][31350][gc,ergo      ] Evacuation Reserve: 206M (103 regions), Max regular: 2048K
[2020-08-24T20:53:41.314+0000][31350][gc,start     ] GC(71) Concurrent reset
[2020-08-24T20:53:41.314+0000][31350][gc,task      ] GC(71) Using 3 of 6 workers for concurrent reset
[2020-08-24T20:53:41.315+0000][31350][gc           ] GC(71) Concurrent reset 429M->429M(4096M) 0.153ms
[2020-08-24T20:53:41.315+0000][31350][gc,start     ] GC(71) Pause Init Mark (unload classes)
[2020-08-24T20:53:41.315+0000][31350][gc,task      ] GC(71) Using 6 of 6 workers for init marking
[2020-08-24T20:53:41.315+0000][31350][gc           ] GC(71) Pause Init Mark (unload classes) 0.283ms
[2020-08-24T20:53:41.315+0000][31350][safepoint    ] Safepoint "ShenandoahInitMark", Time since last: 487550778 ns, Reaching safepoint: 78063 ns, At safepoint: 296818 ns, Total: 374881 ns
[2020-08-24T20:53:41.315+0000][31350][gc,start     ] GC(71) Concurrent marking (unload classes)
[2020-08-24T20:53:41.315+0000][31350][gc,task      ] GC(71) Using 3 of 6 workers for concurrent marking
[2020-08-24T20:53:41.321+0000][31350][gc           ] GC(71) Concurrent marking (unload classes) 431M->445M(4096M) 5.789ms
[2020-08-24T20:53:41.321+0000][31350][gc,start     ] GC(71) Pause Final Mark (unload classes)
[2020-08-24T20:53:41.321+0000][31350][gc,task      ] GC(71) Using 6 of 6 workers for final marking
[2020-08-24T20:53:41.321+0000][31350][gc,ergo      ] GC(71) CSet Selection. Actual Free: 3993M, Max CSet: 2995M
[2020-08-24T20:53:41.321+0000][31350][gc,ergo      ] GC(71) Collectable Garbage: 61802K (14% of total), 1130K CSet, 31 CSet regions
[2020-08-24T20:53:41.321+0000][31350][gc,ergo      ] GC(71) Immediate Garbage: 349M (85% of total), 175 regions
[2020-08-24T20:53:41.321+0000][31350][gc           ] GC(71) Pause Final Mark (unload classes) 0.531ms
[2020-08-24T20:53:41.321+0000][31350][safepoint    ] Safepoint "ShenandoahFinalMarkStartEvac", Time since last: 5863446 ns, Reaching safepoint: 70359 ns, At safepoint: 547620 ns, Total: 617979 ns
[2020-08-24T20:53:41.321+0000][31350][gc,start     ] GC(71) Concurrent roots processing
[2020-08-24T20:53:41.321+0000][31350][gc,task      ] GC(71) Using 3 of 6 workers for concurrent root processing
[2020-08-24T20:53:41.335+0000][31350][gc           ] GC(71) Concurrent roots processing 445M->461M(4096M) 13.588ms
[2020-08-24T20:53:41.335+0000][31350][gc,start     ] GC(71) Concurrent cleanup
[2020-08-24T20:53:41.335+0000][31350][gc           ] GC(71) Concurrent cleanup 461M->111M(4096M) 0.238ms
[2020-08-24T20:53:41.335+0000][31350][gc,ergo      ] GC(71) Free: 3779M (1891 regions), Max regular: 2048K, Max humongous: 3442M, External frag: 9%, Internal frag: 0%
[2020-08-24T20:53:41.335+0000][31350][gc,ergo      ] GC(71) Evacuation Reserve: 204M (103 regions), Max regular: 2048K
[2020-08-24T20:53:41.335+0000][31350][gc,start     ] GC(71) Concurrent evacuation
[2020-08-24T20:53:41.335+0000][31350][gc,task      ] GC(71) Using 3 of 6 workers for concurrent evacuation
[2020-08-24T20:53:41.336+0000][31350][gc           ] GC(71) Concurrent evacuation 111M->111M(4096M) 0.274ms
[2020-08-24T20:53:41.336+0000][31350][gc,start     ] GC(71) Pause Init Update Refs
[2020-08-24T20:53:41.336+0000][31350][gc           ] GC(71) Pause Init Update Refs 0.029ms
[2020-08-24T20:53:41.336+0000][31350][safepoint    ] Safepoint "ShenandoahInitUpdateRefs", Time since last: 14249153 ns, Reaching safepoint: 152952 ns, At safepoint: 41130 ns, Total: 194082 ns
[2020-08-24T20:53:41.336+0000][31350][gc,start     ] GC(71) Concurrent update references
[2020-08-24T20:53:41.336+0000][31350][gc,task      ] GC(71) Using 3 of 6 workers for concurrent reference update
[2020-08-24T20:53:41.341+0000][31350][gc           ] GC(71) Concurrent update references 111M->111M(4096M) 4.840ms
[2020-08-24T20:53:41.341+0000][31350][gc,start     ] GC(71) Pause Final Update Refs
[2020-08-24T20:53:41.341+0000][31350][gc,task      ] GC(71) Using 6 of 6 workers for final reference update
[2020-08-24T20:53:41.341+0000][31350][gc           ] GC(71) Pause Final Update Refs 0.166ms
[2020-08-24T20:53:41.341+0000][31350][safepoint    ] Safepoint "ShenandoahFinalUpdateRefs", Time since last: 4941490 ns, Reaching safepoint: 98316 ns, At safepoint: 184148 ns, Total: 282464 ns
[2020-08-24T20:53:41.341+0000][31350][gc,start     ] GC(71) Concurrent cleanup
[2020-08-24T20:53:41.341+0000][31350][gc           ] GC(71) Concurrent cleanup 111M->49M(4096M) 0.104ms
[2020-08-24T20:53:41.341+0000][31350][gc,ergo      ] Free: 3840M (1922 regions), Max regular: 2048K, Max humongous: 3442M, External frag: 11%, Internal frag: 0%
[2020-08-24T20:53:41.341+0000][31350][gc,ergo      ] Evacuation Reserve: 206M (103 regions), Max regular: 2048K
[2020-08-24T20:53:42.342+0000][31350][safepoint    ] Safepoint "Cleanup", Time since last: 1000087945 ns, Reaching safepoint: 439707 ns, At safepoint: 37599 ns, Total: 477306 ns
[2020-08-24T20:53:43.342+0000][31350][safepoint    ] Safepoint "Cleanup", Time since last: 1000265568 ns, Reaching safepoint: 137279 ns, At safepoint: 4171 ns, Total: 141450 ns
[2020-08-24T20:53:44.343+0000][31350][safepoint    ] Safepoint "Cleanup", Time since last: 1000192705 ns, Reaching safepoint: 272136 ns, At safepoint: 13829 ns, Total: 285965 ns
[2020-08-24T20:53:44.797+0000][31350][gc           ] Trigger: Allocated since last cycle (409M) is larger than allocation threshold (409M)
[2020-08-24T20:53:44.797+0000][31350][gc,ergo      ] Free: 3460M (1733 regions), Max regular: 2048K, Max humongous: 3442M, External frag: 1%, Internal frag: 0%
[2020-08-24T20:53:44.797+0000][31350][gc,ergo      ] Evacuation Reserve: 206M (103 regions), Max regular: 2048K
[2020-08-24T20:53:44.797+0000][31350][gc,start     ] GC(72) Concurrent reset
[2020-08-24T20:53:44.797+0000][31350][gc,task      ] GC(72) Using 3 of 6 workers for concurrent reset
[2020-08-24T20:53:44.797+0000][31350][gc           ] GC(72) Concurrent reset 429M->429M(4096M) 0.168ms
[2020-08-24T20:53:44.798+0000][31350][gc,start     ] GC(72) Pause Init Mark (unload classes)
[2020-08-24T20:53:44.798+0000][31350][gc,task      ] GC(72) Using 6 of 6 workers for init marking
[2020-08-24T20:53:44.798+0000][31350][gc           ] GC(72) Pause Init Mark (unload classes) 0.387ms
[2020-08-24T20:53:44.798+0000][31350][safepoint    ] Safepoint "ShenandoahInitMark", Time since last: 454898807 ns, Reaching safepoint: 166829 ns, At safepoint: 408197 ns, Total: 575026 ns
[2020-08-24T20:53:44.798+0000][31350][gc,start     ] GC(72) Concurrent marking (unload classes)
[2020-08-24T20:53:44.798+0000][31350][gc,task      ] GC(72) Using 3 of 6 workers for concurrent marking
[2020-08-24T20:53:44.805+0000][31350][gc           ] GC(72) Concurrent marking (unload classes) 429M->445M(4096M) 7.324ms
[2020-08-24T20:53:44.806+0000][31350][gc,start     ] GC(72) Pause Final Mark (unload classes)
[2020-08-24T20:53:44.806+0000][31350][gc,task      ] GC(72) Using 6 of 6 workers for final marking
[2020-08-24T20:53:44.806+0000][31350][gc,ergo      ] GC(72) CSet Selection. Actual Free: 4014M, Max CSet: 3010M
[2020-08-24T20:53:44.806+0000][31350][gc,ergo      ] GC(72) Collectable Garbage: 41343K (9% of total), 1175K CSet, 21 CSet regions
[2020-08-24T20:53:44.806+0000][31350][gc,ergo      ] GC(72) Immediate Garbage: 370M (89% of total), 185 regions
[2020-08-24T20:53:44.806+0000][31350][gc           ] GC(72) Pause Final Mark (unload classes) 0.744ms
[2020-08-24T20:53:44.806+0000][31350][safepoint    ] Safepoint "ShenandoahFinalMarkStartEvac", Time since last: 7426589 ns, Reaching safepoint: 156034 ns, At safepoint: 759689 ns, Total: 915723 ns
[2020-08-24T20:53:44.806+0000][31350][gc,start     ] GC(72) Concurrent roots processing
[2020-08-24T20:53:44.806+0000][31350][gc,task      ] GC(72) Using 3 of 6 workers for concurrent root processing
[2020-08-24T20:53:44.813+0000][31350][gc           ] GC(72) Concurrent roots processing 445M->461M(4096M) 6.840ms
[2020-08-24T20:53:44.813+0000][31350][gc,start     ] GC(72) Concurrent cleanup
[2020-08-24T20:53:44.813+0000][31350][gc           ] GC(72) Concurrent cleanup 461M->91M(4096M) 0.168ms
[2020-08-24T20:53:44.814+0000][31350][gc,ergo      ] GC(72) Free: 3799M (1901 regions), Max regular: 2048K, Max humongous: 3422M, External frag: 10%, Internal frag: 0%
[2020-08-24T20:53:44.814+0000][31350][gc,ergo      ] GC(72) Evacuation Reserve: 204M (103 regions), Max regular: 2048K
[2020-08-24T20:53:44.814+0000][31350][gc,start     ] GC(72) Concurrent evacuation
[2020-08-24T20:53:44.814+0000][31350][gc,task      ] GC(72) Using 3 of 6 workers for concurrent evacuation
[2020-08-24T20:53:44.814+0000][31350][gc           ] GC(72) Concurrent evacuation 91M->91M(4096M) 0.341ms
[2020-08-24T20:53:44.814+0000][31350][gc,start     ] GC(72) Pause Init Update Refs
[2020-08-24T20:53:44.814+0000][31350][gc           ] GC(72) Pause Init Update Refs 0.040ms
[2020-08-24T20:53:44.814+0000][31350][safepoint    ] Safepoint "ShenandoahInitUpdateRefs", Time since last: 7518292 ns, Reaching safepoint: 152787 ns, At safepoint: 54371 ns, Total: 207158 ns
[2020-08-24T20:53:44.814+0000][31350][gc,start     ] GC(72) Concurrent update references
[2020-08-24T20:53:44.814+0000][31350][gc,task      ] GC(72) Using 3 of 6 workers for concurrent reference update
[2020-08-24T20:53:44.820+0000][31350][gc           ] GC(72) Concurrent update references 91M->109M(4096M) 5.970ms
[2020-08-24T20:53:44.820+0000][31350][gc,start     ] GC(72) Pause Final Update Refs
[2020-08-24T20:53:44.820+0000][31350][gc,task      ] GC(72) Using 6 of 6 workers for final reference update
[2020-08-24T20:53:44.820+0000][31350][gc           ] GC(72) Pause Final Update Refs 0.192ms
[2020-08-24T20:53:44.820+0000][31350][safepoint    ] Safepoint "ShenandoahFinalUpdateRefs", Time since last: 6061620 ns, Reaching safepoint: 87078 ns, At safepoint: 205138 ns, Total: 292216 ns
[2020-08-24T20:53:44.820+0000][31350][gc,start     ] GC(72) Concurrent cleanup
[2020-08-24T20:53:44.821+0000][31350][gc           ] GC(72) Concurrent cleanup 109M->67M(4096M) 0.180ms
[2020-08-24T20:53:44.821+0000][31350][gc,ergo      ] Free: 3822M (1913 regions), Max regular: 2048K, Max humongous: 3422M, External frag: 11%, Internal frag: 0%
[2020-08-24T20:53:44.821+0000][31350][gc,ergo      ] Evacuation Reserve: 206M (103 regions), Max regular: 2048K
[2020-08-24T20:53:45.821+0000][31350][safepoint    ] Safepoint "Cleanup", Time since last: 1000089042 ns, Reaching safepoint: 324997 ns, At safepoint: 28834 ns, Total: 353831 ns
[2020-08-24T20:53:46.822+0000][31350][safepoint    ] Safepoint "Cleanup", Time since last: 1000201595 ns, Reaching safepoint: 370684 ns, At safepoint: 41523 ns, Total: 412207 ns
[2020-08-24T20:53:47.316+0000][31350][gc           ] Trigger: Allocated since last cycle (410M) is larger than allocation threshold (409M)
[2020-08-24T20:53:47.316+0000][31350][gc,ergo      ] Free: 3460M (1733 regions), Max regular: 2048K, Max humongous: 3422M, External frag: 2%, Internal frag: 0%
[2020-08-24T20:53:47.316+0000][31350][gc,ergo      ] Evacuation Reserve: 206M (103 regions), Max regular: 2048K
[2020-08-24T20:53:47.316+0000][31350][gc,start     ] GC(73) Concurrent reset
[2020-08-24T20:53:47.316+0000][31350][gc,task      ] GC(73) Using 3 of 6 workers for concurrent reset
[2020-08-24T20:53:47.316+0000][31350][gc           ] GC(73) Concurrent reset 429M->429M(4096M) 0.104ms
[2020-08-24T20:53:47.316+0000][31350][gc,start     ] GC(73) Pause Init Mark (unload classes)
[2020-08-24T20:53:47.316+0000][31350][gc,task      ] GC(73) Using 6 of 6 workers for init marking
[2020-08-24T20:53:47.316+0000][31350][gc           ] GC(73) Pause Init Mark (unload classes) 0.319ms
[2020-08-24T20:53:47.316+0000][31350][safepoint    ] Safepoint "ShenandoahInitMark", Time since last: 494423250 ns, Reaching safepoint: 44004 ns, At safepoint: 332475 ns, Total: 376479 ns
[2020-08-24T20:53:47.316+0000][31350][gc,start     ] GC(73) Concurrent marking (unload classes)
[2020-08-24T20:53:47.316+0000][31350][gc,task      ] GC(73) Using 3 of 6 workers for concurrent marking
[2020-08-24T20:53:47.323+0000][31350][gc           ] GC(73) Concurrent marking (unload classes) 429M->429M(4096M) 6.262ms
[2020-08-24T20:53:47.323+0000][31350][gc,start     ] GC(73) Pause Final Mark (unload classes)
[2020-08-24T20:53:47.323+0000][31350][gc,task      ] GC(73) Using 6 of 6 workers for final marking
[2020-08-24T20:53:47.323+0000][31350][gc,ergo      ] GC(73) CSet Selection. Actual Free: 4019M, Max CSet: 3014M
[2020-08-24T20:53:47.323+0000][31350][gc,ergo      ] GC(73) Collectable Garbage: 51631K (12% of total), 1135K CSet, 26 CSet regions
[2020-08-24T20:53:47.323+0000][31350][gc,ergo      ] GC(73) Immediate Garbage: 359M (87% of total), 180 regions
[2020-08-24T20:53:47.324+0000][31350][gc           ] GC(73) Pause Final Mark (unload classes) 0.693ms
[2020-08-24T20:53:47.324+0000][31350][safepoint    ] Safepoint "ShenandoahFinalMarkStartEvac", Time since last: 6345957 ns, Reaching safepoint: 140509 ns, At safepoint: 706238 ns, Total: 846747 ns
[2020-08-24T20:53:47.324+0000][31350][gc,start     ] GC(73) Concurrent roots processing
[2020-08-24T20:53:47.324+0000][31350][gc,task      ] GC(73) Using 3 of 6 workers for concurrent root processing
[2020-08-24T20:53:47.330+0000][31350][gc           ] GC(73) Concurrent roots processing 429M->430M(4096M) 6.410ms
[2020-08-24T20:53:47.330+0000][31350][gc,start     ] GC(73) Concurrent cleanup
[2020-08-24T20:53:47.330+0000][31350][gc           ] GC(73) Concurrent cleanup 430M->71M(4096M) 0.221ms
[2020-08-24T20:53:47.330+0000][31350][gc,ergo      ] GC(73) Free: 3819M (1911 regions), Max regular: 2048K, Max humongous: 3422M, External frag: 11%, Internal frag: 0%
[2020-08-24T20:53:47.330+0000][31350][gc,ergo      ] GC(73) Evacuation Reserve: 204M (103 regions), Max regular: 2048K
[2020-08-24T20:53:47.330+0000][31350][gc,start     ] GC(73) Concurrent evacuation
[2020-08-24T20:53:47.330+0000][31350][gc,task      ] GC(73) Using 3 of 6 workers for concurrent evacuation
[2020-08-24T20:53:47.331+0000][31350][gc           ] GC(73) Concurrent evacuation 71M->71M(4096M) 0.265ms
[2020-08-24T20:53:47.331+0000][31350][gc,start     ] GC(73) Pause Init Update Refs
[2020-08-24T20:53:47.331+0000][31350][gc           ] GC(73) Pause Init Update Refs 0.025ms
[2020-08-24T20:53:47.331+0000][31350][safepoint    ] Safepoint "ShenandoahInitUpdateRefs", Time since last: 7081142 ns, Reaching safepoint: 128293 ns, At safepoint: 39725 ns, Total: 168018 ns
[2020-08-24T20:53:47.331+0000][31350][gc,start     ] GC(73) Concurrent update references
[2020-08-24T20:53:47.331+0000][31350][gc,task      ] GC(73) Using 3 of 6 workers for concurrent reference update
[2020-08-24T20:53:47.335+0000][31350][gc           ] GC(73) Concurrent update references 71M->73M(4096M) 4.090ms
[2020-08-24T20:53:47.335+0000][31350][gc,start     ] GC(73) Pause Final Update Refs
[2020-08-24T20:53:47.335+0000][31350][gc,task      ] GC(73) Using 6 of 6 workers for final reference update
[2020-08-24T20:53:47.335+0000][31350][gc           ] GC(73) Pause Final Update Refs 0.166ms
[2020-08-24T20:53:47.335+0000][31350][safepoint    ] Safepoint "ShenandoahFinalUpdateRefs", Time since last: 4200061 ns, Reaching safepoint: 108865 ns, At safepoint: 182867 ns, Total: 291732 ns
[2020-08-24T20:53:47.335+0000][31350][gc,start     ] GC(73) Concurrent cleanup
[2020-08-24T20:53:47.335+0000][31350][gc           ] GC(73) Concurrent cleanup 73M->21M(4096M) 0.118ms
[2020-08-24T20:53:47.335+0000][31350][gc,ergo      ] Free: 3868M (1937 regions), Max regular: 2048K, Max humongous: 3860M, External frag: 1%, Internal frag: 0%
[2020-08-24T20:53:47.335+0000][31350][gc,ergo      ] Evacuation Reserve: 206M (103 regions), Max regular: 2048K
[2020-08-24T20:53:48.336+0000][31350][safepoint    ] Safepoint "Cleanup", Time since last: 1000096545 ns, Reaching safepoint: 265389 ns, At safepoint: 24426 ns, Total: 289815 ns
[2020-08-24T20:53:49.336+0000][31350][safepoint    ] Safepoint "Cleanup", Time since last: 1000127510 ns, Reaching safepoint: 114041 ns, At safepoint: 2531 ns, Total: 116572 ns
[2020-08-24T20:53:50.336+0000][31350][safepoint    ] Safepoint "Cleanup", Time since last: 1000159716 ns, Reaching safepoint: 308934 ns, At safepoint: 23758 ns, Total: 332692 ns
[2020-08-24T20:53:50.989+0000][31350][gc           ] Trigger: Allocated since last cycle (409M) is larger than allocation threshold (409M)
[2020-08-24T20:53:50.989+0000][31350][gc,ergo      ] Free: 3460M (1733 regions), Max regular: 2048K, Max humongous: 3454M, External frag: 1%, Internal frag: 0%
[2020-08-24T20:53:50.989+0000][31350][gc,ergo      ] Evacuation Reserve: 206M (103 regions), Max regular: 2048K
[2020-08-24T20:53:50.989+0000][31350][gc,start     ] GC(74) Concurrent reset
[2020-08-24T20:53:50.990+0000][31350][gc,task      ] GC(74) Using 3 of 6 workers for concurrent reset
[2020-08-24T20:53:50.990+0000][31350][gc           ] GC(74) Concurrent reset 429M->429M(4096M) 0.506ms
[2020-08-24T20:53:50.991+0000][31350][gc,start     ] GC(74) Pause Init Mark (unload classes)
[2020-08-24T20:53:50.991+0000][31350][gc,task      ] GC(74) Using 6 of 6 workers for init marking
[2020-08-24T20:53:50.992+0000][31350][gc           ] GC(74) Pause Init Mark (unload classes) 1.010ms
[2020-08-24T20:53:50.992+0000][31350][safepoint    ] Safepoint "ShenandoahInitMark", Time since last: 653789830 ns, Reaching safepoint: 320360 ns, At safepoint: 1086998 ns, Total: 1407358 ns
[2020-08-24T20:53:50.992+0000][31350][gc,start     ] GC(74) Concurrent marking (unload classes)
[2020-08-24T20:53:50.992+0000][31350][gc,task      ] GC(74) Using 3 of 6 workers for concurrent marking
[2020-08-24T20:53:51.013+0000][31350][gc           ] GC(74) Concurrent marking (unload classes) 431M->455M(4096M) 21.688ms
[2020-08-24T20:53:51.014+0000][31350][gc,start     ] GC(74) Pause Final Mark (unload classes)
[2020-08-24T20:53:51.014+0000][31350][gc,task      ] GC(74) Using 6 of 6 workers for final marking
[2020-08-24T20:53:51.014+0000][31350][gc,ergo      ] GC(74) CSet Selection. Actual Free: 3998M, Max CSet: 2998M
[2020-08-24T20:53:51.014+0000][31350][gc,ergo      ] GC(74) Collectable Garbage: 47548K (11% of total), 1149K CSet, 24 CSet regions
[2020-08-24T20:53:51.014+0000][31350][gc,ergo      ] GC(74) Immediate Garbage: 364M (88% of total), 182 regions
[2020-08-24T20:53:51.015+0000][31350][gc           ] GC(74) Pause Final Mark (unload classes) 1.230ms
[2020-08-24T20:53:51.015+0000][31350][safepoint    ] Safepoint "ShenandoahFinalMarkStartEvac", Time since last: 21880931 ns, Reaching safepoint: 137876 ns, At safepoint: 1270538 ns, Total: 1408414 ns
[2020-08-24T20:53:51.015+0000][31350][gc,start     ] GC(74) Concurrent roots processing
[2020-08-24T20:53:51.015+0000][31350][gc,task      ] GC(74) Using 3 of 6 workers for concurrent root processing
[2020-08-24T20:53:51.026+0000][31350][gc           ] GC(74) Concurrent roots processing 455M->481M(4096M) 10.829ms
[2020-08-24T20:53:51.026+0000][31350][gc,start     ] GC(74) Concurrent cleanup
[2020-08-24T20:53:51.026+0000][31350][gc           ] GC(74) Concurrent cleanup 481M->117M(4096M) 0.266ms
[2020-08-24T20:53:51.026+0000][31350][gc,ergo      ] GC(74) Free: 3773M (1888 regions), Max regular: 2048K, Max humongous: 3402M, External frag: 10%, Internal frag: 0%
[2020-08-24T20:53:51.026+0000][31350][gc,ergo      ] GC(74) Evacuation Reserve: 204M (103 regions), Max regular: 2048K
[2020-08-24T20:53:51.026+0000][31350][gc,start     ] GC(74) Concurrent evacuation
[2020-08-24T20:53:51.026+0000][31350][gc,task      ] GC(74) Using 3 of 6 workers for concurrent evacuation
[2020-08-24T20:53:51.026+0000][31350][gc           ] GC(74) Concurrent evacuation 117M->117M(4096M) 0.204ms
[2020-08-24T20:53:51.027+0000][31350][gc,start     ] GC(74) Pause Init Update Refs
[2020-08-24T20:53:51.027+0000][31350][gc           ] GC(74) Pause Init Update Refs 0.024ms
[2020-08-24T20:53:51.027+0000][31350][safepoint    ] Safepoint "ShenandoahInitUpdateRefs", Time since last: 11523685 ns, Reaching safepoint: 108570 ns, At safepoint: 37163 ns, Total: 145733 ns
[2020-08-24T20:53:51.027+0000][31350][gc,start     ] GC(74) Concurrent update references
[2020-08-24T20:53:51.027+0000][31350][gc,task      ] GC(74) Using 3 of 6 workers for concurrent reference update
[2020-08-24T20:53:51.031+0000][31350][gc           ] GC(74) Concurrent update references 119M->137M(4096M) 4.068ms
[2020-08-24T20:53:51.031+0000][31350][gc,start     ] GC(74) Pause Final Update Refs
[2020-08-24T20:53:51.031+0000][31350][gc,task      ] GC(74) Using 6 of 6 workers for final reference update
[2020-08-24T20:53:51.031+0000][31350][gc           ] GC(74) Pause Final Update Refs 0.098ms
[2020-08-24T20:53:51.031+0000][31350][safepoint    ] Safepoint "ShenandoahFinalUpdateRefs", Time since last: 4138857 ns, Reaching safepoint: 102544 ns, At safepoint: 111251 ns, Total: 213795 ns
[2020-08-24T20:53:51.031+0000][31350][gc,start     ] GC(74) Concurrent cleanup
[2020-08-24T20:53:51.031+0000][31350][gc           ] GC(74) Concurrent cleanup 137M->89M(4096M) 0.109ms
[2020-08-24T20:53:51.031+0000][31350][gc,ergo      ] Free: 3800M (1902 regions), Max regular: 2048K, Max humongous: 3402M, External frag: 11%, Internal frag: 0%
[2020-08-24T20:53:51.031+0000][31350][gc,ergo      ] Evacuation Reserve: 206M (103 regions), Max regular: 2048K
[2020-08-24T20:53:52.031+0000][31350][safepoint    ] Safepoint "Cleanup", Time since last: 1000139322 ns, Reaching safepoint: 232542 ns, At safepoint: 31563 ns, Total: 264105 ns
[2020-08-24T20:53:53.032+0000][31350][safepoint    ] Safepoint "Cleanup", Time since last: 1000146233 ns, Reaching safepoint: 110063 ns, At safepoint: 4612 ns, Total: 114675 ns
[2020-08-24T20:53:53.837+0000][31350][gc           ] Trigger: Allocated since last cycle (410M) is larger than allocation threshold (409M)
[2020-08-24T20:53:53.837+0000][31350][gc,ergo      ] Free: 3460M (1732 regions), Max regular: 2048K, Max humongous: 3402M, External frag: 2%, Internal frag: 0%
[2020-08-24T20:53:53.837+0000][31350][gc,ergo      ] Evacuation Reserve: 206M (103 regions), Max regular: 2048K
[2020-08-24T20:53:53.838+0000][31350][gc,start     ] GC(75) Concurrent reset
[2020-08-24T20:53:53.838+0000][31350][gc,task      ] GC(75) Using 3 of 6 workers for concurrent reset
[2020-08-24T20:53:53.838+0000][31350][gc           ] GC(75) Concurrent reset 429M->429M(4096M) 0.247ms
[2020-08-24T20:53:53.838+0000][31350][gc,start     ] GC(75) Pause Init Mark (process weakrefs) (unload classes)
[2020-08-24T20:53:53.838+0000][31350][gc,task      ] GC(75) Using 6 of 6 workers for init marking
[2020-08-24T20:53:53.839+0000][31350][gc           ] GC(75) Pause Init Mark (process weakrefs) (unload classes) 0.548ms
[2020-08-24T20:53:53.839+0000][31350][safepoint    ] Safepoint "ShenandoahInitMark", Time since last: 806260628 ns, Reaching safepoint: 149866 ns, At safepoint: 575966 ns, Total: 725832 ns
[2020-08-24T20:53:53.839+0000][31350][gc,start     ] GC(75) Concurrent marking (process weakrefs) (unload classes)
[2020-08-24T20:53:53.839+0000][31350][gc,task      ] GC(75) Using 3 of 6 workers for concurrent marking
[2020-08-24T20:53:53.848+0000][31350][gc           ] GC(75) Concurrent marking (process weakrefs) (unload classes) 431M->447M(4096M) 9.789ms
[2020-08-24T20:53:53.848+0000][31350][gc,start     ] GC(75) Concurrent precleaning
[2020-08-24T20:53:53.848+0000][31350][gc,task      ] GC(75) Using 1 of 6 workers for concurrent preclean
[2020-08-24T20:53:53.849+0000][31350][gc           ] GC(75) Concurrent precleaning 447M->447M(4096M) 0.509ms
[2020-08-24T20:53:53.849+0000][31350][gc,start     ] GC(75) Pause Final Mark (process weakrefs) (unload classes)
[2020-08-24T20:53:53.849+0000][31350][gc,task      ] GC(75) Using 6 of 6 workers for final marking
[2020-08-24T20:53:53.850+0000][31350][gc,ergo      ] GC(75) CSet Selection. Actual Free: 4003M, Max CSet: 3002M
[2020-08-24T20:53:53.850+0000][31350][gc,ergo      ] GC(75) Collectable Garbage: 49853K (11% of total), 2940K CSet, 26 CSet regions
[2020-08-24T20:53:53.850+0000][31350][gc,ergo      ] GC(75) Immediate Garbage: 361M (87% of total), 181 regions
[2020-08-24T20:53:53.850+0000][31350][gc           ] GC(75) Pause Final Mark (process weakrefs) (unload classes) 1.103ms
[2020-08-24T20:53:53.850+0000][31350][safepoint    ] Safepoint "ShenandoahFinalMarkStartEvac", Time since last: 10451450 ns, Reaching safepoint: 201142 ns, At safepoint: 1160988 ns, Total: 1362130 ns
[2020-08-24T20:53:53.850+0000][31350][gc,start     ] GC(75) Concurrent roots processing
[2020-08-24T20:53:53.850+0000][31350][gc,task      ] GC(75) Using 3 of 6 workers for concurrent root processing
[2020-08-24T20:53:53.860+0000][31350][gc           ] GC(75) Concurrent roots processing 447M->469M(4096M) 9.832ms
[2020-08-24T20:53:53.860+0000][31350][gc,start     ] GC(75) Concurrent cleanup
[2020-08-24T20:53:53.860+0000][31350][gc           ] GC(75) Concurrent cleanup 469M->107M(4096M) 0.200ms
[2020-08-24T20:53:53.861+0000][31350][gc,ergo      ] GC(75) Free: 3785M (1895 regions), Max regular: 2048K, Max humongous: 3402M, External frag: 11%, Internal frag: 0%
[2020-08-24T20:53:53.861+0000][31350][gc,ergo      ] GC(75) Evacuation Reserve: 202M (101 regions), Max regular: 2048K
[2020-08-24T20:53:53.861+0000][31350][gc,start     ] GC(75) Concurrent evacuation
[2020-08-24T20:53:53.861+0000][31350][gc,task      ] GC(75) Using 3 of 6 workers for concurrent evacuation
[2020-08-24T20:53:53.861+0000][31350][gc           ] GC(75) Concurrent evacuation 107M->108M(4096M) 0.607ms
[2020-08-24T20:53:53.861+0000][31350][gc,start     ] GC(75) Pause Init Update Refs
[2020-08-24T20:53:53.861+0000][31350][gc           ] GC(75) Pause Init Update Refs 0.051ms
[2020-08-24T20:53:53.861+0000][31350][safepoint    ] Safepoint "ShenandoahInitUpdateRefs", Time since last: 10832199 ns, Reaching safepoint: 159561 ns, At safepoint: 67443 ns, Total: 227004 ns
[2020-08-24T20:53:53.861+0000][31350][gc,start     ] GC(75) Concurrent update references
[2020-08-24T20:53:53.861+0000][31350][gc,task      ] GC(75) Using 3 of 6 workers for concurrent reference update
[2020-08-24T20:53:53.869+0000][31350][gc           ] GC(75) Concurrent update references 109M->126M(4096M) 7.849ms
[2020-08-24T20:53:53.869+0000][31350][gc,start     ] GC(75) Pause Final Update Refs
[2020-08-24T20:53:53.869+0000][31350][gc,task      ] GC(75) Using 6 of 6 workers for final reference update
[2020-08-24T20:53:53.870+0000][31350][gc           ] GC(75) Pause Final Update Refs 0.132ms
[2020-08-24T20:53:53.870+0000][31350][safepoint    ] Safepoint "ShenandoahFinalUpdateRefs", Time since last: 7938799 ns, Reaching safepoint: 59196 ns, At safepoint: 158856 ns, Total: 218052 ns
[2020-08-24T20:53:53.870+0000][31350][gc,start     ] GC(75) Concurrent cleanup
[2020-08-24T20:53:53.870+0000][31350][gc           ] GC(75) Concurrent cleanup 126M->74M(4096M) 0.112ms
[2020-08-24T20:53:53.870+0000][31350][gc,ergo      ] Free: 3815M (1911 regions), Max regular: 2048K, Max humongous: 3466M, External frag: 10%, Internal frag: 0%
[2020-08-24T20:53:53.870+0000][31350][gc,ergo      ] Evacuation Reserve: 206M (103 regions), Max regular: 2048K
[2020-08-24T20:53:54.870+0000][31350][safepoint    ] Safepoint "Cleanup", Time since last: 1000067322 ns, Reaching safepoint: 119348 ns, At safepoint: 2975 ns, Total: 122323 ns
[2020-08-24T20:53:55.870+0000][31350][safepoint    ] Safepoint "Cleanup", Time since last: 1000102925 ns, Reaching safepoint: 45478 ns, At safepoint: 4312 ns, Total: 49790 ns
[2020-08-24T20:53:56.798+0000][31350][gc           ] Trigger: Allocated since last cycle (409M) is larger than allocation threshold (409M)
[2020-08-24T20:53:56.798+0000][31350][gc,ergo      ] Free: 3459M (1732 regions), Max regular: 2048K, Max humongous: 3452M, External frag: 1%, Internal frag: 0%
[2020-08-24T20:53:56.798+0000][31350][gc,ergo      ] Evacuation Reserve: 206M (103 regions), Max regular: 2048K
[2020-08-24T20:53:56.798+0000][31350][gc,start     ] GC(76) Concurrent reset
[2020-08-24T20:53:56.798+0000][31350][gc,task      ] GC(76) Using 3 of 6 workers for concurrent reset
[2020-08-24T20:53:56.798+0000][31350][gc           ] GC(76) Concurrent reset 430M->430M(4096M) 0.276ms
[2020-08-24T20:53:56.799+0000][31350][gc,start     ] GC(76) Pause Init Mark (unload classes)
[2020-08-24T20:53:56.799+0000][31350][gc,task      ] GC(76) Using 6 of 6 workers for init marking
[2020-08-24T20:53:56.799+0000][31350][gc           ] GC(76) Pause Init Mark (unload classes) 0.465ms
[2020-08-24T20:53:56.799+0000][31350][safepoint    ] Safepoint "ShenandoahInitMark", Time since last: 928572508 ns, Reaching safepoint: 163114 ns, At safepoint: 486425 ns, Total: 649539 ns
[2020-08-24T20:53:56.799+0000][31350][gc,start     ] GC(76) Concurrent marking (unload classes)
[2020-08-24T20:53:56.799+0000][31350][gc,task      ] GC(76) Using 3 of 6 workers for concurrent marking
[2020-08-24T20:53:56.808+0000][31350][gc           ] GC(76) Concurrent marking (unload classes) 430M->444M(4096M) 8.964ms
[2020-08-24T20:53:56.808+0000][31350][gc,start     ] GC(76) Pause Final Mark (unload classes)
[2020-08-24T20:53:56.808+0000][31350][gc,task      ] GC(76) Using 6 of 6 workers for final marking
[2020-08-24T20:53:56.809+0000][31350][gc,ergo      ] GC(76) CSet Selection. Actual Free: 4004M, Max CSet: 3003M
[2020-08-24T20:53:56.809+0000][31350][gc,ergo      ] GC(76) Collectable Garbage: 52342K (12% of total), 2953K CSet, 27 CSet regions
[2020-08-24T20:53:56.809+0000][31350][gc,ergo      ] GC(76) Immediate Garbage: 360M (87% of total), 180 regions
[2020-08-24T20:53:56.809+0000][31350][gc           ] GC(76) Pause Final Mark (unload classes) 0.538ms
[2020-08-24T20:53:56.809+0000][31350][safepoint    ] Safepoint "ShenandoahFinalMarkStartEvac", Time since last: 9078431 ns, Reaching safepoint: 157524 ns, At safepoint: 553760 ns, Total: 711284 ns
[2020-08-24T20:53:56.809+0000][31350][gc,start     ] GC(76) Concurrent roots processing
[2020-08-24T20:53:56.809+0000][31350][gc,task      ] GC(76) Using 3 of 6 workers for concurrent root processing
[2020-08-24T20:53:56.818+0000][31350][gc           ] GC(76) Concurrent roots processing 444M->464M(4096M) 9.529ms
[2020-08-24T20:53:56.818+0000][31350][gc,start     ] GC(76) Concurrent cleanup
[2020-08-24T20:53:56.819+0000][31350][gc           ] GC(76) Concurrent cleanup 464M->104M(4096M) 0.224ms
[2020-08-24T20:53:56.819+0000][31350][gc,ergo      ] GC(76) Free: 3789M (1897 regions), Max regular: 2048K, Max humongous: 3422M, External frag: 10%, Internal frag: 0%
[2020-08-24T20:53:56.819+0000][31350][gc,ergo      ] GC(76) Evacuation Reserve: 202M (101 regions), Max regular: 2048K
[2020-08-24T20:53:56.819+0000][31350][gc,start     ] GC(76) Concurrent evacuation
[2020-08-24T20:53:56.819+0000][31350][gc,task      ] GC(76) Using 3 of 6 workers for concurrent evacuation
[2020-08-24T20:53:56.819+0000][31350][gc           ] GC(76) Concurrent evacuation 104M->104M(4096M) 0.608ms
[2020-08-24T20:53:56.820+0000][31350][gc,start     ] GC(76) Pause Init Update Refs
[2020-08-24T20:53:56.820+0000][31350][gc           ] GC(76) Pause Init Update Refs 0.057ms
[2020-08-24T20:53:56.820+0000][31350][safepoint    ] Safepoint "ShenandoahInitUpdateRefs", Time since last: 10560800 ns, Reaching safepoint: 124898 ns, At safepoint: 72635 ns, Total: 197533 ns
[2020-08-24T20:53:56.820+0000][31350][gc,start     ] GC(76) Concurrent update references
[2020-08-24T20:53:56.820+0000][31350][gc,task      ] GC(76) Using 3 of 6 workers for concurrent reference update
[2020-08-24T20:53:56.826+0000][31350][gc           ] GC(76) Concurrent update references 106M->120M(4096M) 6.179ms
[2020-08-24T20:53:56.826+0000][31350][gc,start     ] GC(76) Pause Final Update Refs
[2020-08-24T20:53:56.826+0000][31350][gc,task      ] GC(76) Using 6 of 6 workers for final reference update
[2020-08-24T20:53:56.826+0000][31350][gc           ] GC(76) Pause Final Update Refs 0.188ms
[2020-08-24T20:53:56.826+0000][31350][safepoint    ] Safepoint "ShenandoahFinalUpdateRefs", Time since last: 6280129 ns, Reaching safepoint: 97003 ns, At safepoint: 203674 ns, Total: 300677 ns
[2020-08-24T20:53:56.826+0000][31350][gc,start     ] GC(76) Concurrent cleanup
[2020-08-24T20:53:56.826+0000][31350][gc           ] GC(76) Concurrent cleanup 120M->66M(4096M) 0.121ms
[2020-08-24T20:53:56.826+0000][31350][gc,ergo      ] Free: 3823M (1915 regions), Max regular: 2048K, Max humongous: 3420M, External frag: 11%, Internal frag: 0%
[2020-08-24T20:53:56.826+0000][31350][gc,ergo      ] Evacuation Reserve: 206M (103 regions), Max regular: 2048K
[2020-08-24T20:53:57.827+0000][31350][safepoint    ] Safepoint "Cleanup", Time since last: 1000066171 ns, Reaching safepoint: 183001 ns, At safepoint: 15182 ns, Total: 198183 ns
[2020-08-24T20:53:58.827+0000][31350][safepoint    ] Safepoint "Cleanup", Time since last: 1000130305 ns, Reaching safepoint: 128520 ns, At safepoint: 3120 ns, Total: 131640 ns
[2020-08-24T20:53:59.827+0000][31350][safepoint    ] Safepoint "Cleanup", Time since last: 1000092985 ns, Reaching safepoint: 153780 ns, At safepoint: 9091 ns, Total: 162871 ns
[2020-08-24T20:53:59.842+0000][31350][gc           ] Trigger: Allocated since last cycle (409M) is larger than allocation threshold (409M)
[2020-08-24T20:53:59.842+0000][31350][gc,ergo      ] Free: 3459M (1733 regions), Max regular: 2048K, Max humongous: 3420M, External frag: 2%, Internal frag: 0%
[2020-08-24T20:53:59.842+0000][31350][gc,ergo      ] Evacuation Reserve: 206M (103 regions), Max regular: 2048K
[2020-08-24T20:53:59.842+0000][31350][gc,start     ] GC(77) Concurrent reset
[2020-08-24T20:53:59.842+0000][31350][gc,task      ] GC(77) Using 3 of 6 workers for concurrent reset
[2020-08-24T20:53:59.843+0000][31350][gc           ] GC(77) Concurrent reset 430M->430M(4096M) 0.166ms
[2020-08-24T20:53:59.843+0000][31350][gc,start     ] GC(77) Pause Init Mark (unload classes)
[2020-08-24T20:53:59.843+0000][31350][gc,task      ] GC(77) Using 6 of 6 workers for init marking
[2020-08-24T20:53:59.843+0000][31350][gc           ] GC(77) Pause Init Mark (unload classes) 0.408ms
[2020-08-24T20:53:59.843+0000][31350][safepoint    ] Safepoint "ShenandoahInitMark", Time since last: 15604666 ns, Reaching safepoint: 63312 ns, At safepoint: 432315 ns, Total: 495627 ns
[2020-08-24T20:53:59.843+0000][31350][gc,start     ] GC(77) Concurrent marking (unload classes)
[2020-08-24T20:53:59.843+0000][31350][gc,task      ] GC(77) Using 3 of 6 workers for concurrent marking
[2020-08-24T20:53:59.852+0000][31350][gc           ] GC(77) Concurrent marking (unload classes) 430M->446M(4096M) 9.108ms
[2020-08-24T20:53:59.852+0000][31350][gc,start     ] GC(77) Pause Final Mark (unload classes)
[2020-08-24T20:53:59.852+0000][31350][gc,task      ] GC(77) Using 6 of 6 workers for final marking
[2020-08-24T20:53:59.853+0000][31350][gc,ergo      ] GC(77) CSet Selection. Actual Free: 4001M, Max CSet: 3001M
[2020-08-24T20:53:59.853+0000][31350][gc,ergo      ] GC(77) Collectable Garbage: 50342K (11% of total), 2905K CSet, 26 CSet regions
[2020-08-24T20:53:59.853+0000][31350][gc,ergo      ] GC(77) Immediate Garbage: 361M (87% of total), 181 regions
[2020-08-24T20:53:59.853+0000][31350][gc           ] GC(77) Pause Final Mark (unload classes) 0.557ms
[2020-08-24T20:53:59.853+0000][31350][safepoint    ] Safepoint "ShenandoahFinalMarkStartEvac", Time since last: 9202613 ns, Reaching safepoint: 124925 ns, At safepoint: 578702 ns, Total: 703627 ns
[2020-08-24T20:53:59.853+0000][31350][gc,start     ] GC(77) Concurrent roots processing
[2020-08-24T20:53:59.853+0000][31350][gc,task      ] GC(77) Using 3 of 6 workers for concurrent root processing
[2020-08-24T20:53:59.861+0000][31350][gc           ] GC(77) Concurrent roots processing 446M->468M(4096M) 7.981ms
[2020-08-24T20:53:59.861+0000][31350][gc,start     ] GC(77) Concurrent cleanup
[2020-08-24T20:53:59.861+0000][31350][gc           ] GC(77) Concurrent cleanup 468M->106M(4096M) 0.172ms
[2020-08-24T20:53:59.861+0000][31350][gc,ergo      ] GC(77) Free: 3787M (1896 regions), Max regular: 2048K, Max humongous: 3416M, External frag: 10%, Internal frag: 0%
[2020-08-24T20:53:59.861+0000][31350][gc,ergo      ] GC(77) Evacuation Reserve: 202M (101 regions), Max regular: 2048K
[2020-08-24T20:53:59.861+0000][31350][gc,start     ] GC(77) Concurrent evacuation
[2020-08-24T20:53:59.861+0000][31350][gc,task      ] GC(77) Using 3 of 6 workers for concurrent evacuation
[2020-08-24T20:53:59.862+0000][31350][gc           ] GC(77) Concurrent evacuation 106M->108M(4096M) 0.525ms
[2020-08-24T20:53:59.862+0000][31350][gc,start     ] GC(77) Pause Init Update Refs
[2020-08-24T20:53:59.862+0000][31350][gc           ] GC(77) Pause Init Update Refs 0.033ms
[2020-08-24T20:53:59.862+0000][31350][safepoint    ] Safepoint "ShenandoahInitUpdateRefs", Time since last: 8855995 ns, Reaching safepoint: 106599 ns, At safepoint: 47270 ns, Total: 153869 ns
[2020-08-24T20:53:59.862+0000][31350][gc,start     ] GC(77) Concurrent update references
[2020-08-24T20:53:59.862+0000][31350][gc,task      ] GC(77) Using 3 of 6 workers for concurrent reference update
[2020-08-24T20:53:59.868+0000][31350][gc           ] GC(77) Concurrent update references 108M->124M(4096M) 5.967ms
[2020-08-24T20:53:59.868+0000][31350][gc,start     ] GC(77) Pause Final Update Refs
[2020-08-24T20:53:59.868+0000][31350][gc,task      ] GC(77) Using 6 of 6 workers for final reference update
[2020-08-24T20:53:59.868+0000][31350][gc           ] GC(77) Pause Final Update Refs 0.179ms
[2020-08-24T20:53:59.868+0000][31350][safepoint    ] Safepoint "ShenandoahFinalUpdateRefs", Time since last: 6025736 ns, Reaching safepoint: 167701 ns, At safepoint: 196706 ns, Total: 364407 ns
[2020-08-24T20:53:59.869+0000][31350][gc,start     ] GC(77) Concurrent cleanup
[2020-08-24T20:53:59.869+0000][31350][gc           ] GC(77) Concurrent cleanup 124M->72M(4096M) 0.110ms
[2020-08-24T20:53:59.869+0000][31350][gc,ergo      ] Free: 3817M (1912 regions), Max regular: 2048K, Max humongous: 3414M, External frag: 11%, Internal frag: 0%
[2020-08-24T20:53:59.869+0000][31350][gc,ergo      ] Evacuation Reserve: 206M (103 regions), Max regular: 2048K
[2020-08-24T20:54:00.869+0000][31350][safepoint    ] Safepoint "Cleanup", Time since last: 1000108336 ns, Reaching safepoint: 338117 ns, At safepoint: 34047 ns, Total: 372164 ns
[2020-08-24T20:54:01.869+0000][31350][safepoint    ] Safepoint "Cleanup", Time since last: 1000167701 ns, Reaching safepoint: 146391 ns, At safepoint: 3802 ns, Total: 150193 ns
[2020-08-24T20:54:02.819+0000][31350][gc           ] Trigger: Allocated since last cycle (409M) is larger than allocation threshold (409M)
[2020-08-24T20:54:02.819+0000][31350][gc,ergo      ] Free: 3459M (1733 regions), Max regular: 2048K, Max humongous: 3414M, External frag: 2%, Internal frag: 0%
[2020-08-24T20:54:02.819+0000][31350][gc,ergo      ] Evacuation Reserve: 206M (103 regions), Max regular: 2048K
[2020-08-24T20:54:02.819+0000][31350][gc,start     ] GC(78) Concurrent reset
[2020-08-24T20:54:02.819+0000][31350][gc,task      ] GC(78) Using 3 of 6 workers for concurrent reset
[2020-08-24T20:54:02.820+0000][31350][gc           ] GC(78) Concurrent reset 430M->430M(4096M) 0.399ms
[2020-08-24T20:54:02.820+0000][31350][gc,start     ] GC(78) Pause Init Mark (unload classes)
[2020-08-24T20:54:02.820+0000][31350][gc,task      ] GC(78) Using 6 of 6 workers for init marking
[2020-08-24T20:54:02.821+0000][31350][gc           ] GC(78) Pause Init Mark (unload classes) 0.877ms
[2020-08-24T20:54:02.821+0000][31350][safepoint    ] Safepoint "ShenandoahInitMark", Time since last: 950629511 ns, Reaching safepoint: 190013 ns, At safepoint: 959107 ns, Total: 1149120 ns
[2020-08-24T20:54:02.821+0000][31350][gc,start     ] GC(78) Concurrent marking (unload classes)
[2020-08-24T20:54:02.821+0000][31350][gc,task      ] GC(78) Using 3 of 6 workers for concurrent marking
[2020-08-24T20:54:02.834+0000][31350][gc           ] GC(78) Concurrent marking (unload classes) 430M->448M(4096M) 12.602ms
[2020-08-24T20:54:02.834+0000][31350][gc,start     ] GC(78) Pause Final Mark (unload classes)
[2020-08-24T20:54:02.834+0000][31350][gc,task      ] GC(78) Using 6 of 6 workers for final marking
[2020-08-24T20:54:02.834+0000][31350][gc,ergo      ] GC(78) CSet Selection. Actual Free: 3991M, Max CSet: 2993M
[2020-08-24T20:54:02.834+0000][31350][gc,ergo      ] GC(78) Collectable Garbage: 56510K (13% of total), 2881K CSet, 29 CSet regions
[2020-08-24T20:54:02.834+0000][31350][gc,ergo      ] GC(78) Immediate Garbage: 355M (86% of total), 178 regions
[2020-08-24T20:54:02.835+0000][31350][gc           ] GC(78) Pause Final Mark (unload classes) 0.797ms
[2020-08-24T20:54:02.835+0000][31350][safepoint    ] Safepoint "ShenandoahFinalMarkStartEvac", Time since last: 12770461 ns, Reaching safepoint: 123278 ns, At safepoint: 824833 ns, Total: 948111 ns
[2020-08-24T20:54:02.835+0000][31350][gc,start     ] GC(78) Concurrent roots processing
[2020-08-24T20:54:02.835+0000][31350][gc,task      ] GC(78) Using 3 of 6 workers for concurrent root processing
[2020-08-24T20:54:02.845+0000][31350][gc           ] GC(78) Concurrent roots processing 448M->470M(4096M) 9.927ms
[2020-08-24T20:54:02.845+0000][31350][gc,start     ] GC(78) Concurrent cleanup
[2020-08-24T20:54:02.845+0000][31350][gc           ] GC(78) Concurrent cleanup 470M->114M(4096M) 0.198ms
[2020-08-24T20:54:02.845+0000][31350][gc,ergo      ] GC(78) Free: 3779M (1891 regions), Max regular: 2048K, Max humongous: 3410M, External frag: 10%, Internal frag: 0%
[2020-08-24T20:54:02.845+0000][31350][gc,ergo      ] GC(78) Evacuation Reserve: 201M (101 regions), Max regular: 2048K
[2020-08-24T20:54:02.845+0000][31350][gc,start     ] GC(78) Concurrent evacuation
[2020-08-24T20:54:02.845+0000][31350][gc,task      ] GC(78) Using 3 of 6 workers for concurrent evacuation
[2020-08-24T20:54:02.846+0000][31350][gc           ] GC(78) Concurrent evacuation 114M->114M(4096M) 0.518ms
[2020-08-24T20:54:02.846+0000][31350][gc,start     ] GC(78) Pause Init Update Refs
[2020-08-24T20:54:02.846+0000][31350][gc           ] GC(78) Pause Init Update Refs 0.043ms
[2020-08-24T20:54:02.846+0000][31350][safepoint    ] Safepoint "ShenandoahInitUpdateRefs", Time since last: 10883373 ns, Reaching safepoint: 151320 ns, At safepoint: 62437 ns, Total: 213757 ns
[2020-08-24T20:54:02.846+0000][31350][gc,start     ] GC(78) Concurrent update references
[2020-08-24T20:54:02.846+0000][31350][gc,task      ] GC(78) Using 3 of 6 workers for concurrent reference update
[2020-08-24T20:54:02.851+0000][31350][gc           ] GC(78) Concurrent update references 118M->134M(4096M) 5.110ms
[2020-08-24T20:54:02.851+0000][31350][gc,start     ] GC(78) Pause Final Update Refs
[2020-08-24T20:54:02.851+0000][31350][gc,task      ] GC(78) Using 6 of 6 workers for final reference update
[2020-08-24T20:54:02.851+0000][31350][gc           ] GC(78) Pause Final Update Refs 0.152ms
[2020-08-24T20:54:02.851+0000][31350][safepoint    ] Safepoint "ShenandoahFinalUpdateRefs", Time since last: 5250911 ns, Reaching safepoint: 151155 ns, At safepoint: 167900 ns, Total: 319055 ns
[2020-08-24T20:54:02.851+0000][31350][gc,start     ] GC(78) Concurrent cleanup
[2020-08-24T20:54:02.852+0000][31350][gc           ] GC(78) Concurrent cleanup 134M->76M(4096M) 0.156ms
[2020-08-24T20:54:02.852+0000][31350][gc,ergo      ] Free: 3813M (1909 regions), Max regular: 2048K, Max humongous: 3408M, External frag: 11%, Internal frag: 0%
[2020-08-24T20:54:02.852+0000][31350][gc,ergo      ] Evacuation Reserve: 206M (103 regions), Max regular: 2048K
[2020-08-24T20:54:03.852+0000][31350][safepoint    ] Safepoint "Cleanup", Time since last: 1000063865 ns, Reaching safepoint: 54833 ns, At safepoint: 3499 ns, Total: 58332 ns
[2020-08-24T20:54:04.852+0000][31350][safepoint    ] Safepoint "Cleanup", Time since last: 1000075755 ns, Reaching safepoint: 110586 ns, At safepoint: 2979 ns, Total: 113565 ns
[2020-08-24T20:54:05.793+0000][31350][gc           ] Trigger: Allocated since last cycle (410M) is larger than allocation threshold (409M)
[2020-08-24T20:54:05.793+0000][31350][gc,ergo      ] Free: 3459M (1732 regions), Max regular: 2048K, Max humongous: 3408M, External frag: 2%, Internal frag: 0%
[2020-08-24T20:54:05.793+0000][31350][gc,ergo      ] Evacuation Reserve: 206M (103 regions), Max regular: 2048K
[2020-08-24T20:54:05.793+0000][31350][gc,start     ] GC(79) Concurrent reset
[2020-08-24T20:54:05.793+0000][31350][gc,task      ] GC(79) Using 3 of 6 workers for concurrent reset
[2020-08-24T20:54:05.793+0000][31350][gc           ] GC(79) Concurrent reset 430M->430M(4096M) 0.141ms
[2020-08-24T20:54:05.793+0000][31350][gc,start     ] GC(79) Pause Init Mark (unload classes)
[2020-08-24T20:54:05.793+0000][31350][gc,task      ] GC(79) Using 6 of 6 workers for init marking
[2020-08-24T20:54:05.794+0000][31350][gc           ] GC(79) Pause Init Mark (unload classes) 0.431ms
[2020-08-24T20:54:05.794+0000][31350][safepoint    ] Safepoint "ShenandoahInitMark", Time since last: 941333607 ns, Reaching safepoint: 120598 ns, At safepoint: 447472 ns, Total: 568070 ns
[2020-08-24T20:54:05.794+0000][31350][gc,start     ] GC(79) Concurrent marking (unload classes)
[2020-08-24T20:54:05.794+0000][31350][gc,task      ] GC(79) Using 3 of 6 workers for concurrent marking
[2020-08-24T20:54:05.801+0000][31350][gc           ] GC(79) Concurrent marking (unload classes) 430M->448M(4096M) 7.607ms
[2020-08-24T20:54:05.801+0000][31350][gc,start     ] GC(79) Pause Final Mark (unload classes)
[2020-08-24T20:54:05.801+0000][31350][gc,task      ] GC(79) Using 6 of 6 workers for final marking
[2020-08-24T20:54:05.802+0000][31350][gc,ergo      ] GC(79) CSet Selection. Actual Free: 4004M, Max CSet: 3003M
[2020-08-24T20:54:05.802+0000][31350][gc,ergo      ] GC(79) Collectable Garbage: 42228K (9% of total), 2827K CSet, 22 CSet regions
[2020-08-24T20:54:05.802+0000][31350][gc,ergo      ] GC(79) Immediate Garbage: 370M (89% of total), 185 regions
[2020-08-24T20:54:05.802+0000][31350][gc           ] GC(79) Pause Final Mark (unload classes) 0.481ms
[2020-08-24T20:54:05.802+0000][31350][safepoint    ] Safepoint "ShenandoahFinalMarkStartEvac", Time since last: 7654081 ns, Reaching safepoint: 152778 ns, At safepoint: 497321 ns, Total: 650099 ns
[2020-08-24T20:54:05.802+0000][31350][gc,start     ] GC(79) Concurrent roots processing
[2020-08-24T20:54:05.802+0000][31350][gc,task      ] GC(79) Using 3 of 6 workers for concurrent root processing
[2020-08-24T20:54:05.809+0000][31350][gc           ] GC(79) Concurrent roots processing 448M->470M(4096M) 7.055ms
[2020-08-24T20:54:05.809+0000][31350][gc,start     ] GC(79) Concurrent cleanup
[2020-08-24T20:54:05.809+0000][31350][gc           ] GC(79) Concurrent cleanup 470M->100M(4096M) 0.229ms
[2020-08-24T20:54:05.809+0000][31350][gc,ergo      ] GC(79) Free: 3793M (1899 regions), Max regular: 2048K, Max humongous: 3408M, External frag: 11%, Internal frag: 0%
[2020-08-24T20:54:05.809+0000][31350][gc,ergo      ] GC(79) Evacuation Reserve: 202M (101 regions), Max regular: 2048K
[2020-08-24T20:54:05.809+0000][31350][gc,start     ] GC(79) Concurrent evacuation
[2020-08-24T20:54:05.809+0000][31350][gc,task      ] GC(79) Using 3 of 6 workers for concurrent evacuation
[2020-08-24T20:54:05.810+0000][31350][gc           ] GC(79) Concurrent evacuation 100M->100M(4096M) 0.386ms
[2020-08-24T20:54:05.810+0000][31350][gc,start     ] GC(79) Pause Init Update Refs
[2020-08-24T20:54:05.810+0000][31350][gc           ] GC(79) Pause Init Update Refs 0.038ms
[2020-08-24T20:54:05.810+0000][31350][safepoint    ] Safepoint "ShenandoahInitUpdateRefs", Time since last: 7798926 ns, Reaching safepoint: 113879 ns, At safepoint: 51224 ns, Total: 165103 ns
[2020-08-24T20:54:05.810+0000][31350][gc,start     ] GC(79) Concurrent update references
[2020-08-24T20:54:05.810+0000][31350][gc,task      ] GC(79) Using 3 of 6 workers for concurrent reference update
[2020-08-24T20:54:05.814+0000][31350][gc           ] GC(79) Concurrent update references 102M->114M(4096M) 4.469ms
[2020-08-24T20:54:05.815+0000][31350][gc,start     ] GC(79) Pause Final Update Refs
[2020-08-24T20:54:05.815+0000][31350][gc,task      ] GC(79) Using 6 of 6 workers for final reference update
[2020-08-24T20:54:05.815+0000][31350][gc           ] GC(79) Pause Final Update Refs 0.108ms
[2020-08-24T20:54:05.815+0000][31350][safepoint    ] Safepoint "ShenandoahFinalUpdateRefs", Time since last: 4545386 ns, Reaching safepoint: 75023 ns, At safepoint: 123420 ns, Total: 198443 ns
[2020-08-24T20:54:05.815+0000][31350][gc,start     ] GC(79) Concurrent cleanup
[2020-08-24T20:54:05.815+0000][31350][gc           ] GC(79) Concurrent cleanup 114M->70M(4096M) 0.105ms
[2020-08-24T20:54:05.815+0000][31350][gc,ergo      ] Free: 3819M (1912 regions), Max regular: 2048K, Max humongous: 3410M, External frag: 11%, Internal frag: 0%
[2020-08-24T20:54:05.815+0000][31350][gc,ergo      ] Evacuation Reserve: 206M (103 regions), Max regular: 2048K
[2020-08-24T20:54:06.815+0000][31350][safepoint    ] Safepoint "Cleanup", Time since last: 1000069852 ns, Reaching safepoint: 161155 ns, At safepoint: 5625 ns, Total: 166780 ns
[2020-08-24T20:54:07.815+0000][31350][safepoint    ] Safepoint "Cleanup", Time since last: 1000106504 ns, Reaching safepoint: 280917 ns, At safepoint: 22678 ns, Total: 303595 ns
[2020-08-24T20:54:08.816+0000][31350][safepoint    ] Safepoint "Cleanup", Time since last: 1000207454 ns, Reaching safepoint: 342525 ns, At safepoint: 27108 ns, Total: 369633 ns
[2020-08-24T20:54:08.823+0000][31350][gc           ] Trigger: Allocated since last cycle (409M) is larger than allocation threshold (409M)
[2020-08-24T20:54:08.823+0000][31350][gc,ergo      ] Free: 3459M (1733 regions), Max regular: 2048K, Max humongous: 3410M, External frag: 2%, Internal frag: 0%
[2020-08-24T20:54:08.823+0000][31350][gc,ergo      ] Evacuation Reserve: 206M (103 regions), Max regular: 2048K
[2020-08-24T20:54:08.823+0000][31350][gc,start     ] GC(80) Concurrent reset
[2020-08-24T20:54:08.823+0000][31350][gc,task      ] GC(80) Using 3 of 6 workers for concurrent reset
[2020-08-24T20:54:08.823+0000][31350][gc           ] GC(80) Concurrent reset 430M->430M(4096M) 0.532ms
[2020-08-24T20:54:08.824+0000][31350][gc,start     ] GC(80) Pause Init Mark (process weakrefs) (unload classes)
[2020-08-24T20:54:08.824+0000][31350][gc,task      ] GC(80) Using 6 of 6 workers for init marking
[2020-08-24T20:54:08.825+0000][31350][gc           ] GC(80) Pause Init Mark (process weakrefs) (unload classes) 1.133ms
[2020-08-24T20:54:08.825+0000][31350][safepoint    ] Safepoint "ShenandoahInitMark", Time since last: 7631780 ns, Reaching safepoint: 220343 ns, At safepoint: 1225578 ns, Total: 1445921 ns
[2020-08-24T20:54:08.825+0000][31350][gc,start     ] GC(80) Concurrent marking (process weakrefs) (unload classes)
[2020-08-24T20:54:08.825+0000][31350][gc,task      ] GC(80) Using 3 of 6 workers for concurrent marking
[2020-08-24T20:54:08.849+0000][31350][gc           ] GC(80) Concurrent marking (process weakrefs) (unload classes) 430M->450M(4096M) 24.076ms
[2020-08-24T20:54:08.849+0000][31350][gc,start     ] GC(80) Concurrent precleaning
[2020-08-24T20:54:08.849+0000][31350][gc,task      ] GC(80) Using 1 of 6 workers for concurrent preclean
[2020-08-24T20:54:08.850+0000][31350][gc           ] GC(80) Concurrent precleaning 450M->450M(4096M) 0.758ms
[2020-08-24T20:54:08.850+0000][31350][gc,start     ] GC(80) Pause Final Mark (process weakrefs) (unload classes)
[2020-08-24T20:54:08.850+0000][31350][gc,task      ] GC(80) Using 6 of 6 workers for final marking
[2020-08-24T20:54:08.851+0000][31350][gc,ergo      ] GC(80) CSet Selection. Actual Free: 4001M, Max CSet: 3001M
[2020-08-24T20:54:08.852+0000][31350][gc,ergo      ] GC(80) Collectable Garbage: 40196K (9% of total), 2811K CSet, 21 CSet regions
[2020-08-24T20:54:08.852+0000][31350][gc,ergo      ] GC(80) Immediate Garbage: 371M (90% of total), 186 regions
[2020-08-24T20:54:08.852+0000][31350][gc           ] GC(80) Pause Final Mark (process weakrefs) (unload classes) 1.746ms
[2020-08-24T20:54:08.852+0000][31350][safepoint    ] Safepoint "ShenandoahFinalMarkStartEvac", Time since last: 25111122 ns, Reaching safepoint: 270527 ns, At safepoint: 1793296 ns, Total: 2063823 ns
[2020-08-24T20:54:08.852+0000][31350][gc,start     ] GC(80) Concurrent roots processing
[2020-08-24T20:54:08.852+0000][31350][gc,task      ] GC(80) Using 3 of 6 workers for concurrent root processing
[2020-08-24T20:54:08.864+0000][31350][gc           ] GC(80) Concurrent roots processing 451M->472M(4096M) 11.674ms
[2020-08-24T20:54:08.864+0000][31350][gc,start     ] GC(80) Concurrent cleanup
[2020-08-24T20:54:08.864+0000][31350][gc           ] GC(80) Concurrent cleanup 472M->100M(4096M) 0.257ms
[2020-08-24T20:54:08.864+0000][31350][gc,ergo      ] GC(80) Free: 3793M (1899 regions), Max regular: 2048K, Max humongous: 3406M, External frag: 11%, Internal frag: 0%
[2020-08-24T20:54:08.864+0000][31350][gc,ergo      ] GC(80) Evacuation Reserve: 202M (101 regions), Max regular: 2048K
[2020-08-24T20:54:08.864+0000][31350][gc,start     ] GC(80) Concurrent evacuation
[2020-08-24T20:54:08.864+0000][31350][gc,task      ] GC(80) Using 3 of 6 workers for concurrent evacuation
[2020-08-24T20:54:08.865+0000][31350][gc           ] GC(80) Concurrent evacuation 100M->101M(4096M) 0.555ms
[2020-08-24T20:54:08.865+0000][31350][gc,start     ] GC(80) Pause Init Update Refs
[2020-08-24T20:54:08.865+0000][31350][gc           ] GC(80) Pause Init Update Refs 0.075ms
[2020-08-24T20:54:08.865+0000][31350][safepoint    ] Safepoint "ShenandoahInitUpdateRefs", Time since last: 12750324 ns, Reaching safepoint: 159999 ns, At safepoint: 108426 ns, Total: 268425 ns
[2020-08-24T20:54:08.865+0000][31350][gc,start     ] GC(80) Concurrent update references
[2020-08-24T20:54:08.865+0000][31350][gc,task      ] GC(80) Using 3 of 6 workers for concurrent reference update
[2020-08-24T20:54:08.872+0000][31350][gc           ] GC(80) Concurrent update references 103M->117M(4096M) 6.557ms
[2020-08-24T20:54:08.872+0000][31350][gc,start     ] GC(80) Pause Final Update Refs
[2020-08-24T20:54:08.872+0000][31350][gc,task      ] GC(80) Using 6 of 6 workers for final reference update
[2020-08-24T20:54:08.872+0000][31350][gc           ] GC(80) Pause Final Update Refs 0.123ms
[2020-08-24T20:54:08.872+0000][31350][safepoint    ] Safepoint "ShenandoahFinalUpdateRefs", Time since last: 6683990 ns, Reaching safepoint: 148144 ns, At safepoint: 144329 ns, Total: 292473 ns
[2020-08-24T20:54:08.872+0000][31350][gc,start     ] GC(80) Concurrent cleanup
[2020-08-24T20:54:08.872+0000][31350][gc           ] GC(80) Concurrent cleanup 117M->75M(4096M) 0.126ms
[2020-08-24T20:54:08.872+0000][31350][gc,ergo      ] Free: 3814M (1910 regions), Max regular: 2048K, Max humongous: 3404M, External frag: 11%, Internal frag: 0%
[2020-08-24T20:54:08.872+0000][31350][gc,ergo      ] Evacuation Reserve: 206M (103 regions), Max regular: 2048K
[2020-08-24T20:54:09.872+0000][31350][safepoint    ] Safepoint "Cleanup", Time since last: 1000068119 ns, Reaching safepoint: 119377 ns, At safepoint: 3895 ns, Total: 123272 ns
[2020-08-24T20:54:10.872+0000][31350][safepoint    ] Safepoint "Cleanup", Time since last: 1000078706 ns, Reaching safepoint: 48962 ns, At safepoint: 3125 ns, Total: 52087 ns
[2020-08-24T20:54:10.925+0000][31350][gc           ] Trigger: Allocated since last cycle (409M) is larger than allocation threshold (409M)
[2020-08-24T20:54:10.925+0000][31350][gc,ergo      ] Free: 3458M (1733 regions), Max regular: 2048K, Max humongous: 3404M, External frag: 2%, Internal frag: 0%
[2020-08-24T20:54:10.925+0000][31350][gc,ergo      ] Evacuation Reserve: 206M (103 regions), Max regular: 2048K
[2020-08-24T20:54:10.925+0000][31350][gc,start     ] GC(81) Concurrent reset
[2020-08-24T20:54:10.925+0000][31350][gc,task      ] GC(81) Using 3 of 6 workers for concurrent reset
[2020-08-24T20:54:10.925+0000][31350][gc           ] GC(81) Concurrent reset 431M->431M(4096M) 0.106ms
[2020-08-24T20:54:10.926+0000][31350][gc,start     ] GC(81) Pause Init Mark (unload classes)
[2020-08-24T20:54:10.926+0000][31350][gc,task      ] GC(81) Using 6 of 6 workers for init marking
[2020-08-24T20:54:10.926+0000][31350][gc           ] GC(81) Pause Init Mark (unload classes) 0.296ms
[2020-08-24T20:54:10.926+0000][31350][safepoint    ] Safepoint "ShenandoahInitMark", Time since last: 53001165 ns, Reaching safepoint: 109088 ns, At safepoint: 308892 ns, Total: 417980 ns
[2020-08-24T20:54:10.926+0000][31350][gc,start     ] GC(81) Concurrent marking (unload classes)
[2020-08-24T20:54:10.926+0000][31350][gc,task      ] GC(81) Using 3 of 6 workers for concurrent marking
[2020-08-24T20:54:10.932+0000][31350][gc           ] GC(81) Concurrent marking (unload classes) 431M->445M(4096M) 6.575ms
[2020-08-24T20:54:10.933+0000][31350][gc,start     ] GC(81) Pause Final Mark (unload classes)
[2020-08-24T20:54:10.933+0000][31350][gc,task      ] GC(81) Using 6 of 6 workers for final marking
[2020-08-24T20:54:10.933+0000][31350][gc,ergo      ] GC(81) CSet Selection. Actual Free: 3994M, Max CSet: 2995M
[2020-08-24T20:54:10.933+0000][31350][gc,ergo      ] GC(81) Collectable Garbage: 52470K (12% of total), 2808K CSet, 27 CSet regions
[2020-08-24T20:54:10.933+0000][31350][gc,ergo      ] GC(81) Immediate Garbage: 360M (87% of total), 180 regions
[2020-08-24T20:54:10.933+0000][31350][gc           ] GC(81) Pause Final Mark (unload classes) 0.593ms
[2020-08-24T20:54:10.933+0000][31350][safepoint    ] Safepoint "ShenandoahFinalMarkStartEvac", Time since last: 6658877 ns, Reaching safepoint: 93614 ns, At safepoint: 605822 ns, Total: 699436 ns
[2020-08-24T20:54:10.933+0000][31350][gc,start     ] GC(81) Concurrent roots processing
[2020-08-24T20:54:10.933+0000][31350][gc,task      ] GC(81) Using 3 of 6 workers for concurrent root processing
[2020-08-24T20:54:10.940+0000][31350][gc           ] GC(81) Concurrent roots processing 445M->450M(4096M) 7.228ms
[2020-08-24T20:54:10.941+0000][31350][gc,start     ] GC(81) Concurrent cleanup
[2020-08-24T20:54:10.941+0000][31350][gc           ] GC(81) Concurrent cleanup 450M->90M(4096M) 0.129ms
[2020-08-24T20:54:10.941+0000][31350][gc,ergo      ] GC(81) Free: 3802M (1903 regions), Max regular: 2048K, Max humongous: 3402M, External frag: 11%, Internal frag: 0%
[2020-08-24T20:54:10.941+0000][31350][gc,ergo      ] GC(81) Evacuation Reserve: 202M (102 regions), Max regular: 2048K
[2020-08-24T20:54:10.941+0000][31350][gc,start     ] GC(81) Concurrent evacuation
[2020-08-24T20:54:10.941+0000][31350][gc,task      ] GC(81) Using 3 of 6 workers for concurrent evacuation
[2020-08-24T20:54:10.941+0000][31350][gc           ] GC(81) Concurrent evacuation 90M->91M(4096M) 0.521ms
[2020-08-24T20:54:10.941+0000][31350][gc,start     ] GC(81) Pause Init Update Refs
[2020-08-24T20:54:10.941+0000][31350][gc           ] GC(81) Pause Init Update Refs 0.026ms
[2020-08-24T20:54:10.941+0000][31350][safepoint    ] Safepoint "ShenandoahInitUpdateRefs", Time since last: 8027687 ns, Reaching safepoint: 62463 ns, At safepoint: 37019 ns, Total: 99482 ns
[2020-08-24T20:54:10.941+0000][31350][gc,start     ] GC(81) Concurrent update references
[2020-08-24T20:54:10.941+0000][31350][gc,task      ] GC(81) Using 3 of 6 workers for concurrent reference update
[2020-08-24T20:54:10.945+0000][31350][gc           ] GC(81) Concurrent update references 91M->93M(4096M) 3.592ms
[2020-08-24T20:54:10.945+0000][31350][gc,start     ] GC(81) Pause Final Update Refs
[2020-08-24T20:54:10.945+0000][31350][gc,task      ] GC(81) Using 6 of 6 workers for final reference update
[2020-08-24T20:54:10.945+0000][31350][gc           ] GC(81) Pause Final Update Refs 0.115ms
[2020-08-24T20:54:10.945+0000][31350][safepoint    ] Safepoint "ShenandoahFinalUpdateRefs", Time since last: 3688941 ns, Reaching safepoint: 68335 ns, At safepoint: 124952 ns, Total: 193287 ns
[2020-08-24T20:54:10.945+0000][31350][gc,start     ] GC(81) Concurrent cleanup
[2020-08-24T20:54:10.945+0000][31350][gc           ] GC(81) Concurrent cleanup 93M->39M(4096M) 0.132ms
[2020-08-24T20:54:10.945+0000][31350][gc,ergo      ] Free: 3850M (1928 regions), Max regular: 2048K, Max humongous: 3456M, External frag: 11%, Internal frag: 0%
[2020-08-24T20:54:10.945+0000][31350][gc,ergo      ] Evacuation Reserve: 206M (103 regions), Max regular: 2048K
[2020-08-24T20:54:11.946+0000][31350][safepoint    ] Safepoint "Cleanup", Time since last: 1000088886 ns, Reaching safepoint: 280397 ns, At safepoint: 20653 ns, Total: 301050 ns
[2020-08-24T20:54:12.946+0000][31350][safepoint    ] Safepoint "Cleanup", Time since last: 1000130932 ns, Reaching safepoint: 103385 ns, At safepoint: 4215 ns, Total: 107600 ns
[2020-08-24T20:54:13.946+0000][31350][safepoint    ] Safepoint "Cleanup", Time since last: 1000094388 ns, Reaching safepoint: 147766 ns, At safepoint: 5516 ns, Total: 153282 ns
[2020-08-24T20:54:14.871+0000][31350][gc           ] Trigger: Allocated since last cycle (411M) is larger than allocation threshold (409M)
[2020-08-24T20:54:14.871+0000][31350][gc,ergo      ] Free: 3456M (1731 regions), Max regular: 2048K, Max humongous: 3438M, External frag: 1%, Internal frag: 0%
[2020-08-24T20:54:14.871+0000][31350][gc,ergo      ] Evacuation Reserve: 206M (103 regions), Max regular: 2048K
[2020-08-24T20:54:14.871+0000][31350][gc,start     ] GC(82) Concurrent reset
[2020-08-24T20:54:14.871+0000][31350][gc,task      ] GC(82) Using 3 of 6 workers for concurrent reset
[2020-08-24T20:54:14.871+0000][31350][gc           ] GC(82) Concurrent reset 433M->433M(4096M) 0.355ms
[2020-08-24T20:54:14.872+0000][31350][gc,start     ] GC(82) Pause Init Mark (unload classes)
[2020-08-24T20:54:14.872+0000][31350][gc,task      ] GC(82) Using 6 of 6 workers for init marking
[2020-08-24T20:54:14.873+0000][31350][gc           ] GC(82) Pause Init Mark (unload classes) 1.045ms
[2020-08-24T20:54:14.873+0000][31350][safepoint    ] Safepoint "ShenandoahInitMark", Time since last: 925395230 ns, Reaching safepoint: 232858 ns, At safepoint: 1153888 ns, Total: 1386746 ns
[2020-08-24T20:54:14.873+0000][31350][gc,start     ] GC(82) Concurrent marking (unload classes)
[2020-08-24T20:54:14.873+0000][31350][gc,task      ] GC(82) Using 3 of 6 workers for concurrent marking
[2020-08-24T20:54:14.888+0000][31350][gc           ] GC(82) Concurrent marking (unload classes) 435M->451M(4096M) 15.177ms
[2020-08-24T20:54:14.888+0000][31350][gc,start     ] GC(82) Pause Final Mark (unload classes)
[2020-08-24T20:54:14.888+0000][31350][gc,task      ] GC(82) Using 6 of 6 workers for final marking
[2020-08-24T20:54:14.889+0000][31350][gc,ergo      ] GC(82) CSet Selection. Actual Free: 3980M, Max CSet: 2985M
[2020-08-24T20:54:14.889+0000][31350][gc,ergo      ] GC(82) Collectable Garbage: 61140K (14% of total), 2863K CSet, 32 CSet regions
[2020-08-24T20:54:14.889+0000][31350][gc,ergo      ] GC(82) Immediate Garbage: 354M (85% of total), 177 regions
[2020-08-24T20:54:14.889+0000][31350][gc           ] GC(82) Pause Final Mark (unload classes) 1.045ms
[2020-08-24T20:54:14.889+0000][31350][safepoint    ] Safepoint "ShenandoahFinalMarkStartEvac", Time since last: 15322833 ns, Reaching safepoint: 182693 ns, At safepoint: 1095340 ns, Total: 1278033 ns
[2020-08-24T20:54:14.890+0000][31350][gc,start     ] GC(82) Concurrent roots processing
[2020-08-24T20:54:14.890+0000][31350][gc,task      ] GC(82) Using 3 of 6 workers for concurrent root processing
[2020-08-24T20:54:14.905+0000][31350][gc           ] GC(82) Concurrent roots processing 451M->473M(4096M) 15.915ms
[2020-08-24T20:54:14.906+0000][31350][gc,start     ] GC(82) Concurrent cleanup
[2020-08-24T20:54:14.906+0000][31350][gc           ] GC(82) Concurrent cleanup 473M->119M(4096M) 0.541ms
[2020-08-24T20:54:14.906+0000][31350][gc,ergo      ] GC(82) Free: 3772M (1888 regions), Max regular: 2048K, Max humongous: 3400M, External frag: 10%, Internal frag: 0%
[2020-08-24T20:54:14.906+0000][31350][gc,ergo      ] GC(82) Evacuation Reserve: 202M (101 regions), Max regular: 2048K
[2020-08-24T20:54:14.907+0000][31350][gc,start     ] GC(82) Concurrent evacuation
[2020-08-24T20:54:14.907+0000][31350][gc,task      ] GC(82) Using 3 of 6 workers for concurrent evacuation
[2020-08-24T20:54:14.908+0000][31350][gc           ] GC(82) Concurrent evacuation 119M->119M(4096M) 1.029ms
[2020-08-24T20:54:14.908+0000][31350][gc,start     ] GC(82) Pause Init Update Refs
[2020-08-24T20:54:14.908+0000][31350][gc           ] GC(82) Pause Init Update Refs 0.128ms
[2020-08-24T20:54:14.908+0000][31350][safepoint    ] Safepoint "ShenandoahInitUpdateRefs", Time since last: 18128722 ns, Reaching safepoint: 225185 ns, At safepoint: 164275 ns, Total: 389460 ns
[2020-08-24T20:54:14.908+0000][31350][gc,start     ] GC(82) Concurrent update references
[2020-08-24T20:54:14.908+0000][31350][gc,task      ] GC(82) Using 3 of 6 workers for concurrent reference update
[2020-08-24T20:54:14.917+0000][31350][gc           ] GC(82) Concurrent update references 121M->137M(4096M) 9.124ms
[2020-08-24T20:54:14.917+0000][31350][gc,start     ] GC(82) Pause Final Update Refs
[2020-08-24T20:54:14.917+0000][31350][gc,task      ] GC(82) Using 6 of 6 workers for final reference update
[2020-08-24T20:54:14.918+0000][31350][gc           ] GC(82) Pause Final Update Refs 0.245ms
[2020-08-24T20:54:14.918+0000][31350][safepoint    ] Safepoint "ShenandoahFinalUpdateRefs", Time since last: 9228704 ns, Reaching safepoint: 97326 ns, At safepoint: 269667 ns, Total: 366993 ns
[2020-08-24T20:54:14.918+0000][31350][gc,start     ] GC(82) Concurrent cleanup
[2020-08-24T20:54:14.918+0000][31350][gc           ] GC(82) Concurrent cleanup 137M->75M(4096M) 0.184ms
[2020-08-24T20:54:14.918+0000][31350][gc,ergo      ] Free: 3814M (1909 regions), Max regular: 2048K, Max humongous: 3400M, External frag: 11%, Internal frag: 0%
[2020-08-24T20:54:14.918+0000][31350][gc,ergo      ] Evacuation Reserve: 206M (103 regions), Max regular: 2048K
[2020-08-24T20:54:15.918+0000][31350][safepoint    ] Safepoint "Cleanup", Time since last: 1000087195 ns, Reaching safepoint: 220198 ns, At safepoint: 15017 ns, Total: 235215 ns
[2020-08-24T20:54:16.918+0000][31350][safepoint    ] Safepoint "Cleanup", Time since last: 1000135354 ns, Reaching safepoint: 118744 ns, At safepoint: 3673 ns, Total: 122417 ns
[2020-08-24T20:54:16.933+0000][31350][gc           ] Trigger: Allocated since last cycle (410M) is larger than allocation threshold (409M)
[2020-08-24T20:54:16.933+0000][31350][gc,ergo      ] Free: 3458M (1731 regions), Max regular: 2048K, Max humongous: 3400M, External frag: 2%, Internal frag: 0%
[2020-08-24T20:54:16.933+0000][31350][gc,ergo      ] Evacuation Reserve: 206M (103 regions), Max regular: 2048K
[2020-08-24T20:54:16.933+0000][31350][gc,start     ] GC(83) Concurrent reset
[2020-08-24T20:54:16.933+0000][31350][gc,task      ] GC(83) Using 3 of 6 workers for concurrent reset
[2020-08-24T20:54:16.933+0000][31350][gc           ] GC(83) Concurrent reset 431M->431M(4096M) 0.132ms
[2020-08-24T20:54:16.933+0000][31350][gc,start     ] GC(83) Pause Init Mark (unload classes)
[2020-08-24T20:54:16.933+0000][31350][gc,task      ] GC(83) Using 6 of 6 workers for init marking
[2020-08-24T20:54:16.934+0000][31350][gc           ] GC(83) Pause Init Mark (unload classes) 0.351ms
[2020-08-24T20:54:16.934+0000][31350][safepoint    ] Safepoint "ShenandoahInitMark", Time since last: 14938532 ns, Reaching safepoint: 55936 ns, At safepoint: 364948 ns, Total: 420884 ns
[2020-08-24T20:54:16.934+0000][31350][gc,start     ] GC(83) Concurrent marking (unload classes)
[2020-08-24T20:54:16.934+0000][31350][gc,task      ] GC(83) Using 3 of 6 workers for concurrent marking
[2020-08-24T20:54:16.939+0000][31350][gc           ] GC(83) Concurrent marking (unload classes) 431M->431M(4096M) 5.902ms
[2020-08-24T20:54:16.940+0000][31350][gc,start     ] GC(83) Pause Final Mark (unload classes)
[2020-08-24T20:54:16.940+0000][31350][gc,task      ] GC(83) Using 6 of 6 workers for final marking
[2020-08-24T20:54:16.940+0000][31350][gc,ergo      ] GC(83) CSet Selection. Actual Free: 3997M, Max CSet: 2998M
[2020-08-24T20:54:16.940+0000][31350][gc,ergo      ] GC(83) Collectable Garbage: 60714K (14% of total), 2752K CSet, 31 CSet regions
[2020-08-24T20:54:16.940+0000][31350][gc,ergo      ] GC(83) Immediate Garbage: 351M (85% of total), 176 regions
[2020-08-24T20:54:16.940+0000][31350][gc           ] GC(83) Pause Final Mark (unload classes) 0.590ms
[2020-08-24T20:54:16.940+0000][31350][safepoint    ] Safepoint "ShenandoahFinalMarkStartEvac", Time since last: 5950454 ns, Reaching safepoint: 74629 ns, At safepoint: 609023 ns, Total: 683652 ns
[2020-08-24T20:54:16.940+0000][31350][gc,start     ] GC(83) Concurrent roots processing
[2020-08-24T20:54:16.940+0000][31350][gc,task      ] GC(83) Using 3 of 6 workers for concurrent root processing
[2020-08-24T20:54:16.946+0000][31350][gc           ] GC(83) Concurrent roots processing 431M->436M(4096M) 6.099ms
[2020-08-24T20:54:16.946+0000][31350][gc,start     ] GC(83) Concurrent cleanup
[2020-08-24T20:54:16.946+0000][31350][gc           ] GC(83) Concurrent cleanup 436M->84M(4096M) 0.151ms
[2020-08-24T20:54:16.947+0000][31350][gc,ergo      ] GC(83) Free: 3808M (1907 regions), Max regular: 2048K, Max humongous: 3410M, External frag: 11%, Internal frag: 0%
[2020-08-24T20:54:16.947+0000][31350][gc,ergo      ] GC(83) Evacuation Reserve: 202M (102 regions), Max regular: 2048K
[2020-08-24T20:54:16.947+0000][31350][gc,start     ] GC(83) Concurrent evacuation
[2020-08-24T20:54:16.947+0000][31350][gc,task      ] GC(83) Using 3 of 6 workers for concurrent evacuation
[2020-08-24T20:54:16.947+0000][31350][gc           ] GC(83) Concurrent evacuation 84M->84M(4096M) 0.530ms
[2020-08-24T20:54:16.947+0000][31350][gc,start     ] GC(83) Pause Init Update Refs
[2020-08-24T20:54:16.947+0000][31350][gc           ] GC(83) Pause Init Update Refs 0.026ms
[2020-08-24T20:54:16.947+0000][31350][safepoint    ] Safepoint "ShenandoahInitUpdateRefs", Time since last: 6942847 ns, Reaching safepoint: 107120 ns, At safepoint: 37309 ns, Total: 144429 ns
[2020-08-24T20:54:16.947+0000][31350][gc,start     ] GC(83) Concurrent update references
[2020-08-24T20:54:16.947+0000][31350][gc,task      ] GC(83) Using 3 of 6 workers for concurrent reference update
[2020-08-24T20:54:16.951+0000][31350][gc           ] GC(83) Concurrent update references 84M->84M(4096M) 3.392ms
[2020-08-24T20:54:16.951+0000][31350][gc,start     ] GC(83) Pause Final Update Refs
[2020-08-24T20:54:16.951+0000][31350][gc,task      ] GC(83) Using 6 of 6 workers for final reference update
[2020-08-24T20:54:16.951+0000][31350][gc           ] GC(83) Pause Final Update Refs 0.131ms
[2020-08-24T20:54:16.951+0000][31350][safepoint    ] Safepoint "ShenandoahFinalUpdateRefs", Time since last: 3494778 ns, Reaching safepoint: 106375 ns, At safepoint: 144385 ns, Total: 250760 ns
[2020-08-24T20:54:16.951+0000][31350][gc,start     ] GC(83) Concurrent cleanup
[2020-08-24T20:54:16.951+0000][31350][gc           ] GC(83) Concurrent cleanup 84M->22M(4096M) 0.119ms
[2020-08-24T20:54:16.951+0000][31350][gc,ergo      ] Free: 3867M (1937 regions), Max regular: 2048K, Max humongous: 3474M, External frag: 11%, Internal frag: 0%
[2020-08-24T20:54:16.951+0000][31350][gc,ergo      ] Evacuation Reserve: 206M (103 regions), Max regular: 2048K
[2020-08-24T20:54:17.951+0000][31350][safepoint    ] Safepoint "Cleanup", Time since last: 1000086436 ns, Reaching safepoint: 200037 ns, At safepoint: 38818 ns, Total: 238855 ns
[2020-08-24T20:54:18.952+0000][31350][safepoint    ] Safepoint "Cleanup", Time since last: 1000151204 ns, Reaching safepoint: 196143 ns, At safepoint: 25295 ns, Total: 221438 ns
[2020-08-24T20:54:19.952+0000][31350][safepoint    ] Safepoint "Cleanup", Time since last: 1000145086 ns, Reaching safepoint: 149139 ns, At safepoint: 5307 ns, Total: 154446 ns
[2020-08-24T20:54:20.844+0000][31350][gc           ] Trigger: Allocated since last cycle (409M) is larger than allocation threshold (409M)
[2020-08-24T20:54:20.845+0000][31350][gc,ergo      ] Free: 3459M (1733 regions), Max regular: 2048K, Max humongous: 3440M, External frag: 1%, Internal frag: 0%
[2020-08-24T20:54:20.845+0000][31350][gc,ergo      ] Evacuation Reserve: 206M (103 regions), Max regular: 2048K
[2020-08-24T20:54:20.845+0000][31350][gc,start     ] GC(84) Concurrent reset
[2020-08-24T20:54:20.845+0000][31350][gc,task      ] GC(84) Using 3 of 6 workers for concurrent reset
[2020-08-24T20:54:20.845+0000][31350][gc           ] GC(84) Concurrent reset 430M->430M(4096M) 0.137ms
[2020-08-24T20:54:20.845+0000][31350][gc,start     ] GC(84) Pause Init Mark (unload classes)
[2020-08-24T20:54:20.845+0000][31350][gc,task      ] GC(84) Using 6 of 6 workers for init marking
[2020-08-24T20:54:20.845+0000][31350][gc           ] GC(84) Pause Init Mark (unload classes) 0.328ms
[2020-08-24T20:54:20.845+0000][31350][safepoint    ] Safepoint "ShenandoahInitMark", Time since last: 892710227 ns, Reaching safepoint: 123553 ns, At safepoint: 344290 ns, Total: 467843 ns
[2020-08-24T20:54:20.845+0000][31350][gc,start     ] GC(84) Concurrent marking (unload classes)
[2020-08-24T20:54:20.845+0000][31350][gc,task      ] GC(84) Using 3 of 6 workers for concurrent marking
[2020-08-24T20:54:20.852+0000][31350][gc           ] GC(84) Concurrent marking (unload classes) 430M->452M(4096M) 7.022ms
[2020-08-24T20:54:20.852+0000][31350][gc,start     ] GC(84) Pause Final Mark (unload classes)
[2020-08-24T20:54:20.852+0000][31350][gc,task      ] GC(84) Using 6 of 6 workers for final marking
[2020-08-24T20:54:20.853+0000][31350][gc,ergo      ] GC(84) CSet Selection. Actual Free: 3984M, Max CSet: 2988M
[2020-08-24T20:54:20.853+0000][31350][gc,ergo      ] GC(84) Collectable Garbage: 52181K (12% of total), 2791K CSet, 27 CSet regions
[2020-08-24T20:54:20.853+0000][31350][gc,ergo      ] GC(84) Immediate Garbage: 360M (87% of total), 180 regions
[2020-08-24T20:54:20.853+0000][31350][gc           ] GC(84) Pause Final Mark (unload classes) 0.501ms
[2020-08-24T20:54:20.853+0000][31350][safepoint    ] Safepoint "ShenandoahFinalMarkStartEvac", Time since last: 7061231 ns, Reaching safepoint: 111959 ns, At safepoint: 523243 ns, Total: 635202 ns
[2020-08-24T20:54:20.853+0000][31350][gc,start     ] GC(84) Concurrent roots processing
[2020-08-24T20:54:20.853+0000][31350][gc,task      ] GC(84) Using 3 of 6 workers for concurrent root processing
[2020-08-24T20:54:20.860+0000][31350][gc           ] GC(84) Concurrent roots processing 453M->482M(4096M) 7.128ms
[2020-08-24T20:54:20.860+0000][31350][gc,start     ] GC(84) Concurrent cleanup
[2020-08-24T20:54:20.860+0000][31350][gc           ] GC(84) Concurrent cleanup 482M->122M(4096M) 0.156ms
[2020-08-24T20:54:20.860+0000][31350][gc,ergo      ] GC(84) Free: 3770M (1887 regions), Max regular: 2048K, Max humongous: 3390M, External frag: 11%, Internal frag: 0%
[2020-08-24T20:54:20.860+0000][31350][gc,ergo      ] GC(84) Evacuation Reserve: 202M (101 regions), Max regular: 2048K
[2020-08-24T20:54:20.860+0000][31350][gc,start     ] GC(84) Concurrent evacuation
[2020-08-24T20:54:20.860+0000][31350][gc,task      ] GC(84) Using 3 of 6 workers for concurrent evacuation
[2020-08-24T20:54:20.861+0000][31350][gc           ] GC(84) Concurrent evacuation 122M->123M(4096M) 0.375ms
[2020-08-24T20:54:20.861+0000][31350][gc,start     ] GC(84) Pause Init Update Refs
[2020-08-24T20:54:20.861+0000][31350][gc           ] GC(84) Pause Init Update Refs 0.037ms
[2020-08-24T20:54:20.861+0000][31350][safepoint    ] Safepoint "ShenandoahInitUpdateRefs", Time since last: 7780080 ns, Reaching safepoint: 40017 ns, At safepoint: 50705 ns, Total: 90722 ns
[2020-08-24T20:54:20.861+0000][31350][gc,start     ] GC(84) Concurrent update references
[2020-08-24T20:54:20.861+0000][31350][gc,task      ] GC(84) Using 3 of 6 workers for concurrent reference update
[2020-08-24T20:54:20.866+0000][31350][gc           ] GC(84) Concurrent update references 125M->149M(4096M) 4.992ms
[2020-08-24T20:54:20.866+0000][31350][gc,start     ] GC(84) Pause Final Update Refs
[2020-08-24T20:54:20.866+0000][31350][gc,task      ] GC(84) Using 6 of 6 workers for final reference update
[2020-08-24T20:54:20.866+0000][31350][gc           ] GC(84) Pause Final Update Refs 0.101ms
[2020-08-24T20:54:20.866+0000][31350][safepoint    ] Safepoint "ShenandoahFinalUpdateRefs", Time since last: 5032653 ns, Reaching safepoint: 39950 ns, At safepoint: 115281 ns, Total: 155231 ns
[2020-08-24T20:54:20.866+0000][31350][gc,start     ] GC(84) Concurrent cleanup
[2020-08-24T20:54:20.866+0000][31350][gc           ] GC(84) Concurrent cleanup 149M->95M(4096M) 0.111ms
[2020-08-24T20:54:20.866+0000][31350][gc,ergo      ] Free: 3794M (1899 regions), Max regular: 2048K, Max humongous: 3388M, External frag: 11%, Internal frag: 0%
[2020-08-24T20:54:20.866+0000][31350][gc,ergo      ] Evacuation Reserve: 206M (103 regions), Max regular: 2048K
[2020-08-24T20:54:21.866+0000][31350][safepoint    ] Safepoint "Cleanup", Time since last: 1000066219 ns, Reaching safepoint: 132747 ns, At safepoint: 6439 ns, Total: 139186 ns
[2020-08-24T20:54:22.866+0000][31350][safepoint    ] Safepoint "Cleanup", Time since last: 1000178643 ns, Reaching safepoint: 120079 ns, At safepoint: 9917 ns, Total: 129996 ns
[2020-08-24T20:54:23.807+0000][31350][gc           ] Trigger: Allocated since last cycle (410M) is larger than allocation threshold (409M)
[2020-08-24T20:54:23.807+0000][31350][gc,ergo      ] Free: 3458M (1731 regions), Max regular: 2048K, Max humongous: 3388M, External frag: 3%, Internal frag: 0%
[2020-08-24T20:54:23.807+0000][31350][gc,ergo      ] Evacuation Reserve: 206M (103 regions), Max regular: 2048K
[2020-08-24T20:54:23.807+0000][31350][gc,start     ] GC(85) Concurrent reset
[2020-08-24T20:54:23.807+0000][31350][gc,task      ] GC(85) Using 3 of 6 workers for concurrent reset
[2020-08-24T20:54:23.808+0000][31350][gc           ] GC(85) Concurrent reset 431M->431M(4096M) 0.488ms
[2020-08-24T20:54:23.808+0000][31350][gc,start     ] GC(85) Pause Init Mark (process weakrefs) (unload classes)
[2020-08-24T20:54:23.808+0000][31350][gc,task      ] GC(85) Using 6 of 6 workers for init marking
[2020-08-24T20:54:23.809+0000][31350][gc           ] GC(85) Pause Init Mark (process weakrefs) (unload classes) 1.195ms
[2020-08-24T20:54:23.809+0000][31350][safepoint    ] Safepoint "ShenandoahInitMark", Time since last: 941360279 ns, Reaching safepoint: 371328 ns, At safepoint: 1292750 ns, Total: 1664078 ns
[2020-08-24T20:54:23.810+0000][31350][gc,start     ] GC(85) Concurrent marking (process weakrefs) (unload classes)
[2020-08-24T20:54:23.810+0000][31350][gc,task      ] GC(85) Using 3 of 6 workers for concurrent marking
[2020-08-24T20:54:23.835+0000][31350][gc           ] GC(85) Concurrent marking (process weakrefs) (unload classes) 433M->451M(4096M) 24.962ms
[2020-08-24T20:54:23.835+0000][31350][gc,start     ] GC(85) Concurrent precleaning
[2020-08-24T20:54:23.835+0000][31350][gc,task      ] GC(85) Using 1 of 6 workers for concurrent preclean
[2020-08-24T20:54:23.835+0000][31350][gc           ] GC(85) Concurrent precleaning 451M->453M(4096M) 0.673ms
[2020-08-24T20:54:23.836+0000][31350][gc,start     ] GC(85) Pause Final Mark (process weakrefs) (unload classes)
[2020-08-24T20:54:23.836+0000][31350][gc,task      ] GC(85) Using 6 of 6 workers for final marking
[2020-08-24T20:54:23.837+0000][31350][gc,ergo      ] GC(85) CSet Selection. Actual Free: 3979M, Max CSet: 2984M
[2020-08-24T20:54:23.837+0000][31350][gc,ergo      ] GC(85) Collectable Garbage: 54585K (12% of total), 2758K CSet, 28 CSet regions
[2020-08-24T20:54:23.837+0000][31350][gc,ergo      ] GC(85) Immediate Garbage: 357M (86% of total), 179 regions
[2020-08-24T20:54:23.837+0000][31350][gc           ] GC(85) Pause Final Mark (process weakrefs) (unload classes) 1.802ms
[2020-08-24T20:54:23.837+0000][31350][safepoint    ] Safepoint "ShenandoahFinalMarkStartEvac", Time since last: 25942033 ns, Reaching safepoint: 186454 ns, At safepoint: 1872686 ns, Total: 2059140 ns
[2020-08-24T20:54:23.838+0000][31350][gc,start     ] GC(85) Concurrent roots processing
[2020-08-24T20:54:23.838+0000][31350][gc,task      ] GC(85) Using 3 of 6 workers for concurrent root processing
[2020-08-24T20:54:23.852+0000][31350][gc           ] GC(85) Concurrent roots processing 453M->477M(4096M) 13.976ms
[2020-08-24T20:54:23.852+0000][31350][gc,start     ] GC(85) Concurrent cleanup
[2020-08-24T20:54:23.852+0000][31350][gc           ] GC(85) Concurrent cleanup 477M->119M(4096M) 0.208ms
[2020-08-24T20:54:23.852+0000][31350][gc,ergo      ] GC(85) Free: 3774M (1890 regions), Max regular: 2048K, Max humongous: 3408M, External frag: 10%, Internal frag: 0%
[2020-08-24T20:54:23.852+0000][31350][gc,ergo      ] GC(85) Evacuation Reserve: 202M (101 regions), Max regular: 2048K
[2020-08-24T20:54:23.852+0000][31350][gc,start     ] GC(85) Concurrent evacuation
[2020-08-24T20:54:23.852+0000][31350][gc,task      ] GC(85) Using 3 of 6 workers for concurrent evacuation
[2020-08-24T20:54:23.852+0000][31350][gc           ] GC(85) Concurrent evacuation 119M->119M(4096M) 0.612ms
[2020-08-24T20:54:23.853+0000][31350][gc,start     ] GC(85) Pause Init Update Refs
[2020-08-24T20:54:23.853+0000][31350][gc           ] GC(85) Pause Init Update Refs 0.045ms
[2020-08-24T20:54:23.853+0000][31350][safepoint    ] Safepoint "ShenandoahInitUpdateRefs", Time since last: 15078195 ns, Reaching safepoint: 65587 ns, At safepoint: 71583 ns, Total: 137170 ns
[2020-08-24T20:54:23.853+0000][31350][gc,start     ] GC(85) Concurrent update references
[2020-08-24T20:54:23.853+0000][31350][gc,task      ] GC(85) Using 3 of 6 workers for concurrent reference update
[2020-08-24T20:54:23.859+0000][31350][gc           ] GC(85) Concurrent update references 121M->135M(4096M) 6.716ms
[2020-08-24T20:54:23.860+0000][31350][gc,start     ] GC(85) Pause Final Update Refs
[2020-08-24T20:54:23.860+0000][31350][gc,task      ] GC(85) Using 6 of 6 workers for final reference update
[2020-08-24T20:54:23.860+0000][31350][gc           ] GC(85) Pause Final Update Refs 0.177ms
[2020-08-24T20:54:23.860+0000][31350][safepoint    ] Safepoint "ShenandoahFinalUpdateRefs", Time since last: 6827216 ns, Reaching safepoint: 117858 ns, At safepoint: 202278 ns, Total: 320136 ns
[2020-08-24T20:54:23.860+0000][31350][gc,start     ] GC(85) Concurrent cleanup
[2020-08-24T20:54:23.860+0000][31350][gc           ] GC(85) Concurrent cleanup 135M->79M(4096M) 0.126ms
[2020-08-24T20:54:23.860+0000][31350][gc,ergo      ] Free: 3810M (1909 regions), Max regular: 2048K, Max humongous: 3442M, External frag: 10%, Internal frag: 0%
[2020-08-24T20:54:23.860+0000][31350][gc,ergo      ] Evacuation Reserve: 206M (103 regions), Max regular: 2048K
[2020-08-24T20:54:24.860+0000][31350][safepoint    ] Safepoint "Cleanup", Time since last: 1000093574 ns, Reaching safepoint: 275593 ns, At safepoint: 17500 ns, Total: 293093 ns
[2020-08-24T20:54:25.860+0000][31350][safepoint    ] Safepoint "Cleanup", Time since last: 1000192652 ns, Reaching safepoint: 54426 ns, At safepoint: 4616 ns, Total: 59042 ns
[2020-08-24T20:54:25.953+0000][31350][gc           ] Trigger: Allocated since last cycle (409M) is larger than allocation threshold (409M)
[2020-08-24T20:54:25.953+0000][31350][gc,ergo      ] Free: 3458M (1732 regions), Max regular: 2048K, Max humongous: 3436M, External frag: 1%, Internal frag: 0%
[2020-08-24T20:54:25.953+0000][31350][gc,ergo      ] Evacuation Reserve: 206M (103 regions), Max regular: 2048K
[2020-08-24T20:54:25.953+0000][31350][gc,start     ] GC(86) Concurrent reset
[2020-08-24T20:54:25.953+0000][31350][gc,task      ] GC(86) Using 3 of 6 workers for concurrent reset
[2020-08-24T20:54:25.953+0000][31350][gc           ] GC(86) Concurrent reset 431M->431M(4096M) 0.118ms
[2020-08-24T20:54:25.953+0000][31350][gc,start     ] GC(86) Pause Init Mark (unload classes)
[2020-08-24T20:54:25.953+0000][31350][gc,task      ] GC(86) Using 6 of 6 workers for init marking
[2020-08-24T20:54:25.954+0000][31350][gc           ] GC(86) Pause Init Mark (unload classes) 0.299ms
[2020-08-24T20:54:25.954+0000][31350][safepoint    ] Safepoint "ShenandoahInitMark", Time since last: 92756942 ns, Reaching safepoint: 47553 ns, At safepoint: 314119 ns, Total: 361672 ns
[2020-08-24T20:54:25.954+0000][31350][gc,start     ] GC(86) Concurrent marking (unload classes)
[2020-08-24T20:54:25.954+0000][31350][gc,task      ] GC(86) Using 3 of 6 workers for concurrent marking
[2020-08-24T20:54:25.959+0000][31350][gc           ] GC(86) Concurrent marking (unload classes) 431M->431M(4096M) 5.083ms
[2020-08-24T20:54:25.959+0000][31350][gc,start     ] GC(86) Pause Final Mark (unload classes)
[2020-08-24T20:54:25.959+0000][31350][gc,task      ] GC(86) Using 6 of 6 workers for final marking
[2020-08-24T20:54:25.959+0000][31350][gc,ergo      ] GC(86) CSet Selection. Actual Free: 3996M, Max CSet: 2997M
[2020-08-24T20:54:25.959+0000][31350][gc,ergo      ] GC(86) Collectable Garbage: 58461K (13% of total), 887K CSet, 29 CSet regions
[2020-08-24T20:54:25.959+0000][31350][gc,ergo      ] GC(86) Immediate Garbage: 354M (85% of total), 177 regions
[2020-08-24T20:54:25.959+0000][31350][gc           ] GC(86) Pause Final Mark (unload classes) 0.554ms
[2020-08-24T20:54:25.959+0000][31350][safepoint    ] Safepoint "ShenandoahFinalMarkStartEvac", Time since last: 5156424 ns, Reaching safepoint: 112979 ns, At safepoint: 566306 ns, Total: 679285 ns
[2020-08-24T20:54:25.959+0000][31350][gc,start     ] GC(86) Concurrent roots processing
[2020-08-24T20:54:25.959+0000][31350][gc,task      ] GC(86) Using 3 of 6 workers for concurrent root processing
[2020-08-24T20:54:25.966+0000][31350][gc           ] GC(86) Concurrent roots processing 431M->434M(4096M) 6.837ms
[2020-08-24T20:54:25.966+0000][31350][gc,start     ] GC(86) Concurrent cleanup
[2020-08-24T20:54:25.966+0000][31350][gc           ] GC(86) Concurrent cleanup 434M->80M(4096M) 0.145ms
[2020-08-24T20:54:25.967+0000][31350][gc,ergo      ] GC(86) Free: 3810M (1908 regions), Max regular: 2048K, Max humongous: 3434M, External frag: 10%, Internal frag: 0%
[2020-08-24T20:54:25.967+0000][31350][gc,ergo      ] GC(86) Evacuation Reserve: 204M (103 regions), Max regular: 2048K
[2020-08-24T20:54:25.967+0000][31350][gc,start     ] GC(86) Concurrent evacuation
[2020-08-24T20:54:25.967+0000][31350][gc,task      ] GC(86) Using 3 of 6 workers for concurrent evacuation
[2020-08-24T20:54:25.967+0000][31350][gc           ] GC(86) Concurrent evacuation 80M->80M(4096M) 0.214ms
[2020-08-24T20:54:25.967+0000][31350][gc,start     ] GC(86) Pause Init Update Refs
[2020-08-24T20:54:25.967+0000][31350][gc           ] GC(86) Pause Init Update Refs 0.026ms
[2020-08-24T20:54:25.967+0000][31350][safepoint    ] Safepoint "ShenandoahInitUpdateRefs", Time since last: 7369419 ns, Reaching safepoint: 93748 ns, At safepoint: 37200 ns, Total: 130948 ns
[2020-08-24T20:54:25.967+0000][31350][gc,start     ] GC(86) Concurrent update references
[2020-08-24T20:54:25.967+0000][31350][gc,task      ] GC(86) Using 3 of 6 workers for concurrent reference update
[2020-08-24T20:54:25.971+0000][31350][gc           ] GC(86) Concurrent update references 80M->80M(4096M) 4.279ms
[2020-08-24T20:54:25.971+0000][31350][gc,start     ] GC(86) Pause Final Update Refs
[2020-08-24T20:54:25.971+0000][31350][gc,task      ] GC(86) Using 6 of 6 workers for final reference update
[2020-08-24T20:54:25.972+0000][31350][gc           ] GC(86) Pause Final Update Refs 0.175ms
[2020-08-24T20:54:25.972+0000][31350][safepoint    ] Safepoint "ShenandoahFinalUpdateRefs", Time since last: 4380982 ns, Reaching safepoint: 108597 ns, At safepoint: 191997 ns, Total: 300594 ns
[2020-08-24T20:54:25.972+0000][31350][gc,start     ] GC(86) Concurrent cleanup
[2020-08-24T20:54:25.972+0000][31350][gc           ] GC(86) Concurrent cleanup 80M->22M(4096M) 0.119ms
[2020-08-24T20:54:25.972+0000][31350][gc,ergo      ] Free: 3867M (1937 regions), Max regular: 2048K, Max humongous: 3434M, External frag: 12%, Internal frag: 0%
[2020-08-24T20:54:25.972+0000][31350][gc,ergo      ] Evacuation Reserve: 206M (103 regions), Max regular: 2048K
[2020-08-24T20:54:26.972+0000][31350][safepoint    ] Safepoint "Cleanup", Time since last: 1000068925 ns, Reaching safepoint: 100284 ns, At safepoint: 5641 ns, Total: 105925 ns
[2020-08-24T20:54:27.972+0000][31350][safepoint    ] Safepoint "Cleanup", Time since last: 1000104886 ns, Reaching safepoint: 194048 ns, At safepoint: 17321 ns, Total: 211369 ns
[2020-08-24T20:54:28.972+0000][31350][safepoint    ] Safepoint "Cleanup", Time since last: 1000119402 ns, Reaching safepoint: 165985 ns, At safepoint: 4774 ns, Total: 170759 ns
[2020-08-24T20:54:29.820+0000][31350][gc           ] Trigger: Allocated since last cycle (409M) is larger than allocation threshold (409M)
[2020-08-24T20:54:29.820+0000][31350][gc,ergo      ] Free: 3459M (1734 regions), Max regular: 2048K, Max humongous: 3434M, External frag: 1%, Internal frag: 0%
[2020-08-24T20:54:29.820+0000][31350][gc,ergo      ] Evacuation Reserve: 206M (103 regions), Max regular: 2048K
[2020-08-24T20:54:29.820+0000][31350][gc,start     ] GC(87) Concurrent reset
[2020-08-24T20:54:29.820+0000][31350][gc,task      ] GC(87) Using 3 of 6 workers for concurrent reset
[2020-08-24T20:54:29.820+0000][31350][gc           ] GC(87) Concurrent reset 430M->430M(4096M) 0.126ms
[2020-08-24T20:54:29.820+0000][31350][gc,start     ] GC(87) Pause Init Mark (unload classes)
[2020-08-24T20:54:29.820+0000][31350][gc,task      ] GC(87) Using 6 of 6 workers for init marking
[2020-08-24T20:54:29.820+0000][31350][gc           ] GC(87) Pause Init Mark (unload classes) 0.316ms
[2020-08-24T20:54:29.820+0000][31350][safepoint    ] Safepoint "ShenandoahInitMark", Time since last: 847501577 ns, Reaching safepoint: 121378 ns, At safepoint: 335113 ns, Total: 456491 ns
[2020-08-24T20:54:29.820+0000][31350][gc,start     ] GC(87) Concurrent marking (unload classes)
[2020-08-24T20:54:29.820+0000][31350][gc,task      ] GC(87) Using 3 of 6 workers for concurrent marking
[2020-08-24T20:54:29.828+0000][31350][gc           ] GC(87) Concurrent marking (unload classes) 430M->456M(4096M) 8.105ms
[2020-08-24T20:54:29.829+0000][31350][gc,start     ] GC(87) Pause Final Mark (unload classes)
[2020-08-24T20:54:29.829+0000][31350][gc,task      ] GC(87) Using 6 of 6 workers for final marking
[2020-08-24T20:54:29.829+0000][31350][gc,ergo      ] GC(87) CSet Selection. Actual Free: 3970M, Max CSet: 2977M
[2020-08-24T20:54:29.829+0000][31350][gc,ergo      ] GC(87) Collectable Garbage: 57784K (13% of total), 954K CSet, 29 CSet regions
[2020-08-24T20:54:29.829+0000][31350][gc,ergo      ] GC(87) Immediate Garbage: 354M (85% of total), 177 regions
[2020-08-24T20:54:29.829+0000][31350][gc           ] GC(87) Pause Final Mark (unload classes) 0.487ms
[2020-08-24T20:54:29.829+0000][31350][safepoint    ] Safepoint "ShenandoahFinalMarkStartEvac", Time since last: 8163457 ns, Reaching safepoint: 57143 ns, At safepoint: 506306 ns, Total: 563449 ns
[2020-08-24T20:54:29.829+0000][31350][gc,start     ] GC(87) Concurrent roots processing
[2020-08-24T20:54:29.829+0000][31350][gc,task      ] GC(87) Using 3 of 6 workers for concurrent root processing
[2020-08-24T20:54:29.838+0000][31350][gc           ] GC(87) Concurrent roots processing 458M->480M(4096M) 9.005ms
[2020-08-24T20:54:29.838+0000][31350][gc,start     ] GC(87) Concurrent cleanup
[2020-08-24T20:54:29.838+0000][31350][gc           ] GC(87) Concurrent cleanup 480M->126M(4096M) 0.183ms
[2020-08-24T20:54:29.838+0000][31350][gc,ergo      ] GC(87) Free: 3764M (1884 regions), Max regular: 2048K, Max humongous: 3386M, External frag: 11%, Internal frag: 0%
[2020-08-24T20:54:29.838+0000][31350][gc,ergo      ] GC(87) Evacuation Reserve: 204M (103 regions), Max regular: 2048K
[2020-08-24T20:54:29.838+0000][31350][gc,start     ] GC(87) Concurrent evacuation
[2020-08-24T20:54:29.838+0000][31350][gc,task      ] GC(87) Using 3 of 6 workers for concurrent evacuation
[2020-08-24T20:54:29.839+0000][31350][gc           ] GC(87) Concurrent evacuation 126M->126M(4096M) 0.246ms
[2020-08-24T20:54:29.839+0000][31350][gc,start     ] GC(87) Pause Init Update Refs
[2020-08-24T20:54:29.839+0000][31350][gc           ] GC(87) Pause Init Update Refs 0.040ms
[2020-08-24T20:54:29.839+0000][31350][safepoint    ] Safepoint "ShenandoahInitUpdateRefs", Time since last: 9577464 ns, Reaching safepoint: 54265 ns, At safepoint: 53599 ns, Total: 107864 ns
[2020-08-24T20:54:29.839+0000][31350][gc,start     ] GC(87) Concurrent update references
[2020-08-24T20:54:29.839+0000][31350][gc,task      ] GC(87) Using 3 of 6 workers for concurrent reference update
[2020-08-24T20:54:29.844+0000][31350][gc           ] GC(87) Concurrent update references 126M->152M(4096M) 4.878ms
[2020-08-24T20:54:29.844+0000][31350][gc,start     ] GC(87) Pause Final Update Refs
[2020-08-24T20:54:29.844+0000][31350][gc,task      ] GC(87) Using 6 of 6 workers for final reference update
[2020-08-24T20:54:29.844+0000][31350][gc           ] GC(87) Pause Final Update Refs 0.141ms
[2020-08-24T20:54:29.844+0000][31350][safepoint    ] Safepoint "ShenandoahFinalUpdateRefs", Time since last: 4931312 ns, Reaching safepoint: 59659 ns, At safepoint: 157973 ns, Total: 217632 ns
[2020-08-24T20:54:29.844+0000][31350][gc,start     ] GC(87) Concurrent cleanup
[2020-08-24T20:54:29.844+0000][31350][gc           ] GC(87) Concurrent cleanup 152M->94M(4096M) 0.120ms
[2020-08-24T20:54:29.844+0000][31350][gc,ergo      ] Free: 3795M (1900 regions), Max regular: 2048K, Max humongous: 3386M, External frag: 11%, Internal frag: 0%
[2020-08-24T20:54:29.844+0000][31350][gc,ergo      ] Evacuation Reserve: 206M (103 regions), Max regular: 2048K
[2020-08-24T20:54:30.844+0000][31350][safepoint    ] Safepoint "Cleanup", Time since last: 1000065377 ns, Reaching safepoint: 77050 ns, At safepoint: 4654 ns, Total: 81704 ns
[2020-08-24T20:54:31.844+0000][31350][safepoint    ] Safepoint "Cleanup", Time since last: 1000084549 ns, Reaching safepoint: 114005 ns, At safepoint: 4648 ns, Total: 118653 ns
[2020-08-24T20:54:32.811+0000][31350][gc           ] Trigger: Allocated since last cycle (412M) is larger than allocation threshold (409M)
[2020-08-24T20:54:32.811+0000][31350][gc,ergo      ] Free: 3457M (1732 regions), Max regular: 2048K, Max humongous: 3386M, External frag: 3%, Internal frag: 0%
[2020-08-24T20:54:32.811+0000][31350][gc,ergo      ] Evacuation Reserve: 206M (103 regions), Max regular: 2048K
[2020-08-24T20:54:32.812+0000][31350][gc,start     ] GC(88) Concurrent reset
[2020-08-24T20:54:32.812+0000][31350][gc,task      ] GC(88) Using 3 of 6 workers for concurrent reset
[2020-08-24T20:54:32.812+0000][31350][gc           ] GC(88) Concurrent reset 432M->432M(4096M) 0.131ms
[2020-08-24T20:54:32.812+0000][31350][gc,start     ] GC(88) Pause Init Mark (unload classes)
[2020-08-24T20:54:32.812+0000][31350][gc,task      ] GC(88) Using 6 of 6 workers for init marking
[2020-08-24T20:54:32.812+0000][31350][gc           ] GC(88) Pause Init Mark (unload classes) 0.356ms
[2020-08-24T20:54:32.812+0000][31350][safepoint    ] Safepoint "ShenandoahInitMark", Time since last: 967451614 ns, Reaching safepoint: 94987 ns, At safepoint: 371300 ns, Total: 466287 ns
[2020-08-24T20:54:32.812+0000][31350][gc,start     ] GC(88) Concurrent marking (unload classes)
[2020-08-24T20:54:32.812+0000][31350][gc,task      ] GC(88) Using 3 of 6 workers for concurrent marking
[2020-08-24T20:54:32.818+0000][31350][gc           ] GC(88) Concurrent marking (unload classes) 434M->446M(4096M) 5.657ms
[2020-08-24T20:54:32.818+0000][31350][gc,start     ] GC(88) Pause Final Mark (unload classes)
[2020-08-24T20:54:32.818+0000][31350][gc,task      ] GC(88) Using 6 of 6 workers for final marking
[2020-08-24T20:54:32.818+0000][31350][gc,ergo      ] GC(88) CSet Selection. Actual Free: 3987M, Max CSet: 2990M
[2020-08-24T20:54:32.818+0000][31350][gc,ergo      ] GC(88) Collectable Garbage: 51773K (12% of total), 907K CSet, 26 CSet regions
[2020-08-24T20:54:32.818+0000][31350][gc,ergo      ] GC(88) Immediate Garbage: 361M (87% of total), 181 regions
[2020-08-24T20:54:32.818+0000][31350][gc           ] GC(88) Pause Final Mark (unload classes) 0.435ms
[2020-08-24T20:54:32.818+0000][31350][safepoint    ] Safepoint "ShenandoahFinalMarkStartEvac", Time since last: 5711395 ns, Reaching safepoint: 108303 ns, At safepoint: 453346 ns, Total: 561649 ns
[2020-08-24T20:54:32.818+0000][31350][gc,start     ] GC(88) Concurrent roots processing
[2020-08-24T20:54:32.818+0000][31350][gc,task      ] GC(88) Using 3 of 6 workers for concurrent root processing
[2020-08-24T20:54:32.826+0000][31350][gc           ] GC(88) Concurrent roots processing 446M->466M(4096M) 7.061ms
[2020-08-24T20:54:32.826+0000][31350][gc,start     ] GC(88) Concurrent cleanup
[2020-08-24T20:54:32.826+0000][31350][gc           ] GC(88) Concurrent cleanup 466M->104M(4096M) 0.168ms
[2020-08-24T20:54:32.826+0000][31350][gc,ergo      ] GC(88) Free: 3786M (1896 regions), Max regular: 2048K, Max humongous: 3392M, External frag: 11%, Internal frag: 0%
[2020-08-24T20:54:32.826+0000][31350][gc,ergo      ] GC(88) Evacuation Reserve: 204M (103 regions), Max regular: 2048K
[2020-08-24T20:54:32.826+0000][31350][gc,start     ] GC(88) Concurrent evacuation
[2020-08-24T20:54:32.826+0000][31350][gc,task      ] GC(88) Using 3 of 6 workers for concurrent evacuation
[2020-08-24T20:54:32.826+0000][31350][gc           ] GC(88) Concurrent evacuation 104M->104M(4096M) 0.309ms
[2020-08-24T20:54:32.826+0000][31350][gc,start     ] GC(88) Pause Init Update Refs
[2020-08-24T20:54:32.826+0000][31350][gc           ] GC(88) Pause Init Update Refs 0.041ms
[2020-08-24T20:54:32.826+0000][31350][safepoint    ] Safepoint "ShenandoahInitUpdateRefs", Time since last: 7691920 ns, Reaching safepoint: 112959 ns, At safepoint: 55012 ns, Total: 167971 ns
[2020-08-24T20:54:32.826+0000][31350][gc,start     ] GC(88) Concurrent update references
[2020-08-24T20:54:32.826+0000][31350][gc,task      ] GC(88) Using 3 of 6 workers for concurrent reference update
[2020-08-24T20:54:32.831+0000][31350][gc           ] GC(88) Concurrent update references 106M->120M(4096M) 4.445ms
[2020-08-24T20:54:32.831+0000][31350][gc,start     ] GC(88) Pause Final Update Refs
[2020-08-24T20:54:32.831+0000][31350][gc,task      ] GC(88) Using 6 of 6 workers for final reference update
[2020-08-24T20:54:32.831+0000][31350][gc           ] GC(88) Pause Final Update Refs 0.106ms
[2020-08-24T20:54:32.831+0000][31350][safepoint    ] Safepoint "ShenandoahFinalUpdateRefs", Time since last: 4482658 ns, Reaching safepoint: 107388 ns, At safepoint: 119060 ns, Total: 226448 ns
[2020-08-24T20:54:32.831+0000][31350][gc,start     ] GC(88) Concurrent cleanup
[2020-08-24T20:54:32.831+0000][31350][gc           ] GC(88) Concurrent cleanup 120M->68M(4096M) 0.107ms
[2020-08-24T20:54:32.831+0000][31350][gc,ergo      ] Free: 3821M (1914 regions), Max regular: 2048K, Max humongous: 3450M, External frag: 10%, Internal frag: 0%
[2020-08-24T20:54:32.831+0000][31350][gc,ergo      ] Evacuation Reserve: 206M (103 regions), Max regular: 2048K
[2020-08-24T20:54:33.831+0000][31350][safepoint    ] Safepoint "Cleanup", Time since last: 1000084197 ns, Reaching safepoint: 255076 ns, At safepoint: 20971 ns, Total: 276047 ns
[2020-08-24T20:54:34.832+0000][31350][safepoint    ] Safepoint "Cleanup", Time since last: 1000242177 ns, Reaching safepoint: 232297 ns, At safepoint: 20580 ns, Total: 252877 ns
[2020-08-24T20:54:35.808+0000][31350][gc           ] Trigger: Allocated since last cycle (409M) is larger than allocation threshold (409M)
[2020-08-24T20:54:35.809+0000][31350][gc,ergo      ] Free: 3459M (1733 regions), Max regular: 2048K, Max humongous: 3436M, External frag: 1%, Internal frag: 0%
[2020-08-24T20:54:35.809+0000][31350][gc,ergo      ] Evacuation Reserve: 206M (103 regions), Max regular: 2048K
[2020-08-24T20:54:35.809+0000][31350][gc,start     ] GC(89) Concurrent reset
[2020-08-24T20:54:35.809+0000][31350][gc,task      ] GC(89) Using 3 of 6 workers for concurrent reset
[2020-08-24T20:54:35.809+0000][31350][gc           ] GC(89) Concurrent reset 430M->430M(4096M) 0.140ms
[2020-08-24T20:54:35.809+0000][31350][gc,start     ] GC(89) Pause Init Mark (unload classes)
[2020-08-24T20:54:35.809+0000][31350][gc,task      ] GC(89) Using 6 of 6 workers for init marking
[2020-08-24T20:54:35.809+0000][31350][gc           ] GC(89) Pause Init Mark (unload classes) 0.465ms
[2020-08-24T20:54:35.809+0000][31350][safepoint    ] Safepoint "ShenandoahInitMark", Time since last: 976895039 ns, Reaching safepoint: 77006 ns, At safepoint: 485516 ns, Total: 562522 ns
[2020-08-24T20:54:35.809+0000][31350][gc,start     ] GC(89) Concurrent marking (unload classes)
[2020-08-24T20:54:35.809+0000][31350][gc,task      ] GC(89) Using 3 of 6 workers for concurrent marking
[2020-08-24T20:54:35.816+0000][31350][gc           ] GC(89) Concurrent marking (unload classes) 432M->450M(4096M) 6.579ms
[2020-08-24T20:54:35.816+0000][31350][gc,start     ] GC(89) Pause Final Mark (unload classes)
[2020-08-24T20:54:35.816+0000][31350][gc,task      ] GC(89) Using 6 of 6 workers for final marking
[2020-08-24T20:54:35.816+0000][31350][gc,ergo      ] GC(89) CSet Selection. Actual Free: 3978M, Max CSet: 2983M
[2020-08-24T20:54:35.816+0000][31350][gc,ergo      ] GC(89) Collectable Garbage: 55828K (13% of total), 935K CSet, 28 CSet regions
[2020-08-24T20:54:35.816+0000][31350][gc,ergo      ] GC(89) Immediate Garbage: 356M (86% of total), 178 regions
[2020-08-24T20:54:35.817+0000][31350][gc           ] GC(89) Pause Final Mark (unload classes) 0.462ms
[2020-08-24T20:54:35.817+0000][31350][safepoint    ] Safepoint "ShenandoahFinalMarkStartEvac", Time since last: 6625549 ns, Reaching safepoint: 112232 ns, At safepoint: 476705 ns, Total: 588937 ns
[2020-08-24T20:54:35.817+0000][31350][gc,start     ] GC(89) Concurrent roots processing
[2020-08-24T20:54:35.817+0000][31350][gc,task      ] GC(89) Using 3 of 6 workers for concurrent root processing
[2020-08-24T20:54:35.824+0000][31350][gc           ] GC(89) Concurrent roots processing 450M->468M(4096M) 7.326ms
[2020-08-24T20:54:35.824+0000][31350][gc,start     ] GC(89) Concurrent cleanup
[2020-08-24T20:54:35.824+0000][31350][gc           ] GC(89) Concurrent cleanup 468M->112M(4096M) 0.173ms
[2020-08-24T20:54:35.824+0000][31350][gc,ergo      ] GC(89) Free: 3778M (1891 regions), Max regular: 2048K, Max humongous: 3398M, External frag: 11%, Internal frag: 0%
[2020-08-24T20:54:35.824+0000][31350][gc,ergo      ] GC(89) Evacuation Reserve: 204M (103 regions), Max regular: 2048K
[2020-08-24T20:54:35.824+0000][31350][gc,start     ] GC(89) Concurrent evacuation
[2020-08-24T20:54:35.824+0000][31350][gc,task      ] GC(89) Using 3 of 6 workers for concurrent evacuation
[2020-08-24T20:54:35.824+0000][31350][gc           ] GC(89) Concurrent evacuation 112M->112M(4096M) 0.271ms
[2020-08-24T20:54:35.825+0000][31350][gc,start     ] GC(89) Pause Init Update Refs
[2020-08-24T20:54:35.825+0000][31350][gc           ] GC(89) Pause Init Update Refs 0.043ms
[2020-08-24T20:54:35.825+0000][31350][safepoint    ] Safepoint "ShenandoahInitUpdateRefs", Time since last: 7906811 ns, Reaching safepoint: 126332 ns, At safepoint: 59528 ns, Total: 185860 ns
[2020-08-24T20:54:35.825+0000][31350][gc,start     ] GC(89) Concurrent update references
[2020-08-24T20:54:35.825+0000][31350][gc,task      ] GC(89) Using 3 of 6 workers for concurrent reference update
[2020-08-24T20:54:35.830+0000][31350][gc           ] GC(89) Concurrent update references 114M->130M(4096M) 5.782ms
[2020-08-24T20:54:35.831+0000][31350][gc,start     ] GC(89) Pause Final Update Refs
[2020-08-24T20:54:35.831+0000][31350][gc,task      ] GC(89) Using 6 of 6 workers for final reference update
[2020-08-24T20:54:35.831+0000][31350][gc           ] GC(89) Pause Final Update Refs 0.118ms
[2020-08-24T20:54:35.831+0000][31350][safepoint    ] Safepoint "ShenandoahFinalUpdateRefs", Time since last: 5854449 ns, Reaching safepoint: 123221 ns, At safepoint: 132797 ns, Total: 256018 ns
[2020-08-24T20:54:35.831+0000][31350][gc,start     ] GC(89) Concurrent cleanup
[2020-08-24T20:54:35.831+0000][31350][gc           ] GC(89) Concurrent cleanup 130M->74M(4096M) 0.117ms
[2020-08-24T20:54:35.831+0000][31350][gc,ergo      ] Free: 3815M (1911 regions), Max regular: 2048K, Max humongous: 3398M, External frag: 11%, Internal frag: 0%
[2020-08-24T20:54:35.831+0000][31350][gc,ergo      ] Evacuation Reserve: 206M (103 regions), Max regular: 2048K
[2020-08-24T20:54:36.831+0000][31350][safepoint    ] Safepoint "Cleanup", Time since last: 1000108436 ns, Reaching safepoint: 130868 ns, At safepoint: 8936 ns, Total: 139804 ns
[2020-08-24T20:54:37.831+0000][31350][safepoint    ] Safepoint "Cleanup", Time since last: 1000119360 ns, Reaching safepoint: 271770 ns, At safepoint: 23655 ns, Total: 295425 ns
[2020-08-24T20:54:38.813+0000][31350][gc           ] Trigger: Allocated since last cycle (410M) is larger than allocation threshold (409M)
[2020-08-24T20:54:38.813+0000][31350][gc,ergo      ] Free: 3459M (1733 regions), Max regular: 2048K, Max humongous: 3398M, External frag: 2%, Internal frag: 0%
[2020-08-24T20:54:38.813+0000][31350][gc,ergo      ] Evacuation Reserve: 206M (103 regions), Max regular: 2048K
[2020-08-24T20:54:38.813+0000][31350][gc,start     ] GC(90) Concurrent reset
[2020-08-24T20:54:38.813+0000][31350][gc,task      ] GC(90) Using 3 of 6 workers for concurrent reset
[2020-08-24T20:54:38.813+0000][31350][gc           ] GC(90) Concurrent reset 430M->430M(4096M) 0.134ms
[2020-08-24T20:54:38.814+0000][31350][gc,start     ] GC(90) Pause Init Mark (process weakrefs) (unload classes)
[2020-08-24T20:54:38.814+0000][31350][gc,task      ] GC(90) Using 6 of 6 workers for init marking
[2020-08-24T20:54:38.814+0000][31350][gc           ] GC(90) Pause Init Mark (process weakrefs) (unload classes) 0.417ms
[2020-08-24T20:54:38.814+0000][31350][safepoint    ] Safepoint "ShenandoahInitMark", Time since last: 982054060 ns, Reaching safepoint: 53187 ns, At safepoint: 434280 ns, Total: 487467 ns
[2020-08-24T20:54:38.814+0000][31350][gc,start     ] GC(90) Concurrent marking (process weakrefs) (unload classes)
[2020-08-24T20:54:38.814+0000][31350][gc,task      ] GC(90) Using 3 of 6 workers for concurrent marking
[2020-08-24T20:54:38.821+0000][31350][gc           ] GC(90) Concurrent marking (process weakrefs) (unload classes) 430M->450M(4096M) 7.038ms
[2020-08-24T20:54:38.821+0000][31350][gc,start     ] GC(90) Concurrent precleaning
[2020-08-24T20:54:38.821+0000][31350][gc,task      ] GC(90) Using 1 of 6 workers for concurrent preclean
[2020-08-24T20:54:38.821+0000][31350][gc           ] GC(90) Concurrent precleaning 450M->450M(4096M) 0.243ms
[2020-08-24T20:54:38.821+0000][31350][gc,start     ] GC(90) Pause Final Mark (process weakrefs) (unload classes)
[2020-08-24T20:54:38.821+0000][31350][gc,task      ] GC(90) Using 6 of 6 workers for final marking
[2020-08-24T20:54:38.822+0000][31350][gc,ergo      ] GC(90) CSet Selection. Actual Free: 3986M, Max CSet: 2989M
[2020-08-24T20:54:38.822+0000][31350][gc,ergo      ] GC(90) Collectable Garbage: 47700K (11% of total), 895K CSet, 24 CSet regions
[2020-08-24T20:54:38.822+0000][31350][gc,ergo      ] GC(90) Immediate Garbage: 364M (88% of total), 182 regions
[2020-08-24T20:54:38.822+0000][31350][gc           ] GC(90) Pause Final Mark (process weakrefs) (unload classes) 0.602ms
[2020-08-24T20:54:38.822+0000][31350][safepoint    ] Safepoint "ShenandoahFinalMarkStartEvac", Time since last: 7385356 ns, Reaching safepoint: 45680 ns, At safepoint: 619579 ns, Total: 665259 ns
[2020-08-24T20:54:38.822+0000][31350][gc,start     ] GC(90) Concurrent roots processing
[2020-08-24T20:54:38.822+0000][31350][gc,task      ] GC(90) Using 3 of 6 workers for concurrent root processing
[2020-08-24T20:54:38.829+0000][31350][gc           ] GC(90) Concurrent roots processing 450M->468M(4096M) 7.064ms
[2020-08-24T20:54:38.829+0000][31350][gc,start     ] GC(90) Concurrent cleanup
[2020-08-24T20:54:38.829+0000][31350][gc           ] GC(90) Concurrent cleanup 468M->104M(4096M) 0.152ms
[2020-08-24T20:54:38.829+0000][31350][gc,ergo      ] GC(90) Free: 3786M (1896 regions), Max regular: 2048K, Max humongous: 3398M, External frag: 11%, Internal frag: 0%
[2020-08-24T20:54:38.829+0000][31350][gc,ergo      ] GC(90) Evacuation Reserve: 204M (103 regions), Max regular: 2048K
[2020-08-24T20:54:38.829+0000][31350][gc,start     ] GC(90) Concurrent evacuation
[2020-08-24T20:54:38.829+0000][31350][gc,task      ] GC(90) Using 3 of 6 workers for concurrent evacuation
[2020-08-24T20:54:38.829+0000][31350][gc           ] GC(90) Concurrent evacuation 104M->104M(4096M) 0.168ms
[2020-08-24T20:54:38.830+0000][31350][gc,start     ] GC(90) Pause Init Update Refs
[2020-08-24T20:54:38.830+0000][31350][gc           ] GC(90) Pause Init Update Refs 0.030ms
[2020-08-24T20:54:38.830+0000][31350][safepoint    ] Safepoint "ShenandoahInitUpdateRefs", Time since last: 7512726 ns, Reaching safepoint: 44007 ns, At safepoint: 45022 ns, Total: 89029 ns
[2020-08-24T20:54:38.830+0000][31350][gc,start     ] GC(90) Concurrent update references
[2020-08-24T20:54:38.830+0000][31350][gc,task      ] GC(90) Using 3 of 6 workers for concurrent reference update
[2020-08-24T20:54:38.835+0000][31350][gc           ] GC(90) Concurrent update references 106M->122M(4096M) 5.769ms
[2020-08-24T20:54:38.835+0000][31350][gc,start     ] GC(90) Pause Final Update Refs
[2020-08-24T20:54:38.835+0000][31350][gc,task      ] GC(90) Using 6 of 6 workers for final reference update
[2020-08-24T20:54:38.836+0000][31350][gc           ] GC(90) Pause Final Update Refs 0.099ms
[2020-08-24T20:54:38.836+0000][31350][safepoint    ] Safepoint "ShenandoahFinalUpdateRefs", Time since last: 5808616 ns, Reaching safepoint: 38539 ns, At safepoint: 112230 ns, Total: 150769 ns
[2020-08-24T20:54:38.836+0000][31350][gc,start     ] GC(90) Concurrent cleanup
[2020-08-24T20:54:38.836+0000][31350][gc           ] GC(90) Concurrent cleanup 122M->74M(4096M) 0.109ms
[2020-08-24T20:54:38.836+0000][31350][gc,ergo      ] Free: 3815M (1912 regions), Max regular: 2048K, Max humongous: 3436M, External frag: 10%, Internal frag: 0%
[2020-08-24T20:54:38.836+0000][31350][gc,ergo      ] Evacuation Reserve: 206M (103 regions), Max regular: 2048K
[2020-08-24T20:54:39.836+0000][31350][safepoint    ] Safepoint "Cleanup", Time since last: 1000068028 ns, Reaching safepoint: 60436 ns, At safepoint: 4135 ns, Total: 64571 ns
[2020-08-24T20:54:40.836+0000][31350][safepoint    ] Safepoint "Cleanup", Time since last: 1000080571 ns, Reaching safepoint: 47900 ns, At safepoint: 4397 ns, Total: 52297 ns
[2020-08-24T20:54:41.833+0000][31350][gc           ] Trigger: Allocated since last cycle (409M) is larger than allocation threshold (409M)
[2020-08-24T20:54:41.833+0000][31350][gc,ergo      ] Free: 3459M (1734 regions), Max regular: 2048K, Max humongous: 3436M, External frag: 1%, Internal frag: 0%
[2020-08-24T20:54:41.833+0000][31350][gc,ergo      ] Evacuation Reserve: 206M (103 regions), Max regular: 2048K
[2020-08-24T20:54:41.833+0000][31350][gc,start     ] GC(91) Concurrent reset
[2020-08-24T20:54:41.833+0000][31350][gc,task      ] GC(91) Using 3 of 6 workers for concurrent reset
[2020-08-24T20:54:41.833+0000][31350][gc           ] GC(91) Concurrent reset 430M->430M(4096M) 0.274ms
[2020-08-24T20:54:41.833+0000][31350][gc,start     ] GC(91) Pause Init Mark (unload classes)
[2020-08-24T20:54:41.833+0000][31350][gc,task      ] GC(91) Using 6 of 6 workers for init marking
[2020-08-24T20:54:41.834+0000][31350][gc           ] GC(91) Pause Init Mark (unload classes) 0.494ms
[2020-08-24T20:54:41.834+0000][31350][safepoint    ] Safepoint "ShenandoahInitMark", Time since last: 997311305 ns, Reaching safepoint: 161988 ns, At safepoint: 514105 ns, Total: 676093 ns
[2020-08-24T20:54:41.834+0000][31350][gc,start     ] GC(91) Concurrent marking (unload classes)
[2020-08-24T20:54:41.834+0000][31350][gc,task      ] GC(91) Using 3 of 6 workers for concurrent marking
[2020-08-24T20:54:41.844+0000][31350][gc           ] GC(91) Concurrent marking (unload classes) 430M->448M(4096M) 9.891ms
[2020-08-24T20:54:41.844+0000][31350][gc,start     ] GC(91) Pause Final Mark (unload classes)
[2020-08-24T20:54:41.844+0000][31350][gc,task      ] GC(91) Using 6 of 6 workers for final marking
[2020-08-24T20:54:41.844+0000][31350][gc,ergo      ] GC(91) CSet Selection. Actual Free: 3978M, Max CSet: 2983M
[2020-08-24T20:54:41.844+0000][31350][gc,ergo      ] GC(91) Collectable Garbage: 57770K (13% of total), 984K CSet, 29 CSet regions
[2020-08-24T20:54:41.844+0000][31350][gc,ergo      ] GC(91) Immediate Garbage: 354M (85% of total), 177 regions
[2020-08-24T20:54:41.845+0000][31350][gc           ] GC(91) Pause Final Mark (unload classes) 0.875ms
[2020-08-24T20:54:41.845+0000][31350][safepoint    ] Safepoint "ShenandoahFinalMarkStartEvac", Time since last: 10029525 ns, Reaching safepoint: 195168 ns, At safepoint: 904635 ns, Total: 1099803 ns
[2020-08-24T20:54:41.845+0000][31350][gc,start     ] GC(91) Concurrent roots processing
[2020-08-24T20:54:41.845+0000][31350][gc,task      ] GC(91) Using 3 of 6 workers for concurrent root processing
[2020-08-24T20:54:41.858+0000][31350][gc           ] GC(91) Concurrent roots processing 448M->468M(4096M) 12.700ms
[2020-08-24T20:54:41.858+0000][31350][gc,start     ] GC(91) Concurrent cleanup
[2020-08-24T20:54:41.858+0000][31350][gc           ] GC(91) Concurrent cleanup 468M->114M(4096M) 0.297ms
[2020-08-24T20:54:41.858+0000][31350][gc,ergo      ] GC(91) Free: 3776M (1891 regions), Max regular: 2048K, Max humongous: 3400M, External frag: 10%, Internal frag: 0%
[2020-08-24T20:54:41.858+0000][31350][gc,ergo      ] GC(91) Evacuation Reserve: 204M (103 regions), Max regular: 2048K
[2020-08-24T20:54:41.858+0000][31350][gc,start     ] GC(91) Concurrent evacuation
[2020-08-24T20:54:41.858+0000][31350][gc,task      ] GC(91) Using 3 of 6 workers for concurrent evacuation
[2020-08-24T20:54:41.859+0000][31350][gc           ] GC(91) Concurrent evacuation 114M->114M(4096M) 0.455ms
[2020-08-24T20:54:41.859+0000][31350][gc,start     ] GC(91) Pause Init Update Refs
[2020-08-24T20:54:41.859+0000][31350][gc           ] GC(91) Pause Init Update Refs 0.091ms
[2020-08-24T20:54:41.859+0000][31350][safepoint    ] Safepoint "ShenandoahInitUpdateRefs", Time since last: 13734861 ns, Reaching safepoint: 162923 ns, At safepoint: 115388 ns, Total: 278311 ns
[2020-08-24T20:54:41.859+0000][31350][gc,start     ] GC(91) Concurrent update references
[2020-08-24T20:54:41.859+0000][31350][gc,task      ] GC(91) Using 3 of 6 workers for concurrent reference update
[2020-08-24T20:54:41.867+0000][31350][gc           ] GC(91) Concurrent update references 116M->130M(4096M) 8.358ms
[2020-08-24T20:54:41.868+0000][31350][gc,start     ] GC(91) Pause Final Update Refs
[2020-08-24T20:54:41.868+0000][31350][gc,task      ] GC(91) Using 6 of 6 workers for final reference update
[2020-08-24T20:54:41.868+0000][31350][gc           ] GC(91) Pause Final Update Refs 0.354ms
[2020-08-24T20:54:41.868+0000][31350][safepoint    ] Safepoint "ShenandoahFinalUpdateRefs", Time since last: 8517705 ns, Reaching safepoint: 143561 ns, At safepoint: 378989 ns, Total: 522550 ns
[2020-08-24T20:54:41.868+0000][31350][gc,start     ] GC(91) Concurrent cleanup
[2020-08-24T20:54:41.868+0000][31350][gc           ] GC(91) Concurrent cleanup 130M->72M(4096M) 0.174ms
[2020-08-24T20:54:41.868+0000][31350][gc,ergo      ] Free: 3817M (1913 regions), Max regular: 2048K, Max humongous: 3400M, External frag: 11%, Internal frag: 0%
[2020-08-24T20:54:41.868+0000][31350][gc,ergo      ] Evacuation Reserve: 206M (103 regions), Max regular: 2048K
[2020-08-24T20:54:42.868+0000][31350][safepoint    ] Safepoint "Cleanup", Time since last: 1000097882 ns, Reaching safepoint: 330235 ns, At safepoint: 28632 ns, Total: 358867 ns
[2020-08-24T20:54:43.869+0000][31350][safepoint    ] Safepoint "Cleanup", Time since last: 1000136087 ns, Reaching safepoint: 110032 ns, At safepoint: 2885 ns, Total: 112917 ns
[2020-08-24T20:54:44.834+0000][31350][gc           ] Trigger: Allocated since last cycle (409M) is larger than allocation threshold (409M)
[2020-08-24T20:54:44.834+0000][31350][gc,ergo      ] Free: 3459M (1734 regions), Max regular: 2048K, Max humongous: 3400M, External frag: 2%, Internal frag: 0%
[2020-08-24T20:54:44.834+0000][31350][gc,ergo      ] Evacuation Reserve: 206M (103 regions), Max regular: 2048K
[2020-08-24T20:54:44.834+0000][31350][gc,start     ] GC(92) Concurrent reset
[2020-08-24T20:54:44.834+0000][31350][gc,task      ] GC(92) Using 3 of 6 workers for concurrent reset
[2020-08-24T20:54:44.834+0000][31350][gc           ] GC(92) Concurrent reset 430M->430M(4096M) 0.157ms
[2020-08-24T20:54:44.834+0000][31350][gc,start     ] GC(92) Pause Init Mark (unload classes)
[2020-08-24T20:54:44.834+0000][31350][gc,task      ] GC(92) Using 6 of 6 workers for init marking
[2020-08-24T20:54:44.835+0000][31350][gc           ] GC(92) Pause Init Mark (unload classes) 0.304ms
[2020-08-24T20:54:44.835+0000][31350][safepoint    ] Safepoint "ShenandoahInitMark", Time since last: 965583443 ns, Reaching safepoint: 80975 ns, At safepoint: 320048 ns, Total: 401023 ns
[2020-08-24T20:54:44.835+0000][31350][gc,start     ] GC(92) Concurrent marking (unload classes)
[2020-08-24T20:54:44.835+0000][31350][gc,task      ] GC(92) Using 3 of 6 workers for concurrent marking
[2020-08-24T20:54:44.841+0000][31350][gc           ] GC(92) Concurrent marking (unload classes) 430M->448M(4096M) 6.633ms
[2020-08-24T20:54:44.841+0000][31350][gc,start     ] GC(92) Pause Final Mark (unload classes)
[2020-08-24T20:54:44.842+0000][31350][gc,task      ] GC(92) Using 6 of 6 workers for final marking
[2020-08-24T20:54:44.842+0000][31350][gc,ergo      ] GC(92) CSet Selection. Actual Free: 3977M, Max CSet: 2983M
[2020-08-24T20:54:44.842+0000][31350][gc,ergo      ] GC(92) Collectable Garbage: 57935K (13% of total), 984K CSet, 29 CSet regions
[2020-08-24T20:54:44.842+0000][31350][gc,ergo      ] GC(92) Immediate Garbage: 353M (85% of total), 177 regions
[2020-08-24T20:54:44.842+0000][31350][gc           ] GC(92) Pause Final Mark (unload classes) 0.465ms
[2020-08-24T20:54:44.842+0000][31350][safepoint    ] Safepoint "ShenandoahFinalMarkStartEvac", Time since last: 6713572 ns, Reaching safepoint: 84597 ns, At safepoint: 481102 ns, Total: 565699 ns
[2020-08-24T20:54:44.842+0000][31350][gc,start     ] GC(92) Concurrent roots processing
[2020-08-24T20:54:44.842+0000][31350][gc,task      ] GC(92) Using 3 of 6 workers for concurrent root processing
[2020-08-24T20:54:44.848+0000][31350][gc           ] GC(92) Concurrent roots processing 448M->468M(4096M) 6.034ms
[2020-08-24T20:54:44.848+0000][31350][gc,start     ] GC(92) Concurrent cleanup
[2020-08-24T20:54:44.848+0000][31350][gc           ] GC(92) Concurrent cleanup 468M->114M(4096M) 0.165ms
[2020-08-24T20:54:44.848+0000][31350][gc,ergo      ] GC(92) Free: 3776M (1891 regions), Max regular: 2048K, Max humongous: 3400M, External frag: 10%, Internal frag: 0%
[2020-08-24T20:54:44.848+0000][31350][gc,ergo      ] GC(92) Evacuation Reserve: 204M (103 regions), Max regular: 2048K
[2020-08-24T20:54:44.848+0000][31350][gc,start     ] GC(92) Concurrent evacuation
[2020-08-24T20:54:44.848+0000][31350][gc,task      ] GC(92) Using 3 of 6 workers for concurrent evacuation
[2020-08-24T20:54:44.849+0000][31350][gc           ] GC(92) Concurrent evacuation 114M->114M(4096M) 0.233ms
[2020-08-24T20:54:44.849+0000][31350][gc,start     ] GC(92) Pause Init Update Refs
[2020-08-24T20:54:44.849+0000][31350][gc           ] GC(92) Pause Init Update Refs 0.043ms
[2020-08-24T20:54:44.849+0000][31350][safepoint    ] Safepoint "ShenandoahInitUpdateRefs", Time since last: 6571242 ns, Reaching safepoint: 153730 ns, At safepoint: 59415 ns, Total: 213145 ns
[2020-08-24T20:54:44.849+0000][31350][gc,start     ] GC(92) Concurrent update references
[2020-08-24T20:54:44.849+0000][31350][gc,task      ] GC(92) Using 3 of 6 workers for concurrent reference update
[2020-08-24T20:54:44.853+0000][31350][gc           ] GC(92) Concurrent update references 116M->130M(4096M) 4.202ms
[2020-08-24T20:54:44.853+0000][31350][gc,start     ] GC(92) Pause Final Update Refs
[2020-08-24T20:54:44.853+0000][31350][gc,task      ] GC(92) Using 6 of 6 workers for final reference update
[2020-08-24T20:54:44.853+0000][31350][gc           ] GC(92) Pause Final Update Refs 0.113ms
[2020-08-24T20:54:44.853+0000][31350][safepoint    ] Safepoint "ShenandoahFinalUpdateRefs", Time since last: 4256776 ns, Reaching safepoint: 74292 ns, At safepoint: 129801 ns, Total: 204093 ns
[2020-08-24T20:54:44.853+0000][31350][gc,start     ] GC(92) Concurrent cleanup
[2020-08-24T20:54:44.853+0000][31350][gc           ] GC(92) Concurrent cleanup 130M->72M(4096M) 0.109ms
[2020-08-24T20:54:44.853+0000][31350][gc,ergo      ] Free: 3817M (1912 regions), Max regular: 2048K, Max humongous: 3436M, External frag: 10%, Internal frag: 0%
[2020-08-24T20:54:44.853+0000][31350][gc,ergo      ] Evacuation Reserve: 206M (103 regions), Max regular: 2048K
[2020-08-24T20:54:45.854+0000][31350][safepoint    ] Safepoint "Cleanup", Time since last: 1000129266 ns, Reaching safepoint: 381467 ns, At safepoint: 21989 ns, Total: 403456 ns
[2020-08-24T20:54:46.854+0000][31350][safepoint    ] Safepoint "Cleanup", Time since last: 1000214928 ns, Reaching safepoint: 276127 ns, At safepoint: 26588 ns, Total: 302715 ns
[2020-08-24T20:54:47.844+0000][31350][gc           ] Trigger: Allocated since last cycle (409M) is larger than allocation threshold (409M)
[2020-08-24T20:54:47.844+0000][31350][gc,ergo      ] Free: 3459M (1734 regions), Max regular: 2048K, Max humongous: 3436M, External frag: 1%, Internal frag: 0%
[2020-08-24T20:54:47.844+0000][31350][gc,ergo      ] Evacuation Reserve: 206M (103 regions), Max regular: 2048K
[2020-08-24T20:54:47.844+0000][31350][gc,start     ] GC(93) Concurrent reset
[2020-08-24T20:54:47.844+0000][31350][gc,task      ] GC(93) Using 3 of 6 workers for concurrent reset
[2020-08-24T20:54:47.845+0000][31350][gc           ] GC(93) Concurrent reset 430M->430M(4096M) 0.336ms
[2020-08-24T20:54:47.845+0000][31350][gc,start     ] GC(93) Pause Init Mark (unload classes)
[2020-08-24T20:54:47.845+0000][31350][gc,task      ] GC(93) Using 6 of 6 workers for init marking
[2020-08-24T20:54:47.845+0000][31350][gc           ] GC(93) Pause Init Mark (unload classes) 0.517ms
[2020-08-24T20:54:47.845+0000][31350][safepoint    ] Safepoint "ShenandoahInitMark", Time since last: 990469606 ns, Reaching safepoint: 101012 ns, At safepoint: 554853 ns, Total: 655865 ns
[2020-08-24T20:54:47.845+0000][31350][gc,start     ] GC(93) Concurrent marking (unload classes)
[2020-08-24T20:54:47.845+0000][31350][gc,task      ] GC(93) Using 3 of 6 workers for concurrent marking
[2020-08-24T20:54:47.854+0000][31350][gc           ] GC(93) Concurrent marking (unload classes) 432M->448M(4096M) 8.913ms
[2020-08-24T20:54:47.855+0000][31350][gc,start     ] GC(93) Pause Final Mark (unload classes)
[2020-08-24T20:54:47.855+0000][31350][gc,task      ] GC(93) Using 6 of 6 workers for final marking
[2020-08-24T20:54:47.855+0000][31350][gc,ergo      ] GC(93) CSet Selection. Actual Free: 3982M, Max CSet: 2986M
[2020-08-24T20:54:47.855+0000][31350][gc,ergo      ] GC(93) Collectable Garbage: 53873K (12% of total), 964K CSet, 27 CSet regions
[2020-08-24T20:54:47.855+0000][31350][gc,ergo      ] GC(93) Immediate Garbage: 358M (86% of total), 179 regions
[2020-08-24T20:54:47.856+0000][31350][gc           ] GC(93) Pause Final Mark (unload classes) 1.025ms
[2020-08-24T20:54:47.856+0000][31350][safepoint    ] Safepoint "ShenandoahFinalMarkStartEvac", Time since last: 9006452 ns, Reaching safepoint: 175012 ns, At safepoint: 1049752 ns, Total: 1224764 ns
[2020-08-24T20:54:47.856+0000][31350][gc,start     ] GC(93) Concurrent roots processing
[2020-08-24T20:54:47.856+0000][31350][gc,task      ] GC(93) Using 3 of 6 workers for concurrent root processing
[2020-08-24T20:54:47.865+0000][31350][gc           ] GC(93) Concurrent roots processing 450M->466M(4096M) 8.874ms
[2020-08-24T20:54:47.865+0000][31350][gc,start     ] GC(93) Concurrent cleanup
[2020-08-24T20:54:47.865+0000][31350][gc           ] GC(93) Concurrent cleanup 466M->110M(4096M) 0.171ms
[2020-08-24T20:54:47.865+0000][31350][gc,ergo      ] GC(93) Free: 3780M (1894 regions), Max regular: 2048K, Max humongous: 3402M, External frag: 11%, Internal frag: 0%
[2020-08-24T20:54:47.865+0000][31350][gc,ergo      ] GC(93) Evacuation Reserve: 204M (103 regions), Max regular: 2048K
[2020-08-24T20:54:47.865+0000][31350][gc,start     ] GC(93) Concurrent evacuation
[2020-08-24T20:54:47.865+0000][31350][gc,task      ] GC(93) Using 3 of 6 workers for concurrent evacuation
[2020-08-24T20:54:47.865+0000][31350][gc           ] GC(93) Concurrent evacuation 110M->110M(4096M) 0.330ms
[2020-08-24T20:54:47.865+0000][31350][gc,start     ] GC(93) Pause Init Update Refs
[2020-08-24T20:54:47.865+0000][31350][gc           ] GC(93) Pause Init Update Refs 0.052ms
[2020-08-24T20:54:47.865+0000][31350][safepoint    ] Safepoint "ShenandoahInitUpdateRefs", Time since last: 9585094 ns, Reaching safepoint: 104824 ns, At safepoint: 70955 ns, Total: 175779 ns
[2020-08-24T20:54:47.865+0000][31350][gc,start     ] GC(93) Concurrent update references
[2020-08-24T20:54:47.865+0000][31350][gc,task      ] GC(93) Using 3 of 6 workers for concurrent reference update
[2020-08-24T20:54:47.871+0000][31350][gc           ] GC(93) Concurrent update references 112M->124M(4096M) 5.860ms
[2020-08-24T20:54:47.872+0000][31350][gc,start     ] GC(93) Pause Final Update Refs
[2020-08-24T20:54:47.872+0000][31350][gc,task      ] GC(93) Using 6 of 6 workers for final reference update
[2020-08-24T20:54:47.872+0000][31350][gc           ] GC(93) Pause Final Update Refs 0.247ms
[2020-08-24T20:54:47.872+0000][31350][safepoint    ] Safepoint "ShenandoahFinalUpdateRefs", Time since last: 6005099 ns, Reaching safepoint: 121031 ns, At safepoint: 273505 ns, Total: 394536 ns
[2020-08-24T20:54:47.872+0000][31350][gc,start     ] GC(93) Concurrent cleanup
[2020-08-24T20:54:47.872+0000][31350][gc           ] GC(93) Concurrent cleanup 124M->70M(4096M) 0.153ms
[2020-08-24T20:54:47.872+0000][31350][gc,ergo      ] Free: 3819M (1913 regions), Max regular: 2048K, Max humongous: 3402M, External frag: 11%, Internal frag: 0%
[2020-08-24T20:54:47.872+0000][31350][gc,ergo      ] Evacuation Reserve: 206M (103 regions), Max regular: 2048K
[2020-08-24T20:54:48.872+0000][31350][safepoint    ] Safepoint "Cleanup", Time since last: 1000073157 ns, Reaching safepoint: 148133 ns, At safepoint: 2255 ns, Total: 150388 ns
[2020-08-24T20:54:49.872+0000][31350][safepoint    ] Safepoint "Cleanup", Time since last: 1000095400 ns, Reaching safepoint: 62709 ns, At safepoint: 2455 ns, Total: 65164 ns
[2020-08-24T20:54:50.869+0000][31350][gc           ] Trigger: Allocated since last cycle (409M) is larger than allocation threshold (409M)
[2020-08-24T20:54:50.869+0000][31350][gc,ergo      ] Free: 3459M (1734 regions), Max regular: 2048K, Max humongous: 3402M, External frag: 2%, Internal frag: 0%
[2020-08-24T20:54:50.869+0000][31350][gc,ergo      ] Evacuation Reserve: 206M (103 regions), Max regular: 2048K
[2020-08-24T20:54:50.869+0000][31350][gc,start     ] GC(94) Concurrent reset
[2020-08-24T20:54:50.869+0000][31350][gc,task      ] GC(94) Using 3 of 6 workers for concurrent reset
[2020-08-24T20:54:50.870+0000][31350][gc           ] GC(94) Concurrent reset 430M->430M(4096M) 0.569ms
[2020-08-24T20:54:50.870+0000][31350][gc,start     ] GC(94) Pause Init Mark (unload classes)
[2020-08-24T20:54:50.870+0000][31350][gc,task      ] GC(94) Using 6 of 6 workers for init marking
[2020-08-24T20:54:50.871+0000][31350][gc           ] GC(94) Pause Init Mark (unload classes) 0.997ms
[2020-08-24T20:54:50.871+0000][31350][safepoint    ] Safepoint "ShenandoahInitMark", Time since last: 997500266 ns, Reaching safepoint: 272371 ns, At safepoint: 1075153 ns, Total: 1347524 ns
[2020-08-24T20:54:50.871+0000][31350][gc,start     ] GC(94) Concurrent marking (unload classes)
[2020-08-24T20:54:50.871+0000][31350][gc,task      ] GC(94) Using 3 of 6 workers for concurrent marking
[2020-08-24T20:54:50.892+0000][31350][gc           ] GC(94) Concurrent marking (unload classes) 430M->446M(4096M) 20.492ms
[2020-08-24T20:54:50.892+0000][31350][gc,start     ] GC(94) Pause Final Mark (unload classes)
[2020-08-24T20:54:50.892+0000][31350][gc,task      ] GC(94) Using 6 of 6 workers for final marking
[2020-08-24T20:54:50.892+0000][31350][gc,ergo      ] GC(94) CSet Selection. Actual Free: 3990M, Max CSet: 2992M
[2020-08-24T20:54:50.893+0000][31350][gc,ergo      ] GC(94) Collectable Garbage: 47633K (11% of total), 968K CSet, 24 CSet regions
[2020-08-24T20:54:50.893+0000][31350][gc,ergo      ] GC(94) Immediate Garbage: 364M (88% of total), 182 regions
[2020-08-24T20:54:50.893+0000][31350][gc           ] GC(94) Pause Final Mark (unload classes) 1.051ms
[2020-08-24T20:54:50.893+0000][31350][safepoint    ] Safepoint "ShenandoahFinalMarkStartEvac", Time since last: 20699385 ns, Reaching safepoint: 218998 ns, At safepoint: 1087574 ns, Total: 1306572 ns
[2020-08-24T20:54:50.893+0000][31350][gc,start     ] GC(94) Concurrent roots processing
[2020-08-24T20:54:50.893+0000][31350][gc,task      ] GC(94) Using 3 of 6 workers for concurrent root processing
[2020-08-24T20:54:50.903+0000][31350][gc           ] GC(94) Concurrent roots processing 446M->466M(4096M) 10.424ms
[2020-08-24T20:54:50.904+0000][31350][gc,start     ] GC(94) Concurrent cleanup
[2020-08-24T20:54:50.904+0000][31350][gc           ] GC(94) Concurrent cleanup 466M->102M(4096M) 0.215ms
[2020-08-24T20:54:50.904+0000][31350][gc,ergo      ] GC(94) Free: 3788M (1897 regions), Max regular: 2048K, Max humongous: 3400M, External frag: 11%, Internal frag: 0%
[2020-08-24T20:54:50.904+0000][31350][gc,ergo      ] GC(94) Evacuation Reserve: 204M (103 regions), Max regular: 2048K
[2020-08-24T20:54:50.904+0000][31350][gc,start     ] GC(94) Concurrent evacuation
[2020-08-24T20:54:50.904+0000][31350][gc,task      ] GC(94) Using 3 of 6 workers for concurrent evacuation
[2020-08-24T20:54:50.904+0000][31350][gc           ] GC(94) Concurrent evacuation 102M->102M(4096M) 0.294ms
[2020-08-24T20:54:50.904+0000][31350][gc,start     ] GC(94) Pause Init Update Refs
[2020-08-24T20:54:50.904+0000][31350][gc           ] GC(94) Pause Init Update Refs 0.054ms
[2020-08-24T20:54:50.904+0000][31350][safepoint    ] Safepoint "ShenandoahInitUpdateRefs", Time since last: 11129883 ns, Reaching safepoint: 193669 ns, At safepoint: 76908 ns, Total: 270577 ns
[2020-08-24T20:54:50.904+0000][31350][gc,start     ] GC(94) Concurrent update references
[2020-08-24T20:54:50.904+0000][31350][gc,task      ] GC(94) Using 3 of 6 workers for concurrent reference update
[2020-08-24T20:54:50.910+0000][31350][gc           ] GC(94) Concurrent update references 104M->118M(4096M) 5.748ms
[2020-08-24T20:54:50.910+0000][31350][gc,start     ] GC(94) Pause Final Update Refs
[2020-08-24T20:54:50.910+0000][31350][gc,task      ] GC(94) Using 6 of 6 workers for final reference update
[2020-08-24T20:54:50.911+0000][31350][gc           ] GC(94) Pause Final Update Refs 0.150ms
[2020-08-24T20:54:50.911+0000][31350][safepoint    ] Safepoint "ShenandoahFinalUpdateRefs", Time since last: 5830093 ns, Reaching safepoint: 172492 ns, At safepoint: 172578 ns, Total: 345070 ns
[2020-08-24T20:54:50.911+0000][31350][gc,start     ] GC(94) Concurrent cleanup
[2020-08-24T20:54:50.911+0000][31350][gc           ] GC(94) Concurrent cleanup 118M->70M(4096M) 0.152ms
[2020-08-24T20:54:50.911+0000][31350][gc,ergo      ] Free: 3819M (1914 regions), Max regular: 2048K, Max humongous: 3436M, External frag: 11%, Internal frag: 0%
[2020-08-24T20:54:50.911+0000][31350][gc,ergo      ] Evacuation Reserve: 206M (103 regions), Max regular: 2048K
[2020-08-24T20:54:51.911+0000][31350][safepoint    ] Safepoint "Cleanup", Time since last: 1000087677 ns, Reaching safepoint: 256759 ns, At safepoint: 20212 ns, Total: 276971 ns
[2020-08-24T20:54:52.911+0000][31350][safepoint    ] Safepoint "Cleanup", Time since last: 1000185391 ns, Reaching safepoint: 266706 ns, At safepoint: 17433 ns, Total: 284139 ns
[2020-08-24T20:54:53.858+0000][31350][gc           ] Trigger: Allocated since last cycle (409M) is larger than allocation threshold (409M)
[2020-08-24T20:54:53.859+0000][31350][gc,ergo      ] Free: 3459M (1734 regions), Max regular: 2048K, Max humongous: 3436M, External frag: 1%, Internal frag: 0%
[2020-08-24T20:54:53.859+0000][31350][gc,ergo      ] Evacuation Reserve: 206M (103 regions), Max regular: 2048K
[2020-08-24T20:54:53.859+0000][31350][gc,start     ] GC(95) Concurrent reset
[2020-08-24T20:54:53.859+0000][31350][gc,task      ] GC(95) Using 3 of 6 workers for concurrent reset
[2020-08-24T20:54:53.859+0000][31350][gc           ] GC(95) Concurrent reset 430M->430M(4096M) 0.527ms
[2020-08-24T20:54:53.860+0000][31350][gc,start     ] GC(95) Pause Init Mark (process weakrefs) (unload classes)
[2020-08-24T20:54:53.860+0000][31350][gc,task      ] GC(95) Using 6 of 6 workers for init marking
[2020-08-24T20:54:53.861+0000][31350][gc           ] GC(95) Pause Init Mark (process weakrefs) (unload classes) 1.103ms
[2020-08-24T20:54:53.861+0000][31350][safepoint    ] Safepoint "ShenandoahInitMark", Time since last: 947888288 ns, Reaching safepoint: 234660 ns, At safepoint: 1200090 ns, Total: 1434750 ns
[2020-08-24T20:54:53.861+0000][31350][gc,start     ] GC(95) Concurrent marking (process weakrefs) (unload classes)
[2020-08-24T20:54:53.861+0000][31350][gc,task      ] GC(95) Using 3 of 6 workers for concurrent marking
[2020-08-24T20:54:53.884+0000][31350][gc           ] GC(95) Concurrent marking (process weakrefs) (unload classes) 430M->446M(4096M) 23.096ms
[2020-08-24T20:54:53.884+0000][31350][gc,start     ] GC(95) Concurrent precleaning
[2020-08-24T20:54:53.884+0000][31350][gc,task      ] GC(95) Using 1 of 6 workers for concurrent preclean
[2020-08-24T20:54:53.885+0000][31350][gc           ] GC(95) Concurrent precleaning 446M->446M(4096M) 0.566ms
[2020-08-24T20:54:53.885+0000][31350][gc,start     ] GC(95) Pause Final Mark (process weakrefs) (unload classes)
[2020-08-24T20:54:53.885+0000][31350][gc,task      ] GC(95) Using 6 of 6 workers for final marking
[2020-08-24T20:54:53.886+0000][31350][gc,ergo      ] GC(95) CSet Selection. Actual Free: 3982M, Max CSet: 2986M
[2020-08-24T20:54:53.886+0000][31350][gc,ergo      ] GC(95) Collectable Garbage: 55861K (13% of total), 970K CSet, 28 CSet regions
[2020-08-24T20:54:53.886+0000][31350][gc,ergo      ] GC(95) Immediate Garbage: 356M (86% of total), 178 regions
[2020-08-24T20:54:53.886+0000][31350][gc           ] GC(95) Pause Final Mark (process weakrefs) (unload classes) 1.590ms
[2020-08-24T20:54:53.887+0000][31350][safepoint    ] Safepoint "ShenandoahFinalMarkStartEvac", Time since last: 23883910 ns, Reaching safepoint: 236576 ns, At safepoint: 1627284 ns, Total: 1863860 ns
[2020-08-24T20:54:53.887+0000][31350][gc,start     ] GC(95) Concurrent roots processing
[2020-08-24T20:54:53.887+0000][31350][gc,task      ] GC(95) Using 3 of 6 workers for concurrent root processing
[2020-08-24T20:54:53.897+0000][31350][gc           ] GC(95) Concurrent roots processing 446M->466M(4096M) 10.215ms
[2020-08-24T20:54:53.897+0000][31350][gc,start     ] GC(95) Concurrent cleanup
[2020-08-24T20:54:53.897+0000][31350][gc           ] GC(95) Concurrent cleanup 466M->110M(4096M) 0.238ms
[2020-08-24T20:54:53.897+0000][31350][gc,ergo      ] GC(95) Free: 3780M (1893 regions), Max regular: 2048K, Max humongous: 3402M, External frag: 11%, Internal frag: 0%
[2020-08-24T20:54:53.897+0000][31350][gc,ergo      ] GC(95) Evacuation Reserve: 204M (103 regions), Max regular: 2048K
[2020-08-24T20:54:53.897+0000][31350][gc,start     ] GC(95) Concurrent evacuation
[2020-08-24T20:54:53.897+0000][31350][gc,task      ] GC(95) Using 3 of 6 workers for concurrent evacuation
[2020-08-24T20:54:53.897+0000][31350][gc           ] GC(95) Concurrent evacuation 110M->110M(4096M) 0.288ms
[2020-08-24T20:54:53.898+0000][31350][gc,start     ] GC(95) Pause Init Update Refs
[2020-08-24T20:54:53.898+0000][31350][gc           ] GC(95) Pause Init Update Refs 0.042ms
[2020-08-24T20:54:53.898+0000][31350][safepoint    ] Safepoint "ShenandoahInitUpdateRefs", Time since last: 10987947 ns, Reaching safepoint: 177826 ns, At safepoint: 69316 ns, Total: 247142 ns
[2020-08-24T20:54:53.898+0000][31350][gc,start     ] GC(95) Concurrent update references
[2020-08-24T20:54:53.898+0000][31350][gc,task      ] GC(95) Using 3 of 6 workers for concurrent reference update
[2020-08-24T20:54:53.904+0000][31350][gc           ] GC(95) Concurrent update references 112M->128M(4096M) 5.912ms
[2020-08-24T20:54:53.904+0000][31350][gc,start     ] GC(95) Pause Final Update Refs
[2020-08-24T20:54:53.904+0000][31350][gc,task      ] GC(95) Using 6 of 6 workers for final reference update
[2020-08-24T20:54:53.904+0000][31350][gc           ] GC(95) Pause Final Update Refs 0.124ms
[2020-08-24T20:54:53.904+0000][31350][safepoint    ] Safepoint "ShenandoahFinalUpdateRefs", Time since last: 5995974 ns, Reaching safepoint: 116093 ns, At safepoint: 142755 ns, Total: 258848 ns
[2020-08-24T20:54:53.904+0000][31350][gc,start     ] GC(95) Concurrent cleanup
[2020-08-24T20:54:53.904+0000][31350][gc           ] GC(95) Concurrent cleanup 128M->72M(4096M) 0.155ms
[2020-08-24T20:54:53.904+0000][31350][gc,ergo      ] Free: 3817M (1913 regions), Max regular: 2048K, Max humongous: 3402M, External frag: 11%, Internal frag: 0%
[2020-08-24T20:54:53.904+0000][31350][gc,ergo      ] Evacuation Reserve: 206M (103 regions), Max regular: 2048K
[2020-08-24T20:54:54.904+0000][31350][safepoint    ] Safepoint "Cleanup", Time since last: 1000067722 ns, Reaching safepoint: 53539 ns, At safepoint: 3791 ns, Total: 57330 ns
[2020-08-24T20:54:55.905+0000][31350][safepoint    ] Safepoint "Cleanup", Time since last: 1000140261 ns, Reaching safepoint: 326445 ns, At safepoint: 22381 ns, Total: 348826 ns
[2020-08-24T20:54:56.859+0000][31350][gc           ] Trigger: Allocated since last cycle (410M) is larger than allocation threshold (409M)
[2020-08-24T20:54:56.859+0000][31350][gc,ergo      ] Free: 3459M (1734 regions), Max regular: 2048K, Max humongous: 3402M, External frag: 2%, Internal frag: 0%
[2020-08-24T20:54:56.859+0000][31350][gc,ergo      ] Evacuation Reserve: 206M (103 regions), Max regular: 2048K
[2020-08-24T20:54:56.859+0000][31350][gc,start     ] GC(96) Concurrent reset
[2020-08-24T20:54:56.859+0000][31350][gc,task      ] GC(96) Using 3 of 6 workers for concurrent reset
[2020-08-24T20:54:56.860+0000][31350][gc           ] GC(96) Concurrent reset 430M->430M(4096M) 0.496ms
[2020-08-24T20:54:56.860+0000][31350][gc,start     ] GC(96) Pause Init Mark (unload classes)
[2020-08-24T20:54:56.860+0000][31350][gc,task      ] GC(96) Using 6 of 6 workers for init marking
[2020-08-24T20:54:56.861+0000][31350][gc           ] GC(96) Pause Init Mark (unload classes) 1.220ms
[2020-08-24T20:54:56.861+0000][31350][safepoint    ] Safepoint "ShenandoahInitMark", Time since last: 955036558 ns, Reaching safepoint: 328657 ns, At safepoint: 1325130 ns, Total: 1653787 ns
[2020-08-24T20:54:56.861+0000][31350][gc,start     ] GC(96) Concurrent marking (unload classes)
[2020-08-24T20:54:56.861+0000][31350][gc,task      ] GC(96) Using 3 of 6 workers for concurrent marking
[2020-08-24T20:54:56.890+0000][31350][gc           ] GC(96) Concurrent marking (unload classes) 430M->446M(4096M) 28.653ms
[2020-08-24T20:54:56.890+0000][31350][gc,start     ] GC(96) Pause Final Mark (unload classes)
[2020-08-24T20:54:56.890+0000][31350][gc,task      ] GC(96) Using 6 of 6 workers for final marking
[2020-08-24T20:54:56.891+0000][31350][gc,ergo      ] GC(96) CSet Selection. Actual Free: 3977M, Max CSet: 2983M
[2020-08-24T20:54:56.891+0000][31350][gc,ergo      ] GC(96) Collectable Garbage: 59969K (14% of total), 1000K CSet, 30 CSet regions
[2020-08-24T20:54:56.891+0000][31350][gc,ergo      ] GC(96) Immediate Garbage: 351M (85% of total), 176 regions
[2020-08-24T20:54:56.891+0000][31350][gc           ] GC(96) Pause Final Mark (unload classes) 1.080ms
[2020-08-24T20:54:56.891+0000][31350][safepoint    ] Safepoint "ShenandoahFinalMarkStartEvac", Time since last: 28848730 ns, Reaching safepoint: 180544 ns, At safepoint: 1159344 ns, Total: 1339888 ns
[2020-08-24T20:54:56.892+0000][31350][gc,start     ] GC(96) Concurrent roots processing
[2020-08-24T20:54:56.892+0000][31350][gc,task      ] GC(96) Using 3 of 6 workers for concurrent root processing
[2020-08-24T20:54:56.902+0000][31350][gc           ] GC(96) Concurrent roots processing 448M->464M(4096M) 10.333ms
[2020-08-24T20:54:56.902+0000][31350][gc,start     ] GC(96) Concurrent cleanup
[2020-08-24T20:54:56.902+0000][31350][gc           ] GC(96) Concurrent cleanup 464M->112M(4096M) 0.219ms
[2020-08-24T20:54:56.902+0000][31350][gc,ergo      ] GC(96) Free: 3778M (1892 regions), Max regular: 2048K, Max humongous: 3404M, External frag: 10%, Internal frag: 0%
[2020-08-24T20:54:56.902+0000][31350][gc,ergo      ] GC(96) Evacuation Reserve: 204M (103 regions), Max regular: 2048K
[2020-08-24T20:54:56.902+0000][31350][gc,start     ] GC(96) Concurrent evacuation
[2020-08-24T20:54:56.902+0000][31350][gc,task      ] GC(96) Using 3 of 6 workers for concurrent evacuation
[2020-08-24T20:54:56.903+0000][31350][gc           ] GC(96) Concurrent evacuation 112M->112M(4096M) 0.340ms
[2020-08-24T20:54:56.903+0000][31350][gc,start     ] GC(96) Pause Init Update Refs
[2020-08-24T20:54:56.903+0000][31350][gc           ] GC(96) Pause Init Update Refs 0.057ms
[2020-08-24T20:54:56.903+0000][31350][safepoint    ] Safepoint "ShenandoahInitUpdateRefs", Time since last: 11144676 ns, Reaching safepoint: 108095 ns, At safepoint: 111224 ns, Total: 219319 ns
[2020-08-24T20:54:56.903+0000][31350][gc,start     ] GC(96) Concurrent update references
[2020-08-24T20:54:56.903+0000][31350][gc,task      ] GC(96) Using 3 of 6 workers for concurrent reference update
[2020-08-24T20:54:56.908+0000][31350][gc           ] GC(96) Concurrent update references 112M->130M(4096M) 5.396ms
[2020-08-24T20:54:56.908+0000][31350][gc,start     ] GC(96) Pause Final Update Refs
[2020-08-24T20:54:56.908+0000][31350][gc,task      ] GC(96) Using 6 of 6 workers for final reference update
[2020-08-24T20:54:56.909+0000][31350][gc           ] GC(96) Pause Final Update Refs 0.143ms
[2020-08-24T20:54:56.909+0000][31350][safepoint    ] Safepoint "ShenandoahFinalUpdateRefs", Time since last: 5468495 ns, Reaching safepoint: 107130 ns, At safepoint: 158063 ns, Total: 265193 ns
[2020-08-24T20:54:56.909+0000][31350][gc,start     ] GC(96) Concurrent cleanup
[2020-08-24T20:54:56.909+0000][31350][gc           ] GC(96) Concurrent cleanup 130M->71M(4096M) 0.102ms
[2020-08-24T20:54:56.909+0000][31350][gc,ergo      ] Free: 3818M (1914 regions), Max regular: 2048K, Max humongous: 3438M, External frag: 10%, Internal frag: 0%
[2020-08-24T20:54:56.909+0000][31350][gc,ergo      ] Evacuation Reserve: 206M (103 regions), Max regular: 2048K
[2020-08-24T20:54:57.909+0000][31350][safepoint    ] Safepoint "Cleanup", Time since last: 1000129456 ns, Reaching safepoint: 276814 ns, At safepoint: 30725 ns, Total: 307539 ns
[2020-08-24T20:54:58.909+0000][31350][safepoint    ] Safepoint "Cleanup", Time since last: 1000141075 ns, Reaching safepoint: 210212 ns, At safepoint: 9742 ns, Total: 219954 ns
[2020-08-24T20:54:59.828+0000][31350][gc           ] Trigger: Allocated since last cycle (409M) is larger than allocation threshold (409M)
[2020-08-24T20:54:59.828+0000][31350][gc,ergo      ] Free: 3458M (1733 regions), Max regular: 2048K, Max humongous: 3436M, External frag: 1%, Internal frag: 0%
[2020-08-24T20:54:59.828+0000][31350][gc,ergo      ] Evacuation Reserve: 206M (103 regions), Max regular: 2048K
[2020-08-24T20:54:59.828+0000][31350][gc,start     ] GC(97) Concurrent reset
[2020-08-24T20:54:59.828+0000][31350][gc,task      ] GC(97) Using 3 of 6 workers for concurrent reset
[2020-08-24T20:54:59.829+0000][31350][gc           ] GC(97) Concurrent reset 431M->431M(4096M) 0.246ms
[2020-08-24T20:54:59.829+0000][31350][gc,start     ] GC(97) Pause Init Mark (unload classes)
[2020-08-24T20:54:59.829+0000][31350][gc,task      ] GC(97) Using 6 of 6 workers for init marking
[2020-08-24T20:54:59.830+0000][31350][gc           ] GC(97) Pause Init Mark (unload classes) 0.563ms
[2020-08-24T20:54:59.830+0000][31350][safepoint    ] Safepoint "ShenandoahInitMark", Time since last: 919369163 ns, Reaching safepoint: 188935 ns, At safepoint: 588029 ns, Total: 776964 ns
[2020-08-24T20:54:59.830+0000][31350][gc,start     ] GC(97) Concurrent marking (unload classes)
[2020-08-24T20:54:59.830+0000][31350][gc,task      ] GC(97) Using 3 of 6 workers for concurrent marking
[2020-08-24T20:54:59.840+0000][31350][gc           ] GC(97) Concurrent marking (unload classes) 433M->451M(4096M) 10.465ms
[2020-08-24T20:54:59.840+0000][31350][gc,start     ] GC(97) Pause Final Mark (unload classes)
[2020-08-24T20:54:59.840+0000][31350][gc,task      ] GC(97) Using 6 of 6 workers for final marking
[2020-08-24T20:54:59.841+0000][31350][gc,ergo      ] GC(97) CSet Selection. Actual Free: 3978M, Max CSet: 2983M
[2020-08-24T20:54:59.841+0000][31350][gc,ergo      ] GC(97) Collectable Garbage: 55906K (13% of total), 1032K CSet, 28 CSet regions
[2020-08-24T20:54:59.841+0000][31350][gc,ergo      ] GC(97) Immediate Garbage: 356M (86% of total), 178 regions
[2020-08-24T20:54:59.841+0000][31350][gc           ] GC(97) Pause Final Mark (unload classes) 0.607ms
[2020-08-24T20:54:59.841+0000][31350][safepoint    ] Safepoint "ShenandoahFinalMarkStartEvac", Time since last: 10526439 ns, Reaching safepoint: 167312 ns, At safepoint: 625470 ns, Total: 792782 ns
[2020-08-24T20:54:59.841+0000][31350][gc,start     ] GC(97) Concurrent roots processing
[2020-08-24T20:54:59.841+0000][31350][gc,task      ] GC(97) Using 3 of 6 workers for concurrent root processing
[2020-08-24T20:54:59.850+0000][31350][gc           ] GC(97) Concurrent roots processing 451M->468M(4096M) 9.305ms
[2020-08-24T20:54:59.850+0000][31350][gc,start     ] GC(97) Concurrent cleanup
[2020-08-24T20:54:59.851+0000][31350][gc           ] GC(97) Concurrent cleanup 468M->112M(4096M) 0.342ms
[2020-08-24T20:54:59.851+0000][31350][gc,ergo      ] GC(97) Free: 3778M (1892 regions), Max regular: 2048K, Max humongous: 3400M, External frag: 11%, Internal frag: 0%
[2020-08-24T20:54:59.851+0000][31350][gc,ergo      ] GC(97) Evacuation Reserve: 204M (103 regions), Max regular: 2048K
[2020-08-24T20:54:59.851+0000][31350][gc,start     ] GC(97) Concurrent evacuation
[2020-08-24T20:54:59.851+0000][31350][gc,task      ] GC(97) Using 3 of 6 workers for concurrent evacuation
[2020-08-24T20:54:59.851+0000][31350][gc           ] GC(97) Concurrent evacuation 112M->112M(4096M) 0.358ms
[2020-08-24T20:54:59.851+0000][31350][gc,start     ] GC(97) Pause Init Update Refs
[2020-08-24T20:54:59.851+0000][31350][gc           ] GC(97) Pause Init Update Refs 0.053ms
[2020-08-24T20:54:59.851+0000][31350][safepoint    ] Safepoint "ShenandoahInitUpdateRefs", Time since last: 10215421 ns, Reaching safepoint: 126654 ns, At safepoint: 68135 ns, Total: 194789 ns
[2020-08-24T20:54:59.851+0000][31350][gc,start     ] GC(97) Concurrent update references
[2020-08-24T20:54:59.851+0000][31350][gc,task      ] GC(97) Using 3 of 6 workers for concurrent reference update
[2020-08-24T20:54:59.858+0000][31350][gc           ] GC(97) Concurrent update references 112M->130M(4096M) 7.015ms
[2020-08-24T20:54:59.859+0000][31350][gc,start     ] GC(97) Pause Final Update Refs
[2020-08-24T20:54:59.859+0000][31350][gc,task      ] GC(97) Using 6 of 6 workers for final reference update
[2020-08-24T20:54:59.859+0000][31350][gc           ] GC(97) Pause Final Update Refs 0.216ms
[2020-08-24T20:54:59.859+0000][31350][safepoint    ] Safepoint "ShenandoahFinalUpdateRefs", Time since last: 7136159 ns, Reaching safepoint: 190536 ns, At safepoint: 245209 ns, Total: 435745 ns
[2020-08-24T20:54:59.859+0000][31350][gc,start     ] GC(97) Concurrent cleanup
[2020-08-24T20:54:59.859+0000][31350][gc           ] GC(97) Concurrent cleanup 130M->74M(4096M) 0.133ms
[2020-08-24T20:54:59.859+0000][31350][gc,ergo      ] Free: 3815M (1912 regions), Max regular: 2048K, Max humongous: 3400M, External frag: 11%, Internal frag: 0%
[2020-08-24T20:54:59.859+0000][31350][gc,ergo      ] Evacuation Reserve: 206M (103 regions), Max regular: 2048K
[2020-08-24T20:55:00.859+0000][31350][safepoint    ] Safepoint "Cleanup", Time since last: 1000102950 ns, Reaching safepoint: 236810 ns, At safepoint: 20052 ns, Total: 256862 ns
[2020-08-24T20:55:01.866+0000][31350][safepoint    ] Safepoint "Cleanup", Time since last: 1006987339 ns, Reaching safepoint: 138569 ns, At safepoint: 9475 ns, Total: 148044 ns
[2020-08-24T20:55:02.855+0000][31350][gc           ] Trigger: Allocated since last cycle (409M) is larger than allocation threshold (409M)
[2020-08-24T20:55:02.855+0000][31350][gc,ergo      ] Free: 3459M (1734 regions), Max regular: 2048K, Max humongous: 3400M, External frag: 2%, Internal frag: 0%
[2020-08-24T20:55:02.855+0000][31350][gc,ergo      ] Evacuation Reserve: 206M (103 regions), Max regular: 2048K
[2020-08-24T20:55:02.855+0000][31350][gc,start     ] GC(98) Concurrent reset
[2020-08-24T20:55:02.855+0000][31350][gc,task      ] GC(98) Using 3 of 6 workers for concurrent reset
[2020-08-24T20:55:02.856+0000][31350][gc           ] GC(98) Concurrent reset 430M->430M(4096M) 0.196ms
[2020-08-24T20:55:02.856+0000][31350][gc,start     ] GC(98) Pause Init Mark (unload classes)
[2020-08-24T20:55:02.856+0000][31350][gc,task      ] GC(98) Using 6 of 6 workers for init marking
[2020-08-24T20:55:02.856+0000][31350][gc           ] GC(98) Pause Init Mark (unload classes) 0.564ms
[2020-08-24T20:55:02.856+0000][31350][safepoint    ] Safepoint "ShenandoahInitMark", Time since last: 989308492 ns, Reaching safepoint: 178665 ns, At safepoint: 580237 ns, Total: 758902 ns
[2020-08-24T20:55:02.856+0000][31350][gc,start     ] GC(98) Concurrent marking (unload classes)
[2020-08-24T20:55:02.856+0000][31350][gc,task      ] GC(98) Using 3 of 6 workers for concurrent marking
[2020-08-24T20:55:02.866+0000][31350][gc           ] GC(98) Concurrent marking (unload classes) 430M->448M(4096M) 9.077ms
[2020-08-24T20:55:02.866+0000][31350][gc,start     ] GC(98) Pause Final Mark (unload classes)
[2020-08-24T20:55:02.866+0000][31350][gc,task      ] GC(98) Using 6 of 6 workers for final marking
[2020-08-24T20:55:02.866+0000][31350][gc,ergo      ] GC(98) CSet Selection. Actual Free: 3991M, Max CSet: 2993M
[2020-08-24T20:55:02.866+0000][31350][gc,ergo      ] GC(98) Collectable Garbage: 43622K (10% of total), 1000K CSet, 22 CSet regions
[2020-08-24T20:55:02.866+0000][31350][gc,ergo      ] GC(98) Immediate Garbage: 367M (89% of total), 184 regions
[2020-08-24T20:55:02.867+0000][31350][gc           ] GC(98) Pause Final Mark (unload classes) 0.856ms
[2020-08-24T20:55:02.867+0000][31350][safepoint    ] Safepoint "ShenandoahFinalMarkStartEvac", Time since last: 9178128 ns, Reaching safepoint: 131247 ns, At safepoint: 885293 ns, Total: 1016540 ns
[2020-08-24T20:55:02.867+0000][31350][gc,start     ] GC(98) Concurrent roots processing
[2020-08-24T20:55:02.867+0000][31350][gc,task      ] GC(98) Using 3 of 6 workers for concurrent root processing
[2020-08-24T20:55:02.877+0000][31350][gc           ] GC(98) Concurrent roots processing 450M->464M(4096M) 10.633ms
[2020-08-24T20:55:02.877+0000][31350][gc,start     ] GC(98) Concurrent cleanup
[2020-08-24T20:55:02.877+0000][31350][gc           ] GC(98) Concurrent cleanup 464M->96M(4096M) 0.214ms
[2020-08-24T20:55:02.878+0000][31350][gc,ergo      ] GC(98) Free: 3794M (1899 regions), Max regular: 2048K, Max humongous: 3406M, External frag: 11%, Internal frag: 0%
[2020-08-24T20:55:02.878+0000][31350][gc,ergo      ] GC(98) Evacuation Reserve: 204M (103 regions), Max regular: 2048K
[2020-08-24T20:55:02.878+0000][31350][gc,start     ] GC(98) Concurrent evacuation
[2020-08-24T20:55:02.878+0000][31350][gc,task      ] GC(98) Using 3 of 6 workers for concurrent evacuation
[2020-08-24T20:55:02.878+0000][31350][gc           ] GC(98) Concurrent evacuation 96M->96M(4096M) 0.533ms
[2020-08-24T20:55:02.878+0000][31350][gc,start     ] GC(98) Pause Init Update Refs
[2020-08-24T20:55:02.878+0000][31350][gc           ] GC(98) Pause Init Update Refs 0.052ms
[2020-08-24T20:55:02.878+0000][31350][safepoint    ] Safepoint "ShenandoahInitUpdateRefs", Time since last: 11655764 ns, Reaching safepoint: 140390 ns, At safepoint: 80444 ns, Total: 220834 ns
[2020-08-24T20:55:02.878+0000][31350][gc,start     ] GC(98) Concurrent update references
[2020-08-24T20:55:02.879+0000][31350][gc,task      ] GC(98) Using 3 of 6 workers for concurrent reference update
[2020-08-24T20:55:02.885+0000][31350][gc           ] GC(98) Concurrent update references 98M->110M(4096M) 6.064ms
[2020-08-24T20:55:02.885+0000][31350][gc,start     ] GC(98) Pause Final Update Refs
[2020-08-24T20:55:02.885+0000][31350][gc,task      ] GC(98) Using 6 of 6 workers for final reference update
[2020-08-24T20:55:02.885+0000][31350][gc           ] GC(98) Pause Final Update Refs 0.268ms
[2020-08-24T20:55:02.885+0000][31350][safepoint    ] Safepoint "ShenandoahFinalUpdateRefs", Time since last: 6173526 ns, Reaching safepoint: 144742 ns, At safepoint: 290304 ns, Total: 435046 ns
[2020-08-24T20:55:02.885+0000][31350][gc,start     ] GC(98) Concurrent cleanup
[2020-08-24T20:55:02.885+0000][31350][gc           ] GC(98) Concurrent cleanup 110M->67M(4096M) 0.166ms
[2020-08-24T20:55:02.885+0000][31350][gc,ergo      ] Free: 3822M (1914 regions), Max regular: 2048K, Max humongous: 3438M, External frag: 11%, Internal frag: 0%
[2020-08-24T20:55:02.885+0000][31350][gc,ergo      ] Evacuation Reserve: 206M (103 regions), Max regular: 2048K
[2020-08-24T20:55:03.885+0000][31350][safepoint    ] Safepoint "Cleanup", Time since last: 1000107472 ns, Reaching safepoint: 209977 ns, At safepoint: 20383 ns, Total: 230360 ns
[2020-08-24T20:55:04.886+0000][31350][safepoint    ] Safepoint "Cleanup", Time since last: 1000140821 ns, Reaching safepoint: 120268 ns, At safepoint: 3992 ns, Total: 124260 ns
[2020-08-24T20:55:05.886+0000][31350][safepoint    ] Safepoint "Cleanup", Time since last: 1000122608 ns, Reaching safepoint: 245301 ns, At safepoint: 26397 ns, Total: 271698 ns
[2020-08-24T20:55:05.920+0000][31350][gc           ] Trigger: Allocated since last cycle (409M) is larger than allocation threshold (409M)
[2020-08-24T20:55:05.920+0000][31350][gc,ergo      ] Free: 3458M (1733 regions), Max regular: 2048K, Max humongous: 3436M, External frag: 1%, Internal frag: 0%
[2020-08-24T20:55:05.920+0000][31350][gc,ergo      ] Evacuation Reserve: 206M (103 regions), Max regular: 2048K
[2020-08-24T20:55:05.920+0000][31350][gc,start     ] GC(99) Concurrent reset
[2020-08-24T20:55:05.920+0000][31350][gc,task      ] GC(99) Using 3 of 6 workers for concurrent reset
[2020-08-24T20:55:05.921+0000][31350][gc           ] GC(99) Concurrent reset 431M->431M(4096M) 0.517ms
[2020-08-24T20:55:05.921+0000][31350][gc,start     ] GC(99) Pause Init Mark (unload classes)
[2020-08-24T20:55:05.921+0000][31350][gc,task      ] GC(99) Using 6 of 6 workers for init marking
[2020-08-24T20:55:05.922+0000][31350][gc           ] GC(99) Pause Init Mark (unload classes) 1.157ms
[2020-08-24T20:55:05.923+0000][31350][safepoint    ] Safepoint "ShenandoahInitMark", Time since last: 34941900 ns, Reaching safepoint: 224613 ns, At safepoint: 1268644 ns, Total: 1493257 ns
[2020-08-24T20:55:05.923+0000][31350][gc,start     ] GC(99) Concurrent marking (unload classes)
[2020-08-24T20:55:05.923+0000][31350][gc,task      ] GC(99) Using 3 of 6 workers for concurrent marking
[2020-08-24T20:55:05.945+0000][31350][gc           ] GC(99) Concurrent marking (unload classes) 433M->445M(4096M) 22.298ms
[2020-08-24T20:55:05.945+0000][31350][gc,start     ] GC(99) Pause Final Mark (unload classes)
[2020-08-24T20:55:05.945+0000][31350][gc,task      ] GC(99) Using 6 of 6 workers for final marking
[2020-08-24T20:55:05.946+0000][31350][gc,ergo      ] GC(99) CSet Selection. Actual Free: 3990M, Max CSet: 2992M
[2020-08-24T20:55:05.946+0000][31350][gc,ergo      ] GC(99) Collectable Garbage: 49783K (11% of total), 1005K CSet, 25 CSet regions
[2020-08-24T20:55:05.946+0000][31350][gc,ergo      ] GC(99) Immediate Garbage: 362M (87% of total), 181 regions
[2020-08-24T20:55:05.947+0000][31350][gc           ] GC(99) Pause Final Mark (unload classes) 1.533ms
[2020-08-24T20:55:05.947+0000][31350][safepoint    ] Safepoint "ShenandoahFinalMarkStartEvac", Time since last: 22512578 ns, Reaching safepoint: 293534 ns, At safepoint: 1618221 ns, Total: 1911755 ns
[2020-08-24T20:55:05.947+0000][31350][gc,start     ] GC(99) Concurrent roots processing
[2020-08-24T20:55:05.947+0000][31350][gc,task      ] GC(99) Using 3 of 6 workers for concurrent root processing
[2020-08-24T20:55:05.957+0000][31350][gc           ] GC(99) Concurrent roots processing 445M->466M(4096M) 9.710ms
[2020-08-24T20:55:05.957+0000][31350][gc,start     ] GC(99) Concurrent cleanup
[2020-08-24T20:55:05.957+0000][31350][gc           ] GC(99) Concurrent cleanup 466M->104M(4096M) 0.150ms
[2020-08-24T20:55:05.957+0000][31350][gc,ergo      ] GC(99) Free: 3786M (1895 regions), Max regular: 2048K, Max humongous: 3400M, External frag: 11%, Internal frag: 0%
[2020-08-24T20:55:05.957+0000][31350][gc,ergo      ] GC(99) Evacuation Reserve: 204M (103 regions), Max regular: 2048K
[2020-08-24T20:55:05.957+0000][31350][gc,start     ] GC(99) Concurrent evacuation
[2020-08-24T20:55:05.957+0000][31350][gc,task      ] GC(99) Using 3 of 6 workers for concurrent evacuation
[2020-08-24T20:55:05.957+0000][31350][gc           ] GC(99) Concurrent evacuation 104M->104M(4096M) 0.260ms
[2020-08-24T20:55:05.957+0000][31350][gc,start     ] GC(99) Pause Init Update Refs
[2020-08-24T20:55:05.957+0000][31350][gc           ] GC(99) Pause Init Update Refs 0.029ms
[2020-08-24T20:55:05.957+0000][31350][safepoint    ] Safepoint "ShenandoahInitUpdateRefs", Time since last: 10285000 ns, Reaching safepoint: 140803 ns, At safepoint: 42813 ns, Total: 183616 ns
[2020-08-24T20:55:05.957+0000][31350][gc,start     ] GC(99) Concurrent update references
[2020-08-24T20:55:05.957+0000][31350][gc,task      ] GC(99) Using 3 of 6 workers for concurrent reference update
[2020-08-24T20:55:05.962+0000][31350][gc           ] GC(99) Concurrent update references 106M->120M(4096M) 4.497ms
[2020-08-24T20:55:05.962+0000][31350][gc,start     ] GC(99) Pause Final Update Refs
[2020-08-24T20:55:05.962+0000][31350][gc,task      ] GC(99) Using 6 of 6 workers for final reference update
[2020-08-24T20:55:05.962+0000][31350][gc           ] GC(99) Pause Final Update Refs 0.145ms
[2020-08-24T20:55:05.962+0000][31350][safepoint    ] Safepoint "ShenandoahFinalUpdateRefs", Time since last: 4583050 ns, Reaching safepoint: 135798 ns, At safepoint: 157879 ns, Total: 293677 ns
[2020-08-24T20:55:05.962+0000][31350][gc,start     ] GC(99) Concurrent cleanup
[2020-08-24T20:55:05.962+0000][31350][gc           ] GC(99) Concurrent cleanup 120M->70M(4096M) 0.166ms
[2020-08-24T20:55:05.963+0000][31350][gc,ergo      ] Free: 3819M (1913 regions), Max regular: 2048K, Max humongous: 3400M, External frag: 11%, Internal frag: 0%
[2020-08-24T20:55:05.963+0000][31350][gc,ergo      ] Evacuation Reserve: 206M (103 regions), Max regular: 2048K
[2020-08-24T20:55:06.963+0000][31350][safepoint    ] Safepoint "Cleanup", Time since last: 1000090400 ns, Reaching safepoint: 332032 ns, At safepoint: 30326 ns, Total: 362358 ns
[2020-08-24T20:55:07.963+0000][31350][safepoint    ] Safepoint "Cleanup", Time since last: 1000169092 ns, Reaching safepoint: 256835 ns, At safepoint: 22841 ns, Total: 279676 ns
[2020-08-24T20:55:08.918+0000][31350][gc           ] Trigger: Allocated since last cycle (410M) is larger than allocation threshold (409M)
[2020-08-24T20:55:08.918+0000][31350][gc,ergo      ] Free: 3459M (1733 regions), Max regular: 2048K, Max humongous: 3400M, External frag: 2%, Internal frag: 0%
[2020-08-24T20:55:08.918+0000][31350][gc,ergo      ] Evacuation Reserve: 206M (103 regions), Max regular: 2048K
[2020-08-24T20:55:08.918+0000][31350][gc,start     ] GC(100) Concurrent reset
[2020-08-24T20:55:08.918+0000][31350][gc,task      ] GC(100) Using 3 of 6 workers for concurrent reset
[2020-08-24T20:55:08.918+0000][31350][gc           ] GC(100) Concurrent reset 430M->430M(4096M) 0.454ms
[2020-08-24T20:55:08.919+0000][31350][gc,start     ] GC(100) Pause Init Mark (process weakrefs) (unload classes)
[2020-08-24T20:55:08.919+0000][31350][gc,task      ] GC(100) Using 6 of 6 workers for init marking
[2020-08-24T20:55:08.920+0000][31350][gc           ] GC(100) Pause Init Mark (process weakrefs) (unload classes) 1.065ms
[2020-08-24T20:55:08.920+0000][31350][safepoint    ] Safepoint "ShenandoahInitMark", Time since last: 955273334 ns, Reaching safepoint: 166893 ns, At safepoint: 1131951 ns, Total: 1298844 ns
[2020-08-24T20:55:08.920+0000][31350][gc,start     ] GC(100) Concurrent marking (process weakrefs) (unload classes)
[2020-08-24T20:55:08.920+0000][31350][gc,task      ] GC(100) Using 3 of 6 workers for concurrent marking
[2020-08-24T20:55:08.942+0000][31350][gc           ] GC(100) Concurrent marking (process weakrefs) (unload classes) 430M->446M(4096M) 22.089ms
[2020-08-24T20:55:08.942+0000][31350][gc,start     ] GC(100) Concurrent precleaning
[2020-08-24T20:55:08.942+0000][31350][gc,task      ] GC(100) Using 1 of 6 workers for concurrent preclean
[2020-08-24T20:55:08.943+0000][31350][gc           ] GC(100) Concurrent precleaning 446M->446M(4096M) 0.620ms
[2020-08-24T20:55:08.943+0000][31350][gc,start     ] GC(100) Pause Final Mark (process weakrefs) (unload classes)
[2020-08-24T20:55:08.943+0000][31350][gc,task      ] GC(100) Using 6 of 6 workers for final marking
[2020-08-24T20:55:08.944+0000][31350][gc,ergo      ] GC(100) CSet Selection. Actual Free: 3984M, Max CSet: 2988M
[2020-08-24T20:55:08.944+0000][31350][gc,ergo      ] GC(100) Collectable Garbage: 53889K (12% of total), 924K CSet, 27 CSet regions
[2020-08-24T20:55:08.944+0000][31350][gc,ergo      ] GC(100) Immediate Garbage: 358M (86% of total), 179 regions
[2020-08-24T20:55:08.945+0000][31350][gc           ] GC(100) Pause Final Mark (process weakrefs) (unload classes) 1.780ms
[2020-08-24T20:55:08.945+0000][31350][safepoint    ] Safepoint "ShenandoahFinalMarkStartEvac", Time since last: 22950040 ns, Reaching safepoint: 148522 ns, At safepoint: 1820911 ns, Total: 1969433 ns
[2020-08-24T20:55:08.945+0000][31350][gc,start     ] GC(100) Concurrent roots processing
[2020-08-24T20:55:08.945+0000][31350][gc,task      ] GC(100) Using 3 of 6 workers for concurrent root processing
[2020-08-24T20:55:08.955+0000][31350][gc           ] GC(100) Concurrent roots processing 448M->466M(4096M) 10.483ms
[2020-08-24T20:55:08.955+0000][31350][gc,start     ] GC(100) Concurrent cleanup
[2020-08-24T20:55:08.955+0000][31350][gc           ] GC(100) Concurrent cleanup 466M->108M(4096M) 0.205ms
[2020-08-24T20:55:08.956+0000][31350][gc,ergo      ] GC(100) Free: 3782M (1894 regions), Max regular: 2048K, Max humongous: 3402M, External frag: 11%, Internal frag: 0%
[2020-08-24T20:55:08.956+0000][31350][gc,ergo      ] GC(100) Evacuation Reserve: 204M (103 regions), Max regular: 2048K
[2020-08-24T20:55:08.956+0000][31350][gc,start     ] GC(100) Concurrent evacuation
[2020-08-24T20:55:08.956+0000][31350][gc,task      ] GC(100) Using 3 of 6 workers for concurrent evacuation
[2020-08-24T20:55:08.956+0000][31350][gc           ] GC(100) Concurrent evacuation 108M->108M(4096M) 0.299ms
[2020-08-24T20:55:08.956+0000][31350][gc,start     ] GC(100) Pause Init Update Refs
[2020-08-24T20:55:08.956+0000][31350][gc           ] GC(100) Pause Init Update Refs 0.054ms
[2020-08-24T20:55:08.956+0000][31350][safepoint    ] Safepoint "ShenandoahInitUpdateRefs", Time since last: 11254225 ns, Reaching safepoint: 136865 ns, At safepoint: 79959 ns, Total: 216824 ns
[2020-08-24T20:55:08.956+0000][31350][gc,start     ] GC(100) Concurrent update references
[2020-08-24T20:55:08.956+0000][31350][gc,task      ] GC(100) Using 3 of 6 workers for concurrent reference update
[2020-08-24T20:55:08.963+0000][31350][gc           ] GC(100) Concurrent update references 110M->126M(4096M) 6.920ms
[2020-08-24T20:55:08.963+0000][31350][gc,start     ] GC(100) Pause Final Update Refs
[2020-08-24T20:55:08.963+0000][31350][gc,task      ] GC(100) Using 6 of 6 workers for final reference update
[2020-08-24T20:55:08.963+0000][31350][gc           ] GC(100) Pause Final Update Refs 0.131ms
[2020-08-24T20:55:08.963+0000][31350][safepoint    ] Safepoint "ShenandoahFinalUpdateRefs", Time since last: 6979986 ns, Reaching safepoint: 114359 ns, At safepoint: 145530 ns, Total: 259889 ns
[2020-08-24T20:55:08.963+0000][31350][gc,start     ] GC(100) Concurrent cleanup
[2020-08-24T20:55:08.964+0000][31350][gc           ] GC(100) Concurrent cleanup 126M->72M(4096M) 0.177ms
[2020-08-24T20:55:08.964+0000][31350][gc,ergo      ] Free: 3817M (1913 regions), Max regular: 2048K, Max humongous: 3436M, External frag: 10%, Internal frag: 0%
[2020-08-24T20:55:08.964+0000][31350][gc,ergo      ] Evacuation Reserve: 206M (103 regions), Max regular: 2048K
[2020-08-24T20:55:09.964+0000][31350][safepoint    ] Safepoint "Cleanup", Time since last: 1000073943 ns, Reaching safepoint: 84780 ns, At safepoint: 2276 ns, Total: 87056 ns
[2020-08-24T20:55:10.964+0000][31350][safepoint    ] Safepoint "Cleanup", Time since last: 1000098177 ns, Reaching safepoint: 156506 ns, At safepoint: 3375 ns, Total: 159881 ns
[2020-08-24T20:55:11.923+0000][31350][gc           ] Trigger: Allocated since last cycle (409M) is larger than allocation threshold (409M)
[2020-08-24T20:55:11.923+0000][31350][gc,ergo      ] Free: 3459M (1734 regions), Max regular: 2048K, Max humongous: 3436M, External frag: 1%, Internal frag: 0%
[2020-08-24T20:55:11.923+0000][31350][gc,ergo      ] Evacuation Reserve: 206M (103 regions), Max regular: 2048K
[2020-08-24T20:55:11.923+0000][31350][gc,start     ] GC(101) Concurrent reset
[2020-08-24T20:55:11.923+0000][31350][gc,task      ] GC(101) Using 3 of 6 workers for concurrent reset
[2020-08-24T20:55:11.923+0000][31350][gc           ] GC(101) Concurrent reset 430M->430M(4096M) 0.515ms
[2020-08-24T20:55:11.924+0000][31350][gc,start     ] GC(101) Pause Init Mark (unload classes)
[2020-08-24T20:55:11.924+0000][31350][gc,task      ] GC(101) Using 6 of 6 workers for init marking
[2020-08-24T20:55:11.925+0000][31350][gc           ] GC(101) Pause Init Mark (unload classes) 1.097ms
[2020-08-24T20:55:11.925+0000][31350][safepoint    ] Safepoint "ShenandoahInitMark", Time since last: 959653307 ns, Reaching safepoint: 339262 ns, At safepoint: 1168154 ns, Total: 1507416 ns
[2020-08-24T20:55:11.925+0000][31350][gc,start     ] GC(101) Concurrent marking (unload classes)
[2020-08-24T20:55:11.925+0000][31350][gc,task      ] GC(101) Using 3 of 6 workers for concurrent marking
[2020-08-24T20:55:11.948+0000][31350][gc           ] GC(101) Concurrent marking (unload classes) 430M->444M(4096M) 23.207ms
[2020-08-24T20:55:11.949+0000][31350][gc,start     ] GC(101) Pause Final Mark (unload classes)
[2020-08-24T20:55:11.949+0000][31350][gc,task      ] GC(101) Using 6 of 6 workers for final marking
[2020-08-24T20:55:11.949+0000][31350][gc,ergo      ] GC(101) CSet Selection. Actual Free: 3982M, Max CSet: 2986M
[2020-08-24T20:55:11.949+0000][31350][gc,ergo      ] GC(101) Collectable Garbage: 57861K (13% of total), 995K CSet, 29 CSet regions
[2020-08-24T20:55:11.949+0000][31350][gc,ergo      ] GC(101) Immediate Garbage: 354M (85% of total), 177 regions
[2020-08-24T20:55:11.950+0000][31350][gc           ] GC(101) Pause Final Mark (unload classes) 1.186ms
[2020-08-24T20:55:11.950+0000][31350][safepoint    ] Safepoint "ShenandoahFinalMarkStartEvac", Time since last: 23415745 ns, Reaching safepoint: 246907 ns, At safepoint: 1226422 ns, Total: 1473329 ns
[2020-08-24T20:55:11.950+0000][31350][gc,start     ] GC(101) Concurrent roots processing
[2020-08-24T20:55:11.950+0000][31350][gc,task      ] GC(101) Using 3 of 6 workers for concurrent root processing
[2020-08-24T20:55:11.961+0000][31350][gc           ] GC(101) Concurrent roots processing 444M->466M(4096M) 10.972ms
[2020-08-24T20:55:11.961+0000][31350][gc,start     ] GC(101) Concurrent cleanup
[2020-08-24T20:55:11.961+0000][31350][gc           ] GC(101) Concurrent cleanup 466M->112M(4096M) 0.210ms
[2020-08-24T20:55:11.961+0000][31350][gc,ergo      ] GC(101) Free: 3778M (1892 regions), Max regular: 2048K, Max humongous: 3402M, External frag: 10%, Internal frag: 0%
[2020-08-24T20:55:11.961+0000][31350][gc,ergo      ] GC(101) Evacuation Reserve: 204M (103 regions), Max regular: 2048K
[2020-08-24T20:55:11.961+0000][31350][gc,start     ] GC(101) Concurrent evacuation
[2020-08-24T20:55:11.961+0000][31350][gc,task      ] GC(101) Using 3 of 6 workers for concurrent evacuation
[2020-08-24T20:55:11.962+0000][31350][gc           ] GC(101) Concurrent evacuation 112M->112M(4096M) 0.283ms
[2020-08-24T20:55:11.962+0000][31350][gc,start     ] GC(101) Pause Init Update Refs
[2020-08-24T20:55:11.962+0000][31350][gc           ] GC(101) Pause Init Update Refs 0.048ms
[2020-08-24T20:55:11.962+0000][31350][safepoint    ] Safepoint "ShenandoahInitUpdateRefs", Time since last: 11681706 ns, Reaching safepoint: 172533 ns, At safepoint: 77962 ns, Total: 250495 ns
[2020-08-24T20:55:11.962+0000][31350][gc,start     ] GC(101) Concurrent update references
[2020-08-24T20:55:11.962+0000][31350][gc,task      ] GC(101) Using 3 of 6 workers for concurrent reference update
[2020-08-24T20:55:11.968+0000][31350][gc           ] GC(101) Concurrent update references 116M->130M(4096M) 6.217ms
[2020-08-24T20:55:11.968+0000][31350][gc,start     ] GC(101) Pause Final Update Refs
[2020-08-24T20:55:11.968+0000][31350][gc,task      ] GC(101) Using 6 of 6 workers for final reference update
[2020-08-24T20:55:11.968+0000][31350][gc           ] GC(101) Pause Final Update Refs 0.119ms
[2020-08-24T20:55:11.968+0000][31350][safepoint    ] Safepoint "ShenandoahFinalUpdateRefs", Time since last: 6319526 ns, Reaching safepoint: 141975 ns, At safepoint: 135806 ns, Total: 277781 ns
[2020-08-24T20:55:11.968+0000][31350][gc,start     ] GC(101) Concurrent cleanup
[2020-08-24T20:55:11.969+0000][31350][gc           ] GC(101) Concurrent cleanup 130M->72M(4096M) 0.130ms
[2020-08-24T20:55:11.969+0000][31350][gc,ergo      ] Free: 3817M (1913 regions), Max regular: 2048K, Max humongous: 3402M, External frag: 11%, Internal frag: 0%
[2020-08-24T20:55:11.969+0000][31350][gc,ergo      ] Evacuation Reserve: 206M (103 regions), Max regular: 2048K
[2020-08-24T20:55:12.969+0000][31350][safepoint    ] Safepoint "Cleanup", Time since last: 1000091055 ns, Reaching safepoint: 182169 ns, At safepoint: 15062 ns, Total: 197231 ns
[2020-08-24T20:55:13.969+0000][31350][safepoint    ] Safepoint "Cleanup", Time since last: 1000163594 ns, Reaching safepoint: 223386 ns, At safepoint: 12219 ns, Total: 235605 ns
[2020-08-24T20:55:14.851+0000][31350][gc           ] Trigger: Allocated since last cycle (409M) is larger than allocation threshold (409M)
[2020-08-24T20:55:14.851+0000][31350][gc,ergo      ] Free: 3459M (1734 regions), Max regular: 2048K, Max humongous: 3402M, External frag: 2%, Internal frag: 0%
[2020-08-24T20:55:14.851+0000][31350][gc,ergo      ] Evacuation Reserve: 206M (103 regions), Max regular: 2048K
[2020-08-24T20:55:14.851+0000][31350][gc,start     ] GC(102) Concurrent reset
[2020-08-24T20:55:14.851+0000][31350][gc,task      ] GC(102) Using 3 of 6 workers for concurrent reset
[2020-08-24T20:55:14.851+0000][31350][gc           ] GC(102) Concurrent reset 430M->430M(4096M) 0.156ms
[2020-08-24T20:55:14.851+0000][31350][gc,start     ] GC(102) Pause Init Mark (unload classes)
[2020-08-24T20:55:14.851+0000][31350][gc,task      ] GC(102) Using 6 of 6 workers for init marking
[2020-08-24T20:55:14.851+0000][31350][gc           ] GC(102) Pause Init Mark (unload classes) 0.373ms
[2020-08-24T20:55:14.851+0000][31350][safepoint    ] Safepoint "ShenandoahInitMark", Time since last: 881914078 ns, Reaching safepoint: 63997 ns, At safepoint: 388440 ns, Total: 452437 ns
[2020-08-24T20:55:14.851+0000][31350][gc,start     ] GC(102) Concurrent marking (unload classes)
[2020-08-24T20:55:14.851+0000][31350][gc,task      ] GC(102) Using 3 of 6 workers for concurrent marking
[2020-08-24T20:55:14.862+0000][31350][gc           ] GC(102) Concurrent marking (unload classes) 432M->448M(4096M) 10.745ms
[2020-08-24T20:55:14.862+0000][31350][gc,start     ] GC(102) Pause Final Mark (unload classes)
[2020-08-24T20:55:14.862+0000][31350][gc,task      ] GC(102) Using 6 of 6 workers for final marking
[2020-08-24T20:55:14.863+0000][31350][gc,ergo      ] GC(102) CSet Selection. Actual Free: 3977M, Max CSet: 2983M
[2020-08-24T20:55:14.863+0000][31350][gc,ergo      ] GC(102) Collectable Garbage: 57922K (13% of total), 995K CSet, 29 CSet regions
[2020-08-24T20:55:14.863+0000][31350][gc,ergo      ] GC(102) Immediate Garbage: 353M (85% of total), 177 regions
[2020-08-24T20:55:14.863+0000][31350][gc           ] GC(102) Pause Final Mark (unload classes) 0.927ms
[2020-08-24T20:55:14.863+0000][31350][safepoint    ] Safepoint "ShenandoahFinalMarkStartEvac", Time since last: 10825175 ns, Reaching safepoint: 137896 ns, At safepoint: 946846 ns, Total: 1084742 ns
[2020-08-24T20:55:14.863+0000][31350][gc,start     ] GC(102) Concurrent roots processing
[2020-08-24T20:55:14.863+0000][31350][gc,task      ] GC(102) Using 3 of 6 workers for concurrent root processing
[2020-08-24T20:55:14.874+0000][31350][gc           ] GC(102) Concurrent roots processing 448M->466M(4096M) 10.579ms
[2020-08-24T20:55:14.874+0000][31350][gc,start     ] GC(102) Concurrent cleanup
[2020-08-24T20:55:14.874+0000][31350][gc           ] GC(102) Concurrent cleanup 466M->112M(4096M) 0.160ms
[2020-08-24T20:55:14.874+0000][31350][gc,ergo      ] GC(102) Free: 3778M (1892 regions), Max regular: 2048K, Max humongous: 3414M, External frag: 10%, Internal frag: 0%
[2020-08-24T20:55:14.874+0000][31350][gc,ergo      ] GC(102) Evacuation Reserve: 204M (103 regions), Max regular: 2048K
[2020-08-24T20:55:14.874+0000][31350][gc,start     ] GC(102) Concurrent evacuation
[2020-08-24T20:55:14.874+0000][31350][gc,task      ] GC(102) Using 3 of 6 workers for concurrent evacuation
[2020-08-24T20:55:14.874+0000][31350][gc           ] GC(102) Concurrent evacuation 112M->112M(4096M) 0.241ms
[2020-08-24T20:55:14.875+0000][31350][gc,start     ] GC(102) Pause Init Update Refs
[2020-08-24T20:55:14.875+0000][31350][gc           ] GC(102) Pause Init Update Refs 0.039ms
[2020-08-24T20:55:14.875+0000][31350][safepoint    ] Safepoint "ShenandoahInitUpdateRefs", Time since last: 11146474 ns, Reaching safepoint: 98157 ns, At safepoint: 52416 ns, Total: 150573 ns
[2020-08-24T20:55:14.875+0000][31350][gc,start     ] GC(102) Concurrent update references
[2020-08-24T20:55:14.875+0000][31350][gc,task      ] GC(102) Using 3 of 6 workers for concurrent reference update
[2020-08-24T20:55:14.879+0000][31350][gc           ] GC(102) Concurrent update references 112M->126M(4096M) 4.491ms
[2020-08-24T20:55:14.879+0000][31350][gc,start     ] GC(102) Pause Final Update Refs
[2020-08-24T20:55:14.879+0000][31350][gc,task      ] GC(102) Using 6 of 6 workers for final reference update
[2020-08-24T20:55:14.880+0000][31350][gc           ] GC(102) Pause Final Update Refs 0.216ms
[2020-08-24T20:55:14.880+0000][31350][safepoint    ] Safepoint "ShenandoahFinalUpdateRefs", Time since last: 4543585 ns, Reaching safepoint: 116831 ns, At safepoint: 234153 ns, Total: 350984 ns
[2020-08-24T20:55:14.880+0000][31350][gc,start     ] GC(102) Concurrent cleanup
[2020-08-24T20:55:14.880+0000][31350][gc           ] GC(102) Concurrent cleanup 126M->69M(4096M) 0.108ms
[2020-08-24T20:55:14.880+0000][31350][gc,ergo      ] Free: 3820M (1915 regions), Max regular: 2048K, Max humongous: 3436M, External frag: 11%, Internal frag: 0%
[2020-08-24T20:55:14.880+0000][31350][gc,ergo      ] Evacuation Reserve: 206M (103 regions), Max regular: 2048K
[2020-08-24T20:55:15.880+0000][31350][safepoint    ] Safepoint "Cleanup", Time since last: 1000139937 ns, Reaching safepoint: 176023 ns, At safepoint: 31733 ns, Total: 207756 ns
[2020-08-24T20:55:16.880+0000][31350][safepoint    ] Safepoint "Cleanup", Time since last: 1000161427 ns, Reaching safepoint: 338817 ns, At safepoint: 22491 ns, Total: 361308 ns
[2020-08-24T20:55:17.881+0000][31350][safepoint    ] Safepoint "Cleanup", Time since last: 1000183331 ns, Reaching safepoint: 343436 ns, At safepoint: 26654 ns, Total: 370090 ns
[2020-08-24T20:55:17.916+0000][31350][gc           ] Trigger: Allocated since last cycle (409M) is larger than allocation threshold (409M)
[2020-08-24T20:55:17.916+0000][31350][gc,ergo      ] Free: 3458M (1734 regions), Max regular: 2048K, Max humongous: 3436M, External frag: 1%, Internal frag: 0%
[2020-08-24T20:55:17.916+0000][31350][gc,ergo      ] Evacuation Reserve: 206M (103 regions), Max regular: 2048K
[2020-08-24T20:55:17.916+0000][31350][gc,start     ] GC(103) Concurrent reset
[2020-08-24T20:55:17.916+0000][31350][gc,task      ] GC(103) Using 3 of 6 workers for concurrent reset
[2020-08-24T20:55:17.917+0000][31350][gc           ] GC(103) Concurrent reset 431M->431M(4096M) 0.456ms
[2020-08-24T20:55:17.917+0000][31350][gc,start     ] GC(103) Pause Init Mark (unload classes)
[2020-08-24T20:55:17.917+0000][31350][gc,task      ] GC(103) Using 6 of 6 workers for init marking
[2020-08-24T20:55:17.918+0000][31350][gc           ] GC(103) Pause Init Mark (unload classes) 1.115ms
[2020-08-24T20:55:17.918+0000][31350][safepoint    ] Safepoint "ShenandoahInitMark", Time since last: 35881860 ns, Reaching safepoint: 178498 ns, At safepoint: 1212307 ns, Total: 1390805 ns
[2020-08-24T20:55:17.918+0000][31350][gc,start     ] GC(103) Concurrent marking (unload classes)
[2020-08-24T20:55:17.918+0000][31350][gc,task      ] GC(103) Using 3 of 6 workers for concurrent marking
[2020-08-24T20:55:17.939+0000][31350][gc           ] GC(103) Concurrent marking (unload classes) 431M->445M(4096M) 21.029ms
[2020-08-24T20:55:17.940+0000][31350][gc,start     ] GC(103) Pause Final Mark (unload classes)
[2020-08-24T20:55:17.940+0000][31350][gc,task      ] GC(103) Using 6 of 6 workers for final marking
[2020-08-24T20:55:17.940+0000][31350][gc,ergo      ] GC(103) CSet Selection. Actual Free: 3980M, Max CSet: 2985M
[2020-08-24T20:55:17.940+0000][31350][gc,ergo      ] GC(103) Collectable Garbage: 60013K (14% of total), 1016K CSet, 30 CSet regions
[2020-08-24T20:55:17.940+0000][31350][gc,ergo      ] GC(103) Immediate Garbage: 352M (85% of total), 176 regions
[2020-08-24T20:55:17.941+0000][31350][gc           ] GC(103) Pause Final Mark (unload classes) 1.257ms
[2020-08-24T20:55:17.941+0000][31350][safepoint    ] Safepoint "ShenandoahFinalMarkStartEvac", Time since last: 21228668 ns, Reaching safepoint: 239820 ns, At safepoint: 1311899 ns, Total: 1551719 ns
[2020-08-24T20:55:17.941+0000][31350][gc,start     ] GC(103) Concurrent roots processing
[2020-08-24T20:55:17.941+0000][31350][gc,task      ] GC(103) Using 3 of 6 workers for concurrent root processing
[2020-08-24T20:55:17.952+0000][31350][gc           ] GC(103) Concurrent roots processing 447M->466M(4096M) 10.916ms
[2020-08-24T20:55:17.952+0000][31350][gc,start     ] GC(103) Concurrent cleanup
[2020-08-24T20:55:17.952+0000][31350][gc           ] GC(103) Concurrent cleanup 466M->114M(4096M) 0.215ms
[2020-08-24T20:55:17.952+0000][31350][gc,ergo      ] GC(103) Free: 3776M (1891 regions), Max regular: 2048K, Max humongous: 3402M, External frag: 10%, Internal frag: 0%
[2020-08-24T20:55:17.952+0000][31350][gc,ergo      ] GC(103) Evacuation Reserve: 204M (103 regions), Max regular: 2048K
[2020-08-24T20:55:17.952+0000][31350][gc,start     ] GC(103) Concurrent evacuation
[2020-08-24T20:55:17.952+0000][31350][gc,task      ] GC(103) Using 3 of 6 workers for concurrent evacuation
[2020-08-24T20:55:17.953+0000][31350][gc           ] GC(103) Concurrent evacuation 114M->114M(4096M) 0.327ms
[2020-08-24T20:55:17.953+0000][31350][gc,start     ] GC(103) Pause Init Update Refs
[2020-08-24T20:55:17.953+0000][31350][gc           ] GC(103) Pause Init Update Refs 0.044ms
[2020-08-24T20:55:17.953+0000][31350][safepoint    ] Safepoint "ShenandoahInitUpdateRefs", Time since last: 11710555 ns, Reaching safepoint: 124425 ns, At safepoint: 67898 ns, Total: 192323 ns
[2020-08-24T20:55:17.953+0000][31350][gc,start     ] GC(103) Concurrent update references
[2020-08-24T20:55:17.953+0000][31350][gc,task      ] GC(103) Using 3 of 6 workers for concurrent reference update
[2020-08-24T20:55:17.958+0000][31350][gc           ] GC(103) Concurrent update references 114M->132M(4096M) 4.646ms
[2020-08-24T20:55:17.958+0000][31350][gc,start     ] GC(103) Pause Final Update Refs
[2020-08-24T20:55:17.958+0000][31350][gc,task      ] GC(103) Using 6 of 6 workers for final reference update
[2020-08-24T20:55:17.958+0000][31350][gc           ] GC(103) Pause Final Update Refs 0.143ms
[2020-08-24T20:55:17.958+0000][31350][safepoint    ] Safepoint "ShenandoahFinalUpdateRefs", Time since last: 4702534 ns, Reaching safepoint: 104400 ns, At safepoint: 167774 ns, Total: 272174 ns
[2020-08-24T20:55:17.958+0000][31350][gc,start     ] GC(103) Concurrent cleanup
[2020-08-24T20:55:17.958+0000][31350][gc           ] GC(103) Concurrent cleanup 132M->72M(4096M) 0.100ms
[2020-08-24T20:55:17.958+0000][31350][gc,ergo      ] Free: 3817M (1913 regions), Max regular: 2048K, Max humongous: 3402M, External frag: 11%, Internal frag: 0%
[2020-08-24T20:55:17.958+0000][31350][gc,ergo      ] Evacuation Reserve: 206M (103 regions), Max regular: 2048K
[2020-08-24T20:55:18.958+0000][31350][safepoint    ] Safepoint "Cleanup", Time since last: 1000094829 ns, Reaching safepoint: 322601 ns, At safepoint: 32120 ns, Total: 354721 ns
[2020-08-24T20:55:19.959+0000][31350][safepoint    ] Safepoint "Cleanup", Time since last: 1000123565 ns, Reaching safepoint: 49398 ns, At safepoint: 2862 ns, Total: 52260 ns
[2020-08-24T20:55:20.892+0000][31350][gc           ] Trigger: Allocated since last cycle (409M) is larger than allocation threshold (409M)
[2020-08-24T20:55:20.892+0000][31350][gc,ergo      ] Free: 3459M (1734 regions), Max regular: 2048K, Max humongous: 3402M, External frag: 2%, Internal frag: 0%
[2020-08-24T20:55:20.892+0000][31350][gc,ergo      ] Evacuation Reserve: 206M (103 regions), Max regular: 2048K
[2020-08-24T20:55:20.892+0000][31350][gc,start     ] GC(104) Concurrent reset
[2020-08-24T20:55:20.892+0000][31350][gc,task      ] GC(104) Using 3 of 6 workers for concurrent reset
[2020-08-24T20:55:20.893+0000][31350][gc           ] GC(104) Concurrent reset 430M->430M(4096M) 0.506ms
[2020-08-24T20:55:20.893+0000][31350][gc,start     ] GC(104) Pause Init Mark (unload classes)
[2020-08-24T20:55:20.893+0000][31350][gc,task      ] GC(104) Using 6 of 6 workers for init marking
[2020-08-24T20:55:20.895+0000][31350][gc           ] GC(104) Pause Init Mark (unload classes) 1.135ms
[2020-08-24T20:55:20.895+0000][31350][safepoint    ] Safepoint "ShenandoahInitMark", Time since last: 934558884 ns, Reaching safepoint: 304914 ns, At safepoint: 1234394 ns, Total: 1539308 ns
[2020-08-24T20:55:20.895+0000][31350][gc,start     ] GC(104) Concurrent marking (unload classes)
[2020-08-24T20:55:20.895+0000][31350][gc,task      ] GC(104) Using 3 of 6 workers for concurrent marking
[2020-08-24T20:55:20.918+0000][31350][gc           ] GC(104) Concurrent marking (unload classes) 431M->446M(4096M) 23.415ms
[2020-08-24T20:55:20.918+0000][31350][gc,start     ] GC(104) Pause Final Mark (unload classes)
[2020-08-24T20:55:20.918+0000][31350][gc,task      ] GC(104) Using 6 of 6 workers for final marking
[2020-08-24T20:55:20.919+0000][31350][gc,ergo      ] GC(104) CSet Selection. Actual Free: 3977M, Max CSet: 2983M
[2020-08-24T20:55:20.919+0000][31350][gc,ergo      ] GC(104) Collectable Garbage: 60003K (14% of total), 1012K CSet, 30 CSet regions
[2020-08-24T20:55:20.919+0000][31350][gc,ergo      ] GC(104) Immediate Garbage: 351M (85% of total), 176 regions
[2020-08-24T20:55:20.920+0000][31350][gc           ] GC(104) Pause Final Mark (unload classes) 1.225ms
[2020-08-24T20:55:20.920+0000][31350][safepoint    ] Safepoint "ShenandoahFinalMarkStartEvac", Time since last: 23612861 ns, Reaching safepoint: 147862 ns, At safepoint: 1280252 ns, Total: 1428114 ns
[2020-08-24T20:55:20.920+0000][31350][gc,start     ] GC(104) Concurrent roots processing
[2020-08-24T20:55:20.920+0000][31350][gc,task      ] GC(104) Using 3 of 6 workers for concurrent root processing
[2020-08-24T20:55:20.935+0000][31350][gc           ] GC(104) Concurrent roots processing 447M->462M(4096M) 14.848ms
[2020-08-24T20:55:20.935+0000][31350][gc,start     ] GC(104) Concurrent cleanup
[2020-08-24T20:55:20.935+0000][31350][gc           ] GC(104) Concurrent cleanup 462M->110M(4096M) 0.567ms
[2020-08-24T20:55:20.936+0000][31350][gc,ergo      ] GC(104) Free: 3780M (1892 regions), Max regular: 2048K, Max humongous: 3410M, External frag: 10%, Internal frag: 0%
[2020-08-24T20:55:20.936+0000][31350][gc,ergo      ] GC(104) Evacuation Reserve: 204M (103 regions), Max regular: 2048K
[2020-08-24T20:55:20.936+0000][31350][gc,start     ] GC(104) Concurrent evacuation
[2020-08-24T20:55:20.936+0000][31350][gc,task      ] GC(104) Using 3 of 6 workers for concurrent evacuation
[2020-08-24T20:55:20.936+0000][31350][gc           ] GC(104) Concurrent evacuation 110M->110M(4096M) 0.432ms
[2020-08-24T20:55:20.936+0000][31350][gc,start     ] GC(104) Pause Init Update Refs
[2020-08-24T20:55:20.937+0000][31350][gc           ] GC(104) Pause Init Update Refs 0.113ms
[2020-08-24T20:55:20.937+0000][31350][safepoint    ] Safepoint "ShenandoahInitUpdateRefs", Time since last: 16568456 ns, Reaching safepoint: 212617 ns, At safepoint: 144824 ns, Total: 357441 ns
[2020-08-24T20:55:20.937+0000][31350][gc,start     ] GC(104) Concurrent update references
[2020-08-24T20:55:20.937+0000][31350][gc,task      ] GC(104) Using 3 of 6 workers for concurrent reference update
[2020-08-24T20:55:20.943+0000][31350][gc           ] GC(104) Concurrent update references 112M->124M(4096M) 6.109ms
[2020-08-24T20:55:20.943+0000][31350][gc,start     ] GC(104) Pause Final Update Refs
[2020-08-24T20:55:20.943+0000][31350][gc,task      ] GC(104) Using 6 of 6 workers for final reference update
[2020-08-24T20:55:20.943+0000][31350][gc           ] GC(104) Pause Final Update Refs 0.143ms
[2020-08-24T20:55:20.943+0000][31350][safepoint    ] Safepoint "ShenandoahFinalUpdateRefs", Time since last: 6213069 ns, Reaching safepoint: 83203 ns, At safepoint: 161528 ns, Total: 244731 ns
[2020-08-24T20:55:20.943+0000][31350][gc,start     ] GC(104) Concurrent cleanup
[2020-08-24T20:55:20.943+0000][31350][gc           ] GC(104) Concurrent cleanup 124M->66M(4096M) 0.115ms
[2020-08-24T20:55:20.943+0000][31350][gc,ergo      ] Free: 3823M (1915 regions), Max regular: 2048K, Max humongous: 3438M, External frag: 11%, Internal frag: 0%
[2020-08-24T20:55:20.943+0000][31350][gc,ergo      ] Evacuation Reserve: 206M (103 regions), Max regular: 2048K
[2020-08-24T20:55:21.943+0000][31350][safepoint    ] Safepoint "Cleanup", Time since last: 1000073241 ns, Reaching safepoint: 64440 ns, At safepoint: 3087 ns, Total: 67527 ns
[2020-08-24T20:55:22.944+0000][31350][safepoint    ] Safepoint "Cleanup", Time since last: 1000101149 ns, Reaching safepoint: 313396 ns, At safepoint: 22417 ns, Total: 335813 ns
[2020-08-24T20:55:23.888+0000][31350][gc           ] Trigger: Allocated since last cycle (410M) is larger than allocation threshold (409M)
[2020-08-24T20:55:23.889+0000][31350][gc,ergo      ] Free: 3459M (1733 regions), Max regular: 2048K, Max humongous: 3436M, External frag: 1%, Internal frag: 0%
[2020-08-24T20:55:23.889+0000][31350][gc,ergo      ] Evacuation Reserve: 206M (103 regions), Max regular: 2048K
[2020-08-24T20:55:23.889+0000][31350][gc,start     ] GC(105) Concurrent reset
[2020-08-24T20:55:23.889+0000][31350][gc,task      ] GC(105) Using 3 of 6 workers for concurrent reset
[2020-08-24T20:55:23.889+0000][31350][gc           ] GC(105) Concurrent reset 430M->430M(4096M) 0.343ms
[2020-08-24T20:55:23.889+0000][31350][gc,start     ] GC(105) Pause Init Mark (process weakrefs) (unload classes)
[2020-08-24T20:55:23.889+0000][31350][gc,task      ] GC(105) Using 6 of 6 workers for init marking
[2020-08-24T20:55:23.890+0000][31350][gc           ] GC(105) Pause Init Mark (process weakrefs) (unload classes) 0.754ms
[2020-08-24T20:55:23.890+0000][31350][safepoint    ] Safepoint "ShenandoahInitMark", Time since last: 945512663 ns, Reaching safepoint: 236170 ns, At safepoint: 803397 ns, Total: 1039567 ns
[2020-08-24T20:55:23.890+0000][31350][gc,start     ] GC(105) Concurrent marking (process weakrefs) (unload classes)
[2020-08-24T20:55:23.890+0000][31350][gc,task      ] GC(105) Using 3 of 6 workers for concurrent marking
[2020-08-24T20:55:23.903+0000][31350][gc           ] GC(105) Concurrent marking (process weakrefs) (unload classes) 430M->450M(4096M) 13.174ms
[2020-08-24T20:55:23.903+0000][31350][gc,start     ] GC(105) Concurrent precleaning
[2020-08-24T20:55:23.903+0000][31350][gc,task      ] GC(105) Using 1 of 6 workers for concurrent preclean
[2020-08-24T20:55:23.905+0000][31350][gc           ] GC(105) Concurrent precleaning 450M->450M(4096M) 1.075ms
[2020-08-24T20:55:23.905+0000][31350][gc,start     ] GC(105) Pause Final Mark (process weakrefs) (unload classes)
[2020-08-24T20:55:23.905+0000][31350][gc,task      ] GC(105) Using 6 of 6 workers for final marking
[2020-08-24T20:55:23.905+0000][31350][gc,ergo      ] GC(105) CSet Selection. Actual Free: 3974M, Max CSet: 2980M
[2020-08-24T20:55:23.905+0000][31350][gc,ergo      ] GC(105) Collectable Garbage: 60022K (14% of total), 949K CSet, 30 CSet regions
[2020-08-24T20:55:23.905+0000][31350][gc,ergo      ] GC(105) Immediate Garbage: 352M (85% of total), 176 regions
[2020-08-24T20:55:23.906+0000][31350][gc           ] GC(105) Pause Final Mark (process weakrefs) (unload classes) 0.986ms
[2020-08-24T20:55:23.906+0000][31350][safepoint    ] Safepoint "ShenandoahFinalMarkStartEvac", Time since last: 14421261 ns, Reaching safepoint: 169057 ns, At safepoint: 1012743 ns, Total: 1181800 ns
[2020-08-24T20:55:23.906+0000][31350][gc,start     ] GC(105) Concurrent roots processing
[2020-08-24T20:55:23.906+0000][31350][gc,task      ] GC(105) Using 3 of 6 workers for concurrent root processing
[2020-08-24T20:55:23.918+0000][31350][gc           ] GC(105) Concurrent roots processing 450M->470M(4096M) 12.007ms
[2020-08-24T20:55:23.918+0000][31350][gc,start     ] GC(105) Concurrent cleanup
[2020-08-24T20:55:23.918+0000][31350][gc           ] GC(105) Concurrent cleanup 470M->118M(4096M) 0.319ms
[2020-08-24T20:55:23.918+0000][31350][gc,ergo      ] GC(105) Free: 3772M (1889 regions), Max regular: 2048K, Max humongous: 3398M, External frag: 10%, Internal frag: 0%
[2020-08-24T20:55:23.918+0000][31350][gc,ergo      ] GC(105) Evacuation Reserve: 204M (103 regions), Max regular: 2048K
[2020-08-24T20:55:23.918+0000][31350][gc,start     ] GC(105) Concurrent evacuation
[2020-08-24T20:55:23.918+0000][31350][gc,task      ] GC(105) Using 3 of 6 workers for concurrent evacuation
[2020-08-24T20:55:23.919+0000][31350][gc           ] GC(105) Concurrent evacuation 118M->118M(4096M) 0.335ms
[2020-08-24T20:55:23.919+0000][31350][gc,start     ] GC(105) Pause Init Update Refs
[2020-08-24T20:55:23.919+0000][31350][gc           ] GC(105) Pause Init Update Refs 0.048ms
[2020-08-24T20:55:23.919+0000][31350][safepoint    ] Safepoint "ShenandoahInitUpdateRefs", Time since last: 12887913 ns, Reaching safepoint: 124391 ns, At safepoint: 64174 ns, Total: 188565 ns
[2020-08-24T20:55:23.919+0000][31350][gc,start     ] GC(105) Concurrent update references
[2020-08-24T20:55:23.919+0000][31350][gc,task      ] GC(105) Using 3 of 6 workers for concurrent reference update
[2020-08-24T20:55:23.926+0000][31350][gc           ] GC(105) Concurrent update references 120M->134M(4096M) 7.254ms
[2020-08-24T20:55:23.926+0000][31350][gc,start     ] GC(105) Pause Final Update Refs
[2020-08-24T20:55:23.926+0000][31350][gc,task      ] GC(105) Using 6 of 6 workers for final reference update
[2020-08-24T20:55:23.927+0000][31350][gc           ] GC(105) Pause Final Update Refs 0.297ms
[2020-08-24T20:55:23.927+0000][31350][safepoint    ] Safepoint "ShenandoahFinalUpdateRefs", Time since last: 7378147 ns, Reaching safepoint: 102065 ns, At safepoint: 323151 ns, Total: 425216 ns
[2020-08-24T20:55:23.927+0000][31350][gc,start     ] GC(105) Concurrent cleanup
[2020-08-24T20:55:23.927+0000][31350][gc           ] GC(105) Concurrent cleanup 134M->74M(4096M) 0.132ms
[2020-08-24T20:55:23.927+0000][31350][gc,ergo      ] Free: 3815M (1912 regions), Max regular: 2048K, Max humongous: 3398M, External frag: 11%, Internal frag: 0%
[2020-08-24T20:55:23.927+0000][31350][gc,ergo      ] Evacuation Reserve: 206M (103 regions), Max regular: 2048K
[2020-08-24T20:55:24.927+0000][31350][safepoint    ] Safepoint "Cleanup", Time since last: 1000148687 ns, Reaching safepoint: 209936 ns, At safepoint: 26104 ns, Total: 236040 ns
[2020-08-24T20:55:25.927+0000][31350][safepoint    ] Safepoint "Cleanup", Time since last: 1000142389 ns, Reaching safepoint: 142373 ns, At safepoint: 26279 ns, Total: 168652 ns
[2020-08-24T20:55:26.921+0000][31350][gc           ] Trigger: Allocated since last cycle (409M) is larger than allocation threshold (409M)
[2020-08-24T20:55:26.921+0000][31350][gc,ergo      ] Free: 3459M (1734 regions), Max regular: 2048K, Max humongous: 3398M, External frag: 2%, Internal frag: 0%
[2020-08-24T20:55:26.921+0000][31350][gc,ergo      ] Evacuation Reserve: 206M (103 regions), Max regular: 2048K
[2020-08-24T20:55:26.921+0000][31350][gc,start     ] GC(106) Concurrent reset
[2020-08-24T20:55:26.921+0000][31350][gc,task      ] GC(106) Using 3 of 6 workers for concurrent reset
[2020-08-24T20:55:26.922+0000][31350][gc           ] GC(106) Concurrent reset 430M->430M(4096M) 0.546ms
[2020-08-24T20:55:26.923+0000][31350][gc,start     ] GC(106) Pause Init Mark (unload classes)
[2020-08-24T20:55:26.923+0000][31350][gc,task      ] GC(106) Using 6 of 6 workers for init marking
[2020-08-24T20:55:26.924+0000][31350][gc           ] GC(106) Pause Init Mark (unload classes) 1.192ms
[2020-08-24T20:55:26.924+0000][31350][safepoint    ] Safepoint "ShenandoahInitMark", Time since last: 994803897 ns, Reaching safepoint: 401626 ns, At safepoint: 1288872 ns, Total: 1690498 ns
[2020-08-24T20:55:26.924+0000][31350][gc,start     ] GC(106) Concurrent marking (unload classes)
[2020-08-24T20:55:26.924+0000][31350][gc,task      ] GC(106) Using 3 of 6 workers for concurrent marking
[2020-08-24T20:55:26.946+0000][31350][gc           ] GC(106) Concurrent marking (unload classes) 432M->448M(4096M) 22.473ms
[2020-08-24T20:55:26.947+0000][31350][gc,start     ] GC(106) Pause Final Mark (unload classes)
[2020-08-24T20:55:26.947+0000][31350][gc,task      ] GC(106) Using 6 of 6 workers for final marking
[2020-08-24T20:55:26.947+0000][31350][gc,ergo      ] GC(106) CSet Selection. Actual Free: 3975M, Max CSet: 2981M
[2020-08-24T20:55:26.947+0000][31350][gc,ergo      ] GC(106) Collectable Garbage: 59956K (14% of total), 981K CSet, 30 CSet regions
[2020-08-24T20:55:26.947+0000][31350][gc,ergo      ] GC(106) Immediate Garbage: 351M (85% of total), 176 regions
[2020-08-24T20:55:26.948+0000][31350][gc           ] GC(106) Pause Final Mark (unload classes) 1.062ms
[2020-08-24T20:55:26.948+0000][31350][safepoint    ] Safepoint "ShenandoahFinalMarkStartEvac", Time since last: 22684892 ns, Reaching safepoint: 89856 ns, At safepoint: 1105062 ns, Total: 1194918 ns
[2020-08-24T20:55:26.948+0000][31350][gc,start     ] GC(106) Concurrent roots processing
[2020-08-24T20:55:26.948+0000][31350][gc,task      ] GC(106) Using 3 of 6 workers for concurrent root processing
[2020-08-24T20:55:26.958+0000][31350][gc           ] GC(106) Concurrent roots processing 448M->468M(4096M) 10.589ms
[2020-08-24T20:55:26.958+0000][31350][gc,start     ] GC(106) Concurrent cleanup
[2020-08-24T20:55:26.959+0000][31350][gc           ] GC(106) Concurrent cleanup 468M->116M(4096M) 0.240ms
[2020-08-24T20:55:26.959+0000][31350][gc,ergo      ] GC(106) Free: 3774M (1890 regions), Max regular: 2048K, Max humongous: 3400M, External frag: 10%, Internal frag: 0%
[2020-08-24T20:55:26.959+0000][31350][gc,ergo      ] GC(106) Evacuation Reserve: 204M (103 regions), Max regular: 2048K
[2020-08-24T20:55:26.959+0000][31350][gc,start     ] GC(106) Concurrent evacuation
[2020-08-24T20:55:26.959+0000][31350][gc,task      ] GC(106) Using 3 of 6 workers for concurrent evacuation
[2020-08-24T20:55:26.959+0000][31350][gc           ] GC(106) Concurrent evacuation 116M->118M(4096M) 0.285ms
[2020-08-24T20:55:26.959+0000][31350][gc,start     ] GC(106) Pause Init Update Refs
[2020-08-24T20:55:26.959+0000][31350][gc           ] GC(106) Pause Init Update Refs 0.055ms
[2020-08-24T20:55:26.959+0000][31350][safepoint    ] Safepoint "ShenandoahInitUpdateRefs", Time since last: 11367881 ns, Reaching safepoint: 135485 ns, At safepoint: 79816 ns, Total: 215301 ns
[2020-08-24T20:55:26.959+0000][31350][gc,start     ] GC(106) Concurrent update references
[2020-08-24T20:55:26.959+0000][31350][gc,task      ] GC(106) Using 3 of 6 workers for concurrent reference update
[2020-08-24T20:55:26.966+0000][31350][gc           ] GC(106) Concurrent update references 118M->138M(4096M) 6.312ms
[2020-08-24T20:55:26.966+0000][31350][gc,start     ] GC(106) Pause Final Update Refs
[2020-08-24T20:55:26.966+0000][31350][gc,task      ] GC(106) Using 6 of 6 workers for final reference update
[2020-08-24T20:55:26.966+0000][31350][gc           ] GC(106) Pause Final Update Refs 0.149ms
[2020-08-24T20:55:26.966+0000][31350][safepoint    ] Safepoint "ShenandoahFinalUpdateRefs", Time since last: 6415130 ns, Reaching safepoint: 124182 ns, At safepoint: 177140 ns, Total: 301322 ns
[2020-08-24T20:55:26.966+0000][31350][gc,start     ] GC(106) Concurrent cleanup
[2020-08-24T20:55:26.966+0000][31350][gc           ] GC(106) Concurrent cleanup 138M->78M(4096M) 0.203ms
[2020-08-24T20:55:26.966+0000][31350][gc,ergo      ] Free: 3811M (1910 regions), Max regular: 2048K, Max humongous: 3438M, External frag: 10%, Internal frag: 0%
[2020-08-24T20:55:26.966+0000][31350][gc,ergo      ] Evacuation Reserve: 206M (103 regions), Max regular: 2048K
[2020-08-24T20:55:27.966+0000][31350][safepoint    ] Safepoint "Cleanup", Time since last: 1000069811 ns, Reaching safepoint: 135556 ns, At safepoint: 3881 ns, Total: 139437 ns
[2020-08-24T20:55:28.967+0000][31350][safepoint    ] Safepoint "Cleanup", Time since last: 1000118204 ns, Reaching safepoint: 251163 ns, At safepoint: 20607 ns, Total: 271770 ns
[2020-08-24T20:55:29.805+0000][31350][gc           ] Trigger: Allocated since last cycle (409M) is larger than allocation threshold (409M)
[2020-08-24T20:55:29.805+0000][31350][gc,ergo      ] Free: 3459M (1733 regions), Max regular: 2048K, Max humongous: 3436M, External frag: 1%, Internal frag: 0%
[2020-08-24T20:55:29.805+0000][31350][gc,ergo      ] Evacuation Reserve: 206M (103 regions), Max regular: 2048K
[2020-08-24T20:55:29.805+0000][31350][gc,start     ] GC(107) Concurrent reset
[2020-08-24T20:55:29.805+0000][31350][gc,task      ] GC(107) Using 3 of 6 workers for concurrent reset
[2020-08-24T20:55:29.805+0000][31350][gc           ] GC(107) Concurrent reset 430M->430M(4096M) 0.158ms
[2020-08-24T20:55:29.805+0000][31350][gc,start     ] GC(107) Pause Init Mark (unload classes)
[2020-08-24T20:55:29.805+0000][31350][gc,task      ] GC(107) Using 6 of 6 workers for init marking
[2020-08-24T20:55:29.806+0000][31350][gc           ] GC(107) Pause Init Mark (unload classes) 0.476ms
[2020-08-24T20:55:29.806+0000][31350][safepoint    ] Safepoint "ShenandoahInitMark", Time since last: 838647513 ns, Reaching safepoint: 113413 ns, At safepoint: 491454 ns, Total: 604867 ns
[2020-08-24T20:55:29.806+0000][31350][gc,start     ] GC(107) Concurrent marking (unload classes)
[2020-08-24T20:55:29.806+0000][31350][gc,task      ] GC(107) Using 3 of 6 workers for concurrent marking
[2020-08-24T20:55:29.814+0000][31350][gc           ] GC(107) Concurrent marking (unload classes) 430M->448M(4096M) 7.975ms
[2020-08-24T20:55:29.814+0000][31350][gc,start     ] GC(107) Pause Final Mark (unload classes)
[2020-08-24T20:55:29.814+0000][31350][gc,task      ] GC(107) Using 6 of 6 workers for final marking
[2020-08-24T20:55:29.814+0000][31350][gc,ergo      ] GC(107) CSet Selection. Actual Free: 3992M, Max CSet: 2994M
[2020-08-24T20:55:29.814+0000][31350][gc,ergo      ] GC(107) Collectable Garbage: 43594K (10% of total), 989K CSet, 22 CSet regions
[2020-08-24T20:55:29.814+0000][31350][gc,ergo      ] GC(107) Immediate Garbage: 368M (89% of total), 184 regions
[2020-08-24T20:55:29.815+0000][31350][gc           ] GC(107) Pause Final Mark (unload classes) 0.530ms
[2020-08-24T20:55:29.815+0000][31350][safepoint    ] Safepoint "ShenandoahFinalMarkStartEvac", Time since last: 8107178 ns, Reaching safepoint: 89141 ns, At safepoint: 544426 ns, Total: 633567 ns
[2020-08-24T20:55:29.815+0000][31350][gc,start     ] GC(107) Concurrent roots processing
[2020-08-24T20:55:29.815+0000][31350][gc,task      ] GC(107) Using 3 of 6 workers for concurrent root processing
[2020-08-24T20:55:29.823+0000][31350][gc           ] GC(107) Concurrent roots processing 448M->468M(4096M) 8.110ms
[2020-08-24T20:55:29.823+0000][31350][gc,start     ] GC(107) Concurrent cleanup
[2020-08-24T20:55:29.823+0000][31350][gc           ] GC(107) Concurrent cleanup 468M->100M(4096M) 0.174ms
[2020-08-24T20:55:29.823+0000][31350][gc,ergo      ] GC(107) Free: 3790M (1898 regions), Max regular: 2048K, Max humongous: 3400M, External frag: 11%, Internal frag: 0%
[2020-08-24T20:55:29.823+0000][31350][gc,ergo      ] GC(107) Evacuation Reserve: 204M (103 regions), Max regular: 2048K
[2020-08-24T20:55:29.823+0000][31350][gc,start     ] GC(107) Concurrent evacuation
[2020-08-24T20:55:29.823+0000][31350][gc,task      ] GC(107) Using 3 of 6 workers for concurrent evacuation
[2020-08-24T20:55:29.823+0000][31350][gc           ] GC(107) Concurrent evacuation 100M->100M(4096M) 0.208ms
[2020-08-24T20:55:29.823+0000][31350][gc,start     ] GC(107) Pause Init Update Refs
[2020-08-24T20:55:29.823+0000][31350][gc           ] GC(107) Pause Init Update Refs 0.032ms
[2020-08-24T20:55:29.823+0000][31350][safepoint    ] Safepoint "ShenandoahInitUpdateRefs", Time since last: 8700376 ns, Reaching safepoint: 107857 ns, At safepoint: 45693 ns, Total: 153550 ns
[2020-08-24T20:55:29.823+0000][31350][gc,start     ] GC(107) Concurrent update references
[2020-08-24T20:55:29.824+0000][31350][gc,task      ] GC(107) Using 3 of 6 workers for concurrent reference update
[2020-08-24T20:55:29.829+0000][31350][gc           ] GC(107) Concurrent update references 102M->114M(4096M) 4.998ms
[2020-08-24T20:55:29.829+0000][31350][gc,start     ] GC(107) Pause Final Update Refs
[2020-08-24T20:55:29.829+0000][31350][gc,task      ] GC(107) Using 6 of 6 workers for final reference update
[2020-08-24T20:55:29.829+0000][31350][gc           ] GC(107) Pause Final Update Refs 0.110ms
[2020-08-24T20:55:29.829+0000][31350][safepoint    ] Safepoint "ShenandoahFinalUpdateRefs", Time since last: 5065918 ns, Reaching safepoint: 46235 ns, At safepoint: 125193 ns, Total: 171428 ns
[2020-08-24T20:55:29.829+0000][31350][gc,start     ] GC(107) Concurrent cleanup
[2020-08-24T20:55:29.829+0000][31350][gc           ] GC(107) Concurrent cleanup 114M->70M(4096M) 0.108ms
[2020-08-24T20:55:29.829+0000][31350][gc,ergo      ] Free: 3819M (1914 regions), Max regular: 2048K, Max humongous: 3400M, External frag: 11%, Internal frag: 0%
[2020-08-24T20:55:29.829+0000][31350][gc,ergo      ] Evacuation Reserve: 206M (103 regions), Max regular: 2048K
[2020-08-24T20:55:30.829+0000][31350][safepoint    ] Safepoint "Cleanup", Time since last: 1000093019 ns, Reaching safepoint: 249043 ns, At safepoint: 7064 ns, Total: 256107 ns
[2020-08-24T20:55:31.829+0000][31350][safepoint    ] Safepoint "Cleanup", Time since last: 1000194889 ns, Reaching safepoint: 200445 ns, At safepoint: 27372 ns, Total: 227817 ns
[2020-08-24T20:55:32.830+0000][31350][safepoint    ] Safepoint "Cleanup", Time since last: 1000130645 ns, Reaching safepoint: 305771 ns, At safepoint: 20247 ns, Total: 326018 ns
[2020-08-24T20:55:32.869+0000][31350][gc           ] Trigger: Allocated since last cycle (409M) is larger than allocation threshold (409M)
[2020-08-24T20:55:32.869+0000][31350][gc,ergo      ] Free: 3459M (1734 regions), Max regular: 2048K, Max humongous: 3400M, External frag: 2%, Internal frag: 0%
[2020-08-24T20:55:32.869+0000][31350][gc,ergo      ] Evacuation Reserve: 206M (103 regions), Max regular: 2048K
[2020-08-24T20:55:32.869+0000][31350][gc,start     ] GC(108) Concurrent reset
[2020-08-24T20:55:32.869+0000][31350][gc,task      ] GC(108) Using 3 of 6 workers for concurrent reset
[2020-08-24T20:55:32.870+0000][31350][gc           ] GC(108) Concurrent reset 430M->430M(4096M) 0.824ms
[2020-08-24T20:55:32.870+0000][31350][gc,start     ] GC(108) Pause Init Mark (unload classes)
[2020-08-24T20:55:32.870+0000][31350][gc,task      ] GC(108) Using 6 of 6 workers for init marking
[2020-08-24T20:55:32.871+0000][31350][gc           ] GC(108) Pause Init Mark (unload classes) 0.928ms
[2020-08-24T20:55:32.871+0000][31350][safepoint    ] Safepoint "ShenandoahInitMark", Time since last: 40219570 ns, Reaching safepoint: 245659 ns, At safepoint: 996283 ns, Total: 1241942 ns
[2020-08-24T20:55:32.872+0000][31350][gc,start     ] GC(108) Concurrent marking (unload classes)
[2020-08-24T20:55:32.872+0000][31350][gc,task      ] GC(108) Using 3 of 6 workers for concurrent marking
[2020-08-24T20:55:32.892+0000][31350][gc           ] GC(108) Concurrent marking (unload classes) 430M->444M(4096M) 20.022ms
[2020-08-24T20:55:32.892+0000][31350][gc,start     ] GC(108) Pause Final Mark (unload classes)
[2020-08-24T20:55:32.892+0000][31350][gc,task      ] GC(108) Using 6 of 6 workers for final marking
[2020-08-24T20:55:32.892+0000][31350][gc,ergo      ] GC(108) CSet Selection. Actual Free: 3986M, Max CSet: 2989M
[2020-08-24T20:55:32.892+0000][31350][gc,ergo      ] GC(108) Collectable Garbage: 53843K (12% of total), 998K CSet, 27 CSet regions
[2020-08-24T20:55:32.892+0000][31350][gc,ergo      ] GC(108) Immediate Garbage: 358M (86% of total), 179 regions
[2020-08-24T20:55:32.893+0000][31350][gc           ] GC(108) Pause Final Mark (unload classes) 1.128ms
[2020-08-24T20:55:32.893+0000][31350][safepoint    ] Safepoint "ShenandoahFinalMarkStartEvac", Time since last: 20240446 ns, Reaching safepoint: 140777 ns, At safepoint: 1177709 ns, Total: 1318486 ns
[2020-08-24T20:55:32.893+0000][31350][gc,start     ] GC(108) Concurrent roots processing
[2020-08-24T20:55:32.893+0000][31350][gc,task      ] GC(108) Using 3 of 6 workers for concurrent root processing
[2020-08-24T20:55:32.904+0000][31350][gc           ] GC(108) Concurrent roots processing 444M->464M(4096M) 11.181ms
[2020-08-24T20:55:32.904+0000][31350][gc,start     ] GC(108) Concurrent cleanup
[2020-08-24T20:55:32.905+0000][31350][gc           ] GC(108) Concurrent cleanup 464M->106M(4096M) 0.311ms
[2020-08-24T20:55:32.905+0000][31350][gc,ergo      ] GC(108) Free: 3784M (1895 regions), Max regular: 2048K, Max humongous: 3398M, External frag: 11%, Internal frag: 0%
[2020-08-24T20:55:32.905+0000][31350][gc,ergo      ] GC(108) Evacuation Reserve: 204M (103 regions), Max regular: 2048K
[2020-08-24T20:55:32.905+0000][31350][gc,start     ] GC(108) Concurrent evacuation
[2020-08-24T20:55:32.905+0000][31350][gc,task      ] GC(108) Using 3 of 6 workers for concurrent evacuation
[2020-08-24T20:55:32.905+0000][31350][gc           ] GC(108) Concurrent evacuation 106M->106M(4096M) 0.284ms
[2020-08-24T20:55:32.905+0000][31350][gc,start     ] GC(108) Pause Init Update Refs
[2020-08-24T20:55:32.905+0000][31350][gc           ] GC(108) Pause Init Update Refs 0.045ms
[2020-08-24T20:55:32.905+0000][31350][safepoint    ] Safepoint "ShenandoahInitUpdateRefs", Time since last: 11972586 ns, Reaching safepoint: 145583 ns, At safepoint: 67802 ns, Total: 213385 ns
[2020-08-24T20:55:32.905+0000][31350][gc,start     ] GC(108) Concurrent update references
[2020-08-24T20:55:32.905+0000][31350][gc,task      ] GC(108) Using 3 of 6 workers for concurrent reference update
[2020-08-24T20:55:32.911+0000][31350][gc           ] GC(108) Concurrent update references 106M->124M(4096M) 6.030ms
[2020-08-24T20:55:32.911+0000][31350][gc,start     ] GC(108) Pause Final Update Refs
[2020-08-24T20:55:32.911+0000][31350][gc,task      ] GC(108) Using 6 of 6 workers for final reference update
[2020-08-24T20:55:32.911+0000][31350][gc           ] GC(108) Pause Final Update Refs 0.171ms
[2020-08-24T20:55:32.912+0000][31350][safepoint    ] Safepoint "ShenandoahFinalUpdateRefs", Time since last: 6082473 ns, Reaching safepoint: 84136 ns, At safepoint: 199578 ns, Total: 283714 ns
[2020-08-24T20:55:32.912+0000][31350][gc,start     ] GC(108) Concurrent cleanup
[2020-08-24T20:55:32.912+0000][31350][gc           ] GC(108) Concurrent cleanup 124M->70M(4096M) 0.140ms
[2020-08-24T20:55:32.912+0000][31350][gc,ergo      ] Free: 3819M (1914 regions), Max regular: 2048K, Max humongous: 3440M, External frag: 10%, Internal frag: 0%
[2020-08-24T20:55:32.912+0000][31350][gc,ergo      ] Evacuation Reserve: 206M (103 regions), Max regular: 2048K
[2020-08-24T20:55:33.912+0000][31350][safepoint    ] Safepoint "Cleanup", Time since last: 1000094449 ns, Reaching safepoint: 166202 ns, At safepoint: 6783 ns, Total: 172985 ns
[2020-08-24T20:55:34.912+0000][31350][safepoint    ] Safepoint "Cleanup", Time since last: 1000098792 ns, Reaching safepoint: 116950 ns, At safepoint: 3794 ns, Total: 120744 ns
[2020-08-24T20:55:35.830+0000][31350][gc           ] Trigger: Allocated since last cycle (410M) is larger than allocation threshold (409M)
[2020-08-24T20:55:35.830+0000][31350][gc,ergo      ] Free: 3459M (1733 regions), Max regular: 2048K, Max humongous: 3436M, External frag: 1%, Internal frag: 0%
[2020-08-24T20:55:35.830+0000][31350][gc,ergo      ] Evacuation Reserve: 206M (103 regions), Max regular: 2048K
[2020-08-24T20:55:35.830+0000][31350][gc,start     ] GC(109) Concurrent reset
[2020-08-24T20:55:35.830+0000][31350][gc,task      ] GC(109) Using 3 of 6 workers for concurrent reset
[2020-08-24T20:55:35.830+0000][31350][gc           ] GC(109) Concurrent reset 430M->430M(4096M) 0.131ms
[2020-08-24T20:55:35.831+0000][31350][gc,start     ] GC(109) Pause Init Mark (unload classes)
[2020-08-24T20:55:35.831+0000][31350][gc,task      ] GC(109) Using 6 of 6 workers for init marking
[2020-08-24T20:55:35.831+0000][31350][gc           ] GC(109) Pause Init Mark (unload classes) 0.403ms
[2020-08-24T20:55:35.831+0000][31350][safepoint    ] Safepoint "ShenandoahInitMark", Time since last: 918409585 ns, Reaching safepoint: 112848 ns, At safepoint: 417396 ns, Total: 530244 ns
[2020-08-24T20:55:35.831+0000][31350][gc,start     ] GC(109) Concurrent marking (unload classes)
[2020-08-24T20:55:35.831+0000][31350][gc,task      ] GC(109) Using 3 of 6 workers for concurrent marking
[2020-08-24T20:55:35.838+0000][31350][gc           ] GC(109) Concurrent marking (unload classes) 432M->448M(4096M) 7.195ms
[2020-08-24T20:55:35.838+0000][31350][gc,start     ] GC(109) Pause Final Mark (unload classes)
[2020-08-24T20:55:35.838+0000][31350][gc,task      ] GC(109) Using 6 of 6 workers for final marking
[2020-08-24T20:55:35.839+0000][31350][gc,ergo      ] GC(109) CSet Selection. Actual Free: 3986M, Max CSet: 2989M
[2020-08-24T20:55:35.839+0000][31350][gc,ergo      ] GC(109) Collectable Garbage: 49747K (11% of total), 989K CSet, 25 CSet regions
[2020-08-24T20:55:35.839+0000][31350][gc,ergo      ] GC(109) Immediate Garbage: 362M (87% of total), 181 regions
[2020-08-24T20:55:35.839+0000][31350][gc           ] GC(109) Pause Final Mark (unload classes) 0.582ms
[2020-08-24T20:55:35.839+0000][31350][safepoint    ] Safepoint "ShenandoahFinalMarkStartEvac", Time since last: 7260801 ns, Reaching safepoint: 110992 ns, At safepoint: 594774 ns, Total: 705766 ns
[2020-08-24T20:55:35.839+0000][31350][gc,start     ] GC(109) Concurrent roots processing
[2020-08-24T20:55:35.839+0000][31350][gc,task      ] GC(109) Using 3 of 6 workers for concurrent root processing
[2020-08-24T20:55:35.847+0000][31350][gc           ] GC(109) Concurrent roots processing 448M->468M(4096M) 8.382ms
[2020-08-24T20:55:35.847+0000][31350][gc,start     ] GC(109) Concurrent cleanup
[2020-08-24T20:55:35.847+0000][31350][gc           ] GC(109) Concurrent cleanup 468M->106M(4096M) 0.167ms
[2020-08-24T20:55:35.848+0000][31350][gc,ergo      ] GC(109) Free: 3784M (1895 regions), Max regular: 2048K, Max humongous: 3400M, External frag: 11%, Internal frag: 0%
[2020-08-24T20:55:35.848+0000][31350][gc,ergo      ] GC(109) Evacuation Reserve: 204M (103 regions), Max regular: 2048K
[2020-08-24T20:55:35.848+0000][31350][gc,start     ] GC(109) Concurrent evacuation
[2020-08-24T20:55:35.848+0000][31350][gc,task      ] GC(109) Using 3 of 6 workers for concurrent evacuation
[2020-08-24T20:55:35.848+0000][31350][gc           ] GC(109) Concurrent evacuation 106M->106M(4096M) 0.158ms
[2020-08-24T20:55:35.848+0000][31350][gc,start     ] GC(109) Pause Init Update Refs
[2020-08-24T20:55:35.848+0000][31350][gc           ] GC(109) Pause Init Update Refs 0.035ms
[2020-08-24T20:55:35.848+0000][31350][safepoint    ] Safepoint "ShenandoahInitUpdateRefs", Time since last: 8823026 ns, Reaching safepoint: 41565 ns, At safepoint: 48713 ns, Total: 90278 ns
[2020-08-24T20:55:35.848+0000][31350][gc,start     ] GC(109) Concurrent update references
[2020-08-24T20:55:35.848+0000][31350][gc,task      ] GC(109) Using 3 of 6 workers for concurrent reference update
[2020-08-24T20:55:35.854+0000][31350][gc           ] GC(109) Concurrent update references 108M->124M(4096M) 6.329ms
[2020-08-24T20:55:35.854+0000][31350][gc,start     ] GC(109) Pause Final Update Refs
[2020-08-24T20:55:35.854+0000][31350][gc,task      ] GC(109) Using 6 of 6 workers for final reference update
[2020-08-24T20:55:35.854+0000][31350][gc           ] GC(109) Pause Final Update Refs 0.100ms
[2020-08-24T20:55:35.854+0000][31350][safepoint    ] Safepoint "ShenandoahFinalUpdateRefs", Time since last: 6381317 ns, Reaching safepoint: 104512 ns, At safepoint: 113258 ns, Total: 217770 ns
[2020-08-24T20:55:35.854+0000][31350][gc,start     ] GC(109) Concurrent cleanup
[2020-08-24T20:55:35.855+0000][31350][gc           ] GC(109) Concurrent cleanup 124M->74M(4096M) 0.141ms
[2020-08-24T20:55:35.855+0000][31350][gc,ergo      ] Free: 3815M (1912 regions), Max regular: 2048K, Max humongous: 3400M, External frag: 11%, Internal frag: 0%
[2020-08-24T20:55:35.855+0000][31350][gc,ergo      ] Evacuation Reserve: 206M (103 regions), Max regular: 2048K
[2020-08-24T20:55:36.855+0000][31350][safepoint    ] Safepoint "Cleanup", Time since last: 1000096152 ns, Reaching safepoint: 269324 ns, At safepoint: 30811 ns, Total: 300135 ns
[2020-08-24T20:55:37.855+0000][31350][safepoint    ] Safepoint "Cleanup", Time since last: 1000170733 ns, Reaching safepoint: 303084 ns, At safepoint: 16533 ns, Total: 319617 ns
[2020-08-24T20:55:38.818+0000][31350][gc           ] Trigger: Allocated since last cycle (409M) is larger than allocation threshold (409M)
[2020-08-24T20:55:38.818+0000][31350][gc,ergo      ] Free: 3459M (1734 regions), Max regular: 2048K, Max humongous: 3400M, External frag: 2%, Internal frag: 0%
[2020-08-24T20:55:38.818+0000][31350][gc,ergo      ] Evacuation Reserve: 206M (103 regions), Max regular: 2048K
[2020-08-24T20:55:38.818+0000][31350][gc,start     ] GC(110) Concurrent reset
[2020-08-24T20:55:38.818+0000][31350][gc,task      ] GC(110) Using 3 of 6 workers for concurrent reset
[2020-08-24T20:55:38.818+0000][31350][gc           ] GC(110) Concurrent reset 430M->430M(4096M) 0.198ms
[2020-08-24T20:55:38.819+0000][31350][gc,start     ] GC(110) Pause Init Mark (process weakrefs) (unload classes)
[2020-08-24T20:55:38.819+0000][31350][gc,task      ] GC(110) Using 6 of 6 workers for init marking
[2020-08-24T20:55:38.819+0000][31350][gc           ] GC(110) Pause Init Mark (process weakrefs) (unload classes) 0.351ms
[2020-08-24T20:55:38.819+0000][31350][safepoint    ] Safepoint "ShenandoahInitMark", Time since last: 963094529 ns, Reaching safepoint: 110848 ns, At safepoint: 366044 ns, Total: 476892 ns
[2020-08-24T20:55:38.819+0000][31350][gc,start     ] GC(110) Concurrent marking (process weakrefs) (unload classes)
[2020-08-24T20:55:38.819+0000][31350][gc,task      ] GC(110) Using 3 of 6 workers for concurrent marking
[2020-08-24T20:55:38.825+0000][31350][gc           ] GC(110) Concurrent marking (process weakrefs) (unload classes) 430M->450M(4096M) 6.110ms
[2020-08-24T20:55:38.825+0000][31350][gc,start     ] GC(110) Concurrent precleaning
[2020-08-24T20:55:38.825+0000][31350][gc,task      ] GC(110) Using 1 of 6 workers for concurrent preclean
[2020-08-24T20:55:38.825+0000][31350][gc           ] GC(110) Concurrent precleaning 450M->450M(4096M) 0.276ms
[2020-08-24T20:55:38.825+0000][31350][gc,start     ] GC(110) Pause Final Mark (process weakrefs) (unload classes)
[2020-08-24T20:55:38.825+0000][31350][gc,task      ] GC(110) Using 6 of 6 workers for final marking
[2020-08-24T20:55:38.826+0000][31350][gc,ergo      ] GC(110) CSet Selection. Actual Free: 3983M, Max CSet: 2987M
[2020-08-24T20:55:38.826+0000][31350][gc,ergo      ] GC(110) Collectable Garbage: 49767K (11% of total), 967K CSet, 25 CSet regions
[2020-08-24T20:55:38.826+0000][31350][gc,ergo      ] GC(110) Immediate Garbage: 361M (87% of total), 181 regions
[2020-08-24T20:55:38.826+0000][31350][gc           ] GC(110) Pause Final Mark (process weakrefs) (unload classes) 0.543ms
[2020-08-24T20:55:38.826+0000][31350][safepoint    ] Safepoint "ShenandoahFinalMarkStartEvac", Time since last: 6464228 ns, Reaching safepoint: 115412 ns, At safepoint: 577569 ns, Total: 692981 ns
[2020-08-24T20:55:38.826+0000][31350][gc,start     ] GC(110) Concurrent roots processing
[2020-08-24T20:55:38.826+0000][31350][gc,task      ] GC(110) Using 3 of 6 workers for concurrent root processing
[2020-08-24T20:55:38.832+0000][31350][gc           ] GC(110) Concurrent roots processing 450M->470M(4096M) 6.041ms
[2020-08-24T20:55:38.832+0000][31350][gc,start     ] GC(110) Concurrent cleanup
[2020-08-24T20:55:38.832+0000][31350][gc           ] GC(110) Concurrent cleanup 470M->108M(4096M) 0.141ms
[2020-08-24T20:55:38.832+0000][31350][gc,ergo      ] GC(110) Free: 3782M (1894 regions), Max regular: 2048K, Max humongous: 3398M, External frag: 11%, Internal frag: 0%
[2020-08-24T20:55:38.832+0000][31350][gc,ergo      ] GC(110) Evacuation Reserve: 204M (103 regions), Max regular: 2048K
[2020-08-24T20:55:38.832+0000][31350][gc,start     ] GC(110) Concurrent evacuation
[2020-08-24T20:55:38.832+0000][31350][gc,task      ] GC(110) Using 3 of 6 workers for concurrent evacuation
[2020-08-24T20:55:38.832+0000][31350][gc           ] GC(110) Concurrent evacuation 108M->108M(4096M) 0.160ms
[2020-08-24T20:55:38.833+0000][31350][gc,start     ] GC(110) Pause Init Update Refs
[2020-08-24T20:55:38.833+0000][31350][gc           ] GC(110) Pause Init Update Refs 0.034ms
[2020-08-24T20:55:38.833+0000][31350][safepoint    ] Safepoint "ShenandoahInitUpdateRefs", Time since last: 6456479 ns, Reaching safepoint: 146019 ns, At safepoint: 51659 ns, Total: 197678 ns
[2020-08-24T20:55:38.833+0000][31350][gc,start     ] GC(110) Concurrent update references
[2020-08-24T20:55:38.833+0000][31350][gc,task      ] GC(110) Using 3 of 6 workers for concurrent reference update
[2020-08-24T20:55:38.837+0000][31350][gc           ] GC(110) Concurrent update references 110M->126M(4096M) 4.197ms
[2020-08-24T20:55:38.837+0000][31350][gc,start     ] GC(110) Pause Final Update Refs
[2020-08-24T20:55:38.837+0000][31350][gc,task      ] GC(110) Using 6 of 6 workers for final reference update
[2020-08-24T20:55:38.837+0000][31350][gc           ] GC(110) Pause Final Update Refs 0.094ms
[2020-08-24T20:55:38.837+0000][31350][safepoint    ] Safepoint "ShenandoahFinalUpdateRefs", Time since last: 4233769 ns, Reaching safepoint: 137239 ns, At safepoint: 108439 ns, Total: 245678 ns
[2020-08-24T20:55:38.837+0000][31350][gc,start     ] GC(110) Concurrent cleanup
[2020-08-24T20:55:38.837+0000][31350][gc           ] GC(110) Concurrent cleanup 126M->76M(4096M) 0.110ms
[2020-08-24T20:55:38.837+0000][31350][gc,ergo      ] Free: 3813M (1910 regions), Max regular: 2048K, Max humongous: 3398M, External frag: 11%, Internal frag: 0%
[2020-08-24T20:55:38.837+0000][31350][gc,ergo      ] Evacuation Reserve: 206M (103 regions), Max regular: 2048K
[2020-08-24T20:55:39.837+0000][31350][safepoint    ] Safepoint "Cleanup", Time since last: 1000073932 ns, Reaching safepoint: 92858 ns, At safepoint: 2639 ns, Total: 95497 ns
[2020-08-24T20:55:40.838+0000][31350][safepoint    ] Safepoint "Cleanup", Time since last: 1000176786 ns, Reaching safepoint: 323172 ns, At safepoint: 27969 ns, Total: 351141 ns
[2020-08-24T20:55:41.838+0000][31350][safepoint    ] Safepoint "Cleanup", Time since last: 1000214632 ns, Reaching safepoint: 247509 ns, At safepoint: 13432 ns, Total: 260941 ns
[2020-08-24T20:55:41.892+0000][31350][gc           ] Trigger: Allocated since last cycle (409M) is larger than allocation threshold (409M)
[2020-08-24T20:55:41.892+0000][31350][gc,ergo      ] Free: 3459M (1734 regions), Max regular: 2048K, Max humongous: 3398M, External frag: 2%, Internal frag: 0%
[2020-08-24T20:55:41.892+0000][31350][gc,ergo      ] Evacuation Reserve: 206M (103 regions), Max regular: 2048K
[2020-08-24T20:55:41.892+0000][31350][gc,start     ] GC(111) Concurrent reset
[2020-08-24T20:55:41.892+0000][31350][gc,task      ] GC(111) Using 3 of 6 workers for concurrent reset
[2020-08-24T20:55:41.893+0000][31350][gc           ] GC(111) Concurrent reset 430M->430M(4096M) 0.456ms
[2020-08-24T20:55:41.893+0000][31350][gc,start     ] GC(111) Pause Init Mark (unload classes)
[2020-08-24T20:55:41.893+0000][31350][gc,task      ] GC(111) Using 6 of 6 workers for init marking
[2020-08-24T20:55:41.894+0000][31350][gc           ] GC(111) Pause Init Mark (unload classes) 1.155ms
[2020-08-24T20:55:41.894+0000][31350][safepoint    ] Safepoint "ShenandoahInitMark", Time since last: 54348687 ns, Reaching safepoint: 305164 ns, At safepoint: 1251009 ns, Total: 1556173 ns
[2020-08-24T20:55:41.894+0000][31350][gc,start     ] GC(111) Concurrent marking (unload classes)
[2020-08-24T20:55:41.894+0000][31350][gc,task      ] GC(111) Using 3 of 6 workers for concurrent marking
[2020-08-24T20:55:41.922+0000][31350][gc           ] GC(111) Concurrent marking (unload classes) 430M->446M(4096M) 27.984ms
[2020-08-24T20:55:41.923+0000][31350][gc,start     ] GC(111) Pause Final Mark (unload classes)
[2020-08-24T20:55:41.923+0000][31350][gc,task      ] GC(111) Using 6 of 6 workers for final marking
[2020-08-24T20:55:41.923+0000][31350][gc,ergo      ] GC(111) CSet Selection. Actual Free: 3973M, Max CSet: 2980M
[2020-08-24T20:55:41.923+0000][31350][gc,ergo      ] GC(111) Collectable Garbage: 64004K (15% of total), 1013K CSet, 32 CSet regions
[2020-08-24T20:55:41.923+0000][31350][gc,ergo      ] GC(111) Immediate Garbage: 347M (84% of total), 174 regions
[2020-08-24T20:55:41.924+0000][31350][gc           ] GC(111) Pause Final Mark (unload classes) 1.161ms
[2020-08-24T20:55:41.924+0000][31350][safepoint    ] Safepoint "ShenandoahFinalMarkStartEvac", Time since last: 28207337 ns, Reaching safepoint: 168512 ns, At safepoint: 1200236 ns, Total: 1368748 ns
[2020-08-24T20:55:41.924+0000][31350][gc,start     ] GC(111) Concurrent roots processing
[2020-08-24T20:55:41.924+0000][31350][gc,task      ] GC(111) Using 3 of 6 workers for concurrent root processing
[2020-08-24T20:55:41.935+0000][31350][gc           ] GC(111) Concurrent roots processing 446M->464M(4096M) 10.906ms
[2020-08-24T20:55:41.935+0000][31350][gc,start     ] GC(111) Concurrent cleanup
[2020-08-24T20:55:41.935+0000][31350][gc           ] GC(111) Concurrent cleanup 464M->116M(4096M) 0.319ms
[2020-08-24T20:55:41.935+0000][31350][gc,ergo      ] GC(111) Free: 3774M (1890 regions), Max regular: 2048K, Max humongous: 3406M, External frag: 10%, Internal frag: 0%
[2020-08-24T20:55:41.935+0000][31350][gc,ergo      ] GC(111) Evacuation Reserve: 204M (103 regions), Max regular: 2048K
[2020-08-24T20:55:41.935+0000][31350][gc,start     ] GC(111) Concurrent evacuation
[2020-08-24T20:55:41.935+0000][31350][gc,task      ] GC(111) Using 3 of 6 workers for concurrent evacuation
[2020-08-24T20:55:41.936+0000][31350][gc           ] GC(111) Concurrent evacuation 116M->116M(4096M) 0.334ms
[2020-08-24T20:55:41.936+0000][31350][gc,start     ] GC(111) Pause Init Update Refs
[2020-08-24T20:55:41.936+0000][31350][gc           ] GC(111) Pause Init Update Refs 0.042ms
[2020-08-24T20:55:41.936+0000][31350][safepoint    ] Safepoint "ShenandoahInitUpdateRefs", Time since last: 11779762 ns, Reaching safepoint: 167101 ns, At safepoint: 63058 ns, Total: 230159 ns
[2020-08-24T20:55:41.936+0000][31350][gc,start     ] GC(111) Concurrent update references
[2020-08-24T20:55:41.936+0000][31350][gc,task      ] GC(111) Using 3 of 6 workers for concurrent reference update
[2020-08-24T20:55:41.942+0000][31350][gc           ] GC(111) Concurrent update references 118M->132M(4096M) 5.905ms
[2020-08-24T20:55:41.942+0000][31350][gc,start     ] GC(111) Pause Final Update Refs
[2020-08-24T20:55:41.942+0000][31350][gc,task      ] GC(111) Using 6 of 6 workers for final reference update
[2020-08-24T20:55:41.942+0000][31350][gc           ] GC(111) Pause Final Update Refs 0.099ms
[2020-08-24T20:55:41.942+0000][31350][safepoint    ] Safepoint "ShenandoahFinalUpdateRefs", Time since last: 6020310 ns, Reaching safepoint: 137320 ns, At safepoint: 115068 ns, Total: 252388 ns
[2020-08-24T20:55:41.942+0000][31350][gc,start     ] GC(111) Concurrent cleanup
[2020-08-24T20:55:41.942+0000][31350][gc           ] GC(111) Concurrent cleanup 132M->68M(4096M) 0.098ms
[2020-08-24T20:55:41.942+0000][31350][gc,ergo      ] Free: 3821M (1915 regions), Max regular: 2048K, Max humongous: 3406M, External frag: 11%, Internal frag: 0%
[2020-08-24T20:55:41.942+0000][31350][gc,ergo      ] Evacuation Reserve: 206M (103 regions), Max regular: 2048K
[2020-08-24T20:55:42.943+0000][31350][safepoint    ] Safepoint "Cleanup", Time since last: 1000128655 ns, Reaching safepoint: 277146 ns, At safepoint: 31815 ns, Total: 308961 ns
[2020-08-24T20:55:43.943+0000][31350][safepoint    ] Safepoint "Cleanup", Time since last: 1000147281 ns, Reaching safepoint: 309516 ns, At safepoint: 21833 ns, Total: 331349 ns
[2020-08-24T20:55:44.917+0000][31350][gc           ] Trigger: Allocated since last cycle (409M) is larger than allocation threshold (409M)
[2020-08-24T20:55:44.917+0000][31350][gc,ergo      ] Free: 3459M (1734 regions), Max regular: 2048K, Max humongous: 3406M, External frag: 2%, Internal frag: 0%
[2020-08-24T20:55:44.917+0000][31350][gc,ergo      ] Evacuation Reserve: 206M (103 regions), Max regular: 2048K
[2020-08-24T20:55:44.917+0000][31350][gc,start     ] GC(112) Concurrent reset
[2020-08-24T20:55:44.917+0000][31350][gc,task      ] GC(112) Using 3 of 6 workers for concurrent reset
[2020-08-24T20:55:44.918+0000][31350][gc           ] GC(112) Concurrent reset 430M->430M(4096M) 0.491ms
[2020-08-24T20:55:44.918+0000][31350][gc,start     ] GC(112) Pause Init Mark (unload classes)
[2020-08-24T20:55:44.918+0000][31350][gc,task      ] GC(112) Using 6 of 6 workers for init marking
[2020-08-24T20:55:44.919+0000][31350][gc           ] GC(112) Pause Init Mark (unload classes) 1.160ms
[2020-08-24T20:55:44.919+0000][31350][safepoint    ] Safepoint "ShenandoahInitMark", Time since last: 974711647 ns, Reaching safepoint: 365618 ns, At safepoint: 1271614 ns, Total: 1637232 ns
[2020-08-24T20:55:44.919+0000][31350][gc,start     ] GC(112) Concurrent marking (unload classes)
[2020-08-24T20:55:44.920+0000][31350][gc,task      ] GC(112) Using 3 of 6 workers for concurrent marking
[2020-08-24T20:55:44.943+0000][31350][gc           ] GC(112) Concurrent marking (unload classes) 432M->448M(4096M) 23.177ms
[2020-08-24T20:55:44.943+0000][31350][gc,start     ] GC(112) Pause Final Mark (unload classes)
[2020-08-24T20:55:44.943+0000][31350][gc,task      ] GC(112) Using 6 of 6 workers for final marking
[2020-08-24T20:55:44.944+0000][31350][gc,ergo      ] GC(112) CSet Selection. Actual Free: 3979M, Max CSet: 2984M
[2020-08-24T20:55:44.944+0000][31350][gc,ergo      ] GC(112) Collectable Garbage: 55861K (13% of total), 1017K CSet, 28 CSet regions
[2020-08-24T20:55:44.944+0000][31350][gc,ergo      ] GC(112) Immediate Garbage: 355M (86% of total), 178 regions
[2020-08-24T20:55:44.944+0000][31350][gc           ] GC(112) Pause Final Mark (unload classes) 1.198ms
[2020-08-24T20:55:44.944+0000][31350][safepoint    ] Safepoint "ShenandoahFinalMarkStartEvac", Time since last: 23390719 ns, Reaching safepoint: 274853 ns, At safepoint: 1251992 ns, Total: 1526845 ns
[2020-08-24T20:55:44.944+0000][31350][gc,start     ] GC(112) Concurrent roots processing
[2020-08-24T20:55:44.944+0000][31350][gc,task      ] GC(112) Using 3 of 6 workers for concurrent root processing
[2020-08-24T20:55:44.956+0000][31350][gc           ] GC(112) Concurrent roots processing 450M->466M(4096M) 11.529ms
[2020-08-24T20:55:44.956+0000][31350][gc,start     ] GC(112) Concurrent cleanup
[2020-08-24T20:55:44.956+0000][31350][gc           ] GC(112) Concurrent cleanup 466M->110M(4096M) 0.226ms
[2020-08-24T20:55:44.956+0000][31350][gc,ergo      ] GC(112) Free: 3780M (1893 regions), Max regular: 2048K, Max humongous: 3402M, External frag: 11%, Internal frag: 0%
[2020-08-24T20:55:44.956+0000][31350][gc,ergo      ] GC(112) Evacuation Reserve: 204M (103 regions), Max regular: 2048K
[2020-08-24T20:55:44.956+0000][31350][gc,start     ] GC(112) Concurrent evacuation
[2020-08-24T20:55:44.956+0000][31350][gc,task      ] GC(112) Using 3 of 6 workers for concurrent evacuation
[2020-08-24T20:55:44.957+0000][31350][gc           ] GC(112) Concurrent evacuation 110M->110M(4096M) 0.343ms
[2020-08-24T20:55:44.957+0000][31350][gc,start     ] GC(112) Pause Init Update Refs
[2020-08-24T20:55:44.957+0000][31350][gc           ] GC(112) Pause Init Update Refs 0.055ms
[2020-08-24T20:55:44.957+0000][31350][safepoint    ] Safepoint "ShenandoahInitUpdateRefs", Time since last: 12378539 ns, Reaching safepoint: 176344 ns, At safepoint: 80064 ns, Total: 256408 ns
[2020-08-24T20:55:44.957+0000][31350][gc,start     ] GC(112) Concurrent update references
[2020-08-24T20:55:44.957+0000][31350][gc,task      ] GC(112) Using 3 of 6 workers for concurrent reference update
[2020-08-24T20:55:44.963+0000][31350][gc           ] GC(112) Concurrent update references 112M->130M(4096M) 5.963ms
[2020-08-24T20:55:44.963+0000][31350][gc,start     ] GC(112) Pause Final Update Refs
[2020-08-24T20:55:44.963+0000][31350][gc,task      ] GC(112) Using 6 of 6 workers for final reference update
[2020-08-24T20:55:44.963+0000][31350][gc           ] GC(112) Pause Final Update Refs 0.133ms
[2020-08-24T20:55:44.963+0000][31350][safepoint    ] Safepoint "ShenandoahFinalUpdateRefs", Time since last: 6092938 ns, Reaching safepoint: 123576 ns, At safepoint: 154870 ns, Total: 278446 ns
[2020-08-24T20:55:44.963+0000][31350][gc,start     ] GC(112) Concurrent cleanup
[2020-08-24T20:55:44.963+0000][31350][gc           ] GC(112) Concurrent cleanup 130M->75M(4096M) 0.138ms
[2020-08-24T20:55:44.964+0000][31350][gc,ergo      ] Free: 3814M (1912 regions), Max regular: 2048K, Max humongous: 3402M, External frag: 11%, Internal frag: 0%
[2020-08-24T20:55:44.964+0000][31350][gc,ergo      ] Evacuation Reserve: 206M (103 regions), Max regular: 2048K
[2020-08-24T20:55:45.964+0000][31350][safepoint    ] Safepoint "Cleanup", Time since last: 1000167592 ns, Reaching safepoint: 213525 ns, At safepoint: 12411 ns, Total: 225936 ns
[2020-08-24T20:55:46.964+0000][31350][safepoint    ] Safepoint "Cleanup", Time since last: 1000147807 ns, Reaching safepoint: 220148 ns, At safepoint: 23350 ns, Total: 243498 ns
[2020-08-24T20:55:47.849+0000][31350][gc           ] Trigger: Allocated since last cycle (410M) is larger than allocation threshold (409M)
[2020-08-24T20:55:47.849+0000][31350][gc,ergo      ] Free: 3458M (1734 regions), Max regular: 2048K, Max humongous: 3402M, External frag: 2%, Internal frag: 0%
[2020-08-24T20:55:47.849+0000][31350][gc,ergo      ] Evacuation Reserve: 206M (103 regions), Max regular: 2048K
[2020-08-24T20:55:47.849+0000][31350][gc,start     ] GC(113) Concurrent reset
[2020-08-24T20:55:47.849+0000][31350][gc,task      ] GC(113) Using 3 of 6 workers for concurrent reset
[2020-08-24T20:55:47.849+0000][31350][gc           ] GC(113) Concurrent reset 431M->431M(4096M) 0.262ms
[2020-08-24T20:55:47.850+0000][31350][gc,start     ] GC(113) Pause Init Mark (unload classes)
[2020-08-24T20:55:47.850+0000][31350][gc,task      ] GC(113) Using 6 of 6 workers for init marking
[2020-08-24T20:55:47.850+0000][31350][gc           ] GC(113) Pause Init Mark (unload classes) 0.655ms
[2020-08-24T20:55:47.850+0000][31350][safepoint    ] Safepoint "ShenandoahInitMark", Time since last: 885406411 ns, Reaching safepoint: 197352 ns, At safepoint: 699879 ns, Total: 897231 ns
[2020-08-24T20:55:47.850+0000][31350][gc,start     ] GC(113) Concurrent marking (unload classes)
[2020-08-24T20:55:47.850+0000][31350][gc,task      ] GC(113) Using 3 of 6 workers for concurrent marking
[2020-08-24T20:55:47.864+0000][31350][gc           ] GC(113) Concurrent marking (unload classes) 431M->449M(4096M) 13.750ms
[2020-08-24T20:55:47.864+0000][31350][gc,start     ] GC(113) Pause Final Mark (unload classes)
[2020-08-24T20:55:47.864+0000][31350][gc,task      ] GC(113) Using 6 of 6 workers for final marking
[2020-08-24T20:55:47.865+0000][31350][gc,ergo      ] GC(113) CSet Selection. Actual Free: 3981M, Max CSet: 2986M
[2020-08-24T20:55:47.865+0000][31350][gc,ergo      ] GC(113) Collectable Garbage: 53895K (12% of total), 1007K CSet, 27 CSet regions
[2020-08-24T20:55:47.865+0000][31350][gc,ergo      ] GC(113) Immediate Garbage: 357M (86% of total), 179 regions
[2020-08-24T20:55:47.865+0000][31350][gc           ] GC(113) Pause Final Mark (unload classes) 0.820ms
[2020-08-24T20:55:47.865+0000][31350][safepoint    ] Safepoint "ShenandoahFinalMarkStartEvac", Time since last: 13882136 ns, Reaching safepoint: 123246 ns, At safepoint: 853110 ns, Total: 976356 ns
[2020-08-24T20:55:47.865+0000][31350][gc,start     ] GC(113) Concurrent roots processing
[2020-08-24T20:55:47.865+0000][31350][gc,task      ] GC(113) Using 3 of 6 workers for concurrent root processing
[2020-08-24T20:55:47.876+0000][31350][gc           ] GC(113) Concurrent roots processing 449M->466M(4096M) 11.183ms
[2020-08-24T20:55:47.876+0000][31350][gc,start     ] GC(113) Concurrent cleanup
[2020-08-24T20:55:47.877+0000][31350][gc           ] GC(113) Concurrent cleanup 466M->108M(4096M) 0.262ms
[2020-08-24T20:55:47.877+0000][31350][gc,ergo      ] GC(113) Free: 3782M (1894 regions), Max regular: 2048K, Max humongous: 3402M, External frag: 11%, Internal frag: 0%
[2020-08-24T20:55:47.877+0000][31350][gc,ergo      ] GC(113) Evacuation Reserve: 204M (103 regions), Max regular: 2048K
[2020-08-24T20:55:47.877+0000][31350][gc,start     ] GC(113) Concurrent evacuation
[2020-08-24T20:55:47.877+0000][31350][gc,task      ] GC(113) Using 3 of 6 workers for concurrent evacuation
[2020-08-24T20:55:47.877+0000][31350][gc           ] GC(113) Concurrent evacuation 108M->110M(4096M) 0.426ms
[2020-08-24T20:55:47.877+0000][31350][gc,start     ] GC(113) Pause Init Update Refs
[2020-08-24T20:55:47.878+0000][31350][gc           ] GC(113) Pause Init Update Refs 0.063ms
[2020-08-24T20:55:47.878+0000][31350][safepoint    ] Safepoint "ShenandoahInitUpdateRefs", Time since last: 12088656 ns, Reaching safepoint: 161881 ns, At safepoint: 132449 ns, Total: 294330 ns
[2020-08-24T20:55:47.878+0000][31350][gc,start     ] GC(113) Concurrent update references
[2020-08-24T20:55:47.878+0000][31350][gc,task      ] GC(113) Using 3 of 6 workers for concurrent reference update
[2020-08-24T20:55:47.885+0000][31350][gc           ] GC(113) Concurrent update references 110M->130M(4096M) 7.445ms
[2020-08-24T20:55:47.885+0000][31350][gc,start     ] GC(113) Pause Final Update Refs
[2020-08-24T20:55:47.885+0000][31350][gc,task      ] GC(113) Using 6 of 6 workers for final reference update
[2020-08-24T20:55:47.885+0000][31350][gc           ] GC(113) Pause Final Update Refs 0.157ms
[2020-08-24T20:55:47.885+0000][31350][safepoint    ] Safepoint "ShenandoahFinalUpdateRefs", Time since last: 7598122 ns, Reaching safepoint: 97545 ns, At safepoint: 179406 ns, Total: 276951 ns
[2020-08-24T20:55:47.886+0000][31350][gc,start     ] GC(113) Concurrent cleanup
[2020-08-24T20:55:47.886+0000][31350][gc           ] GC(113) Concurrent cleanup 130M->77M(4096M) 0.182ms
[2020-08-24T20:55:47.886+0000][31350][gc,ergo      ] Free: 3812M (1911 regions), Max regular: 2048K, Max humongous: 3406M, External frag: 11%, Internal frag: 0%
[2020-08-24T20:55:47.886+0000][31350][gc,ergo      ] Evacuation Reserve: 206M (103 regions), Max regular: 2048K
[2020-08-24T20:55:48.886+0000][31350][safepoint    ] Safepoint "Cleanup", Time since last: 1000068582 ns, Reaching safepoint: 122092 ns, At safepoint: 4483 ns, Total: 126575 ns
[2020-08-24T20:55:49.886+0000][31350][safepoint    ] Safepoint "Cleanup", Time since last: 1000079860 ns, Reaching safepoint: 125158 ns, At safepoint: 2264 ns, Total: 127422 ns
[2020-08-24T20:55:50.883+0000][31350][gc           ] Trigger: Allocated since last cycle (409M) is larger than allocation threshold (409M)
[2020-08-24T20:55:50.883+0000][31350][gc,ergo      ] Free: 3459M (1734 regions), Max regular: 2048K, Max humongous: 3406M, External frag: 2%, Internal frag: 0%
[2020-08-24T20:55:50.883+0000][31350][gc,ergo      ] Evacuation Reserve: 206M (103 regions), Max regular: 2048K
[2020-08-24T20:55:50.883+0000][31350][gc,start     ] GC(114) Concurrent reset
[2020-08-24T20:55:50.883+0000][31350][gc,task      ] GC(114) Using 3 of 6 workers for concurrent reset
[2020-08-24T20:55:50.884+0000][31350][gc           ] GC(114) Concurrent reset 430M->430M(4096M) 0.479ms
[2020-08-24T20:55:50.884+0000][31350][gc,start     ] GC(114) Pause Init Mark (unload classes)
[2020-08-24T20:55:50.884+0000][31350][gc,task      ] GC(114) Using 6 of 6 workers for init marking
[2020-08-24T20:55:50.885+0000][31350][gc           ] GC(114) Pause Init Mark (unload classes) 1.024ms
[2020-08-24T20:55:50.885+0000][31350][safepoint    ] Safepoint "ShenandoahInitMark", Time since last: 998029493 ns, Reaching safepoint: 321122 ns, At safepoint: 1108513 ns, Total: 1429635 ns
[2020-08-24T20:55:50.885+0000][31350][gc,start     ] GC(114) Concurrent marking (unload classes)
[2020-08-24T20:55:50.886+0000][31350][gc,task      ] GC(114) Using 3 of 6 workers for concurrent marking
[2020-08-24T20:55:50.906+0000][31350][gc           ] GC(114) Concurrent marking (unload classes) 431M->451M(4096M) 20.297ms
[2020-08-24T20:55:50.906+0000][31350][gc,start     ] GC(114) Pause Final Mark (unload classes)
[2020-08-24T20:55:50.906+0000][31350][gc,task      ] GC(114) Using 6 of 6 workers for final marking
[2020-08-24T20:55:50.907+0000][31350][gc,ergo      ] GC(114) CSet Selection. Actual Free: 3977M, Max CSet: 2983M
[2020-08-24T20:55:50.907+0000][31350][gc,ergo      ] GC(114) Collectable Garbage: 55906K (13% of total), 1028K CSet, 28 CSet regions
[2020-08-24T20:55:50.907+0000][31350][gc,ergo      ] GC(114) Immediate Garbage: 355M (86% of total), 178 regions
[2020-08-24T20:55:50.907+0000][31350][gc           ] GC(114) Pause Final Mark (unload classes) 1.215ms
[2020-08-24T20:55:50.907+0000][31350][safepoint    ] Safepoint "ShenandoahFinalMarkStartEvac", Time since last: 20502051 ns, Reaching safepoint: 251496 ns, At safepoint: 1262681 ns, Total: 1514177 ns
[2020-08-24T20:55:50.907+0000][31350][gc,start     ] GC(114) Concurrent roots processing
[2020-08-24T20:55:50.908+0000][31350][gc,task      ] GC(114) Using 3 of 6 workers for concurrent root processing
[2020-08-24T20:55:50.919+0000][31350][gc           ] GC(114) Concurrent roots processing 452M->470M(4096M) 11.908ms
[2020-08-24T20:55:50.919+0000][31350][gc,start     ] GC(114) Concurrent cleanup
[2020-08-24T20:55:50.920+0000][31350][gc           ] GC(114) Concurrent cleanup 470M->114M(4096M) 0.228ms
[2020-08-24T20:55:50.920+0000][31350][gc,ergo      ] GC(114) Free: 3776M (1891 regions), Max regular: 2048K, Max humongous: 3398M, External frag: 11%, Internal frag: 0%
[2020-08-24T20:55:50.920+0000][31350][gc,ergo      ] GC(114) Evacuation Reserve: 204M (103 regions), Max regular: 2048K
[2020-08-24T20:55:50.920+0000][31350][gc,start     ] GC(114) Concurrent evacuation
[2020-08-24T20:55:50.920+0000][31350][gc,task      ] GC(114) Using 3 of 6 workers for concurrent evacuation
[2020-08-24T20:55:50.920+0000][31350][gc           ] GC(114) Concurrent evacuation 114M->114M(4096M) 0.279ms
[2020-08-24T20:55:50.920+0000][31350][gc,start     ] GC(114) Pause Init Update Refs
[2020-08-24T20:55:50.920+0000][31350][gc           ] GC(114) Pause Init Update Refs 0.028ms
[2020-08-24T20:55:50.920+0000][31350][safepoint    ] Safepoint "ShenandoahInitUpdateRefs", Time since last: 12662140 ns, Reaching safepoint: 132258 ns, At safepoint: 46677 ns, Total: 178935 ns
[2020-08-24T20:55:50.920+0000][31350][gc,start     ] GC(114) Concurrent update references
[2020-08-24T20:55:50.920+0000][31350][gc,task      ] GC(114) Using 3 of 6 workers for concurrent reference update
[2020-08-24T20:55:50.926+0000][31350][gc           ] GC(114) Concurrent update references 116M->130M(4096M) 6.022ms
[2020-08-24T20:55:50.927+0000][31350][gc,start     ] GC(114) Pause Final Update Refs
[2020-08-24T20:55:50.927+0000][31350][gc,task      ] GC(114) Using 6 of 6 workers for final reference update
[2020-08-24T20:55:50.927+0000][31350][gc           ] GC(114) Pause Final Update Refs 0.152ms
[2020-08-24T20:55:50.927+0000][31350][safepoint    ] Safepoint "ShenandoahFinalUpdateRefs", Time since last: 6137953 ns, Reaching safepoint: 172744 ns, At safepoint: 173402 ns, Total: 346146 ns
[2020-08-24T20:55:50.927+0000][31350][gc,start     ] GC(114) Concurrent cleanup
[2020-08-24T20:55:50.927+0000][31350][gc           ] GC(114) Concurrent cleanup 130M->74M(4096M) 0.150ms
[2020-08-24T20:55:50.927+0000][31350][gc,ergo      ] Free: 3815M (1912 regions), Max regular: 2048K, Max humongous: 3398M, External frag: 11%, Internal frag: 0%
[2020-08-24T20:55:50.927+0000][31350][gc,ergo      ] Evacuation Reserve: 206M (103 regions), Max regular: 2048K
[2020-08-24T20:55:51.927+0000][31350][safepoint    ] Safepoint "Cleanup", Time since last: 1000091775 ns, Reaching safepoint: 236906 ns, At safepoint: 34341 ns, Total: 271247 ns
[2020-08-24T20:55:52.928+0000][31350][safepoint    ] Safepoint "Cleanup", Time since last: 1000155598 ns, Reaching safepoint: 295518 ns, At safepoint: 16103 ns, Total: 311621 ns
[2020-08-24T20:55:53.861+0000][31350][gc           ] Trigger: Allocated since last cycle (409M) is larger than allocation threshold (409M)
[2020-08-24T20:55:53.861+0000][31350][gc,ergo      ] Free: 3459M (1734 regions), Max regular: 2048K, Max humongous: 3398M, External frag: 2%, Internal frag: 0%
[2020-08-24T20:55:53.861+0000][31350][gc,ergo      ] Evacuation Reserve: 206M (103 regions), Max regular: 2048K
[2020-08-24T20:55:53.861+0000][31350][gc,start     ] GC(115) Concurrent reset
[2020-08-24T20:55:53.861+0000][31350][gc,task      ] GC(115) Using 3 of 6 workers for concurrent reset
[2020-08-24T20:55:53.862+0000][31350][gc           ] GC(115) Concurrent reset 430M->430M(4096M) 0.499ms
[2020-08-24T20:55:53.862+0000][31350][gc,start     ] GC(115) Pause Init Mark (process weakrefs) (unload classes)
[2020-08-24T20:55:53.862+0000][31350][gc,task      ] GC(115) Using 6 of 6 workers for init marking
[2020-08-24T20:55:53.863+0000][31350][gc           ] GC(115) Pause Init Mark (process weakrefs) (unload classes) 1.095ms
[2020-08-24T20:55:53.863+0000][31350][safepoint    ] Safepoint "ShenandoahInitMark", Time since last: 934490290 ns, Reaching safepoint: 195120 ns, At safepoint: 1184437 ns, Total: 1379557 ns
[2020-08-24T20:55:53.863+0000][31350][gc,start     ] GC(115) Concurrent marking (process weakrefs) (unload classes)
[2020-08-24T20:55:53.864+0000][31350][gc,task      ] GC(115) Using 3 of 6 workers for concurrent marking
[2020-08-24T20:55:53.885+0000][31350][gc           ] GC(115) Concurrent marking (process weakrefs) (unload classes) 431M->448M(4096M) 21.626ms
[2020-08-24T20:55:53.885+0000][31350][gc,start     ] GC(115) Concurrent precleaning
[2020-08-24T20:55:53.885+0000][31350][gc,task      ] GC(115) Using 1 of 6 workers for concurrent preclean
[2020-08-24T20:55:53.886+0000][31350][gc           ] GC(115) Concurrent precleaning 448M->448M(4096M) 0.688ms
[2020-08-24T20:55:53.886+0000][31350][gc,start     ] GC(115) Pause Final Mark (process weakrefs) (unload classes)
[2020-08-24T20:55:53.886+0000][31350][gc,task      ] GC(115) Using 6 of 6 workers for final marking
[2020-08-24T20:55:53.887+0000][31350][gc,ergo      ] GC(115) CSet Selection. Actual Free: 3981M, Max CSet: 2986M
[2020-08-24T20:55:53.887+0000][31350][gc,ergo      ] GC(115) Collectable Garbage: 53869K (12% of total), 996K CSet, 27 CSet regions
[2020-08-24T20:55:53.887+0000][31350][gc,ergo      ] GC(115) Immediate Garbage: 357M (86% of total), 179 regions
[2020-08-24T20:55:53.888+0000][31350][gc           ] GC(115) Pause Final Mark (process weakrefs) (unload classes) 1.624ms
[2020-08-24T20:55:53.888+0000][31350][safepoint    ] Safepoint "ShenandoahFinalMarkStartEvac", Time since last: 22534296 ns, Reaching safepoint: 174677 ns, At safepoint: 1658244 ns, Total: 1832921 ns
[2020-08-24T20:55:53.888+0000][31350][gc,start     ] GC(115) Concurrent roots processing
[2020-08-24T20:55:53.888+0000][31350][gc,task      ] GC(115) Using 3 of 6 workers for concurrent root processing
[2020-08-24T20:55:53.903+0000][31350][gc           ] GC(115) Concurrent roots processing 449M->470M(4096M) 14.798ms
[2020-08-24T20:55:53.903+0000][31350][gc,start     ] GC(115) Concurrent cleanup
[2020-08-24T20:55:53.903+0000][31350][gc           ] GC(115) Concurrent cleanup 470M->112M(4096M) 0.297ms
[2020-08-24T20:55:53.903+0000][31350][gc,ergo      ] GC(115) Free: 3778M (1892 regions), Max regular: 2048K, Max humongous: 3402M, External frag: 10%, Internal frag: 0%
[2020-08-24T20:55:53.903+0000][31350][gc,ergo      ] GC(115) Evacuation Reserve: 204M (103 regions), Max regular: 2048K
[2020-08-24T20:55:53.903+0000][31350][gc,start     ] GC(115) Concurrent evacuation
[2020-08-24T20:55:53.903+0000][31350][gc,task      ] GC(115) Using 3 of 6 workers for concurrent evacuation
[2020-08-24T20:55:53.904+0000][31350][gc           ] GC(115) Concurrent evacuation 112M->112M(4096M) 0.429ms
[2020-08-24T20:55:53.904+0000][31350][gc,start     ] GC(115) Pause Init Update Refs
[2020-08-24T20:55:53.904+0000][31350][gc           ] GC(115) Pause Init Update Refs 0.062ms
[2020-08-24T20:55:53.904+0000][31350][safepoint    ] Safepoint "ShenandoahInitUpdateRefs", Time since last: 15856097 ns, Reaching safepoint: 89891 ns, At safepoint: 96195 ns, Total: 186086 ns
[2020-08-24T20:55:53.904+0000][31350][gc,start     ] GC(115) Concurrent update references
[2020-08-24T20:55:53.904+0000][31350][gc,task      ] GC(115) Using 3 of 6 workers for concurrent reference update
[2020-08-24T20:55:53.913+0000][31350][gc           ] GC(115) Concurrent update references 114M->130M(4096M) 9.370ms
[2020-08-24T20:55:53.913+0000][31350][gc,start     ] GC(115) Pause Final Update Refs
[2020-08-24T20:55:53.913+0000][31350][gc,task      ] GC(115) Using 6 of 6 workers for final reference update
[2020-08-24T20:55:53.913+0000][31350][gc           ] GC(115) Pause Final Update Refs 0.158ms
[2020-08-24T20:55:53.914+0000][31350][safepoint    ] Safepoint "ShenandoahFinalUpdateRefs", Time since last: 9468211 ns, Reaching safepoint: 66292 ns, At safepoint: 186513 ns, Total: 252805 ns
[2020-08-24T20:55:53.914+0000][31350][gc,start     ] GC(115) Concurrent cleanup
[2020-08-24T20:55:53.914+0000][31350][gc           ] GC(115) Concurrent cleanup 130M->76M(4096M) 0.212ms
[2020-08-24T20:55:53.914+0000][31350][gc,ergo      ] Free: 3813M (1910 regions), Max regular: 2048K, Max humongous: 3406M, External frag: 11%, Internal frag: 0%
[2020-08-24T20:55:53.914+0000][31350][gc,ergo      ] Evacuation Reserve: 206M (103 regions), Max regular: 2048K
[2020-08-24T20:55:54.914+0000][31350][safepoint    ] Safepoint "Cleanup", Time since last: 1000049002 ns, Reaching safepoint: 104523 ns, At safepoint: 5334 ns, Total: 109857 ns
[2020-08-24T20:55:55.914+0000][31350][safepoint    ] Safepoint "Cleanup", Time since last: 1000077830 ns, Reaching safepoint: 115084 ns, At safepoint: 3540 ns, Total: 118624 ns
[2020-08-24T20:55:56.847+0000][31350][gc           ] Trigger: Allocated since last cycle (409M) is larger than allocation threshold (409M)
[2020-08-24T20:55:56.847+0000][31350][gc,ergo      ] Free: 3459M (1734 regions), Max regular: 2048K, Max humongous: 3406M, External frag: 2%, Internal frag: 0%
[2020-08-24T20:55:56.847+0000][31350][gc,ergo      ] Evacuation Reserve: 206M (103 regions), Max regular: 2048K
[2020-08-24T20:55:56.847+0000][31350][gc,start     ] GC(116) Concurrent reset
[2020-08-24T20:55:56.847+0000][31350][gc,task      ] GC(116) Using 3 of 6 workers for concurrent reset
[2020-08-24T20:55:56.847+0000][31350][gc           ] GC(116) Concurrent reset 430M->430M(4096M) 0.519ms
[2020-08-24T20:55:56.848+0000][31350][gc,start     ] GC(116) Pause Init Mark (unload classes)
[2020-08-24T20:55:56.848+0000][31350][gc,task      ] GC(116) Using 6 of 6 workers for init marking
[2020-08-24T20:55:56.849+0000][31350][gc           ] GC(116) Pause Init Mark (unload classes) 1.058ms
[2020-08-24T20:55:56.849+0000][31350][safepoint    ] Safepoint "ShenandoahInitMark", Time since last: 933608598 ns, Reaching safepoint: 200319 ns, At safepoint: 1130568 ns, Total: 1330887 ns
[2020-08-24T20:55:56.849+0000][31350][gc,start     ] GC(116) Concurrent marking (unload classes)
[2020-08-24T20:55:56.849+0000][31350][gc,task      ] GC(116) Using 3 of 6 workers for concurrent marking
[2020-08-24T20:55:56.872+0000][31350][gc           ] GC(116) Concurrent marking (unload classes) 430M->446M(4096M) 22.982ms
[2020-08-24T20:55:56.872+0000][31350][gc,start     ] GC(116) Pause Final Mark (unload classes)
[2020-08-24T20:55:56.872+0000][31350][gc,task      ] GC(116) Using 6 of 6 workers for final marking
[2020-08-24T20:55:56.873+0000][31350][gc,ergo      ] GC(116) CSet Selection. Actual Free: 3984M, Max CSet: 2988M
[2020-08-24T20:55:56.873+0000][31350][gc,ergo      ] GC(116) Collectable Garbage: 53829K (12% of total), 1001K CSet, 27 CSet regions
[2020-08-24T20:55:56.873+0000][31350][gc,ergo      ] GC(116) Immediate Garbage: 358M (86% of total), 179 regions
[2020-08-24T20:55:56.873+0000][31350][gc           ] GC(116) Pause Final Mark (unload classes) 1.233ms
[2020-08-24T20:55:56.873+0000][31350][safepoint    ] Safepoint "ShenandoahFinalMarkStartEvac", Time since last: 23195832 ns, Reaching safepoint: 157183 ns, At safepoint: 1295390 ns, Total: 1452573 ns
[2020-08-24T20:55:56.874+0000][31350][gc,start     ] GC(116) Concurrent roots processing
[2020-08-24T20:55:56.874+0000][31350][gc,task      ] GC(116) Using 3 of 6 workers for concurrent root processing
[2020-08-24T20:55:56.885+0000][31350][gc           ] GC(116) Concurrent roots processing 448M->466M(4096M) 11.267ms
[2020-08-24T20:55:56.885+0000][31350][gc,start     ] GC(116) Concurrent cleanup
[2020-08-24T20:55:56.885+0000][31350][gc           ] GC(116) Concurrent cleanup 466M->108M(4096M) 0.225ms
[2020-08-24T20:55:56.885+0000][31350][gc,ergo      ] GC(116) Free: 3782M (1894 regions), Max regular: 2048K, Max humongous: 3402M, External frag: 11%, Internal frag: 0%
[2020-08-24T20:55:56.885+0000][31350][gc,ergo      ] GC(116) Evacuation Reserve: 204M (103 regions), Max regular: 2048K
[2020-08-24T20:55:56.885+0000][31350][gc,start     ] GC(116) Concurrent evacuation
[2020-08-24T20:55:56.885+0000][31350][gc,task      ] GC(116) Using 3 of 6 workers for concurrent evacuation
[2020-08-24T20:55:56.885+0000][31350][gc           ] GC(116) Concurrent evacuation 108M->108M(4096M) 0.318ms
[2020-08-24T20:55:56.886+0000][31350][gc,start     ] GC(116) Pause Init Update Refs
[2020-08-24T20:55:56.886+0000][31350][gc           ] GC(116) Pause Init Update Refs 0.053ms
[2020-08-24T20:55:56.886+0000][31350][safepoint    ] Safepoint "ShenandoahInitUpdateRefs", Time since last: 12045507 ns, Reaching safepoint: 169924 ns, At safepoint: 77947 ns, Total: 247871 ns
[2020-08-24T20:55:56.886+0000][31350][gc,start     ] GC(116) Concurrent update references
[2020-08-24T20:55:56.886+0000][31350][gc,task      ] GC(116) Using 3 of 6 workers for concurrent reference update
[2020-08-24T20:55:56.892+0000][31350][gc           ] GC(116) Concurrent update references 110M->124M(4096M) 6.109ms
[2020-08-24T20:55:56.892+0000][31350][gc,start     ] GC(116) Pause Final Update Refs
[2020-08-24T20:55:56.892+0000][31350][gc,task      ] GC(116) Using 6 of 6 workers for final reference update
[2020-08-24T20:55:56.892+0000][31350][gc           ] GC(116) Pause Final Update Refs 0.185ms
[2020-08-24T20:55:56.892+0000][31350][safepoint    ] Safepoint "ShenandoahFinalUpdateRefs", Time since last: 6230066 ns, Reaching safepoint: 134329 ns, At safepoint: 209027 ns, Total: 343356 ns
[2020-08-24T20:55:56.892+0000][31350][gc,start     ] GC(116) Concurrent cleanup
[2020-08-24T20:55:56.893+0000][31350][gc           ] GC(116) Concurrent cleanup 124M->70M(4096M) 0.160ms
[2020-08-24T20:55:56.893+0000][31350][gc,ergo      ] Free: 3819M (1914 regions), Max regular: 2048K, Max humongous: 3402M, External frag: 11%, Internal frag: 0%
[2020-08-24T20:55:56.893+0000][31350][gc,ergo      ] Evacuation Reserve: 206M (103 regions), Max regular: 2048K
[2020-08-24T20:55:57.893+0000][31350][safepoint    ] Safepoint "Cleanup", Time since last: 1000111806 ns, Reaching safepoint: 143673 ns, At safepoint: 10051 ns, Total: 153724 ns
[2020-08-24T20:55:58.893+0000][31350][safepoint    ] Safepoint "Cleanup", Time since last: 1000145253 ns, Reaching safepoint: 166643 ns, At safepoint: 11750 ns, Total: 178393 ns
[2020-08-24T20:55:59.803+0000][31350][gc           ] Trigger: Allocated since last cycle (409M) is larger than allocation threshold (409M)
[2020-08-24T20:55:59.803+0000][31350][gc,ergo      ] Free: 3459M (1733 regions), Max regular: 2048K, Max humongous: 3402M, External frag: 2%, Internal frag: 0%
[2020-08-24T20:55:59.803+0000][31350][gc,ergo      ] Evacuation Reserve: 206M (103 regions), Max regular: 2048K
[2020-08-24T20:55:59.803+0000][31350][gc,start     ] GC(117) Concurrent reset
[2020-08-24T20:55:59.803+0000][31350][gc,task      ] GC(117) Using 3 of 6 workers for concurrent reset
[2020-08-24T20:55:59.803+0000][31350][gc           ] GC(117) Concurrent reset 430M->430M(4096M) 0.163ms
[2020-08-24T20:55:59.803+0000][31350][gc,start     ] GC(117) Pause Init Mark (unload classes)
[2020-08-24T20:55:59.803+0000][31350][gc,task      ] GC(117) Using 6 of 6 workers for init marking
[2020-08-24T20:55:59.804+0000][31350][gc           ] GC(117) Pause Init Mark (unload classes) 0.461ms
[2020-08-24T20:55:59.804+0000][31350][safepoint    ] Safepoint "ShenandoahInitMark", Time since last: 910306441 ns, Reaching safepoint: 125516 ns, At safepoint: 498887 ns, Total: 624403 ns
[2020-08-24T20:55:59.804+0000][31350][gc,start     ] GC(117) Concurrent marking (unload classes)
[2020-08-24T20:55:59.804+0000][31350][gc,task      ] GC(117) Using 3 of 6 workers for concurrent marking
[2020-08-24T20:55:59.815+0000][31350][gc           ] GC(117) Concurrent marking (unload classes) 432M->444M(4096M) 11.106ms
[2020-08-24T20:55:59.815+0000][31350][gc,start     ] GC(117) Pause Final Mark (unload classes)
[2020-08-24T20:55:59.815+0000][31350][gc,task      ] GC(117) Using 6 of 6 workers for final marking
[2020-08-24T20:55:59.816+0000][31350][gc,ergo      ] GC(117) CSet Selection. Actual Free: 3985M, Max CSet: 2989M
[2020-08-24T20:55:59.816+0000][31350][gc,ergo      ] GC(117) Collectable Garbage: 53856K (12% of total), 994K CSet, 27 CSet regions
[2020-08-24T20:55:59.816+0000][31350][gc,ergo      ] GC(117) Immediate Garbage: 357M (86% of total), 179 regions
[2020-08-24T20:55:59.816+0000][31350][gc           ] GC(117) Pause Final Mark (unload classes) 0.898ms
[2020-08-24T20:55:59.816+0000][31350][safepoint    ] Safepoint "ShenandoahFinalMarkStartEvac", Time since last: 11277667 ns, Reaching safepoint: 133663 ns, At safepoint: 930473 ns, Total: 1064136 ns
[2020-08-24T20:55:59.816+0000][31350][gc,start     ] GC(117) Concurrent roots processing
[2020-08-24T20:55:59.816+0000][31350][gc,task      ] GC(117) Using 3 of 6 workers for concurrent root processing
[2020-08-24T20:55:59.826+0000][31350][gc           ] GC(117) Concurrent roots processing 444M->468M(4096M) 9.787ms
[2020-08-24T20:55:59.826+0000][31350][gc,start     ] GC(117) Concurrent cleanup
[2020-08-24T20:55:59.826+0000][31350][gc           ] GC(117) Concurrent cleanup 468M->110M(4096M) 0.239ms
[2020-08-24T20:55:59.826+0000][31350][gc,ergo      ] GC(117) Free: 3780M (1893 regions), Max regular: 2048K, Max humongous: 3400M, External frag: 11%, Internal frag: 0%
[2020-08-24T20:55:59.826+0000][31350][gc,ergo      ] GC(117) Evacuation Reserve: 204M (103 regions), Max regular: 2048K
[2020-08-24T20:55:59.826+0000][31350][gc,start     ] GC(117) Concurrent evacuation
[2020-08-24T20:55:59.826+0000][31350][gc,task      ] GC(117) Using 3 of 6 workers for concurrent evacuation
[2020-08-24T20:55:59.827+0000][31350][gc           ] GC(117) Concurrent evacuation 110M->110M(4096M) 0.192ms
[2020-08-24T20:55:59.827+0000][31350][gc,start     ] GC(117) Pause Init Update Refs
[2020-08-24T20:55:59.827+0000][31350][gc           ] GC(117) Pause Init Update Refs 0.029ms
[2020-08-24T20:55:59.827+0000][31350][safepoint    ] Safepoint "ShenandoahInitUpdateRefs", Time since last: 10412527 ns, Reaching safepoint: 50668 ns, At safepoint: 44313 ns, Total: 94981 ns
[2020-08-24T20:55:59.827+0000][31350][gc,start     ] GC(117) Concurrent update references
[2020-08-24T20:55:59.827+0000][31350][gc,task      ] GC(117) Using 3 of 6 workers for concurrent reference update
[2020-08-24T20:55:59.831+0000][31350][gc           ] GC(117) Concurrent update references 112M->134M(4096M) 4.483ms
[2020-08-24T20:55:59.831+0000][31350][gc,start     ] GC(117) Pause Final Update Refs
[2020-08-24T20:55:59.831+0000][31350][gc,task      ] GC(117) Using 6 of 6 workers for final reference update
[2020-08-24T20:55:59.832+0000][31350][gc           ] GC(117) Pause Final Update Refs 0.168ms
[2020-08-24T20:55:59.832+0000][31350][safepoint    ] Safepoint "ShenandoahFinalUpdateRefs", Time since last: 4605621 ns, Reaching safepoint: 146851 ns, At safepoint: 190743 ns, Total: 337594 ns
[2020-08-24T20:55:59.832+0000][31350][gc,start     ] GC(117) Concurrent cleanup
[2020-08-24T20:55:59.832+0000][31350][gc           ] GC(117) Concurrent cleanup 134M->80M(4096M) 0.102ms
[2020-08-24T20:55:59.832+0000][31350][gc,ergo      ] Free: 3809M (1909 regions), Max regular: 2048K, Max humongous: 3400M, External frag: 11%, Internal frag: 0%
[2020-08-24T20:55:59.832+0000][31350][gc,ergo      ] Evacuation Reserve: 206M (103 regions), Max regular: 2048K
[2020-08-24T20:56:00.832+0000][31350][safepoint    ] Safepoint "Cleanup", Time since last: 1000148273 ns, Reaching safepoint: 256256 ns, At safepoint: 21460 ns, Total: 277716 ns
[2020-08-24T20:56:01.832+0000][31350][safepoint    ] Safepoint "Cleanup", Time since last: 1000196620 ns, Reaching safepoint: 105669 ns, At safepoint: 5108 ns, Total: 110777 ns
[2020-08-24T20:56:01.938+0000][31350][gc           ] Trigger: Allocated since last cycle (409M) is larger than allocation threshold (409M)
[2020-08-24T20:56:01.938+0000][31350][gc,ergo      ] Free: 3459M (1734 regions), Max regular: 2048K, Max humongous: 3400M, External frag: 2%, Internal frag: 0%
[2020-08-24T20:56:01.938+0000][31350][gc,ergo      ] Evacuation Reserve: 206M (103 regions), Max regular: 2048K
[2020-08-24T20:56:01.938+0000][31350][gc,start     ] GC(118) Concurrent reset
[2020-08-24T20:56:01.938+0000][31350][gc,task      ] GC(118) Using 3 of 6 workers for concurrent reset
[2020-08-24T20:56:01.938+0000][31350][gc           ] GC(118) Concurrent reset 430M->430M(4096M) 0.121ms
[2020-08-24T20:56:01.938+0000][31350][gc,start     ] GC(118) Pause Init Mark (unload classes)
[2020-08-24T20:56:01.938+0000][31350][gc,task      ] GC(118) Using 6 of 6 workers for init marking
[2020-08-24T20:56:01.939+0000][31350][gc           ] GC(118) Pause Init Mark (unload classes) 0.285ms
[2020-08-24T20:56:01.939+0000][31350][safepoint    ] Safepoint "ShenandoahInitMark", Time since last: 105712199 ns, Reaching safepoint: 140332 ns, At safepoint: 297583 ns, Total: 437915 ns
[2020-08-24T20:56:01.939+0000][31350][gc,start     ] GC(118) Concurrent marking (unload classes)
[2020-08-24T20:56:01.939+0000][31350][gc,task      ] GC(118) Using 3 of 6 workers for concurrent marking
[2020-08-24T20:56:01.944+0000][31350][gc           ] GC(118) Concurrent marking (unload classes) 430M->448M(4096M) 5.431ms
[2020-08-24T20:56:01.944+0000][31350][gc,start     ] GC(118) Pause Final Mark (unload classes)
[2020-08-24T20:56:01.944+0000][31350][gc,task      ] GC(118) Using 6 of 6 workers for final marking
[2020-08-24T20:56:01.944+0000][31350][gc,ergo      ] GC(118) CSet Selection. Actual Free: 3979M, Max CSet: 2984M
[2020-08-24T20:56:01.944+0000][31350][gc,ergo      ] GC(118) Collectable Garbage: 55879K (13% of total), 1018K CSet, 28 CSet regions
[2020-08-24T20:56:01.944+0000][31350][gc,ergo      ] GC(118) Immediate Garbage: 355M (86% of total), 178 regions
[2020-08-24T20:56:01.945+0000][31350][gc           ] GC(118) Pause Final Mark (unload classes) 0.406ms
[2020-08-24T20:56:01.945+0000][31350][safepoint    ] Safepoint "ShenandoahFinalMarkStartEvac", Time since last: 5504684 ns, Reaching safepoint: 83600 ns, At safepoint: 418672 ns, Total: 502272 ns
[2020-08-24T20:56:01.945+0000][31350][gc,start     ] GC(118) Concurrent roots processing
[2020-08-24T20:56:01.945+0000][31350][gc,task      ] GC(118) Using 3 of 6 workers for concurrent root processing
[2020-08-24T20:56:01.950+0000][31350][gc           ] GC(118) Concurrent roots processing 448M->450M(4096M) 5.886ms
[2020-08-24T20:56:01.950+0000][31350][gc,start     ] GC(118) Concurrent cleanup
[2020-08-24T20:56:01.951+0000][31350][gc           ] GC(118) Concurrent cleanup 450M->94M(4096M) 0.133ms
[2020-08-24T20:56:01.951+0000][31350][gc,ergo      ] GC(118) Free: 3796M (1901 regions), Max regular: 2048K, Max humongous: 3404M, External frag: 11%, Internal frag: 0%
[2020-08-24T20:56:01.951+0000][31350][gc,ergo      ] GC(118) Evacuation Reserve: 204M (103 regions), Max regular: 2048K
[2020-08-24T20:56:01.951+0000][31350][gc,start     ] GC(118) Concurrent evacuation
[2020-08-24T20:56:01.951+0000][31350][gc,task      ] GC(118) Using 3 of 6 workers for concurrent evacuation
[2020-08-24T20:56:01.951+0000][31350][gc           ] GC(118) Concurrent evacuation 94M->94M(4096M) 0.285ms
[2020-08-24T20:56:01.951+0000][31350][gc,start     ] GC(118) Pause Init Update Refs
[2020-08-24T20:56:01.951+0000][31350][gc           ] GC(118) Pause Init Update Refs 0.025ms
[2020-08-24T20:56:01.951+0000][31350][safepoint    ] Safepoint "ShenandoahInitUpdateRefs", Time since last: 6455182 ns, Reaching safepoint: 127681 ns, At safepoint: 38736 ns, Total: 166417 ns
[2020-08-24T20:56:01.951+0000][31350][gc,start     ] GC(118) Concurrent update references
[2020-08-24T20:56:01.951+0000][31350][gc,task      ] GC(118) Using 3 of 6 workers for concurrent reference update
[2020-08-24T20:56:01.955+0000][31350][gc           ] GC(118) Concurrent update references 94M->96M(4096M) 3.524ms
[2020-08-24T20:56:01.955+0000][31350][gc,start     ] GC(118) Pause Final Update Refs
[2020-08-24T20:56:01.955+0000][31350][gc,task      ] GC(118) Using 6 of 6 workers for final reference update
[2020-08-24T20:56:01.955+0000][31350][gc           ] GC(118) Pause Final Update Refs 0.130ms
[2020-08-24T20:56:01.955+0000][31350][safepoint    ] Safepoint "ShenandoahFinalUpdateRefs", Time since last: 3555403 ns, Reaching safepoint: 93973 ns, At safepoint: 142294 ns, Total: 236267 ns
[2020-08-24T20:56:01.955+0000][31350][gc,start     ] GC(118) Concurrent cleanup
[2020-08-24T20:56:01.955+0000][31350][gc           ] GC(118) Concurrent cleanup 96M->40M(4096M) 0.100ms
[2020-08-24T20:56:01.955+0000][31350][gc,ergo      ] Free: 3849M (1929 regions), Max regular: 2048K, Max humongous: 3450M, External frag: 11%, Internal frag: 0%
[2020-08-24T20:56:01.955+0000][31350][gc,ergo      ] Evacuation Reserve: 206M (103 regions), Max regular: 2048K
[2020-08-24T20:56:02.955+0000][31350][safepoint    ] Safepoint "Cleanup", Time since last: 1000081826 ns, Reaching safepoint: 313384 ns, At safepoint: 22878 ns, Total: 336262 ns
[2020-08-24T20:56:03.956+0000][31350][safepoint    ] Safepoint "Cleanup", Time since last: 1000185553 ns, Reaching safepoint: 336364 ns, At safepoint: 21799 ns, Total: 358163 ns
[2020-08-24T20:56:04.956+0000][31350][safepoint    ] Safepoint "Cleanup", Time since last: 1000206127 ns, Reaching safepoint: 315938 ns, At safepoint: 28787 ns, Total: 344725 ns
[2020-08-24T20:56:05.803+0000][31350][gc           ] Trigger: Allocated since last cycle (409M) is larger than allocation threshold (409M)
[2020-08-24T20:56:05.803+0000][31350][gc,ergo      ] Free: 3458M (1733 regions), Max regular: 2048K, Max humongous: 3436M, External frag: 1%, Internal frag: 0%
[2020-08-24T20:56:05.803+0000][31350][gc,ergo      ] Evacuation Reserve: 206M (103 regions), Max regular: 2048K
[2020-08-24T20:56:05.803+0000][31350][gc,start     ] GC(119) Concurrent reset
[2020-08-24T20:56:05.803+0000][31350][gc,task      ] GC(119) Using 3 of 6 workers for concurrent reset
[2020-08-24T20:56:05.803+0000][31350][gc           ] GC(119) Concurrent reset 431M->431M(4096M) 0.138ms
[2020-08-24T20:56:05.803+0000][31350][gc,start     ] GC(119) Pause Init Mark (unload classes)
[2020-08-24T20:56:05.803+0000][31350][gc,task      ] GC(119) Using 6 of 6 workers for init marking
[2020-08-24T20:56:05.803+0000][31350][gc           ] GC(119) Pause Init Mark (unload classes) 0.375ms
[2020-08-24T20:56:05.803+0000][31350][safepoint    ] Safepoint "ShenandoahInitMark", Time since last: 846506321 ns, Reaching safepoint: 130733 ns, At safepoint: 391109 ns, Total: 521842 ns
[2020-08-24T20:56:05.804+0000][31350][gc,start     ] GC(119) Concurrent marking (unload classes)
[2020-08-24T20:56:05.804+0000][31350][gc,task      ] GC(119) Using 3 of 6 workers for concurrent marking
[2020-08-24T20:56:05.810+0000][31350][gc           ] GC(119) Concurrent marking (unload classes) 433M->451M(4096M) 6.081ms
[2020-08-24T20:56:05.810+0000][31350][gc,start     ] GC(119) Pause Final Mark (unload classes)
[2020-08-24T20:56:05.810+0000][31350][gc,task      ] GC(119) Using 6 of 6 workers for final marking
[2020-08-24T20:56:05.810+0000][31350][gc,ergo      ] GC(119) CSet Selection. Actual Free: 3980M, Max CSet: 2985M
[2020-08-24T20:56:05.810+0000][31350][gc,ergo      ] GC(119) Collectable Garbage: 53857K (12% of total), 1026K CSet, 27 CSet regions
[2020-08-24T20:56:05.810+0000][31350][gc,ergo      ] GC(119) Immediate Garbage: 358M (86% of total), 179 regions
[2020-08-24T20:56:05.810+0000][31350][gc           ] GC(119) Pause Final Mark (unload classes) 0.483ms
[2020-08-24T20:56:05.810+0000][31350][safepoint    ] Safepoint "ShenandoahFinalMarkStartEvac", Time since last: 6180463 ns, Reaching safepoint: 152524 ns, At safepoint: 512834 ns, Total: 665358 ns
[2020-08-24T20:56:05.810+0000][31350][gc,start     ] GC(119) Concurrent roots processing
[2020-08-24T20:56:05.810+0000][31350][gc,task      ] GC(119) Using 3 of 6 workers for concurrent root processing
[2020-08-24T20:56:05.818+0000][31350][gc           ] GC(119) Concurrent roots processing 451M->468M(4096M) 7.422ms
[2020-08-24T20:56:05.818+0000][31350][gc,start     ] GC(119) Concurrent cleanup
[2020-08-24T20:56:05.818+0000][31350][gc           ] GC(119) Concurrent cleanup 468M->110M(4096M) 0.177ms
[2020-08-24T20:56:05.818+0000][31350][gc,ergo      ] GC(119) Free: 3780M (1893 regions), Max regular: 2048K, Max humongous: 3400M, External frag: 11%, Internal frag: 0%
[2020-08-24T20:56:05.818+0000][31350][gc,ergo      ] GC(119) Evacuation Reserve: 204M (103 regions), Max regular: 2048K
[2020-08-24T20:56:05.818+0000][31350][gc,start     ] GC(119) Concurrent evacuation
[2020-08-24T20:56:05.818+0000][31350][gc,task      ] GC(119) Using 3 of 6 workers for concurrent evacuation
[2020-08-24T20:56:05.818+0000][31350][gc           ] GC(119) Concurrent evacuation 110M->110M(4096M) 0.207ms
[2020-08-24T20:56:05.818+0000][31350][gc,start     ] GC(119) Pause Init Update Refs
[2020-08-24T20:56:05.818+0000][31350][gc           ] GC(119) Pause Init Update Refs 0.037ms
[2020-08-24T20:56:05.818+0000][31350][safepoint    ] Safepoint "ShenandoahInitUpdateRefs", Time since last: 7978424 ns, Reaching safepoint: 108556 ns, At safepoint: 54099 ns, Total: 162655 ns
[2020-08-24T20:56:05.818+0000][31350][gc,start     ] GC(119) Concurrent update references
[2020-08-24T20:56:05.818+0000][31350][gc,task      ] GC(119) Using 3 of 6 workers for concurrent reference update
[2020-08-24T20:56:05.824+0000][31350][gc           ] GC(119) Concurrent update references 114M->128M(4096M) 5.606ms
[2020-08-24T20:56:05.824+0000][31350][gc,start     ] GC(119) Pause Final Update Refs
[2020-08-24T20:56:05.824+0000][31350][gc,task      ] GC(119) Using 6 of 6 workers for final reference update
[2020-08-24T20:56:05.824+0000][31350][gc           ] GC(119) Pause Final Update Refs 0.108ms
[2020-08-24T20:56:05.824+0000][31350][safepoint    ] Safepoint "ShenandoahFinalUpdateRefs", Time since last: 5668297 ns, Reaching safepoint: 77670 ns, At safepoint: 124759 ns, Total: 202429 ns
[2020-08-24T20:56:05.824+0000][31350][gc,start     ] GC(119) Concurrent cleanup
[2020-08-24T20:56:05.825+0000][31350][gc           ] GC(119) Concurrent cleanup 128M->75M(4096M) 0.166ms
[2020-08-24T20:56:05.825+0000][31350][gc,ergo      ] Free: 3814M (1923 regions), Max regular: 2048K, Max humongous: 3400M, External frag: 11%, Internal frag: 0%
[2020-08-24T20:56:05.825+0000][31350][gc,ergo      ] Evacuation Reserve: 206M (103 regions), Max regular: 2048K
[2020-08-24T20:56:06.825+0000][31350][safepoint    ] Safepoint "Cleanup", Time since last: 1000091790 ns, Reaching safepoint: 312272 ns, At safepoint: 24520 ns, Total: 336792 ns
[2020-08-24T20:56:07.825+0000][31350][safepoint    ] Safepoint "Cleanup", Time since last: 1000226041 ns, Reaching safepoint: 204407 ns, At safepoint: 18190 ns, Total: 222597 ns
[2020-08-24T20:56:08.800+0000][31350][gc           ] Trigger: Allocated since last cycle (410M) is larger than allocation threshold (409M)
[2020-08-24T20:56:08.800+0000][31350][gc,ergo      ] Free: 3458M (1741 regions), Max regular: 2048K, Max humongous: 3400M, External frag: 2%, Internal frag: 0%
[2020-08-24T20:56:08.800+0000][31350][gc,ergo      ] Evacuation Reserve: 206M (103 regions), Max regular: 2048K
[2020-08-24T20:56:08.800+0000][31350][gc,start     ] GC(120) Concurrent reset
[2020-08-24T20:56:08.800+0000][31350][gc,task      ] GC(120) Using 3 of 6 workers for concurrent reset
[2020-08-24T20:56:08.800+0000][31350][gc           ] GC(120) Concurrent reset 430M->430M(4096M) 0.503ms
[2020-08-24T20:56:08.801+0000][31350][gc,start     ] GC(120) Pause Init Mark (process weakrefs) (unload classes)
[2020-08-24T20:56:08.801+0000][31350][gc,task      ] GC(120) Using 6 of 6 workers for init marking
[2020-08-24T20:56:08.802+0000][31350][gc           ] GC(120) Pause Init Mark (process weakrefs) (unload classes) 1.157ms
[2020-08-24T20:56:08.802+0000][31350][safepoint    ] Safepoint "ShenandoahInitMark", Time since last: 975377890 ns, Reaching safepoint: 156012 ns, At safepoint: 1255796 ns, Total: 1411808 ns
[2020-08-24T20:56:08.802+0000][31350][gc,start     ] GC(120) Concurrent marking (process weakrefs) (unload classes)
[2020-08-24T20:56:08.802+0000][31350][gc,task      ] GC(120) Using 3 of 6 workers for concurrent marking
[2020-08-24T20:56:08.813+0000][31350][gc           ] GC(120) Concurrent marking (process weakrefs) (unload classes) 430M->448M(4096M) 10.764ms
[2020-08-24T20:56:08.813+0000][31350][gc,start     ] GC(120) Concurrent precleaning
[2020-08-24T20:56:08.813+0000][31350][gc,task      ] GC(120) Using 1 of 6 workers for concurrent preclean
[2020-08-24T20:56:08.813+0000][31350][gc           ] GC(120) Concurrent precleaning 448M->448M(4096M) 0.516ms
[2020-08-24T20:56:08.813+0000][31350][gc,start     ] GC(120) Pause Final Mark (process weakrefs) (unload classes)
[2020-08-24T20:56:08.814+0000][31350][gc,task      ] GC(120) Using 6 of 6 workers for final marking
[2020-08-24T20:56:08.814+0000][31350][gc,ergo      ] GC(120) CSet Selection. Actual Free: 3987M, Max CSet: 2990M
[2020-08-24T20:56:08.814+0000][31350][gc,ergo      ] GC(120) Collectable Garbage: 47767K (11% of total), 969K CSet, 24 CSet regions
[2020-08-24T20:56:08.814+0000][31350][gc,ergo      ] GC(120) Immediate Garbage: 363M (88% of total), 182 regions
[2020-08-24T20:56:08.814+0000][31350][gc           ] GC(120) Pause Final Mark (process weakrefs) (unload classes) 0.792ms
[2020-08-24T20:56:08.814+0000][31350][safepoint    ] Safepoint "ShenandoahFinalMarkStartEvac", Time since last: 11420167 ns, Reaching safepoint: 53440 ns, At safepoint: 822809 ns, Total: 876249 ns
[2020-08-24T20:56:08.814+0000][31350][gc,start     ] GC(120) Concurrent roots processing
[2020-08-24T20:56:08.814+0000][31350][gc,task      ] GC(120) Using 3 of 6 workers for concurrent root processing
[2020-08-24T20:56:08.822+0000][31350][gc           ] GC(120) Concurrent roots processing 448M->468M(4096M) 7.429ms
[2020-08-24T20:56:08.822+0000][31350][gc,start     ] GC(120) Concurrent cleanup
[2020-08-24T20:56:08.822+0000][31350][gc           ] GC(120) Concurrent cleanup 468M->104M(4096M) 0.194ms
[2020-08-24T20:56:08.822+0000][31350][gc,ergo      ] GC(120) Free: 3786M (1896 regions), Max regular: 2048K, Max humongous: 3400M, External frag: 11%, Internal frag: 0%
[2020-08-24T20:56:08.822+0000][31350][gc,ergo      ] GC(120) Evacuation Reserve: 204M (103 regions), Max regular: 2048K
[2020-08-24T20:56:08.822+0000][31350][gc,start     ] GC(120) Concurrent evacuation
[2020-08-24T20:56:08.822+0000][31350][gc,task      ] GC(120) Using 3 of 6 workers for concurrent evacuation
[2020-08-24T20:56:08.822+0000][31350][gc           ] GC(120) Concurrent evacuation 104M->104M(4096M) 0.197ms
[2020-08-24T20:56:08.822+0000][31350][gc,start     ] GC(120) Pause Init Update Refs
[2020-08-24T20:56:08.822+0000][31350][gc           ] GC(120) Pause Init Update Refs 0.033ms
[2020-08-24T20:56:08.822+0000][31350][safepoint    ] Safepoint "ShenandoahInitUpdateRefs", Time since last: 7995791 ns, Reaching safepoint: 123070 ns, At safepoint: 48841 ns, Total: 171911 ns
[2020-08-24T20:56:08.823+0000][31350][gc,start     ] GC(120) Concurrent update references
[2020-08-24T20:56:08.823+0000][31350][gc,task      ] GC(120) Using 3 of 6 workers for concurrent reference update
[2020-08-24T20:56:08.827+0000][31350][gc           ] GC(120) Concurrent update references 108M->118M(4096M) 4.254ms
[2020-08-24T20:56:08.827+0000][31350][gc,start     ] GC(120) Pause Final Update Refs
[2020-08-24T20:56:08.827+0000][31350][gc,task      ] GC(120) Using 6 of 6 workers for final reference update
[2020-08-24T20:56:08.827+0000][31350][gc           ] GC(120) Pause Final Update Refs 0.153ms
[2020-08-24T20:56:08.827+0000][31350][safepoint    ] Safepoint "ShenandoahFinalUpdateRefs", Time since last: 4302831 ns, Reaching safepoint: 102958 ns, At safepoint: 167102 ns, Total: 270060 ns
[2020-08-24T20:56:08.827+0000][31350][gc,start     ] GC(120) Concurrent cleanup
[2020-08-24T20:56:08.827+0000][31350][gc           ] GC(120) Concurrent cleanup 118M->70M(4096M) 0.153ms
[2020-08-24T20:56:08.827+0000][31350][gc,ergo      ] Free: 3819M (1914 regions), Max regular: 2048K, Max humongous: 3436M, External frag: 11%, Internal frag: 0%
[2020-08-24T20:56:08.827+0000][31350][gc,ergo      ] Evacuation Reserve: 206M (103 regions), Max regular: 2048K
[2020-08-24T20:56:09.827+0000][31350][safepoint    ] Safepoint "Cleanup", Time since last: 1000095520 ns, Reaching safepoint: 197784 ns, At safepoint: 6442 ns, Total: 204226 ns
[2020-08-24T20:56:10.828+0000][31350][safepoint    ] Safepoint "Cleanup", Time since last: 1000128646 ns, Reaching safepoint: 151492 ns, At safepoint: 7326 ns, Total: 158818 ns
[2020-08-24T20:56:11.808+0000][31350][gc           ] Trigger: Allocated since last cycle (409M) is larger than allocation threshold (409M)
[2020-08-24T20:56:11.809+0000][31350][gc,ergo      ] Free: 3459M (1734 regions), Max regular: 2048K, Max humongous: 3436M, External frag: 1%, Internal frag: 0%
[2020-08-24T20:56:11.809+0000][31350][gc,ergo      ] Evacuation Reserve: 206M (103 regions), Max regular: 2048K
[2020-08-24T20:56:11.809+0000][31350][gc,start     ] GC(121) Concurrent reset
[2020-08-24T20:56:11.809+0000][31350][gc,task      ] GC(121) Using 3 of 6 workers for concurrent reset
[2020-08-24T20:56:11.809+0000][31350][gc           ] GC(121) Concurrent reset 430M->430M(4096M) 0.437ms
[2020-08-24T20:56:11.810+0000][31350][gc,start     ] GC(121) Pause Init Mark (unload classes)
[2020-08-24T20:56:11.810+0000][31350][gc,task      ] GC(121) Using 6 of 6 workers for init marking
[2020-08-24T20:56:11.811+0000][31350][gc           ] GC(121) Pause Init Mark (unload classes) 1.005ms
[2020-08-24T20:56:11.811+0000][31350][safepoint    ] Safepoint "ShenandoahInitMark", Time since last: 981668558 ns, Reaching safepoint: 365134 ns, At safepoint: 1089392 ns, Total: 1454526 ns
[2020-08-24T20:56:11.811+0000][31350][gc,start     ] GC(121) Concurrent marking (unload classes)
[2020-08-24T20:56:11.811+0000][31350][gc,task      ] GC(121) Using 3 of 6 workers for concurrent marking
[2020-08-24T20:56:11.836+0000][31350][gc           ] GC(121) Concurrent marking (unload classes) 430M->448M(4096M) 25.122ms
[2020-08-24T20:56:11.837+0000][31350][gc,start     ] GC(121) Pause Final Mark (unload classes)
[2020-08-24T20:56:11.837+0000][31350][gc,task      ] GC(121) Using 6 of 6 workers for final marking
[2020-08-24T20:56:11.838+0000][31350][gc,ergo      ] GC(121) CSet Selection. Actual Free: 3986M, Max CSet: 2989M
[2020-08-24T20:56:11.838+0000][31350][gc,ergo      ] GC(121) Collectable Garbage: 49669K (11% of total), 1008K CSet, 25 CSet regions
[2020-08-24T20:56:11.838+0000][31350][gc,ergo      ] GC(121) Immediate Garbage: 362M (87% of total), 181 regions
[2020-08-24T20:56:11.838+0000][31350][gc           ] GC(121) Pause Final Mark (unload classes) 1.841ms
[2020-08-24T20:56:11.838+0000][31350][safepoint    ] Safepoint "ShenandoahFinalMarkStartEvac", Time since last: 25366815 ns, Reaching safepoint: 368469 ns, At safepoint: 1917330 ns, Total: 2285799 ns
[2020-08-24T20:56:11.839+0000][31350][gc,start     ] GC(121) Concurrent roots processing
[2020-08-24T20:56:11.839+0000][31350][gc,task      ] GC(121) Using 3 of 6 workers for concurrent root processing
[2020-08-24T20:56:11.852+0000][31350][gc           ] GC(121) Concurrent roots processing 450M->464M(4096M) 13.679ms
[2020-08-24T20:56:11.852+0000][31350][gc,start     ] GC(121) Concurrent cleanup
[2020-08-24T20:56:11.853+0000][31350][gc           ] GC(121) Concurrent cleanup 464M->104M(4096M) 0.393ms
[2020-08-24T20:56:11.853+0000][31350][gc,ergo      ] GC(121) Free: 3786M (1896 regions), Max regular: 2048K, Max humongous: 3402M, External frag: 11%, Internal frag: 0%
[2020-08-24T20:56:11.853+0000][31350][gc,ergo      ] GC(121) Evacuation Reserve: 204M (103 regions), Max regular: 2048K
[2020-08-24T20:56:11.853+0000][31350][gc,start     ] GC(121) Concurrent evacuation
[2020-08-24T20:56:11.853+0000][31350][gc,task      ] GC(121) Using 3 of 6 workers for concurrent evacuation
[2020-08-24T20:56:11.853+0000][31350][gc           ] GC(121) Concurrent evacuation 104M->104M(4096M) 0.317ms
[2020-08-24T20:56:11.853+0000][31350][gc,start     ] GC(121) Pause Init Update Refs
[2020-08-24T20:56:11.853+0000][31350][gc           ] GC(121) Pause Init Update Refs 0.051ms
[2020-08-24T20:56:11.853+0000][31350][safepoint    ] Safepoint "ShenandoahInitUpdateRefs", Time since last: 14649258 ns, Reaching safepoint: 131808 ns, At safepoint: 76231 ns, Total: 208039 ns
[2020-08-24T20:56:11.853+0000][31350][gc,start     ] GC(121) Concurrent update references
[2020-08-24T20:56:11.853+0000][31350][gc,task      ] GC(121) Using 3 of 6 workers for concurrent reference update
[2020-08-24T20:56:11.860+0000][31350][gc           ] GC(121) Concurrent update references 104M->118M(4096M) 6.590ms
[2020-08-24T20:56:11.860+0000][31350][gc,start     ] GC(121) Pause Final Update Refs
[2020-08-24T20:56:11.860+0000][31350][gc,task      ] GC(121) Using 6 of 6 workers for final reference update
[2020-08-24T20:56:11.860+0000][31350][gc           ] GC(121) Pause Final Update Refs 0.191ms
[2020-08-24T20:56:11.860+0000][31350][safepoint    ] Safepoint "ShenandoahFinalUpdateRefs", Time since last: 6719933 ns, Reaching safepoint: 192442 ns, At safepoint: 213084 ns, Total: 405526 ns
[2020-08-24T20:56:11.860+0000][31350][gc,start     ] GC(121) Concurrent cleanup
[2020-08-24T20:56:11.861+0000][31350][gc           ] GC(121) Concurrent cleanup 118M->69M(4096M) 0.165ms
[2020-08-24T20:56:11.861+0000][31350][gc,ergo      ] Free: 3820M (1914 regions), Max regular: 2048K, Max humongous: 3402M, External frag: 11%, Internal frag: 0%
[2020-08-24T20:56:11.861+0000][31350][gc,ergo      ] Evacuation Reserve: 206M (103 regions), Max regular: 2048K
[2020-08-24T20:56:12.861+0000][31350][safepoint    ] Safepoint "Cleanup", Time since last: 1000093342 ns, Reaching safepoint: 238483 ns, At safepoint: 26195 ns, Total: 264678 ns
[2020-08-24T20:56:13.861+0000][31350][safepoint    ] Safepoint "Cleanup", Time since last: 1000150213 ns, Reaching safepoint: 299700 ns, At safepoint: 22264 ns, Total: 321964 ns
[2020-08-24T20:56:14.803+0000][31350][gc           ] Trigger: Allocated since last cycle (410M) is larger than allocation threshold (409M)
[2020-08-24T20:56:14.803+0000][31350][gc,ergo      ] Free: 3458M (1733 regions), Max regular: 2048K, Max humongous: 3402M, External frag: 2%, Internal frag: 0%
[2020-08-24T20:56:14.803+0000][31350][gc,ergo      ] Evacuation Reserve: 206M (103 regions), Max regular: 2048K
[2020-08-24T20:56:14.803+0000][31350][gc,start     ] GC(122) Concurrent reset
[2020-08-24T20:56:14.803+0000][31350][gc,task      ] GC(122) Using 3 of 6 workers for concurrent reset
[2020-08-24T20:56:14.804+0000][31350][gc           ] GC(122) Concurrent reset 431M->431M(4096M) 0.465ms
[2020-08-24T20:56:14.804+0000][31350][gc,start     ] GC(122) Pause Init Mark (unload classes)
[2020-08-24T20:56:14.804+0000][31350][gc,task      ] GC(122) Using 6 of 6 workers for init marking
[2020-08-24T20:56:14.805+0000][31350][gc           ] GC(122) Pause Init Mark (unload classes) 1.125ms
[2020-08-24T20:56:14.805+0000][31350][safepoint    ] Safepoint "ShenandoahInitMark", Time since last: 942469586 ns, Reaching safepoint: 314574 ns, At safepoint: 1222418 ns, Total: 1536992 ns
[2020-08-24T20:56:14.805+0000][31350][gc,start     ] GC(122) Concurrent marking (unload classes)
[2020-08-24T20:56:14.805+0000][31350][gc,task      ] GC(122) Using 3 of 6 workers for concurrent marking
[2020-08-24T20:56:14.828+0000][31350][gc           ] GC(122) Concurrent marking (unload classes) 431M->449M(4096M) 22.606ms
[2020-08-24T20:56:14.828+0000][31350][gc,start     ] GC(122) Pause Final Mark (unload classes)
[2020-08-24T20:56:14.828+0000][31350][gc,task      ] GC(122) Using 6 of 6 workers for final marking
[2020-08-24T20:56:14.829+0000][31350][gc,ergo      ] GC(122) CSet Selection. Actual Free: 3982M, Max CSet: 2986M
[2020-08-24T20:56:14.829+0000][31350][gc,ergo      ] GC(122) Collectable Garbage: 53873K (12% of total), 1012K CSet, 27 CSet regions
[2020-08-24T20:56:14.829+0000][31350][gc,ergo      ] GC(122) Immediate Garbage: 358M (86% of total), 179 regions
[2020-08-24T20:56:14.829+0000][31350][gc           ] GC(122) Pause Final Mark (unload classes) 0.990ms
[2020-08-24T20:56:14.829+0000][31350][safepoint    ] Safepoint "ShenandoahFinalMarkStartEvac", Time since last: 22791572 ns, Reaching safepoint: 181244 ns, At safepoint: 1032817 ns, Total: 1214061 ns
[2020-08-24T20:56:14.829+0000][31350][gc,start     ] GC(122) Concurrent roots processing
[2020-08-24T20:56:14.829+0000][31350][gc,task      ] GC(122) Using 3 of 6 workers for concurrent root processing
[2020-08-24T20:56:14.842+0000][31350][gc           ] GC(122) Concurrent roots processing 449M->466M(4096M) 12.298ms
[2020-08-24T20:56:14.842+0000][31350][gc,start     ] GC(122) Concurrent cleanup
[2020-08-24T20:56:14.842+0000][31350][gc           ] GC(122) Concurrent cleanup 466M->108M(4096M) 0.243ms
[2020-08-24T20:56:14.842+0000][31350][gc,ergo      ] GC(122) Free: 3782M (1894 regions), Max regular: 2048K, Max humongous: 3402M, External frag: 11%, Internal frag: 0%
[2020-08-24T20:56:14.842+0000][31350][gc,ergo      ] GC(122) Evacuation Reserve: 204M (103 regions), Max regular: 2048K
[2020-08-24T20:56:14.842+0000][31350][gc,start     ] GC(122) Concurrent evacuation
[2020-08-24T20:56:14.842+0000][31350][gc,task      ] GC(122) Using 3 of 6 workers for concurrent evacuation
[2020-08-24T20:56:14.842+0000][31350][gc           ] GC(122) Concurrent evacuation 108M->108M(4096M) 0.324ms
[2020-08-24T20:56:14.843+0000][31350][gc,start     ] GC(122) Pause Init Update Refs
[2020-08-24T20:56:14.843+0000][31350][gc           ] GC(122) Pause Init Update Refs 0.032ms
[2020-08-24T20:56:14.843+0000][31350][safepoint    ] Safepoint "ShenandoahInitUpdateRefs", Time since last: 13100115 ns, Reaching safepoint: 167430 ns, At safepoint: 45969 ns, Total: 213399 ns
[2020-08-24T20:56:14.843+0000][31350][gc,start     ] GC(122) Concurrent update references
[2020-08-24T20:56:14.843+0000][31350][gc,task      ] GC(122) Using 3 of 6 workers for concurrent reference update
[2020-08-24T20:56:14.847+0000][31350][gc           ] GC(122) Concurrent update references 112M->128M(4096M) 4.233ms
[2020-08-24T20:56:14.847+0000][31350][gc,start     ] GC(122) Pause Final Update Refs
[2020-08-24T20:56:14.847+0000][31350][gc,task      ] GC(122) Using 6 of 6 workers for final reference update
[2020-08-24T20:56:14.847+0000][31350][gc           ] GC(122) Pause Final Update Refs 0.110ms
[2020-08-24T20:56:14.847+0000][31350][safepoint    ] Safepoint "ShenandoahFinalUpdateRefs", Time since last: 4312155 ns, Reaching safepoint: 45729 ns, At safepoint: 124656 ns, Total: 170385 ns
[2020-08-24T20:56:14.847+0000][31350][gc,start     ] GC(122) Concurrent cleanup
[2020-08-24T20:56:14.847+0000][31350][gc           ] GC(122) Concurrent cleanup 128M->75M(4096M) 0.106ms
[2020-08-24T20:56:14.847+0000][31350][gc,ergo      ] Free: 3814M (1911 regions), Max regular: 2048K, Max humongous: 3402M, External frag: 11%, Internal frag: 0%
[2020-08-24T20:56:14.847+0000][31350][gc,ergo      ] Evacuation Reserve: 206M (103 regions), Max regular: 2048K
[2020-08-24T20:56:15.847+0000][31350][safepoint    ] Safepoint "Cleanup", Time since last: 1000100832 ns, Reaching safepoint: 194605 ns, At safepoint: 24676 ns, Total: 219281 ns
[2020-08-24T20:56:16.848+0000][31350][safepoint    ] Safepoint "Cleanup", Time since last: 1000204477 ns, Reaching safepoint: 360165 ns, At safepoint: 19656 ns, Total: 379821 ns
[2020-08-24T20:56:17.307+0000][31350][gc           ] Trigger: Allocated since last cycle (409M) is larger than allocation threshold (409M)
[2020-08-24T20:56:17.307+0000][31350][gc,ergo      ] Free: 3458M (1734 regions), Max regular: 2048K, Max humongous: 3402M, External frag: 2%, Internal frag: 0%
[2020-08-24T20:56:17.307+0000][31350][gc,ergo      ] Evacuation Reserve: 206M (103 regions), Max regular: 2048K
[2020-08-24T20:56:17.307+0000][31350][gc,start     ] GC(123) Concurrent reset
[2020-08-24T20:56:17.307+0000][31350][gc,task      ] GC(123) Using 3 of 6 workers for concurrent reset
[2020-08-24T20:56:17.307+0000][31350][gc           ] GC(123) Concurrent reset 431M->431M(4096M) 0.118ms
[2020-08-24T20:56:17.307+0000][31350][gc,start     ] GC(123) Pause Init Mark (unload classes)
[2020-08-24T20:56:17.307+0000][31350][gc,task      ] GC(123) Using 6 of 6 workers for init marking
[2020-08-24T20:56:17.308+0000][31350][gc           ] GC(123) Pause Init Mark (unload classes) 0.297ms
[2020-08-24T20:56:17.308+0000][31350][safepoint    ] Safepoint "ShenandoahInitMark", Time since last: 459282304 ns, Reaching safepoint: 111563 ns, At safepoint: 311071 ns, Total: 422634 ns
[2020-08-24T20:56:17.308+0000][31350][gc,start     ] GC(123) Concurrent marking (unload classes)
[2020-08-24T20:56:17.308+0000][31350][gc,task      ] GC(123) Using 3 of 6 workers for concurrent marking
[2020-08-24T20:56:17.314+0000][31350][gc           ] GC(123) Concurrent marking (unload classes) 432M->447M(4096M) 6.314ms
[2020-08-24T20:56:17.314+0000][31350][gc,start     ] GC(123) Pause Final Mark (unload classes)
[2020-08-24T20:56:17.314+0000][31350][gc,task      ] GC(123) Using 6 of 6 workers for final marking
[2020-08-24T20:56:17.315+0000][31350][gc,ergo      ] GC(123) CSet Selection. Actual Free: 3979M, Max CSet: 2984M
[2020-08-24T20:56:17.315+0000][31350][gc,ergo      ] GC(123) Collectable Garbage: 57998K (13% of total), 996K CSet, 29 CSet regions
[2020-08-24T20:56:17.315+0000][31350][gc,ergo      ] GC(123) Immediate Garbage: 353M (85% of total), 177 regions
[2020-08-24T20:56:17.315+0000][31350][gc           ] GC(123) Pause Final Mark (unload classes) 0.620ms
[2020-08-24T20:56:17.315+0000][31350][safepoint    ] Safepoint "ShenandoahFinalMarkStartEvac", Time since last: 6393990 ns, Reaching safepoint: 78717 ns, At safepoint: 639469 ns, Total: 718186 ns
[2020-08-24T20:56:17.315+0000][31350][gc,start     ] GC(123) Concurrent roots processing
[2020-08-24T20:56:17.315+0000][31350][gc,task      ] GC(123) Using 3 of 6 workers for concurrent root processing
[2020-08-24T20:56:17.321+0000][31350][gc           ] GC(123) Concurrent roots processing 447M->448M(4096M) 6.191ms
[2020-08-24T20:56:17.321+0000][31350][gc,start     ] GC(123) Concurrent cleanup
[2020-08-24T20:56:17.321+0000][31350][gc           ] GC(123) Concurrent cleanup 448M->94M(4096M) 0.197ms
[2020-08-24T20:56:17.321+0000][31350][gc,ergo      ] GC(123) Free: 3796M (1900 regions), Max regular: 2048K, Max humongous: 3420M, External frag: 10%, Internal frag: 0%
[2020-08-24T20:56:17.321+0000][31350][gc,ergo      ] GC(123) Evacuation Reserve: 204M (103 regions), Max regular: 2048K
[2020-08-24T20:56:17.321+0000][31350][gc,start     ] GC(123) Concurrent evacuation
[2020-08-24T20:56:17.321+0000][31350][gc,task      ] GC(123) Using 3 of 6 workers for concurrent evacuation
[2020-08-24T20:56:17.321+0000][31350][gc           ] GC(123) Concurrent evacuation 94M->94M(4096M) 0.225ms
[2020-08-24T20:56:17.322+0000][31350][gc,start     ] GC(123) Pause Init Update Refs
[2020-08-24T20:56:17.322+0000][31350][gc           ] GC(123) Pause Init Update Refs 0.026ms
[2020-08-24T20:56:17.322+0000][31350][safepoint    ] Safepoint "ShenandoahInitUpdateRefs", Time since last: 6774627 ns, Reaching safepoint: 116542 ns, At safepoint: 37487 ns, Total: 154029 ns
[2020-08-24T20:56:17.322+0000][31350][gc,start     ] GC(123) Concurrent update references
[2020-08-24T20:56:17.322+0000][31350][gc,task      ] GC(123) Using 3 of 6 workers for concurrent reference update
[2020-08-24T20:56:17.325+0000][31350][gc           ] GC(123) Concurrent update references 94M->96M(4096M) 3.594ms
[2020-08-24T20:56:17.325+0000][31350][gc,start     ] GC(123) Pause Final Update Refs
[2020-08-24T20:56:17.325+0000][31350][gc,task      ] GC(123) Using 6 of 6 workers for final reference update
[2020-08-24T20:56:17.326+0000][31350][gc           ] GC(123) Pause Final Update Refs 0.098ms
[2020-08-24T20:56:17.326+0000][31350][safepoint    ] Safepoint "ShenandoahFinalUpdateRefs", Time since last: 3707433 ns, Reaching safepoint: 27667 ns, At safepoint: 109678 ns, Total: 137345 ns
[2020-08-24T20:56:17.326+0000][31350][gc,start     ] GC(123) Concurrent cleanup
[2020-08-24T20:56:17.326+0000][31350][gc           ] GC(123) Concurrent cleanup 96M->39M(4096M) 0.121ms
[2020-08-24T20:56:17.326+0000][31350][gc,ergo      ] Free: 3850M (1929 regions), Max regular: 2048K, Max humongous: 3420M, External frag: 12%, Internal frag: 0%
[2020-08-24T20:56:17.326+0000][31350][gc,ergo      ] Evacuation Reserve: 206M (103 regions), Max regular: 2048K
[2020-08-24T20:56:18.326+0000][31350][safepoint    ] Safepoint "Cleanup", Time since last: 1000074666 ns, Reaching safepoint: 265528 ns, At safepoint: 23983 ns, Total: 289511 ns
[2020-08-24T20:56:19.326+0000][31350][safepoint    ] Safepoint "Cleanup", Time since last: 1000164171 ns, Reaching safepoint: 285547 ns, At safepoint: 13347 ns, Total: 298894 ns
[2020-08-24T20:56:20.327+0000][31350][safepoint    ] Safepoint "Cleanup", Time since last: 1000206568 ns, Reaching safepoint: 230633 ns, At safepoint: 13264 ns, Total: 243897 ns
[2020-08-24T20:56:20.866+0000][31350][gc           ] Trigger: Allocated since last cycle (409M) is larger than allocation threshold (409M)
[2020-08-24T20:56:20.866+0000][31350][gc,ergo      ] Free: 3458M (1733 regions), Max regular: 2048K, Max humongous: 3420M, External frag: 2%, Internal frag: 0%
[2020-08-24T20:56:20.866+0000][31350][gc,ergo      ] Evacuation Reserve: 206M (103 regions), Max regular: 2048K
[2020-08-24T20:56:20.866+0000][31350][gc,start     ] GC(124) Concurrent reset
[2020-08-24T20:56:20.866+0000][31350][gc,task      ] GC(124) Using 3 of 6 workers for concurrent reset
[2020-08-24T20:56:20.867+0000][31350][gc           ] GC(124) Concurrent reset 431M->431M(4096M) 0.479ms
[2020-08-24T20:56:20.867+0000][31350][gc,start     ] GC(124) Pause Init Mark (unload classes)
[2020-08-24T20:56:20.867+0000][31350][gc,task      ] GC(124) Using 6 of 6 workers for init marking
[2020-08-24T20:56:20.868+0000][31350][gc           ] GC(124) Pause Init Mark (unload classes) 1.132ms
[2020-08-24T20:56:20.868+0000][31350][safepoint    ] Safepoint "ShenandoahInitMark", Time since last: 539890645 ns, Reaching safepoint: 326077 ns, At safepoint: 1231230 ns, Total: 1557307 ns
[2020-08-24T20:56:20.868+0000][31350][gc,start     ] GC(124) Concurrent marking (unload classes)
[2020-08-24T20:56:20.868+0000][31350][gc,task      ] GC(124) Using 3 of 6 workers for concurrent marking
[2020-08-24T20:56:20.895+0000][31350][gc           ] GC(124) Concurrent marking (unload classes) 431M->459M(4096M) 27.075ms
[2020-08-24T20:56:20.896+0000][31350][gc,start     ] GC(124) Pause Final Mark (unload classes)
[2020-08-24T20:56:20.896+0000][31350][gc,task      ] GC(124) Using 6 of 6 workers for final marking
[2020-08-24T20:56:20.896+0000][31350][gc,ergo      ] GC(124) CSet Selection. Actual Free: 3980M, Max CSet: 2985M
[2020-08-24T20:56:20.896+0000][31350][gc,ergo      ] GC(124) Collectable Garbage: 45674K (10% of total), 1017K CSet, 23 CSet regions
[2020-08-24T20:56:20.897+0000][31350][gc,ergo      ] GC(124) Immediate Garbage: 366M (88% of total), 183 regions
[2020-08-24T20:56:20.897+0000][31350][gc           ] GC(124) Pause Final Mark (unload classes) 1.143ms
[2020-08-24T20:56:20.897+0000][31350][safepoint    ] Safepoint "ShenandoahFinalMarkStartEvac", Time since last: 27293772 ns, Reaching safepoint: 260397 ns, At safepoint: 1200272 ns, Total: 1460669 ns
[2020-08-24T20:56:20.897+0000][31350][gc,start     ] GC(124) Concurrent roots processing
[2020-08-24T20:56:20.897+0000][31350][gc,task      ] GC(124) Using 3 of 6 workers for concurrent root processing
[2020-08-24T20:56:20.908+0000][31350][gc           ] GC(124) Concurrent roots processing 459M->478M(4096M) 11.133ms
[2020-08-24T20:56:20.908+0000][31350][gc,start     ] GC(124) Concurrent cleanup
[2020-08-24T20:56:20.908+0000][31350][gc           ] GC(124) Concurrent cleanup 478M->112M(4096M) 0.229ms
[2020-08-24T20:56:20.909+0000][31350][gc,ergo      ] GC(124) Free: 3778M (1891 regions), Max regular: 2048K, Max humongous: 3388M, External frag: 11%, Internal frag: 0%
[2020-08-24T20:56:20.909+0000][31350][gc,ergo      ] GC(124) Evacuation Reserve: 204M (103 regions), Max regular: 2048K
[2020-08-24T20:56:20.909+0000][31350][gc,start     ] GC(124) Concurrent evacuation
[2020-08-24T20:56:20.909+0000][31350][gc,task      ] GC(124) Using 3 of 6 workers for concurrent evacuation
[2020-08-24T20:56:20.909+0000][31350][gc           ] GC(124) Concurrent evacuation 112M->112M(4096M) 0.257ms
[2020-08-24T20:56:20.909+0000][31350][gc,start     ] GC(124) Pause Init Update Refs
[2020-08-24T20:56:20.909+0000][31350][gc           ] GC(124) Pause Init Update Refs 0.056ms
[2020-08-24T20:56:20.909+0000][31350][safepoint    ] Safepoint "ShenandoahInitUpdateRefs", Time since last: 11882316 ns, Reaching safepoint: 127765 ns, At safepoint: 81216 ns, Total: 208981 ns
[2020-08-24T20:56:20.909+0000][31350][gc,start     ] GC(124) Concurrent update references
[2020-08-24T20:56:20.909+0000][31350][gc,task      ] GC(124) Using 3 of 6 workers for concurrent reference update
[2020-08-24T20:56:20.915+0000][31350][gc           ] GC(124) Concurrent update references 112M->134M(4096M) 5.953ms
[2020-08-24T20:56:20.915+0000][31350][gc,start     ] GC(124) Pause Final Update Refs
[2020-08-24T20:56:20.915+0000][31350][gc,task      ] GC(124) Using 6 of 6 workers for final reference update
[2020-08-24T20:56:20.915+0000][31350][gc           ] GC(124) Pause Final Update Refs 0.149ms
[2020-08-24T20:56:20.915+0000][31350][safepoint    ] Safepoint "ShenandoahFinalUpdateRefs", Time since last: 6045953 ns, Reaching safepoint: 120735 ns, At safepoint: 171703 ns, Total: 292438 ns
[2020-08-24T20:56:20.915+0000][31350][gc,start     ] GC(124) Concurrent cleanup
[2020-08-24T20:56:20.916+0000][31350][gc           ] GC(124) Concurrent cleanup 134M->88M(4096M) 0.164ms
[2020-08-24T20:56:20.916+0000][31350][gc,ergo      ] Free: 3801M (1904 regions), Max regular: 2048K, Max humongous: 3388M, External frag: 11%, Internal frag: 0%
[2020-08-24T20:56:20.916+0000][31350][gc,ergo      ] Evacuation Reserve: 206M (103 regions), Max regular: 2048K
[2020-08-24T20:56:21.916+0000][31350][safepoint    ] Safepoint "Cleanup", Time since last: 1000109328 ns, Reaching safepoint: 237647 ns, At safepoint: 10830 ns, Total: 248477 ns
[2020-08-24T20:56:22.916+0000][31350][safepoint    ] Safepoint "Cleanup", Time since last: 1000204347 ns, Reaching safepoint: 281202 ns, At safepoint: 20763 ns, Total: 301965 ns
[2020-08-24T20:56:23.014+0000][31350][gc           ] Trigger: Allocated since last cycle (410M) is larger than allocation threshold (409M)
[2020-08-24T20:56:23.014+0000][31350][gc,ergo      ] Free: 3459M (1733 regions), Max regular: 2048K, Max humongous: 3388M, External frag: 3%, Internal frag: 0%
[2020-08-24T20:56:23.014+0000][31350][gc,ergo      ] Evacuation Reserve: 206M (103 regions), Max regular: 2048K
[2020-08-24T20:56:23.014+0000][31350][gc,start     ] GC(125) Concurrent reset
[2020-08-24T20:56:23.014+0000][31350][gc,task      ] GC(125) Using 3 of 6 workers for concurrent reset
[2020-08-24T20:56:23.014+0000][31350][gc           ] GC(125) Concurrent reset 430M->430M(4096M) 0.123ms
[2020-08-24T20:56:23.014+0000][31350][gc,start     ] GC(125) Pause Init Mark (process weakrefs) (unload classes)
[2020-08-24T20:56:23.014+0000][31350][gc,task      ] GC(125) Using 6 of 6 workers for init marking
[2020-08-24T20:56:23.015+0000][31350][gc           ] GC(125) Pause Init Mark (process weakrefs) (unload classes) 0.394ms
[2020-08-24T20:56:23.015+0000][31350][safepoint    ] Safepoint "ShenandoahInitMark", Time since last: 97980059 ns, Reaching safepoint: 136142 ns, At safepoint: 409585 ns, Total: 545727 ns
[2020-08-24T20:56:23.015+0000][31350][gc,start     ] GC(125) Concurrent marking (process weakrefs) (unload classes)
[2020-08-24T20:56:23.015+0000][31350][gc,task      ] GC(125) Using 3 of 6 workers for concurrent marking
[2020-08-24T20:56:23.022+0000][31350][gc           ] GC(125) Concurrent marking (process weakrefs) (unload classes) 432M->444M(4096M) 6.713ms
[2020-08-24T20:56:23.022+0000][31350][gc,start     ] GC(125) Concurrent precleaning
[2020-08-24T20:56:23.022+0000][31350][gc,task      ] GC(125) Using 1 of 6 workers for concurrent preclean
[2020-08-24T20:56:23.022+0000][31350][gc           ] GC(125) Concurrent precleaning 444M->446M(4096M) 0.344ms
[2020-08-24T20:56:23.022+0000][31350][gc,start     ] GC(125) Pause Final Mark (process weakrefs) (unload classes)
[2020-08-24T20:56:23.022+0000][31350][gc,task      ] GC(125) Using 6 of 6 workers for final marking
[2020-08-24T20:56:23.022+0000][31350][gc,ergo      ] GC(125) CSet Selection. Actual Free: 3979M, Max CSet: 2984M
[2020-08-24T20:56:23.022+0000][31350][gc,ergo      ] GC(125) Collectable Garbage: 57984K (13% of total), 946K CSet, 29 CSet regions
[2020-08-24T20:56:23.022+0000][31350][gc,ergo      ] GC(125) Immediate Garbage: 353M (85% of total), 177 regions
[2020-08-24T20:56:23.023+0000][31350][gc           ] GC(125) Pause Final Mark (process weakrefs) (unload classes) 0.484ms
[2020-08-24T20:56:23.023+0000][31350][safepoint    ] Safepoint "ShenandoahFinalMarkStartEvac", Time since last: 7135414 ns, Reaching safepoint: 109867 ns, At safepoint: 500595 ns, Total: 610462 ns
[2020-08-24T20:56:23.023+0000][31350][gc,start     ] GC(125) Concurrent roots processing
[2020-08-24T20:56:23.023+0000][31350][gc,task      ] GC(125) Using 3 of 6 workers for concurrent root processing
[2020-08-24T20:56:23.030+0000][31350][gc           ] GC(125) Concurrent roots processing 446M->464M(4096M) 7.726ms
[2020-08-24T20:56:23.030+0000][31350][gc,start     ] GC(125) Concurrent cleanup
[2020-08-24T20:56:23.030+0000][31350][gc           ] GC(125) Concurrent cleanup 464M->110M(4096M) 0.145ms
[2020-08-24T20:56:23.031+0000][31350][gc,ergo      ] GC(125) Free: 3780M (1893 regions), Max regular: 2048K, Max humongous: 3390M, External frag: 11%, Internal frag: 0%
[2020-08-24T20:56:23.031+0000][31350][gc,ergo      ] GC(125) Evacuation Reserve: 204M (103 regions), Max regular: 2048K
[2020-08-24T20:56:23.031+0000][31350][gc,start     ] GC(125) Concurrent evacuation
[2020-08-24T20:56:23.031+0000][31350][gc,task      ] GC(125) Using 3 of 6 workers for concurrent evacuation
[2020-08-24T20:56:23.031+0000][31350][gc           ] GC(125) Concurrent evacuation 110M->112M(4096M) 0.177ms
[2020-08-24T20:56:23.031+0000][31350][gc,start     ] GC(125) Pause Init Update Refs
[2020-08-24T20:56:23.031+0000][31350][gc           ] GC(125) Pause Init Update Refs 0.034ms
[2020-08-24T20:56:23.031+0000][31350][safepoint    ] Safepoint "ShenandoahInitUpdateRefs", Time since last: 8188862 ns, Reaching safepoint: 105034 ns, At safepoint: 47396 ns, Total: 152430 ns
[2020-08-24T20:56:23.031+0000][31350][gc,start     ] GC(125) Concurrent update references
[2020-08-24T20:56:23.031+0000][31350][gc,task      ] GC(125) Using 3 of 6 workers for concurrent reference update
[2020-08-24T20:56:23.036+0000][31350][gc           ] GC(125) Concurrent update references 112M->130M(4096M) 5.553ms
[2020-08-24T20:56:23.037+0000][31350][gc,start     ] GC(125) Pause Final Update Refs
[2020-08-24T20:56:23.037+0000][31350][gc,task      ] GC(125) Using 6 of 6 workers for final reference update
[2020-08-24T20:56:23.037+0000][31350][gc           ] GC(125) Pause Final Update Refs 0.093ms
[2020-08-24T20:56:23.037+0000][31350][safepoint    ] Safepoint "ShenandoahFinalUpdateRefs", Time since last: 5639302 ns, Reaching safepoint: 68882 ns, At safepoint: 106971 ns, Total: 175853 ns
[2020-08-24T20:56:23.037+0000][31350][gc,start     ] GC(125) Concurrent cleanup
[2020-08-24T20:56:23.037+0000][31350][gc           ] GC(125) Concurrent cleanup 130M->72M(4096M) 0.100ms
[2020-08-24T20:56:23.037+0000][31350][gc,ergo      ] Free: 3817M (1913 regions), Max regular: 2048K, Max humongous: 3450M, External frag: 10%, Internal frag: 0%
[2020-08-24T20:56:23.037+0000][31350][gc,ergo      ] Evacuation Reserve: 206M (103 regions), Max regular: 2048K
[2020-08-24T20:56:24.037+0000][31350][safepoint    ] Safepoint "Cleanup", Time since last: 1000149358 ns, Reaching safepoint: 229664 ns, At safepoint: 20524 ns, Total: 250188 ns
[2020-08-24T20:56:25.037+0000][31350][safepoint    ] Safepoint "Cleanup", Time since last: 1000129170 ns, Reaching safepoint: 45335 ns, At safepoint: 2603 ns, Total: 47938 ns
[2020-08-24T20:56:26.038+0000][31350][safepoint    ] Safepoint "Cleanup", Time since last: 1000090300 ns, Reaching safepoint: 270938 ns, At safepoint: 23501 ns, Total: 294439 ns
[2020-08-24T20:56:26.349+0000][31350][gc           ] Trigger: Allocated since last cycle (411M) is larger than allocation threshold (409M)
[2020-08-24T20:56:26.349+0000][31350][gc,ergo      ] Free: 3457M (1732 regions), Max regular: 2048K, Max humongous: 3434M, External frag: 1%, Internal frag: 0%
[2020-08-24T20:56:26.349+0000][31350][gc,ergo      ] Evacuation Reserve: 206M (103 regions), Max regular: 2048K
[2020-08-24T20:56:26.349+0000][31350][gc,start     ] GC(126) Concurrent reset
[2020-08-24T20:56:26.349+0000][31350][gc,task      ] GC(126) Using 3 of 6 workers for concurrent reset
[2020-08-24T20:56:26.350+0000][31350][gc           ] GC(126) Concurrent reset 432M->432M(4096M) 0.136ms
[2020-08-24T20:56:26.350+0000][31350][gc,start     ] GC(126) Pause Init Mark (unload classes)
[2020-08-24T20:56:26.350+0000][31350][gc,task      ] GC(126) Using 6 of 6 workers for init marking
[2020-08-24T20:56:26.350+0000][31350][gc           ] GC(126) Pause Init Mark (unload classes) 0.313ms
[2020-08-24T20:56:26.350+0000][31350][safepoint    ] Safepoint "ShenandoahInitMark", Time since last: 311957899 ns, Reaching safepoint: 45555 ns, At safepoint: 328658 ns, Total: 374213 ns
[2020-08-24T20:56:26.350+0000][31350][gc,start     ] GC(126) Concurrent marking (unload classes)
[2020-08-24T20:56:26.350+0000][31350][gc,task      ] GC(126) Using 3 of 6 workers for concurrent marking
[2020-08-24T20:56:26.357+0000][31350][gc           ] GC(126) Concurrent marking (unload classes) 434M->448M(4096M) 6.830ms
[2020-08-24T20:56:26.357+0000][31350][gc,start     ] GC(126) Pause Final Mark (unload classes)
[2020-08-24T20:56:26.357+0000][31350][gc,task      ] GC(126) Using 6 of 6 workers for final marking
[2020-08-24T20:56:26.357+0000][31350][gc,ergo      ] GC(126) CSet Selection. Actual Free: 3976M, Max CSet: 2982M
[2020-08-24T20:56:26.357+0000][31350][gc,ergo      ] GC(126) Collectable Garbage: 61951K (14% of total), 1001K CSet, 31 CSet regions
[2020-08-24T20:56:26.357+0000][31350][gc,ergo      ] GC(126) Immediate Garbage: 352M (84% of total), 176 regions
[2020-08-24T20:56:26.357+0000][31350][gc           ] GC(126) Pause Final Mark (unload classes) 0.430ms
[2020-08-24T20:56:26.357+0000][31350][safepoint    ] Safepoint "ShenandoahFinalMarkStartEvac", Time since last: 6873233 ns, Reaching safepoint: 43654 ns, At safepoint: 443654 ns, Total: 487308 ns
[2020-08-24T20:56:26.357+0000][31350][gc,start     ] GC(126) Concurrent roots processing
[2020-08-24T20:56:26.357+0000][31350][gc,task      ] GC(126) Using 3 of 6 workers for concurrent root processing
[2020-08-24T20:56:26.363+0000][31350][gc           ] GC(126) Concurrent roots processing 448M->450M(4096M) 5.952ms
[2020-08-24T20:56:26.363+0000][31350][gc,start     ] GC(126) Concurrent cleanup
[2020-08-24T20:56:26.363+0000][31350][gc           ] GC(126) Concurrent cleanup 450M->98M(4096M) 0.133ms
[2020-08-24T20:56:26.364+0000][31350][gc,ergo      ] GC(126) Free: 3792M (1898 regions), Max regular: 2048K, Max humongous: 3416M, External frag: 10%, Internal frag: 0%
[2020-08-24T20:56:26.364+0000][31350][gc,ergo      ] GC(126) Evacuation Reserve: 204M (103 regions), Max regular: 2048K
[2020-08-24T20:56:26.364+0000][31350][gc,start     ] GC(126) Concurrent evacuation
[2020-08-24T20:56:26.364+0000][31350][gc,task      ] GC(126) Using 3 of 6 workers for concurrent evacuation
[2020-08-24T20:56:26.364+0000][31350][gc           ] GC(126) Concurrent evacuation 98M->98M(4096M) 0.265ms
[2020-08-24T20:56:26.364+0000][31350][gc,start     ] GC(126) Pause Init Update Refs
[2020-08-24T20:56:26.364+0000][31350][gc           ] GC(126) Pause Init Update Refs 0.025ms
[2020-08-24T20:56:26.364+0000][31350][safepoint    ] Safepoint "ShenandoahInitUpdateRefs", Time since last: 6478675 ns, Reaching safepoint: 98635 ns, At safepoint: 38676 ns, Total: 137311 ns
[2020-08-24T20:56:26.364+0000][31350][gc,start     ] GC(126) Concurrent update references
[2020-08-24T20:56:26.364+0000][31350][gc,task      ] GC(126) Using 3 of 6 workers for concurrent reference update
[2020-08-24T20:56:26.368+0000][31350][gc           ] GC(126) Concurrent update references 98M->98M(4096M) 3.753ms
[2020-08-24T20:56:26.368+0000][31350][gc,start     ] GC(126) Pause Final Update Refs
[2020-08-24T20:56:26.368+0000][31350][gc,task      ] GC(126) Using 6 of 6 workers for final reference update
[2020-08-24T20:56:26.368+0000][31350][gc           ] GC(126) Pause Final Update Refs 0.104ms
[2020-08-24T20:56:26.368+0000][31350][safepoint    ] Safepoint "ShenandoahFinalUpdateRefs", Time since last: 3862123 ns, Reaching safepoint: 105472 ns, At safepoint: 116541 ns, Total: 222013 ns
[2020-08-24T20:56:26.368+0000][31350][gc,start     ] GC(126) Concurrent cleanup
[2020-08-24T20:56:26.368+0000][31350][gc           ] GC(126) Concurrent cleanup 98M->37M(4096M) 0.116ms
[2020-08-24T20:56:26.368+0000][31350][gc,ergo      ] Free: 3852M (1929 regions), Max regular: 2048K, Max humongous: 3416M, External frag: 12%, Internal frag: 0%
[2020-08-24T20:56:26.368+0000][31350][gc,ergo      ] Evacuation Reserve: 206M (103 regions), Max regular: 2048K
[2020-08-24T20:56:27.368+0000][31350][safepoint    ] Safepoint "Cleanup", Time since last: 1000088858 ns, Reaching safepoint: 279090 ns, At safepoint: 13350 ns, Total: 292440 ns
[2020-08-24T20:56:28.369+0000][31350][safepoint    ] Safepoint "Cleanup", Time since last: 1000201639 ns, Reaching safepoint: 247772 ns, At safepoint: 13424 ns, Total: 261196 ns
[2020-08-24T20:56:29.369+0000][31350][safepoint    ] Safepoint "Cleanup", Time since last: 1000199955 ns, Reaching safepoint: 197733 ns, At safepoint: 7607 ns, Total: 205340 ns
[2020-08-24T20:56:29.815+0000][31350][gc           ] Trigger: Allocated since last cycle (410M) is larger than allocation threshold (409M)
[2020-08-24T20:56:29.816+0000][31350][gc,ergo      ] Free: 3459M (1733 regions), Max regular: 2048K, Max humongous: 3416M, External frag: 2%, Internal frag: 0%
[2020-08-24T20:56:29.816+0000][31350][gc,ergo      ] Evacuation Reserve: 206M (103 regions), Max regular: 2048K
[2020-08-24T20:56:29.816+0000][31350][gc,start     ] GC(127) Concurrent reset
[2020-08-24T20:56:29.816+0000][31350][gc,task      ] GC(127) Using 3 of 6 workers for concurrent reset
[2020-08-24T20:56:29.816+0000][31350][gc           ] GC(127) Concurrent reset 430M->430M(4096M) 0.163ms
[2020-08-24T20:56:29.816+0000][31350][gc,start     ] GC(127) Pause Init Mark (unload classes)
[2020-08-24T20:56:29.816+0000][31350][gc,task      ] GC(127) Using 6 of 6 workers for init marking
[2020-08-24T20:56:29.816+0000][31350][gc           ] GC(127) Pause Init Mark (unload classes) 0.302ms
[2020-08-24T20:56:29.816+0000][31350][safepoint    ] Safepoint "ShenandoahInitMark", Time since last: 446400386 ns, Reaching safepoint: 47593 ns, At safepoint: 317563 ns, Total: 365156 ns
[2020-08-24T20:56:29.816+0000][31350][gc,start     ] GC(127) Concurrent marking (unload classes)
[2020-08-24T20:56:29.816+0000][31350][gc,task      ] GC(127) Using 3 of 6 workers for concurrent marking
[2020-08-24T20:56:29.823+0000][31350][gc           ] GC(127) Concurrent marking (unload classes) 431M->455M(4096M) 6.476ms
[2020-08-24T20:56:29.823+0000][31350][gc,start     ] GC(127) Pause Final Mark (unload classes)
[2020-08-24T20:56:29.823+0000][31350][gc,task      ] GC(127) Using 6 of 6 workers for final marking
[2020-08-24T20:56:29.823+0000][31350][gc,ergo      ] GC(127) CSet Selection. Actual Free: 3978M, Max CSet: 2983M
[2020-08-24T20:56:29.823+0000][31350][gc,ergo      ] GC(127) Collectable Garbage: 51805K (12% of total), 1001K CSet, 26 CSet regions
[2020-08-24T20:56:29.823+0000][31350][gc,ergo      ] GC(127) Immediate Garbage: 360M (87% of total), 180 regions
[2020-08-24T20:56:29.823+0000][31350][gc           ] GC(127) Pause Final Mark (unload classes) 0.650ms
[2020-08-24T20:56:29.823+0000][31350][safepoint    ] Safepoint "ShenandoahFinalMarkStartEvac", Time since last: 6544863 ns, Reaching safepoint: 114733 ns, At safepoint: 669194 ns, Total: 783927 ns
[2020-08-24T20:56:29.823+0000][31350][gc,start     ] GC(127) Concurrent roots processing
[2020-08-24T20:56:29.823+0000][31350][gc,task      ] GC(127) Using 3 of 6 workers for concurrent root processing
[2020-08-24T20:56:29.831+0000][31350][gc           ] GC(127) Concurrent roots processing 457M->478M(4096M) 7.801ms
[2020-08-24T20:56:29.831+0000][31350][gc,start     ] GC(127) Concurrent cleanup
[2020-08-24T20:56:29.831+0000][31350][gc           ] GC(127) Concurrent cleanup 478M->118M(4096M) 0.159ms
[2020-08-24T20:56:29.831+0000][31350][gc,ergo      ] GC(127) Free: 3772M (1888 regions), Max regular: 2048K, Max humongous: 3388M, External frag: 11%, Internal frag: 0%
[2020-08-24T20:56:29.831+0000][31350][gc,ergo      ] GC(127) Evacuation Reserve: 204M (103 regions), Max regular: 2048K
[2020-08-24T20:56:29.831+0000][31350][gc,start     ] GC(127) Concurrent evacuation
[2020-08-24T20:56:29.831+0000][31350][gc,task      ] GC(127) Using 3 of 6 workers for concurrent evacuation
[2020-08-24T20:56:29.832+0000][31350][gc           ] GC(127) Concurrent evacuation 118M->118M(4096M) 0.161ms
[2020-08-24T20:56:29.832+0000][31350][gc,start     ] GC(127) Pause Init Update Refs
[2020-08-24T20:56:29.832+0000][31350][gc           ] GC(127) Pause Init Update Refs 0.039ms
[2020-08-24T20:56:29.832+0000][31350][safepoint    ] Safepoint "ShenandoahInitUpdateRefs", Time since last: 8240739 ns, Reaching safepoint: 88241 ns, At safepoint: 56301 ns, Total: 144542 ns
[2020-08-24T20:56:29.832+0000][31350][gc,start     ] GC(127) Concurrent update references
[2020-08-24T20:56:29.832+0000][31350][gc,task      ] GC(127) Using 3 of 6 workers for concurrent reference update
[2020-08-24T20:56:29.836+0000][31350][gc           ] GC(127) Concurrent update references 120M->140M(4096M) 4.348ms
[2020-08-24T20:56:29.836+0000][31350][gc,start     ] GC(127) Pause Final Update Refs
[2020-08-24T20:56:29.836+0000][31350][gc,task      ] GC(127) Using 6 of 6 workers for final reference update
[2020-08-24T20:56:29.836+0000][31350][gc           ] GC(127) Pause Final Update Refs 0.096ms
[2020-08-24T20:56:29.836+0000][31350][safepoint    ] Safepoint "ShenandoahFinalUpdateRefs", Time since last: 4383927 ns, Reaching safepoint: 102947 ns, At safepoint: 109104 ns, Total: 212051 ns
[2020-08-24T20:56:29.836+0000][31350][gc,start     ] GC(127) Concurrent cleanup
[2020-08-24T20:56:29.837+0000][31350][gc           ] GC(127) Concurrent cleanup 140M->89M(4096M) 0.103ms
[2020-08-24T20:56:29.837+0000][31350][gc,ergo      ] Free: 3800M (1905 regions), Max regular: 2048K, Max humongous: 3388M, External frag: 11%, Internal frag: 0%
[2020-08-24T20:56:29.837+0000][31350][gc,ergo      ] Evacuation Reserve: 206M (103 regions), Max regular: 2048K
[2020-08-24T20:56:30.837+0000][31350][safepoint    ] Safepoint "Cleanup", Time since last: 1000106168 ns, Reaching safepoint: 241138 ns, At safepoint: 24159 ns, Total: 265297 ns
[2020-08-24T20:56:31.837+0000][31350][safepoint    ] Safepoint "Cleanup", Time since last: 1000217324 ns, Reaching safepoint: 341252 ns, At safepoint: 29329 ns, Total: 370581 ns
[2020-08-24T20:56:32.646+0000][31350][gc           ] Trigger: Allocated since last cycle (410M) is larger than allocation threshold (409M)
[2020-08-24T20:56:32.646+0000][31350][gc,ergo      ] Free: 3458M (1734 regions), Max regular: 2048K, Max humongous: 3388M, External frag: 3%, Internal frag: 0%
[2020-08-24T20:56:32.646+0000][31350][gc,ergo      ] Evacuation Reserve: 206M (103 regions), Max regular: 2048K
[2020-08-24T20:56:32.647+0000][31350][gc,start     ] GC(128) Concurrent reset
[2020-08-24T20:56:32.647+0000][31350][gc,task      ] GC(128) Using 3 of 6 workers for concurrent reset
[2020-08-24T20:56:32.647+0000][31350][gc           ] GC(128) Concurrent reset 430M->430M(4096M) 0.528ms
[2020-08-24T20:56:32.648+0000][31350][gc,start     ] GC(128) Pause Init Mark (unload classes)
[2020-08-24T20:56:32.648+0000][31350][gc,task      ] GC(128) Using 6 of 6 workers for init marking
[2020-08-24T20:56:32.649+0000][31350][gc           ] GC(128) Pause Init Mark (unload classes) 1.034ms
[2020-08-24T20:56:32.649+0000][31350][safepoint    ] Safepoint "ShenandoahInitMark", Time since last: 809848189 ns, Reaching safepoint: 281076 ns, At safepoint: 1122808 ns, Total: 1403884 ns
[2020-08-24T20:56:32.649+0000][31350][gc,start     ] GC(128) Concurrent marking (unload classes)
[2020-08-24T20:56:32.649+0000][31350][gc,task      ] GC(128) Using 3 of 6 workers for concurrent marking
[2020-08-24T20:56:32.667+0000][31350][gc           ] GC(128) Concurrent marking (unload classes) 432M->434M(4096M) 18.293ms
[2020-08-24T20:56:32.667+0000][31350][gc,start     ] GC(128) Pause Final Mark (unload classes)
[2020-08-24T20:56:32.667+0000][31350][gc,task      ] GC(128) Using 6 of 6 workers for final marking
[2020-08-24T20:56:32.668+0000][31350][gc,ergo      ] GC(128) CSet Selection. Actual Free: 3995M, Max CSet: 2996M
[2020-08-24T20:56:32.668+0000][31350][gc,ergo      ] GC(128) Collectable Garbage: 53873K (12% of total), 981K CSet, 27 CSet regions
[2020-08-24T20:56:32.668+0000][31350][gc,ergo      ] GC(128) Immediate Garbage: 357M (86% of total), 179 regions
[2020-08-24T20:56:32.669+0000][31350][gc           ] GC(128) Pause Final Mark (unload classes) 1.396ms
[2020-08-24T20:56:32.669+0000][31350][safepoint    ] Safepoint "ShenandoahFinalMarkStartEvac", Time since last: 18541405 ns, Reaching safepoint: 200267 ns, At safepoint: 1455072 ns, Total: 1655339 ns
[2020-08-24T20:56:32.669+0000][31350][gc,start     ] GC(128) Concurrent roots processing
[2020-08-24T20:56:32.669+0000][31350][gc,task      ] GC(128) Using 3 of 6 workers for concurrent root processing
[2020-08-24T20:56:32.680+0000][31350][gc           ] GC(128) Concurrent roots processing 434M->438M(4096M) 11.308ms
[2020-08-24T20:56:32.680+0000][31350][gc,start     ] GC(128) Concurrent cleanup
[2020-08-24T20:56:32.680+0000][31350][gc           ] GC(128) Concurrent cleanup 438M->80M(4096M) 0.249ms
[2020-08-24T20:56:32.681+0000][31350][gc,ergo      ] GC(128) Free: 3810M (1908 regions), Max regular: 2048K, Max humongous: 3412M, External frag: 11%, Internal frag: 0%
[2020-08-24T20:56:32.681+0000][31350][gc,ergo      ] GC(128) Evacuation Reserve: 204M (103 regions), Max regular: 2048K
[2020-08-24T20:56:32.681+0000][31350][gc,start     ] GC(128) Concurrent evacuation
[2020-08-24T20:56:32.681+0000][31350][gc,task      ] GC(128) Using 3 of 6 workers for concurrent evacuation
[2020-08-24T20:56:32.681+0000][31350][gc           ] GC(128) Concurrent evacuation 80M->80M(4096M) 0.343ms
[2020-08-24T20:56:32.681+0000][31350][gc,start     ] GC(128) Pause Init Update Refs
[2020-08-24T20:56:32.681+0000][31350][gc           ] GC(128) Pause Init Update Refs 0.040ms
[2020-08-24T20:56:32.681+0000][31350][safepoint    ] Safepoint "ShenandoahInitUpdateRefs", Time since last: 12114751 ns, Reaching safepoint: 157557 ns, At safepoint: 61343 ns, Total: 218900 ns
[2020-08-24T20:56:32.681+0000][31350][gc,start     ] GC(128) Concurrent update references
[2020-08-24T20:56:32.681+0000][31350][gc,task      ] GC(128) Using 3 of 6 workers for concurrent reference update
[2020-08-24T20:56:32.686+0000][31350][gc           ] GC(128) Concurrent update references 80M->82M(4096M) 5.119ms
[2020-08-24T20:56:32.687+0000][31350][gc,start     ] GC(128) Pause Final Update Refs
[2020-08-24T20:56:32.687+0000][31350][gc,task      ] GC(128) Using 6 of 6 workers for final reference update
[2020-08-24T20:56:32.687+0000][31350][gc           ] GC(128) Pause Final Update Refs 0.148ms
[2020-08-24T20:56:32.687+0000][31350][safepoint    ] Safepoint "ShenandoahFinalUpdateRefs", Time since last: 5231222 ns, Reaching safepoint: 130661 ns, At safepoint: 166591 ns, Total: 297252 ns
[2020-08-24T20:56:32.687+0000][31350][gc,start     ] GC(128) Concurrent cleanup
[2020-08-24T20:56:32.687+0000][31350][gc           ] GC(128) Concurrent cleanup 82M->28M(4096M) 0.166ms
[2020-08-24T20:56:32.687+0000][31350][gc,ergo      ] Free: 3861M (1935 regions), Max regular: 2048K, Max humongous: 3476M, External frag: 10%, Internal frag: 0%
[2020-08-24T20:56:32.687+0000][31350][gc,ergo      ] Evacuation Reserve: 206M (103 regions), Max regular: 2048K
[2020-08-24T20:56:33.687+0000][31350][safepoint    ] Safepoint "Cleanup", Time since last: 1000170400 ns, Reaching safepoint: 269006 ns, At safepoint: 24019 ns, Total: 293025 ns
[2020-08-24T20:56:34.688+0000][31350][safepoint    ] Safepoint "Cleanup", Time since last: 1000365742 ns, Reaching safepoint: 280688 ns, At safepoint: 22801 ns, Total: 303489 ns
[2020-08-24T20:56:35.688+0000][31350][safepoint    ] Safepoint "Cleanup", Time since last: 1000253800 ns, Reaching safepoint: 292396 ns, At safepoint: 13969 ns, Total: 306365 ns
[2020-08-24T20:56:35.824+0000][31350][gc           ] Trigger: Allocated since last cycle (409M) is larger than allocation threshold (409M)
[2020-08-24T20:56:35.824+0000][31350][gc,ergo      ] Free: 3459M (1733 regions), Max regular: 2048K, Max humongous: 3436M, External frag: 1%, Internal frag: 0%
[2020-08-24T20:56:35.824+0000][31350][gc,ergo      ] Evacuation Reserve: 206M (103 regions), Max regular: 2048K
[2020-08-24T20:56:35.824+0000][31350][gc,start     ] GC(129) Concurrent reset
[2020-08-24T20:56:35.824+0000][31350][gc,task      ] GC(129) Using 3 of 6 workers for concurrent reset
[2020-08-24T20:56:35.825+0000][31350][gc           ] GC(129) Concurrent reset 430M->430M(4096M) 0.122ms
[2020-08-24T20:56:35.825+0000][31350][gc,start     ] GC(129) Pause Init Mark (unload classes)
[2020-08-24T20:56:35.825+0000][31350][gc,task      ] GC(129) Using 6 of 6 workers for init marking
[2020-08-24T20:56:35.825+0000][31350][gc           ] GC(129) Pause Init Mark (unload classes) 0.400ms
[2020-08-24T20:56:35.825+0000][31350][safepoint    ] Safepoint "ShenandoahInitMark", Time since last: 136159728 ns, Reaching safepoint: 52396 ns, At safepoint: 422112 ns, Total: 474508 ns
[2020-08-24T20:56:35.825+0000][31350][gc,start     ] GC(129) Concurrent marking (unload classes)
[2020-08-24T20:56:35.825+0000][31350][gc,task      ] GC(129) Using 3 of 6 workers for concurrent marking
[2020-08-24T20:56:35.832+0000][31350][gc           ] GC(129) Concurrent marking (unload classes) 432M->454M(4096M) 6.684ms
[2020-08-24T20:56:35.832+0000][31350][gc,start     ] GC(129) Pause Final Mark (unload classes)
[2020-08-24T20:56:35.832+0000][31350][gc,task      ] GC(129) Using 6 of 6 workers for final marking
[2020-08-24T20:56:35.832+0000][31350][gc,ergo      ] GC(129) CSet Selection. Actual Free: 3974M, Max CSet: 2980M
[2020-08-24T20:56:35.832+0000][31350][gc,ergo      ] GC(129) Collectable Garbage: 55860K (13% of total), 1017K CSet, 28 CSet regions
[2020-08-24T20:56:35.832+0000][31350][gc,ergo      ] GC(129) Immediate Garbage: 356M (86% of total), 178 regions
[2020-08-24T20:56:35.832+0000][31350][gc           ] GC(129) Pause Final Mark (unload classes) 0.411ms
[2020-08-24T20:56:35.832+0000][31350][safepoint    ] Safepoint "ShenandoahFinalMarkStartEvac", Time since last: 6772432 ns, Reaching safepoint: 112796 ns, At safepoint: 425434 ns, Total: 538230 ns
[2020-08-24T20:56:35.832+0000][31350][gc,start     ] GC(129) Concurrent roots processing
[2020-08-24T20:56:35.832+0000][31350][gc,task      ] GC(129) Using 3 of 6 workers for concurrent root processing
[2020-08-24T20:56:35.839+0000][31350][gc           ] GC(129) Concurrent roots processing 454M->480M(4096M) 6.620ms
[2020-08-24T20:56:35.839+0000][31350][gc,start     ] GC(129) Concurrent cleanup
[2020-08-24T20:56:35.839+0000][31350][gc           ] GC(129) Concurrent cleanup 480M->124M(4096M) 0.148ms
[2020-08-24T20:56:35.839+0000][31350][gc,ergo      ] GC(129) Free: 3766M (1885 regions), Max regular: 2048K, Max humongous: 3386M, External frag: 11%, Internal frag: 0%
[2020-08-24T20:56:35.839+0000][31350][gc,ergo      ] GC(129) Evacuation Reserve: 204M (103 regions), Max regular: 2048K
[2020-08-24T20:56:35.839+0000][31350][gc,start     ] GC(129) Concurrent evacuation
[2020-08-24T20:56:35.839+0000][31350][gc,task      ] GC(129) Using 3 of 6 workers for concurrent evacuation
[2020-08-24T20:56:35.839+0000][31350][gc           ] GC(129) Concurrent evacuation 124M->124M(4096M) 0.166ms
[2020-08-24T20:56:35.839+0000][31350][gc,start     ] GC(129) Pause Init Update Refs
[2020-08-24T20:56:35.840+0000][31350][gc           ] GC(129) Pause Init Update Refs 0.032ms
[2020-08-24T20:56:35.840+0000][31350][safepoint    ] Safepoint "ShenandoahInitUpdateRefs", Time since last: 7049405 ns, Reaching safepoint: 104569 ns, At safepoint: 46586 ns, Total: 151155 ns
[2020-08-24T20:56:35.840+0000][31350][gc,start     ] GC(129) Concurrent update references
[2020-08-24T20:56:35.840+0000][31350][gc,task      ] GC(129) Using 3 of 6 workers for concurrent reference update
[2020-08-24T20:56:35.844+0000][31350][gc           ] GC(129) Concurrent update references 128M->148M(4096M) 4.421ms
[2020-08-24T20:56:35.844+0000][31350][gc,start     ] GC(129) Pause Final Update Refs
[2020-08-24T20:56:35.844+0000][31350][gc,task      ] GC(129) Using 6 of 6 workers for final reference update
[2020-08-24T20:56:35.844+0000][31350][gc           ] GC(129) Pause Final Update Refs 0.095ms
[2020-08-24T20:56:35.844+0000][31350][safepoint    ] Safepoint "ShenandoahFinalUpdateRefs", Time since last: 4470282 ns, Reaching safepoint: 65605 ns, At safepoint: 108663 ns, Total: 174268 ns
[2020-08-24T20:56:35.844+0000][31350][gc,start     ] GC(129) Concurrent cleanup
[2020-08-24T20:56:35.844+0000][31350][gc           ] GC(129) Concurrent cleanup 148M->93M(4096M) 0.126ms
[2020-08-24T20:56:35.844+0000][31350][gc,ergo      ] Free: 3796M (1910 regions), Max regular: 2048K, Max humongous: 3386M, External frag: 11%, Internal frag: 0%
[2020-08-24T20:56:35.844+0000][31350][gc,ergo      ] Evacuation Reserve: 206M (103 regions), Max regular: 2048K
[2020-08-24T20:56:36.844+0000][31350][safepoint    ] Safepoint "Cleanup", Time since last: 1000065399 ns, Reaching safepoint: 149953 ns, At safepoint: 4933 ns, Total: 154886 ns
[2020-08-24T20:56:37.845+0000][31350][safepoint    ] Safepoint "Cleanup", Time since last: 1000080958 ns, Reaching safepoint: 118970 ns, At safepoint: 2247 ns, Total: 121217 ns
[2020-08-24T20:56:38.845+0000][31350][safepoint    ] Safepoint "Cleanup", Time since last: 1000163067 ns, Reaching safepoint: 374916 ns, At safepoint: 29496 ns, Total: 404412 ns
[2020-08-24T20:56:38.852+0000][31350][gc           ] Trigger: Allocated since last cycle (410M) is larger than allocation threshold (409M)
[2020-08-24T20:56:38.852+0000][31350][gc,ergo      ] Free: 3458M (1738 regions), Max regular: 2048K, Max humongous: 3386M, External frag: 3%, Internal frag: 0%
[2020-08-24T20:56:38.852+0000][31350][gc,ergo      ] Evacuation Reserve: 206M (103 regions), Max regular: 2048K
[2020-08-24T20:56:38.852+0000][31350][gc,start     ] GC(130) Concurrent reset
[2020-08-24T20:56:38.852+0000][31350][gc,task      ] GC(130) Using 3 of 6 workers for concurrent reset
[2020-08-24T20:56:38.853+0000][31350][gc           ] GC(130) Concurrent reset 430M->430M(4096M) 0.494ms
[2020-08-24T20:56:38.853+0000][31350][gc,start     ] GC(130) Pause Init Mark (process weakrefs) (unload classes)
[2020-08-24T20:56:38.853+0000][31350][gc,task      ] GC(130) Using 6 of 6 workers for init marking
[2020-08-24T20:56:38.854+0000][31350][gc           ] GC(130) Pause Init Mark (process weakrefs) (unload classes) 1.060ms
[2020-08-24T20:56:38.854+0000][31350][safepoint    ] Safepoint "ShenandoahInitMark", Time since last: 7919311 ns, Reaching safepoint: 248510 ns, At safepoint: 1158749 ns, Total: 1407259 ns
[2020-08-24T20:56:38.855+0000][31350][gc,start     ] GC(130) Concurrent marking (process weakrefs) (unload classes)
[2020-08-24T20:56:38.855+0000][31350][gc,task      ] GC(130) Using 3 of 6 workers for concurrent marking
[2020-08-24T20:56:38.877+0000][31350][gc           ] GC(130) Concurrent marking (process weakrefs) (unload classes) 432M->448M(4096M) 22.861ms
[2020-08-24T20:56:38.878+0000][31350][gc,start     ] GC(130) Concurrent precleaning
[2020-08-24T20:56:38.878+0000][31350][gc,task      ] GC(130) Using 1 of 6 workers for concurrent preclean
[2020-08-24T20:56:38.878+0000][31350][gc           ] GC(130) Concurrent precleaning 448M->448M(4096M) 0.908ms
[2020-08-24T20:56:38.879+0000][31350][gc,start     ] GC(130) Pause Final Mark (process weakrefs) (unload classes)
[2020-08-24T20:56:38.879+0000][31350][gc,task      ] GC(130) Using 6 of 6 workers for final marking
[2020-08-24T20:56:38.880+0000][31350][gc,ergo      ] GC(130) CSet Selection. Actual Free: 3988M, Max CSet: 2991M
[2020-08-24T20:56:38.880+0000][31350][gc,ergo      ] GC(130) Collectable Garbage: 47783K (11% of total), 939K CSet, 24 CSet regions
[2020-08-24T20:56:38.880+0000][31350][gc,ergo      ] GC(130) Immediate Garbage: 364M (88% of total), 183 regions
[2020-08-24T20:56:38.881+0000][31350][gc           ] GC(130) Pause Final Mark (process weakrefs) (unload classes) 1.818ms
[2020-08-24T20:56:38.881+0000][31350][safepoint    ] Safepoint "ShenandoahFinalMarkStartEvac", Time since last: 24083791 ns, Reaching safepoint: 279174 ns, At safepoint: 1870464 ns, Total: 2149638 ns
[2020-08-24T20:56:38.881+0000][31350][gc,start     ] GC(130) Concurrent roots processing
[2020-08-24T20:56:38.881+0000][31350][gc,task      ] GC(130) Using 3 of 6 workers for concurrent root processing
[2020-08-24T20:56:38.893+0000][31350][gc           ] GC(130) Concurrent roots processing 448M->466M(4096M) 12.541ms
[2020-08-24T20:56:38.893+0000][31350][gc,start     ] GC(130) Concurrent cleanup
[2020-08-24T20:56:38.894+0000][31350][gc           ] GC(130) Concurrent cleanup 466M->102M(4096M) 0.142ms
[2020-08-24T20:56:38.894+0000][31350][gc,ergo      ] GC(130) Free: 3788M (1897 regions), Max regular: 2048K, Max humongous: 3408M, External frag: 11%, Internal frag: 0%
[2020-08-24T20:56:38.894+0000][31350][gc,ergo      ] GC(130) Evacuation Reserve: 204M (103 regions), Max regular: 2048K
[2020-08-24T20:56:38.894+0000][31350][gc,start     ] GC(130) Concurrent evacuation
[2020-08-24T20:56:38.894+0000][31350][gc,task      ] GC(130) Using 3 of 6 workers for concurrent evacuation
[2020-08-24T20:56:38.894+0000][31350][gc           ] GC(130) Concurrent evacuation 102M->102M(4096M) 0.256ms
[2020-08-24T20:56:38.894+0000][31350][gc,start     ] GC(130) Pause Init Update Refs
[2020-08-24T20:56:38.894+0000][31350][gc           ] GC(130) Pause Init Update Refs 0.027ms
[2020-08-24T20:56:38.894+0000][31350][safepoint    ] Safepoint "ShenandoahInitUpdateRefs", Time since last: 13115164 ns, Reaching safepoint: 102719 ns, At safepoint: 38973 ns, Total: 141692 ns
[2020-08-24T20:56:38.894+0000][31350][gc,start     ] GC(130) Concurrent update references
[2020-08-24T20:56:38.894+0000][31350][gc,task      ] GC(130) Using 3 of 6 workers for concurrent reference update
[2020-08-24T20:56:38.899+0000][31350][gc           ] GC(130) Concurrent update references 104M->118M(4096M) 5.490ms
[2020-08-24T20:56:38.900+0000][31350][gc,start     ] GC(130) Pause Final Update Refs
[2020-08-24T20:56:38.900+0000][31350][gc,task      ] GC(130) Using 6 of 6 workers for final reference update
[2020-08-24T20:56:38.900+0000][31350][gc           ] GC(130) Pause Final Update Refs 0.129ms
[2020-08-24T20:56:38.900+0000][31350][safepoint    ] Safepoint "ShenandoahFinalUpdateRefs", Time since last: 5558882 ns, Reaching safepoint: 33091 ns, At safepoint: 141544 ns, Total: 174635 ns
[2020-08-24T20:56:38.900+0000][31350][gc,start     ] GC(130) Concurrent cleanup
[2020-08-24T20:56:38.900+0000][31350][gc           ] GC(130) Concurrent cleanup 118M->70M(4096M) 0.103ms
[2020-08-24T20:56:38.900+0000][31350][gc,ergo      ] Free: 3819M (1913 regions), Max regular: 2048K, Max humongous: 3452M, External frag: 10%, Internal frag: 0%
[2020-08-24T20:56:38.900+0000][31350][gc,ergo      ] Evacuation Reserve: 206M (103 regions), Max regular: 2048K
[2020-08-24T20:56:39.900+0000][31350][safepoint    ] Safepoint "Cleanup", Time since last: 1000066683 ns, Reaching safepoint: 114746 ns, At safepoint: 3993 ns, Total: 118739 ns
[2020-08-24T20:56:40.900+0000][31350][safepoint    ] Safepoint "Cleanup", Time since last: 1000123503 ns, Reaching safepoint: 292749 ns, At safepoint: 22988 ns, Total: 315737 ns
[2020-08-24T20:56:41.812+0000][31350][gc           ] Trigger: Allocated since last cycle (409M) is larger than allocation threshold (409M)
[2020-08-24T20:56:41.812+0000][31350][gc,ergo      ] Free: 3459M (1733 regions), Max regular: 2048K, Max humongous: 3438M, External frag: 1%, Internal frag: 0%
[2020-08-24T20:56:41.812+0000][31350][gc,ergo      ] Evacuation Reserve: 206M (103 regions), Max regular: 2048K
[2020-08-24T20:56:41.812+0000][31350][gc,start     ] GC(131) Concurrent reset
[2020-08-24T20:56:41.812+0000][31350][gc,task      ] GC(131) Using 3 of 6 workers for concurrent reset
[2020-08-24T20:56:41.813+0000][31350][gc           ] GC(131) Concurrent reset 430M->430M(4096M) 0.187ms
[2020-08-24T20:56:41.813+0000][31350][gc,start     ] GC(131) Pause Init Mark (unload classes)
[2020-08-24T20:56:41.813+0000][31350][gc,task      ] GC(131) Using 6 of 6 workers for init marking
[2020-08-24T20:56:41.813+0000][31350][gc           ] GC(131) Pause Init Mark (unload classes) 0.688ms
[2020-08-24T20:56:41.813+0000][31350][safepoint    ] Safepoint "ShenandoahInitMark", Time since last: 912201080 ns, Reaching safepoint: 132487 ns, At safepoint: 709384 ns, Total: 841871 ns
[2020-08-24T20:56:41.813+0000][31350][gc,start     ] GC(131) Concurrent marking (unload classes)
[2020-08-24T20:56:41.813+0000][31350][gc,task      ] GC(131) Using 3 of 6 workers for concurrent marking
[2020-08-24T20:56:41.826+0000][31350][gc           ] GC(131) Concurrent marking (unload classes) 432M->446M(4096M) 12.111ms
[2020-08-24T20:56:41.826+0000][31350][gc,start     ] GC(131) Pause Final Mark (unload classes)
[2020-08-24T20:56:41.826+0000][31350][gc,task      ] GC(131) Using 6 of 6 workers for final marking
[2020-08-24T20:56:41.826+0000][31350][gc,ergo      ] GC(131) CSet Selection. Actual Free: 3980M, Max CSet: 2985M
[2020-08-24T20:56:41.826+0000][31350][gc,ergo      ] GC(131) Collectable Garbage: 59868K (14% of total), 1007K CSet, 30 CSet regions
[2020-08-24T20:56:41.826+0000][31350][gc,ergo      ] GC(131) Immediate Garbage: 352M (85% of total), 176 regions
[2020-08-24T20:56:41.827+0000][31350][gc           ] GC(131) Pause Final Mark (unload classes) 0.893ms
[2020-08-24T20:56:41.827+0000][31350][safepoint    ] Safepoint "ShenandoahFinalMarkStartEvac", Time since last: 12204836 ns, Reaching safepoint: 169540 ns, At safepoint: 913570 ns, Total: 1083110 ns
[2020-08-24T20:56:41.827+0000][31350][gc,start     ] GC(131) Concurrent roots processing
[2020-08-24T20:56:41.827+0000][31350][gc,task      ] GC(131) Using 3 of 6 workers for concurrent root processing
[2020-08-24T20:56:41.853+0000][31350][gc           ] GC(131) Concurrent roots processing 446M->464M(4096M) 26.079ms
[2020-08-24T20:56:41.853+0000][31350][gc,start     ] GC(131) Concurrent cleanup
[2020-08-24T20:56:41.853+0000][31350][gc           ] GC(131) Concurrent cleanup 464M->112M(4096M) 0.196ms
[2020-08-24T20:56:41.853+0000][31350][gc,ergo      ] GC(131) Free: 3778M (1892 regions), Max regular: 2048K, Max humongous: 3406M, External frag: 10%, Internal frag: 0%
[2020-08-24T20:56:41.853+0000][31350][gc,ergo      ] GC(131) Evacuation Reserve: 204M (103 regions), Max regular: 2048K
[2020-08-24T20:56:41.853+0000][31350][gc,start     ] GC(131) Concurrent evacuation
[2020-08-24T20:56:41.853+0000][31350][gc,task      ] GC(131) Using 3 of 6 workers for concurrent evacuation
[2020-08-24T20:56:41.853+0000][31350][gc           ] GC(131) Concurrent evacuation 112M->112M(4096M) 0.361ms
[2020-08-24T20:56:41.854+0000][31350][gc,start     ] GC(131) Pause Init Update Refs
[2020-08-24T20:56:41.854+0000][31350][gc           ] GC(131) Pause Init Update Refs 0.083ms
[2020-08-24T20:56:41.854+0000][31350][safepoint    ] Safepoint "ShenandoahInitUpdateRefs", Time since last: 26852670 ns, Reaching safepoint: 167695 ns, At safepoint: 111138 ns, Total: 278833 ns
[2020-08-24T20:56:41.854+0000][31350][gc,start     ] GC(131) Concurrent update references
[2020-08-24T20:56:41.854+0000][31350][gc,task      ] GC(131) Using 3 of 6 workers for concurrent reference update
[2020-08-24T20:56:41.861+0000][31350][gc           ] GC(131) Concurrent update references 114M->126M(4096M) 6.782ms
[2020-08-24T20:56:41.861+0000][31350][gc,start     ] GC(131) Pause Final Update Refs
[2020-08-24T20:56:41.861+0000][31350][gc,task      ] GC(131) Using 6 of 6 workers for final reference update
[2020-08-24T20:56:41.861+0000][31350][gc           ] GC(131) Pause Final Update Refs 0.170ms
[2020-08-24T20:56:41.861+0000][31350][safepoint    ] Safepoint "ShenandoahFinalUpdateRefs", Time since last: 6880673 ns, Reaching safepoint: 196956 ns, At safepoint: 185633 ns, Total: 382589 ns
[2020-08-24T20:56:41.861+0000][31350][gc,start     ] GC(131) Concurrent cleanup
[2020-08-24T20:56:41.861+0000][31350][gc           ] GC(131) Concurrent cleanup 126M->66M(4096M) 0.124ms
[2020-08-24T20:56:41.861+0000][31350][gc,ergo      ] Free: 3823M (1915 regions), Max regular: 2048K, Max humongous: 3406M, External frag: 11%, Internal frag: 0%
[2020-08-24T20:56:41.861+0000][31350][gc,ergo      ] Evacuation Reserve: 206M (103 regions), Max regular: 2048K
[2020-08-24T20:56:42.862+0000][31350][safepoint    ] Safepoint "Cleanup", Time since last: 1000100285 ns, Reaching safepoint: 488055 ns, At safepoint: 29350 ns, Total: 517405 ns
[2020-08-24T20:56:43.862+0000][31350][safepoint    ] Safepoint "Cleanup", Time since last: 1000153206 ns, Reaching safepoint: 202335 ns, At safepoint: 17810 ns, Total: 220145 ns
[2020-08-24T20:56:44.813+0000][31350][gc           ] Trigger: Allocated since last cycle (409M) is larger than allocation threshold (409M)
[2020-08-24T20:56:44.814+0000][31350][gc,ergo      ] Free: 3459M (1734 regions), Max regular: 2048K, Max humongous: 3406M, External frag: 2%, Internal frag: 0%
[2020-08-24T20:56:44.814+0000][31350][gc,ergo      ] Evacuation Reserve: 206M (103 regions), Max regular: 2048K
[2020-08-24T20:56:44.814+0000][31350][gc,start     ] GC(132) Concurrent reset
[2020-08-24T20:56:44.814+0000][31350][gc,task      ] GC(132) Using 3 of 6 workers for concurrent reset
[2020-08-24T20:56:44.815+0000][31350][gc           ] GC(132) Concurrent reset 430M->430M(4096M) 0.383ms
[2020-08-24T20:56:44.815+0000][31350][gc,start     ] GC(132) Pause Init Mark (unload classes)
[2020-08-24T20:56:44.815+0000][31350][gc,task      ] GC(132) Using 6 of 6 workers for init marking
[2020-08-24T20:56:44.815+0000][31350][gc           ] GC(132) Pause Init Mark (unload classes) 0.511ms
[2020-08-24T20:56:44.815+0000][31350][safepoint    ] Safepoint "ShenandoahInitMark", Time since last: 952549385 ns, Reaching safepoint: 200178 ns, At safepoint: 551389 ns, Total: 751567 ns
[2020-08-24T20:56:44.815+0000][31350][gc,start     ] GC(132) Concurrent marking (unload classes)
[2020-08-24T20:56:44.815+0000][31350][gc,task      ] GC(132) Using 3 of 6 workers for concurrent marking
[2020-08-24T20:56:44.830+0000][31350][gc           ] GC(132) Concurrent marking (unload classes) 430M->448M(4096M) 14.373ms
[2020-08-24T20:56:44.830+0000][31350][gc,start     ] GC(132) Pause Final Mark (unload classes)
[2020-08-24T20:56:44.830+0000][31350][gc,task      ] GC(132) Using 6 of 6 workers for final marking
[2020-08-24T20:56:44.830+0000][31350][gc,ergo      ] GC(132) CSet Selection. Actual Free: 3985M, Max CSet: 2989M
[2020-08-24T20:56:44.830+0000][31350][gc,ergo      ] GC(132) Collectable Garbage: 51759K (12% of total), 1025K CSet, 26 CSet regions
[2020-08-24T20:56:44.830+0000][31350][gc,ergo      ] GC(132) Immediate Garbage: 359M (87% of total), 180 regions
[2020-08-24T20:56:44.831+0000][31350][gc           ] GC(132) Pause Final Mark (unload classes) 1.068ms
[2020-08-24T20:56:44.831+0000][31350][safepoint    ] Safepoint "ShenandoahFinalMarkStartEvac", Time since last: 14473793 ns, Reaching safepoint: 133754 ns, At safepoint: 1120890 ns, Total: 1254644 ns
[2020-08-24T20:56:44.831+0000][31350][gc,start     ] GC(132) Concurrent roots processing
[2020-08-24T20:56:44.831+0000][31350][gc,task      ] GC(132) Using 3 of 6 workers for concurrent root processing
[2020-08-24T20:56:44.850+0000][31350][gc           ] GC(132) Concurrent roots processing 448M->464M(4096M) 19.133ms
[2020-08-24T20:56:44.850+0000][31350][gc,start     ] GC(132) Concurrent cleanup
[2020-08-24T20:56:44.851+0000][31350][gc           ] GC(132) Concurrent cleanup 464M->104M(4096M) 0.525ms
[2020-08-24T20:56:44.851+0000][31350][gc,ergo      ] GC(132) Free: 3786M (1895 regions), Max regular: 2048K, Max humongous: 3408M, External frag: 10%, Internal frag: 0%
[2020-08-24T20:56:44.851+0000][31350][gc,ergo      ] GC(132) Evacuation Reserve: 204M (103 regions), Max regular: 2048K
[2020-08-24T20:56:44.851+0000][31350][gc,start     ] GC(132) Concurrent evacuation
[2020-08-24T20:56:44.851+0000][31350][gc,task      ] GC(132) Using 3 of 6 workers for concurrent evacuation
[2020-08-24T20:56:44.852+0000][31350][gc           ] GC(132) Concurrent evacuation 104M->104M(4096M) 0.568ms
[2020-08-24T20:56:44.852+0000][31350][gc,start     ] GC(132) Pause Init Update Refs
[2020-08-24T20:56:44.852+0000][31350][gc           ] GC(132) Pause Init Update Refs 0.110ms
[2020-08-24T20:56:44.852+0000][31350][safepoint    ] Safepoint "ShenandoahInitUpdateRefs", Time since last: 20852931 ns, Reaching safepoint: 262872 ns, At safepoint: 170142 ns, Total: 433014 ns
[2020-08-24T20:56:44.852+0000][31350][gc,start     ] GC(132) Concurrent update references
[2020-08-24T20:56:44.852+0000][31350][gc,task      ] GC(132) Using 3 of 6 workers for concurrent reference update
[2020-08-24T20:56:44.860+0000][31350][gc           ] GC(132) Concurrent update references 106M->120M(4096M) 7.710ms
[2020-08-24T20:56:44.860+0000][31350][gc,start     ] GC(132) Pause Final Update Refs
[2020-08-24T20:56:44.860+0000][31350][gc,task      ] GC(132) Using 6 of 6 workers for final reference update
[2020-08-24T20:56:44.861+0000][31350][gc           ] GC(132) Pause Final Update Refs 0.268ms
[2020-08-24T20:56:44.861+0000][31350][safepoint    ] Safepoint "ShenandoahFinalUpdateRefs", Time since last: 7809219 ns, Reaching safepoint: 202604 ns, At safepoint: 301090 ns, Total: 503694 ns
[2020-08-24T20:56:44.861+0000][31350][gc,start     ] GC(132) Concurrent cleanup
[2020-08-24T20:56:44.861+0000][31350][gc           ] GC(132) Concurrent cleanup 120M->68M(4096M) 0.173ms
[2020-08-24T20:56:44.861+0000][31350][gc,ergo      ] Free: 3821M (1914 regions), Max regular: 2048K, Max humongous: 3436M, External frag: 11%, Internal frag: 0%
[2020-08-24T20:56:44.861+0000][31350][gc,ergo      ] Evacuation Reserve: 206M (103 regions), Max regular: 2048K
[2020-08-24T20:56:45.861+0000][31350][safepoint    ] Safepoint "Cleanup", Time since last: 1000149693 ns, Reaching safepoint: 389178 ns, At safepoint: 35655 ns, Total: 424833 ns
[2020-08-24T20:56:46.862+0000][31350][safepoint    ] Safepoint "Cleanup", Time since last: 1000178329 ns, Reaching safepoint: 353134 ns, At safepoint: 22073 ns, Total: 375207 ns
[2020-08-24T20:56:47.848+0000][31350][gc           ] Trigger: Allocated since last cycle (410M) is larger than allocation threshold (409M)
[2020-08-24T20:56:47.848+0000][31350][gc,ergo      ] Free: 3459M (1733 regions), Max regular: 2048K, Max humongous: 3436M, External frag: 1%, Internal frag: 0%
[2020-08-24T20:56:47.848+0000][31350][gc,ergo      ] Evacuation Reserve: 206M (103 regions), Max regular: 2048K
[2020-08-24T20:56:47.849+0000][31350][gc,start     ] GC(133) Concurrent reset
[2020-08-24T20:56:47.849+0000][31350][gc,task      ] GC(133) Using 3 of 6 workers for concurrent reset
[2020-08-24T20:56:47.849+0000][31350][gc           ] GC(133) Concurrent reset 430M->430M(4096M) 0.500ms
[2020-08-24T20:56:47.849+0000][31350][gc,start     ] GC(133) Pause Init Mark (unload classes)
[2020-08-24T20:56:47.850+0000][31350][gc,task      ] GC(133) Using 6 of 6 workers for init marking
[2020-08-24T20:56:47.851+0000][31350][gc           ] GC(133) Pause Init Mark (unload classes) 1.075ms
[2020-08-24T20:56:47.851+0000][31350][safepoint    ] Safepoint "ShenandoahInitMark", Time since last: 987363166 ns, Reaching safepoint: 260102 ns, At safepoint: 1182271 ns, Total: 1442373 ns
[2020-08-24T20:56:47.851+0000][31350][gc,start     ] GC(133) Concurrent marking (unload classes)
[2020-08-24T20:56:47.851+0000][31350][gc,task      ] GC(133) Using 3 of 6 workers for concurrent marking
[2020-08-24T20:56:47.873+0000][31350][gc           ] GC(133) Concurrent marking (unload classes) 434M->448M(4096M) 22.032ms
[2020-08-24T20:56:47.873+0000][31350][gc,start     ] GC(133) Pause Final Mark (unload classes)
[2020-08-24T20:56:47.873+0000][31350][gc,task      ] GC(133) Using 6 of 6 workers for final marking
[2020-08-24T20:56:47.874+0000][31350][gc,ergo      ] GC(133) CSet Selection. Actual Free: 3984M, Max CSet: 2988M
[2020-08-24T20:56:47.874+0000][31350][gc,ergo      ] GC(133) Collectable Garbage: 53875K (12% of total), 1009K CSet, 27 CSet regions
[2020-08-24T20:56:47.874+0000][31350][gc,ergo      ] GC(133) Immediate Garbage: 358M (86% of total), 179 regions
[2020-08-24T20:56:47.875+0000][31350][gc           ] GC(133) Pause Final Mark (unload classes) 1.460ms
[2020-08-24T20:56:47.875+0000][31350][safepoint    ] Safepoint "ShenandoahFinalMarkStartEvac", Time since last: 22188201 ns, Reaching safepoint: 285602 ns, At safepoint: 1513229 ns, Total: 1798831 ns
[2020-08-24T20:56:47.875+0000][31350][gc,start     ] GC(133) Concurrent roots processing
[2020-08-24T20:56:47.875+0000][31350][gc,task      ] GC(133) Using 3 of 6 workers for concurrent root processing
[2020-08-24T20:56:47.887+0000][31350][gc           ] GC(133) Concurrent roots processing 448M->470M(4096M) 12.861ms
[2020-08-24T20:56:47.888+0000][31350][gc,start     ] GC(133) Concurrent cleanup
[2020-08-24T20:56:47.888+0000][31350][gc           ] GC(133) Concurrent cleanup 470M->112M(4096M) 0.205ms
[2020-08-24T20:56:47.888+0000][31350][gc,ergo      ] GC(133) Free: 3778M (1892 regions), Max regular: 2048K, Max humongous: 3400M, External frag: 11%, Internal frag: 0%
[2020-08-24T20:56:47.888+0000][31350][gc,ergo      ] GC(133) Evacuation Reserve: 204M (103 regions), Max regular: 2048K
[2020-08-24T20:56:47.888+0000][31350][gc,start     ] GC(133) Concurrent evacuation
[2020-08-24T20:56:47.888+0000][31350][gc,task      ] GC(133) Using 3 of 6 workers for concurrent evacuation
[2020-08-24T20:56:47.888+0000][31350][gc           ] GC(133) Concurrent evacuation 112M->112M(4096M) 0.295ms
[2020-08-24T20:56:47.888+0000][31350][gc,start     ] GC(133) Pause Init Update Refs
[2020-08-24T20:56:47.888+0000][31350][gc           ] GC(133) Pause Init Update Refs 0.044ms
[2020-08-24T20:56:47.888+0000][31350][safepoint    ] Safepoint "ShenandoahInitUpdateRefs", Time since last: 13575322 ns, Reaching safepoint: 158835 ns, At safepoint: 69313 ns, Total: 228148 ns
[2020-08-24T20:56:47.888+0000][31350][gc,start     ] GC(133) Concurrent update references
[2020-08-24T20:56:47.888+0000][31350][gc,task      ] GC(133) Using 3 of 6 workers for concurrent reference update
[2020-08-24T20:56:47.896+0000][31350][gc           ] GC(133) Concurrent update references 114M->130M(4096M) 7.065ms
[2020-08-24T20:56:47.896+0000][31350][gc,start     ] GC(133) Pause Final Update Refs
[2020-08-24T20:56:47.896+0000][31350][gc,task      ] GC(133) Using 6 of 6 workers for final reference update
[2020-08-24T20:56:47.896+0000][31350][gc           ] GC(133) Pause Final Update Refs 0.121ms
[2020-08-24T20:56:47.896+0000][31350][safepoint    ] Safepoint "ShenandoahFinalUpdateRefs", Time since last: 7186974 ns, Reaching safepoint: 48111 ns, At safepoint: 139017 ns, Total: 187128 ns
[2020-08-24T20:56:47.896+0000][31350][gc,start     ] GC(133) Concurrent cleanup
[2020-08-24T20:56:47.896+0000][31350][gc           ] GC(133) Concurrent cleanup 130M->76M(4096M) 0.127ms
[2020-08-24T20:56:47.896+0000][31350][gc,ergo      ] Free: 3813M (1911 regions), Max regular: 2048K, Max humongous: 3400M, External frag: 11%, Internal frag: 0%
[2020-08-24T20:56:47.896+0000][31350][gc,ergo      ] Evacuation Reserve: 206M (103 regions), Max regular: 2048K
[2020-08-24T20:56:48.896+0000][31350][safepoint    ] Safepoint "Cleanup", Time since last: 1000093310 ns, Reaching safepoint: 223943 ns, At safepoint: 27255 ns, Total: 251198 ns
[2020-08-24T20:56:49.896+0000][31350][safepoint    ] Safepoint "Cleanup", Time since last: 1000150174 ns, Reaching safepoint: 91574 ns, At safepoint: 2279 ns, Total: 93853 ns
[2020-08-24T20:56:50.803+0000][31350][gc           ] Trigger: Allocated since last cycle (409M) is larger than allocation threshold (409M)
[2020-08-24T20:56:50.803+0000][31350][gc,ergo      ] Free: 3459M (1734 regions), Max regular: 2048K, Max humongous: 3400M, External frag: 2%, Internal frag: 0%
[2020-08-24T20:56:50.803+0000][31350][gc,ergo      ] Evacuation Reserve: 206M (103 regions), Max regular: 2048K
[2020-08-24T20:56:50.803+0000][31350][gc,start     ] GC(134) Concurrent reset
[2020-08-24T20:56:50.803+0000][31350][gc,task      ] GC(134) Using 3 of 6 workers for concurrent reset
[2020-08-24T20:56:50.803+0000][31350][gc           ] GC(134) Concurrent reset 430M->430M(4096M) 0.458ms
[2020-08-24T20:56:50.804+0000][31350][gc,start     ] GC(134) Pause Init Mark (unload classes)
[2020-08-24T20:56:50.804+0000][31350][gc,task      ] GC(134) Using 6 of 6 workers for init marking
[2020-08-24T20:56:50.805+0000][31350][gc           ] GC(134) Pause Init Mark (unload classes) 1.102ms
[2020-08-24T20:56:50.805+0000][31350][safepoint    ] Safepoint "ShenandoahInitMark", Time since last: 907157525 ns, Reaching safepoint: 223691 ns, At safepoint: 1205394 ns, Total: 1429085 ns
[2020-08-24T20:56:50.805+0000][31350][gc,start     ] GC(134) Concurrent marking (unload classes)
[2020-08-24T20:56:50.805+0000][31350][gc,task      ] GC(134) Using 3 of 6 workers for concurrent marking
[2020-08-24T20:56:50.816+0000][31350][gc           ] GC(134) Concurrent marking (unload classes) 430M->446M(4096M) 10.654ms
[2020-08-24T20:56:50.816+0000][31350][gc,start     ] GC(134) Pause Final Mark (unload classes)
[2020-08-24T20:56:50.816+0000][31350][gc,task      ] GC(134) Using 6 of 6 workers for final marking
[2020-08-24T20:56:50.816+0000][31350][gc,ergo      ] GC(134) CSet Selection. Actual Free: 3987M, Max CSet: 2990M
[2020-08-24T20:56:50.816+0000][31350][gc,ergo      ] GC(134) Collectable Garbage: 51792K (12% of total), 1008K CSet, 26 CSet regions
[2020-08-24T20:56:50.816+0000][31350][gc,ergo      ] GC(134) Immediate Garbage: 359M (87% of total), 180 regions
[2020-08-24T20:56:50.816+0000][31350][gc           ] GC(134) Pause Final Mark (unload classes) 0.589ms
[2020-08-24T20:56:50.816+0000][31350][safepoint    ] Safepoint "ShenandoahFinalMarkStartEvac", Time since last: 10791963 ns, Reaching safepoint: 128345 ns, At safepoint: 616347 ns, Total: 744692 ns
[2020-08-24T20:56:50.816+0000][31350][gc,start     ] GC(134) Concurrent roots processing
[2020-08-24T20:56:50.817+0000][31350][gc,task      ] GC(134) Using 3 of 6 workers for concurrent root processing
[2020-08-24T20:56:50.825+0000][31350][gc           ] GC(134) Concurrent roots processing 446M->466M(4096M) 8.204ms
[2020-08-24T20:56:50.825+0000][31350][gc,start     ] GC(134) Concurrent cleanup
[2020-08-24T20:56:50.825+0000][31350][gc           ] GC(134) Concurrent cleanup 466M->106M(4096M) 0.145ms
[2020-08-24T20:56:50.825+0000][31350][gc,ergo      ] GC(134) Free: 3784M (1895 regions), Max regular: 2048K, Max humongous: 3400M, External frag: 11%, Internal frag: 0%
[2020-08-24T20:56:50.825+0000][31350][gc,ergo      ] GC(134) Evacuation Reserve: 204M (103 regions), Max regular: 2048K
[2020-08-24T20:56:50.825+0000][31350][gc,start     ] GC(134) Concurrent evacuation
[2020-08-24T20:56:50.825+0000][31350][gc,task      ] GC(134) Using 3 of 6 workers for concurrent evacuation
[2020-08-24T20:56:50.825+0000][31350][gc           ] GC(134) Concurrent evacuation 106M->106M(4096M) 0.230ms
[2020-08-24T20:56:50.825+0000][31350][gc,start     ] GC(134) Pause Init Update Refs
[2020-08-24T20:56:50.825+0000][31350][gc           ] GC(134) Pause Init Update Refs 0.038ms
[2020-08-24T20:56:50.825+0000][31350][safepoint    ] Safepoint "ShenandoahInitUpdateRefs", Time since last: 8694758 ns, Reaching safepoint: 84842 ns, At safepoint: 50937 ns, Total: 135779 ns
[2020-08-24T20:56:50.825+0000][31350][gc,start     ] GC(134) Concurrent update references
[2020-08-24T20:56:50.825+0000][31350][gc,task      ] GC(134) Using 3 of 6 workers for concurrent reference update
[2020-08-24T20:56:50.830+0000][31350][gc           ] GC(134) Concurrent update references 108M->120M(4096M) 4.179ms
[2020-08-24T20:56:50.830+0000][31350][gc,start     ] GC(134) Pause Final Update Refs
[2020-08-24T20:56:50.830+0000][31350][gc,task      ] GC(134) Using 6 of 6 workers for final reference update
[2020-08-24T20:56:50.830+0000][31350][gc           ] GC(134) Pause Final Update Refs 0.098ms
[2020-08-24T20:56:50.830+0000][31350][safepoint    ] Safepoint "ShenandoahFinalUpdateRefs", Time since last: 4213648 ns, Reaching safepoint: 103101 ns, At safepoint: 110382 ns, Total: 213483 ns
[2020-08-24T20:56:50.830+0000][31350][gc,start     ] GC(134) Concurrent cleanup
[2020-08-24T20:56:50.830+0000][31350][gc           ] GC(134) Concurrent cleanup 120M->68M(4096M) 0.137ms
[2020-08-24T20:56:50.830+0000][31350][gc,ergo      ] Free: 3821M (1915 regions), Max regular: 2048K, Max humongous: 3442M, External frag: 10%, Internal frag: 0%
[2020-08-24T20:56:50.830+0000][31350][gc,ergo      ] Evacuation Reserve: 206M (103 regions), Max regular: 2048K
[2020-08-24T20:56:51.830+0000][31350][safepoint    ] Safepoint "Cleanup", Time since last: 1000147683 ns, Reaching safepoint: 256266 ns, At safepoint: 20006 ns, Total: 276272 ns
[2020-08-24T20:56:52.831+0000][31350][safepoint    ] Safepoint "Cleanup", Time since last: 1000262008 ns, Reaching safepoint: 324273 ns, At safepoint: 27260 ns, Total: 351533 ns
[2020-08-24T20:56:53.830+0000][31350][gc           ] Trigger: Allocated since last cycle (411M) is larger than allocation threshold (409M)
[2020-08-24T20:56:53.830+0000][31350][gc,ergo      ] Free: 3457M (1732 regions), Max regular: 2048K, Max humongous: 3436M, External frag: 1%, Internal frag: 0%
[2020-08-24T20:56:53.830+0000][31350][gc,ergo      ] Evacuation Reserve: 206M (103 regions), Max regular: 2048K
[2020-08-24T20:56:53.830+0000][31350][gc,start     ] GC(135) Concurrent reset
[2020-08-24T20:56:53.830+0000][31350][gc,task      ] GC(135) Using 3 of 6 workers for concurrent reset
[2020-08-24T20:56:53.831+0000][31350][gc           ] GC(135) Concurrent reset 432M->432M(4096M) 0.476ms
[2020-08-24T20:56:53.831+0000][31350][gc,start     ] GC(135) Pause Init Mark (process weakrefs) (unload classes)
[2020-08-24T20:56:53.831+0000][31350][gc,task      ] GC(135) Using 6 of 6 workers for init marking
[2020-08-24T20:56:53.832+0000][31350][gc           ] GC(135) Pause Init Mark (process weakrefs) (unload classes) 0.906ms
[2020-08-24T20:56:53.832+0000][31350][safepoint    ] Safepoint "ShenandoahInitMark", Time since last: 1000076580 ns, Reaching safepoint: 344796 ns, At safepoint: 974797 ns, Total: 1319593 ns
[2020-08-24T20:56:53.832+0000][31350][gc,start     ] GC(135) Concurrent marking (process weakrefs) (unload classes)
[2020-08-24T20:56:53.832+0000][31350][gc,task      ] GC(135) Using 3 of 6 workers for concurrent marking
[2020-08-24T20:56:53.843+0000][31350][gc           ] GC(135) Concurrent marking (process weakrefs) (unload classes) 432M->446M(4096M) 10.920ms
[2020-08-24T20:56:53.843+0000][31350][gc,start     ] GC(135) Concurrent precleaning
[2020-08-24T20:56:53.843+0000][31350][gc,task      ] GC(135) Using 1 of 6 workers for concurrent preclean
[2020-08-24T20:56:53.843+0000][31350][gc           ] GC(135) Concurrent precleaning 446M->446M(4096M) 0.269ms
[2020-08-24T20:56:53.844+0000][31350][gc,start     ] GC(135) Pause Final Mark (process weakrefs) (unload classes)
[2020-08-24T20:56:53.844+0000][31350][gc,task      ] GC(135) Using 6 of 6 workers for final marking
[2020-08-24T20:56:53.844+0000][31350][gc,ergo      ] GC(135) CSet Selection. Actual Free: 3982M, Max CSet: 2986M
[2020-08-24T20:56:53.844+0000][31350][gc,ergo      ] GC(135) Collectable Garbage: 60021K (14% of total), 975K CSet, 30 CSet regions
[2020-08-24T20:56:53.844+0000][31350][gc,ergo      ] GC(135) Immediate Garbage: 354M (85% of total), 177 regions
[2020-08-24T20:56:53.844+0000][31350][gc           ] GC(135) Pause Final Mark (process weakrefs) (unload classes) 0.667ms
[2020-08-24T20:56:53.844+0000][31350][safepoint    ] Safepoint "ShenandoahFinalMarkStartEvac", Time since last: 11283613 ns, Reaching safepoint: 42122 ns, At safepoint: 681724 ns, Total: 723846 ns
[2020-08-24T20:56:53.844+0000][31350][gc,start     ] GC(135) Concurrent roots processing
[2020-08-24T20:56:53.844+0000][31350][gc,task      ] GC(135) Using 3 of 6 workers for concurrent root processing
[2020-08-24T20:56:53.852+0000][31350][gc           ] GC(135) Concurrent roots processing 446M->462M(4096M) 7.385ms
[2020-08-24T20:56:53.852+0000][31350][gc,start     ] GC(135) Concurrent cleanup
[2020-08-24T20:56:53.852+0000][31350][gc           ] GC(135) Concurrent cleanup 462M->108M(4096M) 0.241ms
[2020-08-24T20:56:53.852+0000][31350][gc,ergo      ] GC(135) Free: 3782M (1894 regions), Max regular: 2048K, Max humongous: 3408M, External frag: 10%, Internal frag: 0%
[2020-08-24T20:56:53.852+0000][31350][gc,ergo      ] GC(135) Evacuation Reserve: 204M (103 regions), Max regular: 2048K
[2020-08-24T20:56:53.852+0000][31350][gc,start     ] GC(135) Concurrent evacuation
[2020-08-24T20:56:53.852+0000][31350][gc,task      ] GC(135) Using 3 of 6 workers for concurrent evacuation
[2020-08-24T20:56:53.852+0000][31350][gc           ] GC(135) Concurrent evacuation 108M->108M(4096M) 0.255ms
[2020-08-24T20:56:53.852+0000][31350][gc,start     ] GC(135) Pause Init Update Refs
[2020-08-24T20:56:53.852+0000][31350][gc           ] GC(135) Pause Init Update Refs 0.027ms
[2020-08-24T20:56:53.852+0000][31350][safepoint    ] Safepoint "ShenandoahInitUpdateRefs", Time since last: 8038938 ns, Reaching safepoint: 107486 ns, At safepoint: 42075 ns, Total: 149561 ns
[2020-08-24T20:56:53.852+0000][31350][gc,start     ] GC(135) Concurrent update references
[2020-08-24T20:56:53.852+0000][31350][gc,task      ] GC(135) Using 3 of 6 workers for concurrent reference update
[2020-08-24T20:56:53.857+0000][31350][gc           ] GC(135) Concurrent update references 110M->124M(4096M) 4.865ms
[2020-08-24T20:56:53.857+0000][31350][gc,start     ] GC(135) Pause Final Update Refs
[2020-08-24T20:56:53.857+0000][31350][gc,task      ] GC(135) Using 6 of 6 workers for final reference update
[2020-08-24T20:56:53.858+0000][31350][gc           ] GC(135) Pause Final Update Refs 0.141ms
[2020-08-24T20:56:53.858+0000][31350][safepoint    ] Safepoint "ShenandoahFinalUpdateRefs", Time since last: 4934990 ns, Reaching safepoint: 118803 ns, At safepoint: 159347 ns, Total: 278150 ns
[2020-08-24T20:56:53.858+0000][31350][gc,start     ] GC(135) Concurrent cleanup
[2020-08-24T20:56:53.858+0000][31350][gc           ] GC(135) Concurrent cleanup 124M->64M(4096M) 0.126ms
[2020-08-24T20:56:53.858+0000][31350][gc,ergo      ] Free: 3825M (1917 regions), Max regular: 2048K, Max humongous: 3408M, External frag: 11%, Internal frag: 0%
[2020-08-24T20:56:53.858+0000][31350][gc,ergo      ] Evacuation Reserve: 206M (103 regions), Max regular: 2048K
[2020-08-24T20:56:54.858+0000][31350][safepoint    ] Safepoint "Cleanup", Time since last: 1000081751 ns, Reaching safepoint: 59339 ns, At safepoint: 2034 ns, Total: 61373 ns
[2020-08-24T20:56:55.864+0000][31350][safepoint    ] Safepoint "Cleanup", Time since last: 1005953805 ns, Reaching safepoint: 319157 ns, At safepoint: 21626 ns, Total: 340783 ns
[2020-08-24T20:56:56.864+0000][31350][safepoint    ] Safepoint "Cleanup", Time since last: 1000156417 ns, Reaching safepoint: 255010 ns, At safepoint: 23795 ns, Total: 278805 ns
[2020-08-24T20:56:56.884+0000][31350][gc           ] Trigger: Allocated since last cycle (410M) is larger than allocation threshold (409M)
[2020-08-24T20:56:56.884+0000][31350][gc,ergo      ] Free: 3459M (1733 regions), Max regular: 2048K, Max humongous: 3408M, External frag: 2%, Internal frag: 0%
[2020-08-24T20:56:56.884+0000][31350][gc,ergo      ] Evacuation Reserve: 206M (103 regions), Max regular: 2048K
[2020-08-24T20:56:56.884+0000][31350][gc,start     ] GC(136) Concurrent reset
[2020-08-24T20:56:56.884+0000][31350][gc,task      ] GC(136) Using 3 of 6 workers for concurrent reset
[2020-08-24T20:56:56.885+0000][31350][gc           ] GC(136) Concurrent reset 430M->430M(4096M) 0.531ms
[2020-08-24T20:56:56.885+0000][31350][gc,start     ] GC(136) Pause Init Mark (unload classes)
[2020-08-24T20:56:56.885+0000][31350][gc,task      ] GC(136) Using 6 of 6 workers for init marking
[2020-08-24T20:56:56.886+0000][31350][gc           ] GC(136) Pause Init Mark (unload classes) 1.268ms
[2020-08-24T20:56:56.887+0000][31350][safepoint    ] Safepoint "ShenandoahInitMark", Time since last: 20460387 ns, Reaching safepoint: 225505 ns, At safepoint: 1374308 ns, Total: 1599813 ns
[2020-08-24T20:56:56.887+0000][31350][gc,start     ] GC(136) Concurrent marking (unload classes)
[2020-08-24T20:56:56.887+0000][31350][gc,task      ] GC(136) Using 3 of 6 workers for concurrent marking
[2020-08-24T20:56:56.906+0000][31350][gc           ] GC(136) Concurrent marking (unload classes) 434M->446M(4096M) 19.114ms
[2020-08-24T20:56:56.906+0000][31350][gc,start     ] GC(136) Pause Final Mark (unload classes)
[2020-08-24T20:56:56.906+0000][31350][gc,task      ] GC(136) Using 6 of 6 workers for final marking
[2020-08-24T20:56:56.907+0000][31350][gc,ergo      ] GC(136) CSet Selection. Actual Free: 3977M, Max CSet: 2983M
[2020-08-24T20:56:56.907+0000][31350][gc,ergo      ] GC(136) Collectable Garbage: 61992K (14% of total), 995K CSet, 31 CSet regions
[2020-08-24T20:56:56.907+0000][31350][gc,ergo      ] GC(136) Immediate Garbage: 349M (84% of total), 175 regions
[2020-08-24T20:56:56.907+0000][31350][gc           ] GC(136) Pause Final Mark (unload classes) 0.918ms
[2020-08-24T20:56:56.907+0000][31350][safepoint    ] Safepoint "ShenandoahFinalMarkStartEvac", Time since last: 19296209 ns, Reaching safepoint: 204473 ns, At safepoint: 946695 ns, Total: 1151168 ns
[2020-08-24T20:56:56.907+0000][31350][gc,start     ] GC(136) Concurrent roots processing
[2020-08-24T20:56:56.907+0000][31350][gc,task      ] GC(136) Using 3 of 6 workers for concurrent root processing
[2020-08-24T20:56:56.917+0000][31350][gc           ] GC(136) Concurrent roots processing 446M->464M(4096M) 10.465ms
[2020-08-24T20:56:56.918+0000][31350][gc,start     ] GC(136) Concurrent cleanup
[2020-08-24T20:56:56.918+0000][31350][gc           ] GC(136) Concurrent cleanup 464M->114M(4096M) 0.208ms
[2020-08-24T20:56:56.918+0000][31350][gc,ergo      ] GC(136) Free: 3776M (1891 regions), Max regular: 2048K, Max humongous: 3406M, External frag: 10%, Internal frag: 0%
[2020-08-24T20:56:56.918+0000][31350][gc,ergo      ] GC(136) Evacuation Reserve: 204M (103 regions), Max regular: 2048K
[2020-08-24T20:56:56.918+0000][31350][gc,start     ] GC(136) Concurrent evacuation
[2020-08-24T20:56:56.918+0000][31350][gc,task      ] GC(136) Using 3 of 6 workers for concurrent evacuation
[2020-08-24T20:56:56.918+0000][31350][gc           ] GC(136) Concurrent evacuation 114M->114M(4096M) 0.287ms
[2020-08-24T20:56:56.918+0000][31350][gc,start     ] GC(136) Pause Init Update Refs
[2020-08-24T20:56:56.918+0000][31350][gc           ] GC(136) Pause Init Update Refs 0.028ms
[2020-08-24T20:56:56.918+0000][31350][safepoint    ] Safepoint "ShenandoahInitUpdateRefs", Time since last: 11146139 ns, Reaching safepoint: 108303 ns, At safepoint: 41287 ns, Total: 149590 ns
[2020-08-24T20:56:56.918+0000][31350][gc,start     ] GC(136) Concurrent update references
[2020-08-24T20:56:56.918+0000][31350][gc,task      ] GC(136) Using 3 of 6 workers for concurrent reference update
[2020-08-24T20:56:56.924+0000][31350][gc           ] GC(136) Concurrent update references 118M->130M(4096M) 6.021ms
[2020-08-24T20:56:56.924+0000][31350][gc,start     ] GC(136) Pause Final Update Refs
[2020-08-24T20:56:56.924+0000][31350][gc,task      ] GC(136) Using 6 of 6 workers for final reference update
[2020-08-24T20:56:56.925+0000][31350][gc           ] GC(136) Pause Final Update Refs 0.132ms
[2020-08-24T20:56:56.925+0000][31350][safepoint    ] Safepoint "ShenandoahFinalUpdateRefs", Time since last: 6102140 ns, Reaching safepoint: 122049 ns, At safepoint: 143371 ns, Total: 265420 ns
[2020-08-24T20:56:56.925+0000][31350][gc,start     ] GC(136) Concurrent cleanup
[2020-08-24T20:56:56.925+0000][31350][gc           ] GC(136) Concurrent cleanup 130M->68M(4096M) 0.144ms
[2020-08-24T20:56:56.925+0000][31350][gc,ergo      ] Free: 3821M (1915 regions), Max regular: 2048K, Max humongous: 3406M, External frag: 11%, Internal frag: 0%
[2020-08-24T20:56:56.925+0000][31350][gc,ergo      ] Evacuation Reserve: 206M (103 regions), Max regular: 2048K
[2020-08-24T20:56:57.925+0000][31350][safepoint    ] Safepoint "Cleanup", Time since last: 1000064991 ns, Reaching safepoint: 97844 ns, At safepoint: 4066 ns, Total: 101910 ns
[2020-08-24T20:56:58.925+0000][31350][safepoint    ] Safepoint "Cleanup", Time since last: 1000107684 ns, Reaching safepoint: 322260 ns, At safepoint: 26517 ns, Total: 348777 ns
[2020-08-24T20:56:59.829+0000][31350][gc           ] Trigger: Allocated since last cycle (409M) is larger than allocation threshold (409M)
[2020-08-24T20:56:59.863+0000][31350][gc,ergo      ] Free: 3439M (1723 regions), Max regular: 2048K, Max humongous: 3406M, External frag: 1%, Internal frag: 0%
[2020-08-24T20:56:59.863+0000][31350][gc,ergo      ] Evacuation Reserve: 206M (103 regions), Max regular: 2048K
[2020-08-24T20:56:59.863+0000][31350][gc,start     ] GC(137) Concurrent reset
[2020-08-24T20:56:59.863+0000][31350][gc,task      ] GC(137) Using 3 of 6 workers for concurrent reset
[2020-08-24T20:56:59.863+0000][31350][gc           ] GC(137) Concurrent reset 452M->452M(4096M) 0.148ms
[2020-08-24T20:56:59.863+0000][31350][gc,start     ] GC(137) Pause Init Mark (unload classes)
[2020-08-24T20:56:59.863+0000][31350][gc,task      ] GC(137) Using 6 of 6 workers for init marking
[2020-08-24T20:56:59.864+0000][31350][gc           ] GC(137) Pause Init Mark (unload classes) 0.416ms
[2020-08-24T20:56:59.864+0000][31350][safepoint    ] Safepoint "ShenandoahInitMark", Time since last: 937866209 ns, Reaching safepoint: 158355 ns, At safepoint: 439379 ns, Total: 597734 ns
[2020-08-24T20:56:59.864+0000][31350][gc,start     ] GC(137) Concurrent marking (unload classes)
[2020-08-24T20:56:59.864+0000][31350][gc,task      ] GC(137) Using 3 of 6 workers for concurrent marking
[2020-08-24T20:56:59.871+0000][31350][gc           ] GC(137) Concurrent marking (unload classes) 452M->494M(4096M) 7.521ms
[2020-08-24T20:56:59.871+0000][31350][gc,start     ] GC(137) Pause Final Mark (unload classes)
[2020-08-24T20:56:59.871+0000][31350][gc,task      ] GC(137) Using 6 of 6 workers for final marking
[2020-08-24T20:56:59.872+0000][31350][gc,ergo      ] GC(137) CSet Selection. Actual Free: 3930M, Max CSet: 2947M
[2020-08-24T20:56:59.872+0000][31350][gc,ergo      ] GC(137) Collectable Garbage: 84294K (18% of total), 1249K CSet, 42 CSet regions
[2020-08-24T20:56:59.872+0000][31350][gc,ergo      ] GC(137) Immediate Garbage: 350M (80% of total), 175 regions
[2020-08-24T20:56:59.872+0000][31350][gc           ] GC(137) Pause Final Mark (unload classes) 0.526ms
[2020-08-24T20:56:59.872+0000][31350][safepoint    ] Safepoint "ShenandoahFinalMarkStartEvac", Time since last: 7570274 ns, Reaching safepoint: 149492 ns, At safepoint: 543347 ns, Total: 692839 ns
[2020-08-24T20:56:59.872+0000][31350][gc,start     ] GC(137) Concurrent roots processing
[2020-08-24T20:56:59.872+0000][31350][gc,task      ] GC(137) Using 3 of 6 workers for concurrent root processing
[2020-08-24T20:56:59.880+0000][31350][gc           ] GC(137) Concurrent roots processing 494M->514M(4096M) 7.704ms
[2020-08-24T20:56:59.880+0000][31350][gc,start     ] GC(137) Concurrent cleanup
[2020-08-24T20:56:59.880+0000][31350][gc           ] GC(137) Concurrent cleanup 514M->164M(4096M) 0.146ms
[2020-08-24T20:56:59.880+0000][31350][gc,ergo      ] GC(137) Free: 3726M (1866 regions), Max regular: 2048K, Max humongous: 3356M, External frag: 10%, Internal frag: 0%
[2020-08-24T20:56:59.880+0000][31350][gc,ergo      ] GC(137) Evacuation Reserve: 204M (103 regions), Max regular: 2048K
[2020-08-24T20:56:59.880+0000][31350][gc,start     ] GC(137) Concurrent evacuation
[2020-08-24T20:56:59.880+0000][31350][gc,task      ] GC(137) Using 3 of 6 workers for concurrent evacuation
[2020-08-24T20:56:59.880+0000][31350][gc           ] GC(137) Concurrent evacuation 164M->166M(4096M) 0.282ms
[2020-08-24T20:56:59.880+0000][31350][gc,start     ] GC(137) Pause Init Update Refs
[2020-08-24T20:56:59.880+0000][31350][gc           ] GC(137) Pause Init Update Refs 0.033ms
[2020-08-24T20:56:59.880+0000][31350][safepoint    ] Safepoint "ShenandoahInitUpdateRefs", Time since last: 8238433 ns, Reaching safepoint: 111669 ns, At safepoint: 47801 ns, Total: 159470 ns
[2020-08-24T20:56:59.880+0000][31350][gc,start     ] GC(137) Concurrent update references
[2020-08-24T20:56:59.880+0000][31350][gc,task      ] GC(137) Using 3 of 6 workers for concurrent reference update
[2020-08-24T20:56:59.885+0000][31350][gc           ] GC(137) Concurrent update references 168M->180M(4096M) 5.055ms
[2020-08-24T20:56:59.886+0000][31350][gc,start     ] GC(137) Pause Final Update Refs
[2020-08-24T20:56:59.886+0000][31350][gc,task      ] GC(137) Using 6 of 6 workers for final reference update
[2020-08-24T20:56:59.886+0000][31350][gc           ] GC(137) Pause Final Update Refs 0.123ms
[2020-08-24T20:56:59.886+0000][31350][safepoint    ] Safepoint "ShenandoahFinalUpdateRefs", Time since last: 5124221 ns, Reaching safepoint: 170916 ns, At safepoint: 139545 ns, Total: 310461 ns
[2020-08-24T20:56:59.886+0000][31350][gc,start     ] GC(137) Concurrent cleanup
[2020-08-24T20:56:59.886+0000][31350][gc           ] GC(137) Concurrent cleanup 180M->97M(4096M) 0.123ms
[2020-08-24T20:56:59.886+0000][31350][gc,ergo      ] Free: 3792M (1901 regions), Max regular: 2048K, Max humongous: 3356M, External frag: 12%, Internal frag: 0%
[2020-08-24T20:56:59.886+0000][31350][gc,ergo      ] Evacuation Reserve: 206M (103 regions), Max regular: 2048K
[2020-08-24T20:57:00.886+0000][31350][safepoint    ] Safepoint "Cleanup", Time since last: 1000068766 ns, Reaching safepoint: 128711 ns, At safepoint: 2213 ns, Total: 130924 ns
[2020-08-24T20:57:01.886+0000][31350][safepoint    ] Safepoint "Cleanup", Time since last: 1000115664 ns, Reaching safepoint: 288064 ns, At safepoint: 24513 ns, Total: 312577 ns
[2020-08-24T20:57:02.844+0000][31350][gc           ] Trigger: Allocated since last cycle (411M) is larger than allocation threshold (409M)
[2020-08-24T20:57:02.844+0000][31350][gc,ergo      ] Free: 3458M (1734 regions), Max regular: 2048K, Max humongous: 3356M, External frag: 3%, Internal frag: 0%
[2020-08-24T20:57:02.844+0000][31350][gc,ergo      ] Evacuation Reserve: 206M (103 regions), Max regular: 2048K
[2020-08-24T20:57:02.844+0000][31350][gc,start     ] GC(138) Concurrent reset
[2020-08-24T20:57:02.844+0000][31350][gc,task      ] GC(138) Using 3 of 6 workers for concurrent reset
[2020-08-24T20:57:02.844+0000][31350][gc           ] GC(138) Concurrent reset 431M->431M(4096M) 0.232ms
[2020-08-24T20:57:02.844+0000][31350][gc,start     ] GC(138) Pause Init Mark (unload classes)
[2020-08-24T20:57:02.844+0000][31350][gc,task      ] GC(138) Using 6 of 6 workers for init marking
[2020-08-24T20:57:02.845+0000][31350][gc           ] GC(138) Pause Init Mark (unload classes) 0.427ms
[2020-08-24T20:57:02.845+0000][31350][safepoint    ] Safepoint "ShenandoahInitMark", Time since last: 957873179 ns, Reaching safepoint: 96377 ns, At safepoint: 450796 ns, Total: 547173 ns
[2020-08-24T20:57:02.845+0000][31350][gc,start     ] GC(138) Concurrent marking (unload classes)
[2020-08-24T20:57:02.845+0000][31350][gc,task      ] GC(138) Using 3 of 6 workers for concurrent marking
[2020-08-24T20:57:02.856+0000][31350][gc           ] GC(138) Concurrent marking (unload classes) 433M->449M(4096M) 10.626ms
[2020-08-24T20:57:02.856+0000][31350][gc,start     ] GC(138) Pause Final Mark (unload classes)
[2020-08-24T20:57:02.856+0000][31350][gc,task      ] GC(138) Using 6 of 6 workers for final marking
[2020-08-24T20:57:02.856+0000][31350][gc,ergo      ] GC(138) CSet Selection. Actual Free: 3981M, Max CSet: 2986M
[2020-08-24T20:57:02.856+0000][31350][gc,ergo      ] GC(138) Collectable Garbage: 56269K (13% of total), 1016K CSet, 28 CSet regions
[2020-08-24T20:57:02.856+0000][31350][gc,ergo      ] GC(138) Immediate Garbage: 355M (86% of total), 178 regions
[2020-08-24T20:57:02.857+0000][31350][gc           ] GC(138) Pause Final Mark (unload classes) 0.887ms
[2020-08-24T20:57:02.857+0000][31350][safepoint    ] Safepoint "ShenandoahFinalMarkStartEvac", Time since last: 10748204 ns, Reaching safepoint: 189683 ns, At safepoint: 939286 ns, Total: 1128969 ns
[2020-08-24T20:57:02.857+0000][31350][gc,start     ] GC(138) Concurrent roots processing
[2020-08-24T20:57:02.857+0000][31350][gc,task      ] GC(138) Using 3 of 6 workers for concurrent root processing
[2020-08-24T20:57:02.870+0000][31350][gc           ] GC(138) Concurrent roots processing 449M->468M(4096M) 12.893ms
[2020-08-24T20:57:02.870+0000][31350][gc,start     ] GC(138) Concurrent cleanup
[2020-08-24T20:57:02.870+0000][31350][gc           ] GC(138) Concurrent cleanup 468M->112M(4096M) 0.259ms
[2020-08-24T20:57:02.870+0000][31350][gc,ergo      ] GC(138) Free: 3778M (1892 regions), Max regular: 2048K, Max humongous: 3368M, External frag: 11%, Internal frag: 0%
[2020-08-24T20:57:02.870+0000][31350][gc,ergo      ] GC(138) Evacuation Reserve: 204M (103 regions), Max regular: 2048K
[2020-08-24T20:57:02.870+0000][31350][gc,start     ] GC(138) Concurrent evacuation
[2020-08-24T20:57:02.870+0000][31350][gc,task      ] GC(138) Using 3 of 6 workers for concurrent evacuation
[2020-08-24T20:57:02.870+0000][31350][gc           ] GC(138) Concurrent evacuation 112M->112M(4096M) 0.344ms
[2020-08-24T20:57:02.871+0000][31350][gc,start     ] GC(138) Pause Init Update Refs
[2020-08-24T20:57:02.871+0000][31350][gc           ] GC(138) Pause Init Update Refs 0.057ms
[2020-08-24T20:57:02.871+0000][31350][safepoint    ] Safepoint "ShenandoahInitUpdateRefs", Time since last: 13755057 ns, Reaching safepoint: 222915 ns, At safepoint: 76316 ns, Total: 299231 ns
[2020-08-24T20:57:02.871+0000][31350][gc,start     ] GC(138) Concurrent update references
[2020-08-24T20:57:02.871+0000][31350][gc,task      ] GC(138) Using 3 of 6 workers for concurrent reference update
[2020-08-24T20:57:02.876+0000][31350][gc           ] GC(138) Concurrent update references 114M->126M(4096M) 5.400ms
[2020-08-24T20:57:02.876+0000][31350][gc,start     ] GC(138) Pause Final Update Refs
[2020-08-24T20:57:02.876+0000][31350][gc,task      ] GC(138) Using 6 of 6 workers for final reference update
[2020-08-24T20:57:02.877+0000][31350][gc           ] GC(138) Pause Final Update Refs 0.194ms
[2020-08-24T20:57:02.877+0000][31350][safepoint    ] Safepoint "ShenandoahFinalUpdateRefs", Time since last: 5504758 ns, Reaching safepoint: 131806 ns, At safepoint: 219113 ns, Total: 350919 ns
[2020-08-24T20:57:02.877+0000][31350][gc,start     ] GC(138) Concurrent cleanup
[2020-08-24T20:57:02.877+0000][31350][gc           ] GC(138) Concurrent cleanup 126M->70M(4096M) 0.108ms
[2020-08-24T20:57:02.877+0000][31350][gc,ergo      ] Free: 3819M (1914 regions), Max regular: 2048K, Max humongous: 3462M, External frag: 10%, Internal frag: 0%
[2020-08-24T20:57:02.877+0000][31350][gc,ergo      ] Evacuation Reserve: 206M (103 regions), Max regular: 2048K
[2020-08-24T20:57:03.877+0000][31350][safepoint    ] Safepoint "Cleanup", Time since last: 1000075173 ns, Reaching safepoint: 79957 ns, At safepoint: 4836 ns, Total: 84793 ns
[2020-08-24T20:57:04.877+0000][31350][safepoint    ] Safepoint "Cleanup", Time since last: 1000144892 ns, Reaching safepoint: 204411 ns, At safepoint: 8676 ns, Total: 213087 ns
[2020-08-24T20:57:05.878+0000][31350][safepoint    ] Safepoint "Cleanup", Time since last: 1000191299 ns, Reaching safepoint: 284204 ns, At safepoint: 21012 ns, Total: 305216 ns
[2020-08-24T20:57:06.009+0000][31350][gc           ] Trigger: Allocated since last cycle (409M) is larger than allocation threshold (409M)
[2020-08-24T20:57:06.009+0000][31350][gc,ergo      ] Free: 3459M (1733 regions), Max regular: 2048K, Max humongous: 3438M, External frag: 1%, Internal frag: 0%
[2020-08-24T20:57:06.009+0000][31350][gc,ergo      ] Evacuation Reserve: 206M (103 regions), Max regular: 2048K
[2020-08-24T20:57:06.009+0000][31350][gc,start     ] GC(139) Concurrent reset
[2020-08-24T20:57:06.009+0000][31350][gc,task      ] GC(139) Using 3 of 6 workers for concurrent reset
[2020-08-24T20:57:06.010+0000][31350][gc           ] GC(139) Concurrent reset 430M->430M(4096M) 0.493ms
[2020-08-24T20:57:06.010+0000][31350][gc,start     ] GC(139) Pause Init Mark (unload classes)
[2020-08-24T20:57:06.010+0000][31350][gc,task      ] GC(139) Using 6 of 6 workers for init marking
[2020-08-24T20:57:06.011+0000][31350][gc           ] GC(139) Pause Init Mark (unload classes) 1.069ms
[2020-08-24T20:57:06.011+0000][31350][safepoint    ] Safepoint "ShenandoahInitMark", Time since last: 132027502 ns, Reaching safepoint: 204338 ns, At safepoint: 1166274 ns, Total: 1370612 ns
[2020-08-24T20:57:06.011+0000][31350][gc,start     ] GC(139) Concurrent marking (unload classes)
[2020-08-24T20:57:06.011+0000][31350][gc,task      ] GC(139) Using 3 of 6 workers for concurrent marking
[2020-08-24T20:57:06.033+0000][31350][gc           ] GC(139) Concurrent marking (unload classes) 432M->446M(4096M) 22.083ms
[2020-08-24T20:57:06.034+0000][31350][gc,start     ] GC(139) Pause Final Mark (unload classes)
[2020-08-24T20:57:06.034+0000][31350][gc,task      ] GC(139) Using 6 of 6 workers for final marking
[2020-08-24T20:57:06.034+0000][31350][gc,ergo      ] GC(139) CSet Selection. Actual Free: 3980M, Max CSet: 2985M
[2020-08-24T20:57:06.035+0000][31350][gc,ergo      ] GC(139) Collectable Garbage: 60035K (14% of total), 995K CSet, 30 CSet regions
[2020-08-24T20:57:06.035+0000][31350][gc,ergo      ] GC(139) Immediate Garbage: 352M (85% of total), 176 regions
[2020-08-24T20:57:06.035+0000][31350][gc           ] GC(139) Pause Final Mark (unload classes) 1.409ms
[2020-08-24T20:57:06.035+0000][31350][safepoint    ] Safepoint "ShenandoahFinalMarkStartEvac", Time since last: 22340573 ns, Reaching safepoint: 317022 ns, At safepoint: 1479896 ns, Total: 1796918 ns
[2020-08-24T20:57:06.035+0000][31350][gc,start     ] GC(139) Concurrent roots processing
[2020-08-24T20:57:06.035+0000][31350][gc,task      ] GC(139) Using 3 of 6 workers for concurrent root processing
[2020-08-24T20:57:06.048+0000][31350][gc           ] GC(139) Concurrent roots processing 446M->468M(4096M) 12.486ms
[2020-08-24T20:57:06.048+0000][31350][gc,start     ] GC(139) Concurrent cleanup
[2020-08-24T20:57:06.048+0000][31350][gc           ] GC(139) Concurrent cleanup 468M->116M(4096M) 0.294ms
[2020-08-24T20:57:06.048+0000][31350][gc,ergo      ] GC(139) Free: 3774M (1889 regions), Max regular: 2048K, Max humongous: 3400M, External frag: 10%, Internal frag: 0%
[2020-08-24T20:57:06.048+0000][31350][gc,ergo      ] GC(139) Evacuation Reserve: 204M (103 regions), Max regular: 2048K
[2020-08-24T20:57:06.048+0000][31350][gc,start     ] GC(139) Concurrent evacuation
[2020-08-24T20:57:06.048+0000][31350][gc,task      ] GC(139) Using 3 of 6 workers for concurrent evacuation
[2020-08-24T20:57:06.048+0000][31350][gc           ] GC(139) Concurrent evacuation 116M->116M(4096M) 0.307ms
[2020-08-24T20:57:06.049+0000][31350][gc,start     ] GC(139) Pause Init Update Refs
[2020-08-24T20:57:06.049+0000][31350][gc           ] GC(139) Pause Init Update Refs 0.045ms
[2020-08-24T20:57:06.049+0000][31350][safepoint    ] Safepoint "ShenandoahInitUpdateRefs", Time since last: 13328434 ns, Reaching safepoint: 166403 ns, At safepoint: 72510 ns, Total: 238913 ns
[2020-08-24T20:57:06.049+0000][31350][gc,start     ] GC(139) Concurrent update references
[2020-08-24T20:57:06.049+0000][31350][gc,task      ] GC(139) Using 3 of 6 workers for concurrent reference update
[2020-08-24T20:57:06.054+0000][31350][gc           ] GC(139) Concurrent update references 120M->134M(4096M) 5.542ms
[2020-08-24T20:57:06.055+0000][31350][gc,start     ] GC(139) Pause Final Update Refs
[2020-08-24T20:57:06.055+0000][31350][gc,task      ] GC(139) Using 6 of 6 workers for final reference update
[2020-08-24T20:57:06.055+0000][31350][gc           ] GC(139) Pause Final Update Refs 0.125ms
[2020-08-24T20:57:06.055+0000][31350][safepoint    ] Safepoint "ShenandoahFinalUpdateRefs", Time since last: 5646097 ns, Reaching safepoint: 131054 ns, At safepoint: 138591 ns, Total: 269645 ns
[2020-08-24T20:57:06.055+0000][31350][gc,start     ] GC(139) Concurrent cleanup
[2020-08-24T20:57:06.055+0000][31350][gc           ] GC(139) Concurrent cleanup 134M->74M(4096M) 0.146ms
[2020-08-24T20:57:06.055+0000][31350][gc,ergo      ] Free: 3815M (1910 regions), Max regular: 2048K, Max humongous: 3400M, External frag: 11%, Internal frag: 0%
[2020-08-24T20:57:06.055+0000][31350][gc,ergo      ] Evacuation Reserve: 206M (103 regions), Max regular: 2048K
[2020-08-24T20:57:07.055+0000][31350][safepoint    ] Safepoint "Cleanup", Time since last: 1000143082 ns, Reaching safepoint: 331104 ns, At safepoint: 24601 ns, Total: 355705 ns
[2020-08-24T20:57:08.056+0000][31350][safepoint    ] Safepoint "Cleanup", Time since last: 1000210792 ns, Reaching safepoint: 272672 ns, At safepoint: 25127 ns, Total: 297799 ns
[2020-08-24T20:57:09.013+0000][31350][gc           ] Trigger: Allocated since last cycle (410M) is larger than allocation threshold (409M)
[2020-08-24T20:57:09.013+0000][31350][gc,ergo      ] Free: 3459M (1733 regions), Max regular: 2048K, Max humongous: 3400M, External frag: 2%, Internal frag: 0%
[2020-08-24T20:57:09.013+0000][31350][gc,ergo      ] Evacuation Reserve: 206M (103 regions), Max regular: 2048K
[2020-08-24T20:57:09.013+0000][31350][gc,start     ] GC(140) Concurrent reset
[2020-08-24T20:57:09.013+0000][31350][gc,task      ] GC(140) Using 3 of 6 workers for concurrent reset
[2020-08-24T20:57:09.014+0000][31350][gc           ] GC(140) Concurrent reset 430M->430M(4096M) 0.501ms
[2020-08-24T20:57:09.014+0000][31350][gc,start     ] GC(140) Pause Init Mark (process weakrefs) (unload classes)
[2020-08-24T20:57:09.014+0000][31350][gc,task      ] GC(140) Using 6 of 6 workers for init marking
[2020-08-24T20:57:09.015+0000][31350][gc           ] GC(140) Pause Init Mark (process weakrefs) (unload classes) 0.813ms
[2020-08-24T20:57:09.015+0000][31350][safepoint    ] Safepoint "ShenandoahInitMark", Time since last: 958128930 ns, Reaching safepoint: 269958 ns, At safepoint: 871187 ns, Total: 1141145 ns
[2020-08-24T20:57:09.015+0000][31350][gc,start     ] GC(140) Concurrent marking (process weakrefs) (unload classes)
[2020-08-24T20:57:09.015+0000][31350][gc,task      ] GC(140) Using 3 of 6 workers for concurrent marking
[2020-08-24T20:57:09.031+0000][31350][gc           ] GC(140) Concurrent marking (process weakrefs) (unload classes) 430M->446M(4096M) 16.096ms
[2020-08-24T20:57:09.031+0000][31350][gc,start     ] GC(140) Concurrent precleaning
[2020-08-24T20:57:09.031+0000][31350][gc,task      ] GC(140) Using 1 of 6 workers for concurrent preclean
[2020-08-24T20:57:09.032+0000][31350][gc           ] GC(140) Concurrent precleaning 446M->446M(4096M) 0.648ms
[2020-08-24T20:57:09.032+0000][31350][gc,start     ] GC(140) Pause Final Mark (process weakrefs) (unload classes)
[2020-08-24T20:57:09.032+0000][31350][gc,task      ] GC(140) Using 6 of 6 workers for final marking
[2020-08-24T20:57:09.033+0000][31350][gc,ergo      ] GC(140) CSet Selection. Actual Free: 3990M, Max CSet: 2992M
[2020-08-24T20:57:09.033+0000][31350][gc,ergo      ] GC(140) Collectable Garbage: 49848K (11% of total), 940K CSet, 25 CSet regions
[2020-08-24T20:57:09.033+0000][31350][gc,ergo      ] GC(140) Immediate Garbage: 362M (87% of total), 181 regions
[2020-08-24T20:57:09.033+0000][31350][gc           ] GC(140) Pause Final Mark (process weakrefs) (unload classes) 0.882ms
[2020-08-24T20:57:09.033+0000][31350][safepoint    ] Safepoint "ShenandoahFinalMarkStartEvac", Time since last: 16930794 ns, Reaching safepoint: 102395 ns, At safepoint: 910501 ns, Total: 1012896 ns
[2020-08-24T20:57:09.033+0000][31350][gc,start     ] GC(140) Concurrent roots processing
[2020-08-24T20:57:09.033+0000][31350][gc,task      ] GC(140) Using 3 of 6 workers for concurrent root processing
[2020-08-24T20:57:09.046+0000][31350][gc           ] GC(140) Concurrent roots processing 446M->464M(4096M) 12.644ms
[2020-08-24T20:57:09.046+0000][31350][gc,start     ] GC(140) Concurrent cleanup
[2020-08-24T20:57:09.046+0000][31350][gc           ] GC(140) Concurrent cleanup 464M->102M(4096M) 0.221ms
[2020-08-24T20:57:09.046+0000][31350][gc,ergo      ] GC(140) Free: 3788M (1897 regions), Max regular: 2048K, Max humongous: 3400M, External frag: 11%, Internal frag: 0%
[2020-08-24T20:57:09.046+0000][31350][gc,ergo      ] GC(140) Evacuation Reserve: 204M (103 regions), Max regular: 2048K
[2020-08-24T20:57:09.046+0000][31350][gc,start     ] GC(140) Concurrent evacuation
[2020-08-24T20:57:09.046+0000][31350][gc,task      ] GC(140) Using 3 of 6 workers for concurrent evacuation
[2020-08-24T20:57:09.046+0000][31350][gc           ] GC(140) Concurrent evacuation 102M->102M(4096M) 0.386ms
[2020-08-24T20:57:09.047+0000][31350][gc,start     ] GC(140) Pause Init Update Refs
[2020-08-24T20:57:09.047+0000][31350][gc           ] GC(140) Pause Init Update Refs 0.075ms
[2020-08-24T20:57:09.047+0000][31350][safepoint    ] Safepoint "ShenandoahInitUpdateRefs", Time since last: 13488560 ns, Reaching safepoint: 211111 ns, At safepoint: 95279 ns, Total: 306390 ns
[2020-08-24T20:57:09.047+0000][31350][gc,start     ] GC(140) Concurrent update references
[2020-08-24T20:57:09.047+0000][31350][gc,task      ] GC(140) Using 3 of 6 workers for concurrent reference update
[2020-08-24T20:57:09.053+0000][31350][gc           ] GC(140) Concurrent update references 104M->116M(4096M) 5.776ms
[2020-08-24T20:57:09.053+0000][31350][gc,start     ] GC(140) Pause Final Update Refs
[2020-08-24T20:57:09.053+0000][31350][gc,task      ] GC(140) Using 6 of 6 workers for final reference update
[2020-08-24T20:57:09.053+0000][31350][gc           ] GC(140) Pause Final Update Refs 0.247ms
[2020-08-24T20:57:09.053+0000][31350][safepoint    ] Safepoint "ShenandoahFinalUpdateRefs", Time since last: 5895681 ns, Reaching safepoint: 92159 ns, At safepoint: 272404 ns, Total: 364563 ns
[2020-08-24T20:57:09.053+0000][31350][gc,start     ] GC(140) Concurrent cleanup
[2020-08-24T20:57:09.053+0000][31350][gc           ] GC(140) Concurrent cleanup 116M->66M(4096M) 0.125ms
[2020-08-24T20:57:09.053+0000][31350][gc,ergo      ] Free: 3823M (1916 regions), Max regular: 2048K, Max humongous: 3442M, External frag: 10%, Internal frag: 0%
[2020-08-24T20:57:09.053+0000][31350][gc,ergo      ] Evacuation Reserve: 206M (103 regions), Max regular: 2048K
[2020-08-24T20:57:10.053+0000][31350][safepoint    ] Safepoint "Cleanup", Time since last: 1000091948 ns, Reaching safepoint: 250548 ns, At safepoint: 24548 ns, Total: 275096 ns
[2020-08-24T20:57:11.054+0000][31350][safepoint    ] Safepoint "Cleanup", Time since last: 1000314964 ns, Reaching safepoint: 111623 ns, At safepoint: 3706 ns, Total: 115329 ns
[2020-08-24T20:57:11.849+0000][31350][gc           ] Trigger: Allocated since last cycle (409M) is larger than allocation threshold (409M)
[2020-08-24T20:57:11.849+0000][31350][gc,ergo      ] Free: 3459M (1733 regions), Max regular: 2048K, Max humongous: 3438M, External frag: 1%, Internal frag: 0%
[2020-08-24T20:57:11.850+0000][31350][gc,ergo      ] Evacuation Reserve: 206M (103 regions), Max regular: 2048K
[2020-08-24T20:57:11.850+0000][31350][gc,start     ] GC(141) Concurrent reset
[2020-08-24T20:57:11.850+0000][31350][gc,task      ] GC(141) Using 3 of 6 workers for concurrent reset
[2020-08-24T20:57:11.850+0000][31350][gc           ] GC(141) Concurrent reset 430M->430M(4096M) 0.305ms
[2020-08-24T20:57:11.850+0000][31350][gc,start     ] GC(141) Pause Init Mark (unload classes)
[2020-08-24T20:57:11.850+0000][31350][gc,task      ] GC(141) Using 6 of 6 workers for init marking
[2020-08-24T20:57:11.851+0000][31350][gc           ] GC(141) Pause Init Mark (unload classes) 0.499ms
[2020-08-24T20:57:11.851+0000][31350][safepoint    ] Safepoint "ShenandoahInitMark", Time since last: 796135315 ns, Reaching safepoint: 156689 ns, At safepoint: 529581 ns, Total: 686270 ns
[2020-08-24T20:57:11.851+0000][31350][gc,start     ] GC(141) Concurrent marking (unload classes)
[2020-08-24T20:57:11.851+0000][31350][gc,task      ] GC(141) Using 3 of 6 workers for concurrent marking
[2020-08-24T20:57:11.859+0000][31350][gc           ] GC(141) Concurrent marking (unload classes) 430M->446M(4096M) 8.531ms
[2020-08-24T20:57:11.859+0000][31350][gc,start     ] GC(141) Pause Final Mark (unload classes)
[2020-08-24T20:57:11.859+0000][31350][gc,task      ] GC(141) Using 6 of 6 workers for final marking
[2020-08-24T20:57:11.860+0000][31350][gc,ergo      ] GC(141) CSet Selection. Actual Free: 3982M, Max CSet: 2986M
[2020-08-24T20:57:11.860+0000][31350][gc,ergo      ] GC(141) Collectable Garbage: 57800K (13% of total), 1028K CSet, 29 CSet regions
[2020-08-24T20:57:11.860+0000][31350][gc,ergo      ] GC(141) Immediate Garbage: 354M (85% of total), 177 regions
[2020-08-24T20:57:11.860+0000][31350][gc           ] GC(141) Pause Final Mark (unload classes) 0.523ms
[2020-08-24T20:57:11.860+0000][31350][safepoint    ] Safepoint "ShenandoahFinalMarkStartEvac", Time since last: 8580249 ns, Reaching safepoint: 95400 ns, At safepoint: 539228 ns, Total: 634628 ns
[2020-08-24T20:57:11.860+0000][31350][gc,start     ] GC(141) Concurrent roots processing
[2020-08-24T20:57:11.860+0000][31350][gc,task      ] GC(141) Using 3 of 6 workers for concurrent root processing
[2020-08-24T20:57:11.871+0000][31350][gc           ] GC(141) Concurrent roots processing 448M->466M(4096M) 11.077ms
[2020-08-24T20:57:11.871+0000][31350][gc,start     ] GC(141) Concurrent cleanup
[2020-08-24T20:57:11.871+0000][31350][gc           ] GC(141) Concurrent cleanup 466M->112M(4096M) 0.233ms
[2020-08-24T20:57:11.871+0000][31350][gc,ergo      ] GC(141) Free: 3778M (1892 regions), Max regular: 2048K, Max humongous: 3404M, External frag: 10%, Internal frag: 0%
[2020-08-24T20:57:11.871+0000][31350][gc,ergo      ] GC(141) Evacuation Reserve: 204M (103 regions), Max regular: 2048K
[2020-08-24T20:57:11.871+0000][31350][gc,start     ] GC(141) Concurrent evacuation
[2020-08-24T20:57:11.871+0000][31350][gc,task      ] GC(141) Using 3 of 6 workers for concurrent evacuation
[2020-08-24T20:57:11.872+0000][31350][gc           ] GC(141) Concurrent evacuation 112M->112M(4096M) 0.323ms
[2020-08-24T20:57:11.872+0000][31350][gc,start     ] GC(141) Pause Init Update Refs
[2020-08-24T20:57:11.872+0000][31350][gc           ] GC(141) Pause Init Update Refs 0.057ms
[2020-08-24T20:57:11.872+0000][31350][safepoint    ] Safepoint "ShenandoahInitUpdateRefs", Time since last: 11854131 ns, Reaching safepoint: 134492 ns, At safepoint: 73692 ns, Total: 208184 ns
[2020-08-24T20:57:11.872+0000][31350][gc,start     ] GC(141) Concurrent update references
[2020-08-24T20:57:11.872+0000][31350][gc,task      ] GC(141) Using 3 of 6 workers for concurrent reference update
[2020-08-24T20:57:11.878+0000][31350][gc           ] GC(141) Concurrent update references 114M->124M(4096M) 5.887ms
[2020-08-24T20:57:11.878+0000][31350][gc,start     ] GC(141) Pause Final Update Refs
[2020-08-24T20:57:11.878+0000][31350][gc,task      ] GC(141) Using 6 of 6 workers for final reference update
[2020-08-24T20:57:11.878+0000][31350][gc           ] GC(141) Pause Final Update Refs 0.224ms
[2020-08-24T20:57:11.878+0000][31350][safepoint    ] Safepoint "ShenandoahFinalUpdateRefs", Time since last: 5987085 ns, Reaching safepoint: 171925 ns, At safepoint: 250123 ns, Total: 422048 ns
[2020-08-24T20:57:11.878+0000][31350][gc,start     ] GC(141) Concurrent cleanup
[2020-08-24T20:57:11.878+0000][31350][gc           ] GC(141) Concurrent cleanup 124M->66M(4096M) 0.117ms
[2020-08-24T20:57:11.878+0000][31350][gc,ergo      ] Free: 3823M (1915 regions), Max regular: 2048K, Max humongous: 3404M, External frag: 11%, Internal frag: 0%
[2020-08-24T20:57:11.878+0000][31350][gc,ergo      ] Evacuation Reserve: 206M (103 regions), Max regular: 2048K
[2020-08-24T20:57:12.879+0000][31350][safepoint    ] Safepoint "Cleanup", Time since last: 1000105848 ns, Reaching safepoint: 249979 ns, At safepoint: 24023 ns, Total: 274002 ns
[2020-08-24T20:57:13.879+0000][31350][safepoint    ] Safepoint "Cleanup", Time since last: 1000223204 ns, Reaching safepoint: 327776 ns, At safepoint: 27051 ns, Total: 354827 ns
[2020-08-24T20:57:14.840+0000][31350][gc           ] Trigger: Allocated since last cycle (409M) is larger than allocation threshold (409M)
[2020-08-24T20:57:14.840+0000][31350][gc,ergo      ] Free: 3459M (1734 regions), Max regular: 2048K, Max humongous: 3404M, External frag: 2%, Internal frag: 0%
[2020-08-24T20:57:14.840+0000][31350][gc,ergo      ] Evacuation Reserve: 206M (103 regions), Max regular: 2048K
[2020-08-24T20:57:14.840+0000][31350][gc,start     ] GC(142) Concurrent reset
[2020-08-24T20:57:14.840+0000][31350][gc,task      ] GC(142) Using 3 of 6 workers for concurrent reset
[2020-08-24T20:57:14.840+0000][31350][gc           ] GC(142) Concurrent reset 430M->430M(4096M) 0.182ms
[2020-08-24T20:57:14.840+0000][31350][gc,start     ] GC(142) Pause Init Mark (unload classes)
[2020-08-24T20:57:14.840+0000][31350][gc,task      ] GC(142) Using 6 of 6 workers for init marking
[2020-08-24T20:57:14.841+0000][31350][gc           ] GC(142) Pause Init Mark (unload classes) 0.357ms
[2020-08-24T20:57:14.841+0000][31350][safepoint    ] Safepoint "ShenandoahInitMark", Time since last: 961094752 ns, Reaching safepoint: 119115 ns, At safepoint: 375061 ns, Total: 494176 ns
[2020-08-24T20:57:14.841+0000][31350][gc,start     ] GC(142) Concurrent marking (unload classes)
[2020-08-24T20:57:14.841+0000][31350][gc,task      ] GC(142) Using 3 of 6 workers for concurrent marking
[2020-08-24T20:57:14.848+0000][31350][gc           ] GC(142) Concurrent marking (unload classes) 430M->448M(4096M) 6.669ms
[2020-08-24T20:57:14.848+0000][31350][gc,start     ] GC(142) Pause Final Mark (unload classes)
[2020-08-24T20:57:14.848+0000][31350][gc,task      ] GC(142) Using 6 of 6 workers for final marking
[2020-08-24T20:57:14.848+0000][31350][gc,ergo      ] GC(142) CSet Selection. Actual Free: 3977M, Max CSet: 2983M
[2020-08-24T20:57:14.848+0000][31350][gc,ergo      ] GC(142) Collectable Garbage: 57937K (13% of total), 1022K CSet, 29 CSet regions
[2020-08-24T20:57:14.848+0000][31350][gc,ergo      ] GC(142) Immediate Garbage: 353M (85% of total), 177 regions
[2020-08-24T20:57:14.848+0000][31350][gc           ] GC(142) Pause Final Mark (unload classes) 0.480ms
[2020-08-24T20:57:14.848+0000][31350][safepoint    ] Safepoint "ShenandoahFinalMarkStartEvac", Time since last: 6765878 ns, Reaching safepoint: 118077 ns, At safepoint: 495370 ns, Total: 613447 ns
[2020-08-24T20:57:14.848+0000][31350][gc,start     ] GC(142) Concurrent roots processing
[2020-08-24T20:57:14.848+0000][31350][gc,task      ] GC(142) Using 3 of 6 workers for concurrent root processing
[2020-08-24T20:57:14.855+0000][31350][gc           ] GC(142) Concurrent roots processing 450M->472M(4096M) 7.218ms
[2020-08-24T20:57:14.855+0000][31350][gc,start     ] GC(142) Concurrent cleanup
[2020-08-24T20:57:14.856+0000][31350][gc           ] GC(142) Concurrent cleanup 472M->118M(4096M) 0.156ms
[2020-08-24T20:57:14.856+0000][31350][gc,ergo      ] GC(142) Free: 3772M (1889 regions), Max regular: 2048K, Max humongous: 3398M, External frag: 10%, Internal frag: 0%
[2020-08-24T20:57:14.856+0000][31350][gc,ergo      ] GC(142) Evacuation Reserve: 204M (103 regions), Max regular: 2048K
[2020-08-24T20:57:14.856+0000][31350][gc,start     ] GC(142) Concurrent evacuation
[2020-08-24T20:57:14.856+0000][31350][gc,task      ] GC(142) Using 3 of 6 workers for concurrent evacuation
[2020-08-24T20:57:14.856+0000][31350][gc           ] GC(142) Concurrent evacuation 118M->118M(4096M) 0.204ms
[2020-08-24T20:57:14.856+0000][31350][gc,start     ] GC(142) Pause Init Update Refs
[2020-08-24T20:57:14.856+0000][31350][gc           ] GC(142) Pause Init Update Refs 0.038ms
[2020-08-24T20:57:14.856+0000][31350][safepoint    ] Safepoint "ShenandoahInitUpdateRefs", Time since last: 7692886 ns, Reaching safepoint: 114146 ns, At safepoint: 52232 ns, Total: 166378 ns
[2020-08-24T20:57:14.856+0000][31350][gc,start     ] GC(142) Concurrent update references
[2020-08-24T20:57:14.856+0000][31350][gc,task      ] GC(142) Using 3 of 6 workers for concurrent reference update
[2020-08-24T20:57:14.861+0000][31350][gc           ] GC(142) Concurrent update references 120M->132M(4096M) 4.462ms
[2020-08-24T20:57:14.861+0000][31350][gc,start     ] GC(142) Pause Final Update Refs
[2020-08-24T20:57:14.861+0000][31350][gc,task      ] GC(142) Using 6 of 6 workers for final reference update
[2020-08-24T20:57:14.861+0000][31350][gc           ] GC(142) Pause Final Update Refs 0.108ms
[2020-08-24T20:57:14.861+0000][31350][safepoint    ] Safepoint "ShenandoahFinalUpdateRefs", Time since last: 4510698 ns, Reaching safepoint: 115052 ns, At safepoint: 128317 ns, Total: 243369 ns
[2020-08-24T20:57:14.861+0000][31350][gc,start     ] GC(142) Concurrent cleanup
[2020-08-24T20:57:14.861+0000][31350][gc           ] GC(142) Concurrent cleanup 132M->74M(4096M) 0.117ms
[2020-08-24T20:57:14.861+0000][31350][gc,ergo      ] Free: 3815M (1912 regions), Max regular: 2048K, Max humongous: 3398M, External frag: 11%, Internal frag: 0%
[2020-08-24T20:57:14.861+0000][31350][gc,ergo      ] Evacuation Reserve: 206M (103 regions), Max regular: 2048K
[2020-08-24T20:57:15.861+0000][31350][safepoint    ] Safepoint "Cleanup", Time since last: 1000083885 ns, Reaching safepoint: 303718 ns, At safepoint: 17962 ns, Total: 321680 ns
[2020-08-24T20:57:16.862+0000][31350][safepoint    ] Safepoint "Cleanup", Time since last: 1000187272 ns, Reaching safepoint: 337658 ns, At safepoint: 23036 ns, Total: 360694 ns
[2020-08-24T20:57:17.862+0000][31350][safepoint    ] Safepoint "Cleanup", Time since last: 1000144363 ns, Reaching safepoint: 113714 ns, At safepoint: 2374 ns, Total: 116088 ns
[2020-08-24T20:57:17.883+0000][31350][gc           ] Trigger: Allocated since last cycle (409M) is larger than allocation threshold (409M)
[2020-08-24T20:57:17.883+0000][31350][gc,ergo      ] Free: 3459M (1734 regions), Max regular: 2048K, Max humongous: 3398M, External frag: 2%, Internal frag: 0%
[2020-08-24T20:57:17.883+0000][31350][gc,ergo      ] Evacuation Reserve: 206M (103 regions), Max regular: 2048K
[2020-08-24T20:57:17.883+0000][31350][gc,start     ] GC(143) Concurrent reset
[2020-08-24T20:57:17.883+0000][31350][gc,task      ] GC(143) Using 3 of 6 workers for concurrent reset
[2020-08-24T20:57:17.883+0000][31350][gc           ] GC(143) Concurrent reset 430M->430M(4096M) 0.220ms
[2020-08-24T20:57:17.883+0000][31350][gc,start     ] GC(143) Pause Init Mark (unload classes)
[2020-08-24T20:57:17.883+0000][31350][gc,task      ] GC(143) Using 6 of 6 workers for init marking
[2020-08-24T20:57:17.884+0000][31350][gc           ] GC(143) Pause Init Mark (unload classes) 0.361ms
[2020-08-24T20:57:17.884+0000][31350][safepoint    ] Safepoint "ShenandoahInitMark", Time since last: 21211210 ns, Reaching safepoint: 139530 ns, At safepoint: 375483 ns, Total: 515013 ns
[2020-08-24T20:57:17.884+0000][31350][gc,start     ] GC(143) Concurrent marking (unload classes)
[2020-08-24T20:57:17.884+0000][31350][gc,task      ] GC(143) Using 3 of 6 workers for concurrent marking
[2020-08-24T20:57:17.890+0000][31350][gc           ] GC(143) Concurrent marking (unload classes) 432M->448M(4096M) 6.339ms
[2020-08-24T20:57:17.890+0000][31350][gc,start     ] GC(143) Pause Final Mark (unload classes)
[2020-08-24T20:57:17.890+0000][31350][gc,task      ] GC(143) Using 6 of 6 workers for final marking
[2020-08-24T20:57:17.891+0000][31350][gc,ergo      ] GC(143) CSet Selection. Actual Free: 3981M, Max CSet: 2986M
[2020-08-24T20:57:17.891+0000][31350][gc,ergo      ] GC(143) Collectable Garbage: 55923K (13% of total), 1015K CSet, 28 CSet regions
[2020-08-24T20:57:17.891+0000][31350][gc,ergo      ] GC(143) Immediate Garbage: 355M (86% of total), 178 regions
[2020-08-24T20:57:17.891+0000][31350][gc           ] GC(143) Pause Final Mark (unload classes) 0.549ms
[2020-08-24T20:57:17.891+0000][31350][safepoint    ] Safepoint "ShenandoahFinalMarkStartEvac", Time since last: 6419899 ns, Reaching safepoint: 81302 ns, At safepoint: 565364 ns, Total: 646666 ns
[2020-08-24T20:57:17.891+0000][31350][gc,start     ] GC(143) Concurrent roots processing
[2020-08-24T20:57:17.891+0000][31350][gc,task      ] GC(143) Using 3 of 6 workers for concurrent root processing
[2020-08-24T20:57:17.899+0000][31350][gc           ] GC(143) Concurrent roots processing 448M->468M(4096M) 7.785ms
[2020-08-24T20:57:17.899+0000][31350][gc,start     ] GC(143) Concurrent cleanup
[2020-08-24T20:57:17.899+0000][31350][gc           ] GC(143) Concurrent cleanup 468M->112M(4096M) 0.148ms
[2020-08-24T20:57:17.899+0000][31350][gc,ergo      ] GC(143) Free: 3778M (1892 regions), Max regular: 2048K, Max humongous: 3398M, External frag: 11%, Internal frag: 0%
[2020-08-24T20:57:17.899+0000][31350][gc,ergo      ] GC(143) Evacuation Reserve: 204M (103 regions), Max regular: 2048K
[2020-08-24T20:57:17.899+0000][31350][gc,start     ] GC(143) Concurrent evacuation
[2020-08-24T20:57:17.899+0000][31350][gc,task      ] GC(143) Using 3 of 6 workers for concurrent evacuation
[2020-08-24T20:57:17.899+0000][31350][gc           ] GC(143) Concurrent evacuation 112M->112M(4096M) 0.184ms
[2020-08-24T20:57:17.899+0000][31350][gc,start     ] GC(143) Pause Init Update Refs
[2020-08-24T20:57:17.899+0000][31350][gc           ] GC(143) Pause Init Update Refs 0.049ms
[2020-08-24T20:57:17.899+0000][31350][safepoint    ] Safepoint "ShenandoahInitUpdateRefs", Time since last: 8286556 ns, Reaching safepoint: 73043 ns, At safepoint: 63261 ns, Total: 136304 ns
[2020-08-24T20:57:17.899+0000][31350][gc,start     ] GC(143) Concurrent update references
[2020-08-24T20:57:17.899+0000][31350][gc,task      ] GC(143) Using 3 of 6 workers for concurrent reference update
[2020-08-24T20:57:17.905+0000][31350][gc           ] GC(143) Concurrent update references 114M->132M(4096M) 5.323ms
[2020-08-24T20:57:17.905+0000][31350][gc,start     ] GC(143) Pause Final Update Refs
[2020-08-24T20:57:17.905+0000][31350][gc,task      ] GC(143) Using 6 of 6 workers for final reference update
[2020-08-24T20:57:17.905+0000][31350][gc           ] GC(143) Pause Final Update Refs 0.161ms
[2020-08-24T20:57:17.905+0000][31350][safepoint    ] Safepoint "ShenandoahFinalUpdateRefs", Time since last: 5386487 ns, Reaching safepoint: 145786 ns, At safepoint: 175665 ns, Total: 321451 ns
[2020-08-24T20:57:17.905+0000][31350][gc,start     ] GC(143) Concurrent cleanup
[2020-08-24T20:57:17.905+0000][31350][gc           ] GC(143) Concurrent cleanup 132M->76M(4096M) 0.111ms
[2020-08-24T20:57:17.905+0000][31350][gc,ergo      ] Free: 3813M (1911 regions), Max regular: 2048K, Max humongous: 3408M, External frag: 11%, Internal frag: 0%
[2020-08-24T20:57:17.905+0000][31350][gc,ergo      ] Evacuation Reserve: 206M (103 regions), Max regular: 2048K
[2020-08-24T20:57:18.905+0000][31350][safepoint    ] Safepoint "Cleanup", Time since last: 1000067028 ns, Reaching safepoint: 87430 ns, At safepoint: 3125 ns, Total: 90555 ns
[2020-08-24T20:57:19.905+0000][31350][safepoint    ] Safepoint "Cleanup", Time since last: 1000091658 ns, Reaching safepoint: 118740 ns, At safepoint: 3889 ns, Total: 122629 ns
[2020-08-24T20:57:20.849+0000][31350][gc           ] Trigger: Allocated since last cycle (409M) is larger than allocation threshold (409M)
[2020-08-24T20:57:20.849+0000][31350][gc,ergo      ] Free: 3459M (1734 regions), Max regular: 2048K, Max humongous: 3408M, External frag: 2%, Internal frag: 0%
[2020-08-24T20:57:20.849+0000][31350][gc,ergo      ] Evacuation Reserve: 206M (103 regions), Max regular: 2048K
[2020-08-24T20:57:20.849+0000][31350][gc,start     ] GC(144) Concurrent reset
[2020-08-24T20:57:20.849+0000][31350][gc,task      ] GC(144) Using 3 of 6 workers for concurrent reset
[2020-08-24T20:57:20.850+0000][31350][gc           ] GC(144) Concurrent reset 430M->430M(4096M) 0.185ms
[2020-08-24T20:57:20.850+0000][31350][gc,start     ] GC(144) Pause Init Mark (unload classes)
[2020-08-24T20:57:20.850+0000][31350][gc,task      ] GC(144) Using 6 of 6 workers for init marking
[2020-08-24T20:57:20.850+0000][31350][gc           ] GC(144) Pause Init Mark (unload classes) 0.523ms
[2020-08-24T20:57:20.850+0000][31350][safepoint    ] Safepoint "ShenandoahInitMark", Time since last: 944271324 ns, Reaching safepoint: 87933 ns, At safepoint: 550464 ns, Total: 638397 ns
[2020-08-24T20:57:20.850+0000][31350][gc,start     ] GC(144) Concurrent marking (unload classes)
[2020-08-24T20:57:20.850+0000][31350][gc,task      ] GC(144) Using 3 of 6 workers for concurrent marking
[2020-08-24T20:57:20.861+0000][31350][gc           ] GC(144) Concurrent marking (unload classes) 430M->448M(4096M) 11.160ms
[2020-08-24T20:57:20.862+0000][31350][gc,start     ] GC(144) Pause Final Mark (unload classes)
[2020-08-24T20:57:20.862+0000][31350][gc,task      ] GC(144) Using 6 of 6 workers for final marking
[2020-08-24T20:57:20.862+0000][31350][gc,ergo      ] GC(144) CSet Selection. Actual Free: 3989M, Max CSet: 2992M
[2020-08-24T20:57:20.862+0000][31350][gc,ergo      ] GC(144) Collectable Garbage: 47702K (11% of total), 1020K CSet, 24 CSet regions
[2020-08-24T20:57:20.862+0000][31350][gc,ergo      ] GC(144) Immediate Garbage: 363M (88% of total), 182 regions
[2020-08-24T20:57:20.863+0000][31350][gc           ] GC(144) Pause Final Mark (unload classes) 1.044ms
[2020-08-24T20:57:20.863+0000][31350][safepoint    ] Safepoint "ShenandoahFinalMarkStartEvac", Time since last: 11225998 ns, Reaching safepoint: 161673 ns, At safepoint: 1114168 ns, Total: 1275841 ns
[2020-08-24T20:57:20.863+0000][31350][gc,start     ] GC(144) Concurrent roots processing
[2020-08-24T20:57:20.863+0000][31350][gc,task      ] GC(144) Using 3 of 6 workers for concurrent root processing
[2020-08-24T20:57:20.875+0000][31350][gc           ] GC(144) Concurrent roots processing 448M->468M(4096M) 12.731ms
[2020-08-24T20:57:20.876+0000][31350][gc,start     ] GC(144) Concurrent cleanup
[2020-08-24T20:57:20.876+0000][31350][gc           ] GC(144) Concurrent cleanup 468M->106M(4096M) 0.337ms
[2020-08-24T20:57:20.876+0000][31350][gc,ergo      ] GC(144) Free: 3784M (1896 regions), Max regular: 2048K, Max humongous: 3402M, External frag: 11%, Internal frag: 0%
[2020-08-24T20:57:20.876+0000][31350][gc,ergo      ] GC(144) Evacuation Reserve: 204M (103 regions), Max regular: 2048K
[2020-08-24T20:57:20.876+0000][31350][gc,start     ] GC(144) Concurrent evacuation
[2020-08-24T20:57:20.876+0000][31350][gc,task      ] GC(144) Using 3 of 6 workers for concurrent evacuation
[2020-08-24T20:57:20.877+0000][31350][gc           ] GC(144) Concurrent evacuation 106M->106M(4096M) 0.452ms
[2020-08-24T20:57:20.877+0000][31350][gc,start     ] GC(144) Pause Init Update Refs
[2020-08-24T20:57:20.877+0000][31350][gc           ] GC(144) Pause Init Update Refs 0.125ms
[2020-08-24T20:57:20.877+0000][31350][safepoint    ] Safepoint "ShenandoahInitUpdateRefs", Time since last: 13820913 ns, Reaching safepoint: 101624 ns, At safepoint: 155558 ns, Total: 257182 ns
[2020-08-24T20:57:20.877+0000][31350][gc,start     ] GC(144) Concurrent update references
[2020-08-24T20:57:20.877+0000][31350][gc,task      ] GC(144) Using 3 of 6 workers for concurrent reference update
[2020-08-24T20:57:20.885+0000][31350][gc           ] GC(144) Concurrent update references 106M->120M(4096M) 8.607ms
[2020-08-24T20:57:20.886+0000][31350][gc,start     ] GC(144) Pause Final Update Refs
[2020-08-24T20:57:20.886+0000][31350][gc,task      ] GC(144) Using 6 of 6 workers for final reference update
[2020-08-24T20:57:20.886+0000][31350][gc           ] GC(144) Pause Final Update Refs 0.340ms
[2020-08-24T20:57:20.886+0000][31350][safepoint    ] Safepoint "ShenandoahFinalUpdateRefs", Time since last: 8787970 ns, Reaching safepoint: 310142 ns, At safepoint: 369765 ns, Total: 679907 ns
[2020-08-24T20:57:20.886+0000][31350][gc,start     ] GC(144) Concurrent cleanup
[2020-08-24T20:57:20.886+0000][31350][gc           ] GC(144) Concurrent cleanup 120M->72M(4096M) 0.147ms
[2020-08-24T20:57:20.887+0000][31350][gc,ergo      ] Free: 3817M (1913 regions), Max regular: 2048K, Max humongous: 3402M, External frag: 11%, Internal frag: 0%
[2020-08-24T20:57:20.887+0000][31350][gc,ergo      ] Evacuation Reserve: 206M (103 regions), Max regular: 2048K
[2020-08-24T20:57:21.887+0000][31350][safepoint    ] Safepoint "Cleanup", Time since last: 1000163440 ns, Reaching safepoint: 382843 ns, At safepoint: 30221 ns, Total: 413064 ns
[2020-08-24T20:57:22.887+0000][31350][safepoint    ] Safepoint "Cleanup", Time since last: 1000172061 ns, Reaching safepoint: 309953 ns, At safepoint: 22504 ns, Total: 332457 ns
[2020-08-24T20:57:23.888+0000][31350][safepoint    ] Safepoint "Cleanup", Time since last: 1000175951 ns, Reaching safepoint: 191397 ns, At safepoint: 13267 ns, Total: 204664 ns
[2020-08-24T20:57:23.984+0000][31350][gc           ] Trigger: Allocated since last cycle (409M) is larger than allocation threshold (409M)
[2020-08-24T20:57:23.984+0000][31350][gc,ergo      ] Free: 3459M (1734 regions), Max regular: 2048K, Max humongous: 3402M, External frag: 2%, Internal frag: 0%
[2020-08-24T20:57:23.984+0000][31350][gc,ergo      ] Evacuation Reserve: 206M (103 regions), Max regular: 2048K
[2020-08-24T20:57:23.984+0000][31350][gc,start     ] GC(145) Concurrent reset
[2020-08-24T20:57:23.984+0000][31350][gc,task      ] GC(145) Using 3 of 6 workers for concurrent reset
[2020-08-24T20:57:23.984+0000][31350][gc           ] GC(145) Concurrent reset 430M->430M(4096M) 0.495ms
[2020-08-24T20:57:23.985+0000][31350][gc,start     ] GC(145) Pause Init Mark (process weakrefs) (unload classes)
[2020-08-24T20:57:23.985+0000][31350][gc,task      ] GC(145) Using 6 of 6 workers for init marking
[2020-08-24T20:57:23.986+0000][31350][gc           ] GC(145) Pause Init Mark (process weakrefs) (unload classes) 1.076ms
[2020-08-24T20:57:23.986+0000][31350][safepoint    ] Safepoint "ShenandoahInitMark", Time since last: 96774103 ns, Reaching safepoint: 310789 ns, At safepoint: 1172812 ns, Total: 1483601 ns
[2020-08-24T20:57:23.986+0000][31350][gc,start     ] GC(145) Concurrent marking (process weakrefs) (unload classes)
[2020-08-24T20:57:23.986+0000][31350][gc,task      ] GC(145) Using 3 of 6 workers for concurrent marking
[2020-08-24T20:57:24.008+0000][31350][gc           ] GC(145) Concurrent marking (process weakrefs) (unload classes) 432M->450M(4096M) 21.474ms
[2020-08-24T20:57:24.008+0000][31350][gc,start     ] GC(145) Concurrent precleaning
[2020-08-24T20:57:24.008+0000][31350][gc,task      ] GC(145) Using 1 of 6 workers for concurrent preclean
[2020-08-24T20:57:24.008+0000][31350][gc           ] GC(145) Concurrent precleaning 450M->450M(4096M) 0.566ms
[2020-08-24T20:57:24.009+0000][31350][gc,start     ] GC(145) Pause Final Mark (process weakrefs) (unload classes)
[2020-08-24T20:57:24.009+0000][31350][gc,task      ] GC(145) Using 6 of 6 workers for final marking
[2020-08-24T20:57:24.009+0000][31350][gc,ergo      ] GC(145) CSet Selection. Actual Free: 3981M, Max CSet: 2986M
[2020-08-24T20:57:24.009+0000][31350][gc,ergo      ] GC(145) Collectable Garbage: 53921K (12% of total), 969K CSet, 27 CSet regions
[2020-08-24T20:57:24.009+0000][31350][gc,ergo      ] GC(145) Immediate Garbage: 357M (86% of total), 179 regions
[2020-08-24T20:57:24.010+0000][31350][gc           ] GC(145) Pause Final Mark (process weakrefs) (unload classes) 1.335ms
[2020-08-24T20:57:24.010+0000][31350][safepoint    ] Safepoint "ShenandoahFinalMarkStartEvac", Time since last: 22288119 ns, Reaching safepoint: 238985 ns, At safepoint: 1374540 ns, Total: 1613525 ns
[2020-08-24T20:57:24.010+0000][31350][gc,start     ] GC(145) Concurrent roots processing
[2020-08-24T20:57:24.010+0000][31350][gc,task      ] GC(145) Using 3 of 6 workers for concurrent root processing
[2020-08-24T20:57:24.021+0000][31350][gc           ] GC(145) Concurrent roots processing 450M->470M(4096M) 11.247ms
[2020-08-24T20:57:24.021+0000][31350][gc,start     ] GC(145) Concurrent cleanup
[2020-08-24T20:57:24.021+0000][31350][gc           ] GC(145) Concurrent cleanup 470M->112M(4096M) 0.254ms
[2020-08-24T20:57:24.022+0000][31350][gc,ergo      ] GC(145) Free: 3778M (1892 regions), Max regular: 2048K, Max humongous: 3400M, External frag: 11%, Internal frag: 0%
[2020-08-24T20:57:24.022+0000][31350][gc,ergo      ] GC(145) Evacuation Reserve: 204M (103 regions), Max regular: 2048K
[2020-08-24T20:57:24.022+0000][31350][gc,start     ] GC(145) Concurrent evacuation
[2020-08-24T20:57:24.022+0000][31350][gc,task      ] GC(145) Using 3 of 6 workers for concurrent evacuation
[2020-08-24T20:57:24.022+0000][31350][gc           ] GC(145) Concurrent evacuation 112M->112M(4096M) 0.304ms
[2020-08-24T20:57:24.022+0000][31350][gc,start     ] GC(145) Pause Init Update Refs
[2020-08-24T20:57:24.022+0000][31350][gc           ] GC(145) Pause Init Update Refs 0.054ms
[2020-08-24T20:57:24.022+0000][31350][safepoint    ] Safepoint "ShenandoahInitUpdateRefs", Time since last: 12083166 ns, Reaching safepoint: 127993 ns, At safepoint: 74696 ns, Total: 202689 ns
[2020-08-24T20:57:24.022+0000][31350][gc,start     ] GC(145) Concurrent update references
[2020-08-24T20:57:24.022+0000][31350][gc,task      ] GC(145) Using 3 of 6 workers for concurrent reference update
[2020-08-24T20:57:24.028+0000][31350][gc           ] GC(145) Concurrent update references 114M->126M(4096M) 5.531ms
[2020-08-24T20:57:24.028+0000][31350][gc,start     ] GC(145) Pause Final Update Refs
[2020-08-24T20:57:24.028+0000][31350][gc,task      ] GC(145) Using 6 of 6 workers for final reference update
[2020-08-24T20:57:24.028+0000][31350][gc           ] GC(145) Pause Final Update Refs 0.126ms
[2020-08-24T20:57:24.028+0000][31350][safepoint    ] Safepoint "ShenandoahFinalUpdateRefs", Time since last: 5660116 ns, Reaching safepoint: 92686 ns, At safepoint: 144596 ns, Total: 237282 ns
[2020-08-24T20:57:24.028+0000][31350][gc,start     ] GC(145) Concurrent cleanup
[2020-08-24T20:57:24.028+0000][31350][gc           ] GC(145) Concurrent cleanup 126M->72M(4096M) 0.151ms
[2020-08-24T20:57:24.028+0000][31350][gc,ergo      ] Free: 3817M (1912 regions), Max regular: 2048K, Max humongous: 3400M, External frag: 11%, Internal frag: 0%
[2020-08-24T20:57:24.028+0000][31350][gc,ergo      ] Evacuation Reserve: 206M (103 regions), Max regular: 2048K
[2020-08-24T20:57:25.028+0000][31350][safepoint    ] Safepoint "Cleanup", Time since last: 1000088844 ns, Reaching safepoint: 272105 ns, At safepoint: 13108 ns, Total: 285213 ns
[2020-08-24T20:57:26.029+0000][31350][safepoint    ] Safepoint "Cleanup", Time since last: 1000222388 ns, Reaching safepoint: 192225 ns, At safepoint: 24250 ns, Total: 216475 ns
[2020-08-24T20:57:26.848+0000][31350][gc           ] Trigger: Allocated since last cycle (409M) is larger than allocation threshold (409M)
[2020-08-24T20:57:26.848+0000][31350][gc,ergo      ] Free: 3459M (1734 regions), Max regular: 2048K, Max humongous: 3400M, External frag: 2%, Internal frag: 0%
[2020-08-24T20:57:26.848+0000][31350][gc,ergo      ] Evacuation Reserve: 206M (103 regions), Max regular: 2048K
[2020-08-24T20:57:26.848+0000][31350][gc,start     ] GC(146) Concurrent reset
[2020-08-24T20:57:26.848+0000][31350][gc,task      ] GC(146) Using 3 of 6 workers for concurrent reset
[2020-08-24T20:57:26.848+0000][31350][gc           ] GC(146) Concurrent reset 430M->430M(4096M) 0.272ms
[2020-08-24T20:57:26.848+0000][31350][gc,start     ] GC(146) Pause Init Mark (unload classes)
[2020-08-24T20:57:26.849+0000][31350][gc,task      ] GC(146) Using 6 of 6 workers for init marking
[2020-08-24T20:57:26.849+0000][31350][gc           ] GC(146) Pause Init Mark (unload classes) 0.584ms
[2020-08-24T20:57:26.849+0000][31350][safepoint    ] Safepoint "ShenandoahInitMark", Time since last: 819488213 ns, Reaching safepoint: 87938 ns, At safepoint: 616868 ns, Total: 704806 ns
[2020-08-24T20:57:26.849+0000][31350][gc,start     ] GC(146) Concurrent marking (unload classes)
[2020-08-24T20:57:26.849+0000][31350][gc,task      ] GC(146) Using 3 of 6 workers for concurrent marking
[2020-08-24T20:57:26.862+0000][31350][gc           ] GC(146) Concurrent marking (unload classes) 430M->448M(4096M) 13.086ms
[2020-08-24T20:57:26.862+0000][31350][gc,start     ] GC(146) Pause Final Mark (unload classes)
[2020-08-24T20:57:26.862+0000][31350][gc,task      ] GC(146) Using 6 of 6 workers for final marking
[2020-08-24T20:57:26.863+0000][31350][gc,ergo      ] GC(146) CSet Selection. Actual Free: 3976M, Max CSet: 2982M
[2020-08-24T20:57:26.863+0000][31350][gc,ergo      ] GC(146) Collectable Garbage: 61988K (14% of total), 1009K CSet, 31 CSet regions
[2020-08-24T20:57:26.863+0000][31350][gc,ergo      ] GC(146) Immediate Garbage: 350M (84% of total), 175 regions
[2020-08-24T20:57:26.864+0000][31350][gc           ] GC(146) Pause Final Mark (unload classes) 1.131ms
[2020-08-24T20:57:26.864+0000][31350][safepoint    ] Safepoint "ShenandoahFinalMarkStartEvac", Time since last: 13218667 ns, Reaching safepoint: 141121 ns, At safepoint: 1170282 ns, Total: 1311403 ns
[2020-08-24T20:57:26.864+0000][31350][gc,start     ] GC(146) Concurrent roots processing
[2020-08-24T20:57:26.864+0000][31350][gc,task      ] GC(146) Using 3 of 6 workers for concurrent root processing
[2020-08-24T20:57:26.877+0000][31350][gc           ] GC(146) Concurrent roots processing 450M->470M(4096M) 13.270ms
[2020-08-24T20:57:26.877+0000][31350][gc,start     ] GC(146) Concurrent cleanup
[2020-08-24T20:57:26.877+0000][31350][gc           ] GC(146) Concurrent cleanup 470M->120M(4096M) 0.212ms
[2020-08-24T20:57:26.877+0000][31350][gc,ergo      ] GC(146) Free: 3770M (1888 regions), Max regular: 2048K, Max humongous: 3398M, External frag: 10%, Internal frag: 0%
[2020-08-24T20:57:26.877+0000][31350][gc,ergo      ] GC(146) Evacuation Reserve: 204M (103 regions), Max regular: 2048K
[2020-08-24T20:57:26.877+0000][31350][gc,start     ] GC(146) Concurrent evacuation
[2020-08-24T20:57:26.877+0000][31350][gc,task      ] GC(146) Using 3 of 6 workers for concurrent evacuation
[2020-08-24T20:57:26.878+0000][31350][gc           ] GC(146) Concurrent evacuation 120M->120M(4096M) 0.328ms
[2020-08-24T20:57:26.878+0000][31350][gc,start     ] GC(146) Pause Init Update Refs
[2020-08-24T20:57:26.878+0000][31350][gc           ] GC(146) Pause Init Update Refs 0.059ms
[2020-08-24T20:57:26.878+0000][31350][safepoint    ] Safepoint "ShenandoahInitUpdateRefs", Time since last: 14078319 ns, Reaching safepoint: 212232 ns, At safepoint: 86459 ns, Total: 298691 ns
[2020-08-24T20:57:26.878+0000][31350][gc,start     ] GC(146) Concurrent update references
[2020-08-24T20:57:26.878+0000][31350][gc,task      ] GC(146) Using 3 of 6 workers for concurrent reference update
[2020-08-24T20:57:26.884+0000][31350][gc           ] GC(146) Concurrent update references 122M->134M(4096M) 6.189ms
[2020-08-24T20:57:26.884+0000][31350][gc,start     ] GC(146) Pause Final Update Refs
[2020-08-24T20:57:26.884+0000][31350][gc,task      ] GC(146) Using 6 of 6 workers for final reference update
[2020-08-24T20:57:26.885+0000][31350][gc           ] GC(146) Pause Final Update Refs 0.163ms
[2020-08-24T20:57:26.885+0000][31350][safepoint    ] Safepoint "ShenandoahFinalUpdateRefs", Time since last: 6294460 ns, Reaching safepoint: 89547 ns, At safepoint: 175889 ns, Total: 265436 ns
[2020-08-24T20:57:26.885+0000][31350][gc,start     ] GC(146) Concurrent cleanup
[2020-08-24T20:57:26.885+0000][31350][gc           ] GC(146) Concurrent cleanup 134M->72M(4096M) 0.118ms
[2020-08-24T20:57:26.885+0000][31350][gc,ergo      ] Free: 3817M (1913 regions), Max regular: 2048K, Max humongous: 3402M, External frag: 11%, Internal frag: 0%
[2020-08-24T20:57:26.885+0000][31350][gc,ergo      ] Evacuation Reserve: 206M (103 regions), Max regular: 2048K
[2020-08-24T20:57:27.885+0000][31350][safepoint    ] Safepoint "Cleanup", Time since last: 1000104068 ns, Reaching safepoint: 315490 ns, At safepoint: 29712 ns, Total: 345202 ns
[2020-08-24T20:57:28.885+0000][31350][safepoint    ] Safepoint "Cleanup", Time since last: 1000152896 ns, Reaching safepoint: 219600 ns, At safepoint: 22314 ns, Total: 241914 ns
[2020-08-24T20:57:29.858+0000][31350][gc           ] Trigger: Allocated since last cycle (409M) is larger than allocation threshold (409M)
[2020-08-24T20:57:29.858+0000][31350][gc,ergo      ] Free: 3459M (1734 regions), Max regular: 2048K, Max humongous: 3402M, External frag: 2%, Internal frag: 0%
[2020-08-24T20:57:29.858+0000][31350][gc,ergo      ] Evacuation Reserve: 206M (103 regions), Max regular: 2048K
[2020-08-24T20:57:29.858+0000][31350][gc,start     ] GC(147) Concurrent reset
[2020-08-24T20:57:29.858+0000][31350][gc,task      ] GC(147) Using 3 of 6 workers for concurrent reset
[2020-08-24T20:57:29.858+0000][31350][gc           ] GC(147) Concurrent reset 430M->430M(4096M) 0.542ms
[2020-08-24T20:57:29.859+0000][31350][gc,start     ] GC(147) Pause Init Mark (unload classes)
[2020-08-24T20:57:29.859+0000][31350][gc,task      ] GC(147) Using 6 of 6 workers for init marking
[2020-08-24T20:57:29.860+0000][31350][gc           ] GC(147) Pause Init Mark (unload classes) 1.150ms
[2020-08-24T20:57:29.860+0000][31350][safepoint    ] Safepoint "ShenandoahInitMark", Time since last: 973201666 ns, Reaching safepoint: 312226 ns, At safepoint: 1280019 ns, Total: 1592245 ns
[2020-08-24T20:57:29.860+0000][31350][gc,start     ] GC(147) Concurrent marking (unload classes)
[2020-08-24T20:57:29.860+0000][31350][gc,task      ] GC(147) Using 3 of 6 workers for concurrent marking
[2020-08-24T20:57:29.883+0000][31350][gc           ] GC(147) Concurrent marking (unload classes) 430M->448M(4096M) 22.647ms
[2020-08-24T20:57:29.883+0000][31350][gc,start     ] GC(147) Pause Final Mark (unload classes)
[2020-08-24T20:57:29.883+0000][31350][gc,task      ] GC(147) Using 6 of 6 workers for final marking
[2020-08-24T20:57:29.884+0000][31350][gc,ergo      ] GC(147) CSet Selection. Actual Free: 3983M, Max CSet: 2987M
[2020-08-24T20:57:29.884+0000][31350][gc,ergo      ] GC(147) Collectable Garbage: 53884K (12% of total), 1012K CSet, 27 CSet regions
[2020-08-24T20:57:29.884+0000][31350][gc,ergo      ] GC(147) Immediate Garbage: 357M (86% of total), 179 regions
[2020-08-24T20:57:29.884+0000][31350][gc           ] GC(147) Pause Final Mark (unload classes) 1.084ms
[2020-08-24T20:57:29.884+0000][31350][safepoint    ] Safepoint "ShenandoahFinalMarkStartEvac", Time since last: 22831460 ns, Reaching safepoint: 251007 ns, At safepoint: 1125477 ns, Total: 1376484 ns
[2020-08-24T20:57:29.884+0000][31350][gc,start     ] GC(147) Concurrent roots processing
[2020-08-24T20:57:29.884+0000][31350][gc,task      ] GC(147) Using 3 of 6 workers for concurrent root processing
[2020-08-24T20:57:29.896+0000][31350][gc           ] GC(147) Concurrent roots processing 448M->468M(4096M) 11.586ms
[2020-08-24T20:57:29.896+0000][31350][gc,start     ] GC(147) Concurrent cleanup
[2020-08-24T20:57:29.896+0000][31350][gc           ] GC(147) Concurrent cleanup 468M->110M(4096M) 0.216ms
[2020-08-24T20:57:29.896+0000][31350][gc,ergo      ] GC(147) Free: 3780M (1893 regions), Max regular: 2048K, Max humongous: 3408M, External frag: 10%, Internal frag: 0%
[2020-08-24T20:57:29.896+0000][31350][gc,ergo      ] GC(147) Evacuation Reserve: 204M (103 regions), Max regular: 2048K
[2020-08-24T20:57:29.896+0000][31350][gc,start     ] GC(147) Concurrent evacuation
[2020-08-24T20:57:29.896+0000][31350][gc,task      ] GC(147) Using 3 of 6 workers for concurrent evacuation
[2020-08-24T20:57:29.897+0000][31350][gc           ] GC(147) Concurrent evacuation 110M->110M(4096M) 0.251ms
[2020-08-24T20:57:29.897+0000][31350][gc,start     ] GC(147) Pause Init Update Refs
[2020-08-24T20:57:29.897+0000][31350][gc           ] GC(147) Pause Init Update Refs 0.048ms
[2020-08-24T20:57:29.897+0000][31350][safepoint    ] Safepoint "ShenandoahInitUpdateRefs", Time since last: 12246662 ns, Reaching safepoint: 121560 ns, At safepoint: 67793 ns, Total: 189353 ns
[2020-08-24T20:57:29.897+0000][31350][gc,start     ] GC(147) Concurrent update references
[2020-08-24T20:57:29.897+0000][31350][gc,task      ] GC(147) Using 3 of 6 workers for concurrent reference update
[2020-08-24T20:57:29.903+0000][31350][gc           ] GC(147) Concurrent update references 110M->122M(4096M) 5.692ms
[2020-08-24T20:57:29.903+0000][31350][gc,start     ] GC(147) Pause Final Update Refs
[2020-08-24T20:57:29.903+0000][31350][gc,task      ] GC(147) Using 6 of 6 workers for final reference update
[2020-08-24T20:57:29.903+0000][31350][gc           ] GC(147) Pause Final Update Refs 0.131ms
[2020-08-24T20:57:29.903+0000][31350][safepoint    ] Safepoint "ShenandoahFinalUpdateRefs", Time since last: 5766922 ns, Reaching safepoint: 117321 ns, At safepoint: 149949 ns, Total: 267270 ns
[2020-08-24T20:57:29.903+0000][31350][gc,start     ] GC(147) Concurrent cleanup
[2020-08-24T20:57:29.903+0000][31350][gc           ] GC(147) Concurrent cleanup 122M->70M(4096M) 0.134ms
[2020-08-24T20:57:29.903+0000][31350][gc,ergo      ] Free: 3819M (1914 regions), Max regular: 2048K, Max humongous: 3408M, External frag: 11%, Internal frag: 0%
[2020-08-24T20:57:29.903+0000][31350][gc,ergo      ] Evacuation Reserve: 206M (103 regions), Max regular: 2048K
[2020-08-24T20:57:30.903+0000][31350][safepoint    ] Safepoint "Cleanup", Time since last: 1000066079 ns, Reaching safepoint: 119235 ns, At safepoint: 4005 ns, Total: 123240 ns
[2020-08-24T20:57:31.903+0000][31350][safepoint    ] Safepoint "Cleanup", Time since last: 1000083968 ns, Reaching safepoint: 51536 ns, At safepoint: 3028 ns, Total: 54564 ns
[2020-08-24T20:57:32.841+0000][31350][gc           ] Trigger: Allocated since last cycle (409M) is larger than allocation threshold (409M)
[2020-08-24T20:57:32.841+0000][31350][gc,ergo      ] Free: 3459M (1734 regions), Max regular: 2048K, Max humongous: 3408M, External frag: 2%, Internal frag: 0%
[2020-08-24T20:57:32.841+0000][31350][gc,ergo      ] Evacuation Reserve: 206M (103 regions), Max regular: 2048K
[2020-08-24T20:57:32.841+0000][31350][gc,start     ] GC(148) Concurrent reset
[2020-08-24T20:57:32.841+0000][31350][gc,task      ] GC(148) Using 3 of 6 workers for concurrent reset
[2020-08-24T20:57:32.842+0000][31350][gc           ] GC(148) Concurrent reset 430M->430M(4096M) 0.548ms
[2020-08-24T20:57:32.842+0000][31350][gc,start     ] GC(148) Pause Init Mark (unload classes)
[2020-08-24T20:57:32.842+0000][31350][gc,task      ] GC(148) Using 6 of 6 workers for init marking
[2020-08-24T20:57:32.843+0000][31350][gc           ] GC(148) Pause Init Mark (unload classes) 1.106ms
[2020-08-24T20:57:32.843+0000][31350][safepoint    ] Safepoint "ShenandoahInitMark", Time since last: 938673186 ns, Reaching safepoint: 322461 ns, At safepoint: 1201879 ns, Total: 1524340 ns
[2020-08-24T20:57:32.843+0000][31350][gc,start     ] GC(148) Concurrent marking (unload classes)
[2020-08-24T20:57:32.844+0000][31350][gc,task      ] GC(148) Using 3 of 6 workers for concurrent marking
[2020-08-24T20:57:32.865+0000][31350][gc           ] GC(148) Concurrent marking (unload classes) 432M->446M(4096M) 21.763ms
[2020-08-24T20:57:32.866+0000][31350][gc,start     ] GC(148) Pause Final Mark (unload classes)
[2020-08-24T20:57:32.866+0000][31350][gc,task      ] GC(148) Using 6 of 6 workers for final marking
[2020-08-24T20:57:32.866+0000][31350][gc,ergo      ] GC(148) CSet Selection. Actual Free: 3992M, Max CSet: 2994M
[2020-08-24T20:57:32.866+0000][31350][gc,ergo      ] GC(148) Collectable Garbage: 47635K (11% of total), 1023K CSet, 24 CSet regions
[2020-08-24T20:57:32.866+0000][31350][gc,ergo      ] GC(148) Immediate Garbage: 364M (88% of total), 182 regions
[2020-08-24T20:57:32.867+0000][31350][gc           ] GC(148) Pause Final Mark (unload classes) 1.320ms
[2020-08-24T20:57:32.867+0000][31350][safepoint    ] Safepoint "ShenandoahFinalMarkStartEvac", Time since last: 21937536 ns, Reaching safepoint: 191768 ns, At safepoint: 1374061 ns, Total: 1565829 ns
[2020-08-24T20:57:32.867+0000][31350][gc,start     ] GC(148) Concurrent roots processing
[2020-08-24T20:57:32.867+0000][31350][gc,task      ] GC(148) Using 3 of 6 workers for concurrent root processing
[2020-08-24T20:57:32.879+0000][31350][gc           ] GC(148) Concurrent roots processing 448M->468M(4096M) 12.143ms
[2020-08-24T20:57:32.879+0000][31350][gc,start     ] GC(148) Concurrent cleanup
[2020-08-24T20:57:32.879+0000][31350][gc           ] GC(148) Concurrent cleanup 468M->104M(4096M) 0.312ms
[2020-08-24T20:57:32.880+0000][31350][gc,ergo      ] GC(148) Free: 3786M (1896 regions), Max regular: 2048K, Max humongous: 3402M, External frag: 11%, Internal frag: 0%
[2020-08-24T20:57:32.880+0000][31350][gc,ergo      ] GC(148) Evacuation Reserve: 204M (103 regions), Max regular: 2048K
[2020-08-24T20:57:32.880+0000][31350][gc,start     ] GC(148) Concurrent evacuation
[2020-08-24T20:57:32.880+0000][31350][gc,task      ] GC(148) Using 3 of 6 workers for concurrent evacuation
[2020-08-24T20:57:32.880+0000][31350][gc           ] GC(148) Concurrent evacuation 104M->104M(4096M) 0.282ms
[2020-08-24T20:57:32.880+0000][31350][gc,start     ] GC(148) Pause Init Update Refs
[2020-08-24T20:57:32.880+0000][31350][gc           ] GC(148) Pause Init Update Refs 0.039ms
[2020-08-24T20:57:32.880+0000][31350][safepoint    ] Safepoint "ShenandoahInitUpdateRefs", Time since last: 13004712 ns, Reaching safepoint: 101881 ns, At safepoint: 64140 ns, Total: 166021 ns
[2020-08-24T20:57:32.880+0000][31350][gc,start     ] GC(148) Concurrent update references
[2020-08-24T20:57:32.880+0000][31350][gc,task      ] GC(148) Using 3 of 6 workers for concurrent reference update
[2020-08-24T20:57:32.886+0000][31350][gc           ] GC(148) Concurrent update references 104M->122M(4096M) 6.089ms
[2020-08-24T20:57:32.886+0000][31350][gc,start     ] GC(148) Pause Final Update Refs
[2020-08-24T20:57:32.886+0000][31350][gc,task      ] GC(148) Using 6 of 6 workers for final reference update
[2020-08-24T20:57:32.887+0000][31350][gc           ] GC(148) Pause Final Update Refs 0.126ms
[2020-08-24T20:57:32.887+0000][31350][safepoint    ] Safepoint "ShenandoahFinalUpdateRefs", Time since last: 6187966 ns, Reaching safepoint: 148609 ns, At safepoint: 145656 ns, Total: 294265 ns
[2020-08-24T20:57:32.887+0000][31350][gc,start     ] GC(148) Concurrent cleanup
[2020-08-24T20:57:32.887+0000][31350][gc           ] GC(148) Concurrent cleanup 122M->74M(4096M) 0.126ms
[2020-08-24T20:57:32.887+0000][31350][gc,ergo      ] Free: 3815M (1912 regions), Max regular: 2048K, Max humongous: 3402M, External frag: 11%, Internal frag: 0%
[2020-08-24T20:57:32.887+0000][31350][gc,ergo      ] Evacuation Reserve: 206M (103 regions), Max regular: 2048K
[2020-08-24T20:57:33.887+0000][31350][safepoint    ] Safepoint "Cleanup", Time since last: 1000121745 ns, Reaching safepoint: 327587 ns, At safepoint: 23676 ns, Total: 351263 ns
[2020-08-24T20:57:34.888+0000][31350][safepoint    ] Safepoint "Cleanup", Time since last: 1000165832 ns, Reaching safepoint: 332636 ns, At safepoint: 26432 ns, Total: 359068 ns
[2020-08-24T20:57:35.810+0000][31350][gc           ] Trigger: Allocated since last cycle (409M) is larger than allocation threshold (409M)
[2020-08-24T20:57:35.810+0000][31350][gc,ergo      ] Free: 3459M (1734 regions), Max regular: 2048K, Max humongous: 3402M, External frag: 2%, Internal frag: 0%
[2020-08-24T20:57:35.810+0000][31350][gc,ergo      ] Evacuation Reserve: 206M (103 regions), Max regular: 2048K
[2020-08-24T20:57:35.810+0000][31350][gc,start     ] GC(149) Concurrent reset
[2020-08-24T20:57:35.810+0000][31350][gc,task      ] GC(149) Using 3 of 6 workers for concurrent reset
[2020-08-24T20:57:35.811+0000][31350][gc           ] GC(149) Concurrent reset 430M->430M(4096M) 0.169ms
[2020-08-24T20:57:35.811+0000][31350][gc,start     ] GC(149) Pause Init Mark (unload classes)
[2020-08-24T20:57:35.811+0000][31350][gc,task      ] GC(149) Using 6 of 6 workers for init marking
[2020-08-24T20:57:35.811+0000][31350][gc           ] GC(149) Pause Init Mark (unload classes) 0.277ms
[2020-08-24T20:57:35.811+0000][31350][safepoint    ] Safepoint "ShenandoahInitMark", Time since last: 923040889 ns, Reaching safepoint: 77259 ns, At safepoint: 292711 ns, Total: 369970 ns
[2020-08-24T20:57:35.811+0000][31350][gc,start     ] GC(149) Concurrent marking (unload classes)
[2020-08-24T20:57:35.811+0000][31350][gc,task      ] GC(149) Using 3 of 6 workers for concurrent marking
[2020-08-24T20:57:35.817+0000][31350][gc           ] GC(149) Concurrent marking (unload classes) 430M->448M(4096M) 6.250ms
[2020-08-24T20:57:35.817+0000][31350][gc,start     ] GC(149) Pause Final Mark (unload classes)
[2020-08-24T20:57:35.817+0000][31350][gc,task      ] GC(149) Using 6 of 6 workers for final marking
[2020-08-24T20:57:35.818+0000][31350][gc,ergo      ] GC(149) CSet Selection. Actual Free: 3985M, Max CSet: 2989M
[2020-08-24T20:57:35.818+0000][31350][gc,ergo      ] GC(149) Collectable Garbage: 51775K (12% of total), 1020K CSet, 26 CSet regions
[2020-08-24T20:57:35.818+0000][31350][gc,ergo      ] GC(149) Immediate Garbage: 359M (87% of total), 180 regions
[2020-08-24T20:57:35.818+0000][31350][gc           ] GC(149) Pause Final Mark (unload classes) 0.452ms
[2020-08-24T20:57:35.818+0000][31350][safepoint    ] Safepoint "ShenandoahFinalMarkStartEvac", Time since last: 6317579 ns, Reaching safepoint: 112616 ns, At safepoint: 475780 ns, Total: 588396 ns
[2020-08-24T20:57:35.818+0000][31350][gc,start     ] GC(149) Concurrent roots processing
[2020-08-24T20:57:35.818+0000][31350][gc,task      ] GC(149) Using 3 of 6 workers for concurrent root processing
[2020-08-24T20:57:35.826+0000][31350][gc           ] GC(149) Concurrent roots processing 448M->468M(4096M) 8.205ms
[2020-08-24T20:57:35.826+0000][31350][gc,start     ] GC(149) Concurrent cleanup
[2020-08-24T20:57:35.826+0000][31350][gc           ] GC(149) Concurrent cleanup 468M->108M(4096M) 0.193ms
[2020-08-24T20:57:35.826+0000][31350][gc,ergo      ] GC(149) Free: 3782M (1894 regions), Max regular: 2048K, Max humongous: 3408M, External frag: 10%, Internal frag: 0%
[2020-08-24T20:57:35.826+0000][31350][gc,ergo      ] GC(149) Evacuation Reserve: 204M (103 regions), Max regular: 2048K
[2020-08-24T20:57:35.826+0000][31350][gc,start     ] GC(149) Concurrent evacuation
[2020-08-24T20:57:35.826+0000][31350][gc,task      ] GC(149) Using 3 of 6 workers for concurrent evacuation
[2020-08-24T20:57:35.827+0000][31350][gc           ] GC(149) Concurrent evacuation 108M->108M(4096M) 0.263ms
[2020-08-24T20:57:35.827+0000][31350][gc,start     ] GC(149) Pause Init Update Refs
[2020-08-24T20:57:35.827+0000][31350][gc           ] GC(149) Pause Init Update Refs 0.035ms
[2020-08-24T20:57:35.827+0000][31350][safepoint    ] Safepoint "ShenandoahInitUpdateRefs", Time since last: 8814970 ns, Reaching safepoint: 144207 ns, At safepoint: 48980 ns, Total: 193187 ns
[2020-08-24T20:57:35.827+0000][31350][gc,start     ] GC(149) Concurrent update references
[2020-08-24T20:57:35.827+0000][31350][gc,task      ] GC(149) Using 3 of 6 workers for concurrent reference update
[2020-08-24T20:57:35.832+0000][31350][gc           ] GC(149) Concurrent update references 110M->128M(4096M) 4.921ms
[2020-08-24T20:57:35.832+0000][31350][gc,start     ] GC(149) Pause Final Update Refs
[2020-08-24T20:57:35.832+0000][31350][gc,task      ] GC(149) Using 6 of 6 workers for final reference update
[2020-08-24T20:57:35.832+0000][31350][gc           ] GC(149) Pause Final Update Refs 0.095ms
[2020-08-24T20:57:35.832+0000][31350][safepoint    ] Safepoint "ShenandoahFinalUpdateRefs", Time since last: 4959845 ns, Reaching safepoint: 98500 ns, At safepoint: 108795 ns, Total: 207295 ns
[2020-08-24T20:57:35.832+0000][31350][gc,start     ] GC(149) Concurrent cleanup
[2020-08-24T20:57:35.832+0000][31350][gc           ] GC(149) Concurrent cleanup 128M->76M(4096M) 0.115ms
[2020-08-24T20:57:35.832+0000][31350][gc,ergo      ] Free: 3813M (1911 regions), Max regular: 2048K, Max humongous: 3408M, External frag: 11%, Internal frag: 0%
[2020-08-24T20:57:35.832+0000][31350][gc,ergo      ] Evacuation Reserve: 206M (103 regions), Max regular: 2048K
[2020-08-24T20:57:36.833+0000][31350][safepoint    ] Safepoint "Cleanup", Time since last: 1000153535 ns, Reaching safepoint: 363619 ns, At safepoint: 27055 ns, Total: 390674 ns
[2020-08-24T20:57:37.833+0000][31350][safepoint    ] Safepoint "Cleanup", Time since last: 1000157362 ns, Reaching safepoint: 262364 ns, At safepoint: 22623 ns, Total: 284987 ns
[2020-08-24T20:57:38.834+0000][31350][safepoint    ] Safepoint "Cleanup", Time since last: 1000214278 ns, Reaching safepoint: 253893 ns, At safepoint: 29673 ns, Total: 283566 ns
[2020-08-24T20:57:38.860+0000][31350][gc           ] Trigger: Allocated since last cycle (409M) is larger than allocation threshold (409M)
[2020-08-24T20:57:38.860+0000][31350][gc,ergo      ] Free: 3459M (1734 regions), Max regular: 2048K, Max humongous: 3408M, External frag: 2%, Internal frag: 0%
[2020-08-24T20:57:38.860+0000][31350][gc,ergo      ] Evacuation Reserve: 206M (103 regions), Max regular: 2048K
[2020-08-24T20:57:38.860+0000][31350][gc,start     ] GC(150) Concurrent reset
[2020-08-24T20:57:38.860+0000][31350][gc,task      ] GC(150) Using 3 of 6 workers for concurrent reset
[2020-08-24T20:57:38.861+0000][31350][gc           ] GC(150) Concurrent reset 430M->430M(4096M) 0.453ms
[2020-08-24T20:57:38.861+0000][31350][gc,start     ] GC(150) Pause Init Mark (process weakrefs) (unload classes)
[2020-08-24T20:57:38.861+0000][31350][gc,task      ] GC(150) Using 6 of 6 workers for init marking
[2020-08-24T20:57:38.862+0000][31350][gc           ] GC(150) Pause Init Mark (process weakrefs) (unload classes) 1.128ms
[2020-08-24T20:57:38.862+0000][31350][safepoint    ] Safepoint "ShenandoahInitMark", Time since last: 27407457 ns, Reaching safepoint: 237673 ns, At safepoint: 1223621 ns, Total: 1461294 ns
[2020-08-24T20:57:38.862+0000][31350][gc,start     ] GC(150) Concurrent marking (process weakrefs) (unload classes)
[2020-08-24T20:57:38.863+0000][31350][gc,task      ] GC(150) Using 3 of 6 workers for concurrent marking
[2020-08-24T20:57:38.891+0000][31350][gc           ] GC(150) Concurrent marking (process weakrefs) (unload classes) 430M->446M(4096M) 28.146ms
[2020-08-24T20:57:38.891+0000][31350][gc,start     ] GC(150) Concurrent precleaning
[2020-08-24T20:57:38.891+0000][31350][gc,task      ] GC(150) Using 1 of 6 workers for concurrent preclean
[2020-08-24T20:57:38.891+0000][31350][gc           ] GC(150) Concurrent precleaning 446M->446M(4096M) 0.664ms
[2020-08-24T20:57:38.892+0000][31350][gc,start     ] GC(150) Pause Final Mark (process weakrefs) (unload classes)
[2020-08-24T20:57:38.892+0000][31350][gc,task      ] GC(150) Using 6 of 6 workers for final marking
[2020-08-24T20:57:38.893+0000][31350][gc,ergo      ] GC(150) CSet Selection. Actual Free: 3984M, Max CSet: 2988M
[2020-08-24T20:57:38.893+0000][31350][gc,ergo      ] GC(150) Collectable Garbage: 55875K (13% of total), 1007K CSet, 28 CSet regions
[2020-08-24T20:57:38.893+0000][31350][gc,ergo      ] GC(150) Immediate Garbage: 356M (86% of total), 178 regions
[2020-08-24T20:57:38.893+0000][31350][gc           ] GC(150) Pause Final Mark (process weakrefs) (unload classes) 1.411ms
[2020-08-24T20:57:38.893+0000][31350][safepoint    ] Safepoint "ShenandoahFinalMarkStartEvac", Time since last: 29049373 ns, Reaching safepoint: 149230 ns, At safepoint: 1449066 ns, Total: 1598296 ns
[2020-08-24T20:57:38.893+0000][31350][gc,start     ] GC(150) Concurrent roots processing
[2020-08-24T20:57:38.893+0000][31350][gc,task      ] GC(150) Using 3 of 6 workers for concurrent root processing
[2020-08-24T20:57:38.904+0000][31350][gc           ] GC(150) Concurrent roots processing 446M->464M(4096M) 11.176ms
[2020-08-24T20:57:38.904+0000][31350][gc,start     ] GC(150) Concurrent cleanup
[2020-08-24T20:57:38.905+0000][31350][gc           ] GC(150) Concurrent cleanup 464M->108M(4096M) 0.218ms
[2020-08-24T20:57:38.905+0000][31350][gc,ergo      ] GC(150) Free: 3782M (1894 regions), Max regular: 2048K, Max humongous: 3406M, External frag: 10%, Internal frag: 0%
[2020-08-24T20:57:38.905+0000][31350][gc,ergo      ] GC(150) Evacuation Reserve: 204M (103 regions), Max regular: 2048K
[2020-08-24T20:57:38.905+0000][31350][gc,start     ] GC(150) Concurrent evacuation
[2020-08-24T20:57:38.905+0000][31350][gc,task      ] GC(150) Using 3 of 6 workers for concurrent evacuation
[2020-08-24T20:57:38.905+0000][31350][gc           ] GC(150) Concurrent evacuation 108M->108M(4096M) 0.317ms
[2020-08-24T20:57:38.905+0000][31350][gc,start     ] GC(150) Pause Init Update Refs
[2020-08-24T20:57:38.905+0000][31350][gc           ] GC(150) Pause Init Update Refs 0.040ms
[2020-08-24T20:57:38.905+0000][31350][safepoint    ] Safepoint "ShenandoahInitUpdateRefs", Time since last: 11944926 ns, Reaching safepoint: 169390 ns, At safepoint: 74889 ns, Total: 244279 ns
[2020-08-24T20:57:38.905+0000][31350][gc,start     ] GC(150) Concurrent update references
[2020-08-24T20:57:38.905+0000][31350][gc,task      ] GC(150) Using 3 of 6 workers for concurrent reference update
[2020-08-24T20:57:38.911+0000][31350][gc           ] GC(150) Concurrent update references 108M->122M(4096M) 5.690ms
[2020-08-24T20:57:38.911+0000][31350][gc,start     ] GC(150) Pause Final Update Refs
[2020-08-24T20:57:38.911+0000][31350][gc,task      ] GC(150) Using 6 of 6 workers for final reference update
[2020-08-24T20:57:38.911+0000][31350][gc           ] GC(150) Pause Final Update Refs 0.116ms
[2020-08-24T20:57:38.911+0000][31350][safepoint    ] Safepoint "ShenandoahFinalUpdateRefs", Time since last: 5736825 ns, Reaching safepoint: 142481 ns, At safepoint: 131282 ns, Total: 273763 ns
[2020-08-24T20:57:38.911+0000][31350][gc,start     ] GC(150) Concurrent cleanup
[2020-08-24T20:57:38.911+0000][31350][gc           ] GC(150) Concurrent cleanup 122M->66M(4096M) 0.128ms
[2020-08-24T20:57:38.911+0000][31350][gc,ergo      ] Free: 3823M (1916 regions), Max regular: 2048K, Max humongous: 3406M, External frag: 11%, Internal frag: 0%
[2020-08-24T20:57:38.911+0000][31350][gc,ergo      ] Evacuation Reserve: 206M (103 regions), Max regular: 2048K
[2020-08-24T20:57:39.911+0000][31350][safepoint    ] Safepoint "Cleanup", Time since last: 1000073440 ns, Reaching safepoint: 122974 ns, At safepoint: 2607 ns, Total: 125581 ns
[2020-08-24T20:57:40.912+0000][31350][safepoint    ] Safepoint "Cleanup", Time since last: 1000115332 ns, Reaching safepoint: 335586 ns, At safepoint: 30382 ns, Total: 365968 ns
[2020-08-24T20:57:41.862+0000][31350][gc           ] Trigger: Allocated since last cycle (409M) is larger than allocation threshold (409M)
[2020-08-24T20:57:41.862+0000][31350][gc,ergo      ] Free: 3459M (1734 regions), Max regular: 2048K, Max humongous: 3406M, External frag: 2%, Internal frag: 0%
[2020-08-24T20:57:41.862+0000][31350][gc,ergo      ] Evacuation Reserve: 206M (103 regions), Max regular: 2048K
[2020-08-24T20:57:41.862+0000][31350][gc,start     ] GC(151) Concurrent reset
[2020-08-24T20:57:41.862+0000][31350][gc,task      ] GC(151) Using 3 of 6 workers for concurrent reset
[2020-08-24T20:57:41.863+0000][31350][gc           ] GC(151) Concurrent reset 430M->430M(4096M) 0.559ms
[2020-08-24T20:57:41.863+0000][31350][gc,start     ] GC(151) Pause Init Mark (unload classes)
[2020-08-24T20:57:41.863+0000][31350][gc,task      ] GC(151) Using 6 of 6 workers for init marking
[2020-08-24T20:57:41.864+0000][31350][gc           ] GC(151) Pause Init Mark (unload classes) 1.178ms
[2020-08-24T20:57:41.864+0000][31350][safepoint    ] Safepoint "ShenandoahInitMark", Time since last: 950904551 ns, Reaching safepoint: 333704 ns, At safepoint: 1292300 ns, Total: 1626004 ns
[2020-08-24T20:57:41.865+0000][31350][gc,start     ] GC(151) Concurrent marking (unload classes)
[2020-08-24T20:57:41.865+0000][31350][gc,task      ] GC(151) Using 3 of 6 workers for concurrent marking
[2020-08-24T20:57:41.886+0000][31350][gc           ] GC(151) Concurrent marking (unload classes) 432M->446M(4096M) 21.517ms
[2020-08-24T20:57:41.886+0000][31350][gc,start     ] GC(151) Pause Final Mark (unload classes)
[2020-08-24T20:57:41.887+0000][31350][gc,task      ] GC(151) Using 6 of 6 workers for final marking
[2020-08-24T20:57:41.887+0000][31350][gc,ergo      ] GC(151) CSet Selection. Actual Free: 3979M, Max CSet: 2984M
[2020-08-24T20:57:41.887+0000][31350][gc,ergo      ] GC(151) Collectable Garbage: 59941K (14% of total), 1013K CSet, 30 CSet regions
[2020-08-24T20:57:41.887+0000][31350][gc,ergo      ] GC(151) Immediate Garbage: 351M (85% of total), 176 regions
[2020-08-24T20:57:41.888+0000][31350][gc           ] GC(151) Pause Final Mark (unload classes) 1.139ms
[2020-08-24T20:57:41.888+0000][31350][safepoint    ] Safepoint "ShenandoahFinalMarkStartEvac", Time since last: 21796585 ns, Reaching safepoint: 246385 ns, At safepoint: 1192783 ns, Total: 1439168 ns
[2020-08-24T20:57:41.888+0000][31350][gc,start     ] GC(151) Concurrent roots processing
[2020-08-24T20:57:41.888+0000][31350][gc,task      ] GC(151) Using 3 of 6 workers for concurrent root processing
[2020-08-24T20:57:41.900+0000][31350][gc           ] GC(151) Concurrent roots processing 446M->466M(4096M) 12.570ms
[2020-08-24T20:57:41.900+0000][31350][gc,start     ] GC(151) Concurrent cleanup
[2020-08-24T20:57:41.901+0000][31350][gc           ] GC(151) Concurrent cleanup 466M->114M(4096M) 0.248ms
[2020-08-24T20:57:41.901+0000][31350][gc,ergo      ] GC(151) Free: 3776M (1891 regions), Max regular: 2048K, Max humongous: 3404M, External frag: 10%, Internal frag: 0%
[2020-08-24T20:57:41.901+0000][31350][gc,ergo      ] GC(151) Evacuation Reserve: 204M (103 regions), Max regular: 2048K
[2020-08-24T20:57:41.901+0000][31350][gc,start     ] GC(151) Concurrent evacuation
[2020-08-24T20:57:41.901+0000][31350][gc,task      ] GC(151) Using 3 of 6 workers for concurrent evacuation
[2020-08-24T20:57:41.901+0000][31350][gc           ] GC(151) Concurrent evacuation 114M->116M(4096M) 0.382ms
[2020-08-24T20:57:41.901+0000][31350][gc,start     ] GC(151) Pause Init Update Refs
[2020-08-24T20:57:41.901+0000][31350][gc           ] GC(151) Pause Init Update Refs 0.040ms
[2020-08-24T20:57:41.901+0000][31350][safepoint    ] Safepoint "ShenandoahInitUpdateRefs", Time since last: 13478150 ns, Reaching safepoint: 167466 ns, At safepoint: 61160 ns, Total: 228626 ns
[2020-08-24T20:57:41.901+0000][31350][gc,start     ] GC(151) Concurrent update references
[2020-08-24T20:57:41.901+0000][31350][gc,task      ] GC(151) Using 3 of 6 workers for concurrent reference update
[2020-08-24T20:57:41.907+0000][31350][gc           ] GC(151) Concurrent update references 118M->134M(4096M) 5.753ms
[2020-08-24T20:57:41.907+0000][31350][gc,start     ] GC(151) Pause Final Update Refs
[2020-08-24T20:57:41.907+0000][31350][gc,task      ] GC(151) Using 6 of 6 workers for final reference update
[2020-08-24T20:57:41.908+0000][31350][gc           ] GC(151) Pause Final Update Refs 0.138ms
[2020-08-24T20:57:41.908+0000][31350][safepoint    ] Safepoint "ShenandoahFinalUpdateRefs", Time since last: 5953995 ns, Reaching safepoint: 85077 ns, At safepoint: 153130 ns, Total: 238207 ns
[2020-08-24T20:57:41.908+0000][31350][gc,start     ] GC(151) Concurrent cleanup
[2020-08-24T20:57:41.908+0000][31350][gc           ] GC(151) Concurrent cleanup 134M->74M(4096M) 0.165ms
[2020-08-24T20:57:41.908+0000][31350][gc,ergo      ] Free: 3815M (1912 regions), Max regular: 2048K, Max humongous: 3404M, External frag: 11%, Internal frag: 0%
[2020-08-24T20:57:41.908+0000][31350][gc,ergo      ] Evacuation Reserve: 206M (103 regions), Max regular: 2048K
[2020-08-24T20:57:42.908+0000][31350][safepoint    ] Safepoint "Cleanup", Time since last: 1000140882 ns, Reaching safepoint: 220424 ns, At safepoint: 21968 ns, Total: 242392 ns
[2020-08-24T20:57:43.909+0000][31350][safepoint    ] Safepoint "Cleanup", Time since last: 1000192285 ns, Reaching safepoint: 334873 ns, At safepoint: 27354 ns, Total: 362227 ns
[2020-08-24T20:57:44.809+0000][31350][gc           ] Trigger: Allocated since last cycle (409M) is larger than allocation threshold (409M)
[2020-08-24T20:57:44.809+0000][31350][gc,ergo      ] Free: 3459M (1734 regions), Max regular: 2048K, Max humongous: 3404M, External frag: 2%, Internal frag: 0%
[2020-08-24T20:57:44.809+0000][31350][gc,ergo      ] Evacuation Reserve: 206M (103 regions), Max regular: 2048K
[2020-08-24T20:57:44.810+0000][31350][gc,start     ] GC(152) Concurrent reset
[2020-08-24T20:57:44.810+0000][31350][gc,task      ] GC(152) Using 3 of 6 workers for concurrent reset
[2020-08-24T20:57:44.810+0000][31350][gc           ] GC(152) Concurrent reset 430M->430M(4096M) 0.199ms
[2020-08-24T20:57:44.810+0000][31350][gc,start     ] GC(152) Pause Init Mark (unload classes)
[2020-08-24T20:57:44.810+0000][31350][gc,task      ] GC(152) Using 6 of 6 workers for init marking
[2020-08-24T20:57:44.810+0000][31350][gc           ] GC(152) Pause Init Mark (unload classes) 0.462ms
[2020-08-24T20:57:44.810+0000][31350][safepoint    ] Safepoint "ShenandoahInitMark", Time since last: 901214631 ns, Reaching safepoint: 90231 ns, At safepoint: 481158 ns, Total: 571389 ns
[2020-08-24T20:57:44.810+0000][31350][gc,start     ] GC(152) Concurrent marking (unload classes)
[2020-08-24T20:57:44.810+0000][31350][gc,task      ] GC(152) Using 3 of 6 workers for concurrent marking
[2020-08-24T20:57:44.821+0000][31350][gc           ] GC(152) Concurrent marking (unload classes) 430M->446M(4096M) 10.204ms
[2020-08-24T20:57:44.821+0000][31350][gc,start     ] GC(152) Pause Final Mark (unload classes)
[2020-08-24T20:57:44.821+0000][31350][gc,task      ] GC(152) Using 6 of 6 workers for final marking
[2020-08-24T20:57:44.821+0000][31350][gc,ergo      ] GC(152) CSet Selection. Actual Free: 3991M, Max CSet: 2993M
[2020-08-24T20:57:44.821+0000][31350][gc,ergo      ] GC(152) Collectable Garbage: 47745K (11% of total), 1020K CSet, 24 CSet regions
[2020-08-24T20:57:44.821+0000][31350][gc,ergo      ] GC(152) Immediate Garbage: 363M (88% of total), 182 regions
[2020-08-24T20:57:44.821+0000][31350][gc           ] GC(152) Pause Final Mark (unload classes) 0.606ms
[2020-08-24T20:57:44.821+0000][31350][safepoint    ] Safepoint "ShenandoahFinalMarkStartEvac", Time since last: 10366219 ns, Reaching safepoint: 149720 ns, At safepoint: 620580 ns, Total: 770300 ns
[2020-08-24T20:57:44.821+0000][31350][gc,start     ] GC(152) Concurrent roots processing
[2020-08-24T20:57:44.821+0000][31350][gc,task      ] GC(152) Using 3 of 6 workers for concurrent root processing
[2020-08-24T20:57:44.830+0000][31350][gc           ] GC(152) Concurrent roots processing 446M->462M(4096M) 8.308ms
[2020-08-24T20:57:44.830+0000][31350][gc,start     ] GC(152) Concurrent cleanup
[2020-08-24T20:57:44.830+0000][31350][gc           ] GC(152) Concurrent cleanup 462M->98M(4096M) 0.163ms
[2020-08-24T20:57:44.830+0000][31350][gc,ergo      ] GC(152) Free: 3792M (1898 regions), Max regular: 2048K, Max humongous: 3410M, External frag: 11%, Internal frag: 0%
[2020-08-24T20:57:44.830+0000][31350][gc,ergo      ] GC(152) Evacuation Reserve: 204M (103 regions), Max regular: 2048K
[2020-08-24T20:57:44.830+0000][31350][gc,start     ] GC(152) Concurrent evacuation
[2020-08-24T20:57:44.830+0000][31350][gc,task      ] GC(152) Using 3 of 6 workers for concurrent evacuation
[2020-08-24T20:57:44.830+0000][31350][gc           ] GC(152) Concurrent evacuation 98M->98M(4096M) 0.272ms
[2020-08-24T20:57:44.831+0000][31350][gc,start     ] GC(152) Pause Init Update Refs
[2020-08-24T20:57:44.831+0000][31350][gc           ] GC(152) Pause Init Update Refs 0.037ms
[2020-08-24T20:57:44.831+0000][31350][safepoint    ] Safepoint "ShenandoahInitUpdateRefs", Time since last: 8906273 ns, Reaching safepoint: 188727 ns, At safepoint: 53192 ns, Total: 241919 ns
[2020-08-24T20:57:44.831+0000][31350][gc,start     ] GC(152) Concurrent update references
[2020-08-24T20:57:44.831+0000][31350][gc,task      ] GC(152) Using 3 of 6 workers for concurrent reference update
[2020-08-24T20:57:44.835+0000][31350][gc           ] GC(152) Concurrent update references 100M->112M(4096M) 4.552ms
[2020-08-24T20:57:44.835+0000][31350][gc,start     ] GC(152) Pause Final Update Refs
[2020-08-24T20:57:44.835+0000][31350][gc,task      ] GC(152) Using 6 of 6 workers for final reference update
[2020-08-24T20:57:44.835+0000][31350][gc           ] GC(152) Pause Final Update Refs 0.138ms
[2020-08-24T20:57:44.835+0000][31350][safepoint    ] Safepoint "ShenandoahFinalUpdateRefs", Time since last: 4663510 ns, Reaching safepoint: 82595 ns, At safepoint: 156246 ns, Total: 238841 ns
[2020-08-24T20:57:44.836+0000][31350][gc,start     ] GC(152) Concurrent cleanup
[2020-08-24T20:57:44.836+0000][31350][gc           ] GC(152) Concurrent cleanup 112M->66M(4096M) 0.154ms
[2020-08-24T20:57:44.836+0000][31350][gc,ergo      ] Free: 3823M (1915 regions), Max regular: 2048K, Max humongous: 3438M, External frag: 11%, Internal frag: 0%
[2020-08-24T20:57:44.836+0000][31350][gc,ergo      ] Evacuation Reserve: 206M (103 regions), Max regular: 2048K
[2020-08-24T20:57:45.836+0000][31350][safepoint    ] Safepoint "Cleanup", Time since last: 1000142545 ns, Reaching safepoint: 286309 ns, At safepoint: 13644 ns, Total: 299953 ns
[2020-08-24T20:57:46.837+0000][31350][safepoint    ] Safepoint "Cleanup", Time since last: 1000202436 ns, Reaching safepoint: 347201 ns, At safepoint: 24484 ns, Total: 371685 ns
[2020-08-24T20:57:47.837+0000][31350][safepoint    ] Safepoint "Cleanup", Time since last: 1000159951 ns, Reaching safepoint: 231148 ns, At safepoint: 32321 ns, Total: 263469 ns
[2020-08-24T20:57:47.923+0000][31350][gc           ] Trigger: Allocated since last cycle (410M) is larger than allocation threshold (409M)
[2020-08-24T20:57:47.923+0000][31350][gc,ergo      ] Free: 3459M (1733 regions), Max regular: 2048K, Max humongous: 3438M, External frag: 1%, Internal frag: 0%
[2020-08-24T20:57:47.923+0000][31350][gc,ergo      ] Evacuation Reserve: 206M (103 regions), Max regular: 2048K
[2020-08-24T20:57:47.923+0000][31350][gc,start     ] GC(153) Concurrent reset
[2020-08-24T20:57:47.924+0000][31350][gc,task      ] GC(153) Using 3 of 6 workers for concurrent reset
[2020-08-24T20:57:47.924+0000][31350][gc           ] GC(153) Concurrent reset 430M->430M(4096M) 0.500ms
[2020-08-24T20:57:47.924+0000][31350][gc,start     ] GC(153) Pause Init Mark (unload classes)
[2020-08-24T20:57:47.925+0000][31350][gc,task      ] GC(153) Using 6 of 6 workers for init marking
[2020-08-24T20:57:47.926+0000][31350][gc           ] GC(153) Pause Init Mark (unload classes) 1.188ms
[2020-08-24T20:57:47.926+0000][31350][safepoint    ] Safepoint "ShenandoahInitMark", Time since last: 87206384 ns, Reaching safepoint: 326518 ns, At safepoint: 1292366 ns, Total: 1618884 ns
[2020-08-24T20:57:47.926+0000][31350][gc,start     ] GC(153) Concurrent marking (unload classes)
[2020-08-24T20:57:47.926+0000][31350][gc,task      ] GC(153) Using 3 of 6 workers for concurrent marking
[2020-08-24T20:57:47.952+0000][31350][gc           ] GC(153) Concurrent marking (unload classes) 432M->446M(4096M) 26.147ms
[2020-08-24T20:57:47.952+0000][31350][gc,start     ] GC(153) Pause Final Mark (unload classes)
[2020-08-24T20:57:47.952+0000][31350][gc,task      ] GC(153) Using 6 of 6 workers for final marking
[2020-08-24T20:57:47.953+0000][31350][gc,ergo      ] GC(153) CSet Selection. Actual Free: 3994M, Max CSet: 2995M
[2020-08-24T20:57:47.953+0000][31350][gc,ergo      ] GC(153) Collectable Garbage: 45621K (10% of total), 1030K CSet, 23 CSet regions
[2020-08-24T20:57:47.953+0000][31350][gc,ergo      ] GC(153) Immediate Garbage: 366M (88% of total), 183 regions
[2020-08-24T20:57:47.954+0000][31350][gc           ] GC(153) Pause Final Mark (unload classes) 1.340ms
[2020-08-24T20:57:47.954+0000][31350][safepoint    ] Safepoint "ShenandoahFinalMarkStartEvac", Time since last: 26350286 ns, Reaching safepoint: 247860 ns, At safepoint: 1388726 ns, Total: 1636586 ns
[2020-08-24T20:57:47.954+0000][31350][gc,start     ] GC(153) Concurrent roots processing
[2020-08-24T20:57:48.023+0000][31350][gc,task      ] GC(153) Using 3 of 6 workers for concurrent root processing
[2020-08-24T20:57:48.032+0000][31350][gc           ] GC(153) Concurrent roots processing 448M->498M(4096M) 77.987ms
[2020-08-24T20:57:48.032+0000][31350][gc,start     ] GC(153) Concurrent cleanup
[2020-08-24T20:57:48.032+0000][31350][gc           ] GC(153) Concurrent cleanup 498M->132M(4096M) 0.151ms
[2020-08-24T20:57:48.032+0000][31350][gc,ergo      ] GC(153) Free: 3758M (1882 regions), Max regular: 2048K, Max humongous: 3372M, External frag: 11%, Internal frag: 0%
[2020-08-24T20:57:48.032+0000][31350][gc,ergo      ] GC(153) Evacuation Reserve: 204M (103 regions), Max regular: 2048K
[2020-08-24T20:57:48.032+0000][31350][gc,start     ] GC(153) Concurrent evacuation
[2020-08-24T20:57:48.032+0000][31350][gc,task      ] GC(153) Using 3 of 6 workers for concurrent evacuation
[2020-08-24T20:57:48.032+0000][31350][gc           ] GC(153) Concurrent evacuation 132M->132M(4096M) 0.192ms
[2020-08-24T20:57:48.032+0000][31350][gc,start     ] GC(153) Pause Init Update Refs
[2020-08-24T20:57:48.032+0000][31350][gc           ] GC(153) Pause Init Update Refs 0.035ms
[2020-08-24T20:57:48.032+0000][31350][safepoint    ] Safepoint "ShenandoahInitUpdateRefs", Time since last: 78495111 ns, Reaching safepoint: 168374 ns, At safepoint: 50443 ns, Total: 218817 ns
[2020-08-24T20:57:48.032+0000][31350][gc,start     ] GC(153) Concurrent update references
[2020-08-24T20:57:48.032+0000][31350][gc,task      ] GC(153) Using 3 of 6 workers for concurrent reference update
[2020-08-24T20:57:48.039+0000][31350][gc           ] GC(153) Concurrent update references 134M->150M(4096M) 6.635ms
[2020-08-24T20:57:48.039+0000][31350][gc,start     ] GC(153) Pause Final Update Refs
[2020-08-24T20:57:48.039+0000][31350][gc,task      ] GC(153) Using 6 of 6 workers for final reference update
[2020-08-24T20:57:48.039+0000][31350][gc           ] GC(153) Pause Final Update Refs 0.101ms
[2020-08-24T20:57:48.039+0000][31350][safepoint    ] Safepoint "ShenandoahFinalUpdateRefs", Time since last: 6704448 ns, Reaching safepoint: 75026 ns, At safepoint: 116434 ns, Total: 191460 ns
[2020-08-24T20:57:48.039+0000][31350][gc,start     ] GC(153) Concurrent cleanup
[2020-08-24T20:57:48.039+0000][31350][gc           ] GC(153) Concurrent cleanup 150M->104M(4096M) 0.102ms
[2020-08-24T20:57:48.039+0000][31350][gc,ergo      ] Free: 3785M (1897 regions), Max regular: 2048K, Max humongous: 3372M, External frag: 11%, Internal frag: 0%
[2020-08-24T20:57:48.040+0000][31350][gc,ergo      ] Evacuation Reserve: 206M (103 regions), Max regular: 2048K
[2020-08-24T20:57:49.040+0000][31350][safepoint    ] Safepoint "Cleanup", Time since last: 1000139178 ns, Reaching safepoint: 151155 ns, At safepoint: 24184 ns, Total: 175339 ns
[2020-08-24T20:57:50.040+0000][31350][safepoint    ] Safepoint "Cleanup", Time since last: 1000188664 ns, Reaching safepoint: 251235 ns, At safepoint: 13838 ns, Total: 265073 ns
[2020-08-24T20:57:50.820+0000][31350][gc           ] Trigger: Allocated since last cycle (409M) is larger than allocation threshold (409M)
[2020-08-24T20:57:50.820+0000][31350][gc,ergo      ] Free: 3459M (1734 regions), Max regular: 2048K, Max humongous: 3372M, External frag: 3%, Internal frag: 0%
[2020-08-24T20:57:50.820+0000][31350][gc,ergo      ] Evacuation Reserve: 206M (103 regions), Max regular: 2048K
[2020-08-24T20:57:50.820+0000][31350][gc,start     ] GC(154) Concurrent reset
[2020-08-24T20:57:50.820+0000][31350][gc,task      ] GC(154) Using 3 of 6 workers for concurrent reset
[2020-08-24T20:57:50.820+0000][31350][gc           ] GC(154) Concurrent reset 430M->430M(4096M) 0.117ms
[2020-08-24T20:57:50.820+0000][31350][gc,start     ] GC(154) Pause Init Mark (unload classes)
[2020-08-24T20:57:50.820+0000][31350][gc,task      ] GC(154) Using 6 of 6 workers for init marking
[2020-08-24T20:57:50.820+0000][31350][gc           ] GC(154) Pause Init Mark (unload classes) 0.286ms
[2020-08-24T20:57:50.820+0000][31350][safepoint    ] Safepoint "ShenandoahInitMark", Time since last: 779638607 ns, Reaching safepoint: 110834 ns, At safepoint: 300972 ns, Total: 411806 ns
[2020-08-24T20:57:50.820+0000][31350][gc,start     ] GC(154) Concurrent marking (unload classes)
[2020-08-24T20:57:50.820+0000][31350][gc,task      ] GC(154) Using 3 of 6 workers for concurrent marking
[2020-08-24T20:57:50.827+0000][31350][gc           ] GC(154) Concurrent marking (unload classes) 430M->448M(4096M) 6.334ms
[2020-08-24T20:57:50.827+0000][31350][gc,start     ] GC(154) Pause Final Mark (unload classes)
[2020-08-24T20:57:50.827+0000][31350][gc,task      ] GC(154) Using 6 of 6 workers for final marking
[2020-08-24T20:57:50.827+0000][31350][gc,ergo      ] GC(154) CSet Selection. Actual Free: 3983M, Max CSet: 2987M
[2020-08-24T20:57:50.827+0000][31350][gc,ergo      ] GC(154) Collectable Garbage: 53892K (12% of total), 1022K CSet, 27 CSet regions
[2020-08-24T20:57:50.827+0000][31350][gc,ergo      ] GC(154) Immediate Garbage: 357M (86% of total), 179 regions
[2020-08-24T20:57:50.827+0000][31350][gc           ] GC(154) Pause Final Mark (unload classes) 0.693ms
[2020-08-24T20:57:50.827+0000][31350][safepoint    ] Safepoint "ShenandoahFinalMarkStartEvac", Time since last: 6441196 ns, Reaching safepoint: 111241 ns, At safepoint: 708992 ns, Total: 820233 ns
[2020-08-24T20:57:50.827+0000][31350][gc,start     ] GC(154) Concurrent roots processing
[2020-08-24T20:57:50.827+0000][31350][gc,task      ] GC(154) Using 3 of 6 workers for concurrent root processing
[2020-08-24T20:57:50.835+0000][31350][gc           ] GC(154) Concurrent roots processing 448M->468M(4096M) 7.946ms
[2020-08-24T20:57:50.835+0000][31350][gc,start     ] GC(154) Concurrent cleanup
[2020-08-24T20:57:50.836+0000][31350][gc           ] GC(154) Concurrent cleanup 468M->110M(4096M) 0.228ms
[2020-08-24T20:57:50.836+0000][31350][gc,ergo      ] GC(154) Free: 3780M (1893 regions), Max regular: 2048K, Max humongous: 3418M, External frag: 10%, Internal frag: 0%
[2020-08-24T20:57:50.836+0000][31350][gc,ergo      ] GC(154) Evacuation Reserve: 204M (103 regions), Max regular: 2048K
[2020-08-24T20:57:50.836+0000][31350][gc,start     ] GC(154) Concurrent evacuation
[2020-08-24T20:57:50.836+0000][31350][gc,task      ] GC(154) Using 3 of 6 workers for concurrent evacuation
[2020-08-24T20:57:50.836+0000][31350][gc           ] GC(154) Concurrent evacuation 110M->110M(4096M) 0.180ms
[2020-08-24T20:57:50.836+0000][31350][gc,start     ] GC(154) Pause Init Update Refs
[2020-08-24T20:57:50.836+0000][31350][gc           ] GC(154) Pause Init Update Refs 0.028ms
[2020-08-24T20:57:50.836+0000][31350][safepoint    ] Safepoint "ShenandoahInitUpdateRefs", Time since last: 8524036 ns, Reaching safepoint: 114099 ns, At safepoint: 42017 ns, Total: 156116 ns
[2020-08-24T20:57:50.836+0000][31350][gc,start     ] GC(154) Concurrent update references
[2020-08-24T20:57:50.836+0000][31350][gc,task      ] GC(154) Using 3 of 6 workers for concurrent reference update
[2020-08-24T20:57:50.840+0000][31350][gc           ] GC(154) Concurrent update references 114M->124M(4096M) 4.287ms
[2020-08-24T20:57:50.841+0000][31350][gc,start     ] GC(154) Pause Final Update Refs
[2020-08-24T20:57:50.841+0000][31350][gc,task      ] GC(154) Using 6 of 6 workers for final reference update
[2020-08-24T20:57:50.841+0000][31350][gc           ] GC(154) Pause Final Update Refs 0.100ms
[2020-08-24T20:57:50.841+0000][31350][safepoint    ] Safepoint "ShenandoahFinalUpdateRefs", Time since last: 4385094 ns, Reaching safepoint: 106294 ns, At safepoint: 114605 ns, Total: 220899 ns
[2020-08-24T20:57:50.841+0000][31350][gc,start     ] GC(154) Concurrent cleanup
[2020-08-24T20:57:50.841+0000][31350][gc           ] GC(154) Concurrent cleanup 124M->70M(4096M) 0.123ms
[2020-08-24T20:57:50.841+0000][31350][gc,ergo      ] Free: 3819M (1914 regions), Max regular: 2048K, Max humongous: 3468M, External frag: 10%, Internal frag: 0%
[2020-08-24T20:57:50.841+0000][31350][gc,ergo      ] Evacuation Reserve: 206M (103 regions), Max regular: 2048K
[2020-08-24T20:57:51.841+0000][31350][safepoint    ] Safepoint "Cleanup", Time since last: 1000106593 ns, Reaching safepoint: 163281 ns, At safepoint: 15654 ns, Total: 178935 ns
[2020-08-24T20:57:52.841+0000][31350][safepoint    ] Safepoint "Cleanup", Time since last: 1000191500 ns, Reaching safepoint: 226699 ns, At safepoint: 19437 ns, Total: 246136 ns
[2020-08-24T20:57:53.842+0000][31350][safepoint    ] Safepoint "Cleanup", Time since last: 1000161656 ns, Reaching safepoint: 144937 ns, At safepoint: 15302 ns, Total: 160239 ns
[2020-08-24T20:57:53.939+0000][31350][gc           ] Trigger: Allocated since last cycle (409M) is larger than allocation threshold (409M)
[2020-08-24T20:57:53.939+0000][31350][gc,ergo      ] Free: 3459M (1733 regions), Max regular: 2048K, Max humongous: 3438M, External frag: 1%, Internal frag: 0%
[2020-08-24T20:57:53.939+0000][31350][gc,ergo      ] Evacuation Reserve: 206M (103 regions), Max regular: 2048K
[2020-08-24T20:57:53.939+0000][31350][gc,start     ] GC(155) Concurrent reset
[2020-08-24T20:57:53.939+0000][31350][gc,task      ] GC(155) Using 3 of 6 workers for concurrent reset
[2020-08-24T20:57:53.940+0000][31350][gc           ] GC(155) Concurrent reset 430M->430M(4096M) 0.529ms
[2020-08-24T20:57:53.940+0000][31350][gc,start     ] GC(155) Pause Init Mark (process weakrefs) (unload classes)
[2020-08-24T20:57:53.940+0000][31350][gc,task      ] GC(155) Using 6 of 6 workers for init marking
[2020-08-24T20:57:53.941+0000][31350][gc           ] GC(155) Pause Init Mark (process weakrefs) (unload classes) 1.168ms
[2020-08-24T20:57:53.941+0000][31350][safepoint    ] Safepoint "ShenandoahInitMark", Time since last: 97961840 ns, Reaching safepoint: 232403 ns, At safepoint: 1261310 ns, Total: 1493713 ns
[2020-08-24T20:57:53.941+0000][31350][gc,start     ] GC(155) Concurrent marking (process weakrefs) (unload classes)
[2020-08-24T20:57:53.941+0000][31350][gc,task      ] GC(155) Using 3 of 6 workers for concurrent marking
[2020-08-24T20:57:53.963+0000][31350][gc           ] GC(155) Concurrent marking (process weakrefs) (unload classes) 430M->448M(4096M) 21.448ms
[2020-08-24T20:57:53.963+0000][31350][gc,start     ] GC(155) Concurrent precleaning
[2020-08-24T20:57:53.963+0000][31350][gc,task      ] GC(155) Using 1 of 6 workers for concurrent preclean
[2020-08-24T20:57:53.964+0000][31350][gc           ] GC(155) Concurrent precleaning 448M->448M(4096M) 0.849ms
[2020-08-24T20:57:53.964+0000][31350][gc,start     ] GC(155) Pause Final Mark (process weakrefs) (unload classes)
[2020-08-24T20:57:53.964+0000][31350][gc,task      ] GC(155) Using 6 of 6 workers for final marking
[2020-08-24T20:57:53.965+0000][31350][gc,ergo      ] GC(155) CSet Selection. Actual Free: 3976M, Max CSet: 2982M
[2020-08-24T20:57:53.965+0000][31350][gc,ergo      ] GC(155) Collectable Garbage: 62051K (14% of total), 995K CSet, 31 CSet regions
[2020-08-24T20:57:53.965+0000][31350][gc,ergo      ] GC(155) Immediate Garbage: 350M (84% of total), 175 regions
[2020-08-24T20:57:53.966+0000][31350][gc           ] GC(155) Pause Final Mark (process weakrefs) (unload classes) 1.664ms
[2020-08-24T20:57:53.966+0000][31350][safepoint    ] Safepoint "ShenandoahFinalMarkStartEvac", Time since last: 22600587 ns, Reaching safepoint: 213549 ns, At safepoint: 1723064 ns, Total: 1936613 ns
[2020-08-24T20:57:53.966+0000][31350][gc,start     ] GC(155) Concurrent roots processing
[2020-08-24T20:57:53.966+0000][31350][gc,task      ] GC(155) Using 3 of 6 workers for concurrent root processing
[2020-08-24T20:57:53.978+0000][31350][gc           ] GC(155) Concurrent roots processing 448M->468M(4096M) 11.765ms
[2020-08-24T20:57:53.978+0000][31350][gc,start     ] GC(155) Concurrent cleanup
[2020-08-24T20:57:53.978+0000][31350][gc           ] GC(155) Concurrent cleanup 468M->118M(4096M) 0.212ms
[2020-08-24T20:57:53.978+0000][31350][gc,ergo      ] GC(155) Free: 3772M (1889 regions), Max regular: 2048K, Max humongous: 3402M, External frag: 10%, Internal frag: 0%
[2020-08-24T20:57:53.978+0000][31350][gc,ergo      ] GC(155) Evacuation Reserve: 204M (103 regions), Max regular: 2048K
[2020-08-24T20:57:53.978+0000][31350][gc,start     ] GC(155) Concurrent evacuation
[2020-08-24T20:57:53.978+0000][31350][gc,task      ] GC(155) Using 3 of 6 workers for concurrent evacuation
[2020-08-24T20:57:53.978+0000][31350][gc           ] GC(155) Concurrent evacuation 118M->118M(4096M) 0.307ms
[2020-08-24T20:57:53.978+0000][31350][gc,start     ] GC(155) Pause Init Update Refs
[2020-08-24T20:57:53.978+0000][31350][gc           ] GC(155) Pause Init Update Refs 0.043ms
[2020-08-24T20:57:53.978+0000][31350][safepoint    ] Safepoint "ShenandoahInitUpdateRefs", Time since last: 12516419 ns, Reaching safepoint: 150188 ns, At safepoint: 67066 ns, Total: 217254 ns
[2020-08-24T20:57:53.979+0000][31350][gc,start     ] GC(155) Concurrent update references
[2020-08-24T20:57:53.979+0000][31350][gc,task      ] GC(155) Using 3 of 6 workers for concurrent reference update
[2020-08-24T20:57:53.985+0000][31350][gc           ] GC(155) Concurrent update references 120M->136M(4096M) 6.064ms
[2020-08-24T20:57:53.985+0000][31350][gc,start     ] GC(155) Pause Final Update Refs
[2020-08-24T20:57:53.985+0000][31350][gc,task      ] GC(155) Using 6 of 6 workers for final reference update
[2020-08-24T20:57:53.985+0000][31350][gc           ] GC(155) Pause Final Update Refs 0.135ms
[2020-08-24T20:57:53.985+0000][31350][safepoint    ] Safepoint "ShenandoahFinalUpdateRefs", Time since last: 6151291 ns, Reaching safepoint: 136016 ns, At safepoint: 147522 ns, Total: 283538 ns
[2020-08-24T20:57:53.985+0000][31350][gc,start     ] GC(155) Concurrent cleanup
[2020-08-24T20:57:53.985+0000][31350][gc           ] GC(155) Concurrent cleanup 136M->74M(4096M) 0.178ms
[2020-08-24T20:57:53.985+0000][31350][gc,ergo      ] Free: 3815M (1912 regions), Max regular: 2048K, Max humongous: 3402M, External frag: 11%, Internal frag: 0%
[2020-08-24T20:57:53.985+0000][31350][gc,ergo      ] Evacuation Reserve: 206M (103 regions), Max regular: 2048K
[2020-08-24T20:57:54.985+0000][31350][safepoint    ] Safepoint "Cleanup", Time since last: 1000130827 ns, Reaching safepoint: 240396 ns, At safepoint: 19957 ns, Total: 260353 ns
[2020-08-24T20:57:55.986+0000][31350][safepoint    ] Safepoint "Cleanup", Time since last: 1000163627 ns, Reaching safepoint: 255711 ns, At safepoint: 23753 ns, Total: 279464 ns
[2020-08-24T20:57:56.911+0000][31350][gc           ] Trigger: Allocated since last cycle (410M) is larger than allocation threshold (409M)
[2020-08-24T20:57:56.911+0000][31350][gc,ergo      ] Free: 3459M (1734 regions), Max regular: 2048K, Max humongous: 3402M, External frag: 2%, Internal frag: 0%
[2020-08-24T20:57:56.911+0000][31350][gc,ergo      ] Evacuation Reserve: 206M (103 regions), Max regular: 2048K
[2020-08-24T20:57:56.911+0000][31350][gc,start     ] GC(156) Concurrent reset
[2020-08-24T20:57:56.911+0000][31350][gc,task      ] GC(156) Using 3 of 6 workers for concurrent reset
[2020-08-24T20:57:56.912+0000][31350][gc           ] GC(156) Concurrent reset 430M->430M(4096M) 0.443ms
[2020-08-24T20:57:56.912+0000][31350][gc,start     ] GC(156) Pause Init Mark (unload classes)
[2020-08-24T20:57:56.912+0000][31350][gc,task      ] GC(156) Using 6 of 6 workers for init marking
[2020-08-24T20:57:56.913+0000][31350][gc           ] GC(156) Pause Init Mark (unload classes) 1.141ms
[2020-08-24T20:57:56.913+0000][31350][safepoint    ] Safepoint "ShenandoahInitMark", Time since last: 926010222 ns, Reaching safepoint: 232108 ns, At safepoint: 1236037 ns, Total: 1468145 ns
[2020-08-24T20:57:56.913+0000][31350][gc,start     ] GC(156) Concurrent marking (unload classes)
[2020-08-24T20:57:56.913+0000][31350][gc,task      ] GC(156) Using 3 of 6 workers for concurrent marking
[2020-08-24T20:57:56.933+0000][31350][gc           ] GC(156) Concurrent marking (unload classes) 430M->444M(4096M) 19.552ms
[2020-08-24T20:57:56.933+0000][31350][gc,start     ] GC(156) Pause Final Mark (unload classes)
[2020-08-24T20:57:56.933+0000][31350][gc,task      ] GC(156) Using 6 of 6 workers for final marking
[2020-08-24T20:57:56.934+0000][31350][gc,ergo      ] GC(156) CSet Selection. Actual Free: 3985M, Max CSet: 2989M
[2020-08-24T20:57:56.934+0000][31350][gc,ergo      ] GC(156) Collectable Garbage: 55848K (13% of total), 1009K CSet, 28 CSet regions
[2020-08-24T20:57:56.934+0000][31350][gc,ergo      ] GC(156) Immediate Garbage: 355M (86% of total), 178 regions
[2020-08-24T20:57:56.934+0000][31350][gc           ] GC(156) Pause Final Mark (unload classes) 0.998ms
[2020-08-24T20:57:56.934+0000][31350][safepoint    ] Safepoint "ShenandoahFinalMarkStartEvac", Time since last: 19734626 ns, Reaching safepoint: 192549 ns, At safepoint: 1049374 ns, Total: 1241923 ns
[2020-08-24T20:57:56.934+0000][31350][gc,start     ] GC(156) Concurrent roots processing
[2020-08-24T20:57:56.934+0000][31350][gc,task      ] GC(156) Using 3 of 6 workers for concurrent root processing
[2020-08-24T20:57:56.946+0000][31350][gc           ] GC(156) Concurrent roots processing 444M->462M(4096M) 11.372ms
[2020-08-24T20:57:56.946+0000][31350][gc,start     ] GC(156) Concurrent cleanup
[2020-08-24T20:57:56.946+0000][31350][gc           ] GC(156) Concurrent cleanup 462M->108M(4096M) 0.199ms
[2020-08-24T20:57:56.946+0000][31350][gc,ergo      ] GC(156) Free: 3782M (1894 regions), Max regular: 2048K, Max humongous: 3402M, External frag: 11%, Internal frag: 0%
[2020-08-24T20:57:56.946+0000][31350][gc,ergo      ] GC(156) Evacuation Reserve: 204M (103 regions), Max regular: 2048K
[2020-08-24T20:57:56.946+0000][31350][gc,start     ] GC(156) Concurrent evacuation
[2020-08-24T20:57:56.946+0000][31350][gc,task      ] GC(156) Using 3 of 6 workers for concurrent evacuation
[2020-08-24T20:57:56.946+0000][31350][gc           ] GC(156) Concurrent evacuation 108M->108M(4096M) 0.308ms
[2020-08-24T20:57:56.946+0000][31350][gc,start     ] GC(156) Pause Init Update Refs
[2020-08-24T20:57:56.946+0000][31350][gc           ] GC(156) Pause Init Update Refs 0.038ms
[2020-08-24T20:57:56.946+0000][31350][safepoint    ] Safepoint "ShenandoahInitUpdateRefs", Time since last: 12103994 ns, Reaching safepoint: 99500 ns, At safepoint: 59143 ns, Total: 158643 ns
[2020-08-24T20:57:56.947+0000][31350][gc,start     ] GC(156) Concurrent update references
[2020-08-24T20:57:56.947+0000][31350][gc,task      ] GC(156) Using 3 of 6 workers for concurrent reference update
[2020-08-24T20:57:56.951+0000][31350][gc           ] GC(156) Concurrent update references 112M->124M(4096M) 4.699ms
[2020-08-24T20:57:56.951+0000][31350][gc,start     ] GC(156) Pause Final Update Refs
[2020-08-24T20:57:56.951+0000][31350][gc,task      ] GC(156) Using 6 of 6 workers for final reference update
[2020-08-24T20:57:56.951+0000][31350][gc           ] GC(156) Pause Final Update Refs 0.128ms
[2020-08-24T20:57:56.951+0000][31350][safepoint    ] Safepoint "ShenandoahFinalUpdateRefs", Time since last: 4781950 ns, Reaching safepoint: 33745 ns, At safepoint: 144759 ns, Total: 178504 ns
[2020-08-24T20:57:56.951+0000][31350][gc,start     ] GC(156) Concurrent cleanup
[2020-08-24T20:57:56.952+0000][31350][gc           ] GC(156) Concurrent cleanup 124M->68M(4096M) 0.107ms
[2020-08-24T20:57:56.952+0000][31350][gc,ergo      ] Free: 3821M (1914 regions), Max regular: 2048K, Max humongous: 3442M, External frag: 10%, Internal frag: 0%
[2020-08-24T20:57:56.952+0000][31350][gc,ergo      ] Evacuation Reserve: 206M (103 regions), Max regular: 2048K
[2020-08-24T20:57:57.952+0000][31350][safepoint    ] Safepoint "Cleanup", Time since last: 1000066572 ns, Reaching safepoint: 110433 ns, At safepoint: 3847 ns, Total: 114280 ns
[2020-08-24T20:57:58.952+0000][31350][safepoint    ] Safepoint "Cleanup", Time since last: 1000151926 ns, Reaching safepoint: 222019 ns, At safepoint: 16733 ns, Total: 238752 ns
[2020-08-24T20:57:59.823+0000][31350][gc           ] Trigger: Allocated since last cycle (409M) is larger than allocation threshold (409M)
[2020-08-24T20:57:59.823+0000][31350][gc,ergo      ] Free: 3459M (1733 regions), Max regular: 2048K, Max humongous: 3438M, External frag: 1%, Internal frag: 0%
[2020-08-24T20:57:59.823+0000][31350][gc,ergo      ] Evacuation Reserve: 206M (103 regions), Max regular: 2048K
[2020-08-24T20:57:59.823+0000][31350][gc,start     ] GC(157) Concurrent reset
[2020-08-24T20:57:59.823+0000][31350][gc,task      ] GC(157) Using 3 of 6 workers for concurrent reset
[2020-08-24T20:57:59.823+0000][31350][gc           ] GC(157) Concurrent reset 430M->430M(4096M) 0.128ms
[2020-08-24T20:57:59.823+0000][31350][gc,start     ] GC(157) Pause Init Mark (unload classes)
[2020-08-24T20:57:59.823+0000][31350][gc,task      ] GC(157) Using 6 of 6 workers for init marking
[2020-08-24T20:57:59.824+0000][31350][gc           ] GC(157) Pause Init Mark (unload classes) 0.387ms
[2020-08-24T20:57:59.824+0000][31350][safepoint    ] Safepoint "ShenandoahInitMark", Time since last: 871069509 ns, Reaching safepoint: 88754 ns, At safepoint: 403862 ns, Total: 492616 ns
[2020-08-24T20:57:59.824+0000][31350][gc,start     ] GC(157) Concurrent marking (unload classes)
[2020-08-24T20:57:59.824+0000][31350][gc,task      ] GC(157) Using 3 of 6 workers for concurrent marking
[2020-08-24T20:57:59.830+0000][31350][gc           ] GC(157) Concurrent marking (unload classes) 432M->446M(4096M) 6.702ms
[2020-08-24T20:57:59.830+0000][31350][gc,start     ] GC(157) Pause Final Mark (unload classes)
[2020-08-24T20:57:59.830+0000][31350][gc,task      ] GC(157) Using 6 of 6 workers for final marking
[2020-08-24T20:57:59.831+0000][31350][gc,ergo      ] GC(157) CSet Selection. Actual Free: 3978M, Max CSet: 2983M
[2020-08-24T20:57:59.831+0000][31350][gc,ergo      ] GC(157) Collectable Garbage: 61998K (14% of total), 1027K CSet, 31 CSet regions
[2020-08-24T20:57:59.831+0000][31350][gc,ergo      ] GC(157) Immediate Garbage: 350M (84% of total), 175 regions
[2020-08-24T20:57:59.831+0000][31350][gc           ] GC(157) Pause Final Mark (unload classes) 0.487ms
[2020-08-24T20:57:59.831+0000][31350][safepoint    ] Safepoint "ShenandoahFinalMarkStartEvac", Time since last: 6802348 ns, Reaching safepoint: 85671 ns, At safepoint: 504240 ns, Total: 589911 ns
[2020-08-24T20:57:59.831+0000][31350][gc,start     ] GC(157) Concurrent roots processing
[2020-08-24T20:57:59.831+0000][31350][gc,task      ] GC(157) Using 3 of 6 workers for concurrent root processing
[2020-08-24T20:57:59.839+0000][31350][gc           ] GC(157) Concurrent roots processing 446M->462M(4096M) 7.629ms
[2020-08-24T20:57:59.839+0000][31350][gc,start     ] GC(157) Concurrent cleanup
[2020-08-24T20:57:59.839+0000][31350][gc           ] GC(157) Concurrent cleanup 462M->112M(4096M) 0.168ms
[2020-08-24T20:57:59.839+0000][31350][gc,ergo      ] GC(157) Free: 3778M (1891 regions), Max regular: 2048K, Max humongous: 3406M, External frag: 10%, Internal frag: 0%
[2020-08-24T20:57:59.839+0000][31350][gc,ergo      ] GC(157) Evacuation Reserve: 204M (103 regions), Max regular: 2048K
[2020-08-24T20:57:59.839+0000][31350][gc,start     ] GC(157) Concurrent evacuation
[2020-08-24T20:57:59.839+0000][31350][gc,task      ] GC(157) Using 3 of 6 workers for concurrent evacuation
[2020-08-24T20:57:59.839+0000][31350][gc           ] GC(157) Concurrent evacuation 112M->114M(4096M) 0.252ms
[2020-08-24T20:57:59.839+0000][31350][gc,start     ] GC(157) Pause Init Update Refs
[2020-08-24T20:57:59.839+0000][31350][gc           ] GC(157) Pause Init Update Refs 0.034ms
[2020-08-24T20:57:59.839+0000][31350][safepoint    ] Safepoint "ShenandoahInitUpdateRefs", Time since last: 8176139 ns, Reaching safepoint: 50167 ns, At safepoint: 48385 ns, Total: 98552 ns
[2020-08-24T20:57:59.839+0000][31350][gc,start     ] GC(157) Concurrent update references
[2020-08-24T20:57:59.839+0000][31350][gc,task      ] GC(157) Using 3 of 6 workers for concurrent reference update
[2020-08-24T20:57:59.844+0000][31350][gc           ] GC(157) Concurrent update references 114M->128M(4096M) 4.806ms
[2020-08-24T20:57:59.844+0000][31350][gc,start     ] GC(157) Pause Final Update Refs
[2020-08-24T20:57:59.844+0000][31350][gc,task      ] GC(157) Using 6 of 6 workers for final reference update
[2020-08-24T20:57:59.844+0000][31350][gc           ] GC(157) Pause Final Update Refs 0.124ms
[2020-08-24T20:57:59.844+0000][31350][safepoint    ] Safepoint "ShenandoahFinalUpdateRefs", Time since last: 4859395 ns, Reaching safepoint: 118628 ns, At safepoint: 139864 ns, Total: 258492 ns
[2020-08-24T20:57:59.844+0000][31350][gc,start     ] GC(157) Concurrent cleanup
[2020-08-24T20:57:59.844+0000][31350][gc           ] GC(157) Concurrent cleanup 128M->66M(4096M) 0.116ms
[2020-08-24T20:57:59.845+0000][31350][gc,ergo      ] Free: 3823M (1914 regions), Max regular: 2048K, Max humongous: 3406M, External frag: 11%, Internal frag: 0%
[2020-08-24T20:57:59.845+0000][31350][gc,ergo      ] Evacuation Reserve: 206M (103 regions), Max regular: 2048K
[2020-08-24T20:58:00.845+0000][31350][safepoint    ] Safepoint "Cleanup", Time since last: 1000090833 ns, Reaching safepoint: 206177 ns, At safepoint: 19655 ns, Total: 225832 ns
[2020-08-24T20:58:01.845+0000][31350][safepoint    ] Safepoint "Cleanup", Time since last: 1000160743 ns, Reaching safepoint: 320837 ns, At safepoint: 22170 ns, Total: 343007 ns
[2020-08-24T20:58:02.846+0000][31350][safepoint    ] Safepoint "Cleanup", Time since last: 1000210242 ns, Reaching safepoint: 313346 ns, At safepoint: 25977 ns, Total: 339323 ns
[2020-08-24T20:58:02.968+0000][31350][gc           ] Trigger: Allocated since last cycle (410M) is larger than allocation threshold (409M)
[2020-08-24T20:58:02.968+0000][31350][gc,ergo      ] Free: 3459M (1733 regions), Max regular: 2048K, Max humongous: 3406M, External frag: 2%, Internal frag: 0%
[2020-08-24T20:58:02.968+0000][31350][gc,ergo      ] Evacuation Reserve: 206M (103 regions), Max regular: 2048K
[2020-08-24T20:58:02.968+0000][31350][gc,start     ] GC(158) Concurrent reset
[2020-08-24T20:58:02.968+0000][31350][gc,task      ] GC(158) Using 3 of 6 workers for concurrent reset
[2020-08-24T20:58:02.969+0000][31350][gc           ] GC(158) Concurrent reset 430M->430M(4096M) 0.560ms
[2020-08-24T20:58:02.969+0000][31350][gc,start     ] GC(158) Pause Init Mark (unload classes)
[2020-08-24T20:58:02.969+0000][31350][gc,task      ] GC(158) Using 6 of 6 workers for init marking
[2020-08-24T20:58:02.970+0000][31350][gc           ] GC(158) Pause Init Mark (unload classes) 1.100ms
[2020-08-24T20:58:02.970+0000][31350][safepoint    ] Safepoint "ShenandoahInitMark", Time since last: 122956260 ns, Reaching safepoint: 288286 ns, At safepoint: 1180003 ns, Total: 1468289 ns
[2020-08-24T20:58:02.970+0000][31350][gc,start     ] GC(158) Concurrent marking (unload classes)
[2020-08-24T20:58:02.970+0000][31350][gc,task      ] GC(158) Using 3 of 6 workers for concurrent marking
[2020-08-24T20:58:02.994+0000][31350][gc           ] GC(158) Concurrent marking (unload classes) 432M->452M(4096M) 23.318ms
[2020-08-24T20:58:02.994+0000][31350][gc,start     ] GC(158) Pause Final Mark (unload classes)
[2020-08-24T20:58:02.994+0000][31350][gc,task      ] GC(158) Using 6 of 6 workers for final marking
[2020-08-24T20:58:02.995+0000][31350][gc,ergo      ] GC(158) CSet Selection. Actual Free: 3980M, Max CSet: 2985M
[2020-08-24T20:58:02.995+0000][31350][gc,ergo      ] GC(158) Collectable Garbage: 53817K (12% of total), 1041K CSet, 27 CSet regions
[2020-08-24T20:58:02.995+0000][31350][gc,ergo      ] GC(158) Immediate Garbage: 358M (86% of total), 179 regions
[2020-08-24T20:58:02.995+0000][31350][gc           ] GC(158) Pause Final Mark (unload classes) 1.193ms
[2020-08-24T20:58:02.995+0000][31350][safepoint    ] Safepoint "ShenandoahFinalMarkStartEvac", Time since last: 23532060 ns, Reaching safepoint: 239901 ns, At safepoint: 1229379 ns, Total: 1469280 ns
[2020-08-24T20:58:02.995+0000][31350][gc,start     ] GC(158) Concurrent roots processing
[2020-08-24T20:58:02.995+0000][31350][gc,task      ] GC(158) Using 3 of 6 workers for concurrent root processing
[2020-08-24T20:58:03.007+0000][31350][gc           ] GC(158) Concurrent roots processing 452M->472M(4096M) 11.833ms
[2020-08-24T20:58:03.007+0000][31350][gc,start     ] GC(158) Concurrent cleanup
[2020-08-24T20:58:03.007+0000][31350][gc           ] GC(158) Concurrent cleanup 472M->114M(4096M) 0.207ms
[2020-08-24T20:58:03.007+0000][31350][gc,ergo      ] GC(158) Free: 3776M (1891 regions), Max regular: 2048K, Max humongous: 3398M, External frag: 11%, Internal frag: 0%
[2020-08-24T20:58:03.007+0000][31350][gc,ergo      ] GC(158) Evacuation Reserve: 204M (103 regions), Max regular: 2048K
[2020-08-24T20:58:03.007+0000][31350][gc,start     ] GC(158) Concurrent evacuation
[2020-08-24T20:58:03.007+0000][31350][gc,task      ] GC(158) Using 3 of 6 workers for concurrent evacuation
[2020-08-24T20:58:03.008+0000][31350][gc           ] GC(158) Concurrent evacuation 114M->114M(4096M) 0.294ms
[2020-08-24T20:58:03.008+0000][31350][gc,start     ] GC(158) Pause Init Update Refs
[2020-08-24T20:58:03.008+0000][31350][gc           ] GC(158) Pause Init Update Refs 0.044ms
[2020-08-24T20:58:03.008+0000][31350][safepoint    ] Safepoint "ShenandoahInitUpdateRefs", Time since last: 12573075 ns, Reaching safepoint: 186897 ns, At safepoint: 69577 ns, Total: 256474 ns
[2020-08-24T20:58:03.008+0000][31350][gc,start     ] GC(158) Concurrent update references
[2020-08-24T20:58:03.008+0000][31350][gc,task      ] GC(158) Using 3 of 6 workers for concurrent reference update
[2020-08-24T20:58:03.014+0000][31350][gc           ] GC(158) Concurrent update references 116M->128M(4096M) 6.162ms
[2020-08-24T20:58:03.014+0000][31350][gc,start     ] GC(158) Pause Final Update Refs
[2020-08-24T20:58:03.014+0000][31350][gc,task      ] GC(158) Using 6 of 6 workers for final reference update
[2020-08-24T20:58:03.015+0000][31350][gc           ] GC(158) Pause Final Update Refs 0.119ms
[2020-08-24T20:58:03.015+0000][31350][safepoint    ] Safepoint "ShenandoahFinalUpdateRefs", Time since last: 6274446 ns, Reaching safepoint: 174198 ns, At safepoint: 138609 ns, Total: 312807 ns
[2020-08-24T20:58:03.015+0000][31350][gc,start     ] GC(158) Concurrent cleanup
[2020-08-24T20:58:03.015+0000][31350][gc           ] GC(158) Concurrent cleanup 128M->74M(4096M) 0.129ms
[2020-08-24T20:58:03.015+0000][31350][gc,ergo      ] Free: 3815M (1912 regions), Max regular: 2048K, Max humongous: 3398M, External frag: 11%, Internal frag: 0%
[2020-08-24T20:58:03.015+0000][31350][gc,ergo      ] Evacuation Reserve: 206M (103 regions), Max regular: 2048K
[2020-08-24T20:58:04.015+0000][31350][safepoint    ] Safepoint "Cleanup", Time since last: 1000108175 ns, Reaching safepoint: 372852 ns, At safepoint: 24244 ns, Total: 397096 ns
[2020-08-24T20:58:05.016+0000][31350][safepoint    ] Safepoint "Cleanup", Time since last: 1000220847 ns, Reaching safepoint: 254334 ns, At safepoint: 23122 ns, Total: 277456 ns
[2020-08-24T20:58:05.950+0000][31350][gc           ] Trigger: Allocated since last cycle (410M) is larger than allocation threshold (409M)
[2020-08-24T20:58:05.950+0000][31350][gc,ergo      ] Free: 3459M (1734 regions), Max regular: 2048K, Max humongous: 3398M, External frag: 2%, Internal frag: 0%
[2020-08-24T20:58:05.950+0000][31350][gc,ergo      ] Evacuation Reserve: 206M (103 regions), Max regular: 2048K
[2020-08-24T20:58:05.950+0000][31350][gc,start     ] GC(159) Concurrent reset
[2020-08-24T20:58:05.950+0000][31350][gc,task      ] GC(159) Using 3 of 6 workers for concurrent reset
[2020-08-24T20:58:05.951+0000][31350][gc           ] GC(159) Concurrent reset 430M->430M(4096M) 0.471ms
[2020-08-24T20:58:05.951+0000][31350][gc,start     ] GC(159) Pause Init Mark (unload classes)
[2020-08-24T20:58:05.951+0000][31350][gc,task      ] GC(159) Using 6 of 6 workers for init marking
[2020-08-24T20:58:05.952+0000][31350][gc           ] GC(159) Pause Init Mark (unload classes) 1.004ms
[2020-08-24T20:58:05.952+0000][31350][safepoint    ] Safepoint "ShenandoahInitMark", Time since last: 935120903 ns, Reaching safepoint: 228423 ns, At safepoint: 1079872 ns, Total: 1308295 ns
[2020-08-24T20:58:05.952+0000][31350][gc,start     ] GC(159) Concurrent marking (unload classes)
[2020-08-24T20:58:05.952+0000][31350][gc,task      ] GC(159) Using 3 of 6 workers for concurrent marking
[2020-08-24T20:58:05.974+0000][31350][gc           ] GC(159) Concurrent marking (unload classes) 432M->446M(4096M) 22.036ms
[2020-08-24T20:58:05.975+0000][31350][gc,start     ] GC(159) Pause Final Mark (unload classes)
[2020-08-24T20:58:05.975+0000][31350][gc,task      ] GC(159) Using 6 of 6 workers for final marking
[2020-08-24T20:58:05.975+0000][31350][gc,ergo      ] GC(159) CSet Selection. Actual Free: 3987M, Max CSet: 2990M
[2020-08-24T20:58:05.975+0000][31350][gc,ergo      ] GC(159) Collectable Garbage: 51793K (12% of total), 1010K CSet, 26 CSet regions
[2020-08-24T20:58:05.975+0000][31350][gc,ergo      ] GC(159) Immediate Garbage: 359M (87% of total), 180 regions
[2020-08-24T20:58:05.976+0000][31350][gc           ] GC(159) Pause Final Mark (unload classes) 1.323ms
[2020-08-24T20:58:05.976+0000][31350][safepoint    ] Safepoint "ShenandoahFinalMarkStartEvac", Time since last: 22255959 ns, Reaching safepoint: 290297 ns, At safepoint: 1399267 ns, Total: 1689564 ns
[2020-08-24T20:58:05.976+0000][31350][gc,start     ] GC(159) Concurrent roots processing
[2020-08-24T20:58:05.976+0000][31350][gc,task      ] GC(159) Using 3 of 6 workers for concurrent root processing
[2020-08-24T20:58:05.988+0000][31350][gc           ] GC(159) Concurrent roots processing 448M->468M(4096M) 12.071ms
[2020-08-24T20:58:05.988+0000][31350][gc,start     ] GC(159) Concurrent cleanup
[2020-08-24T20:58:05.988+0000][31350][gc           ] GC(159) Concurrent cleanup 468M->108M(4096M) 0.206ms
[2020-08-24T20:58:05.988+0000][31350][gc,ergo      ] GC(159) Free: 3782M (1894 regions), Max regular: 2048K, Max humongous: 3398M, External frag: 11%, Internal frag: 0%
[2020-08-24T20:58:05.988+0000][31350][gc,ergo      ] GC(159) Evacuation Reserve: 204M (103 regions), Max regular: 2048K
[2020-08-24T20:58:05.988+0000][31350][gc,start     ] GC(159) Concurrent evacuation
[2020-08-24T20:58:05.988+0000][31350][gc,task      ] GC(159) Using 3 of 6 workers for concurrent evacuation
[2020-08-24T20:58:05.989+0000][31350][gc           ] GC(159) Concurrent evacuation 108M->108M(4096M) 0.299ms
[2020-08-24T20:58:05.989+0000][31350][gc,start     ] GC(159) Pause Init Update Refs
[2020-08-24T20:58:05.989+0000][31350][gc           ] GC(159) Pause Init Update Refs 0.043ms
[2020-08-24T20:58:05.989+0000][31350][safepoint    ] Safepoint "ShenandoahInitUpdateRefs", Time since last: 12803980 ns, Reaching safepoint: 127421 ns, At safepoint: 68186 ns, Total: 195607 ns
[2020-08-24T20:58:05.989+0000][31350][gc,start     ] GC(159) Concurrent update references
[2020-08-24T20:58:05.989+0000][31350][gc,task      ] GC(159) Using 3 of 6 workers for concurrent reference update
[2020-08-24T20:58:05.994+0000][31350][gc           ] GC(159) Concurrent update references 110M->128M(4096M) 5.139ms
[2020-08-24T20:58:05.994+0000][31350][gc,start     ] GC(159) Pause Final Update Refs
[2020-08-24T20:58:05.994+0000][31350][gc,task      ] GC(159) Using 6 of 6 workers for final reference update
[2020-08-24T20:58:05.994+0000][31350][gc           ] GC(159) Pause Final Update Refs 0.137ms
[2020-08-24T20:58:05.994+0000][31350][safepoint    ] Safepoint "ShenandoahFinalUpdateRefs", Time since last: 5270649 ns, Reaching safepoint: 34114 ns, At safepoint: 150484 ns, Total: 184598 ns
[2020-08-24T20:58:05.994+0000][31350][gc,start     ] GC(159) Concurrent cleanup
[2020-08-24T20:58:05.995+0000][31350][gc           ] GC(159) Concurrent cleanup 128M->76M(4096M) 0.123ms
[2020-08-24T20:58:05.995+0000][31350][gc,ergo      ] Free: 3813M (1911 regions), Max regular: 2048K, Max humongous: 3412M, External frag: 11%, Internal frag: 0%
[2020-08-24T20:58:05.995+0000][31350][gc,ergo      ] Evacuation Reserve: 206M (103 regions), Max regular: 2048K
[2020-08-24T20:58:06.995+0000][31350][safepoint    ] Safepoint "Cleanup", Time since last: 1000085037 ns, Reaching safepoint: 295842 ns, At safepoint: 22035 ns, Total: 317877 ns
[2020-08-24T20:58:07.995+0000][31350][safepoint    ] Safepoint "Cleanup", Time since last: 1000203663 ns, Reaching safepoint: 301832 ns, At safepoint: 22440 ns, Total: 324272 ns
[2020-08-24T20:58:08.959+0000][31350][gc           ] Trigger: Allocated since last cycle (409M) is larger than allocation threshold (409M)
[2020-08-24T20:58:08.959+0000][31350][gc,ergo      ] Free: 3459M (1734 regions), Max regular: 2048K, Max humongous: 3412M, External frag: 2%, Internal frag: 0%
[2020-08-24T20:58:08.959+0000][31350][gc,ergo      ] Evacuation Reserve: 206M (103 regions), Max regular: 2048K
[2020-08-24T20:58:08.959+0000][31350][gc,start     ] GC(160) Concurrent reset
[2020-08-24T20:58:08.959+0000][31350][gc,task      ] GC(160) Using 3 of 6 workers for concurrent reset
[2020-08-24T20:58:08.959+0000][31350][gc           ] GC(160) Concurrent reset 430M->430M(4096M) 0.477ms
[2020-08-24T20:58:08.960+0000][31350][gc,start     ] GC(160) Pause Init Mark (process weakrefs) (unload classes)
[2020-08-24T20:58:08.960+0000][31350][gc,task      ] GC(160) Using 6 of 6 workers for init marking
[2020-08-24T20:58:08.961+0000][31350][gc           ] GC(160) Pause Init Mark (process weakrefs) (unload classes) 1.139ms
[2020-08-24T20:58:08.961+0000][31350][safepoint    ] Safepoint "ShenandoahInitMark", Time since last: 964313638 ns, Reaching safepoint: 170494 ns, At safepoint: 1230684 ns, Total: 1401178 ns
[2020-08-24T20:58:08.961+0000][31350][gc,start     ] GC(160) Concurrent marking (process weakrefs) (unload classes)
[2020-08-24T20:58:08.961+0000][31350][gc,task      ] GC(160) Using 3 of 6 workers for concurrent marking
[2020-08-24T20:58:08.983+0000][31350][gc           ] GC(160) Concurrent marking (process weakrefs) (unload classes) 430M->446M(4096M) 21.738ms
[2020-08-24T20:58:08.983+0000][31350][gc,start     ] GC(160) Concurrent precleaning
[2020-08-24T20:58:08.983+0000][31350][gc,task      ] GC(160) Using 1 of 6 workers for concurrent preclean
[2020-08-24T20:58:08.984+0000][31350][gc           ] GC(160) Concurrent precleaning 446M->446M(4096M) 0.831ms
[2020-08-24T20:58:08.984+0000][31350][gc,start     ] GC(160) Pause Final Mark (process weakrefs) (unload classes)
[2020-08-24T20:58:08.984+0000][31350][gc,task      ] GC(160) Using 6 of 6 workers for final marking
[2020-08-24T20:58:08.985+0000][31350][gc,ergo      ] GC(160) CSet Selection. Actual Free: 3985M, Max CSet: 2989M
[2020-08-24T20:58:08.985+0000][31350][gc,ergo      ] GC(160) Collectable Garbage: 53850K (12% of total), 958K CSet, 27 CSet regions
[2020-08-24T20:58:08.985+0000][31350][gc,ergo      ] GC(160) Immediate Garbage: 357M (86% of total), 179 regions
[2020-08-24T20:58:08.986+0000][31350][gc           ] GC(160) Pause Final Mark (process weakrefs) (unload classes) 1.727ms
[2020-08-24T20:58:08.986+0000][31350][safepoint    ] Safepoint "ShenandoahFinalMarkStartEvac", Time since last: 22827835 ns, Reaching safepoint: 242181 ns, At safepoint: 1786091 ns, Total: 2028272 ns
[2020-08-24T20:58:08.986+0000][31350][gc,start     ] GC(160) Concurrent roots processing
[2020-08-24T20:58:08.986+0000][31350][gc,task      ] GC(160) Using 3 of 6 workers for concurrent root processing
[2020-08-24T20:58:08.997+0000][31350][gc           ] GC(160) Concurrent roots processing 448M->466M(4096M) 11.508ms
[2020-08-24T20:58:08.998+0000][31350][gc,start     ] GC(160) Concurrent cleanup
[2020-08-24T20:58:08.998+0000][31350][gc           ] GC(160) Concurrent cleanup 466M->108M(4096M) 0.237ms
[2020-08-24T20:58:08.998+0000][31350][gc,ergo      ] GC(160) Free: 3782M (1894 regions), Max regular: 2048K, Max humongous: 3404M, External frag: 11%, Internal frag: 0%
[2020-08-24T20:58:08.998+0000][31350][gc,ergo      ] GC(160) Evacuation Reserve: 204M (103 regions), Max regular: 2048K
[2020-08-24T20:58:08.998+0000][31350][gc,start     ] GC(160) Concurrent evacuation
[2020-08-24T20:58:08.998+0000][31350][gc,task      ] GC(160) Using 3 of 6 workers for concurrent evacuation
[2020-08-24T20:58:08.998+0000][31350][gc           ] GC(160) Concurrent evacuation 108M->108M(4096M) 0.312ms
[2020-08-24T20:58:08.998+0000][31350][gc,start     ] GC(160) Pause Init Update Refs
[2020-08-24T20:58:08.998+0000][31350][gc           ] GC(160) Pause Init Update Refs 0.043ms
[2020-08-24T20:58:08.998+0000][31350][safepoint    ] Safepoint "ShenandoahInitUpdateRefs", Time since last: 12277190 ns, Reaching safepoint: 169099 ns, At safepoint: 67006 ns, Total: 236105 ns
[2020-08-24T20:58:08.998+0000][31350][gc,start     ] GC(160) Concurrent update references
[2020-08-24T20:58:08.998+0000][31350][gc,task      ] GC(160) Using 3 of 6 workers for concurrent reference update
[2020-08-24T20:58:09.004+0000][31350][gc           ] GC(160) Concurrent update references 110M->122M(4096M) 5.973ms
[2020-08-24T20:58:09.005+0000][31350][gc,start     ] GC(160) Pause Final Update Refs
[2020-08-24T20:58:09.005+0000][31350][gc,task      ] GC(160) Using 6 of 6 workers for final reference update
[2020-08-24T20:58:09.005+0000][31350][gc           ] GC(160) Pause Final Update Refs 0.149ms
[2020-08-24T20:58:09.005+0000][31350][safepoint    ] Safepoint "ShenandoahFinalUpdateRefs", Time since last: 6066024 ns, Reaching safepoint: 140606 ns, At safepoint: 167072 ns, Total: 307678 ns
[2020-08-24T20:58:09.005+0000][31350][gc,start     ] GC(160) Concurrent cleanup
[2020-08-24T20:58:09.005+0000][31350][gc           ] GC(160) Concurrent cleanup 122M->68M(4096M) 0.150ms
[2020-08-24T20:58:09.005+0000][31350][gc,ergo      ] Free: 3821M (1914 regions), Max regular: 2048K, Max humongous: 3404M, External frag: 11%, Internal frag: 0%
[2020-08-24T20:58:09.005+0000][31350][gc,ergo      ] Evacuation Reserve: 206M (103 regions), Max regular: 2048K
[2020-08-24T20:58:10.005+0000][31350][safepoint    ] Safepoint "Cleanup", Time since last: 1000144089 ns, Reaching safepoint: 257090 ns, At safepoint: 14781 ns, Total: 271871 ns
[2020-08-24T20:58:11.006+0000][31350][safepoint    ] Safepoint "Cleanup", Time since last: 1000193737 ns, Reaching safepoint: 339172 ns, At safepoint: 26141 ns, Total: 365313 ns
[2020-08-24T20:58:11.974+0000][31350][gc           ] Trigger: Allocated since last cycle (409M) is larger than allocation threshold (409M)
[2020-08-24T20:58:11.974+0000][31350][gc,ergo      ] Free: 3459M (1734 regions), Max regular: 2048K, Max humongous: 3404M, External frag: 2%, Internal frag: 0%
[2020-08-24T20:58:11.974+0000][31350][gc,ergo      ] Evacuation Reserve: 206M (103 regions), Max regular: 2048K
[2020-08-24T20:58:11.974+0000][31350][gc,start     ] GC(161) Concurrent reset
[2020-08-24T20:58:11.974+0000][31350][gc,task      ] GC(161) Using 3 of 6 workers for concurrent reset
[2020-08-24T20:58:11.974+0000][31350][gc           ] GC(161) Concurrent reset 430M->430M(4096M) 0.569ms
[2020-08-24T20:58:11.975+0000][31350][gc,start     ] GC(161) Pause Init Mark (unload classes)
[2020-08-24T20:58:11.975+0000][31350][gc,task      ] GC(161) Using 6 of 6 workers for init marking
[2020-08-24T20:58:11.976+0000][31350][gc           ] GC(161) Pause Init Mark (unload classes) 1.080ms
[2020-08-24T20:58:11.976+0000][31350][safepoint    ] Safepoint "ShenandoahInitMark", Time since last: 968781555 ns, Reaching safepoint: 345081 ns, At safepoint: 1152059 ns, Total: 1497140 ns
[2020-08-24T20:58:11.976+0000][31350][gc,start     ] GC(161) Concurrent marking (unload classes)
[2020-08-24T20:58:11.976+0000][31350][gc,task      ] GC(161) Using 3 of 6 workers for concurrent marking
[2020-08-24T20:58:11.998+0000][31350][gc           ] GC(161) Concurrent marking (unload classes) 430M->448M(4096M) 22.321ms
[2020-08-24T20:58:11.999+0000][31350][gc,start     ] GC(161) Pause Final Mark (unload classes)
[2020-08-24T20:58:11.999+0000][31350][gc,task      ] GC(161) Using 6 of 6 workers for final marking
[2020-08-24T20:58:11.999+0000][31350][gc,ergo      ] GC(161) CSet Selection. Actual Free: 3975M, Max CSet: 2981M
[2020-08-24T20:58:12.000+0000][31350][gc,ergo      ] GC(161) Collectable Garbage: 61939K (14% of total), 1014K CSet, 31 CSet regions
[2020-08-24T20:58:12.000+0000][31350][gc,ergo      ] GC(161) Immediate Garbage: 349M (84% of total), 175 regions
[2020-08-24T20:58:12.000+0000][31350][gc           ] GC(161) Pause Final Mark (unload classes) 1.346ms
[2020-08-24T20:58:12.000+0000][31350][safepoint    ] Safepoint "ShenandoahFinalMarkStartEvac", Time since last: 22551875 ns, Reaching safepoint: 87430 ns, At safepoint: 1399042 ns, Total: 1486472 ns
[2020-08-24T20:58:12.000+0000][31350][gc,start     ] GC(161) Concurrent roots processing
[2020-08-24T20:58:12.000+0000][31350][gc,task      ] GC(161) Using 3 of 6 workers for concurrent root processing
[2020-08-24T20:58:12.012+0000][31350][gc           ] GC(161) Concurrent roots processing 448M->470M(4096M) 12.203ms
[2020-08-24T20:58:12.012+0000][31350][gc,start     ] GC(161) Concurrent cleanup
[2020-08-24T20:58:12.013+0000][31350][gc           ] GC(161) Concurrent cleanup 470M->120M(4096M) 0.213ms
[2020-08-24T20:58:12.013+0000][31350][gc,ergo      ] GC(161) Free: 3770M (1888 regions), Max regular: 2048K, Max humongous: 3400M, External frag: 10%, Internal frag: 0%
[2020-08-24T20:58:12.013+0000][31350][gc,ergo      ] GC(161) Evacuation Reserve: 204M (103 regions), Max regular: 2048K
[2020-08-24T20:58:12.013+0000][31350][gc,start     ] GC(161) Concurrent evacuation
[2020-08-24T20:58:12.013+0000][31350][gc,task      ] GC(161) Using 3 of 6 workers for concurrent evacuation
[2020-08-24T20:58:12.013+0000][31350][gc           ] GC(161) Concurrent evacuation 120M->120M(4096M) 0.334ms
[2020-08-24T20:58:12.013+0000][31350][gc,start     ] GC(161) Pause Init Update Refs
[2020-08-24T20:58:12.013+0000][31350][gc           ] GC(161) Pause Init Update Refs 0.041ms
[2020-08-24T20:58:12.013+0000][31350][safepoint    ] Safepoint "ShenandoahInitUpdateRefs", Time since last: 12983963 ns, Reaching safepoint: 66661 ns, At safepoint: 63039 ns, Total: 129700 ns
[2020-08-24T20:58:12.013+0000][31350][gc,start     ] GC(161) Concurrent update references
[2020-08-24T20:58:12.013+0000][31350][gc,task      ] GC(161) Using 3 of 6 workers for concurrent reference update
[2020-08-24T20:58:12.019+0000][31350][gc           ] GC(161) Concurrent update references 122M->140M(4096M) 5.654ms
[2020-08-24T20:58:12.019+0000][31350][gc,start     ] GC(161) Pause Final Update Refs
[2020-08-24T20:58:12.019+0000][31350][gc,task      ] GC(161) Using 6 of 6 workers for final reference update
[2020-08-24T20:58:12.019+0000][31350][gc           ] GC(161) Pause Final Update Refs 0.144ms
[2020-08-24T20:58:12.019+0000][31350][safepoint    ] Safepoint "ShenandoahFinalUpdateRefs", Time since last: 5759062 ns, Reaching safepoint: 121921 ns, At safepoint: 164051 ns, Total: 285972 ns
[2020-08-24T20:58:12.019+0000][31350][gc,start     ] GC(161) Concurrent cleanup
[2020-08-24T20:58:12.019+0000][31350][gc           ] GC(161) Concurrent cleanup 140M->78M(4096M) 0.162ms
[2020-08-24T20:58:12.019+0000][31350][gc,ergo      ] Free: 3811M (1910 regions), Max regular: 2048K, Max humongous: 3400M, External frag: 11%, Internal frag: 0%
[2020-08-24T20:58:12.019+0000][31350][gc,ergo      ] Evacuation Reserve: 206M (103 regions), Max regular: 2048K
[2020-08-24T20:58:13.020+0000][31350][safepoint    ] Safepoint "Cleanup", Time since last: 1000085192 ns, Reaching safepoint: 150808 ns, At safepoint: 16760 ns, Total: 167568 ns
[2020-08-24T20:58:14.020+0000][31350][safepoint    ] Safepoint "Cleanup", Time since last: 1000147140 ns, Reaching safepoint: 143946 ns, At safepoint: 13272 ns, Total: 157218 ns
[2020-08-24T20:58:14.860+0000][31350][gc           ] Trigger: Allocated since last cycle (409M) is larger than allocation threshold (409M)
[2020-08-24T20:58:14.860+0000][31350][gc,ergo      ] Free: 3459M (1734 regions), Max regular: 2048K, Max humongous: 3400M, External frag: 2%, Internal frag: 0%
[2020-08-24T20:58:14.860+0000][31350][gc,ergo      ] Evacuation Reserve: 206M (103 regions), Max regular: 2048K
[2020-08-24T20:58:14.860+0000][31350][gc,start     ] GC(162) Concurrent reset
[2020-08-24T20:58:14.860+0000][31350][gc,task      ] GC(162) Using 3 of 6 workers for concurrent reset
[2020-08-24T20:58:14.861+0000][31350][gc           ] GC(162) Concurrent reset 430M->430M(4096M) 0.246ms
[2020-08-24T20:58:14.861+0000][31350][gc,start     ] GC(162) Pause Init Mark (unload classes)
[2020-08-24T20:58:14.861+0000][31350][gc,task      ] GC(162) Using 6 of 6 workers for init marking
[2020-08-24T20:58:14.861+0000][31350][gc           ] GC(162) Pause Init Mark (unload classes) 0.420ms
[2020-08-24T20:58:14.861+0000][31350][safepoint    ] Safepoint "ShenandoahInitMark", Time since last: 840858651 ns, Reaching safepoint: 116121 ns, At safepoint: 434467 ns, Total: 550588 ns
[2020-08-24T20:58:14.861+0000][31350][gc,start     ] GC(162) Concurrent marking (unload classes)
[2020-08-24T20:58:14.861+0000][31350][gc,task      ] GC(162) Using 3 of 6 workers for concurrent marking
[2020-08-24T20:58:14.868+0000][31350][gc           ] GC(162) Concurrent marking (unload classes) 430M->448M(4096M) 6.315ms
[2020-08-24T20:58:14.868+0000][31350][gc,start     ] GC(162) Pause Final Mark (unload classes)
[2020-08-24T20:58:14.868+0000][31350][gc,task      ] GC(162) Using 6 of 6 workers for final marking
[2020-08-24T20:58:14.868+0000][31350][gc,ergo      ] GC(162) CSet Selection. Actual Free: 3985M, Max CSet: 2989M
[2020-08-24T20:58:14.868+0000][31350][gc,ergo      ] GC(162) Collectable Garbage: 51800K (12% of total), 1008K CSet, 26 CSet regions
[2020-08-24T20:58:14.868+0000][31350][gc,ergo      ] GC(162) Immediate Garbage: 359M (87% of total), 180 regions
[2020-08-24T20:58:14.868+0000][31350][gc           ] GC(162) Pause Final Mark (unload classes) 0.701ms
[2020-08-24T20:58:14.868+0000][31350][safepoint    ] Safepoint "ShenandoahFinalMarkStartEvac", Time since last: 6384312 ns, Reaching safepoint: 113921 ns, At safepoint: 716365 ns, Total: 830286 ns
[2020-08-24T20:58:14.868+0000][31350][gc,start     ] GC(162) Concurrent roots processing
[2020-08-24T20:58:14.868+0000][31350][gc,task      ] GC(162) Using 3 of 6 workers for concurrent root processing
[2020-08-24T20:58:14.877+0000][31350][gc           ] GC(162) Concurrent roots processing 448M->470M(4096M) 8.885ms
[2020-08-24T20:58:14.877+0000][31350][gc,start     ] GC(162) Concurrent cleanup
[2020-08-24T20:58:14.878+0000][31350][gc           ] GC(162) Concurrent cleanup 470M->110M(4096M) 0.178ms
[2020-08-24T20:58:14.878+0000][31350][gc,ergo      ] GC(162) Free: 3780M (1893 regions), Max regular: 2048K, Max humongous: 3404M, External frag: 10%, Internal frag: 0%
[2020-08-24T20:58:14.878+0000][31350][gc,ergo      ] GC(162) Evacuation Reserve: 204M (103 regions), Max regular: 2048K
[2020-08-24T20:58:14.878+0000][31350][gc,start     ] GC(162) Concurrent evacuation
[2020-08-24T20:58:14.878+0000][31350][gc,task      ] GC(162) Using 3 of 6 workers for concurrent evacuation
[2020-08-24T20:58:14.878+0000][31350][gc           ] GC(162) Concurrent evacuation 110M->110M(4096M) 0.251ms
[2020-08-24T20:58:14.878+0000][31350][gc,start     ] GC(162) Pause Init Update Refs
[2020-08-24T20:58:14.878+0000][31350][gc           ] GC(162) Pause Init Update Refs 0.034ms
[2020-08-24T20:58:14.878+0000][31350][safepoint    ] Safepoint "ShenandoahInitUpdateRefs", Time since last: 9489036 ns, Reaching safepoint: 110171 ns, At safepoint: 48873 ns, Total: 159044 ns
[2020-08-24T20:58:14.878+0000][31350][gc,start     ] GC(162) Concurrent update references
[2020-08-24T20:58:14.878+0000][31350][gc,task      ] GC(162) Using 3 of 6 workers for concurrent reference update
[2020-08-24T20:58:14.883+0000][31350][gc           ] GC(162) Concurrent update references 112M->124M(4096M) 4.549ms
[2020-08-24T20:58:14.883+0000][31350][gc,start     ] GC(162) Pause Final Update Refs
[2020-08-24T20:58:14.883+0000][31350][gc,task      ] GC(162) Using 6 of 6 workers for final reference update
[2020-08-24T20:58:14.883+0000][31350][gc           ] GC(162) Pause Final Update Refs 0.162ms
[2020-08-24T20:58:14.883+0000][31350][safepoint    ] Safepoint "ShenandoahFinalUpdateRefs", Time since last: 4638100 ns, Reaching safepoint: 50353 ns, At safepoint: 182191 ns, Total: 232544 ns
[2020-08-24T20:58:14.883+0000][31350][gc,start     ] GC(162) Concurrent cleanup
[2020-08-24T20:58:14.883+0000][31350][gc           ] GC(162) Concurrent cleanup 124M->72M(4096M) 0.114ms
[2020-08-24T20:58:14.883+0000][31350][gc,ergo      ] Free: 3815M (1913 regions), Max regular: 2048K, Max humongous: 3404M, External frag: 11%, Internal frag: 0%
[2020-08-24T20:58:14.883+0000][31350][gc,ergo      ] Evacuation Reserve: 206M (103 regions), Max regular: 2048K
[2020-08-24T20:58:15.883+0000][31350][safepoint    ] Safepoint "Cleanup", Time since last: 1000120472 ns, Reaching safepoint: 231739 ns, At safepoint: 23087 ns, Total: 254826 ns
[2020-08-24T20:58:16.884+0000][31350][safepoint    ] Safepoint "Cleanup", Time since last: 1000181216 ns, Reaching safepoint: 276283 ns, At safepoint: 22912 ns, Total: 299195 ns
[2020-08-24T20:58:17.818+0000][31350][gc           ] Trigger: Allocated since last cycle (409M) is larger than allocation threshold (409M)
[2020-08-24T20:58:17.819+0000][31350][gc,ergo      ] Free: 3459M (1734 regions), Max regular: 2048K, Max humongous: 3404M, External frag: 2%, Internal frag: 0%
[2020-08-24T20:58:17.819+0000][31350][gc,ergo      ] Evacuation Reserve: 206M (103 regions), Max regular: 2048K
[2020-08-24T20:58:17.819+0000][31350][gc,start     ] GC(163) Concurrent reset
[2020-08-24T20:58:17.819+0000][31350][gc,task      ] GC(163) Using 3 of 6 workers for concurrent reset
[2020-08-24T20:58:17.819+0000][31350][gc           ] GC(163) Concurrent reset 430M->430M(4096M) 0.258ms
[2020-08-24T20:58:17.819+0000][31350][gc,start     ] GC(163) Pause Init Mark (unload classes)
[2020-08-24T20:58:17.819+0000][31350][gc,task      ] GC(163) Using 6 of 6 workers for init marking
[2020-08-24T20:58:17.820+0000][31350][gc           ] GC(163) Pause Init Mark (unload classes) 0.485ms
[2020-08-24T20:58:17.820+0000][31350][safepoint    ] Safepoint "ShenandoahInitMark", Time since last: 935164562 ns, Reaching safepoint: 102628 ns, At safepoint: 509438 ns, Total: 612066 ns
[2020-08-24T20:58:17.820+0000][31350][gc,start     ] GC(163) Concurrent marking (unload classes)
[2020-08-24T20:58:17.820+0000][31350][gc,task      ] GC(163) Using 3 of 6 workers for concurrent marking
[2020-08-24T20:58:17.827+0000][31350][gc           ] GC(163) Concurrent marking (unload classes) 432M->448M(4096M) 7.093ms
[2020-08-24T20:58:17.827+0000][31350][gc,start     ] GC(163) Pause Final Mark (unload classes)
[2020-08-24T20:58:17.827+0000][31350][gc,task      ] GC(163) Using 6 of 6 workers for final marking
[2020-08-24T20:58:17.827+0000][31350][gc,ergo      ] GC(163) CSet Selection. Actual Free: 3985M, Max CSet: 2989M
[2020-08-24T20:58:17.827+0000][31350][gc,ergo      ] GC(163) Collectable Garbage: 51816K (12% of total), 1016K CSet, 26 CSet regions
[2020-08-24T20:58:17.827+0000][31350][gc,ergo      ] GC(163) Immediate Garbage: 359M (87% of total), 180 regions
[2020-08-24T20:58:17.828+0000][31350][gc           ] GC(163) Pause Final Mark (unload classes) 0.694ms
[2020-08-24T20:58:17.828+0000][31350][safepoint    ] Safepoint "ShenandoahFinalMarkStartEvac", Time since last: 7214666 ns, Reaching safepoint: 120682 ns, At safepoint: 749904 ns, Total: 870586 ns
[2020-08-24T20:58:17.828+0000][31350][gc,start     ] GC(163) Concurrent roots processing
[2020-08-24T20:58:17.828+0000][31350][gc,task      ] GC(163) Using 3 of 6 workers for concurrent root processing
[2020-08-24T20:58:17.836+0000][31350][gc           ] GC(163) Concurrent roots processing 448M->470M(4096M) 8.191ms
[2020-08-24T20:58:17.836+0000][31350][gc,start     ] GC(163) Concurrent cleanup
[2020-08-24T20:58:17.836+0000][31350][gc           ] GC(163) Concurrent cleanup 470M->110M(4096M) 0.197ms
[2020-08-24T20:58:17.836+0000][31350][gc,ergo      ] GC(163) Free: 3780M (1892 regions), Max regular: 2048K, Max humongous: 3398M, External frag: 11%, Internal frag: 0%
[2020-08-24T20:58:17.836+0000][31350][gc,ergo      ] GC(163) Evacuation Reserve: 204M (103 regions), Max regular: 2048K
[2020-08-24T20:58:17.836+0000][31350][gc,start     ] GC(163) Concurrent evacuation
[2020-08-24T20:58:17.836+0000][31350][gc,task      ] GC(163) Using 3 of 6 workers for concurrent evacuation
[2020-08-24T20:58:17.836+0000][31350][gc           ] GC(163) Concurrent evacuation 110M->110M(4096M) 0.263ms
[2020-08-24T20:58:17.837+0000][31350][gc,start     ] GC(163) Pause Init Update Refs
[2020-08-24T20:58:17.837+0000][31350][gc           ] GC(163) Pause Init Update Refs 0.040ms
[2020-08-24T20:58:17.837+0000][31350][safepoint    ] Safepoint "ShenandoahInitUpdateRefs", Time since last: 8803781 ns, Reaching safepoint: 46844 ns, At safepoint: 53406 ns, Total: 100250 ns
[2020-08-24T20:58:17.837+0000][31350][gc,start     ] GC(163) Concurrent update references
[2020-08-24T20:58:17.837+0000][31350][gc,task      ] GC(163) Using 3 of 6 workers for concurrent reference update
[2020-08-24T20:58:17.841+0000][31350][gc           ] GC(163) Concurrent update references 110M->128M(4096M) 4.547ms
[2020-08-24T20:58:17.841+0000][31350][gc,start     ] GC(163) Pause Final Update Refs
[2020-08-24T20:58:17.841+0000][31350][gc,task      ] GC(163) Using 6 of 6 workers for final reference update
[2020-08-24T20:58:17.841+0000][31350][gc           ] GC(163) Pause Final Update Refs 0.102ms
[2020-08-24T20:58:17.841+0000][31350][safepoint    ] Safepoint "ShenandoahFinalUpdateRefs", Time since last: 4586305 ns, Reaching safepoint: 40275 ns, At safepoint: 116724 ns, Total: 156999 ns
[2020-08-24T20:58:17.841+0000][31350][gc,start     ] GC(163) Concurrent cleanup
[2020-08-24T20:58:17.841+0000][31350][gc           ] GC(163) Concurrent cleanup 128M->76M(4096M) 0.104ms
[2020-08-24T20:58:17.841+0000][31350][gc,ergo      ] Free: 3813M (1910 regions), Max regular: 2048K, Max humongous: 3398M, External frag: 11%, Internal frag: 0%
[2020-08-24T20:58:17.841+0000][31350][gc,ergo      ] Evacuation Reserve: 206M (103 regions), Max regular: 2048K
[2020-08-24T20:58:18.841+0000][31350][safepoint    ] Safepoint "Cleanup", Time since last: 1000063882 ns, Reaching safepoint: 69570 ns, At safepoint: 5821 ns, Total: 75391 ns
[2020-08-24T20:58:19.862+0000][31350][safepoint    ] Safepoint "Cleanup", Time since last: 1020168915 ns, Reaching safepoint: 238914 ns, At safepoint: 25503 ns, Total: 264417 ns
[2020-08-24T20:58:20.862+0000][31350][safepoint    ] Safepoint "Cleanup", Time since last: 1000176741 ns, Reaching safepoint: 221600 ns, At safepoint: 23149 ns, Total: 244749 ns
[2020-08-24T20:58:20.879+0000][31350][gc           ] Trigger: Allocated since last cycle (410M) is larger than allocation threshold (409M)
[2020-08-24T20:58:20.879+0000][31350][gc,ergo      ] Free: 3459M (1733 regions), Max regular: 2048K, Max humongous: 3398M, External frag: 2%, Internal frag: 0%
[2020-08-24T20:58:20.879+0000][31350][gc,ergo      ] Evacuation Reserve: 206M (103 regions), Max regular: 2048K
[2020-08-24T20:58:20.879+0000][31350][gc,start     ] GC(164) Concurrent reset
[2020-08-24T20:58:20.879+0000][31350][gc,task      ] GC(164) Using 3 of 6 workers for concurrent reset
[2020-08-24T20:58:20.880+0000][31350][gc           ] GC(164) Concurrent reset 430M->430M(4096M) 0.426ms
[2020-08-24T20:58:20.880+0000][31350][gc,start     ] GC(164) Pause Init Mark (unload classes)
[2020-08-24T20:58:20.880+0000][31350][gc,task      ] GC(164) Using 6 of 6 workers for init marking
[2020-08-24T20:58:20.881+0000][31350][gc           ] GC(164) Pause Init Mark (unload classes) 1.090ms
[2020-08-24T20:58:20.881+0000][31350][safepoint    ] Safepoint "ShenandoahInitMark", Time since last: 17744264 ns, Reaching safepoint: 263834 ns, At safepoint: 1179515 ns, Total: 1443349 ns
[2020-08-24T20:58:20.882+0000][31350][gc,start     ] GC(164) Concurrent marking (unload classes)
[2020-08-24T20:58:20.882+0000][31350][gc,task      ] GC(164) Using 3 of 6 workers for concurrent marking
[2020-08-24T20:58:20.902+0000][31350][gc           ] GC(164) Concurrent marking (unload classes) 432M->448M(4096M) 20.613ms
[2020-08-24T20:58:20.903+0000][31350][gc,start     ] GC(164) Pause Final Mark (unload classes)
[2020-08-24T20:58:20.903+0000][31350][gc,task      ] GC(164) Using 6 of 6 workers for final marking
[2020-08-24T20:58:20.904+0000][31350][gc,ergo      ] GC(164) CSet Selection. Actual Free: 3984M, Max CSet: 2988M
[2020-08-24T20:58:20.904+0000][31350][gc,ergo      ] GC(164) Collectable Garbage: 53872K (12% of total), 1011K CSet, 27 CSet regions
[2020-08-24T20:58:20.904+0000][31350][gc,ergo      ] GC(164) Immediate Garbage: 358M (86% of total), 179 regions
[2020-08-24T20:58:20.904+0000][31350][gc           ] GC(164) Pause Final Mark (unload classes) 1.524ms
[2020-08-24T20:58:20.904+0000][31350][safepoint    ] Safepoint "ShenandoahFinalMarkStartEvac", Time since last: 20870792 ns, Reaching safepoint: 320720 ns, At safepoint: 1597010 ns, Total: 1917730 ns
[2020-08-24T20:58:20.904+0000][31350][gc,start     ] GC(164) Concurrent roots processing
[2020-08-24T20:58:20.904+0000][31350][gc,task      ] GC(164) Using 3 of 6 workers for concurrent root processing
[2020-08-24T20:58:20.919+0000][31350][gc           ] GC(164) Concurrent roots processing 450M->468M(4096M) 14.607ms
[2020-08-24T20:58:20.919+0000][31350][gc,start     ] GC(164) Concurrent cleanup
[2020-08-24T20:58:20.919+0000][31350][gc           ] GC(164) Concurrent cleanup 468M->110M(4096M) 0.236ms
[2020-08-24T20:58:20.919+0000][31350][gc,ergo      ] GC(164) Free: 3780M (1893 regions), Max regular: 2048K, Max humongous: 3398M, External frag: 11%, Internal frag: 0%
[2020-08-24T20:58:20.919+0000][31350][gc,ergo      ] GC(164) Evacuation Reserve: 204M (103 regions), Max regular: 2048K
[2020-08-24T20:58:20.919+0000][31350][gc,start     ] GC(164) Concurrent evacuation
[2020-08-24T20:58:20.919+0000][31350][gc,task      ] GC(164) Using 3 of 6 workers for concurrent evacuation
[2020-08-24T20:58:20.920+0000][31350][gc           ] GC(164) Concurrent evacuation 110M->110M(4096M) 0.372ms
[2020-08-24T20:58:20.920+0000][31350][gc,start     ] GC(164) Pause Init Update Refs
[2020-08-24T20:58:20.920+0000][31350][gc           ] GC(164) Pause Init Update Refs 0.049ms
[2020-08-24T20:58:20.920+0000][31350][safepoint    ] Safepoint "ShenandoahInitUpdateRefs", Time since last: 15535331 ns, Reaching safepoint: 229200 ns, At safepoint: 76298 ns, Total: 305498 ns
[2020-08-24T20:58:20.920+0000][31350][gc,start     ] GC(164) Concurrent update references
[2020-08-24T20:58:20.920+0000][31350][gc,task      ] GC(164) Using 3 of 6 workers for concurrent reference update
[2020-08-24T20:58:20.926+0000][31350][gc           ] GC(164) Concurrent update references 112M->128M(4096M) 5.961ms
[2020-08-24T20:58:20.926+0000][31350][gc,start     ] GC(164) Pause Final Update Refs
[2020-08-24T20:58:20.926+0000][31350][gc,task      ] GC(164) Using 6 of 6 workers for final reference update
[2020-08-24T20:58:20.926+0000][31350][gc           ] GC(164) Pause Final Update Refs 0.147ms
[2020-08-24T20:58:20.926+0000][31350][safepoint    ] Safepoint "ShenandoahFinalUpdateRefs", Time since last: 6050336 ns, Reaching safepoint: 135355 ns, At safepoint: 158652 ns, Total: 294007 ns
[2020-08-24T20:58:20.927+0000][31350][gc,start     ] GC(164) Concurrent cleanup
[2020-08-24T20:58:20.927+0000][31350][gc           ] GC(164) Concurrent cleanup 128M->74M(4096M) 0.124ms
[2020-08-24T20:58:20.927+0000][31350][gc,ergo      ] Free: 3815M (1912 regions), Max regular: 2048K, Max humongous: 3406M, External frag: 11%, Internal frag: 0%
[2020-08-24T20:58:20.927+0000][31350][gc,ergo      ] Evacuation Reserve: 206M (103 regions), Max regular: 2048K
[2020-08-24T20:58:21.927+0000][31350][safepoint    ] Safepoint "Cleanup", Time since last: 1000064676 ns, Reaching safepoint: 150517 ns, At safepoint: 3192 ns, Total: 153709 ns
[2020-08-24T20:58:22.927+0000][31350][safepoint    ] Safepoint "Cleanup", Time since last: 1000115790 ns, Reaching safepoint: 237510 ns, At safepoint: 24327 ns, Total: 261837 ns
[2020-08-24T20:58:23.815+0000][31350][gc           ] Trigger: Allocated since last cycle (409M) is larger than allocation threshold (409M)
[2020-08-24T20:58:23.815+0000][31350][gc,ergo      ] Free: 3459M (1734 regions), Max regular: 2048K, Max humongous: 3406M, External frag: 2%, Internal frag: 0%
[2020-08-24T20:58:23.815+0000][31350][gc,ergo      ] Evacuation Reserve: 206M (103 regions), Max regular: 2048K
[2020-08-24T20:58:23.815+0000][31350][gc,start     ] GC(165) Concurrent reset
[2020-08-24T20:58:23.815+0000][31350][gc,task      ] GC(165) Using 3 of 6 workers for concurrent reset
[2020-08-24T20:58:23.816+0000][31350][gc           ] GC(165) Concurrent reset 430M->430M(4096M) 0.256ms
[2020-08-24T20:58:23.816+0000][31350][gc,start     ] GC(165) Pause Init Mark (process weakrefs) (unload classes)
[2020-08-24T20:58:23.816+0000][31350][gc,task      ] GC(165) Using 6 of 6 workers for init marking
[2020-08-24T20:58:23.816+0000][31350][gc           ] GC(165) Pause Init Mark (process weakrefs) (unload classes) 0.421ms
[2020-08-24T20:58:23.816+0000][31350][safepoint    ] Safepoint "ShenandoahInitMark", Time since last: 888724513 ns, Reaching safepoint: 132960 ns, At safepoint: 451714 ns, Total: 584674 ns
[2020-08-24T20:58:23.816+0000][31350][gc,start     ] GC(165) Concurrent marking (process weakrefs) (unload classes)
[2020-08-24T20:58:23.816+0000][31350][gc,task      ] GC(165) Using 3 of 6 workers for concurrent marking
[2020-08-24T20:58:23.825+0000][31350][gc           ] GC(165) Concurrent marking (process weakrefs) (unload classes) 430M->450M(4096M) 8.681ms
[2020-08-24T20:58:23.825+0000][31350][gc,start     ] GC(165) Concurrent precleaning
[2020-08-24T20:58:23.825+0000][31350][gc,task      ] GC(165) Using 1 of 6 workers for concurrent preclean
[2020-08-24T20:58:23.825+0000][31350][gc           ] GC(165) Concurrent precleaning 450M->450M(4096M) 0.333ms
[2020-08-24T20:58:23.826+0000][31350][gc,start     ] GC(165) Pause Final Mark (process weakrefs) (unload classes)
[2020-08-24T20:58:23.826+0000][31350][gc,task      ] GC(165) Using 6 of 6 workers for final marking
[2020-08-24T20:58:23.826+0000][31350][gc,ergo      ] GC(165) CSet Selection. Actual Free: 3987M, Max CSet: 2990M
[2020-08-24T20:58:23.826+0000][31350][gc,ergo      ] GC(165) Collectable Garbage: 47711K (11% of total), 981K CSet, 24 CSet regions
[2020-08-24T20:58:23.826+0000][31350][gc,ergo      ] GC(165) Immediate Garbage: 363M (88% of total), 182 regions
[2020-08-24T20:58:23.826+0000][31350][gc           ] GC(165) Pause Final Mark (process weakrefs) (unload classes) 0.611ms
[2020-08-24T20:58:23.826+0000][31350][safepoint    ] Safepoint "ShenandoahFinalMarkStartEvac", Time since last: 9117744 ns, Reaching safepoint: 42848 ns, At safepoint: 643651 ns, Total: 686499 ns
[2020-08-24T20:58:23.826+0000][31350][gc,start     ] GC(165) Concurrent roots processing
[2020-08-24T20:58:23.826+0000][31350][gc,task      ] GC(165) Using 3 of 6 workers for concurrent root processing
[2020-08-24T20:58:23.834+0000][31350][gc           ] GC(165) Concurrent roots processing 452M->468M(4096M) 7.398ms
[2020-08-24T20:58:23.834+0000][31350][gc,start     ] GC(165) Concurrent cleanup
[2020-08-24T20:58:23.834+0000][31350][gc           ] GC(165) Concurrent cleanup 468M->104M(4096M) 0.140ms
[2020-08-24T20:58:23.834+0000][31350][gc,ergo      ] GC(165) Free: 3786M (1896 regions), Max regular: 2048K, Max humongous: 3402M, External frag: 11%, Internal frag: 0%
[2020-08-24T20:58:23.834+0000][31350][gc,ergo      ] GC(165) Evacuation Reserve: 204M (103 regions), Max regular: 2048K
[2020-08-24T20:58:23.834+0000][31350][gc,start     ] GC(165) Concurrent evacuation
[2020-08-24T20:58:23.834+0000][31350][gc,task      ] GC(165) Using 3 of 6 workers for concurrent evacuation
[2020-08-24T20:58:23.834+0000][31350][gc           ] GC(165) Concurrent evacuation 104M->104M(4096M) 0.178ms
[2020-08-24T20:58:23.834+0000][31350][gc,start     ] GC(165) Pause Init Update Refs
[2020-08-24T20:58:23.834+0000][31350][gc           ] GC(165) Pause Init Update Refs 0.033ms
[2020-08-24T20:58:23.834+0000][31350][safepoint    ] Safepoint "ShenandoahInitUpdateRefs", Time since last: 7831907 ns, Reaching safepoint: 135385 ns, At safepoint: 49272 ns, Total: 184657 ns
[2020-08-24T20:58:23.834+0000][31350][gc,start     ] GC(165) Concurrent update references
[2020-08-24T20:58:23.834+0000][31350][gc,task      ] GC(165) Using 3 of 6 workers for concurrent reference update
[2020-08-24T20:58:23.839+0000][31350][gc           ] GC(165) Concurrent update references 106M->120M(4096M) 4.417ms
[2020-08-24T20:58:23.839+0000][31350][gc,start     ] GC(165) Pause Final Update Refs
[2020-08-24T20:58:23.839+0000][31350][gc,task      ] GC(165) Using 6 of 6 workers for final reference update
[2020-08-24T20:58:23.839+0000][31350][gc           ] GC(165) Pause Final Update Refs 0.100ms
[2020-08-24T20:58:23.839+0000][31350][safepoint    ] Safepoint "ShenandoahFinalUpdateRefs", Time since last: 4457072 ns, Reaching safepoint: 96531 ns, At safepoint: 113125 ns, Total: 209656 ns
[2020-08-24T20:58:23.839+0000][31350][gc,start     ] GC(165) Concurrent cleanup
[2020-08-24T20:58:23.839+0000][31350][gc           ] GC(165) Concurrent cleanup 120M->72M(4096M) 0.125ms
[2020-08-24T20:58:23.839+0000][31350][gc,ergo      ] Free: 3817M (1913 regions), Max regular: 2048K, Max humongous: 3402M, External frag: 11%, Internal frag: 0%
[2020-08-24T20:58:23.839+0000][31350][gc,ergo      ] Evacuation Reserve: 206M (103 regions), Max regular: 2048K
[2020-08-24T20:58:24.839+0000][31350][safepoint    ] Safepoint "Cleanup", Time since last: 1000063103 ns, Reaching safepoint: 48762 ns, At safepoint: 2798 ns, Total: 51560 ns
[2020-08-24T20:58:25.839+0000][31350][safepoint    ] Safepoint "Cleanup", Time since last: 1000119790 ns, Reaching safepoint: 330848 ns, At safepoint: 13229 ns, Total: 344077 ns
[2020-08-24T20:58:26.840+0000][31350][safepoint    ] Safepoint "Cleanup", Time since last: 1000186843 ns, Reaching safepoint: 276285 ns, At safepoint: 31014 ns, Total: 307299 ns
[2020-08-24T20:58:26.895+0000][31350][gc           ] Trigger: Allocated since last cycle (409M) is larger than allocation threshold (409M)
[2020-08-24T20:58:26.895+0000][31350][gc,ergo      ] Free: 3459M (1734 regions), Max regular: 2048K, Max humongous: 3402M, External frag: 2%, Internal frag: 0%
[2020-08-24T20:58:26.895+0000][31350][gc,ergo      ] Evacuation Reserve: 206M (103 regions), Max regular: 2048K
[2020-08-24T20:58:26.895+0000][31350][gc,start     ] GC(166) Concurrent reset
[2020-08-24T20:58:26.895+0000][31350][gc,task      ] GC(166) Using 3 of 6 workers for concurrent reset
[2020-08-24T20:58:26.896+0000][31350][gc           ] GC(166) Concurrent reset 430M->430M(4096M) 0.529ms
[2020-08-24T20:58:26.896+0000][31350][gc,start     ] GC(166) Pause Init Mark (unload classes)
[2020-08-24T20:58:26.896+0000][31350][gc,task      ] GC(166) Using 6 of 6 workers for init marking
[2020-08-24T20:58:26.897+0000][31350][gc           ] GC(166) Pause Init Mark (unload classes) 1.160ms
[2020-08-24T20:58:26.897+0000][31350][safepoint    ] Safepoint "ShenandoahInitMark", Time since last: 55735214 ns, Reaching safepoint: 290691 ns, At safepoint: 1250724 ns, Total: 1541415 ns
[2020-08-24T20:58:26.897+0000][31350][gc,start     ] GC(166) Concurrent marking (unload classes)
[2020-08-24T20:58:26.897+0000][31350][gc,task      ] GC(166) Using 3 of 6 workers for concurrent marking
[2020-08-24T20:58:26.920+0000][31350][gc           ] GC(166) Concurrent marking (unload classes) 430M->448M(4096M) 22.546ms
[2020-08-24T20:58:26.920+0000][31350][gc,start     ] GC(166) Pause Final Mark (unload classes)
[2020-08-24T20:58:26.920+0000][31350][gc,task      ] GC(166) Using 6 of 6 workers for final marking
[2020-08-24T20:58:26.921+0000][31350][gc,ergo      ] GC(166) CSet Selection. Actual Free: 3976M, Max CSet: 2982M
[2020-08-24T20:58:26.921+0000][31350][gc,ergo      ] GC(166) Collectable Garbage: 61962K (14% of total), 1025K CSet, 31 CSet regions
[2020-08-24T20:58:26.921+0000][31350][gc,ergo      ] GC(166) Immediate Garbage: 350M (84% of total), 175 regions
[2020-08-24T20:58:26.922+0000][31350][gc           ] GC(166) Pause Final Mark (unload classes) 1.393ms
[2020-08-24T20:58:26.922+0000][31350][safepoint    ] Safepoint "ShenandoahFinalMarkStartEvac", Time since last: 22766746 ns, Reaching safepoint: 154793 ns, At safepoint: 1501512 ns, Total: 1656305 ns
[2020-08-24T20:58:26.922+0000][31350][gc,start     ] GC(166) Concurrent roots processing
[2020-08-24T20:58:26.922+0000][31350][gc,task      ] GC(166) Using 3 of 6 workers for concurrent root processing
[2020-08-24T20:58:26.934+0000][31350][gc           ] GC(166) Concurrent roots processing 448M->464M(4096M) 12.284ms
[2020-08-24T20:58:26.934+0000][31350][gc,start     ] GC(166) Concurrent cleanup
[2020-08-24T20:58:26.934+0000][31350][gc           ] GC(166) Concurrent cleanup 464M->114M(4096M) 0.206ms
[2020-08-24T20:58:26.934+0000][31350][gc,ergo      ] GC(166) Free: 3776M (1891 regions), Max regular: 2048K, Max humongous: 3400M, External frag: 10%, Internal frag: 0%
[2020-08-24T20:58:26.934+0000][31350][gc,ergo      ] GC(166) Evacuation Reserve: 204M (103 regions), Max regular: 2048K
[2020-08-24T20:58:26.934+0000][31350][gc,start     ] GC(166) Concurrent evacuation
[2020-08-24T20:58:26.934+0000][31350][gc,task      ] GC(166) Using 3 of 6 workers for concurrent evacuation
[2020-08-24T20:58:26.935+0000][31350][gc           ] GC(166) Concurrent evacuation 114M->114M(4096M) 0.291ms
[2020-08-24T20:58:26.935+0000][31350][gc,start     ] GC(166) Pause Init Update Refs
[2020-08-24T20:58:26.935+0000][31350][gc           ] GC(166) Pause Init Update Refs 0.045ms
[2020-08-24T20:58:26.935+0000][31350][safepoint    ] Safepoint "ShenandoahInitUpdateRefs", Time since last: 13036303 ns, Reaching safepoint: 203878 ns, At safepoint: 68657 ns, Total: 272535 ns
[2020-08-24T20:58:26.935+0000][31350][gc,start     ] GC(166) Concurrent update references
[2020-08-24T20:58:26.935+0000][31350][gc,task      ] GC(166) Using 3 of 6 workers for concurrent reference update
[2020-08-24T20:58:26.942+0000][31350][gc           ] GC(166) Concurrent update references 116M->132M(4096M) 6.790ms
[2020-08-24T20:58:26.942+0000][31350][gc,start     ] GC(166) Pause Final Update Refs
[2020-08-24T20:58:26.942+0000][31350][gc,task      ] GC(166) Using 6 of 6 workers for final reference update
[2020-08-24T20:58:26.942+0000][31350][gc           ] GC(166) Pause Final Update Refs 0.155ms
[2020-08-24T20:58:26.942+0000][31350][safepoint    ] Safepoint "ShenandoahFinalUpdateRefs", Time since last: 6918191 ns, Reaching safepoint: 116663 ns, At safepoint: 174443 ns, Total: 291106 ns
[2020-08-24T20:58:26.942+0000][31350][gc,start     ] GC(166) Concurrent cleanup
[2020-08-24T20:58:26.942+0000][31350][gc           ] GC(166) Concurrent cleanup 132M->70M(4096M) 0.156ms
[2020-08-24T20:58:26.942+0000][31350][gc,ergo      ] Free: 3819M (1914 regions), Max regular: 2048K, Max humongous: 3410M, External frag: 11%, Internal frag: 0%
[2020-08-24T20:58:26.942+0000][31350][gc,ergo      ] Evacuation Reserve: 206M (103 regions), Max regular: 2048K
[2020-08-24T20:58:27.943+0000][31350][safepoint    ] Safepoint "Cleanup", Time since last: 1000125342 ns, Reaching safepoint: 205570 ns, At safepoint: 25276 ns, Total: 230846 ns
[2020-08-24T20:58:28.943+0000][31350][safepoint    ] Safepoint "Cleanup", Time since last: 1000154480 ns, Reaching safepoint: 326978 ns, At safepoint: 8690 ns, Total: 335668 ns
[2020-08-24T20:58:29.907+0000][31350][gc           ] Trigger: Allocated since last cycle (409M) is larger than allocation threshold (409M)
[2020-08-24T20:58:29.907+0000][31350][gc,ergo      ] Free: 3459M (1734 regions), Max regular: 2048K, Max humongous: 3410M, External frag: 2%, Internal frag: 0%
[2020-08-24T20:58:29.907+0000][31350][gc,ergo      ] Evacuation Reserve: 206M (103 regions), Max regular: 2048K
[2020-08-24T20:58:29.907+0000][31350][gc,start     ] GC(167) Concurrent reset
[2020-08-24T20:58:29.907+0000][31350][gc,task      ] GC(167) Using 3 of 6 workers for concurrent reset
[2020-08-24T20:58:29.907+0000][31350][gc           ] GC(167) Concurrent reset 430M->430M(4096M) 0.492ms
[2020-08-24T20:58:29.908+0000][31350][gc,start     ] GC(167) Pause Init Mark (unload classes)
[2020-08-24T20:58:29.908+0000][31350][gc,task      ] GC(167) Using 6 of 6 workers for init marking
[2020-08-24T20:58:29.909+0000][31350][gc           ] GC(167) Pause Init Mark (unload classes) 0.974ms
[2020-08-24T20:58:29.909+0000][31350][safepoint    ] Safepoint "ShenandoahInitMark", Time since last: 964447637 ns, Reaching safepoint: 294138 ns, At safepoint: 1039733 ns, Total: 1333871 ns
[2020-08-24T20:58:29.909+0000][31350][gc,start     ] GC(167) Concurrent marking (unload classes)
[2020-08-24T20:58:29.909+0000][31350][gc,task      ] GC(167) Using 3 of 6 workers for concurrent marking
[2020-08-24T20:58:29.930+0000][31350][gc           ] GC(167) Concurrent marking (unload classes) 430M->448M(4096M) 20.848ms
[2020-08-24T20:58:29.980+0000][31350][gc,start     ] GC(167) Pause Final Mark (unload classes)
[2020-08-24T20:58:29.980+0000][31350][gc,task      ] GC(167) Using 6 of 6 workers for final marking
[2020-08-24T20:58:29.981+0000][31350][gc,ergo      ] GC(167) CSet Selection. Actual Free: 3977M, Max CSet: 2983M
[2020-08-24T20:58:29.981+0000][31350][gc,ergo      ] GC(167) Collectable Garbage: 55882K (13% of total), 1015K CSet, 28 CSet regions
[2020-08-24T20:58:29.981+0000][31350][gc,ergo      ] GC(167) Immediate Garbage: 355M (86% of total), 178 regions
[2020-08-24T20:58:29.981+0000][31350][gc           ] GC(167) Pause Final Mark (unload classes) 0.925ms
[2020-08-24T20:58:29.981+0000][31350][safepoint    ] Safepoint "ShenandoahFinalMarkStartEvac", Time since last: 71398130 ns, Reaching safepoint: 164156 ns, At safepoint: 964052 ns, Total: 1128208 ns
[2020-08-24T20:58:29.981+0000][31350][gc,start     ] GC(167) Concurrent roots processing
[2020-08-24T20:58:29.981+0000][31350][gc,task      ] GC(167) Using 3 of 6 workers for concurrent root processing
[2020-08-24T20:58:29.998+0000][31350][gc           ] GC(167) Concurrent roots processing 454M->484M(4096M) 16.373ms
[2020-08-24T20:58:29.998+0000][31350][gc,start     ] GC(167) Concurrent cleanup
[2020-08-24T20:58:29.998+0000][31350][gc           ] GC(167) Concurrent cleanup 484M->128M(4096M) 0.292ms
[2020-08-24T20:58:29.998+0000][31350][gc,ergo      ] GC(167) Free: 3762M (1884 regions), Max regular: 2048K, Max humongous: 3386M, External frag: 11%, Internal frag: 0%
[2020-08-24T20:58:29.998+0000][31350][gc,ergo      ] GC(167) Evacuation Reserve: 204M (103 regions), Max regular: 2048K
[2020-08-24T20:58:29.998+0000][31350][gc,start     ] GC(167) Concurrent evacuation
[2020-08-24T20:58:29.998+0000][31350][gc,task      ] GC(167) Using 3 of 6 workers for concurrent evacuation
[2020-08-24T20:58:29.999+0000][31350][gc           ] GC(167) Concurrent evacuation 128M->128M(4096M) 0.394ms
[2020-08-24T20:58:29.999+0000][31350][gc,start     ] GC(167) Pause Init Update Refs
[2020-08-24T20:58:29.999+0000][31350][gc           ] GC(167) Pause Init Update Refs 0.050ms
[2020-08-24T20:58:29.999+0000][31350][safepoint    ] Safepoint "ShenandoahInitUpdateRefs", Time since last: 17426122 ns, Reaching safepoint: 138378 ns, At safepoint: 77490 ns, Total: 215868 ns
[2020-08-24T20:58:29.999+0000][31350][gc,start     ] GC(167) Concurrent update references
[2020-08-24T20:58:29.999+0000][31350][gc,task      ] GC(167) Using 3 of 6 workers for concurrent reference update
[2020-08-24T20:58:30.010+0000][31350][gc           ] GC(167) Concurrent update references 128M->146M(4096M) 11.395ms
[2020-08-24T20:58:30.011+0000][31350][gc,start     ] GC(167) Pause Final Update Refs
[2020-08-24T20:58:30.011+0000][31350][gc,task      ] GC(167) Using 6 of 6 workers for final reference update
[2020-08-24T20:58:30.011+0000][31350][gc           ] GC(167) Pause Final Update Refs 0.176ms
[2020-08-24T20:58:30.011+0000][31350][safepoint    ] Safepoint "ShenandoahFinalUpdateRefs", Time since last: 11474680 ns, Reaching safepoint: 130806 ns, At safepoint: 195530 ns, Total: 326336 ns
[2020-08-24T20:58:30.011+0000][31350][gc,start     ] GC(167) Concurrent cleanup
[2020-08-24T20:58:30.011+0000][31350][gc           ] GC(167) Concurrent cleanup 146M->92M(4096M) 0.153ms
[2020-08-24T20:58:30.011+0000][31350][gc,ergo      ] Free: 3797M (1903 regions), Max regular: 2048K, Max humongous: 3386M, External frag: 11%, Internal frag: 0%
[2020-08-24T20:58:30.011+0000][31350][gc,ergo      ] Evacuation Reserve: 206M (103 regions), Max regular: 2048K
[2020-08-24T20:58:31.011+0000][31350][safepoint    ] Safepoint "Cleanup", Time since last: 1000092537 ns, Reaching safepoint: 275556 ns, At safepoint: 25150 ns, Total: 300706 ns
[2020-08-24T20:58:32.011+0000][31350][safepoint    ] Safepoint "Cleanup", Time since last: 1000176173 ns, Reaching safepoint: 126616 ns, At safepoint: 2971 ns, Total: 129587 ns
[2020-08-24T20:58:32.820+0000][31350][gc           ] Trigger: Allocated since last cycle (409M) is larger than allocation threshold (409M)
[2020-08-24T20:58:32.820+0000][31350][gc,ergo      ] Free: 3459M (1734 regions), Max regular: 2048K, Max humongous: 3386M, External frag: 3%, Internal frag: 0%
[2020-08-24T20:58:32.820+0000][31350][gc,ergo      ] Evacuation Reserve: 206M (103 regions), Max regular: 2048K
[2020-08-24T20:58:32.820+0000][31350][gc,start     ] GC(168) Concurrent reset
[2020-08-24T20:58:32.820+0000][31350][gc,task      ] GC(168) Using 3 of 6 workers for concurrent reset
[2020-08-24T20:58:32.821+0000][31350][gc           ] GC(168) Concurrent reset 430M->430M(4096M) 0.195ms
[2020-08-24T20:58:32.821+0000][31350][gc,start     ] GC(168) Pause Init Mark (unload classes)
[2020-08-24T20:58:32.821+0000][31350][gc,task      ] GC(168) Using 6 of 6 workers for init marking
[2020-08-24T20:58:32.821+0000][31350][gc           ] GC(168) Pause Init Mark (unload classes) 0.420ms
[2020-08-24T20:58:32.821+0000][31350][safepoint    ] Safepoint "ShenandoahInitMark", Time since last: 809089848 ns, Reaching safepoint: 134873 ns, At safepoint: 432119 ns, Total: 566992 ns
[2020-08-24T20:58:32.821+0000][31350][gc,start     ] GC(168) Concurrent marking (unload classes)
[2020-08-24T20:58:32.821+0000][31350][gc,task      ] GC(168) Using 3 of 6 workers for concurrent marking
[2020-08-24T20:58:32.828+0000][31350][gc           ] GC(168) Concurrent marking (unload classes) 430M->446M(4096M) 6.520ms
[2020-08-24T20:58:32.828+0000][31350][gc,start     ] GC(168) Pause Final Mark (unload classes)
[2020-08-24T20:58:32.828+0000][31350][gc,task      ] GC(168) Using 6 of 6 workers for final marking
[2020-08-24T20:58:32.828+0000][31350][gc,ergo      ] GC(168) CSet Selection. Actual Free: 3993M, Max CSet: 2995M
[2020-08-24T20:58:32.828+0000][31350][gc,ergo      ] GC(168) Collectable Garbage: 45623K (10% of total), 1040K CSet, 23 CSet regions
[2020-08-24T20:58:32.828+0000][31350][gc,ergo      ] GC(168) Immediate Garbage: 365M (88% of total), 183 regions
[2020-08-24T20:58:32.829+0000][31350][gc           ] GC(168) Pause Final Mark (unload classes) 0.882ms
[2020-08-24T20:58:32.829+0000][31350][safepoint    ] Safepoint "ShenandoahFinalMarkStartEvac", Time since last: 6647539 ns, Reaching safepoint: 106472 ns, At safepoint: 940449 ns, Total: 1046921 ns
[2020-08-24T20:58:32.829+0000][31350][gc,start     ] GC(168) Concurrent roots processing
[2020-08-24T20:58:32.829+0000][31350][gc,task      ] GC(168) Using 3 of 6 workers for concurrent root processing
[2020-08-24T20:58:32.837+0000][31350][gc           ] GC(168) Concurrent roots processing 448M->468M(4096M) 8.615ms
[2020-08-24T20:58:32.838+0000][31350][gc,start     ] GC(168) Concurrent cleanup
[2020-08-24T20:58:32.838+0000][31350][gc           ] GC(168) Concurrent cleanup 468M->102M(4096M) 0.159ms
[2020-08-24T20:58:32.838+0000][31350][gc,ergo      ] GC(168) Free: 3788M (1897 regions), Max regular: 2048K, Max humongous: 3404M, External frag: 11%, Internal frag: 0%
[2020-08-24T20:58:32.838+0000][31350][gc,ergo      ] GC(168) Evacuation Reserve: 204M (103 regions), Max regular: 2048K
[2020-08-24T20:58:32.838+0000][31350][gc,start     ] GC(168) Concurrent evacuation
[2020-08-24T20:58:32.838+0000][31350][gc,task      ] GC(168) Using 3 of 6 workers for concurrent evacuation
[2020-08-24T20:58:32.838+0000][31350][gc           ] GC(168) Concurrent evacuation 102M->102M(4096M) 0.171ms
[2020-08-24T20:58:32.838+0000][31350][gc,start     ] GC(168) Pause Init Update Refs
[2020-08-24T20:58:32.838+0000][31350][gc           ] GC(168) Pause Init Update Refs 0.027ms
[2020-08-24T20:58:32.838+0000][31350][safepoint    ] Safepoint "ShenandoahInitUpdateRefs", Time since last: 9119839 ns, Reaching safepoint: 52782 ns, At safepoint: 39966 ns, Total: 92748 ns
[2020-08-24T20:58:32.838+0000][31350][gc,start     ] GC(168) Concurrent update references
[2020-08-24T20:58:32.838+0000][31350][gc,task      ] GC(168) Using 3 of 6 workers for concurrent reference update
[2020-08-24T20:58:32.843+0000][31350][gc           ] GC(168) Concurrent update references 104M->114M(4096M) 4.656ms
[2020-08-24T20:58:32.843+0000][31350][gc,start     ] GC(168) Pause Final Update Refs
[2020-08-24T20:58:32.843+0000][31350][gc,task      ] GC(168) Using 6 of 6 workers for final reference update
[2020-08-24T20:58:32.843+0000][31350][gc           ] GC(168) Pause Final Update Refs 0.121ms
[2020-08-24T20:58:32.843+0000][31350][safepoint    ] Safepoint "ShenandoahFinalUpdateRefs", Time since last: 4741264 ns, Reaching safepoint: 146237 ns, At safepoint: 138216 ns, Total: 284453 ns
[2020-08-24T20:58:32.843+0000][31350][gc,start     ] GC(168) Concurrent cleanup
[2020-08-24T20:58:32.843+0000][31350][gc           ] GC(168) Concurrent cleanup 116M->72M(4096M) 0.112ms
[2020-08-24T20:58:32.843+0000][31350][gc,ergo      ] Free: 3817M (1914 regions), Max regular: 2048K, Max humongous: 3452M, External frag: 10%, Internal frag: 0%
[2020-08-24T20:58:32.843+0000][31350][gc,ergo      ] Evacuation Reserve: 206M (103 regions), Max regular: 2048K
[2020-08-24T20:58:33.843+0000][31350][safepoint    ] Safepoint "Cleanup", Time since last: 1000066045 ns, Reaching safepoint: 82814 ns, At safepoint: 4154 ns, Total: 86968 ns
[2020-08-24T20:58:34.843+0000][31350][safepoint    ] Safepoint "Cleanup", Time since last: 1000076317 ns, Reaching safepoint: 83786 ns, At safepoint: 1964 ns, Total: 85750 ns
[2020-08-24T20:58:35.844+0000][31350][safepoint    ] Safepoint "Cleanup", Time since last: 1000134407 ns, Reaching safepoint: 132391 ns, At safepoint: 2998 ns, Total: 135389 ns
[2020-08-24T20:58:36.844+0000][31350][safepoint    ] Safepoint "Cleanup", Time since last: 1000093885 ns, Reaching safepoint: 105465 ns, At safepoint: 3061 ns, Total: 108526 ns
[2020-08-24T20:58:37.844+0000][31350][safepoint    ] Safepoint "Cleanup", Time since last: 1000094896 ns, Reaching safepoint: 87660 ns, At safepoint: 2858 ns, Total: 90518 ns
[2020-08-24T20:58:38.844+0000][31350][safepoint    ] Safepoint "Cleanup", Time since last: 1000133673 ns, Reaching safepoint: 98835 ns, At safepoint: 1823 ns, Total: 100658 ns
[2020-08-24T20:58:39.844+0000][31350][safepoint    ] Safepoint "Cleanup", Time since last: 1000089673 ns, Reaching safepoint: 84609 ns, At safepoint: 3436 ns, Total: 88045 ns
[2020-08-24T20:58:40.845+0000][31350][safepoint    ] Safepoint "Cleanup", Time since last: 1000102583 ns, Reaching safepoint: 96644 ns, At safepoint: 3652 ns, Total: 100296 ns
[2020-08-24T20:58:41.845+0000][31350][safepoint    ] Safepoint "Cleanup", Time since last: 1000134869 ns, Reaching safepoint: 117355 ns, At safepoint: 3082 ns, Total: 120437 ns
[2020-08-24T20:58:42.845+0000][31350][safepoint    ] Safepoint "Cleanup", Time since last: 1000137276 ns, Reaching safepoint: 163213 ns, At safepoint: 7351 ns, Total: 170564 ns
[2020-08-24T20:58:43.294+0000][31350][safepoint    ] Safepoint "ICBufferFull", Time since last: 448351810 ns, Reaching safepoint: 263238 ns, At safepoint: 4600 ns, Total: 267838 ns
[2020-08-24T20:58:43.296+0000][31350][gc           ] Cancelling GC: Stopping VM
[2020-08-24T20:58:43.297+0000][31350][gc,heap,exit ] Heap
[2020-08-24T20:58:43.297+0000][31350][gc,heap,exit ] Shenandoah Heap
[2020-08-24T20:58:43.297+0000][31350][gc,heap,exit ]  4096M total, 4096M committed, 314M used
[2020-08-24T20:58:43.297+0000][31350][gc,heap,exit ]  2048 x 2048K regions
[2020-08-24T20:58:43.297+0000][31350][gc,heap,exit ] Status: cancelled
[2020-08-24T20:58:43.297+0000][31350][gc,heap,exit ] Reserved region:
[2020-08-24T20:58:43.297+0000][31350][gc,heap,exit ]  - [0x0000000700000000, 0x0000000800000000) 
[2020-08-24T20:58:43.297+0000][31350][gc,heap,exit ] Collection set:
[2020-08-24T20:58:43.297+0000][31350][gc,heap,exit ]  - map (vanilla): 0x00007fc8f11b0800
[2020-08-24T20:58:43.297+0000][31350][gc,heap,exit ]  - map (biased):  0x00007fc8f11ad000
[2020-08-24T20:58:43.297+0000][31350][gc,heap,exit ] 
[2020-08-24T20:58:43.297+0000][31350][gc,heap,exit ]  Metaspace       used 71174K, capacity 73860K, committed 74112K, reserved 1112064K
[2020-08-24T20:58:43.297+0000][31350][gc,heap,exit ]   class space    used 9192K, capacity 10479K, committed 10624K, reserved 1048576K
[2020-08-24T20:58:43.297+0000][31350][gc,stats     ] 
[2020-08-24T20:58:43.297+0000][31350][gc,stats     ] GC STATISTICS:
[2020-08-24T20:58:43.297+0000][31350][gc,stats     ]   "(G)" (gross) pauses include VM time: time to notify and block threads, do the pre-
[2020-08-24T20:58:43.297+0000][31350][gc,stats     ]         and post-safepoint housekeeping. Use -Xlog:safepoint+stats to dissect.
[2020-08-24T20:58:43.297+0000][31350][gc,stats     ]   "(N)" (net) pauses are the times spent in the actual GC code.
[2020-08-24T20:58:43.297+0000][31350][gc,stats     ]   "a" is average time for each phase, look at levels to see if average makes sense.
[2020-08-24T20:58:43.297+0000][31350][gc,stats     ]   "lvls" are quantiles: 0% (minimum), 25%, 50% (median), 75%, 100% (maximum).
[2020-08-24T20:58:43.297+0000][31350][gc,stats     ] 
[2020-08-24T20:58:43.297+0000][31350][gc,stats     ] Total Pauses (G)            =     0.45 s (a =      663 us) (n =   676) (lvls, us =      100,      281,      447,      785,     2860)
[2020-08-24T20:58:43.297+0000][31350][gc,stats     ] Total Pauses (N)            =     0.30 s (a =      440 us) (n =   676) (lvls, us =       31,      104,      291,      602,     2341)
[2020-08-24T20:58:43.297+0000][31350][gc,stats     ] Pause Init Mark (G)         =     0.16 s (a =      947 us) (n =   169) (lvls, us =      357,      527,      678,     1543,     1908)
[2020-08-24T20:58:43.297+0000][31350][gc,stats     ] Pause Init Mark (N)         =     0.11 s (a =      670 us) (n =   169) (lvls, us =      285,      367,      473,     1094,     1338)
[2020-08-24T20:58:43.297+0000][31350][gc,stats     ]   Make Parsable             =     0.00 s (a =       10 us) (n =   169) (lvls, us =        3,        5,        7,       15,       23)
[2020-08-24T20:58:43.297+0000][31350][gc,stats     ]   Clear Liveness            =     0.01 s (a =       77 us) (n =   169) (lvls, us =       16,       27,       53,      123,      211)
[2020-08-24T20:58:43.297+0000][31350][gc,stats     ]   Scan Roots                =     0.08 s (a =      494 us) (n =   169) (lvls, us =      223,      271,      359,      783,     1008)
[2020-08-24T20:58:43.297+0000][31350][gc,stats     ]     S: Thread Roots         =     0.01 s (a =       48 us) (n =   169) (lvls, us =       15,       22,       29,       74,      164)
[2020-08-24T20:58:43.297+0000][31350][gc,stats     ]     S: Universe Roots       =     0.00 s (a =        4 us) (n =   169) (lvls, us =        1,        1,        2,        5,       20)
[2020-08-24T20:58:43.297+0000][31350][gc,stats     ]     S: JNI Roots            =     0.00 s (a =        1 us) (n =   169) (lvls, us =        0,        0,        0,        1,        4)
[2020-08-24T20:58:43.297+0000][31350][gc,stats     ]     S: VM Global Roots      =     0.00 s (a =        0 us) (n =   169) (lvls, us =        0,        0,        0,        0,        4)
[2020-08-24T20:58:43.297+0000][31350][gc,stats     ]     S: Synchronizer Roots   =     0.00 s (a =        0 us) (n =   169) (lvls, us =        0,        0,        0,        1,        2)
[2020-08-24T20:58:43.297+0000][31350][gc,stats     ]     S: Management Roots     =     0.00 s (a =        3 us) (n =   169) (lvls, us =        1,        1,        2,        3,       28)
[2020-08-24T20:58:43.297+0000][31350][gc,stats     ]     S: System Dict Roots    =     0.00 s (a =       14 us) (n =   169) (lvls, us =        5,        6,       11,       21,       34)
[2020-08-24T20:58:43.297+0000][31350][gc,stats     ]     S: CLDG Roots           =     0.02 s (a =      127 us) (n =   169) (lvls, us =       19,       58,       81,      229,      272)
[2020-08-24T20:58:43.297+0000][31350][gc,stats     ]     S: JVMTI Roots          =     0.00 s (a =        1 us) (n =   169) (lvls, us =        0,        0,        0,        1,       23)
[2020-08-24T20:58:43.297+0000][31350][gc,stats     ]   Resize TLABs              =     0.00 s (a =        4 us) (n =   169) (lvls, us =        1,        2,        2,        7,       13)
[2020-08-24T20:58:43.297+0000][31350][gc,stats     ] Pause Final Mark (G)        =     0.19 s (a =     1109 us) (n =   169) (lvls, us =      473,      684,      936,     1445,     2858)
[2020-08-24T20:58:43.297+0000][31350][gc,stats     ] Pause Final Mark (N)        =     0.15 s (a =      875 us) (n =   169) (lvls, us =      389,      520,      727,     1133,     2340)
[2020-08-24T20:58:43.297+0000][31350][gc,stats     ]   Finish Queues             =     0.02 s (a =      132 us) (n =   169) (lvls, us =       35,       67,      107,      186,      384)
[2020-08-24T20:58:43.297+0000][31350][gc,stats     ]   Weak References           =     0.01 s (a =      261 us) (n =    34) (lvls, us =       88,      123,      213,      363,      631)
[2020-08-24T20:58:43.297+0000][31350][gc,stats     ]     Process                 =     0.01 s (a =      258 us) (n =    34) (lvls, us =       86,      121,      211,      359,      629)
[2020-08-24T20:58:43.297+0000][31350][gc,stats     ]   System Purge              =     0.02 s (a =      118 us) (n =   169) (lvls, us =       49,       67,       96,      162,      291)
[2020-08-24T20:58:43.297+0000][31350][gc,stats     ]     Parallel Cleanup        =     0.02 s (a =      117 us) (n =   169) (lvls, us =       48,       67,       96,      160,      290)
[2020-08-24T20:58:43.297+0000][31350][gc,stats     ]   Complete Liveness         =     0.01 s (a =       55 us) (n =   169) (lvls, us =       20,       26,       42,       72,      176)
[2020-08-24T20:58:43.297+0000][31350][gc,stats     ]   Retire TLABs              =     0.00 s (a =        9 us) (n =   169) (lvls, us =        3,        5,        7,       12,       36)
[2020-08-24T20:58:43.298+0000][31350][gc,stats     ]   Sync Pinned               =     0.00 s (a =       14 us) (n =   169) (lvls, us =        6,        8,       12,       18,       38)
[2020-08-24T20:58:43.298+0000][31350][gc,stats     ]   Trash CSet                =     0.00 s (a =        3 us) (n =   169) (lvls, us =        1,        1,        2,        3,       94)
[2020-08-24T20:58:43.298+0000][31350][gc,stats     ]   Prepare Evacuation        =     0.02 s (a =      133 us) (n =   169) (lvls, us =       65,       80,      111,      174,      299)
[2020-08-24T20:58:43.298+0000][31350][gc,stats     ]   Initial Evacuation        =     0.05 s (a =      296 us) (n =   169) (lvls, us =      133,      188,      252,      395,      711)
[2020-08-24T20:58:43.298+0000][31350][gc,stats     ]     E: Thread Roots         =     0.01 s (a =       47 us) (n =   169) (lvls, us =       14,       28,       45,       61,      158)
[2020-08-24T20:58:43.298+0000][31350][gc,stats     ]     E: Universe Roots       =     0.00 s (a =        3 us) (n =   169) (lvls, us =        1,        1,        2,        4,       21)
[2020-08-24T20:58:43.298+0000][31350][gc,stats     ]     E: JVMTI Weak Roots     =     0.00 s (a =        0 us) (n =   169) (lvls, us =        0,        0,        0,        0,        1)
[2020-08-24T20:58:43.298+0000][31350][gc,stats     ]     E: JFR Weak Roots       =     0.00 s (a =        0 us) (n =   169) (lvls, us =        0,        0,        0,        0,       14)
[2020-08-24T20:58:43.298+0000][31350][gc,stats     ]     E: Synchronizer Roots   =     0.00 s (a =        0 us) (n =   169) (lvls, us =        0,        0,        0,        0,        1)
[2020-08-24T20:58:43.298+0000][31350][gc,stats     ]     E: Management Roots     =     0.00 s (a =        2 us) (n =   169) (lvls, us =        1,        1,        2,        2,       11)
[2020-08-24T20:58:43.298+0000][31350][gc,stats     ]     E: System Dict Roots    =     0.00 s (a =       11 us) (n =   169) (lvls, us =        4,        6,        9,       12,       39)
[2020-08-24T20:58:43.298+0000][31350][gc,stats     ]     E: JVMTI Roots          =     0.00 s (a =        1 us) (n =   169) (lvls, us =        0,        0,        0,        1,        3)
[2020-08-24T20:58:43.298+0000][31350][gc,stats     ] Pause Init  Update Refs (G) =     0.04 s (a =      259 us) (n =   169) (lvls, us =      100,      189,      240,      297,      743)
[2020-08-24T20:58:43.298+0000][31350][gc,stats     ] Pause Init  Update Refs (N) =     0.01 s (a =       54 us) (n =   169) (lvls, us =       30,       41,       49,       60,      145)
[2020-08-24T20:58:43.298+0000][31350][gc,stats     ]   Retire GCLABs             =     0.00 s (a =        3 us) (n =   169) (lvls, us =        2,        2,        3,        4,       17)
[2020-08-24T20:58:43.298+0000][31350][gc,stats     ]   Prepare                   =     0.00 s (a =       21 us) (n =   169) (lvls, us =        8,       14,       18,       23,       81)
[2020-08-24T20:58:43.298+0000][31350][gc,stats     ] Pause Final Update Refs (G) =     0.06 s (a =      333 us) (n =   169) (lvls, us =      170,      262,      311,      365,      923)
[2020-08-24T20:58:43.298+0000][31350][gc,stats     ] Pause Final Update Refs (N) =     0.03 s (a =      161 us) (n =   169) (lvls, us =      100,      123,      145,      172,      500)
[2020-08-24T20:58:43.298+0000][31350][gc,stats     ]   Update Roots              =     0.01 s (a =       58 us) (n =   169) (lvls, us =       29,       36,       47,       70,      263)
[2020-08-24T20:58:43.298+0000][31350][gc,stats     ]     UR: Thread Roots        =     0.00 s (a =       16 us) (n =   169) (lvls, us =        7,       11,       13,       16,       50)
[2020-08-24T20:58:43.298+0000][31350][gc,stats     ]   Sync Pinned               =     0.00 s (a =       20 us) (n =   169) (lvls, us =        6,       12,       15,       24,       85)
[2020-08-24T20:58:43.298+0000][31350][gc,stats     ]   Trash CSet                =     0.00 s (a =        2 us) (n =   169) (lvls, us =        2,        2,        2,        2,       17)
[2020-08-24T20:58:43.298+0000][31350][gc,stats     ] Concurrent Reset            =     0.05 s (a =      320 us) (n =   169) (lvls, us =      109,      150,      230,      523,      886)
[2020-08-24T20:58:43.298+0000][31350][gc,stats     ] Concurrent Marking          =     2.10 s (a =    12426 us) (n =   169) (lvls, us =     3691,     6543,     8867,    20508,    28540)
[2020-08-24T20:58:43.298+0000][31350][gc,stats     ] Concurrent Precleaning      =     0.02 s (a =      558 us) (n =    34) (lvls, us =      229,      365,      527,      715,     1022)
[2020-08-24T20:58:43.298+0000][31350][gc,stats     ] Concurrent Roots            =     1.62 s (a =     9567 us) (n =   169) (lvls, us =     1816,     6484,     8320,    11133,    78010)
[2020-08-24T20:58:43.298+0000][31350][gc,stats     ] Concurrent Evacuation       =     0.09 s (a =      507 us) (n =   169) (lvls, us =      162,      266,      336,      580,     2971)
[2020-08-24T20:58:43.298+0000][31350][gc,stats     ] Concurrent Update Refs      =     0.97 s (a =     5767 us) (n =   169) (lvls, us =     3398,     4824,     5566,     6211,    12417)
[2020-08-24T20:58:43.298+0000][31350][gc,stats     ] Concurrent Cleanup          =     0.06 s (a =      180 us) (n =   338) (lvls, us =      105,      133,      162,      209,      605)
[2020-08-24T20:58:43.298+0000][31350][gc,stats     ] 
[2020-08-24T20:58:43.298+0000][31350][gc,stats     ] 
[2020-08-24T20:58:43.298+0000][31350][gc,stats     ] Under allocation pressure, concurrent cycles may cancel, and either continue cycle
[2020-08-24T20:58:43.298+0000][31350][gc,stats     ] under stop-the-world pause or result in stop-the-world Full GC. Increase heap size,
[2020-08-24T20:58:43.298+0000][31350][gc,stats     ] tune GC heuristics, set more aggressive pacing delay, or lower allocation rate
[2020-08-24T20:58:43.298+0000][31350][gc,stats     ] to avoid Degenerated and Full GC cycles.
[2020-08-24T20:58:43.298+0000][31350][gc,stats     ] 
[2020-08-24T20:58:43.298+0000][31350][gc,stats     ]   169 successful concurrent GCs
[2020-08-24T20:58:43.298+0000][31350][gc,stats     ]       0 invoked explicitly
[2020-08-24T20:58:43.298+0000][31350][gc,stats     ]       0 invoked implicitly
[2020-08-24T20:58:43.298+0000][31350][gc,stats     ] 
[2020-08-24T20:58:43.298+0000][31350][gc,stats     ]     0 Degenerated GCs
[2020-08-24T20:58:43.298+0000][31350][gc,stats     ]       0 caused by allocation failure
[2020-08-24T20:58:43.298+0000][31350][gc,stats     ]       0 upgraded to Full GC
[2020-08-24T20:58:43.298+0000][31350][gc,stats     ] 
[2020-08-24T20:58:43.298+0000][31350][gc,stats     ]     0 Full GCs
[2020-08-24T20:58:43.298+0000][31350][gc,stats     ]       0 invoked explicitly
[2020-08-24T20:58:43.298+0000][31350][gc,stats     ]       0 invoked implicitly
[2020-08-24T20:58:43.298+0000][31350][gc,stats     ]       0 caused by allocation failure
[2020-08-24T20:58:43.298+0000][31350][gc,stats     ]       0 upgraded from Degenerated GC
[2020-08-24T20:58:43.298+0000][31350][gc,stats     ] 
[2020-08-24T20:58:43.298+0000][31350][gc,stats     ] 
[2020-08-24T20:58:43.298+0000][31350][gc,stats     ] 
[2020-08-24T20:58:43.298+0000][31350][gc,stats     ] 
[2020-08-24T20:58:43.298+0000][31350][gc,stats     ]   Allocation tracing is disabled, use -XX:+ShenandoahAllocationTrace to enable.
