[2020-08-25T02:16:15.215+0000][23807][gc,heap] Heap region size: 2M
[2020-08-25T02:16:15.215+0000][23807][gc,heap] Minimum heap 4294967296  Initial heap 4294967296  Maximum heap 4294967296
[2020-08-25T02:16:15.216+0000][23807][gc,heap] Running G1 PreTouch with 1 workers for 4 work units pre-touching 4294967296B.
[2020-08-25T02:16:16.384+0000][23807][gc,heap] Running G1 PreTouch with 1 workers for 1 work units pre-touching 67108864B.
[2020-08-25T02:16:16.401+0000][23807][gc,heap] Running G1 PreTouch with 1 workers for 1 work units pre-touching 67108864B.
[2020-08-25T02:16:16.419+0000][23807][gc,heap] Running G1 PreTouch with 1 workers for 1 work units pre-touching 8388608B.
[2020-08-25T02:16:16.422+0000][23807][gc,heap] Running G1 PreTouch with 1 workers for 1 work units pre-touching 8388608B.
[2020-08-25T02:16:16.424+0000][23807][gc,heap] Running G1 PreTouch with 1 workers for 1 work units pre-touching 8388608B.
[2020-08-25T02:16:16.433+0000][23807][gc     ] Using G1
[2020-08-25T02:16:16.433+0000][23807][gc,heap,coops] Heap address: 0x0000000700000000, size: 4096 MB, Compressed Oops mode: Zero based, Oop shift amount: 3
[2020-08-25T02:16:16.728+0000][23807][safepoint    ] Application time: 0.2506054 seconds
[2020-08-25T02:16:16.728+0000][23807][safepoint    ] Entering safepoint region: Deoptimize
[2020-08-25T02:16:16.728+0000][23807][safepoint    ] Leaving safepoint region
[2020-08-25T02:16:16.728+0000][23807][safepoint    ] Total time for which application threads were stopped: 0.0001255 seconds, Stopping threads took: 0.0000100 seconds
[2020-08-25T02:16:16.984+0000][23807][safepoint    ] Application time: 0.2562197 seconds
[2020-08-25T02:16:16.984+0000][23807][safepoint    ] Entering safepoint region: Deoptimize
[2020-08-25T02:16:16.984+0000][23807][safepoint    ] Leaving safepoint region
[2020-08-25T02:16:16.984+0000][23807][safepoint    ] Total time for which application threads were stopped: 0.0001405 seconds, Stopping threads took: 0.0000095 seconds
[2020-08-25T02:16:16.985+0000][23807][safepoint    ] Application time: 0.0001863 seconds
[2020-08-25T02:16:16.985+0000][23807][safepoint    ] Entering safepoint region: Deoptimize
[2020-08-25T02:16:16.985+0000][23807][safepoint    ] Leaving safepoint region
[2020-08-25T02:16:16.985+0000][23807][safepoint    ] Total time for which application threads were stopped: 0.0000935 seconds, Stopping threads took: 0.0000064 seconds
[2020-08-25T02:16:17.107+0000][23807][safepoint    ] Application time: 0.1218316 seconds
[2020-08-25T02:16:17.107+0000][23807][safepoint    ] Entering safepoint region: CollectForMetadataAllocation
[2020-08-25T02:16:17.107+0000][23807][gc,heap      ] GC(0) Heap before GC invocations=0 (full 0): garbage-first heap   total 4194304K, used 47104K [0x0000000700000000, 0x0000000800000000)
[2020-08-25T02:16:17.107+0000][23807][gc,heap      ] GC(0)   region size 2048K, 24 young (49152K), 0 survivors (0K)
[2020-08-25T02:16:17.107+0000][23807][gc,heap      ] GC(0)  Metaspace       used 20702K, capacity 20964K, committed 21248K, reserved 1069056K
[2020-08-25T02:16:17.107+0000][23807][gc,heap      ] GC(0)   class space    used 2388K, capacity 2493K, committed 2560K, reserved 1048576K
[2020-08-25T02:16:17.107+0000][23807][gc,start     ] GC(0) Pause Young (Concurrent Start) (Metadata GC Threshold)
[2020-08-25T02:16:17.108+0000][23807][gc,task      ] GC(0) Using 10 workers of 10 for evacuation
[2020-08-25T02:16:17.108+0000][23807][gc,age       ] GC(0) Desired survivor size 13631488 bytes, new threshold 15 (max threshold 15)
[2020-08-25T02:16:17.117+0000][23807][gc,phases    ] GC(0)   Pre Evacuate Collection Set: 0.1ms
[2020-08-25T02:16:17.117+0000][23807][gc,phases    ] GC(0)   Evacuate Collection Set: 6.0ms
[2020-08-25T02:16:17.117+0000][23807][gc,phases    ] GC(0)   Post Evacuate Collection Set: 2.6ms
[2020-08-25T02:16:17.117+0000][23807][gc,phases    ] GC(0)   Other: 1.4ms
[2020-08-25T02:16:17.117+0000][23807][gc,heap      ] GC(0) Eden regions: 24->0(98)
[2020-08-25T02:16:17.117+0000][23807][gc,heap      ] GC(0) Survivor regions: 0->4(13)
[2020-08-25T02:16:17.117+0000][23807][gc,heap      ] GC(0) Old regions: 0->0
[2020-08-25T02:16:17.117+0000][23807][gc,heap      ] GC(0) Humongous regions: 0->0
[2020-08-25T02:16:17.117+0000][23807][gc,metaspace ] GC(0) Metaspace: 20702K->20702K(1069056K)
[2020-08-25T02:16:17.117+0000][23807][gc,heap      ] GC(0) Heap after GC invocations=1 (full 0): garbage-first heap   total 4194304K, used 6259K [0x0000000700000000, 0x0000000800000000)
[2020-08-25T02:16:17.117+0000][23807][gc,heap      ] GC(0)   region size 2048K, 4 young (8192K), 4 survivors (8192K)
[2020-08-25T02:16:17.117+0000][23807][gc,heap      ] GC(0)  Metaspace       used 20702K, capacity 20964K, committed 21248K, reserved 1069056K
[2020-08-25T02:16:17.117+0000][23807][gc,heap      ] GC(0)   class space    used 2388K, capacity 2493K, committed 2560K, reserved 1048576K
[2020-08-25T02:16:17.117+0000][23807][gc           ] GC(0) Pause Young (Concurrent Start) (Metadata GC Threshold) 47M->6M(4096M) 10.083ms
[2020-08-25T02:16:17.117+0000][23807][gc,cpu       ] GC(0) User=0.07s Sys=0.00s Real=0.01s
[2020-08-25T02:16:17.117+0000][23807][gc           ] GC(1) Concurrent Cycle
[2020-08-25T02:16:17.117+0000][23807][gc,marking   ] GC(1) Concurrent Clear Claimed Marks
[2020-08-25T02:16:17.117+0000][23807][gc,marking   ] GC(1) Concurrent Clear Claimed Marks 0.010ms
[2020-08-25T02:16:17.117+0000][23807][gc,marking   ] GC(1) Concurrent Scan Root Regions
[2020-08-25T02:16:17.117+0000][23807][safepoint    ] Leaving safepoint region
[2020-08-25T02:16:17.117+0000][23807][safepoint    ] Total time for which application threads were stopped: 0.0103293 seconds, Stopping threads took: 0.0000117 seconds
[2020-08-25T02:16:17.118+0000][23807][gc,marking   ] GC(1) Concurrent Scan Root Regions 1.106ms
[2020-08-25T02:16:17.118+0000][23807][gc,marking   ] GC(1) Concurrent Mark (1.907s)
[2020-08-25T02:16:17.118+0000][23807][gc,marking   ] GC(1) Concurrent Mark From Roots
[2020-08-25T02:16:17.118+0000][23807][gc,task      ] GC(1) Using 3 workers of 3 for marking
[2020-08-25T02:16:17.119+0000][23807][gc,marking   ] GC(1) Concurrent Mark From Roots 0.558ms
[2020-08-25T02:16:17.119+0000][23807][gc,marking   ] GC(1) Concurrent Preclean
[2020-08-25T02:16:17.119+0000][23807][gc,marking   ] GC(1) Concurrent Preclean 0.123ms
[2020-08-25T02:16:17.119+0000][23807][gc,marking   ] GC(1) Concurrent Mark (1.907s, 1.908s) 0.712ms
[2020-08-25T02:16:17.119+0000][23807][safepoint    ] Application time: 0.0018585 seconds
[2020-08-25T02:16:17.119+0000][23807][safepoint    ] Entering safepoint region: CGC_Operation
[2020-08-25T02:16:17.119+0000][23807][gc,start     ] GC(1) Pause Remark
[2020-08-25T02:16:17.123+0000][23807][gc,stringtable] GC(1) Cleaned string and symbol table, strings: 6609 processed, 0 removed, symbols: 66039 processed, 20 removed
[2020-08-25T02:16:17.123+0000][23807][gc            ] GC(1) Pause Remark 7M->7M(4096M) 4.340ms
[2020-08-25T02:16:17.123+0000][23807][gc,cpu        ] GC(1) User=0.05s Sys=0.00s Real=0.01s
[2020-08-25T02:16:17.123+0000][23807][safepoint     ] Leaving safepoint region
[2020-08-25T02:16:17.123+0000][23807][safepoint     ] Total time for which application threads were stopped: 0.0046488 seconds, Stopping threads took: 0.0002489 seconds
[2020-08-25T02:16:17.124+0000][23807][gc,marking    ] GC(1) Concurrent Rebuild Remembered Sets
[2020-08-25T02:16:17.124+0000][23807][gc,marking    ] GC(1) Concurrent Rebuild Remembered Sets 0.124ms
[2020-08-25T02:16:17.124+0000][23807][safepoint     ] Application time: 0.0002601 seconds
[2020-08-25T02:16:17.124+0000][23807][safepoint     ] Entering safepoint region: CGC_Operation
[2020-08-25T02:16:17.124+0000][23807][gc,start      ] GC(1) Pause Cleanup
[2020-08-25T02:16:17.124+0000][23807][gc            ] GC(1) Pause Cleanup 7M->7M(4096M) 0.248ms
[2020-08-25T02:16:17.124+0000][23807][gc,cpu        ] GC(1) User=0.00s Sys=0.01s Real=0.00s
[2020-08-25T02:16:17.124+0000][23807][safepoint     ] Leaving safepoint region
[2020-08-25T02:16:17.124+0000][23807][safepoint     ] Total time for which application threads were stopped: 0.0005653 seconds, Stopping threads took: 0.0002676 seconds
[2020-08-25T02:16:17.124+0000][23807][gc,marking    ] GC(1) Concurrent Cleanup for Next Mark
[2020-08-25T02:16:17.127+0000][23807][gc,marking    ] GC(1) Concurrent Cleanup for Next Mark 2.802ms
[2020-08-25T02:16:17.127+0000][23807][gc            ] GC(1) Concurrent Cycle 10.283ms
[2020-08-25T02:16:17.946+0000][23807][safepoint     ] Application time: 0.8215392 seconds
[2020-08-25T02:16:17.946+0000][23807][safepoint     ] Entering safepoint region: CollectForMetadataAllocation
[2020-08-25T02:16:17.946+0000][23807][gc,heap       ] GC(2) Heap before GC invocations=2 (full 0): garbage-first heap   total 4194304K, used 71795K [0x0000000700000000, 0x0000000800000000)
[2020-08-25T02:16:17.946+0000][23807][gc,heap       ] GC(2)   region size 2048K, 37 young (75776K), 4 survivors (8192K)
[2020-08-25T02:16:17.946+0000][23807][gc,heap       ] GC(2)  Metaspace       used 35007K, capacity 35517K, committed 35840K, reserved 1081344K
[2020-08-25T02:16:17.946+0000][23807][gc,heap       ] GC(2)   class space    used 4185K, capacity 4409K, committed 4480K, reserved 1048576K
[2020-08-25T02:16:17.946+0000][23807][gc,start      ] GC(2) Pause Young (Concurrent Start) (Metadata GC Threshold)
[2020-08-25T02:16:17.946+0000][23807][gc,task       ] GC(2) Using 10 workers of 10 for evacuation
[2020-08-25T02:16:17.946+0000][23807][gc,age        ] GC(2) Desired survivor size 13631488 bytes, new threshold 15 (max threshold 15)
[2020-08-25T02:16:17.953+0000][23807][gc,phases     ] GC(2)   Pre Evacuate Collection Set: 0.1ms
[2020-08-25T02:16:17.953+0000][23807][gc,phases     ] GC(2)   Evacuate Collection Set: 5.6ms
[2020-08-25T02:16:17.953+0000][23807][gc,phases     ] GC(2)   Post Evacuate Collection Set: 0.8ms
[2020-08-25T02:16:17.953+0000][23807][gc,phases     ] GC(2)   Other: 0.3ms
[2020-08-25T02:16:17.953+0000][23807][gc,heap       ] GC(2) Eden regions: 33->0(96)
[2020-08-25T02:16:17.953+0000][23807][gc,heap       ] GC(2) Survivor regions: 4->6(13)
[2020-08-25T02:16:17.953+0000][23807][gc,heap       ] GC(2) Old regions: 0->0
[2020-08-25T02:16:17.953+0000][23807][gc,heap       ] GC(2) Humongous regions: 0->0
[2020-08-25T02:16:17.953+0000][23807][gc,metaspace  ] GC(2) Metaspace: 35007K->35007K(1081344K)
[2020-08-25T02:16:17.953+0000][23807][gc,heap       ] GC(2) Heap after GC invocations=3 (full 0): garbage-first heap   total 4194304K, used 10639K [0x0000000700000000, 0x0000000800000000)
[2020-08-25T02:16:17.953+0000][23807][gc,heap       ] GC(2)   region size 2048K, 6 young (12288K), 6 survivors (12288K)
[2020-08-25T02:16:17.953+0000][23807][gc,heap       ] GC(2)  Metaspace       used 35007K, capacity 35517K, committed 35840K, reserved 1081344K
[2020-08-25T02:16:17.953+0000][23807][gc,heap       ] GC(2)   class space    used 4185K, capacity 4409K, committed 4480K, reserved 1048576K
[2020-08-25T02:16:17.953+0000][23807][gc            ] GC(2) Pause Young (Concurrent Start) (Metadata GC Threshold) 72M->10M(4096M) 6.833ms
[2020-08-25T02:16:17.953+0000][23807][gc,cpu        ] GC(2) User=0.03s Sys=0.00s Real=0.01s
[2020-08-25T02:16:17.953+0000][23807][gc            ] GC(3) Concurrent Cycle
[2020-08-25T02:16:17.953+0000][23807][gc,marking    ] GC(3) Concurrent Clear Claimed Marks
[2020-08-25T02:16:17.953+0000][23807][safepoint     ] Leaving safepoint region
[2020-08-25T02:16:17.953+0000][23807][gc,marking    ] GC(3) Concurrent Clear Claimed Marks 0.039ms
[2020-08-25T02:16:17.953+0000][23807][safepoint     ] Total time for which application threads were stopped: 0.0071406 seconds, Stopping threads took: 0.0000082 seconds
[2020-08-25T02:16:17.953+0000][23807][gc,marking    ] GC(3) Concurrent Scan Root Regions
[2020-08-25T02:16:17.955+0000][23807][gc,marking    ] GC(3) Concurrent Scan Root Regions 2.393ms
[2020-08-25T02:16:17.955+0000][23807][gc,marking    ] GC(3) Concurrent Mark (2.744s)
[2020-08-25T02:16:17.956+0000][23807][gc,marking    ] GC(3) Concurrent Mark From Roots
[2020-08-25T02:16:17.956+0000][23807][gc,task       ] GC(3) Using 3 workers of 3 for marking
[2020-08-25T02:16:17.956+0000][23807][gc,marking    ] GC(3) Concurrent Mark From Roots 0.550ms
[2020-08-25T02:16:17.956+0000][23807][gc,marking    ] GC(3) Concurrent Preclean
[2020-08-25T02:16:17.956+0000][23807][gc,marking    ] GC(3) Concurrent Preclean 0.104ms
[2020-08-25T02:16:17.956+0000][23807][gc,marking    ] GC(3) Concurrent Mark (2.744s, 2.745s) 0.712ms
[2020-08-25T02:16:17.956+0000][23807][safepoint     ] Application time: 0.0031982 seconds
[2020-08-25T02:16:17.956+0000][23807][safepoint     ] Entering safepoint region: CGC_Operation
[2020-08-25T02:16:17.956+0000][23807][gc,start      ] GC(3) Pause Remark
[2020-08-25T02:16:17.959+0000][23807][gc,stringtable] GC(3) Cleaned string and symbol table, strings: 9011 processed, 0 removed, symbols: 109289 processed, 16 removed
[2020-08-25T02:16:17.960+0000][23807][gc            ] GC(3) Pause Remark 11M->11M(4096M) 3.228ms
[2020-08-25T02:16:17.960+0000][23807][gc,cpu        ] GC(3) User=0.03s Sys=0.00s Real=0.00s
[2020-08-25T02:16:17.960+0000][23807][safepoint     ] Leaving safepoint region
[2020-08-25T02:16:17.960+0000][23807][safepoint     ] Total time for which application threads were stopped: 0.0033493 seconds, Stopping threads took: 0.0000083 seconds
[2020-08-25T02:16:17.960+0000][23807][gc,marking    ] GC(3) Concurrent Rebuild Remembered Sets
[2020-08-25T02:16:17.960+0000][23807][gc,marking    ] GC(3) Concurrent Rebuild Remembered Sets 0.082ms
[2020-08-25T02:16:17.960+0000][23807][safepoint     ] Application time: 0.0001161 seconds
[2020-08-25T02:16:17.960+0000][23807][safepoint     ] Entering safepoint region: CGC_Operation
[2020-08-25T02:16:17.960+0000][23807][gc,start      ] GC(3) Pause Cleanup
[2020-08-25T02:16:17.960+0000][23807][gc            ] GC(3) Pause Cleanup 11M->11M(4096M) 0.302ms
[2020-08-25T02:16:17.960+0000][23807][gc,cpu        ] GC(3) User=0.00s Sys=0.00s Real=0.00s
[2020-08-25T02:16:17.960+0000][23807][safepoint     ] Leaving safepoint region
[2020-08-25T02:16:17.960+0000][23807][safepoint     ] Total time for which application threads were stopped: 0.0004436 seconds, Stopping threads took: 0.0000818 seconds
[2020-08-25T02:16:17.960+0000][23807][gc,marking    ] GC(3) Concurrent Cleanup for Next Mark
[2020-08-25T02:16:17.965+0000][23807][gc,marking    ] GC(3) Concurrent Cleanup for Next Mark 4.810ms
[2020-08-25T02:16:17.965+0000][23807][gc            ] GC(3) Concurrent Cycle 12.092ms
[2020-08-25T02:16:18.359+0000][23807][safepoint     ] Application time: 0.3982992 seconds
[2020-08-25T02:16:18.359+0000][23807][safepoint     ] Entering safepoint region: Deoptimize
[2020-08-25T02:16:18.359+0000][23807][safepoint     ] Leaving safepoint region
[2020-08-25T02:16:18.359+0000][23807][safepoint     ] Total time for which application threads were stopped: 0.0002185 seconds, Stopping threads took: 0.0000100 seconds
[2020-08-25T02:16:18.359+0000][23807][safepoint     ] Application time: 0.0005613 seconds
[2020-08-25T02:16:18.359+0000][23807][safepoint     ] Entering safepoint region: Deoptimize
[2020-08-25T02:16:18.359+0000][23807][safepoint     ] Leaving safepoint region
[2020-08-25T02:16:18.359+0000][23807][safepoint     ] Total time for which application threads were stopped: 0.0001485 seconds, Stopping threads took: 0.0000054 seconds
[2020-08-25T02:16:18.994+0000][23807][safepoint     ] Application time: 0.6349976 seconds
[2020-08-25T02:16:18.995+0000][23807][safepoint     ] Entering safepoint region: Deoptimize
[2020-08-25T02:16:18.995+0000][23807][safepoint     ] Leaving safepoint region
[2020-08-25T02:16:18.995+0000][23807][safepoint     ] Total time for which application threads were stopped: 0.0002544 seconds, Stopping threads took: 0.0000070 seconds
[2020-08-25T02:16:19.450+0000][23807][safepoint     ] Application time: 0.4556909 seconds
[2020-08-25T02:16:19.450+0000][23807][safepoint     ] Entering safepoint region: CollectForMetadataAllocation
[2020-08-25T02:16:19.451+0000][23807][gc,heap       ] GC(4) Heap before GC invocations=4 (full 0): garbage-first heap   total 4194304K, used 106895K [0x0000000700000000, 0x0000000800000000)
[2020-08-25T02:16:19.451+0000][23807][gc,heap       ] GC(4)   region size 2048K, 55 young (112640K), 6 survivors (12288K)
[2020-08-25T02:16:19.451+0000][23807][gc,heap       ] GC(4)  Metaspace       used 58560K, capacity 60060K, committed 60160K, reserved 1101824K
[2020-08-25T02:16:19.451+0000][23807][gc,heap       ] GC(4)   class space    used 7481K, capacity 8295K, committed 8320K, reserved 1048576K
[2020-08-25T02:16:19.451+0000][23807][gc,start      ] GC(4) Pause Young (Concurrent Start) (Metadata GC Threshold)
[2020-08-25T02:16:19.451+0000][23807][gc,task       ] GC(4) Using 10 workers of 10 for evacuation
[2020-08-25T02:16:19.451+0000][23807][gc,age        ] GC(4) Desired survivor size 13631488 bytes, new threshold 15 (max threshold 15)
[2020-08-25T02:16:19.463+0000][23807][gc,phases     ] GC(4)   Pre Evacuate Collection Set: 0.1ms
[2020-08-25T02:16:19.463+0000][23807][gc,phases     ] GC(4)   Evacuate Collection Set: 10.2ms
[2020-08-25T02:16:19.463+0000][23807][gc,phases     ] GC(4)   Post Evacuate Collection Set: 1.0ms
[2020-08-25T02:16:19.463+0000][23807][gc,phases     ] GC(4)   Other: 0.3ms
[2020-08-25T02:16:19.463+0000][23807][gc,heap       ] GC(4) Eden regions: 49->0(129)
[2020-08-25T02:16:19.463+0000][23807][gc,heap       ] GC(4) Survivor regions: 6->9(13)
[2020-08-25T02:16:19.463+0000][23807][gc,heap       ] GC(4) Old regions: 0->0
[2020-08-25T02:16:19.463+0000][23807][gc,heap       ] GC(4) Humongous regions: 0->0
[2020-08-25T02:16:19.463+0000][23807][gc,metaspace  ] GC(4) Metaspace: 58560K->58560K(1101824K)
[2020-08-25T02:16:19.463+0000][23807][gc,heap       ] GC(4) Heap after GC invocations=5 (full 0): garbage-first heap   total 4194304K, used 16860K [0x0000000700000000, 0x0000000800000000)
[2020-08-25T02:16:19.463+0000][23807][gc,heap       ] GC(4)   region size 2048K, 9 young (18432K), 9 survivors (18432K)
[2020-08-25T02:16:19.463+0000][23807][gc,heap       ] GC(4)  Metaspace       used 58560K, capacity 60060K, committed 60160K, reserved 1101824K
[2020-08-25T02:16:19.463+0000][23807][gc,heap       ] GC(4)   class space    used 7481K, capacity 8295K, committed 8320K, reserved 1048576K
[2020-08-25T02:16:19.463+0000][23807][gc            ] GC(4) Pause Young (Concurrent Start) (Metadata GC Threshold) 108M->16M(4096M) 11.589ms
[2020-08-25T02:16:19.463+0000][23807][gc,cpu        ] GC(4) User=0.06s Sys=0.00s Real=0.01s
[2020-08-25T02:16:19.463+0000][23807][gc            ] GC(5) Concurrent Cycle
[2020-08-25T02:16:19.463+0000][23807][gc,marking    ] GC(5) Concurrent Clear Claimed Marks
[2020-08-25T02:16:19.463+0000][23807][gc,marking    ] GC(5) Concurrent Clear Claimed Marks 0.025ms
[2020-08-25T02:16:19.463+0000][23807][gc,marking    ] GC(5) Concurrent Scan Root Regions
[2020-08-25T02:16:19.463+0000][23807][safepoint     ] Leaving safepoint region
[2020-08-25T02:16:19.463+0000][23807][safepoint     ] Total time for which application threads were stopped: 0.0123367 seconds, Stopping threads took: 0.0000070 seconds
[2020-08-25T02:16:19.465+0000][23807][gc,marking    ] GC(5) Concurrent Scan Root Regions 2.223ms
[2020-08-25T02:16:19.465+0000][23807][gc,marking    ] GC(5) Concurrent Mark (4.254s)
[2020-08-25T02:16:19.465+0000][23807][gc,marking    ] GC(5) Concurrent Mark From Roots
[2020-08-25T02:16:19.465+0000][23807][gc,task       ] GC(5) Using 3 workers of 3 for marking
[2020-08-25T02:16:19.466+0000][23807][gc,marking    ] GC(5) Concurrent Mark From Roots 0.496ms
[2020-08-25T02:16:19.466+0000][23807][gc,marking    ] GC(5) Concurrent Preclean
[2020-08-25T02:16:19.466+0000][23807][gc,marking    ] GC(5) Concurrent Preclean 0.103ms
[2020-08-25T02:16:19.466+0000][23807][gc,marking    ] GC(5) Concurrent Mark (4.254s, 4.255s) 0.618ms
[2020-08-25T02:16:19.466+0000][23807][safepoint     ] Application time: 0.0028517 seconds
[2020-08-25T02:16:19.466+0000][23807][safepoint     ] Entering safepoint region: CGC_Operation
[2020-08-25T02:16:19.466+0000][23807][gc,start      ] GC(5) Pause Remark
[2020-08-25T02:16:19.467+0000][23807][gc,stringtable] GC(5) Cleaned string and symbol table, strings: 15923 processed, 0 removed, symbols: 156271 processed, 262 removed
[2020-08-25T02:16:19.468+0000][23807][gc            ] GC(5) Pause Remark 18M->18M(4096M) 2.102ms
[2020-08-25T02:16:19.468+0000][23807][gc,cpu        ] GC(5) User=0.02s Sys=0.00s Real=0.00s
[2020-08-25T02:16:19.468+0000][23807][safepoint     ] Leaving safepoint region
[2020-08-25T02:16:19.468+0000][23807][safepoint     ] Total time for which application threads were stopped: 0.0022026 seconds, Stopping threads took: 0.0000083 seconds
[2020-08-25T02:16:19.468+0000][23807][gc,marking    ] GC(5) Concurrent Rebuild Remembered Sets
[2020-08-25T02:16:19.468+0000][23807][gc,marking    ] GC(5) Concurrent Rebuild Remembered Sets 0.085ms
[2020-08-25T02:16:19.468+0000][23807][safepoint     ] Application time: 0.0001918 seconds
[2020-08-25T02:16:19.468+0000][23807][safepoint     ] Entering safepoint region: CGC_Operation
[2020-08-25T02:16:19.468+0000][23807][gc,start      ] GC(5) Pause Cleanup
[2020-08-25T02:16:19.468+0000][23807][gc            ] GC(5) Pause Cleanup 18M->18M(4096M) 0.251ms
[2020-08-25T02:16:19.468+0000][23807][gc,cpu        ] GC(5) User=0.00s Sys=0.00s Real=0.00s
[2020-08-25T02:16:19.468+0000][23807][safepoint     ] Leaving safepoint region
[2020-08-25T02:16:19.468+0000][23807][safepoint     ] Total time for which application threads were stopped: 0.0003289 seconds, Stopping threads took: 0.0000084 seconds
[2020-08-25T02:16:19.468+0000][23807][gc,marking    ] GC(5) Concurrent Cleanup for Next Mark
[2020-08-25T02:16:19.471+0000][23807][gc,marking    ] GC(5) Concurrent Cleanup for Next Mark 2.375ms
[2020-08-25T02:16:19.471+0000][23807][gc            ] GC(5) Concurrent Cycle 8.105ms
[2020-08-25T02:16:19.514+0000][23807][safepoint     ] Application time: 0.0457588 seconds
[2020-08-25T02:16:19.514+0000][23807][safepoint     ] Entering safepoint region: Deoptimize
[2020-08-25T02:16:19.514+0000][23807][safepoint     ] Leaving safepoint region
[2020-08-25T02:16:19.514+0000][23807][safepoint     ] Total time for which application threads were stopped: 0.0001838 seconds, Stopping threads took: 0.0000088 seconds
[2020-08-25T02:16:20.514+0000][23807][safepoint     ] Application time: 1.0000608 seconds
[2020-08-25T02:16:20.514+0000][23807][safepoint     ] Entering safepoint region: Cleanup
[2020-08-25T02:16:20.515+0000][23807][safepoint     ] Leaving safepoint region
[2020-08-25T02:16:20.515+0000][23807][safepoint     ] Total time for which application threads were stopped: 0.0001262 seconds, Stopping threads took: 0.0000095 seconds
[2020-08-25T02:16:22.515+0000][23807][safepoint     ] Application time: 2.0001772 seconds
[2020-08-25T02:16:22.515+0000][23807][safepoint     ] Entering safepoint region: Cleanup
[2020-08-25T02:16:22.515+0000][23807][safepoint     ] Leaving safepoint region
[2020-08-25T02:16:22.515+0000][23807][safepoint     ] Total time for which application threads were stopped: 0.0000711 seconds, Stopping threads took: 0.0000104 seconds
[2020-08-25T02:16:23.515+0000][23807][safepoint     ] Application time: 1.0001002 seconds
[2020-08-25T02:16:23.515+0000][23807][safepoint     ] Entering safepoint region: Cleanup
[2020-08-25T02:16:23.515+0000][23807][safepoint     ] Leaving safepoint region
[2020-08-25T02:16:23.515+0000][23807][safepoint     ] Total time for which application threads were stopped: 0.0001331 seconds, Stopping threads took: 0.0000436 seconds
[2020-08-25T02:16:24.515+0000][23807][safepoint     ] Application time: 1.0001153 seconds
[2020-08-25T02:16:24.515+0000][23807][safepoint     ] Entering safepoint region: Cleanup
[2020-08-25T02:16:24.515+0000][23807][safepoint     ] Leaving safepoint region
[2020-08-25T02:16:24.515+0000][23807][safepoint     ] Total time for which application threads were stopped: 0.0000858 seconds, Stopping threads took: 0.0000111 seconds
[2020-08-25T02:16:25.467+0000][23807][safepoint     ] Application time: 0.9510990 seconds
[2020-08-25T02:16:25.467+0000][23807][safepoint     ] Entering safepoint region: Deoptimize
[2020-08-25T02:16:25.467+0000][23807][safepoint     ] Leaving safepoint region
[2020-08-25T02:16:25.467+0000][23807][safepoint     ] Total time for which application threads were stopped: 0.0002228 seconds, Stopping threads took: 0.0000246 seconds
[2020-08-25T02:16:26.309+0000][23807][safepoint     ] Application time: 0.8417770 seconds
[2020-08-25T02:16:26.309+0000][23807][safepoint     ] Entering safepoint region: ICBufferFull
[2020-08-25T02:16:26.309+0000][23807][safepoint     ] Leaving safepoint region
[2020-08-25T02:16:26.309+0000][23807][safepoint     ] Total time for which application threads were stopped: 0.0001819 seconds, Stopping threads took: 0.0000098 seconds
[2020-08-25T02:16:27.074+0000][23807][safepoint     ] Application time: 0.7654794 seconds
[2020-08-25T02:16:27.074+0000][23807][safepoint     ] Entering safepoint region: ICBufferFull
[2020-08-25T02:16:27.074+0000][23807][safepoint     ] Leaving safepoint region
[2020-08-25T02:16:27.074+0000][23807][safepoint     ] Total time for which application threads were stopped: 0.0001695 seconds, Stopping threads took: 0.0000094 seconds
[2020-08-25T02:16:27.937+0000][23807][safepoint     ] Application time: 0.8626464 seconds
[2020-08-25T02:16:27.937+0000][23807][safepoint     ] Entering safepoint region: ICBufferFull
[2020-08-25T02:16:27.937+0000][23807][safepoint     ] Leaving safepoint region
[2020-08-25T02:16:27.937+0000][23807][safepoint     ] Total time for which application threads were stopped: 0.0002228 seconds, Stopping threads took: 0.0000846 seconds
[2020-08-25T02:16:28.267+0000][23807][safepoint     ] Application time: 0.3292241 seconds
[2020-08-25T02:16:28.267+0000][23807][safepoint     ] Entering safepoint region: G1CollectForAllocation
[2020-08-25T02:16:28.267+0000][23807][gc,heap       ] GC(6) Heap before GC invocations=6 (full 0): garbage-first heap   total 4194304K, used 281052K [0x0000000700000000, 0x0000000800000000)
[2020-08-25T02:16:28.267+0000][23807][gc,heap       ] GC(6)   region size 2048K, 138 young (282624K), 9 survivors (18432K)
[2020-08-25T02:16:28.267+0000][23807][gc,heap       ] GC(6)  Metaspace       used 76467K, capacity 78995K, committed 79360K, reserved 1118208K
[2020-08-25T02:16:28.267+0000][23807][gc,heap       ] GC(6)   class space    used 9641K, capacity 10897K, committed 11008K, reserved 1048576K
[2020-08-25T02:16:28.267+0000][23807][gc,start      ] GC(6) Pause Young (Normal) (G1 Evacuation Pause)
[2020-08-25T02:16:28.267+0000][23807][gc,task       ] GC(6) Using 10 workers of 10 for evacuation
[2020-08-25T02:16:28.267+0000][23807][gc,age        ] GC(6) Desired survivor size 18874368 bytes, new threshold 15 (max threshold 15)
[2020-08-25T02:16:28.280+0000][23807][gc,phases     ] GC(6)   Pre Evacuate Collection Set: 0.0ms
[2020-08-25T02:16:28.280+0000][23807][gc,phases     ] GC(6)   Evacuate Collection Set: 11.1ms
[2020-08-25T02:16:28.280+0000][23807][gc,phases     ] GC(6)   Post Evacuate Collection Set: 1.7ms
[2020-08-25T02:16:28.280+0000][23807][gc,phases     ] GC(6)   Other: 0.3ms
[2020-08-25T02:16:28.280+0000][23807][gc,heap       ] GC(6) Eden regions: 129->0(180)
[2020-08-25T02:16:28.280+0000][23807][gc,heap       ] GC(6) Survivor regions: 9->11(18)
[2020-08-25T02:16:28.280+0000][23807][gc,heap       ] GC(6) Old regions: 0->0
[2020-08-25T02:16:28.280+0000][23807][gc,heap       ] GC(6) Humongous regions: 0->0
[2020-08-25T02:16:28.280+0000][23807][gc,metaspace  ] GC(6) Metaspace: 76467K->76467K(1118208K)
[2020-08-25T02:16:28.280+0000][23807][gc,heap       ] GC(6) Heap after GC invocations=7 (full 0): garbage-first heap   total 4194304K, used 21365K [0x0000000700000000, 0x0000000800000000)
[2020-08-25T02:16:28.280+0000][23807][gc,heap       ] GC(6)   region size 2048K, 11 young (22528K), 11 survivors (22528K)
[2020-08-25T02:16:28.280+0000][23807][gc,heap       ] GC(6)  Metaspace       used 76467K, capacity 78995K, committed 79360K, reserved 1118208K
[2020-08-25T02:16:28.280+0000][23807][gc,heap       ] GC(6)   class space    used 9641K, capacity 10897K, committed 11008K, reserved 1048576K
[2020-08-25T02:16:28.280+0000][23807][gc            ] GC(6) Pause Young (Normal) (G1 Evacuation Pause) 274M->20M(4096M) 13.272ms
[2020-08-25T02:16:28.280+0000][23807][gc,cpu        ] GC(6) User=0.13s Sys=0.00s Real=0.01s
[2020-08-25T02:16:28.280+0000][23807][safepoint     ] Leaving safepoint region
[2020-08-25T02:16:28.280+0000][23807][safepoint     ] Total time for which application threads were stopped: 0.0135230 seconds, Stopping threads took: 0.0000498 seconds
[2020-08-25T02:16:29.280+0000][23807][safepoint     ] Application time: 1.0000756 seconds
[2020-08-25T02:16:29.280+0000][23807][safepoint     ] Entering safepoint region: Cleanup
[2020-08-25T02:16:29.280+0000][23807][safepoint     ] Leaving safepoint region
[2020-08-25T02:16:29.280+0000][23807][safepoint     ] Total time for which application threads were stopped: 0.0001638 seconds, Stopping threads took: 0.0000147 seconds
[2020-08-25T02:16:29.884+0000][23807][safepoint     ] Application time: 0.6039791 seconds
[2020-08-25T02:16:29.884+0000][23807][safepoint     ] Entering safepoint region: G1CollectForAllocation
[2020-08-25T02:16:29.885+0000][23807][gc,heap       ] GC(7) Heap before GC invocations=7 (full 0): garbage-first heap   total 4194304K, used 390005K [0x0000000700000000, 0x0000000800000000)
[2020-08-25T02:16:29.885+0000][23807][gc,heap       ] GC(7)   region size 2048K, 191 young (391168K), 11 survivors (22528K)
[2020-08-25T02:16:29.885+0000][23807][gc,heap       ] GC(7)  Metaspace       used 76684K, capacity 79198K, committed 79616K, reserved 1118208K
[2020-08-25T02:16:29.885+0000][23807][gc,heap       ] GC(7)   class space    used 9643K, capacity 10897K, committed 11008K, reserved 1048576K
[2020-08-25T02:16:29.885+0000][23807][gc,start      ] GC(7) Pause Young (Normal) (G1 Evacuation Pause)
[2020-08-25T02:16:29.885+0000][23807][gc,task       ] GC(7) Using 10 workers of 10 for evacuation
[2020-08-25T02:16:29.885+0000][23807][gc,age        ] GC(7) Desired survivor size 25165824 bytes, new threshold 15 (max threshold 15)
[2020-08-25T02:16:29.895+0000][23807][gc,phases     ] GC(7)   Pre Evacuate Collection Set: 0.0ms
[2020-08-25T02:16:29.895+0000][23807][gc,phases     ] GC(7)   Evacuate Collection Set: 9.3ms
[2020-08-25T02:16:29.895+0000][23807][gc,phases     ] GC(7)   Post Evacuate Collection Set: 1.1ms
[2020-08-25T02:16:29.895+0000][23807][gc,phases     ] GC(7)   Other: 0.3ms
[2020-08-25T02:16:29.895+0000][23807][gc,heap       ] GC(7) Eden regions: 180->0(246)
[2020-08-25T02:16:29.895+0000][23807][gc,heap       ] GC(7) Survivor regions: 11->11(24)
[2020-08-25T02:16:29.895+0000][23807][gc,heap       ] GC(7) Old regions: 0->0
[2020-08-25T02:16:29.895+0000][23807][gc,heap       ] GC(7) Humongous regions: 0->0
[2020-08-25T02:16:29.895+0000][23807][gc,metaspace  ] GC(7) Metaspace: 76684K->76684K(1118208K)
[2020-08-25T02:16:29.895+0000][23807][gc,heap       ] GC(7) Heap after GC invocations=8 (full 0): garbage-first heap   total 4194304K, used 21751K [0x0000000700000000, 0x0000000800000000)
[2020-08-25T02:16:29.895+0000][23807][gc,heap       ] GC(7)   region size 2048K, 11 young (22528K), 11 survivors (22528K)
[2020-08-25T02:16:29.895+0000][23807][gc,heap       ] GC(7)  Metaspace       used 76684K, capacity 79198K, committed 79616K, reserved 1118208K
[2020-08-25T02:16:29.895+0000][23807][gc,heap       ] GC(7)   class space    used 9643K, capacity 10897K, committed 11008K, reserved 1048576K
[2020-08-25T02:16:29.895+0000][23807][gc            ] GC(7) Pause Young (Normal) (G1 Evacuation Pause) 380M->21M(4096M) 10.729ms
[2020-08-25T02:16:29.895+0000][23807][gc,cpu        ] GC(7) User=0.11s Sys=0.00s Real=0.01s
[2020-08-25T02:16:29.895+0000][23807][safepoint     ] Leaving safepoint region
[2020-08-25T02:16:29.895+0000][23807][safepoint     ] Total time for which application threads were stopped: 0.0109590 seconds, Stopping threads took: 0.0000301 seconds
[2020-08-25T02:16:30.895+0000][23807][safepoint     ] Application time: 1.0001063 seconds
[2020-08-25T02:16:30.896+0000][23807][safepoint     ] Entering safepoint region: Cleanup
[2020-08-25T02:16:30.896+0000][23807][safepoint     ] Leaving safepoint region
[2020-08-25T02:16:30.896+0000][23807][safepoint     ] Total time for which application threads were stopped: 0.0002280 seconds, Stopping threads took: 0.0000261 seconds
[2020-08-25T02:16:31.812+0000][23807][safepoint     ] Application time: 0.9165289 seconds
[2020-08-25T02:16:31.812+0000][23807][safepoint     ] Entering safepoint region: ICBufferFull
[2020-08-25T02:16:31.812+0000][23807][safepoint     ] Leaving safepoint region
[2020-08-25T02:16:31.813+0000][23807][safepoint     ] Total time for which application threads were stopped: 0.0001979 seconds, Stopping threads took: 0.0000278 seconds
[2020-08-25T02:16:32.813+0000][23807][safepoint     ] Application time: 1.0000721 seconds
[2020-08-25T02:16:32.813+0000][23807][safepoint     ] Entering safepoint region: Cleanup
[2020-08-25T02:16:32.813+0000][23807][safepoint     ] Leaving safepoint region
[2020-08-25T02:16:32.813+0000][23807][safepoint     ] Total time for which application threads were stopped: 0.0001801 seconds, Stopping threads took: 0.0000385 seconds
[2020-08-25T02:16:33.346+0000][23807][safepoint     ] Application time: 0.5327886 seconds
[2020-08-25T02:16:33.346+0000][23807][safepoint     ] Entering safepoint region: G1CollectForAllocation
[2020-08-25T02:16:33.346+0000][23807][gc,heap       ] GC(8) Heap before GC invocations=8 (full 0): garbage-first heap   total 4194304K, used 525559K [0x0000000700000000, 0x0000000800000000)
[2020-08-25T02:16:33.346+0000][23807][gc,heap       ] GC(8)   region size 2048K, 257 young (526336K), 11 survivors (22528K)
[2020-08-25T02:16:33.346+0000][23807][gc,heap       ] GC(8)  Metaspace       used 77143K, capacity 79668K, committed 79872K, reserved 1118208K
[2020-08-25T02:16:33.346+0000][23807][gc,heap       ] GC(8)   class space    used 9697K, capacity 10976K, committed 11008K, reserved 1048576K
[2020-08-25T02:16:33.346+0000][23807][gc,start      ] GC(8) Pause Young (Normal) (G1 Evacuation Pause)
[2020-08-25T02:16:33.346+0000][23807][gc,task       ] GC(8) Using 10 workers of 10 for evacuation
[2020-08-25T02:16:33.346+0000][23807][gc,age        ] GC(8) Desired survivor size 34603008 bytes, new threshold 15 (max threshold 15)
[2020-08-25T02:16:33.355+0000][23807][gc,phases     ] GC(8)   Pre Evacuate Collection Set: 0.0ms
[2020-08-25T02:16:33.355+0000][23807][gc,phases     ] GC(8)   Evacuate Collection Set: 7.9ms
[2020-08-25T02:16:33.355+0000][23807][gc,phases     ] GC(8)   Post Evacuate Collection Set: 1.1ms
[2020-08-25T02:16:33.355+0000][23807][gc,phases     ] GC(8)   Other: 0.3ms
[2020-08-25T02:16:33.355+0000][23807][gc,heap       ] GC(8) Eden regions: 246->0(330)
[2020-08-25T02:16:33.355+0000][23807][gc,heap       ] GC(8) Survivor regions: 11->11(33)
[2020-08-25T02:16:33.355+0000][23807][gc,heap       ] GC(8) Old regions: 0->0
[2020-08-25T02:16:33.355+0000][23807][gc,heap       ] GC(8) Humongous regions: 0->0
[2020-08-25T02:16:33.355+0000][23807][gc,metaspace  ] GC(8) Metaspace: 77143K->77143K(1118208K)
[2020-08-25T02:16:33.355+0000][23807][gc,heap       ] GC(8) Heap after GC invocations=9 (full 0): garbage-first heap   total 4194304K, used 21950K [0x0000000700000000, 0x0000000800000000)
[2020-08-25T02:16:33.355+0000][23807][gc,heap       ] GC(8)   region size 2048K, 11 young (22528K), 11 survivors (22528K)
[2020-08-25T02:16:33.355+0000][23807][gc,heap       ] GC(8)  Metaspace       used 77143K, capacity 79668K, committed 79872K, reserved 1118208K
[2020-08-25T02:16:33.355+0000][23807][gc,heap       ] GC(8)   class space    used 9697K, capacity 10976K, committed 11008K, reserved 1048576K
[2020-08-25T02:16:33.355+0000][23807][gc            ] GC(8) Pause Young (Normal) (G1 Evacuation Pause) 513M->21M(4096M) 9.422ms
[2020-08-25T02:16:33.355+0000][23807][gc,cpu        ] GC(8) User=0.08s Sys=0.00s Real=0.01s
[2020-08-25T02:16:33.355+0000][23807][safepoint     ] Leaving safepoint region
[2020-08-25T02:16:33.355+0000][23807][safepoint     ] Total time for which application threads were stopped: 0.0096056 seconds, Stopping threads took: 0.0000153 seconds
[2020-08-25T02:16:34.355+0000][23807][safepoint     ] Application time: 1.0000931 seconds
[2020-08-25T02:16:34.355+0000][23807][safepoint     ] Entering safepoint region: Cleanup
[2020-08-25T02:16:34.356+0000][23807][safepoint     ] Leaving safepoint region
[2020-08-25T02:16:34.356+0000][23807][safepoint     ] Total time for which application threads were stopped: 0.0002112 seconds, Stopping threads took: 0.0001043 seconds
[2020-08-25T02:16:35.356+0000][23807][safepoint     ] Application time: 1.0000653 seconds
[2020-08-25T02:16:35.356+0000][23807][safepoint     ] Entering safepoint region: Cleanup
[2020-08-25T02:16:35.356+0000][23807][safepoint     ] Leaving safepoint region
[2020-08-25T02:16:35.356+0000][23807][safepoint     ] Total time for which application threads were stopped: 0.0001868 seconds, Stopping threads took: 0.0000760 seconds
[2020-08-25T02:16:36.356+0000][23807][safepoint     ] Application time: 1.0000658 seconds
[2020-08-25T02:16:36.356+0000][23807][safepoint     ] Entering safepoint region: Cleanup
[2020-08-25T02:16:36.356+0000][23807][safepoint     ] Leaving safepoint region
[2020-08-25T02:16:36.356+0000][23807][safepoint     ] Total time for which application threads were stopped: 0.0001394 seconds, Stopping threads took: 0.0000246 seconds
[2020-08-25T02:16:37.356+0000][23807][safepoint     ] Application time: 1.0000606 seconds
[2020-08-25T02:16:37.356+0000][23807][safepoint     ] Entering safepoint region: Cleanup
[2020-08-25T02:16:37.356+0000][23807][safepoint     ] Leaving safepoint region
[2020-08-25T02:16:37.356+0000][23807][safepoint     ] Total time for which application threads were stopped: 0.0001214 seconds, Stopping threads took: 0.0000124 seconds
[2020-08-25T02:16:38.356+0000][23807][safepoint     ] Application time: 1.0000588 seconds
[2020-08-25T02:16:38.356+0000][23807][safepoint     ] Entering safepoint region: Cleanup
[2020-08-25T02:16:38.356+0000][23807][safepoint     ] Leaving safepoint region
[2020-08-25T02:16:38.356+0000][23807][safepoint     ] Total time for which application threads were stopped: 0.0001356 seconds, Stopping threads took: 0.0000267 seconds
[2020-08-25T02:16:38.444+0000][23807][safepoint     ] Application time: 0.0872068 seconds
[2020-08-25T02:16:38.444+0000][23807][safepoint     ] Entering safepoint region: G1CollectForAllocation
[2020-08-25T02:16:38.444+0000][23807][gc,heap       ] GC(9) Heap before GC invocations=9 (full 0): garbage-first heap   total 4194304K, used 697790K [0x0000000700000000, 0x0000000800000000)
[2020-08-25T02:16:38.444+0000][23807][gc,heap       ] GC(9)   region size 2048K, 341 young (698368K), 11 survivors (22528K)
[2020-08-25T02:16:38.444+0000][23807][gc,heap       ] GC(9)  Metaspace       used 77478K, capacity 80000K, committed 80128K, reserved 1118208K
[2020-08-25T02:16:38.444+0000][23807][gc,heap       ] GC(9)   class space    used 9697K, capacity 10976K, committed 11008K, reserved 1048576K
[2020-08-25T02:16:38.444+0000][23807][gc,start      ] GC(9) Pause Young (Normal) (G1 Evacuation Pause)
[2020-08-25T02:16:38.444+0000][23807][gc,task       ] GC(9) Using 10 workers of 10 for evacuation
[2020-08-25T02:16:38.444+0000][23807][gc,age        ] GC(9) Desired survivor size 45088768 bytes, new threshold 15 (max threshold 15)
[2020-08-25T02:16:38.456+0000][23807][gc,phases     ] GC(9)   Pre Evacuate Collection Set: 0.1ms
[2020-08-25T02:16:38.456+0000][23807][gc,phases     ] GC(9)   Evacuate Collection Set: 10.0ms
[2020-08-25T02:16:38.456+0000][23807][gc,phases     ] GC(9)   Post Evacuate Collection Set: 1.8ms
[2020-08-25T02:16:38.456+0000][23807][gc,phases     ] GC(9)   Other: 0.4ms
[2020-08-25T02:16:38.456+0000][23807][gc,heap       ] GC(9) Eden regions: 330->0(383)
[2020-08-25T02:16:38.456+0000][23807][gc,heap       ] GC(9) Survivor regions: 11->11(43)
[2020-08-25T02:16:38.456+0000][23807][gc,heap       ] GC(9) Old regions: 0->0
[2020-08-25T02:16:38.456+0000][23807][gc,heap       ] GC(9) Humongous regions: 0->0
[2020-08-25T02:16:38.456+0000][23807][gc,metaspace  ] GC(9) Metaspace: 77478K->77478K(1118208K)
[2020-08-25T02:16:38.456+0000][23807][gc,heap       ] GC(9) Heap after GC invocations=10 (full 0): garbage-first heap   total 4194304K, used 22298K [0x0000000700000000, 0x0000000800000000)
[2020-08-25T02:16:38.456+0000][23807][gc,heap       ] GC(9)   region size 2048K, 11 young (22528K), 11 survivors (22528K)
[2020-08-25T02:16:38.456+0000][23807][gc,heap       ] GC(9)  Metaspace       used 77478K, capacity 80000K, committed 80128K, reserved 1118208K
[2020-08-25T02:16:38.456+0000][23807][gc,heap       ] GC(9)   class space    used 9697K, capacity 10976K, committed 11008K, reserved 1048576K
[2020-08-25T02:16:38.456+0000][23807][gc            ] GC(9) Pause Young (Normal) (G1 Evacuation Pause) 681M->21M(4096M) 12.335ms
[2020-08-25T02:16:38.456+0000][23807][gc,cpu        ] GC(9) User=0.10s Sys=0.00s Real=0.01s
[2020-08-25T02:16:38.456+0000][23807][safepoint     ] Leaving safepoint region
[2020-08-25T02:16:38.456+0000][23807][safepoint     ] Total time for which application threads were stopped: 0.0124846 seconds, Stopping threads took: 0.0000127 seconds
[2020-08-25T02:16:39.456+0000][23807][safepoint     ] Application time: 1.0000706 seconds
[2020-08-25T02:16:39.456+0000][23807][safepoint     ] Entering safepoint region: Cleanup
[2020-08-25T02:16:39.456+0000][23807][safepoint     ] Leaving safepoint region
[2020-08-25T02:16:39.456+0000][23807][safepoint     ] Total time for which application threads were stopped: 0.0001426 seconds, Stopping threads took: 0.0000123 seconds
[2020-08-25T02:16:40.457+0000][23807][safepoint     ] Application time: 1.0000619 seconds
[2020-08-25T02:16:40.457+0000][23807][safepoint     ] Entering safepoint region: Cleanup
[2020-08-25T02:16:40.457+0000][23807][safepoint     ] Leaving safepoint region
[2020-08-25T02:16:40.457+0000][23807][safepoint     ] Total time for which application threads were stopped: 0.0001242 seconds, Stopping threads took: 0.0000499 seconds
[2020-08-25T02:16:41.457+0000][23807][safepoint     ] Application time: 1.0000679 seconds
[2020-08-25T02:16:41.457+0000][23807][safepoint     ] Entering safepoint region: Cleanup
[2020-08-25T02:16:41.457+0000][23807][safepoint     ] Leaving safepoint region
[2020-08-25T02:16:41.457+0000][23807][safepoint     ] Total time for which application threads were stopped: 0.0000989 seconds, Stopping threads took: 0.0000146 seconds
[2020-08-25T02:16:42.457+0000][23807][safepoint     ] Application time: 1.0000602 seconds
[2020-08-25T02:16:42.457+0000][23807][safepoint     ] Entering safepoint region: Cleanup
[2020-08-25T02:16:42.457+0000][23807][safepoint     ] Leaving safepoint region
[2020-08-25T02:16:42.457+0000][23807][safepoint     ] Total time for which application threads were stopped: 0.0000768 seconds, Stopping threads took: 0.0000132 seconds
[2020-08-25T02:16:43.457+0000][23807][safepoint     ] Application time: 1.0001185 seconds
[2020-08-25T02:16:43.457+0000][23807][safepoint     ] Entering safepoint region: Cleanup
[2020-08-25T02:16:43.457+0000][23807][safepoint     ] Leaving safepoint region
[2020-08-25T02:16:43.457+0000][23807][safepoint     ] Total time for which application threads were stopped: 0.0001535 seconds, Stopping threads took: 0.0000390 seconds
[2020-08-25T02:16:44.312+0000][23807][safepoint     ] Application time: 0.8549480 seconds
[2020-08-25T02:16:44.312+0000][23807][safepoint     ] Entering safepoint region: G1CollectForAllocation
[2020-08-25T02:16:44.312+0000][23807][gc,heap       ] GC(10) Heap before GC invocations=10 (full 0): garbage-first heap   total 4194304K, used 806682K [0x0000000700000000, 0x0000000800000000)
[2020-08-25T02:16:44.312+0000][23807][gc,heap       ] GC(10)   region size 2048K, 394 young (806912K), 11 survivors (22528K)
[2020-08-25T02:16:44.312+0000][23807][gc,heap       ] GC(10)  Metaspace       used 77529K, capacity 80137K, committed 80384K, reserved 1118208K
[2020-08-25T02:16:44.312+0000][23807][gc,heap       ] GC(10)   class space    used 9698K, capacity 10977K, committed 11008K, reserved 1048576K
[2020-08-25T02:16:44.312+0000][23807][gc,start      ] GC(10) Pause Young (Normal) (G1 Evacuation Pause)
[2020-08-25T02:16:44.312+0000][23807][gc,task       ] GC(10) Using 10 workers of 10 for evacuation
[2020-08-25T02:16:44.312+0000][23807][gc,age        ] GC(10) Desired survivor size 52428800 bytes, new threshold 15 (max threshold 15)
[2020-08-25T02:16:44.322+0000][23807][gc,phases     ] GC(10)   Pre Evacuate Collection Set: 0.0ms
[2020-08-25T02:16:44.322+0000][23807][gc,phases     ] GC(10)   Evacuate Collection Set: 8.4ms
[2020-08-25T02:16:44.322+0000][23807][gc,phases     ] GC(10)   Post Evacuate Collection Set: 1.1ms
[2020-08-25T02:16:44.322+0000][23807][gc,phases     ] GC(10)   Other: 0.3ms
[2020-08-25T02:16:44.322+0000][23807][gc,heap       ] GC(10) Eden regions: 383->0(475)
[2020-08-25T02:16:44.322+0000][23807][gc,heap       ] GC(10) Survivor regions: 11->11(50)
[2020-08-25T02:16:44.322+0000][23807][gc,heap       ] GC(10) Old regions: 0->0
[2020-08-25T02:16:44.322+0000][23807][gc,heap       ] GC(10) Humongous regions: 0->0
[2020-08-25T02:16:44.322+0000][23807][gc,metaspace  ] GC(10) Metaspace: 77529K->77529K(1118208K)
[2020-08-25T02:16:44.322+0000][23807][gc,heap       ] GC(10) Heap after GC invocations=11 (full 0): garbage-first heap   total 4194304K, used 22314K [0x0000000700000000, 0x0000000800000000)
[2020-08-25T02:16:44.322+0000][23807][gc,heap       ] GC(10)   region size 2048K, 11 young (22528K), 11 survivors (22528K)
[2020-08-25T02:16:44.322+0000][23807][gc,heap       ] GC(10)  Metaspace       used 77529K, capacity 80137K, committed 80384K, reserved 1118208K
[2020-08-25T02:16:44.322+0000][23807][gc,heap       ] GC(10)   class space    used 9698K, capacity 10977K, committed 11008K, reserved 1048576K
[2020-08-25T02:16:44.322+0000][23807][gc            ] GC(10) Pause Young (Normal) (G1 Evacuation Pause) 787M->21M(4096M) 9.891ms
[2020-08-25T02:16:44.322+0000][23807][gc,cpu        ] GC(10) User=0.09s Sys=0.00s Real=0.01s
[2020-08-25T02:16:44.322+0000][23807][safepoint     ] Leaving safepoint region
[2020-08-25T02:16:44.322+0000][23807][safepoint     ] Total time for which application threads were stopped: 0.0100556 seconds, Stopping threads took: 0.0000110 seconds
[2020-08-25T02:16:45.322+0000][23807][safepoint     ] Application time: 1.0000646 seconds
[2020-08-25T02:16:45.323+0000][23807][safepoint     ] Entering safepoint region: Cleanup
[2020-08-25T02:16:45.323+0000][23807][safepoint     ] Leaving safepoint region
[2020-08-25T02:16:45.323+0000][23807][safepoint     ] Total time for which application threads were stopped: 0.0000734 seconds, Stopping threads took: 0.0000244 seconds
[2020-08-25T02:16:46.323+0000][23807][safepoint     ] Application time: 1.0001345 seconds
[2020-08-25T02:16:46.323+0000][23807][safepoint     ] Entering safepoint region: Cleanup
[2020-08-25T02:16:46.323+0000][23807][safepoint     ] Leaving safepoint region
[2020-08-25T02:16:46.323+0000][23807][safepoint     ] Total time for which application threads were stopped: 0.0002481 seconds, Stopping threads took: 0.0000389 seconds
[2020-08-25T02:16:47.323+0000][23807][safepoint     ] Application time: 1.0001037 seconds
[2020-08-25T02:16:47.323+0000][23807][safepoint     ] Entering safepoint region: Cleanup
[2020-08-25T02:16:47.323+0000][23807][safepoint     ] Leaving safepoint region
[2020-08-25T02:16:47.323+0000][23807][safepoint     ] Total time for which application threads were stopped: 0.0000676 seconds, Stopping threads took: 0.0000131 seconds
[2020-08-25T02:16:48.323+0000][23807][safepoint     ] Application time: 1.0001083 seconds
[2020-08-25T02:16:48.323+0000][23807][safepoint     ] Entering safepoint region: Cleanup
[2020-08-25T02:16:48.324+0000][23807][safepoint     ] Leaving safepoint region
[2020-08-25T02:16:48.324+0000][23807][safepoint     ] Total time for which application threads were stopped: 0.0002624 seconds, Stopping threads took: 0.0000825 seconds
[2020-08-25T02:16:49.324+0000][23807][safepoint     ] Application time: 1.0001102 seconds
[2020-08-25T02:16:49.324+0000][23807][safepoint     ] Entering safepoint region: Cleanup
[2020-08-25T02:16:49.324+0000][23807][safepoint     ] Leaving safepoint region
[2020-08-25T02:16:49.324+0000][23807][safepoint     ] Total time for which application threads were stopped: 0.0000655 seconds, Stopping threads took: 0.0000136 seconds
[2020-08-25T02:16:50.324+0000][23807][safepoint     ] Application time: 1.0000877 seconds
[2020-08-25T02:16:50.324+0000][23807][safepoint     ] Entering safepoint region: Cleanup
[2020-08-25T02:16:50.324+0000][23807][safepoint     ] Leaving safepoint region
[2020-08-25T02:16:50.324+0000][23807][safepoint     ] Total time for which application threads were stopped: 0.0000938 seconds, Stopping threads took: 0.0000133 seconds
[2020-08-25T02:16:51.324+0000][23807][safepoint     ] Application time: 1.0000964 seconds
[2020-08-25T02:16:51.324+0000][23807][safepoint     ] Entering safepoint region: Cleanup
[2020-08-25T02:16:51.324+0000][23807][safepoint     ] Leaving safepoint region
[2020-08-25T02:16:51.324+0000][23807][safepoint     ] Total time for which application threads were stopped: 0.0000726 seconds, Stopping threads took: 0.0000133 seconds
[2020-08-25T02:16:52.324+0000][23807][safepoint     ] Application time: 1.0000798 seconds
[2020-08-25T02:16:52.325+0000][23807][safepoint     ] Entering safepoint region: Cleanup
[2020-08-25T02:16:52.325+0000][23807][safepoint     ] Leaving safepoint region
[2020-08-25T02:16:52.325+0000][23807][safepoint     ] Total time for which application threads were stopped: 0.0003469 seconds, Stopping threads took: 0.0000829 seconds
[2020-08-25T02:16:52.437+0000][23807][safepoint     ] Application time: 0.1121274 seconds
[2020-08-25T02:16:52.437+0000][23807][safepoint     ] Entering safepoint region: G1CollectForAllocation
[2020-08-25T02:16:52.437+0000][23807][gc,heap       ] GC(11) Heap before GC invocations=11 (full 0): garbage-first heap   total 4194304K, used 995114K [0x0000000700000000, 0x0000000800000000)
[2020-08-25T02:16:52.437+0000][23807][gc,heap       ] GC(11)   region size 2048K, 486 young (995328K), 11 survivors (22528K)
[2020-08-25T02:16:52.437+0000][23807][gc,heap       ] GC(11)  Metaspace       used 77552K, capacity 80138K, committed 80384K, reserved 1118208K
[2020-08-25T02:16:52.437+0000][23807][gc,heap       ] GC(11)   class space    used 9698K, capacity 10977K, committed 11008K, reserved 1048576K
[2020-08-25T02:16:52.437+0000][23807][gc,start      ] GC(11) Pause Young (Normal) (G1 Evacuation Pause)
[2020-08-25T02:16:52.437+0000][23807][gc,task       ] GC(11) Using 10 workers of 10 for evacuation
[2020-08-25T02:16:52.437+0000][23807][gc,age        ] GC(11) Desired survivor size 63963136 bytes, new threshold 15 (max threshold 15)
[2020-08-25T02:16:52.445+0000][23807][gc,phases     ] GC(11)   Pre Evacuate Collection Set: 0.0ms
[2020-08-25T02:16:52.445+0000][23807][gc,phases     ] GC(11)   Evacuate Collection Set: 6.6ms
[2020-08-25T02:16:52.445+0000][23807][gc,phases     ] GC(11)   Post Evacuate Collection Set: 1.1ms
[2020-08-25T02:16:52.445+0000][23807][gc,phases     ] GC(11)   Other: 0.4ms
[2020-08-25T02:16:52.445+0000][23807][gc,heap       ] GC(11) Eden regions: 475->0(615)
[2020-08-25T02:16:52.445+0000][23807][gc,heap       ] GC(11) Survivor regions: 11->11(61)
[2020-08-25T02:16:52.445+0000][23807][gc,heap       ] GC(11) Old regions: 0->0
[2020-08-25T02:16:52.445+0000][23807][gc,heap       ] GC(11) Humongous regions: 0->0
[2020-08-25T02:16:52.445+0000][23807][gc,metaspace  ] GC(11) Metaspace: 77552K->77552K(1118208K)
[2020-08-25T02:16:52.445+0000][23807][gc,heap       ] GC(11) Heap after GC invocations=12 (full 0): garbage-first heap   total 4194304K, used 21936K [0x0000000700000000, 0x0000000800000000)
[2020-08-25T02:16:52.445+0000][23807][gc,heap       ] GC(11)   region size 2048K, 11 young (22528K), 11 survivors (22528K)
[2020-08-25T02:16:52.445+0000][23807][gc,heap       ] GC(11)  Metaspace       used 77552K, capacity 80138K, committed 80384K, reserved 1118208K
[2020-08-25T02:16:52.445+0000][23807][gc,heap       ] GC(11)   class space    used 9698K, capacity 10977K, committed 11008K, reserved 1048576K
[2020-08-25T02:16:52.445+0000][23807][gc            ] GC(11) Pause Young (Normal) (G1 Evacuation Pause) 971M->21M(4096M) 8.180ms
[2020-08-25T02:16:52.445+0000][23807][gc,cpu        ] GC(11) User=0.07s Sys=0.00s Real=0.01s
[2020-08-25T02:16:52.445+0000][23807][safepoint     ] Leaving safepoint region
[2020-08-25T02:16:52.445+0000][23807][safepoint     ] Total time for which application threads were stopped: 0.0083144 seconds, Stopping threads took: 0.0000118 seconds
[2020-08-25T02:16:54.446+0000][23807][safepoint     ] Application time: 2.0002004 seconds
[2020-08-25T02:16:54.446+0000][23807][safepoint     ] Entering safepoint region: Cleanup
[2020-08-25T02:16:54.446+0000][23807][safepoint     ] Leaving safepoint region
[2020-08-25T02:16:54.446+0000][23807][safepoint     ] Total time for which application threads were stopped: 0.0001139 seconds, Stopping threads took: 0.0000179 seconds
[2020-08-25T02:16:55.446+0000][23807][safepoint     ] Application time: 1.0000640 seconds
[2020-08-25T02:16:55.446+0000][23807][safepoint     ] Entering safepoint region: Cleanup
[2020-08-25T02:16:55.446+0000][23807][safepoint     ] Leaving safepoint region
[2020-08-25T02:16:55.446+0000][23807][safepoint     ] Total time for which application threads were stopped: 0.0000998 seconds, Stopping threads took: 0.0000197 seconds
[2020-08-25T02:16:56.446+0000][23807][safepoint     ] Application time: 1.0000997 seconds
[2020-08-25T02:16:56.446+0000][23807][safepoint     ] Entering safepoint region: Cleanup
[2020-08-25T02:16:56.446+0000][23807][safepoint     ] Leaving safepoint region
[2020-08-25T02:16:56.446+0000][23807][safepoint     ] Total time for which application threads were stopped: 0.0000932 seconds, Stopping threads took: 0.0000130 seconds
[2020-08-25T02:16:58.446+0000][23807][safepoint     ] Application time: 2.0001415 seconds
[2020-08-25T02:16:58.446+0000][23807][safepoint     ] Entering safepoint region: Cleanup
[2020-08-25T02:16:58.446+0000][23807][safepoint     ] Leaving safepoint region
[2020-08-25T02:16:58.446+0000][23807][safepoint     ] Total time for which application threads were stopped: 0.0000688 seconds, Stopping threads took: 0.0000145 seconds
[2020-08-25T02:16:59.446+0000][23807][safepoint     ] Application time: 1.0000981 seconds
[2020-08-25T02:16:59.446+0000][23807][safepoint     ] Entering safepoint region: Cleanup
[2020-08-25T02:16:59.447+0000][23807][safepoint     ] Leaving safepoint region
[2020-08-25T02:16:59.447+0000][23807][safepoint     ] Total time for which application threads were stopped: 0.0000782 seconds, Stopping threads took: 0.0000144 seconds
[2020-08-25T02:17:00.447+0000][23807][safepoint     ] Application time: 1.0000656 seconds
[2020-08-25T02:17:00.447+0000][23807][safepoint     ] Entering safepoint region: Cleanup
[2020-08-25T02:17:00.447+0000][23807][safepoint     ] Leaving safepoint region
[2020-08-25T02:17:00.447+0000][23807][safepoint     ] Total time for which application threads were stopped: 0.0000987 seconds, Stopping threads took: 0.0000202 seconds
[2020-08-25T02:17:01.447+0000][23807][safepoint     ] Application time: 1.0000667 seconds
[2020-08-25T02:17:01.447+0000][23807][safepoint     ] Entering safepoint region: Cleanup
[2020-08-25T02:17:01.447+0000][23807][safepoint     ] Leaving safepoint region
[2020-08-25T02:17:01.447+0000][23807][safepoint     ] Total time for which application threads were stopped: 0.0000813 seconds, Stopping threads took: 0.0000202 seconds
[2020-08-25T02:17:02.304+0000][23807][safepoint     ] Application time: 0.8574894 seconds
[2020-08-25T02:17:02.304+0000][23807][safepoint     ] Entering safepoint region: G1CollectForAllocation
[2020-08-25T02:17:02.305+0000][23807][gc,heap       ] GC(12) Heap before GC invocations=12 (full 0): garbage-first heap   total 4194304K, used 1281456K [0x0000000700000000, 0x0000000800000000)
[2020-08-25T02:17:02.305+0000][23807][gc,heap       ] GC(12)   region size 2048K, 626 young (1282048K), 11 survivors (22528K)
[2020-08-25T02:17:02.305+0000][23807][gc,heap       ] GC(12)  Metaspace       used 77587K, capacity 80140K, committed 80384K, reserved 1118208K
[2020-08-25T02:17:02.305+0000][23807][gc,heap       ] GC(12)   class space    used 9698K, capacity 10977K, committed 11008K, reserved 1048576K
[2020-08-25T02:17:02.305+0000][23807][gc,start      ] GC(12) Pause Young (Normal) (G1 Evacuation Pause)
[2020-08-25T02:17:02.305+0000][23807][gc,task       ] GC(12) Using 10 workers of 10 for evacuation
[2020-08-25T02:17:02.305+0000][23807][gc,age        ] GC(12) Desired survivor size 82837504 bytes, new threshold 15 (max threshold 15)
[2020-08-25T02:17:02.312+0000][23807][gc,phases     ] GC(12)   Pre Evacuate Collection Set: 0.0ms
[2020-08-25T02:17:02.312+0000][23807][gc,phases     ] GC(12)   Evacuate Collection Set: 6.4ms
[2020-08-25T02:17:02.312+0000][23807][gc,phases     ] GC(12)   Post Evacuate Collection Set: 1.0ms
[2020-08-25T02:17:02.312+0000][23807][gc,phases     ] GC(12)   Other: 0.3ms
[2020-08-25T02:17:02.312+0000][23807][gc,heap       ] GC(12) Eden regions: 615->0(769)
[2020-08-25T02:17:02.312+0000][23807][gc,heap       ] GC(12) Survivor regions: 11->11(79)
[2020-08-25T02:17:02.312+0000][23807][gc,heap       ] GC(12) Old regions: 0->0
[2020-08-25T02:17:02.312+0000][23807][gc,heap       ] GC(12) Humongous regions: 0->0
[2020-08-25T02:17:02.312+0000][23807][gc,metaspace  ] GC(12) Metaspace: 77587K->77587K(1118208K)
[2020-08-25T02:17:02.312+0000][23807][gc,heap       ] GC(12) Heap after GC invocations=13 (full 0): garbage-first heap   total 4194304K, used 22385K [0x0000000700000000, 0x0000000800000000)
[2020-08-25T02:17:02.312+0000][23807][gc,heap       ] GC(12)   region size 2048K, 11 young (22528K), 11 survivors (22528K)
[2020-08-25T02:17:02.312+0000][23807][gc,heap       ] GC(12)  Metaspace       used 77587K, capacity 80140K, committed 80384K, reserved 1118208K
[2020-08-25T02:17:02.312+0000][23807][gc,heap       ] GC(12)   class space    used 9698K, capacity 10977K, committed 11008K, reserved 1048576K
[2020-08-25T02:17:02.312+0000][23807][gc            ] GC(12) Pause Young (Normal) (G1 Evacuation Pause) 1251M->21M(4096M) 7.815ms
[2020-08-25T02:17:02.312+0000][23807][gc,cpu        ] GC(12) User=0.06s Sys=0.00s Real=0.01s
[2020-08-25T02:17:02.312+0000][23807][safepoint     ] Leaving safepoint region
[2020-08-25T02:17:02.312+0000][23807][safepoint     ] Total time for which application threads were stopped: 0.0079352 seconds, Stopping threads took: 0.0000114 seconds
[2020-08-25T02:17:03.312+0000][23807][safepoint     ] Application time: 1.0000664 seconds
[2020-08-25T02:17:03.312+0000][23807][safepoint     ] Entering safepoint region: Cleanup
[2020-08-25T02:17:03.313+0000][23807][safepoint     ] Leaving safepoint region
[2020-08-25T02:17:03.313+0000][23807][safepoint     ] Total time for which application threads were stopped: 0.0001428 seconds, Stopping threads took: 0.0000123 seconds
[2020-08-25T02:17:04.313+0000][23807][safepoint     ] Application time: 1.0002025 seconds
[2020-08-25T02:17:04.313+0000][23807][safepoint     ] Entering safepoint region: Cleanup
[2020-08-25T02:17:04.313+0000][23807][safepoint     ] Leaving safepoint region
[2020-08-25T02:17:04.313+0000][23807][safepoint     ] Total time for which application threads were stopped: 0.0000772 seconds, Stopping threads took: 0.0000117 seconds
[2020-08-25T02:17:05.313+0000][23807][safepoint     ] Application time: 1.0000633 seconds
[2020-08-25T02:17:05.321+0000][23807][safepoint     ] Entering safepoint region: Cleanup
[2020-08-25T02:17:05.321+0000][23807][safepoint     ] Leaving safepoint region
[2020-08-25T02:17:05.321+0000][23807][safepoint     ] Total time for which application threads were stopped: 0.0001058 seconds, Stopping threads took: 0.0000444 seconds
[2020-08-25T02:17:07.321+0000][23807][safepoint     ] Application time: 2.0002330 seconds
[2020-08-25T02:17:07.321+0000][23807][safepoint     ] Entering safepoint region: Cleanup
[2020-08-25T02:17:07.321+0000][23807][safepoint     ] Leaving safepoint region
[2020-08-25T02:17:07.321+0000][23807][safepoint     ] Total time for which application threads were stopped: 0.0000930 seconds, Stopping threads took: 0.0000124 seconds
[2020-08-25T02:17:09.321+0000][23807][safepoint     ] Application time: 2.0002242 seconds
[2020-08-25T02:17:09.321+0000][23807][safepoint     ] Entering safepoint region: Cleanup
[2020-08-25T02:17:09.322+0000][23807][safepoint     ] Leaving safepoint region
[2020-08-25T02:17:09.322+0000][23807][safepoint     ] Total time for which application threads were stopped: 0.0000784 seconds, Stopping threads took: 0.0000151 seconds
[2020-08-25T02:17:10.322+0000][23807][safepoint     ] Application time: 1.0000875 seconds
[2020-08-25T02:17:10.322+0000][23807][safepoint     ] Entering safepoint region: Cleanup
[2020-08-25T02:17:10.322+0000][23807][safepoint     ] Leaving safepoint region
[2020-08-25T02:17:10.322+0000][23807][safepoint     ] Total time for which application threads were stopped: 0.0002079 seconds, Stopping threads took: 0.0000409 seconds
[2020-08-25T02:17:13.322+0000][23807][safepoint     ] Application time: 3.0001967 seconds
[2020-08-25T02:17:13.322+0000][23807][safepoint     ] Entering safepoint region: Cleanup
[2020-08-25T02:17:13.322+0000][23807][safepoint     ] Leaving safepoint region
[2020-08-25T02:17:13.322+0000][23807][safepoint     ] Total time for which application threads were stopped: 0.0001017 seconds, Stopping threads took: 0.0000164 seconds
[2020-08-25T02:17:14.322+0000][23807][safepoint     ] Application time: 1.0000630 seconds
[2020-08-25T02:17:14.322+0000][23807][safepoint     ] Entering safepoint region: Cleanup
[2020-08-25T02:17:14.322+0000][23807][safepoint     ] Leaving safepoint region
[2020-08-25T02:17:14.322+0000][23807][safepoint     ] Total time for which application threads were stopped: 0.0000734 seconds, Stopping threads took: 0.0000198 seconds
[2020-08-25T02:17:15.291+0000][23807][safepoint     ] Application time: 0.9681316 seconds
[2020-08-25T02:17:15.321+0000][23807][safepoint     ] Entering safepoint region: G1CollectForAllocation
[2020-08-25T02:17:15.321+0000][23807][gc,heap       ] GC(13) Heap before GC invocations=13 (full 0): garbage-first heap   total 4194304K, used 1597297K [0x0000000700000000, 0x0000000800000000)
[2020-08-25T02:17:15.321+0000][23807][gc,heap       ] GC(13)   region size 2048K, 780 young (1597440K), 11 survivors (22528K)
[2020-08-25T02:17:15.321+0000][23807][gc,heap       ] GC(13)  Metaspace       used 77607K, capacity 80140K, committed 80384K, reserved 1118208K
[2020-08-25T02:17:15.321+0000][23807][gc,heap       ] GC(13)   class space    used 9698K, capacity 10977K, committed 11008K, reserved 1048576K
[2020-08-25T02:17:15.321+0000][23807][gc,start      ] GC(13) Pause Young (Normal) (G1 Evacuation Pause)
[2020-08-25T02:17:15.321+0000][23807][gc,task       ] GC(13) Using 10 workers of 10 for evacuation
[2020-08-25T02:17:15.321+0000][23807][gc,age        ] GC(13) Desired survivor size 102760448 bytes, new threshold 15 (max threshold 15)
[2020-08-25T02:17:15.332+0000][23807][gc,phases     ] GC(13)   Pre Evacuate Collection Set: 0.0ms
[2020-08-25T02:17:15.332+0000][23807][gc,phases     ] GC(13)   Evacuate Collection Set: 9.1ms
[2020-08-25T02:17:15.332+0000][23807][gc,phases     ] GC(13)   Post Evacuate Collection Set: 1.3ms
[2020-08-25T02:17:15.332+0000][23807][gc,phases     ] GC(13)   Other: 0.3ms
[2020-08-25T02:17:15.332+0000][23807][gc,heap       ] GC(13) Eden regions: 769->0(906)
[2020-08-25T02:17:15.332+0000][23807][gc,heap       ] GC(13) Survivor regions: 11->11(98)
[2020-08-25T02:17:15.332+0000][23807][gc,heap       ] GC(13) Old regions: 0->0
[2020-08-25T02:17:15.332+0000][23807][gc,heap       ] GC(13) Humongous regions: 0->0
[2020-08-25T02:17:15.332+0000][23807][gc,metaspace  ] GC(13) Metaspace: 77607K->77607K(1118208K)
[2020-08-25T02:17:15.332+0000][23807][gc,heap       ] GC(13) Heap after GC invocations=14 (full 0): garbage-first heap   total 4194304K, used 22387K [0x0000000700000000, 0x0000000800000000)
[2020-08-25T02:17:15.332+0000][23807][gc,heap       ] GC(13)   region size 2048K, 11 young (22528K), 11 survivors (22528K)
[2020-08-25T02:17:15.332+0000][23807][gc,heap       ] GC(13)  Metaspace       used 77607K, capacity 80140K, committed 80384K, reserved 1118208K
[2020-08-25T02:17:15.332+0000][23807][gc,heap       ] GC(13)   class space    used 9698K, capacity 10977K, committed 11008K, reserved 1048576K
[2020-08-25T02:17:15.332+0000][23807][gc            ] GC(13) Pause Young (Normal) (G1 Evacuation Pause) 1559M->21M(4096M) 10.801ms
[2020-08-25T02:17:15.332+0000][23807][gc,cpu        ] GC(13) User=0.09s Sys=0.00s Real=0.02s
[2020-08-25T02:17:15.332+0000][23807][safepoint     ] Leaving safepoint region
[2020-08-25T02:17:15.332+0000][23807][safepoint     ] Total time for which application threads were stopped: 0.0109687 seconds, Stopping threads took: 0.0000345 seconds
[2020-08-25T02:17:17.332+0000][23807][safepoint     ] Application time: 2.0002773 seconds
[2020-08-25T02:17:17.332+0000][23807][safepoint     ] Entering safepoint region: Cleanup
[2020-08-25T02:17:17.332+0000][23807][safepoint     ] Leaving safepoint region
[2020-08-25T02:17:17.332+0000][23807][safepoint     ] Total time for which application threads were stopped: 0.0000908 seconds, Stopping threads took: 0.0000162 seconds
[2020-08-25T02:17:18.332+0000][23807][safepoint     ] Application time: 1.0001630 seconds
[2020-08-25T02:17:18.332+0000][23807][safepoint     ] Entering safepoint region: Cleanup
[2020-08-25T02:17:18.332+0000][23807][safepoint     ] Leaving safepoint region
[2020-08-25T02:17:18.332+0000][23807][safepoint     ] Total time for which application threads were stopped: 0.0001110 seconds, Stopping threads took: 0.0000155 seconds
[2020-08-25T02:17:19.333+0000][23807][safepoint     ] Application time: 1.0000982 seconds
[2020-08-25T02:17:19.333+0000][23807][safepoint     ] Entering safepoint region: Cleanup
[2020-08-25T02:17:19.333+0000][23807][safepoint     ] Leaving safepoint region
[2020-08-25T02:17:19.333+0000][23807][safepoint     ] Total time for which application threads were stopped: 0.0000899 seconds, Stopping threads took: 0.0000221 seconds
[2020-08-25T02:17:22.333+0000][23807][safepoint     ] Application time: 3.0004561 seconds
[2020-08-25T02:17:22.333+0000][23807][safepoint     ] Entering safepoint region: Cleanup
[2020-08-25T02:17:22.333+0000][23807][safepoint     ] Leaving safepoint region
[2020-08-25T02:17:22.333+0000][23807][safepoint     ] Total time for which application threads were stopped: 0.0000758 seconds, Stopping threads took: 0.0000112 seconds
[2020-08-25T02:17:23.333+0000][23807][safepoint     ] Application time: 1.0000943 seconds
[2020-08-25T02:17:23.333+0000][23807][safepoint     ] Entering safepoint region: Cleanup
[2020-08-25T02:17:23.334+0000][23807][safepoint     ] Leaving safepoint region
[2020-08-25T02:17:23.334+0000][23807][safepoint     ] Total time for which application threads were stopped: 0.0001447 seconds, Stopping threads took: 0.0000136 seconds
[2020-08-25T02:17:24.334+0000][23807][safepoint     ] Application time: 1.0001299 seconds
[2020-08-25T02:17:24.334+0000][23807][safepoint     ] Entering safepoint region: Cleanup
[2020-08-25T02:17:24.334+0000][23807][safepoint     ] Leaving safepoint region
[2020-08-25T02:17:24.334+0000][23807][safepoint     ] Total time for which application threads were stopped: 0.0002513 seconds, Stopping threads took: 0.0000373 seconds
[2020-08-25T02:17:25.334+0000][23807][safepoint     ] Application time: 1.0000687 seconds
[2020-08-25T02:17:25.334+0000][23807][safepoint     ] Entering safepoint region: Cleanup
[2020-08-25T02:17:25.334+0000][23807][safepoint     ] Leaving safepoint region
[2020-08-25T02:17:25.334+0000][23807][safepoint     ] Total time for which application threads were stopped: 0.0001051 seconds, Stopping threads took: 0.0000188 seconds
[2020-08-25T02:17:30.302+0000][23807][safepoint     ] Application time: 4.9678372 seconds
[2020-08-25T02:17:30.321+0000][23807][safepoint     ] Entering safepoint region: G1CollectForAllocation
[2020-08-25T02:17:30.322+0000][23807][gc,heap       ] GC(14) Heap before GC invocations=14 (full 0): garbage-first heap   total 4194304K, used 1877875K [0x0000000700000000, 0x0000000800000000)
[2020-08-25T02:17:30.322+0000][23807][gc,heap       ] GC(14)   region size 2048K, 917 young (1878016K), 11 survivors (22528K)
[2020-08-25T02:17:30.322+0000][23807][gc,heap       ] GC(14)  Metaspace       used 77670K, capacity 80269K, committed 80384K, reserved 1118208K
[2020-08-25T02:17:30.322+0000][23807][gc,heap       ] GC(14)   class space    used 9698K, capacity 10977K, committed 11008K, reserved 1048576K
[2020-08-25T02:17:30.322+0000][23807][gc,start      ] GC(14) Pause Young (Normal) (G1 Evacuation Pause)
[2020-08-25T02:17:30.322+0000][23807][gc,task       ] GC(14) Using 10 workers of 10 for evacuation
[2020-08-25T02:17:30.322+0000][23807][gc,age        ] GC(14) Desired survivor size 120586240 bytes, new threshold 15 (max threshold 15)
[2020-08-25T02:17:30.353+0000][23807][gc,phases     ] GC(14)   Pre Evacuate Collection Set: 0.1ms
[2020-08-25T02:17:30.353+0000][23807][gc,phases     ] GC(14)   Evacuate Collection Set: 27.2ms
[2020-08-25T02:17:30.353+0000][23807][gc,phases     ] GC(14)   Post Evacuate Collection Set: 2.9ms
[2020-08-25T02:17:30.353+0000][23807][gc,phases     ] GC(14)   Other: 1.2ms
[2020-08-25T02:17:30.353+0000][23807][gc,heap       ] GC(14) Eden regions: 906->0(1150)
[2020-08-25T02:17:30.353+0000][23807][gc,heap       ] GC(14) Survivor regions: 11->11(115)
[2020-08-25T02:17:30.353+0000][23807][gc,heap       ] GC(14) Old regions: 0->0
[2020-08-25T02:17:30.353+0000][23807][gc,heap       ] GC(14) Humongous regions: 0->0
[2020-08-25T02:17:30.353+0000][23807][gc,metaspace  ] GC(14) Metaspace: 77670K->77670K(1118208K)
[2020-08-25T02:17:30.353+0000][23807][gc,heap       ] GC(14) Heap after GC invocations=15 (full 0): garbage-first heap   total 4194304K, used 21997K [0x0000000700000000, 0x0000000800000000)
[2020-08-25T02:17:30.353+0000][23807][gc,heap       ] GC(14)   region size 2048K, 11 young (22528K), 11 survivors (22528K)
[2020-08-25T02:17:30.353+0000][23807][gc,heap       ] GC(14)  Metaspace       used 77670K, capacity 80269K, committed 80384K, reserved 1118208K
[2020-08-25T02:17:30.353+0000][23807][gc,heap       ] GC(14)   class space    used 9698K, capacity 10977K, committed 11008K, reserved 1048576K
[2020-08-25T02:17:30.353+0000][23807][gc            ] GC(14) Pause Young (Normal) (G1 Evacuation Pause) 1833M->21M(4096M) 31.511ms
[2020-08-25T02:17:30.353+0000][23807][gc,cpu        ] GC(14) User=0.28s Sys=0.00s Real=0.04s
[2020-08-25T02:17:30.353+0000][23807][safepoint     ] Leaving safepoint region
[2020-08-25T02:17:30.353+0000][23807][safepoint     ] Total time for which application threads were stopped: 0.0321276 seconds, Stopping threads took: 0.0001326 seconds
[2020-08-25T02:17:31.354+0000][23807][safepoint     ] Application time: 1.0001245 seconds
[2020-08-25T02:17:31.354+0000][23807][safepoint     ] Entering safepoint region: Cleanup
[2020-08-25T02:17:31.354+0000][23807][safepoint     ] Leaving safepoint region
[2020-08-25T02:17:31.354+0000][23807][safepoint     ] Total time for which application threads were stopped: 0.0000860 seconds, Stopping threads took: 0.0000137 seconds
[2020-08-25T02:17:32.354+0000][23807][safepoint     ] Application time: 1.0000975 seconds
[2020-08-25T02:17:32.354+0000][23807][safepoint     ] Entering safepoint region: Cleanup
[2020-08-25T02:17:32.354+0000][23807][safepoint     ] Leaving safepoint region
[2020-08-25T02:17:32.354+0000][23807][safepoint     ] Total time for which application threads were stopped: 0.0000685 seconds, Stopping threads took: 0.0000138 seconds
[2020-08-25T02:17:39.355+0000][23807][safepoint     ] Application time: 7.0009800 seconds
[2020-08-25T02:17:39.355+0000][23807][safepoint     ] Entering safepoint region: Cleanup
[2020-08-25T02:17:39.355+0000][23807][safepoint     ] Leaving safepoint region
[2020-08-25T02:17:39.355+0000][23807][safepoint     ] Total time for which application threads were stopped: 0.0000846 seconds, Stopping threads took: 0.0000134 seconds
[2020-08-25T02:17:42.355+0000][23807][safepoint     ] Application time: 3.0003583 seconds
[2020-08-25T02:17:42.355+0000][23807][safepoint     ] Entering safepoint region: Cleanup
[2020-08-25T02:17:42.356+0000][23807][safepoint     ] Leaving safepoint region
[2020-08-25T02:17:42.356+0000][23807][safepoint     ] Total time for which application threads were stopped: 0.0002623 seconds, Stopping threads took: 0.0000650 seconds
[2020-08-25T02:17:43.356+0000][23807][safepoint     ] Application time: 1.0001025 seconds
[2020-08-25T02:17:43.356+0000][23807][safepoint     ] Entering safepoint region: Cleanup
[2020-08-25T02:17:43.356+0000][23807][safepoint     ] Leaving safepoint region
[2020-08-25T02:17:43.356+0000][23807][safepoint     ] Total time for which application threads were stopped: 0.0001692 seconds, Stopping threads took: 0.0000137 seconds
[2020-08-25T02:17:44.356+0000][23807][safepoint     ] Application time: 1.0001319 seconds
[2020-08-25T02:17:44.356+0000][23807][safepoint     ] Entering safepoint region: Cleanup
[2020-08-25T02:17:44.356+0000][23807][safepoint     ] Leaving safepoint region
[2020-08-25T02:17:44.356+0000][23807][safepoint     ] Total time for which application threads were stopped: 0.0002393 seconds, Stopping threads took: 0.0000396 seconds
[2020-08-25T02:17:46.357+0000][23807][safepoint     ] Application time: 2.0002318 seconds
[2020-08-25T02:17:46.357+0000][23807][safepoint     ] Entering safepoint region: Cleanup
[2020-08-25T02:17:46.357+0000][23807][safepoint     ] Leaving safepoint region
[2020-08-25T02:17:46.357+0000][23807][safepoint     ] Total time for which application threads were stopped: 0.0002459 seconds, Stopping threads took: 0.0000388 seconds
[2020-08-25T02:17:47.357+0000][23807][safepoint     ] Application time: 1.0001001 seconds
[2020-08-25T02:17:47.357+0000][23807][safepoint     ] Entering safepoint region: Cleanup
[2020-08-25T02:17:47.357+0000][23807][safepoint     ] Leaving safepoint region
[2020-08-25T02:17:47.357+0000][23807][safepoint     ] Total time for which application threads were stopped: 0.0001395 seconds, Stopping threads took: 0.0000137 seconds
[2020-08-25T02:17:48.357+0000][23807][safepoint     ] Application time: 1.0001139 seconds
[2020-08-25T02:17:48.357+0000][23807][safepoint     ] Entering safepoint region: Cleanup
[2020-08-25T02:17:48.358+0000][23807][safepoint     ] Leaving safepoint region
[2020-08-25T02:17:48.358+0000][23807][safepoint     ] Total time for which application threads were stopped: 0.0001146 seconds, Stopping threads took: 0.0000229 seconds
[2020-08-25T02:17:49.294+0000][23807][safepoint     ] Application time: 0.9359854 seconds
[2020-08-25T02:17:49.294+0000][23807][safepoint     ] Entering safepoint region: G1CollectForAllocation
[2020-08-25T02:17:49.294+0000][23807][gc,heap       ] GC(15) Heap before GC invocations=15 (full 0): garbage-first heap   total 4194304K, used 2375149K [0x0000000700000000, 0x0000000800000000)
[2020-08-25T02:17:49.294+0000][23807][gc,heap       ] GC(15)   region size 2048K, 1161 young (2377728K), 11 survivors (22528K)
[2020-08-25T02:17:49.294+0000][23807][gc,heap       ] GC(15)  Metaspace       used 77710K, capacity 80272K, committed 80384K, reserved 1118208K
[2020-08-25T02:17:49.294+0000][23807][gc,heap       ] GC(15)   class space    used 9698K, capacity 10977K, committed 11008K, reserved 1048576K
[2020-08-25T02:17:49.294+0000][23807][gc,start      ] GC(15) Pause Young (Normal) (G1 Evacuation Pause)
[2020-08-25T02:17:49.294+0000][23807][gc,task       ] GC(15) Using 10 workers of 10 for evacuation
[2020-08-25T02:17:49.294+0000][23807][gc,age        ] GC(15) Desired survivor size 153092096 bytes, new threshold 15 (max threshold 15)
[2020-08-25T02:17:49.304+0000][23807][gc,phases     ] GC(15)   Pre Evacuate Collection Set: 0.0ms
[2020-08-25T02:17:49.304+0000][23807][gc,phases     ] GC(15)   Evacuate Collection Set: 8.4ms
[2020-08-25T02:17:49.304+0000][23807][gc,phases     ] GC(15)   Post Evacuate Collection Set: 1.4ms
[2020-08-25T02:17:49.304+0000][23807][gc,phases     ] GC(15)   Other: 0.4ms
[2020-08-25T02:17:49.304+0000][23807][gc,heap       ] GC(15) Eden regions: 1150->0(1217)
[2020-08-25T02:17:49.304+0000][23807][gc,heap       ] GC(15) Survivor regions: 11->11(146)
[2020-08-25T02:17:49.304+0000][23807][gc,heap       ] GC(15) Old regions: 0->0
[2020-08-25T02:17:49.304+0000][23807][gc,heap       ] GC(15) Humongous regions: 0->0
[2020-08-25T02:17:49.304+0000][23807][gc,metaspace  ] GC(15) Metaspace: 77710K->77710K(1118208K)
[2020-08-25T02:17:49.304+0000][23807][gc,heap       ] GC(15) Heap after GC invocations=16 (full 0): garbage-first heap   total 4194304K, used 22349K [0x0000000700000000, 0x0000000800000000)
[2020-08-25T02:17:49.304+0000][23807][gc,heap       ] GC(15)   region size 2048K, 11 young (22528K), 11 survivors (22528K)
[2020-08-25T02:17:49.304+0000][23807][gc,heap       ] GC(15)  Metaspace       used 77710K, capacity 80272K, committed 80384K, reserved 1118208K
[2020-08-25T02:17:49.304+0000][23807][gc,heap       ] GC(15)   class space    used 9698K, capacity 10977K, committed 11008K, reserved 1048576K
[2020-08-25T02:17:49.304+0000][23807][gc            ] GC(15) Pause Young (Normal) (G1 Evacuation Pause) 2321M->21M(4096M) 10.265ms
[2020-08-25T02:17:49.304+0000][23807][gc,cpu        ] GC(15) User=0.09s Sys=0.00s Real=0.01s
[2020-08-25T02:17:49.304+0000][23807][safepoint     ] Leaving safepoint region
[2020-08-25T02:17:49.304+0000][23807][safepoint     ] Total time for which application threads were stopped: 0.0103917 seconds, Stopping threads took: 0.0000134 seconds
[2020-08-25T02:17:50.304+0000][23807][safepoint     ] Application time: 1.0000678 seconds
[2020-08-25T02:17:50.321+0000][23807][safepoint     ] Entering safepoint region: Cleanup
[2020-08-25T02:17:50.322+0000][23807][safepoint     ] Leaving safepoint region
[2020-08-25T02:17:50.322+0000][23807][safepoint     ] Total time for which application threads were stopped: 0.0003190 seconds, Stopping threads took: 0.0001573 seconds
[2020-08-25T02:17:51.322+0000][23807][safepoint     ] Application time: 1.0000737 seconds
[2020-08-25T02:17:51.322+0000][23807][safepoint     ] Entering safepoint region: Cleanup
[2020-08-25T02:17:51.322+0000][23807][safepoint     ] Leaving safepoint region
[2020-08-25T02:17:51.322+0000][23807][safepoint     ] Total time for which application threads were stopped: 0.0000706 seconds, Stopping threads took: 0.0000131 seconds
[2020-08-25T02:17:52.322+0000][23807][safepoint     ] Application time: 1.0001630 seconds
[2020-08-25T02:17:52.322+0000][23807][safepoint     ] Entering safepoint region: Cleanup
[2020-08-25T02:17:52.322+0000][23807][safepoint     ] Leaving safepoint region
[2020-08-25T02:17:52.322+0000][23807][safepoint     ] Total time for which application threads were stopped: 0.0001120 seconds, Stopping threads took: 0.0000287 seconds
[2020-08-25T02:17:53.322+0000][23807][safepoint     ] Application time: 1.0000616 seconds
[2020-08-25T02:17:53.322+0000][23807][safepoint     ] Entering safepoint region: Cleanup
[2020-08-25T02:17:53.322+0000][23807][safepoint     ] Leaving safepoint region
[2020-08-25T02:17:53.322+0000][23807][safepoint     ] Total time for which application threads were stopped: 0.0000792 seconds, Stopping threads took: 0.0000141 seconds
[2020-08-25T02:17:54.322+0000][23807][safepoint     ] Application time: 1.0000891 seconds
[2020-08-25T02:17:54.322+0000][23807][safepoint     ] Entering safepoint region: Cleanup
[2020-08-25T02:17:54.323+0000][23807][safepoint     ] Leaving safepoint region
[2020-08-25T02:17:54.323+0000][23807][safepoint     ] Total time for which application threads were stopped: 0.0002905 seconds, Stopping threads took: 0.0000908 seconds
[2020-08-25T02:17:56.323+0000][23807][safepoint     ] Application time: 2.0002441 seconds
[2020-08-25T02:17:56.323+0000][23807][safepoint     ] Entering safepoint region: Cleanup
[2020-08-25T02:17:56.323+0000][23807][safepoint     ] Leaving safepoint region
[2020-08-25T02:17:56.323+0000][23807][safepoint     ] Total time for which application threads were stopped: 0.0002436 seconds, Stopping threads took: 0.0000593 seconds
[2020-08-25T02:17:58.324+0000][23807][safepoint     ] Application time: 2.0002449 seconds
[2020-08-25T02:17:58.324+0000][23807][safepoint     ] Entering safepoint region: Cleanup
[2020-08-25T02:17:58.324+0000][23807][safepoint     ] Leaving safepoint region
[2020-08-25T02:17:58.324+0000][23807][safepoint     ] Total time for which application threads were stopped: 0.0002195 seconds, Stopping threads took: 0.0000383 seconds
[2020-08-25T02:18:02.324+0000][23807][safepoint     ] Application time: 4.0003588 seconds
[2020-08-25T02:18:02.324+0000][23807][safepoint     ] Entering safepoint region: Cleanup
[2020-08-25T02:18:02.324+0000][23807][safepoint     ] Leaving safepoint region
[2020-08-25T02:18:02.324+0000][23807][safepoint     ] Total time for which application threads were stopped: 0.0000680 seconds, Stopping threads took: 0.0000197 seconds
[2020-08-25T02:18:05.325+0000][23807][safepoint     ] Application time: 3.0003574 seconds
[2020-08-25T02:18:05.325+0000][23807][safepoint     ] Entering safepoint region: Cleanup
[2020-08-25T02:18:05.325+0000][23807][safepoint     ] Leaving safepoint region
[2020-08-25T02:18:05.325+0000][23807][safepoint     ] Total time for which application threads were stopped: 0.0000854 seconds, Stopping threads took: 0.0000287 seconds
[2020-08-25T02:18:08.325+0000][23807][safepoint     ] Application time: 3.0002573 seconds
[2020-08-25T02:18:08.325+0000][23807][safepoint     ] Entering safepoint region: Cleanup
[2020-08-25T02:18:08.325+0000][23807][safepoint     ] Leaving safepoint region
[2020-08-25T02:18:08.325+0000][23807][safepoint     ] Total time for which application threads were stopped: 0.0001160 seconds, Stopping threads took: 0.0000300 seconds
[2020-08-25T02:18:10.174+0000][23807][safepoint     ] Application time: 1.8484353 seconds
[2020-08-25T02:18:10.174+0000][23807][safepoint     ] Entering safepoint region: G1CollectForAllocation
[2020-08-25T02:18:10.174+0000][23807][gc,heap       ] GC(16) Heap before GC invocations=16 (full 0): garbage-first heap   total 4194304K, used 2514765K [0x0000000700000000, 0x0000000800000000)
[2020-08-25T02:18:10.174+0000][23807][gc,heap       ] GC(16)   region size 2048K, 1228 young (2514944K), 11 survivors (22528K)
[2020-08-25T02:18:10.174+0000][23807][gc,heap       ] GC(16)  Metaspace       used 77734K, capacity 80338K, committed 80640K, reserved 1118208K
[2020-08-25T02:18:10.174+0000][23807][gc,heap       ] GC(16)   class space    used 9698K, capacity 10977K, committed 11008K, reserved 1048576K
[2020-08-25T02:18:10.174+0000][23807][gc,start      ] GC(16) Pause Young (Normal) (G1 Evacuation Pause)
[2020-08-25T02:18:10.174+0000][23807][gc,task       ] GC(16) Using 10 workers of 10 for evacuation
[2020-08-25T02:18:10.174+0000][23807][gc,age        ] GC(16) Desired survivor size 161480704 bytes, new threshold 15 (max threshold 15)
[2020-08-25T02:18:10.184+0000][23807][gc,phases     ] GC(16)   Pre Evacuate Collection Set: 0.1ms
[2020-08-25T02:18:10.184+0000][23807][gc,phases     ] GC(16)   Evacuate Collection Set: 8.5ms
[2020-08-25T02:18:10.184+0000][23807][gc,phases     ] GC(16)   Post Evacuate Collection Set: 1.4ms
[2020-08-25T02:18:10.184+0000][23807][gc,phases     ] GC(16)   Other: 0.4ms
[2020-08-25T02:18:10.184+0000][23807][gc,heap       ] GC(16) Eden regions: 1217->0(1217)
[2020-08-25T02:18:10.184+0000][23807][gc,heap       ] GC(16) Survivor regions: 11->11(154)
[2020-08-25T02:18:10.184+0000][23807][gc,heap       ] GC(16) Old regions: 0->0
[2020-08-25T02:18:10.184+0000][23807][gc,heap       ] GC(16) Humongous regions: 0->0
[2020-08-25T02:18:10.184+0000][23807][gc,metaspace  ] GC(16) Metaspace: 77734K->77734K(1118208K)
[2020-08-25T02:18:10.184+0000][23807][gc,heap       ] GC(16) Heap after GC invocations=17 (full 0): garbage-first heap   total 4194304K, used 22528K [0x0000000700000000, 0x0000000800000000)
[2020-08-25T02:18:10.184+0000][23807][gc,heap       ] GC(16)   region size 2048K, 11 young (22528K), 11 survivors (22528K)
[2020-08-25T02:18:10.184+0000][23807][gc,heap       ] GC(16)  Metaspace       used 77734K, capacity 80338K, committed 80640K, reserved 1118208K
[2020-08-25T02:18:10.184+0000][23807][gc,heap       ] GC(16)   class space    used 9698K, capacity 10977K, committed 11008K, reserved 1048576K
[2020-08-25T02:18:10.184+0000][23807][gc            ] GC(16) Pause Young (Normal) (G1 Evacuation Pause) 2455M->22M(4096M) 10.401ms
[2020-08-25T02:18:10.184+0000][23807][gc,cpu        ] GC(16) User=0.08s Sys=0.00s Real=0.01s
[2020-08-25T02:18:10.184+0000][23807][safepoint     ] Leaving safepoint region
[2020-08-25T02:18:10.184+0000][23807][safepoint     ] Total time for which application threads were stopped: 0.0106042 seconds, Stopping threads took: 0.0000133 seconds
[2020-08-25T02:18:15.185+0000][23807][safepoint     ] Application time: 5.0004008 seconds
[2020-08-25T02:18:15.185+0000][23807][safepoint     ] Entering safepoint region: Cleanup
[2020-08-25T02:18:15.185+0000][23807][safepoint     ] Leaving safepoint region
[2020-08-25T02:18:15.185+0000][23807][safepoint     ] Total time for which application threads were stopped: 0.0000851 seconds, Stopping threads took: 0.0000456 seconds
[2020-08-25T02:18:20.185+0000][23807][safepoint     ] Application time: 5.0003157 seconds
[2020-08-25T02:18:20.185+0000][23807][safepoint     ] Entering safepoint region: Cleanup
[2020-08-25T02:18:20.185+0000][23807][safepoint     ] Leaving safepoint region
[2020-08-25T02:18:20.185+0000][23807][safepoint     ] Total time for which application threads were stopped: 0.0001180 seconds, Stopping threads took: 0.0000312 seconds
[2020-08-25T02:18:21.185+0000][23807][safepoint     ] Application time: 1.0000613 seconds
[2020-08-25T02:18:21.185+0000][23807][safepoint     ] Entering safepoint region: Cleanup
[2020-08-25T02:18:21.186+0000][23807][safepoint     ] Leaving safepoint region
[2020-08-25T02:18:21.186+0000][23807][safepoint     ] Total time for which application threads were stopped: 0.0001823 seconds, Stopping threads took: 0.0000288 seconds
[2020-08-25T02:18:23.186+0000][23807][safepoint     ] Application time: 2.0001473 seconds
[2020-08-25T02:18:23.186+0000][23807][safepoint     ] Entering safepoint region: Cleanup
[2020-08-25T02:18:23.186+0000][23807][safepoint     ] Leaving safepoint region
[2020-08-25T02:18:23.186+0000][23807][safepoint     ] Total time for which application threads were stopped: 0.0000749 seconds, Stopping threads took: 0.0000249 seconds
[2020-08-25T02:18:25.186+0000][23807][safepoint     ] Application time: 2.0001226 seconds
[2020-08-25T02:18:25.186+0000][23807][safepoint     ] Entering safepoint region: Cleanup
[2020-08-25T02:18:25.186+0000][23807][safepoint     ] Leaving safepoint region
[2020-08-25T02:18:25.186+0000][23807][safepoint     ] Total time for which application threads were stopped: 0.0000998 seconds, Stopping threads took: 0.0000160 seconds
[2020-08-25T02:18:27.186+0000][23807][safepoint     ] Application time: 2.0001669 seconds
[2020-08-25T02:18:27.186+0000][23807][safepoint     ] Entering safepoint region: Cleanup
[2020-08-25T02:18:27.186+0000][23807][safepoint     ] Leaving safepoint region
[2020-08-25T02:18:27.186+0000][23807][safepoint     ] Total time for which application threads were stopped: 0.0001454 seconds, Stopping threads took: 0.0000341 seconds
[2020-08-25T02:18:30.187+0000][23807][safepoint     ] Application time: 3.0001776 seconds
[2020-08-25T02:18:30.187+0000][23807][safepoint     ] Entering safepoint region: Cleanup
[2020-08-25T02:18:30.187+0000][23807][safepoint     ] Leaving safepoint region
[2020-08-25T02:18:30.187+0000][23807][safepoint     ] Total time for which application threads were stopped: 0.0001034 seconds, Stopping threads took: 0.0000108 seconds
[2020-08-25T02:18:30.209+0000][23807][safepoint     ] Application time: 0.0224823 seconds
[2020-08-25T02:18:30.209+0000][23807][safepoint     ] Entering safepoint region: G1CollectForAllocation
[2020-08-25T02:18:30.209+0000][23807][gc,heap       ] GC(17) Heap before GC invocations=17 (full 0): garbage-first heap   total 4194304K, used 2512896K [0x0000000700000000, 0x0000000800000000)
[2020-08-25T02:18:30.209+0000][23807][gc,heap       ] GC(17)   region size 2048K, 1228 young (2514944K), 11 survivors (22528K)
[2020-08-25T02:18:30.209+0000][23807][gc,heap       ] GC(17)  Metaspace       used 77778K, capacity 80344K, committed 80640K, reserved 1118208K
[2020-08-25T02:18:30.209+0000][23807][gc,heap       ] GC(17)   class space    used 9698K, capacity 10977K, committed 11008K, reserved 1048576K
[2020-08-25T02:18:30.209+0000][23807][gc,start      ] GC(17) Pause Young (Normal) (G1 Evacuation Pause)
[2020-08-25T02:18:30.209+0000][23807][gc,task       ] GC(17) Using 10 workers of 10 for evacuation
[2020-08-25T02:18:30.209+0000][23807][gc,age        ] GC(17) Desired survivor size 161480704 bytes, new threshold 15 (max threshold 15)
[2020-08-25T02:18:30.218+0000][23807][gc,phases     ] GC(17)   Pre Evacuate Collection Set: 0.0ms
[2020-08-25T02:18:30.218+0000][23807][gc,phases     ] GC(17)   Evacuate Collection Set: 7.2ms
[2020-08-25T02:18:30.218+0000][23807][gc,phases     ] GC(17)   Post Evacuate Collection Set: 1.5ms
[2020-08-25T02:18:30.218+0000][23807][gc,phases     ] GC(17)   Other: 0.3ms
[2020-08-25T02:18:30.218+0000][23807][gc,heap       ] GC(17) Eden regions: 1217->0(1217)
[2020-08-25T02:18:30.218+0000][23807][gc,heap       ] GC(17) Survivor regions: 11->11(154)
[2020-08-25T02:18:30.218+0000][23807][gc,heap       ] GC(17) Old regions: 0->0
[2020-08-25T02:18:30.218+0000][23807][gc,heap       ] GC(17) Humongous regions: 0->0
[2020-08-25T02:18:30.218+0000][23807][gc,metaspace  ] GC(17) Metaspace: 77778K->77778K(1118208K)
[2020-08-25T02:18:30.218+0000][23807][gc,heap       ] GC(17) Heap after GC invocations=18 (full 0): garbage-first heap   total 4194304K, used 22298K [0x0000000700000000, 0x0000000800000000)
[2020-08-25T02:18:30.218+0000][23807][gc,heap       ] GC(17)   region size 2048K, 11 young (22528K), 11 survivors (22528K)
[2020-08-25T02:18:30.218+0000][23807][gc,heap       ] GC(17)  Metaspace       used 77778K, capacity 80344K, committed 80640K, reserved 1118208K
[2020-08-25T02:18:30.218+0000][23807][gc,heap       ] GC(17)   class space    used 9698K, capacity 10977K, committed 11008K, reserved 1048576K
[2020-08-25T02:18:30.219+0000][23807][gc            ] GC(17) Pause Young (Normal) (G1 Evacuation Pause) 2456M->21M(4096M) 9.096ms
[2020-08-25T02:18:30.219+0000][23807][gc,cpu        ] GC(17) User=0.08s Sys=0.00s Real=0.01s
[2020-08-25T02:18:30.219+0000][23807][safepoint     ] Leaving safepoint region
[2020-08-25T02:18:30.219+0000][23807][safepoint     ] Total time for which application threads were stopped: 0.0092160 seconds, Stopping threads took: 0.0000152 seconds
[2020-08-25T02:18:31.219+0000][23807][safepoint     ] Application time: 1.0000835 seconds
[2020-08-25T02:18:31.219+0000][23807][safepoint     ] Entering safepoint region: Cleanup
[2020-08-25T02:18:31.219+0000][23807][safepoint     ] Leaving safepoint region
[2020-08-25T02:18:31.219+0000][23807][safepoint     ] Total time for which application threads were stopped: 0.0001173 seconds, Stopping threads took: 0.0000315 seconds
[2020-08-25T02:18:32.219+0000][23807][safepoint     ] Application time: 1.0000667 seconds
[2020-08-25T02:18:32.219+0000][23807][safepoint     ] Entering safepoint region: Cleanup
[2020-08-25T02:18:32.219+0000][23807][safepoint     ] Leaving safepoint region
[2020-08-25T02:18:32.219+0000][23807][safepoint     ] Total time for which application threads were stopped: 0.0001048 seconds, Stopping threads took: 0.0000125 seconds
[2020-08-25T02:18:33.219+0000][23807][safepoint     ] Application time: 1.0000617 seconds
[2020-08-25T02:18:33.219+0000][23807][safepoint     ] Entering safepoint region: Cleanup
[2020-08-25T02:18:33.219+0000][23807][safepoint     ] Leaving safepoint region
[2020-08-25T02:18:33.219+0000][23807][safepoint     ] Total time for which application threads were stopped: 0.0000899 seconds, Stopping threads took: 0.0000344 seconds
[2020-08-25T02:18:34.219+0000][23807][safepoint     ] Application time: 1.0000632 seconds
[2020-08-25T02:18:34.219+0000][23807][safepoint     ] Entering safepoint region: Cleanup
[2020-08-25T02:18:34.219+0000][23807][safepoint     ] Leaving safepoint region
[2020-08-25T02:18:34.219+0000][23807][safepoint     ] Total time for which application threads were stopped: 0.0001052 seconds, Stopping threads took: 0.0000285 seconds
[2020-08-25T02:18:35.220+0000][23807][safepoint     ] Application time: 1.0000636 seconds
[2020-08-25T02:18:35.220+0000][23807][safepoint     ] Entering safepoint region: Cleanup
[2020-08-25T02:18:35.220+0000][23807][safepoint     ] Leaving safepoint region
[2020-08-25T02:18:35.220+0000][23807][safepoint     ] Total time for which application threads were stopped: 0.0000761 seconds, Stopping threads took: 0.0000290 seconds
[2020-08-25T02:18:50.249+0000][23807][safepoint     ] Application time: 15.0288997 seconds
[2020-08-25T02:18:50.249+0000][23807][safepoint     ] Entering safepoint region: G1CollectForAllocation
[2020-08-25T02:18:50.249+0000][23807][gc,heap       ] GC(18) Heap before GC invocations=18 (full 0): garbage-first heap   total 4194304K, used 2514714K [0x0000000700000000, 0x0000000800000000)
[2020-08-25T02:18:50.249+0000][23807][gc,heap       ] GC(18)   region size 2048K, 1228 young (2514944K), 11 survivors (22528K)
[2020-08-25T02:18:50.249+0000][23807][gc,heap       ] GC(18)  Metaspace       used 77813K, capacity 80417K, committed 80640K, reserved 1118208K
[2020-08-25T02:18:50.249+0000][23807][gc,heap       ] GC(18)   class space    used 9698K, capacity 10977K, committed 11008K, reserved 1048576K
[2020-08-25T02:18:50.249+0000][23807][gc,start      ] GC(18) Pause Young (Normal) (G1 Evacuation Pause)
[2020-08-25T02:18:50.249+0000][23807][gc,task       ] GC(18) Using 10 workers of 10 for evacuation
[2020-08-25T02:18:50.249+0000][23807][gc,age        ] GC(18) Desired survivor size 161480704 bytes, new threshold 15 (max threshold 15)
[2020-08-25T02:18:50.258+0000][23807][gc,phases     ] GC(18)   Pre Evacuate Collection Set: 0.0ms
[2020-08-25T02:18:50.258+0000][23807][gc,phases     ] GC(18)   Evacuate Collection Set: 7.3ms
[2020-08-25T02:18:50.329+0000][23807][gc,phases     ] GC(18)   Post Evacuate Collection Set: 1.3ms
[2020-08-25T02:18:50.329+0000][23807][gc,phases     ] GC(18)   Other: 0.3ms
[2020-08-25T02:18:50.329+0000][23807][gc,heap       ] GC(18) Eden regions: 1217->0(1220)
[2020-08-25T02:18:50.329+0000][23807][gc,heap       ] GC(18) Survivor regions: 11->8(154)
[2020-08-25T02:18:50.329+0000][23807][gc,heap       ] GC(18) Old regions: 0->4
[2020-08-25T02:18:50.329+0000][23807][gc,heap       ] GC(18) Humongous regions: 0->0
[2020-08-25T02:18:50.329+0000][23807][gc,metaspace  ] GC(18) Metaspace: 77813K->77813K(1118208K)
[2020-08-25T02:18:50.329+0000][23807][gc,heap       ] GC(18) Heap after GC invocations=19 (full 0): garbage-first heap   total 4194304K, used 22086K [0x0000000700000000, 0x0000000800000000)
[2020-08-25T02:18:50.329+0000][23807][gc,heap       ] GC(18)   region size 2048K, 8 young (16384K), 8 survivors (16384K)
[2020-08-25T02:18:50.329+0000][23807][gc,heap       ] GC(18)  Metaspace       used 77813K, capacity 80417K, committed 80640K, reserved 1118208K
[2020-08-25T02:18:50.329+0000][23807][gc,heap       ] GC(18)   class space    used 9698K, capacity 10977K, committed 11008K, reserved 1048576K
[2020-08-25T02:18:50.329+0000][23807][gc            ] GC(18) Pause Young (Normal) (G1 Evacuation Pause) 2455M->21M(4096M) 80.358ms
[2020-08-25T02:18:50.329+0000][23807][gc,cpu        ] GC(18) User=0.08s Sys=0.00s Real=0.08s
[2020-08-25T02:18:50.329+0000][23807][safepoint     ] Leaving safepoint region
[2020-08-25T02:18:50.329+0000][23807][safepoint     ] Total time for which application threads were stopped: 0.0805744 seconds, Stopping threads took: 0.0000120 seconds
[2020-08-25T02:18:56.330+0000][23807][safepoint     ] Application time: 6.0006770 seconds
[2020-08-25T02:18:56.330+0000][23807][safepoint     ] Entering safepoint region: Cleanup
[2020-08-25T02:18:56.330+0000][23807][safepoint     ] Leaving safepoint region
[2020-08-25T02:18:56.330+0000][23807][safepoint     ] Total time for which application threads were stopped: 0.0001586 seconds, Stopping threads took: 0.0000235 seconds
[2020-08-25T02:19:02.330+0000][23807][safepoint     ] Application time: 6.0003671 seconds
[2020-08-25T02:19:02.330+0000][23807][safepoint     ] Entering safepoint region: Cleanup
[2020-08-25T02:19:02.330+0000][23807][safepoint     ] Leaving safepoint region
[2020-08-25T02:19:02.330+0000][23807][safepoint     ] Total time for which application threads were stopped: 0.0000806 seconds, Stopping threads took: 0.0000128 seconds
[2020-08-25T02:19:05.331+0000][23807][safepoint     ] Application time: 3.0003061 seconds
[2020-08-25T02:19:05.331+0000][23807][safepoint     ] Entering safepoint region: Cleanup
[2020-08-25T02:19:05.331+0000][23807][safepoint     ] Leaving safepoint region
[2020-08-25T02:19:05.331+0000][23807][safepoint     ] Total time for which application threads were stopped: 0.0000811 seconds, Stopping threads took: 0.0000128 seconds
[2020-08-25T02:19:10.275+0000][23807][safepoint     ] Application time: 4.9443839 seconds
[2020-08-25T02:19:10.275+0000][23807][safepoint     ] Entering safepoint region: G1CollectForAllocation
[2020-08-25T02:19:10.275+0000][23807][gc,heap       ] GC(19) Heap before GC invocations=19 (full 0): garbage-first heap   total 4194304K, used 2520646K [0x0000000700000000, 0x0000000800000000)
[2020-08-25T02:19:10.275+0000][23807][gc,heap       ] GC(19)   region size 2048K, 1228 young (2514944K), 8 survivors (16384K)
[2020-08-25T02:19:10.275+0000][23807][gc,heap       ] GC(19)  Metaspace       used 77820K, capacity 80419K, committed 80640K, reserved 1118208K
[2020-08-25T02:19:10.275+0000][23807][gc,heap       ] GC(19)   class space    used 9698K, capacity 10977K, committed 11008K, reserved 1048576K
[2020-08-25T02:19:10.275+0000][23807][gc,start      ] GC(19) Pause Young (Normal) (G1 Evacuation Pause)
[2020-08-25T02:19:10.275+0000][23807][gc,task       ] GC(19) Using 10 workers of 10 for evacuation
[2020-08-25T02:19:10.275+0000][23807][gc,age        ] GC(19) Desired survivor size 161480704 bytes, new threshold 15 (max threshold 15)
[2020-08-25T02:19:10.283+0000][23807][gc,phases     ] GC(19)   Pre Evacuate Collection Set: 0.0ms
[2020-08-25T02:19:10.283+0000][23807][gc,phases     ] GC(19)   Evacuate Collection Set: 6.6ms
[2020-08-25T02:19:10.283+0000][23807][gc,phases     ] GC(19)   Post Evacuate Collection Set: 0.9ms
[2020-08-25T02:19:10.283+0000][23807][gc,phases     ] GC(19)   Other: 0.3ms
[2020-08-25T02:19:10.283+0000][23807][gc,heap       ] GC(19) Eden regions: 1220->0(1222)
[2020-08-25T02:19:10.283+0000][23807][gc,heap       ] GC(19) Survivor regions: 8->6(154)
[2020-08-25T02:19:10.283+0000][23807][gc,heap       ] GC(19) Old regions: 4->6
[2020-08-25T02:19:10.283+0000][23807][gc,heap       ] GC(19) Humongous regions: 0->0
[2020-08-25T02:19:10.283+0000][23807][gc,metaspace  ] GC(19) Metaspace: 77820K->77820K(1118208K)
[2020-08-25T02:19:10.283+0000][23807][gc,heap       ] GC(19) Heap after GC invocations=20 (full 0): garbage-first heap   total 4194304K, used 22051K [0x0000000700000000, 0x0000000800000000)
[2020-08-25T02:19:10.283+0000][23807][gc,heap       ] GC(19)   region size 2048K, 6 young (12288K), 6 survivors (12288K)
[2020-08-25T02:19:10.283+0000][23807][gc,heap       ] GC(19)  Metaspace       used 77820K, capacity 80419K, committed 80640K, reserved 1118208K
[2020-08-25T02:19:10.283+0000][23807][gc,heap       ] GC(19)   class space    used 9698K, capacity 10977K, committed 11008K, reserved 1048576K
[2020-08-25T02:19:10.283+0000][23807][gc            ] GC(19) Pause Young (Normal) (G1 Evacuation Pause) 2461M->21M(4096M) 7.819ms
[2020-08-25T02:19:10.283+0000][23807][gc,cpu        ] GC(19) User=0.07s Sys=0.00s Real=0.01s
[2020-08-25T02:19:10.283+0000][23807][safepoint     ] Leaving safepoint region
[2020-08-25T02:19:10.283+0000][23807][safepoint     ] Total time for which application threads were stopped: 0.0079321 seconds, Stopping threads took: 0.0000127 seconds
[2020-08-25T02:19:11.283+0000][23807][safepoint     ] Application time: 1.0000684 seconds
[2020-08-25T02:19:11.283+0000][23807][safepoint     ] Entering safepoint region: Cleanup
[2020-08-25T02:19:11.283+0000][23807][safepoint     ] Leaving safepoint region
[2020-08-25T02:19:11.283+0000][23807][safepoint     ] Total time for which application threads were stopped: 0.0000828 seconds, Stopping threads took: 0.0000370 seconds
[2020-08-25T02:19:12.283+0000][23807][safepoint     ] Application time: 1.0000606 seconds
[2020-08-25T02:19:12.284+0000][23807][safepoint     ] Entering safepoint region: Cleanup
[2020-08-25T02:19:12.284+0000][23807][safepoint     ] Leaving safepoint region
[2020-08-25T02:19:12.284+0000][23807][safepoint     ] Total time for which application threads were stopped: 0.0000704 seconds, Stopping threads took: 0.0000294 seconds
[2020-08-25T02:19:15.284+0000][23807][safepoint     ] Application time: 3.0001782 seconds
[2020-08-25T02:19:15.325+0000][23807][safepoint     ] Entering safepoint region: Cleanup
[2020-08-25T02:19:15.325+0000][23807][safepoint     ] Leaving safepoint region
[2020-08-25T02:19:15.325+0000][23807][safepoint     ] Total time for which application threads were stopped: 0.0001140 seconds, Stopping threads took: 0.0000467 seconds
[2020-08-25T02:19:17.325+0000][23807][safepoint     ] Application time: 2.0002359 seconds
[2020-08-25T02:19:17.325+0000][23807][safepoint     ] Entering safepoint region: Cleanup
[2020-08-25T02:19:17.325+0000][23807][safepoint     ] Leaving safepoint region
[2020-08-25T02:19:17.325+0000][23807][safepoint     ] Total time for which application threads were stopped: 0.0000755 seconds, Stopping threads took: 0.0000134 seconds
[2020-08-25T02:19:24.326+0000][23807][safepoint     ] Application time: 7.0008694 seconds
[2020-08-25T02:19:24.326+0000][23807][safepoint     ] Entering safepoint region: Cleanup
[2020-08-25T02:19:24.326+0000][23807][safepoint     ] Leaving safepoint region
[2020-08-25T02:19:24.326+0000][23807][safepoint     ] Total time for which application threads were stopped: 0.0000887 seconds, Stopping threads took: 0.0000116 seconds
[2020-08-25T02:19:26.326+0000][23807][safepoint     ] Application time: 2.0001811 seconds
[2020-08-25T02:19:26.327+0000][23807][safepoint     ] Entering safepoint region: Cleanup
[2020-08-25T02:19:26.327+0000][23807][safepoint     ] Leaving safepoint region
[2020-08-25T02:19:26.327+0000][23807][safepoint     ] Total time for which application threads were stopped: 0.0002353 seconds, Stopping threads took: 0.0000402 seconds
[2020-08-25T02:19:31.164+0000][23807][safepoint     ] Application time: 4.8375474 seconds
[2020-08-25T02:19:31.164+0000][23807][safepoint     ] Entering safepoint region: G1CollectForAllocation
[2020-08-25T02:19:31.164+0000][23807][gc,heap       ] GC(20) Heap before GC invocations=20 (full 0): garbage-first heap   total 4194304K, used 2524707K [0x0000000700000000, 0x0000000800000000)
[2020-08-25T02:19:31.164+0000][23807][gc,heap       ] GC(20)   region size 2048K, 1228 young (2514944K), 6 survivors (12288K)
[2020-08-25T02:19:31.164+0000][23807][gc,heap       ] GC(20)  Metaspace       used 77836K, capacity 80425K, committed 80640K, reserved 1118208K
[2020-08-25T02:19:31.164+0000][23807][gc,heap       ] GC(20)   class space    used 9698K, capacity 10977K, committed 11008K, reserved 1048576K
[2020-08-25T02:19:31.164+0000][23807][gc,start      ] GC(20) Pause Young (Normal) (G1 Evacuation Pause)
[2020-08-25T02:19:31.164+0000][23807][gc,task       ] GC(20) Using 10 workers of 10 for evacuation
[2020-08-25T02:19:31.164+0000][23807][gc,age        ] GC(20) Desired survivor size 161480704 bytes, new threshold 15 (max threshold 15)
[2020-08-25T02:19:31.171+0000][23807][gc,phases     ] GC(20)   Pre Evacuate Collection Set: 0.0ms
[2020-08-25T02:19:31.171+0000][23807][gc,phases     ] GC(20)   Evacuate Collection Set: 5.5ms
[2020-08-25T02:19:31.171+0000][23807][gc,phases     ] GC(20)   Post Evacuate Collection Set: 0.8ms
[2020-08-25T02:19:31.171+0000][23807][gc,phases     ] GC(20)   Other: 0.3ms
[2020-08-25T02:19:31.171+0000][23807][gc,heap       ] GC(20) Eden regions: 1222->0(1225)
[2020-08-25T02:19:31.171+0000][23807][gc,heap       ] GC(20) Survivor regions: 6->3(154)
[2020-08-25T02:19:31.171+0000][23807][gc,heap       ] GC(20) Old regions: 6->9
[2020-08-25T02:19:31.171+0000][23807][gc,heap       ] GC(20) Humongous regions: 0->0
[2020-08-25T02:19:31.171+0000][23807][gc,metaspace  ] GC(20) Metaspace: 77836K->77836K(1118208K)
[2020-08-25T02:19:31.171+0000][23807][gc,heap       ] GC(20) Heap after GC invocations=21 (full 0): garbage-first heap   total 4194304K, used 22369K [0x0000000700000000, 0x0000000800000000)
[2020-08-25T02:19:31.171+0000][23807][gc,heap       ] GC(20)   region size 2048K, 3 young (6144K), 3 survivors (6144K)
[2020-08-25T02:19:31.171+0000][23807][gc,heap       ] GC(20)  Metaspace       used 77836K, capacity 80425K, committed 80640K, reserved 1118208K
[2020-08-25T02:19:31.171+0000][23807][gc,heap       ] GC(20)   class space    used 9698K, capacity 10977K, committed 11008K, reserved 1048576K
[2020-08-25T02:19:31.171+0000][23807][gc            ] GC(20) Pause Young (Normal) (G1 Evacuation Pause) 2465M->21M(4096M) 6.720ms
[2020-08-25T02:19:31.171+0000][23807][gc,cpu        ] GC(20) User=0.05s Sys=0.00s Real=0.01s
[2020-08-25T02:19:31.171+0000][23807][safepoint     ] Leaving safepoint region
[2020-08-25T02:19:31.171+0000][23807][safepoint     ] Total time for which application threads were stopped: 0.0069134 seconds, Stopping threads took: 0.0000100 seconds
[2020-08-25T02:19:35.171+0000][23807][safepoint     ] Application time: 4.0002455 seconds
[2020-08-25T02:19:35.172+0000][23807][safepoint     ] Entering safepoint region: Cleanup
[2020-08-25T02:19:35.172+0000][23807][safepoint     ] Leaving safepoint region
[2020-08-25T02:19:35.172+0000][23807][safepoint     ] Total time for which application threads were stopped: 0.0000700 seconds, Stopping threads took: 0.0000271 seconds
[2020-08-25T02:19:36.172+0000][23807][safepoint     ] Application time: 1.0000614 seconds
[2020-08-25T02:19:36.172+0000][23807][safepoint     ] Entering safepoint region: Cleanup
[2020-08-25T02:19:36.172+0000][23807][safepoint     ] Leaving safepoint region
[2020-08-25T02:19:36.172+0000][23807][safepoint     ] Total time for which application threads were stopped: 0.0001148 seconds, Stopping threads took: 0.0000325 seconds
[2020-08-25T02:19:37.172+0000][23807][safepoint     ] Application time: 1.0000624 seconds
[2020-08-25T02:19:37.172+0000][23807][safepoint     ] Entering safepoint region: Cleanup
[2020-08-25T02:19:37.172+0000][23807][safepoint     ] Leaving safepoint region
[2020-08-25T02:19:37.172+0000][23807][safepoint     ] Total time for which application threads were stopped: 0.0000597 seconds, Stopping threads took: 0.0000164 seconds
[2020-08-25T02:19:38.172+0000][23807][safepoint     ] Application time: 1.0000607 seconds
[2020-08-25T02:19:38.172+0000][23807][safepoint     ] Entering safepoint region: Cleanup
[2020-08-25T02:19:38.172+0000][23807][safepoint     ] Leaving safepoint region
[2020-08-25T02:19:38.172+0000][23807][safepoint     ] Total time for which application threads were stopped: 0.0001566 seconds, Stopping threads took: 0.0000274 seconds
[2020-08-25T02:19:42.172+0000][23807][safepoint     ] Application time: 4.0002726 seconds
[2020-08-25T02:19:42.173+0000][23807][safepoint     ] Entering safepoint region: Cleanup
[2020-08-25T02:19:42.173+0000][23807][safepoint     ] Leaving safepoint region
[2020-08-25T02:19:42.173+0000][23807][safepoint     ] Total time for which application threads were stopped: 0.0000629 seconds, Stopping threads took: 0.0000245 seconds
[2020-08-25T02:19:48.173+0000][23807][safepoint     ] Application time: 6.0003543 seconds
[2020-08-25T02:19:48.173+0000][23807][safepoint     ] Entering safepoint region: Cleanup
[2020-08-25T02:19:48.173+0000][23807][safepoint     ] Leaving safepoint region
[2020-08-25T02:19:48.173+0000][23807][safepoint     ] Total time for which application threads were stopped: 0.0001027 seconds, Stopping threads took: 0.0000125 seconds
[2020-08-25T02:19:50.173+0000][23807][safepoint     ] Application time: 2.0001218 seconds
[2020-08-25T02:19:50.173+0000][23807][safepoint     ] Entering safepoint region: Cleanup
[2020-08-25T02:19:50.173+0000][23807][safepoint     ] Leaving safepoint region
[2020-08-25T02:19:50.173+0000][23807][safepoint     ] Total time for which application threads were stopped: 0.0001013 seconds, Stopping threads took: 0.0000342 seconds
[2020-08-25T02:19:51.224+0000][23807][safepoint     ] Application time: 1.0503397 seconds
[2020-08-25T02:19:51.224+0000][23807][safepoint     ] Entering safepoint region: G1CollectForAllocation
[2020-08-25T02:19:51.224+0000][23807][gc,heap       ] GC(21) Heap before GC invocations=21 (full 0): garbage-first heap   total 4194304K, used 2531169K [0x0000000700000000, 0x0000000800000000)
[2020-08-25T02:19:51.224+0000][23807][gc,heap       ] GC(21)   region size 2048K, 1228 young (2514944K), 3 survivors (6144K)
[2020-08-25T02:19:51.224+0000][23807][gc,heap       ] GC(21)  Metaspace       used 77861K, capacity 80425K, committed 80640K, reserved 1118208K
[2020-08-25T02:19:51.224+0000][23807][gc,heap       ] GC(21)   class space    used 9698K, capacity 10977K, committed 11008K, reserved 1048576K
[2020-08-25T02:19:51.224+0000][23807][gc,start      ] GC(21) Pause Young (Normal) (G1 Evacuation Pause)
[2020-08-25T02:19:51.224+0000][23807][gc,task       ] GC(21) Using 10 workers of 10 for evacuation
[2020-08-25T02:19:51.224+0000][23807][gc,age        ] GC(21) Desired survivor size 161480704 bytes, new threshold 15 (max threshold 15)
[2020-08-25T02:19:51.230+0000][23807][gc,phases     ] GC(21)   Pre Evacuate Collection Set: 0.0ms
[2020-08-25T02:19:51.230+0000][23807][gc,phases     ] GC(21)   Evacuate Collection Set: 4.8ms
[2020-08-25T02:19:51.230+0000][23807][gc,phases     ] GC(21)   Post Evacuate Collection Set: 0.8ms
[2020-08-25T02:19:51.230+0000][23807][gc,phases     ] GC(21)   Other: 0.3ms
[2020-08-25T02:19:51.230+0000][23807][gc,heap       ] GC(21) Eden regions: 1225->0(1227)
[2020-08-25T02:19:51.230+0000][23807][gc,heap       ] GC(21) Survivor regions: 3->1(154)
[2020-08-25T02:19:51.230+0000][23807][gc,heap       ] GC(21) Old regions: 9->11
[2020-08-25T02:19:51.230+0000][23807][gc,heap       ] GC(21) Humongous regions: 0->0
[2020-08-25T02:19:51.230+0000][23807][gc,metaspace  ] GC(21) Metaspace: 77861K->77861K(1118208K)
[2020-08-25T02:19:51.230+0000][23807][gc,heap       ] GC(21) Heap after GC invocations=22 (full 0): garbage-first heap   total 4194304K, used 22397K [0x0000000700000000, 0x0000000800000000)
[2020-08-25T02:19:51.230+0000][23807][gc,heap       ] GC(21)   region size 2048K, 1 young (2048K), 1 survivors (2048K)
[2020-08-25T02:19:51.230+0000][23807][gc,heap       ] GC(21)  Metaspace       used 77861K, capacity 80425K, committed 80640K, reserved 1118208K
[2020-08-25T02:19:51.230+0000][23807][gc,heap       ] GC(21)   class space    used 9698K, capacity 10977K, committed 11008K, reserved 1048576K
[2020-08-25T02:19:51.230+0000][23807][gc            ] GC(21) Pause Young (Normal) (G1 Evacuation Pause) 2471M->21M(4096M) 5.983ms
[2020-08-25T02:19:51.230+0000][23807][gc,cpu        ] GC(21) User=0.05s Sys=0.00s Real=0.00s
[2020-08-25T02:19:51.230+0000][23807][safepoint     ] Leaving safepoint region
[2020-08-25T02:19:51.230+0000][23807][safepoint     ] Total time for which application threads were stopped: 0.0061077 seconds, Stopping threads took: 0.0000122 seconds
[2020-08-25T02:20:01.230+0000][23807][safepoint     ] Application time: 10.0005813 seconds
[2020-08-25T02:20:01.230+0000][23807][safepoint     ] Entering safepoint region: Cleanup
[2020-08-25T02:20:01.230+0000][23807][safepoint     ] Leaving safepoint region
[2020-08-25T02:20:01.230+0000][23807][safepoint     ] Total time for which application threads were stopped: 0.0000612 seconds, Stopping threads took: 0.0000126 seconds
[2020-08-25T02:20:11.264+0000][23807][safepoint     ] Application time: 10.0335585 seconds
[2020-08-25T02:20:11.264+0000][23807][safepoint     ] Entering safepoint region: G1CollectForAllocation
[2020-08-25T02:20:11.264+0000][23807][gc,heap       ] GC(22) Heap before GC invocations=22 (full 0): garbage-first heap   total 4194304K, used 2533245K [0x0000000700000000, 0x0000000800000000)
[2020-08-25T02:20:11.264+0000][23807][gc,heap       ] GC(22)   region size 2048K, 1228 young (2514944K), 1 survivors (2048K)
[2020-08-25T02:20:11.264+0000][23807][gc,heap       ] GC(22)  Metaspace       used 77872K, capacity 80426K, committed 80640K, reserved 1118208K
[2020-08-25T02:20:11.264+0000][23807][gc,heap       ] GC(22)   class space    used 9698K, capacity 10977K, committed 11008K, reserved 1048576K
[2020-08-25T02:20:11.264+0000][23807][gc,start      ] GC(22) Pause Young (Normal) (G1 Evacuation Pause)
[2020-08-25T02:20:11.264+0000][23807][gc,task       ] GC(22) Using 10 workers of 10 for evacuation
[2020-08-25T02:20:11.264+0000][23807][gc,age        ] GC(22) Desired survivor size 161480704 bytes, new threshold 15 (max threshold 15)
[2020-08-25T02:20:11.269+0000][23807][gc,phases     ] GC(22)   Pre Evacuate Collection Set: 0.0ms
[2020-08-25T02:20:11.269+0000][23807][gc,phases     ] GC(22)   Evacuate Collection Set: 4.0ms
[2020-08-25T02:20:11.269+0000][23807][gc,phases     ] GC(22)   Post Evacuate Collection Set: 0.6ms
[2020-08-25T02:20:11.269+0000][23807][gc,phases     ] GC(22)   Other: 0.3ms
[2020-08-25T02:20:11.269+0000][23807][gc,heap       ] GC(22) Eden regions: 1227->0(1227)
[2020-08-25T02:20:11.269+0000][23807][gc,heap       ] GC(22) Survivor regions: 1->1(154)
[2020-08-25T02:20:11.269+0000][23807][gc,heap       ] GC(22) Old regions: 11->11
[2020-08-25T02:20:11.269+0000][23807][gc,heap       ] GC(22) Humongous regions: 0->0
[2020-08-25T02:20:11.269+0000][23807][gc,metaspace  ] GC(22) Metaspace: 77872K->77872K(1118208K)
[2020-08-25T02:20:11.269+0000][23807][gc,heap       ] GC(22) Heap after GC invocations=23 (full 0): garbage-first heap   total 4194304K, used 22248K [0x0000000700000000, 0x0000000800000000)
[2020-08-25T02:20:11.269+0000][23807][gc,heap       ] GC(22)   region size 2048K, 1 young (2048K), 1 survivors (2048K)
[2020-08-25T02:20:11.269+0000][23807][gc,heap       ] GC(22)  Metaspace       used 77872K, capacity 80426K, committed 80640K, reserved 1118208K
[2020-08-25T02:20:11.269+0000][23807][gc,heap       ] GC(22)   class space    used 9698K, capacity 10977K, committed 11008K, reserved 1048576K
[2020-08-25T02:20:11.269+0000][23807][gc            ] GC(22) Pause Young (Normal) (G1 Evacuation Pause) 2475M->21M(4096M) 4.956ms
[2020-08-25T02:20:11.269+0000][23807][gc,cpu        ] GC(22) User=0.04s Sys=0.00s Real=0.00s
[2020-08-25T02:20:11.269+0000][23807][safepoint     ] Leaving safepoint region
[2020-08-25T02:20:11.269+0000][23807][safepoint     ] Total time for which application threads were stopped: 0.0050662 seconds, Stopping threads took: 0.0000109 seconds
[2020-08-25T02:20:14.269+0000][23807][safepoint     ] Application time: 3.0001811 seconds
[2020-08-25T02:20:14.269+0000][23807][safepoint     ] Entering safepoint region: Cleanup
[2020-08-25T02:20:14.269+0000][23807][safepoint     ] Leaving safepoint region
[2020-08-25T02:20:14.269+0000][23807][safepoint     ] Total time for which application threads were stopped: 0.0000605 seconds, Stopping threads took: 0.0000168 seconds
[2020-08-25T02:20:18.270+0000][23807][safepoint     ] Application time: 4.0002358 seconds
[2020-08-25T02:20:18.270+0000][23807][safepoint     ] Entering safepoint region: Cleanup
[2020-08-25T02:20:18.270+0000][23807][safepoint     ] Leaving safepoint region
[2020-08-25T02:20:18.270+0000][23807][safepoint     ] Total time for which application threads were stopped: 0.0000743 seconds, Stopping threads took: 0.0000329 seconds
[2020-08-25T02:20:24.270+0000][23807][safepoint     ] Application time: 6.0003507 seconds
[2020-08-25T02:20:24.270+0000][23807][safepoint     ] Entering safepoint region: Cleanup
[2020-08-25T02:20:24.270+0000][23807][safepoint     ] Leaving safepoint region
[2020-08-25T02:20:24.270+0000][23807][safepoint     ] Total time for which application threads were stopped: 0.0000599 seconds, Stopping threads took: 0.0000208 seconds
[2020-08-25T02:20:27.270+0000][23807][safepoint     ] Application time: 3.0001987 seconds
[2020-08-25T02:20:27.270+0000][23807][safepoint     ] Entering safepoint region: Cleanup
[2020-08-25T02:20:27.270+0000][23807][safepoint     ] Leaving safepoint region
[2020-08-25T02:20:27.270+0000][23807][safepoint     ] Total time for which application threads were stopped: 0.0000772 seconds, Stopping threads took: 0.0000264 seconds
[2020-08-25T02:20:30.271+0000][23807][safepoint     ] Application time: 3.0001737 seconds
[2020-08-25T02:20:30.271+0000][23807][safepoint     ] Entering safepoint region: Cleanup
[2020-08-25T02:20:30.271+0000][23807][safepoint     ] Leaving safepoint region
[2020-08-25T02:20:30.271+0000][23807][safepoint     ] Total time for which application threads were stopped: 0.0000622 seconds, Stopping threads took: 0.0000223 seconds
[2020-08-25T02:20:31.271+0000][23807][safepoint     ] Application time: 1.0000597 seconds
[2020-08-25T02:20:31.271+0000][23807][safepoint     ] Entering safepoint region: Cleanup
[2020-08-25T02:20:31.271+0000][23807][safepoint     ] Leaving safepoint region
[2020-08-25T02:20:31.271+0000][23807][safepoint     ] Total time for which application threads were stopped: 0.0000559 seconds, Stopping threads took: 0.0000112 seconds
[2020-08-25T02:20:32.181+0000][23807][safepoint     ] Application time: 0.9096350 seconds
[2020-08-25T02:20:32.181+0000][23807][safepoint     ] Entering safepoint region: G1CollectForAllocation
[2020-08-25T02:20:32.181+0000][23807][gc,heap       ] GC(23) Heap before GC invocations=23 (full 0): garbage-first heap   total 4194304K, used 2535144K [0x0000000700000000, 0x0000000800000000)
[2020-08-25T02:20:32.181+0000][23807][gc,heap       ] GC(23)   region size 2048K, 1228 young (2514944K), 1 survivors (2048K)
[2020-08-25T02:20:32.181+0000][23807][gc,heap       ] GC(23)  Metaspace       used 77908K, capacity 80494K, committed 80640K, reserved 1118208K
[2020-08-25T02:20:32.181+0000][23807][gc,heap       ] GC(23)   class space    used 9698K, capacity 10977K, committed 11008K, reserved 1048576K
[2020-08-25T02:20:32.181+0000][23807][gc,start      ] GC(23) Pause Young (Normal) (G1 Evacuation Pause)
[2020-08-25T02:20:32.181+0000][23807][gc,task       ] GC(23) Using 10 workers of 10 for evacuation
[2020-08-25T02:20:32.181+0000][23807][gc,age        ] GC(23) Desired survivor size 161480704 bytes, new threshold 15 (max threshold 15)
[2020-08-25T02:20:32.184+0000][23807][gc,phases     ] GC(23)   Pre Evacuate Collection Set: 0.0ms
[2020-08-25T02:20:32.185+0000][23807][gc,phases     ] GC(23)   Evacuate Collection Set: 2.6ms
[2020-08-25T02:20:32.185+0000][23807][gc,phases     ] GC(23)   Post Evacuate Collection Set: 0.9ms
[2020-08-25T02:20:32.185+0000][23807][gc,phases     ] GC(23)   Other: 0.4ms
[2020-08-25T02:20:32.185+0000][23807][gc,heap       ] GC(23) Eden regions: 1227->0(1227)
[2020-08-25T02:20:32.185+0000][23807][gc,heap       ] GC(23) Survivor regions: 1->1(154)
[2020-08-25T02:20:32.185+0000][23807][gc,heap       ] GC(23) Old regions: 11->11
[2020-08-25T02:20:32.185+0000][23807][gc,heap       ] GC(23) Humongous regions: 0->0
[2020-08-25T02:20:32.185+0000][23807][gc,metaspace  ] GC(23) Metaspace: 77908K->77908K(1118208K)
[2020-08-25T02:20:32.185+0000][23807][gc,heap       ] GC(23) Heap after GC invocations=24 (full 0): garbage-first heap   total 4194304K, used 22267K [0x0000000700000000, 0x0000000800000000)
[2020-08-25T02:20:32.185+0000][23807][gc,heap       ] GC(23)   region size 2048K, 1 young (2048K), 1 survivors (2048K)
[2020-08-25T02:20:32.185+0000][23807][gc,heap       ] GC(23)  Metaspace       used 77908K, capacity 80494K, committed 80640K, reserved 1118208K
[2020-08-25T02:20:32.185+0000][23807][gc,heap       ] GC(23)   class space    used 9698K, capacity 10977K, committed 11008K, reserved 1048576K
[2020-08-25T02:20:32.185+0000][23807][gc            ] GC(23) Pause Young (Normal) (G1 Evacuation Pause) 2475M->21M(4096M) 3.894ms
[2020-08-25T02:20:32.185+0000][23807][gc,cpu        ] GC(23) User=0.03s Sys=0.00s Real=0.01s
[2020-08-25T02:20:32.185+0000][23807][safepoint     ] Leaving safepoint region
[2020-08-25T02:20:32.185+0000][23807][safepoint     ] Total time for which application threads were stopped: 0.0040605 seconds, Stopping threads took: 0.0000113 seconds
[2020-08-25T02:20:33.185+0000][23807][safepoint     ] Application time: 1.0000698 seconds
[2020-08-25T02:20:33.185+0000][23807][safepoint     ] Entering safepoint region: Cleanup
[2020-08-25T02:20:33.185+0000][23807][safepoint     ] Leaving safepoint region
[2020-08-25T02:20:33.185+0000][23807][safepoint     ] Total time for which application threads were stopped: 0.0000620 seconds, Stopping threads took: 0.0000142 seconds
[2020-08-25T02:20:34.185+0000][23807][safepoint     ] Application time: 1.0000608 seconds
[2020-08-25T02:20:34.229+0000][23807][safepoint     ] Entering safepoint region: Cleanup
[2020-08-25T02:20:34.229+0000][23807][safepoint     ] Leaving safepoint region
[2020-08-25T02:20:34.229+0000][23807][safepoint     ] Total time for which application threads were stopped: 0.0001565 seconds, Stopping threads took: 0.0000478 seconds
[2020-08-25T02:20:36.229+0000][23807][safepoint     ] Application time: 2.0001196 seconds
[2020-08-25T02:20:36.229+0000][23807][safepoint     ] Entering safepoint region: Cleanup
[2020-08-25T02:20:36.229+0000][23807][safepoint     ] Leaving safepoint region
[2020-08-25T02:20:36.229+0000][23807][safepoint     ] Total time for which application threads were stopped: 0.0001751 seconds, Stopping threads took: 0.0000342 seconds
[2020-08-25T02:20:37.230+0000][23807][safepoint     ] Application time: 1.0000661 seconds
[2020-08-25T02:20:37.230+0000][23807][safepoint     ] Entering safepoint region: Cleanup
[2020-08-25T02:20:37.230+0000][23807][safepoint     ] Leaving safepoint region
[2020-08-25T02:20:37.230+0000][23807][safepoint     ] Total time for which application threads were stopped: 0.0000750 seconds, Stopping threads took: 0.0000309 seconds
[2020-08-25T02:20:39.230+0000][23807][safepoint     ] Application time: 2.0001196 seconds
[2020-08-25T02:20:39.230+0000][23807][safepoint     ] Entering safepoint region: Cleanup
[2020-08-25T02:20:39.230+0000][23807][safepoint     ] Leaving safepoint region
[2020-08-25T02:20:39.230+0000][23807][safepoint     ] Total time for which application threads were stopped: 0.0000751 seconds, Stopping threads took: 0.0000316 seconds
[2020-08-25T02:20:40.230+0000][23807][safepoint     ] Application time: 1.0000601 seconds
[2020-08-25T02:20:40.230+0000][23807][safepoint     ] Entering safepoint region: Cleanup
[2020-08-25T02:20:40.230+0000][23807][safepoint     ] Leaving safepoint region
[2020-08-25T02:20:40.230+0000][23807][safepoint     ] Total time for which application threads were stopped: 0.0000822 seconds, Stopping threads took: 0.0000395 seconds
[2020-08-25T02:20:41.230+0000][23807][safepoint     ] Application time: 1.0000597 seconds
[2020-08-25T02:20:41.230+0000][23807][safepoint     ] Entering safepoint region: Cleanup
[2020-08-25T02:20:41.230+0000][23807][safepoint     ] Leaving safepoint region
[2020-08-25T02:20:41.230+0000][23807][safepoint     ] Total time for which application threads were stopped: 0.0001674 seconds, Stopping threads took: 0.0000125 seconds
[2020-08-25T02:20:43.230+0000][23807][safepoint     ] Application time: 2.0001207 seconds
[2020-08-25T02:20:43.230+0000][23807][safepoint     ] Entering safepoint region: Cleanup
[2020-08-25T02:20:43.231+0000][23807][safepoint     ] Leaving safepoint region
[2020-08-25T02:20:43.231+0000][23807][safepoint     ] Total time for which application threads were stopped: 0.0000808 seconds, Stopping threads took: 0.0000304 seconds
[2020-08-25T02:20:45.231+0000][23807][safepoint     ] Application time: 2.0001423 seconds
[2020-08-25T02:20:45.231+0000][23807][safepoint     ] Entering safepoint region: Cleanup
[2020-08-25T02:20:45.231+0000][23807][safepoint     ] Leaving safepoint region
[2020-08-25T02:20:45.231+0000][23807][safepoint     ] Total time for which application threads were stopped: 0.0001461 seconds, Stopping threads took: 0.0000399 seconds
[2020-08-25T02:20:46.231+0000][23807][safepoint     ] Application time: 1.0000598 seconds
[2020-08-25T02:20:46.231+0000][23807][safepoint     ] Entering safepoint region: Cleanup
[2020-08-25T02:20:46.231+0000][23807][safepoint     ] Leaving safepoint region
[2020-08-25T02:20:46.231+0000][23807][safepoint     ] Total time for which application threads were stopped: 0.0001154 seconds, Stopping threads took: 0.0000137 seconds
[2020-08-25T02:20:48.231+0000][23807][safepoint     ] Application time: 2.0001442 seconds
[2020-08-25T02:20:48.231+0000][23807][safepoint     ] Entering safepoint region: Cleanup
[2020-08-25T02:20:48.231+0000][23807][safepoint     ] Leaving safepoint region
[2020-08-25T02:20:48.231+0000][23807][safepoint     ] Total time for which application threads were stopped: 0.0000993 seconds, Stopping threads took: 0.0000234 seconds
[2020-08-25T02:20:52.229+0000][23807][safepoint     ] Application time: 3.9976271 seconds
[2020-08-25T02:20:52.229+0000][23807][safepoint     ] Entering safepoint region: G1CollectForAllocation
[2020-08-25T02:20:52.229+0000][23807][gc,heap       ] GC(24) Heap before GC invocations=24 (full 0): garbage-first heap   total 4194304K, used 2533115K [0x0000000700000000, 0x0000000800000000)
[2020-08-25T02:20:52.229+0000][23807][gc,heap       ] GC(24)   region size 2048K, 1228 young (2514944K), 1 survivors (2048K)
[2020-08-25T02:20:52.229+0000][23807][gc,heap       ] GC(24)  Metaspace       used 78003K, capacity 80635K, committed 80896K, reserved 1120256K
[2020-08-25T02:20:52.229+0000][23807][gc,heap       ] GC(24)   class space    used 9698K, capacity 10977K, committed 11008K, reserved 1048576K
[2020-08-25T02:20:52.229+0000][23807][gc,start      ] GC(24) Pause Young (Normal) (G1 Evacuation Pause)
[2020-08-25T02:20:52.229+0000][23807][gc,task       ] GC(24) Using 10 workers of 10 for evacuation
[2020-08-25T02:20:52.229+0000][23807][gc,age        ] GC(24) Desired survivor size 161480704 bytes, new threshold 15 (max threshold 15)
[2020-08-25T02:20:52.232+0000][23807][gc,phases     ] GC(24)   Pre Evacuate Collection Set: 0.0ms
[2020-08-25T02:20:52.232+0000][23807][gc,phases     ] GC(24)   Evacuate Collection Set: 2.0ms
[2020-08-25T02:20:52.232+0000][23807][gc,phases     ] GC(24)   Post Evacuate Collection Set: 0.8ms
[2020-08-25T02:20:52.232+0000][23807][gc,phases     ] GC(24)   Other: 0.3ms
[2020-08-25T02:20:52.232+0000][23807][gc,heap       ] GC(24) Eden regions: 1227->0(1227)
[2020-08-25T02:20:52.232+0000][23807][gc,heap       ] GC(24) Survivor regions: 1->1(154)
[2020-08-25T02:20:52.232+0000][23807][gc,heap       ] GC(24) Old regions: 11->11
[2020-08-25T02:20:52.232+0000][23807][gc,heap       ] GC(24) Humongous regions: 0->0
[2020-08-25T02:20:52.232+0000][23807][gc,metaspace  ] GC(24) Metaspace: 78003K->78003K(1120256K)
[2020-08-25T02:20:52.232+0000][23807][gc,heap       ] GC(24) Heap after GC invocations=25 (full 0): garbage-first heap   total 4194304K, used 22272K [0x0000000700000000, 0x0000000800000000)
[2020-08-25T02:20:52.232+0000][23807][gc,heap       ] GC(24)   region size 2048K, 1 young (2048K), 1 survivors (2048K)
[2020-08-25T02:20:52.232+0000][23807][gc,heap       ] GC(24)  Metaspace       used 78003K, capacity 80635K, committed 80896K, reserved 1120256K
[2020-08-25T02:20:52.232+0000][23807][gc,heap       ] GC(24)   class space    used 9698K, capacity 10977K, committed 11008K, reserved 1048576K
[2020-08-25T02:20:52.232+0000][23807][gc            ] GC(24) Pause Young (Normal) (G1 Evacuation Pause) 2475M->21M(4096M) 3.218ms
[2020-08-25T02:20:52.232+0000][23807][gc,cpu        ] GC(24) User=0.03s Sys=0.00s Real=0.01s
[2020-08-25T02:20:52.232+0000][23807][safepoint     ] Leaving safepoint region
[2020-08-25T02:20:52.232+0000][23807][safepoint     ] Total time for which application threads were stopped: 0.0034083 seconds, Stopping threads took: 0.0000128 seconds
[2020-08-25T02:20:57.233+0000][23807][safepoint     ] Application time: 5.0003182 seconds
[2020-08-25T02:20:57.233+0000][23807][safepoint     ] Entering safepoint region: Cleanup
[2020-08-25T02:20:57.233+0000][23807][safepoint     ] Leaving safepoint region
[2020-08-25T02:20:57.233+0000][23807][safepoint     ] Total time for which application threads were stopped: 0.0000939 seconds, Stopping threads took: 0.0000325 seconds
[2020-08-25T02:21:12.275+0000][23807][safepoint     ] Application time: 15.0416845 seconds
[2020-08-25T02:21:12.275+0000][23807][safepoint     ] Entering safepoint region: G1CollectForAllocation
[2020-08-25T02:21:12.275+0000][23807][gc,heap       ] GC(25) Heap before GC invocations=25 (full 0): garbage-first heap   total 4194304K, used 2535168K [0x0000000700000000, 0x0000000800000000)
[2020-08-25T02:21:12.275+0000][23807][gc,heap       ] GC(25)   region size 2048K, 1228 young (2514944K), 1 survivors (2048K)
[2020-08-25T02:21:12.275+0000][23807][gc,heap       ] GC(25)  Metaspace       used 78007K, capacity 80635K, committed 80896K, reserved 1120256K
[2020-08-25T02:21:12.275+0000][23807][gc,heap       ] GC(25)   class space    used 9698K, capacity 10977K, committed 11008K, reserved 1048576K
[2020-08-25T02:21:12.275+0000][23807][gc,start      ] GC(25) Pause Young (Normal) (G1 Evacuation Pause)
[2020-08-25T02:21:12.275+0000][23807][gc,task       ] GC(25) Using 10 workers of 10 for evacuation
[2020-08-25T02:21:12.275+0000][23807][gc,age        ] GC(25) Desired survivor size 161480704 bytes, new threshold 15 (max threshold 15)
[2020-08-25T02:21:12.277+0000][23807][gc,phases     ] GC(25)   Pre Evacuate Collection Set: 0.0ms
[2020-08-25T02:21:12.277+0000][23807][gc,phases     ] GC(25)   Evacuate Collection Set: 1.2ms
[2020-08-25T02:21:12.277+0000][23807][gc,phases     ] GC(25)   Post Evacuate Collection Set: 0.5ms
[2020-08-25T02:21:12.277+0000][23807][gc,phases     ] GC(25)   Other: 0.3ms
[2020-08-25T02:21:12.277+0000][23807][gc,heap       ] GC(25) Eden regions: 1227->0(1227)
[2020-08-25T02:21:12.277+0000][23807][gc,heap       ] GC(25) Survivor regions: 1->1(154)
[2020-08-25T02:21:12.277+0000][23807][gc,heap       ] GC(25) Old regions: 11->11
[2020-08-25T02:21:12.277+0000][23807][gc,heap       ] GC(25) Humongous regions: 0->0
[2020-08-25T02:21:12.277+0000][23807][gc,metaspace  ] GC(25) Metaspace: 78007K->78007K(1120256K)
[2020-08-25T02:21:12.277+0000][23807][gc,heap       ] GC(25) Heap after GC invocations=26 (full 0): garbage-first heap   total 4194304K, used 22266K [0x0000000700000000, 0x0000000800000000)
[2020-08-25T02:21:12.277+0000][23807][gc,heap       ] GC(25)   region size 2048K, 1 young (2048K), 1 survivors (2048K)
[2020-08-25T02:21:12.277+0000][23807][gc,heap       ] GC(25)  Metaspace       used 78007K, capacity 80635K, committed 80896K, reserved 1120256K
[2020-08-25T02:21:12.277+0000][23807][gc,heap       ] GC(25)   class space    used 9698K, capacity 10977K, committed 11008K, reserved 1048576K
[2020-08-25T02:21:12.277+0000][23807][gc            ] GC(25) Pause Young (Normal) (G1 Evacuation Pause) 2475M->21M(4096M) 2.196ms
[2020-08-25T02:21:12.277+0000][23807][gc,cpu        ] GC(25) User=0.01s Sys=0.00s Real=0.00s
[2020-08-25T02:21:12.277+0000][23807][safepoint     ] Leaving safepoint region
[2020-08-25T02:21:12.277+0000][23807][safepoint     ] Total time for which application threads were stopped: 0.0023214 seconds, Stopping threads took: 0.0000133 seconds
[2020-08-25T02:21:33.193+0000][23807][safepoint     ] Application time: 20.9156972 seconds
[2020-08-25T02:21:33.193+0000][23807][safepoint     ] Entering safepoint region: G1CollectForAllocation
[2020-08-25T02:21:33.193+0000][23807][gc,heap       ] GC(26) Heap before GC invocations=26 (full 0): garbage-first heap   total 4194304K, used 2535162K [0x0000000700000000, 0x0000000800000000)
[2020-08-25T02:21:33.193+0000][23807][gc,heap       ] GC(26)   region size 2048K, 1228 young (2514944K), 1 survivors (2048K)
[2020-08-25T02:21:33.193+0000][23807][gc,heap       ] GC(26)  Metaspace       used 78010K, capacity 80635K, committed 80896K, reserved 1120256K
[2020-08-25T02:21:33.193+0000][23807][gc,heap       ] GC(26)   class space    used 9698K, capacity 10977K, committed 11008K, reserved 1048576K
[2020-08-25T02:21:33.193+0000][23807][gc,start      ] GC(26) Pause Young (Normal) (G1 Evacuation Pause)
[2020-08-25T02:21:33.193+0000][23807][gc,task       ] GC(26) Using 10 workers of 10 for evacuation
[2020-08-25T02:21:33.193+0000][23807][gc,age        ] GC(26) Desired survivor size 161480704 bytes, new threshold 15 (max threshold 15)
[2020-08-25T02:21:33.195+0000][23807][gc,phases     ] GC(26)   Pre Evacuate Collection Set: 0.0ms
[2020-08-25T02:21:33.195+0000][23807][gc,phases     ] GC(26)   Evacuate Collection Set: 1.0ms
[2020-08-25T02:21:33.195+0000][23807][gc,phases     ] GC(26)   Post Evacuate Collection Set: 0.7ms
[2020-08-25T02:21:33.195+0000][23807][gc,phases     ] GC(26)   Other: 0.3ms
[2020-08-25T02:21:33.195+0000][23807][gc,heap       ] GC(26) Eden regions: 1227->0(1227)
[2020-08-25T02:21:33.195+0000][23807][gc,heap       ] GC(26) Survivor regions: 1->1(154)
[2020-08-25T02:21:33.195+0000][23807][gc,heap       ] GC(26) Old regions: 11->11
[2020-08-25T02:21:33.195+0000][23807][gc,heap       ] GC(26) Humongous regions: 0->0
[2020-08-25T02:21:33.195+0000][23807][gc,metaspace  ] GC(26) Metaspace: 78010K->78010K(1120256K)
[2020-08-25T02:21:33.195+0000][23807][gc,heap       ] GC(26) Heap after GC invocations=27 (full 0): garbage-first heap   total 4194304K, used 22273K [0x0000000700000000, 0x0000000800000000)
[2020-08-25T02:21:33.195+0000][23807][gc,heap       ] GC(26)   region size 2048K, 1 young (2048K), 1 survivors (2048K)
[2020-08-25T02:21:33.195+0000][23807][gc,heap       ] GC(26)  Metaspace       used 78010K, capacity 80635K, committed 80896K, reserved 1120256K
[2020-08-25T02:21:33.195+0000][23807][gc,heap       ] GC(26)   class space    used 9698K, capacity 10977K, committed 11008K, reserved 1048576K
[2020-08-25T02:21:33.195+0000][23807][gc            ] GC(26) Pause Young (Normal) (G1 Evacuation Pause) 2475M->21M(4096M) 2.110ms
[2020-08-25T02:21:33.195+0000][23807][gc,cpu        ] GC(26) User=0.02s Sys=0.00s Real=0.00s
[2020-08-25T02:21:33.195+0000][23807][safepoint     ] Leaving safepoint region
[2020-08-25T02:21:33.195+0000][23807][safepoint     ] Total time for which application threads were stopped: 0.0022835 seconds, Stopping threads took: 0.0000202 seconds
[2020-08-25T02:21:35.195+0000][23807][safepoint     ] Application time: 2.0001249 seconds
[2020-08-25T02:21:35.195+0000][23807][safepoint     ] Entering safepoint region: Cleanup
[2020-08-25T02:21:35.195+0000][23807][safepoint     ] Leaving safepoint region
[2020-08-25T02:21:35.195+0000][23807][safepoint     ] Total time for which application threads were stopped: 0.0000916 seconds, Stopping threads took: 0.0000287 seconds
[2020-08-25T02:21:41.196+0000][23807][safepoint     ] Application time: 6.0003842 seconds
[2020-08-25T02:21:41.196+0000][23807][safepoint     ] Entering safepoint region: Cleanup
[2020-08-25T02:21:41.196+0000][23807][safepoint     ] Leaving safepoint region
[2020-08-25T02:21:41.196+0000][23807][safepoint     ] Total time for which application threads were stopped: 0.0000854 seconds, Stopping threads took: 0.0000294 seconds
[2020-08-25T02:21:51.196+0000][23807][safepoint     ] Application time: 10.0006353 seconds
[2020-08-25T02:21:51.196+0000][23807][safepoint     ] Entering safepoint region: Cleanup
[2020-08-25T02:21:51.197+0000][23807][safepoint     ] Leaving safepoint region
[2020-08-25T02:21:51.197+0000][23807][safepoint     ] Total time for which application threads were stopped: 0.0001791 seconds, Stopping threads took: 0.0000760 seconds
[2020-08-25T02:21:53.238+0000][23807][safepoint     ] Application time: 2.0415727 seconds
[2020-08-25T02:21:53.238+0000][23807][safepoint     ] Entering safepoint region: G1CollectForAllocation
[2020-08-25T02:21:53.238+0000][23807][gc,heap       ] GC(27) Heap before GC invocations=27 (full 0): garbage-first heap   total 4194304K, used 2535169K [0x0000000700000000, 0x0000000800000000)
[2020-08-25T02:21:53.238+0000][23807][gc,heap       ] GC(27)   region size 2048K, 1228 young (2514944K), 1 survivors (2048K)
[2020-08-25T02:21:53.238+0000][23807][gc,heap       ] GC(27)  Metaspace       used 78012K, capacity 80635K, committed 80896K, reserved 1120256K
[2020-08-25T02:21:53.238+0000][23807][gc,heap       ] GC(27)   class space    used 9698K, capacity 10977K, committed 11008K, reserved 1048576K
[2020-08-25T02:21:53.238+0000][23807][gc,start      ] GC(27) Pause Young (Normal) (G1 Evacuation Pause)
[2020-08-25T02:21:53.238+0000][23807][gc,task       ] GC(27) Using 10 workers of 10 for evacuation
[2020-08-25T02:21:53.238+0000][23807][gc,age        ] GC(27) Desired survivor size 161480704 bytes, new threshold 15 (max threshold 15)
[2020-08-25T02:21:53.240+0000][23807][gc,phases     ] GC(27)   Pre Evacuate Collection Set: 0.0ms
[2020-08-25T02:21:53.240+0000][23807][gc,phases     ] GC(27)   Evacuate Collection Set: 1.0ms
[2020-08-25T02:21:53.240+0000][23807][gc,phases     ] GC(27)   Post Evacuate Collection Set: 0.5ms
[2020-08-25T02:21:53.240+0000][23807][gc,phases     ] GC(27)   Other: 0.3ms
[2020-08-25T02:21:53.240+0000][23807][gc,heap       ] GC(27) Eden regions: 1227->0(1227)
[2020-08-25T02:21:53.240+0000][23807][gc,heap       ] GC(27) Survivor regions: 1->1(154)
[2020-08-25T02:21:53.240+0000][23807][gc,heap       ] GC(27) Old regions: 11->11
[2020-08-25T02:21:53.240+0000][23807][gc,heap       ] GC(27) Humongous regions: 0->0
[2020-08-25T02:21:53.240+0000][23807][gc,metaspace  ] GC(27) Metaspace: 78012K->78012K(1120256K)
[2020-08-25T02:21:53.240+0000][23807][gc,heap       ] GC(27) Heap after GC invocations=28 (full 0): garbage-first heap   total 4194304K, used 22278K [0x0000000700000000, 0x0000000800000000)
[2020-08-25T02:21:53.240+0000][23807][gc,heap       ] GC(27)   region size 2048K, 1 young (2048K), 1 survivors (2048K)
[2020-08-25T02:21:53.240+0000][23807][gc,heap       ] GC(27)  Metaspace       used 78012K, capacity 80635K, committed 80896K, reserved 1120256K
[2020-08-25T02:21:53.240+0000][23807][gc,heap       ] GC(27)   class space    used 9698K, capacity 10977K, committed 11008K, reserved 1048576K
[2020-08-25T02:21:53.240+0000][23807][gc            ] GC(27) Pause Young (Normal) (G1 Evacuation Pause) 2475M->21M(4096M) 1.926ms
[2020-08-25T02:21:53.240+0000][23807][gc,cpu        ] GC(27) User=0.01s Sys=0.00s Real=0.00s
[2020-08-25T02:21:53.240+0000][23807][safepoint     ] Leaving safepoint region
[2020-08-25T02:21:53.240+0000][23807][safepoint     ] Total time for which application threads were stopped: 0.0020495 seconds, Stopping threads took: 0.0000148 seconds
[2020-08-25T02:22:09.241+0000][23807][safepoint     ] Application time: 16.0010901 seconds
[2020-08-25T02:22:09.241+0000][23807][safepoint     ] Entering safepoint region: Cleanup
[2020-08-25T02:22:09.241+0000][23807][safepoint     ] Leaving safepoint region
[2020-08-25T02:22:09.241+0000][23807][safepoint     ] Total time for which application threads were stopped: 0.0000968 seconds, Stopping threads took: 0.0000124 seconds
[2020-08-25T02:22:12.242+0000][23807][safepoint     ] Application time: 3.0001769 seconds
[2020-08-25T02:22:12.242+0000][23807][safepoint     ] Entering safepoint region: Cleanup
[2020-08-25T02:22:12.242+0000][23807][safepoint     ] Leaving safepoint region
[2020-08-25T02:22:12.242+0000][23807][safepoint     ] Total time for which application threads were stopped: 0.0000719 seconds, Stopping threads took: 0.0000240 seconds
[2020-08-25T02:22:13.302+0000][23807][safepoint     ] Application time: 1.0601635 seconds
[2020-08-25T02:22:13.302+0000][23807][safepoint     ] Entering safepoint region: G1CollectForAllocation
[2020-08-25T02:22:13.302+0000][23807][gc,heap       ] GC(28) Heap before GC invocations=28 (full 0): garbage-first heap   total 4194304K, used 2535174K [0x0000000700000000, 0x0000000800000000)
[2020-08-25T02:22:13.302+0000][23807][gc,heap       ] GC(28)   region size 2048K, 1228 young (2514944K), 1 survivors (2048K)
[2020-08-25T02:22:13.302+0000][23807][gc,heap       ] GC(28)  Metaspace       used 78016K, capacity 80635K, committed 80896K, reserved 1120256K
[2020-08-25T02:22:13.302+0000][23807][gc,heap       ] GC(28)   class space    used 9698K, capacity 10977K, committed 11008K, reserved 1048576K
[2020-08-25T02:22:13.302+0000][23807][gc,start      ] GC(28) Pause Young (Normal) (G1 Evacuation Pause)
[2020-08-25T02:22:13.302+0000][23807][gc,task       ] GC(28) Using 10 workers of 10 for evacuation
[2020-08-25T02:22:13.302+0000][23807][gc,age        ] GC(28) Desired survivor size 161480704 bytes, new threshold 15 (max threshold 15)
[2020-08-25T02:22:13.304+0000][23807][gc,phases     ] GC(28)   Pre Evacuate Collection Set: 0.0ms
[2020-08-25T02:22:13.304+0000][23807][gc,phases     ] GC(28)   Evacuate Collection Set: 0.9ms
[2020-08-25T02:22:13.304+0000][23807][gc,phases     ] GC(28)   Post Evacuate Collection Set: 0.5ms
[2020-08-25T02:22:13.304+0000][23807][gc,phases     ] GC(28)   Other: 0.3ms
[2020-08-25T02:22:13.304+0000][23807][gc,heap       ] GC(28) Eden regions: 1227->0(1227)
[2020-08-25T02:22:13.304+0000][23807][gc,heap       ] GC(28) Survivor regions: 1->1(154)
[2020-08-25T02:22:13.304+0000][23807][gc,heap       ] GC(28) Old regions: 11->11
[2020-08-25T02:22:13.304+0000][23807][gc,heap       ] GC(28) Humongous regions: 0->0
[2020-08-25T02:22:13.304+0000][23807][gc,metaspace  ] GC(28) Metaspace: 78016K->78016K(1120256K)
[2020-08-25T02:22:13.304+0000][23807][gc,heap       ] GC(28) Heap after GC invocations=29 (full 0): garbage-first heap   total 4194304K, used 22271K [0x0000000700000000, 0x0000000800000000)
[2020-08-25T02:22:13.304+0000][23807][gc,heap       ] GC(28)   region size 2048K, 1 young (2048K), 1 survivors (2048K)
[2020-08-25T02:22:13.304+0000][23807][gc,heap       ] GC(28)  Metaspace       used 78016K, capacity 80635K, committed 80896K, reserved 1120256K
[2020-08-25T02:22:13.304+0000][23807][gc,heap       ] GC(28)   class space    used 9698K, capacity 10977K, committed 11008K, reserved 1048576K
[2020-08-25T02:22:13.304+0000][23807][gc            ] GC(28) Pause Young (Normal) (G1 Evacuation Pause) 2475M->21M(4096M) 1.825ms
[2020-08-25T02:22:13.304+0000][23807][gc,cpu        ] GC(28) User=0.01s Sys=0.00s Real=0.00s
[2020-08-25T02:22:13.304+0000][23807][safepoint     ] Leaving safepoint region
[2020-08-25T02:22:13.304+0000][23807][safepoint     ] Total time for which application threads were stopped: 0.0019769 seconds, Stopping threads took: 0.0000224 seconds
[2020-08-25T02:22:19.304+0000][23807][safepoint     ] Application time: 6.0005444 seconds
[2020-08-25T02:22:19.304+0000][23807][safepoint     ] Entering safepoint region: Cleanup
[2020-08-25T02:22:19.305+0000][23807][safepoint     ] Leaving safepoint region
[2020-08-25T02:22:19.305+0000][23807][safepoint     ] Total time for which application threads were stopped: 0.0000636 seconds, Stopping threads took: 0.0000118 seconds
[2020-08-25T02:22:22.305+0000][23807][safepoint     ] Application time: 3.0003483 seconds
[2020-08-25T02:22:22.305+0000][23807][safepoint     ] Entering safepoint region: Cleanup
[2020-08-25T02:22:22.305+0000][23807][safepoint     ] Leaving safepoint region
[2020-08-25T02:22:22.305+0000][23807][safepoint     ] Total time for which application threads were stopped: 0.0000897 seconds, Stopping threads took: 0.0000120 seconds
[2020-08-25T02:22:34.216+0000][23807][safepoint     ] Application time: 11.9105532 seconds
[2020-08-25T02:22:34.216+0000][23807][safepoint     ] Entering safepoint region: G1CollectForAllocation
[2020-08-25T02:22:34.216+0000][23807][gc,heap       ] GC(29) Heap before GC invocations=29 (full 0): garbage-first heap   total 4194304K, used 2535167K [0x0000000700000000, 0x0000000800000000)
[2020-08-25T02:22:34.216+0000][23807][gc,heap       ] GC(29)   region size 2048K, 1228 young (2514944K), 1 survivors (2048K)
[2020-08-25T02:22:34.216+0000][23807][gc,heap       ] GC(29)  Metaspace       used 78024K, capacity 80635K, committed 80896K, reserved 1120256K
[2020-08-25T02:22:34.216+0000][23807][gc,heap       ] GC(29)   class space    used 9698K, capacity 10977K, committed 11008K, reserved 1048576K
[2020-08-25T02:22:34.216+0000][23807][gc,start      ] GC(29) Pause Young (Normal) (G1 Evacuation Pause)
[2020-08-25T02:22:34.216+0000][23807][gc,task       ] GC(29) Using 10 workers of 10 for evacuation
[2020-08-25T02:22:34.216+0000][23807][gc,age        ] GC(29) Desired survivor size 161480704 bytes, new threshold 15 (max threshold 15)
[2020-08-25T02:22:34.217+0000][23807][gc,phases     ] GC(29)   Pre Evacuate Collection Set: 0.0ms
[2020-08-25T02:22:34.217+0000][23807][gc,phases     ] GC(29)   Evacuate Collection Set: 0.7ms
[2020-08-25T02:22:34.217+0000][23807][gc,phases     ] GC(29)   Post Evacuate Collection Set: 0.6ms
[2020-08-25T02:22:34.217+0000][23807][gc,phases     ] GC(29)   Other: 0.3ms
[2020-08-25T02:22:34.217+0000][23807][gc,heap       ] GC(29) Eden regions: 1227->0(1227)
[2020-08-25T02:22:34.217+0000][23807][gc,heap       ] GC(29) Survivor regions: 1->1(154)
[2020-08-25T02:22:34.217+0000][23807][gc,heap       ] GC(29) Old regions: 11->11
[2020-08-25T02:22:34.217+0000][23807][gc,heap       ] GC(29) Humongous regions: 0->0
[2020-08-25T02:22:34.217+0000][23807][gc,metaspace  ] GC(29) Metaspace: 78024K->78024K(1120256K)
[2020-08-25T02:22:34.217+0000][23807][gc,heap       ] GC(29) Heap after GC invocations=30 (full 0): garbage-first heap   total 4194304K, used 22297K [0x0000000700000000, 0x0000000800000000)
[2020-08-25T02:22:34.217+0000][23807][gc,heap       ] GC(29)   region size 2048K, 1 young (2048K), 1 survivors (2048K)
[2020-08-25T02:22:34.217+0000][23807][gc,heap       ] GC(29)  Metaspace       used 78024K, capacity 80635K, committed 80896K, reserved 1120256K
[2020-08-25T02:22:34.217+0000][23807][gc,heap       ] GC(29)   class space    used 9698K, capacity 10977K, committed 11008K, reserved 1048576K
[2020-08-25T02:22:34.217+0000][23807][gc            ] GC(29) Pause Young (Normal) (G1 Evacuation Pause) 2475M->21M(4096M) 1.708ms
[2020-08-25T02:22:34.217+0000][23807][gc,cpu        ] GC(29) User=0.01s Sys=0.00s Real=0.00s
[2020-08-25T02:22:34.217+0000][23807][safepoint     ] Leaving safepoint region
[2020-08-25T02:22:34.217+0000][23807][safepoint     ] Total time for which application threads were stopped: 0.0018629 seconds, Stopping threads took: 0.0000196 seconds
[2020-08-25T02:22:39.218+0000][23807][safepoint     ] Application time: 5.0003884 seconds
[2020-08-25T02:22:39.218+0000][23807][safepoint     ] Entering safepoint region: Cleanup
[2020-08-25T02:22:39.218+0000][23807][safepoint     ] Leaving safepoint region
[2020-08-25T02:22:39.218+0000][23807][safepoint     ] Total time for which application threads were stopped: 0.0000765 seconds, Stopping threads took: 0.0000241 seconds
[2020-08-25T02:22:42.218+0000][23807][safepoint     ] Application time: 3.0002077 seconds
[2020-08-25T02:22:42.228+0000][23807][safepoint     ] Entering safepoint region: Cleanup
[2020-08-25T02:22:42.228+0000][23807][safepoint     ] Leaving safepoint region
[2020-08-25T02:22:42.228+0000][23807][safepoint     ] Total time for which application threads were stopped: 0.0003157 seconds, Stopping threads took: 0.0001146 seconds
[2020-08-25T02:22:47.229+0000][23807][safepoint     ] Application time: 5.0003067 seconds
[2020-08-25T02:22:47.229+0000][23807][safepoint     ] Entering safepoint region: Cleanup
[2020-08-25T02:22:47.229+0000][23807][safepoint     ] Leaving safepoint region
[2020-08-25T02:22:47.229+0000][23807][safepoint     ] Total time for which application threads were stopped: 0.0000857 seconds, Stopping threads took: 0.0000446 seconds
[2020-08-25T02:22:48.229+0000][23807][safepoint     ] Application time: 1.0000772 seconds
[2020-08-25T02:22:48.229+0000][23807][safepoint     ] Entering safepoint region: Cleanup
[2020-08-25T02:22:48.229+0000][23807][safepoint     ] Leaving safepoint region
[2020-08-25T02:22:48.229+0000][23807][safepoint     ] Total time for which application threads were stopped: 0.0001033 seconds, Stopping threads took: 0.0000456 seconds
[2020-08-25T02:22:49.229+0000][23807][safepoint     ] Application time: 1.0000776 seconds
[2020-08-25T02:22:49.229+0000][23807][safepoint     ] Entering safepoint region: Cleanup
[2020-08-25T02:22:49.229+0000][23807][safepoint     ] Leaving safepoint region
[2020-08-25T02:22:49.229+0000][23807][safepoint     ] Total time for which application threads were stopped: 0.0000834 seconds, Stopping threads took: 0.0000245 seconds
[2020-08-25T02:22:50.229+0000][23807][safepoint     ] Application time: 1.0000855 seconds
[2020-08-25T02:22:50.229+0000][23807][safepoint     ] Entering safepoint region: Cleanup
[2020-08-25T02:22:50.229+0000][23807][safepoint     ] Leaving safepoint region
[2020-08-25T02:22:50.229+0000][23807][safepoint     ] Total time for which application threads were stopped: 0.0001161 seconds, Stopping threads took: 0.0000337 seconds
[2020-08-25T02:22:51.229+0000][23807][safepoint     ] Application time: 1.0000603 seconds
[2020-08-25T02:22:51.230+0000][23807][safepoint     ] Entering safepoint region: Cleanup
[2020-08-25T02:22:51.230+0000][23807][safepoint     ] Leaving safepoint region
[2020-08-25T02:22:51.230+0000][23807][safepoint     ] Total time for which application threads were stopped: 0.0000820 seconds, Stopping threads took: 0.0000278 seconds
[2020-08-25T02:22:52.230+0000][23807][safepoint     ] Application time: 1.0000639 seconds
[2020-08-25T02:22:52.230+0000][23807][safepoint     ] Entering safepoint region: Cleanup
[2020-08-25T02:22:52.230+0000][23807][safepoint     ] Leaving safepoint region
[2020-08-25T02:22:52.230+0000][23807][safepoint     ] Total time for which application threads were stopped: 0.0000798 seconds, Stopping threads took: 0.0000323 seconds
[2020-08-25T02:22:54.252+0000][23807][safepoint     ] Application time: 2.0226805 seconds
[2020-08-25T02:22:54.252+0000][23807][safepoint     ] Entering safepoint region: G1CollectForAllocation
[2020-08-25T02:22:54.253+0000][23807][gc,heap       ] GC(30) Heap before GC invocations=30 (full 0): garbage-first heap   total 4194304K, used 2535193K [0x0000000700000000, 0x0000000800000000)
[2020-08-25T02:22:54.253+0000][23807][gc,heap       ] GC(30)   region size 2048K, 1228 young (2514944K), 1 survivors (2048K)
[2020-08-25T02:22:54.253+0000][23807][gc,heap       ] GC(30)  Metaspace       used 78072K, capacity 80638K, committed 80896K, reserved 1120256K
[2020-08-25T02:22:54.253+0000][23807][gc,heap       ] GC(30)   class space    used 9698K, capacity 10977K, committed 11008K, reserved 1048576K
[2020-08-25T02:22:54.253+0000][23807][gc,start      ] GC(30) Pause Young (Normal) (G1 Evacuation Pause)
[2020-08-25T02:22:54.253+0000][23807][gc,task       ] GC(30) Using 10 workers of 10 for evacuation
[2020-08-25T02:22:54.253+0000][23807][gc,age        ] GC(30) Desired survivor size 161480704 bytes, new threshold 15 (max threshold 15)
[2020-08-25T02:22:54.254+0000][23807][gc,phases     ] GC(30)   Pre Evacuate Collection Set: 0.0ms
[2020-08-25T02:22:54.254+0000][23807][gc,phases     ] GC(30)   Evacuate Collection Set: 0.9ms
[2020-08-25T02:22:54.254+0000][23807][gc,phases     ] GC(30)   Post Evacuate Collection Set: 0.5ms
[2020-08-25T02:22:54.254+0000][23807][gc,phases     ] GC(30)   Other: 0.3ms
[2020-08-25T02:22:54.254+0000][23807][gc,heap       ] GC(30) Eden regions: 1227->0(1227)
[2020-08-25T02:22:54.254+0000][23807][gc,heap       ] GC(30) Survivor regions: 1->1(154)
[2020-08-25T02:22:54.254+0000][23807][gc,heap       ] GC(30) Old regions: 11->11
[2020-08-25T02:22:54.254+0000][23807][gc,heap       ] GC(30) Humongous regions: 0->0
[2020-08-25T02:22:54.254+0000][23807][gc,metaspace  ] GC(30) Metaspace: 78072K->78072K(1120256K)
[2020-08-25T02:22:54.254+0000][23807][gc,heap       ] GC(30) Heap after GC invocations=31 (full 0): garbage-first heap   total 4194304K, used 22306K [0x0000000700000000, 0x0000000800000000)
[2020-08-25T02:22:54.254+0000][23807][gc,heap       ] GC(30)   region size 2048K, 1 young (2048K), 1 survivors (2048K)
[2020-08-25T02:22:54.254+0000][23807][gc,heap       ] GC(30)  Metaspace       used 78072K, capacity 80638K, committed 80896K, reserved 1120256K
[2020-08-25T02:22:54.254+0000][23807][gc,heap       ] GC(30)   class space    used 9698K, capacity 10977K, committed 11008K, reserved 1048576K
[2020-08-25T02:22:54.254+0000][23807][gc            ] GC(30) Pause Young (Normal) (G1 Evacuation Pause) 2475M->21M(4096M) 1.696ms
[2020-08-25T02:22:54.254+0000][23807][gc,cpu        ] GC(30) User=0.01s Sys=0.00s Real=0.00s
[2020-08-25T02:22:54.254+0000][23807][safepoint     ] Leaving safepoint region
[2020-08-25T02:22:54.254+0000][23807][safepoint     ] Total time for which application threads were stopped: 0.0018111 seconds, Stopping threads took: 0.0000123 seconds
[2020-08-25T02:23:15.174+0000][23807][safepoint     ] Application time: 20.9195688 seconds
[2020-08-25T02:23:15.174+0000][23807][safepoint     ] Entering safepoint region: G1CollectForAllocation
[2020-08-25T02:23:15.174+0000][23807][gc,heap       ] GC(31) Heap before GC invocations=31 (full 0): garbage-first heap   total 4194304K, used 2535202K [0x0000000700000000, 0x0000000800000000)
[2020-08-25T02:23:15.174+0000][23807][gc,heap       ] GC(31)   region size 2048K, 1228 young (2514944K), 1 survivors (2048K)
[2020-08-25T02:23:15.174+0000][23807][gc,heap       ] GC(31)  Metaspace       used 78072K, capacity 80638K, committed 80896K, reserved 1120256K
[2020-08-25T02:23:15.174+0000][23807][gc,heap       ] GC(31)   class space    used 9698K, capacity 10977K, committed 11008K, reserved 1048576K
[2020-08-25T02:23:15.174+0000][23807][gc,start      ] GC(31) Pause Young (Normal) (G1 Evacuation Pause)
[2020-08-25T02:23:15.174+0000][23807][gc,task       ] GC(31) Using 10 workers of 10 for evacuation
[2020-08-25T02:23:15.174+0000][23807][gc,age        ] GC(31) Desired survivor size 161480704 bytes, new threshold 15 (max threshold 15)
[2020-08-25T02:23:15.176+0000][23807][gc,phases     ] GC(31)   Pre Evacuate Collection Set: 0.0ms
[2020-08-25T02:23:15.176+0000][23807][gc,phases     ] GC(31)   Evacuate Collection Set: 0.8ms
[2020-08-25T02:23:15.176+0000][23807][gc,phases     ] GC(31)   Post Evacuate Collection Set: 0.7ms
[2020-08-25T02:23:15.176+0000][23807][gc,phases     ] GC(31)   Other: 0.4ms
[2020-08-25T02:23:15.176+0000][23807][gc,heap       ] GC(31) Eden regions: 1227->0(1227)
[2020-08-25T02:23:15.176+0000][23807][gc,heap       ] GC(31) Survivor regions: 1->1(154)
[2020-08-25T02:23:15.176+0000][23807][gc,heap       ] GC(31) Old regions: 11->11
[2020-08-25T02:23:15.176+0000][23807][gc,heap       ] GC(31) Humongous regions: 0->0
[2020-08-25T02:23:15.176+0000][23807][gc,metaspace  ] GC(31) Metaspace: 78072K->78072K(1120256K)
[2020-08-25T02:23:15.176+0000][23807][gc,heap       ] GC(31) Heap after GC invocations=32 (full 0): garbage-first heap   total 4194304K, used 22301K [0x0000000700000000, 0x0000000800000000)
[2020-08-25T02:23:15.176+0000][23807][gc,heap       ] GC(31)   region size 2048K, 1 young (2048K), 1 survivors (2048K)
[2020-08-25T02:23:15.176+0000][23807][gc,heap       ] GC(31)  Metaspace       used 78072K, capacity 80638K, committed 80896K, reserved 1120256K
[2020-08-25T02:23:15.176+0000][23807][gc,heap       ] GC(31)   class space    used 9698K, capacity 10977K, committed 11008K, reserved 1048576K
[2020-08-25T02:23:15.176+0000][23807][gc            ] GC(31) Pause Young (Normal) (G1 Evacuation Pause) 2475M->21M(4096M) 1.861ms
[2020-08-25T02:23:15.176+0000][23807][gc,cpu        ] GC(31) User=0.01s Sys=0.00s Real=0.00s
[2020-08-25T02:23:15.176+0000][23807][safepoint     ] Leaving safepoint region
[2020-08-25T02:23:15.176+0000][23807][safepoint     ] Total time for which application threads were stopped: 0.0020539 seconds, Stopping threads took: 0.0000207 seconds
[2020-08-25T02:23:32.177+0000][23807][safepoint     ] Application time: 17.0011616 seconds
[2020-08-25T02:23:32.177+0000][23807][safepoint     ] Entering safepoint region: Cleanup
[2020-08-25T02:23:32.177+0000][23807][safepoint     ] Leaving safepoint region
[2020-08-25T02:23:32.177+0000][23807][safepoint     ] Total time for which application threads were stopped: 0.0000871 seconds, Stopping threads took: 0.0000403 seconds
[2020-08-25T02:23:35.220+0000][23807][safepoint     ] Application time: 3.0429767 seconds
[2020-08-25T02:23:35.220+0000][23807][safepoint     ] Entering safepoint region: G1CollectForAllocation
[2020-08-25T02:23:35.220+0000][23807][gc,heap       ] GC(32) Heap before GC invocations=32 (full 0): garbage-first heap   total 4194304K, used 2535197K [0x0000000700000000, 0x0000000800000000)
[2020-08-25T02:23:35.220+0000][23807][gc,heap       ] GC(32)   region size 2048K, 1228 young (2514944K), 1 survivors (2048K)
[2020-08-25T02:23:35.220+0000][23807][gc,heap       ] GC(32)  Metaspace       used 78072K, capacity 80638K, committed 80896K, reserved 1120256K
[2020-08-25T02:23:35.220+0000][23807][gc,heap       ] GC(32)   class space    used 9698K, capacity 10977K, committed 11008K, reserved 1048576K
[2020-08-25T02:23:35.220+0000][23807][gc,start      ] GC(32) Pause Young (Normal) (G1 Evacuation Pause)
[2020-08-25T02:23:35.220+0000][23807][gc,task       ] GC(32) Using 10 workers of 10 for evacuation
[2020-08-25T02:23:35.220+0000][23807][gc,age        ] GC(32) Desired survivor size 161480704 bytes, new threshold 15 (max threshold 15)
[2020-08-25T02:23:35.222+0000][23807][gc,phases     ] GC(32)   Pre Evacuate Collection Set: 0.0ms
[2020-08-25T02:23:35.222+0000][23807][gc,phases     ] GC(32)   Evacuate Collection Set: 1.0ms
[2020-08-25T02:23:35.222+0000][23807][gc,phases     ] GC(32)   Post Evacuate Collection Set: 0.6ms
[2020-08-25T02:23:35.222+0000][23807][gc,phases     ] GC(32)   Other: 0.3ms
[2020-08-25T02:23:35.222+0000][23807][gc,heap       ] GC(32) Eden regions: 1227->0(1227)
[2020-08-25T02:23:35.222+0000][23807][gc,heap       ] GC(32) Survivor regions: 1->1(154)
[2020-08-25T02:23:35.222+0000][23807][gc,heap       ] GC(32) Old regions: 11->11
[2020-08-25T02:23:35.222+0000][23807][gc,heap       ] GC(32) Humongous regions: 0->0
[2020-08-25T02:23:35.222+0000][23807][gc,metaspace  ] GC(32) Metaspace: 78072K->78072K(1120256K)
[2020-08-25T02:23:35.222+0000][23807][gc,heap       ] GC(32) Heap after GC invocations=33 (full 0): garbage-first heap   total 4194304K, used 22315K [0x0000000700000000, 0x0000000800000000)
[2020-08-25T02:23:35.222+0000][23807][gc,heap       ] GC(32)   region size 2048K, 1 young (2048K), 1 survivors (2048K)
[2020-08-25T02:23:35.222+0000][23807][gc,heap       ] GC(32)  Metaspace       used 78072K, capacity 80638K, committed 80896K, reserved 1120256K
[2020-08-25T02:23:35.222+0000][23807][gc,heap       ] GC(32)   class space    used 9698K, capacity 10977K, committed 11008K, reserved 1048576K
[2020-08-25T02:23:35.222+0000][23807][gc            ] GC(32) Pause Young (Normal) (G1 Evacuation Pause) 2475M->21M(4096M) 2.020ms
[2020-08-25T02:23:35.222+0000][23807][gc,cpu        ] GC(32) User=0.00s Sys=0.00s Real=0.01s
[2020-08-25T02:23:35.222+0000][23807][safepoint     ] Leaving safepoint region
[2020-08-25T02:23:35.222+0000][23807][safepoint     ] Total time for which application threads were stopped: 0.0021504 seconds, Stopping threads took: 0.0000274 seconds
[2020-08-25T02:23:48.223+0000][23807][safepoint     ] Application time: 13.0008870 seconds
[2020-08-25T02:23:48.223+0000][23807][safepoint     ] Entering safepoint region: Cleanup
[2020-08-25T02:23:48.223+0000][23807][safepoint     ] Leaving safepoint region
[2020-08-25T02:23:48.223+0000][23807][safepoint     ] Total time for which application threads were stopped: 0.0000920 seconds, Stopping threads took: 0.0000301 seconds
[2020-08-25T02:23:55.224+0000][23807][safepoint     ] Application time: 7.0004862 seconds
[2020-08-25T02:23:55.224+0000][23807][safepoint     ] Entering safepoint region: Cleanup
[2020-08-25T02:23:55.224+0000][23807][safepoint     ] Leaving safepoint region
[2020-08-25T02:23:55.224+0000][23807][safepoint     ] Total time for which application threads were stopped: 0.0000817 seconds, Stopping threads took: 0.0000283 seconds
[2020-08-25T02:23:55.273+0000][23807][safepoint     ] Application time: 0.0487288 seconds
[2020-08-25T02:23:55.273+0000][23807][safepoint     ] Entering safepoint region: G1CollectForAllocation
[2020-08-25T02:23:55.273+0000][23807][gc,heap       ] GC(33) Heap before GC invocations=33 (full 0): garbage-first heap   total 4194304K, used 2535211K [0x0000000700000000, 0x0000000800000000)
[2020-08-25T02:23:55.273+0000][23807][gc,heap       ] GC(33)   region size 2048K, 1228 young (2514944K), 1 survivors (2048K)
[2020-08-25T02:23:55.273+0000][23807][gc,heap       ] GC(33)  Metaspace       used 78075K, capacity 80640K, committed 80896K, reserved 1120256K
[2020-08-25T02:23:55.273+0000][23807][gc,heap       ] GC(33)   class space    used 9698K, capacity 10977K, committed 11008K, reserved 1048576K
[2020-08-25T02:23:55.273+0000][23807][gc,start      ] GC(33) Pause Young (Normal) (G1 Evacuation Pause)
[2020-08-25T02:23:55.273+0000][23807][gc,task       ] GC(33) Using 10 workers of 10 for evacuation
[2020-08-25T02:23:55.273+0000][23807][gc,age        ] GC(33) Desired survivor size 161480704 bytes, new threshold 15 (max threshold 15)
[2020-08-25T02:23:55.275+0000][23807][gc,phases     ] GC(33)   Pre Evacuate Collection Set: 0.0ms
[2020-08-25T02:23:55.275+0000][23807][gc,phases     ] GC(33)   Evacuate Collection Set: 0.8ms
[2020-08-25T02:23:55.275+0000][23807][gc,phases     ] GC(33)   Post Evacuate Collection Set: 0.7ms
[2020-08-25T02:23:55.275+0000][23807][gc,phases     ] GC(33)   Other: 0.3ms
[2020-08-25T02:23:55.275+0000][23807][gc,heap       ] GC(33) Eden regions: 1227->0(1227)
[2020-08-25T02:23:55.275+0000][23807][gc,heap       ] GC(33) Survivor regions: 1->1(154)
[2020-08-25T02:23:55.275+0000][23807][gc,heap       ] GC(33) Old regions: 11->11
[2020-08-25T02:23:55.275+0000][23807][gc,heap       ] GC(33) Humongous regions: 0->0
[2020-08-25T02:23:55.275+0000][23807][gc,metaspace  ] GC(33) Metaspace: 78075K->78075K(1120256K)
[2020-08-25T02:23:55.275+0000][23807][gc,heap       ] GC(33) Heap after GC invocations=34 (full 0): garbage-first heap   total 4194304K, used 22320K [0x0000000700000000, 0x0000000800000000)
[2020-08-25T02:23:55.275+0000][23807][gc,heap       ] GC(33)   region size 2048K, 1 young (2048K), 1 survivors (2048K)
[2020-08-25T02:23:55.275+0000][23807][gc,heap       ] GC(33)  Metaspace       used 78075K, capacity 80640K, committed 80896K, reserved 1120256K
[2020-08-25T02:23:55.275+0000][23807][gc,heap       ] GC(33)   class space    used 9698K, capacity 10977K, committed 11008K, reserved 1048576K
[2020-08-25T02:23:55.275+0000][23807][gc            ] GC(33) Pause Young (Normal) (G1 Evacuation Pause) 2475M->21M(4096M) 1.830ms
[2020-08-25T02:23:55.275+0000][23807][gc,cpu        ] GC(33) User=0.01s Sys=0.00s Real=0.00s
[2020-08-25T02:23:55.275+0000][23807][safepoint     ] Leaving safepoint region
[2020-08-25T02:23:55.275+0000][23807][safepoint     ] Total time for which application threads were stopped: 0.0019679 seconds, Stopping threads took: 0.0000274 seconds
[2020-08-25T02:24:14.276+0000][23807][safepoint     ] Application time: 19.0011428 seconds
[2020-08-25T02:24:14.276+0000][23807][safepoint     ] Entering safepoint region: Cleanup
[2020-08-25T02:24:14.276+0000][23807][safepoint     ] Leaving safepoint region
[2020-08-25T02:24:14.276+0000][23807][safepoint     ] Total time for which application threads were stopped: 0.0000630 seconds, Stopping threads took: 0.0000231 seconds
[2020-08-25T02:24:16.188+0000][23807][safepoint     ] Application time: 1.9121176 seconds
[2020-08-25T02:24:16.188+0000][23807][safepoint     ] Entering safepoint region: G1CollectForAllocation
[2020-08-25T02:24:16.188+0000][23807][gc,heap       ] GC(34) Heap before GC invocations=34 (full 0): garbage-first heap   total 4194304K, used 2535216K [0x0000000700000000, 0x0000000800000000)
[2020-08-25T02:24:16.188+0000][23807][gc,heap       ] GC(34)   region size 2048K, 1228 young (2514944K), 1 survivors (2048K)
[2020-08-25T02:24:16.188+0000][23807][gc,heap       ] GC(34)  Metaspace       used 78075K, capacity 80640K, committed 80896K, reserved 1120256K
[2020-08-25T02:24:16.188+0000][23807][gc,heap       ] GC(34)   class space    used 9698K, capacity 10977K, committed 11008K, reserved 1048576K
[2020-08-25T02:24:16.188+0000][23807][gc,start      ] GC(34) Pause Young (Normal) (G1 Evacuation Pause)
[2020-08-25T02:24:16.188+0000][23807][gc,task       ] GC(34) Using 10 workers of 10 for evacuation
[2020-08-25T02:24:16.188+0000][23807][gc,age        ] GC(34) Desired survivor size 161480704 bytes, new threshold 15 (max threshold 15)
[2020-08-25T02:24:16.190+0000][23807][gc,phases     ] GC(34)   Pre Evacuate Collection Set: 0.0ms
[2020-08-25T02:24:16.190+0000][23807][gc,phases     ] GC(34)   Evacuate Collection Set: 0.7ms
[2020-08-25T02:24:16.190+0000][23807][gc,phases     ] GC(34)   Post Evacuate Collection Set: 0.5ms
[2020-08-25T02:24:16.190+0000][23807][gc,phases     ] GC(34)   Other: 0.3ms
[2020-08-25T02:24:16.190+0000][23807][gc,heap       ] GC(34) Eden regions: 1227->0(1227)
[2020-08-25T02:24:16.190+0000][23807][gc,heap       ] GC(34) Survivor regions: 1->1(154)
[2020-08-25T02:24:16.190+0000][23807][gc,heap       ] GC(34) Old regions: 11->11
[2020-08-25T02:24:16.190+0000][23807][gc,heap       ] GC(34) Humongous regions: 0->0
[2020-08-25T02:24:16.190+0000][23807][gc,metaspace  ] GC(34) Metaspace: 78075K->78075K(1120256K)
[2020-08-25T02:24:16.190+0000][23807][gc,heap       ] GC(34) Heap after GC invocations=35 (full 0): garbage-first heap   total 4194304K, used 22321K [0x0000000700000000, 0x0000000800000000)
[2020-08-25T02:24:16.190+0000][23807][gc,heap       ] GC(34)   region size 2048K, 1 young (2048K), 1 survivors (2048K)
[2020-08-25T02:24:16.190+0000][23807][gc,heap       ] GC(34)  Metaspace       used 78075K, capacity 80640K, committed 80896K, reserved 1120256K
[2020-08-25T02:24:16.190+0000][23807][gc,heap       ] GC(34)   class space    used 9698K, capacity 10977K, committed 11008K, reserved 1048576K
[2020-08-25T02:24:16.190+0000][23807][gc            ] GC(34) Pause Young (Normal) (G1 Evacuation Pause) 2475M->21M(4096M) 1.619ms
[2020-08-25T02:24:16.190+0000][23807][gc,cpu        ] GC(34) User=0.00s Sys=0.01s Real=0.00s
[2020-08-25T02:24:16.190+0000][23807][safepoint     ] Leaving safepoint region
[2020-08-25T02:24:16.190+0000][23807][safepoint     ] Total time for which application threads were stopped: 0.0017484 seconds, Stopping threads took: 0.0000135 seconds
[2020-08-25T02:24:24.190+0000][23807][safepoint     ] Application time: 8.0006120 seconds
[2020-08-25T02:24:24.190+0000][23807][safepoint     ] Entering safepoint region: Cleanup
[2020-08-25T02:24:24.191+0000][23807][safepoint     ] Leaving safepoint region
[2020-08-25T02:24:24.191+0000][23807][safepoint     ] Total time for which application threads were stopped: 0.0001149 seconds, Stopping threads took: 0.0000433 seconds
[2020-08-25T02:24:30.191+0000][23807][safepoint     ] Application time: 6.0003906 seconds
[2020-08-25T02:24:30.191+0000][23807][safepoint     ] Entering safepoint region: Cleanup
[2020-08-25T02:24:30.191+0000][23807][safepoint     ] Leaving safepoint region
[2020-08-25T02:24:30.191+0000][23807][safepoint     ] Total time for which application threads were stopped: 0.0000883 seconds, Stopping threads took: 0.0000183 seconds
[2020-08-25T02:24:31.191+0000][23807][safepoint     ] Application time: 1.0000623 seconds
[2020-08-25T02:24:31.191+0000][23807][safepoint     ] Entering safepoint region: Cleanup
[2020-08-25T02:24:31.191+0000][23807][safepoint     ] Leaving safepoint region
[2020-08-25T02:24:31.191+0000][23807][safepoint     ] Total time for which application threads were stopped: 0.0000554 seconds, Stopping threads took: 0.0000133 seconds
[2020-08-25T02:24:34.191+0000][23807][safepoint     ] Application time: 3.0001758 seconds
[2020-08-25T02:24:34.191+0000][23807][safepoint     ] Entering safepoint region: Cleanup
[2020-08-25T02:24:34.192+0000][23807][safepoint     ] Leaving safepoint region
[2020-08-25T02:24:34.192+0000][23807][safepoint     ] Total time for which application threads were stopped: 0.0000943 seconds, Stopping threads took: 0.0000285 seconds
[2020-08-25T02:24:36.427+0000][23807][safepoint     ] Application time: 2.2353117 seconds
[2020-08-25T02:24:36.427+0000][23807][safepoint     ] Entering safepoint region: G1CollectForAllocation
[2020-08-25T02:24:36.427+0000][23807][gc,heap       ] GC(35) Heap before GC invocations=35 (full 0): garbage-first heap   total 4194304K, used 2535217K [0x0000000700000000, 0x0000000800000000)
[2020-08-25T02:24:36.427+0000][23807][gc,heap       ] GC(35)   region size 2048K, 1228 young (2514944K), 1 survivors (2048K)
[2020-08-25T02:24:36.427+0000][23807][gc,heap       ] GC(35)  Metaspace       used 78082K, capacity 80708K, committed 80896K, reserved 1120256K
[2020-08-25T02:24:36.427+0000][23807][gc,heap       ] GC(35)   class space    used 9698K, capacity 10977K, committed 11008K, reserved 1048576K
[2020-08-25T02:24:36.427+0000][23807][gc,start      ] GC(35) Pause Young (Normal) (G1 Evacuation Pause)
[2020-08-25T02:24:36.427+0000][23807][gc,task       ] GC(35) Using 10 workers of 10 for evacuation
[2020-08-25T02:24:36.427+0000][23807][gc,age        ] GC(35) Desired survivor size 161480704 bytes, new threshold 15 (max threshold 15)
[2020-08-25T02:24:36.428+0000][23807][gc,phases     ] GC(35)   Pre Evacuate Collection Set: 0.0ms
[2020-08-25T02:24:36.428+0000][23807][gc,phases     ] GC(35)   Evacuate Collection Set: 0.7ms
[2020-08-25T02:24:36.428+0000][23807][gc,phases     ] GC(35)   Post Evacuate Collection Set: 0.5ms
[2020-08-25T02:24:36.428+0000][23807][gc,phases     ] GC(35)   Other: 0.3ms
[2020-08-25T02:24:36.429+0000][23807][gc,heap       ] GC(35) Eden regions: 1227->0(1227)
[2020-08-25T02:24:36.429+0000][23807][gc,heap       ] GC(35) Survivor regions: 1->1(154)
[2020-08-25T02:24:36.429+0000][23807][gc,heap       ] GC(35) Old regions: 11->11
[2020-08-25T02:24:36.429+0000][23807][gc,heap       ] GC(35) Humongous regions: 0->0
[2020-08-25T02:24:36.429+0000][23807][gc,metaspace  ] GC(35) Metaspace: 78082K->78082K(1120256K)
[2020-08-25T02:24:36.429+0000][23807][gc,heap       ] GC(35) Heap after GC invocations=36 (full 0): garbage-first heap   total 4194304K, used 22314K [0x0000000700000000, 0x0000000800000000)
[2020-08-25T02:24:36.429+0000][23807][gc,heap       ] GC(35)   region size 2048K, 1 young (2048K), 1 survivors (2048K)
[2020-08-25T02:24:36.429+0000][23807][gc,heap       ] GC(35)  Metaspace       used 78082K, capacity 80708K, committed 80896K, reserved 1120256K
[2020-08-25T02:24:36.429+0000][23807][gc,heap       ] GC(35)   class space    used 9698K, capacity 10977K, committed 11008K, reserved 1048576K
[2020-08-25T02:24:36.429+0000][23807][gc            ] GC(35) Pause Young (Normal) (G1 Evacuation Pause) 2475M->21M(4096M) 1.606ms
[2020-08-25T02:24:36.429+0000][23807][gc,cpu        ] GC(35) User=0.01s Sys=0.00s Real=0.00s
[2020-08-25T02:24:36.429+0000][23807][safepoint     ] Leaving safepoint region
[2020-08-25T02:24:36.429+0000][23807][safepoint     ] Total time for which application threads were stopped: 0.0017223 seconds, Stopping threads took: 0.0000124 seconds
[2020-08-25T02:24:46.430+0000][23807][safepoint     ] Application time: 10.0010620 seconds
[2020-08-25T02:24:46.430+0000][23807][safepoint     ] Entering safepoint region: Cleanup
[2020-08-25T02:24:46.430+0000][23807][safepoint     ] Leaving safepoint region
[2020-08-25T02:24:46.430+0000][23807][safepoint     ] Total time for which application threads were stopped: 0.0001021 seconds, Stopping threads took: 0.0000127 seconds
[2020-08-25T02:24:52.430+0000][23807][safepoint     ] Application time: 6.0005357 seconds
[2020-08-25T02:24:52.430+0000][23807][safepoint     ] Entering safepoint region: Cleanup
[2020-08-25T02:24:52.430+0000][23807][safepoint     ] Leaving safepoint region
[2020-08-25T02:24:52.431+0000][23807][safepoint     ] Total time for which application threads were stopped: 0.0001291 seconds, Stopping threads took: 0.0000158 seconds
[2020-08-25T02:25:18.433+0000][23807][safepoint     ] Application time: 26.0029070 seconds
[2020-08-25T02:25:18.433+0000][23807][safepoint     ] Entering safepoint region: Cleanup
[2020-08-25T02:25:18.434+0000][23807][safepoint     ] Leaving safepoint region
[2020-08-25T02:25:18.434+0000][23807][safepoint     ] Total time for which application threads were stopped: 0.0000978 seconds, Stopping threads took: 0.0000255 seconds
[2020-08-25T02:25:25.434+0000][23807][safepoint     ] Application time: 7.0006862 seconds
[2020-08-25T02:25:25.434+0000][23807][safepoint     ] Entering safepoint region: Cleanup
[2020-08-25T02:25:25.434+0000][23807][safepoint     ] Leaving safepoint region
[2020-08-25T02:25:25.434+0000][23807][safepoint     ] Total time for which application threads were stopped: 0.0001029 seconds, Stopping threads took: 0.0000127 seconds
[2020-08-25T02:26:03.438+0000][23807][safepoint     ] Application time: 38.0035672 seconds
[2020-08-25T02:26:03.438+0000][23807][safepoint     ] Entering safepoint region: Cleanup
[2020-08-25T02:26:03.438+0000][23807][safepoint     ] Leaving safepoint region
[2020-08-25T02:26:03.438+0000][23807][safepoint     ] Total time for which application threads were stopped: 0.0001539 seconds, Stopping threads took: 0.0000663 seconds
[2020-08-25T02:26:30.118+0000][23807][gc,heap,exit  ] Heap
[2020-08-25T02:26:30.118+0000][23807][gc,heap,exit  ]  garbage-first heap   total 4194304K, used 1074986K [0x0000000700000000, 0x0000000800000000)
[2020-08-25T02:26:30.118+0000][23807][gc,heap,exit  ]   region size 2048K, 516 young (1056768K), 1 survivors (2048K)
[2020-08-25T02:26:30.118+0000][23807][gc,heap,exit  ]  Metaspace       used 78566K, capacity 81241K, committed 81408K, reserved 1120256K
[2020-08-25T02:26:30.118+0000][23807][gc,heap,exit  ]   class space    used 9814K, capacity 11162K, committed 11264K, reserved 1048576K
[2020-08-25T02:26:30.118+0000][23807][safepoint     ] Application time: 26.6796195 seconds
[2020-08-25T02:26:30.118+0000][23807][safepoint     ] Entering safepoint region: Exit
