[2020-07-12T01:05:48.444+0000][5284][gc,heap] Minimum heap 4294967296  Initial heap 4294967296  Maximum heap 4294967296
[2020-07-12T01:05:48.444+0000][5284][gc,init] Initializing The Z Garbage Collector
[2020-07-12T01:05:48.444+0000][5284][gc,init] Version: 14.0.1+7 (release)
[2020-07-12T01:05:48.444+0000][5284][gc,init] NUMA Support: Disabled
[2020-07-12T01:05:48.444+0000][5284][gc,init] CPUs: 8 total, 8 available
[2020-07-12T01:05:48.444+0000][5284][gc,init] Memory: 23961M
[2020-07-12T01:05:48.444+0000][5284][gc,init] Large Page Support: Disabled
[2020-07-12T01:05:48.444+0000][5284][gc,init] Medium Page Size: 32M
[2020-07-12T01:05:48.444+0000][5284][gc,init] Workers: 5 parallel, 1 concurrent
[2020-07-12T01:05:48.445+0000][5284][gc,init] Address Space Type: Contiguous/Unrestricted/Complete
[2020-07-12T01:05:48.445+0000][5284][gc,init] Address Space Size: 65536M x 3 = 196608M
[2020-07-12T01:05:48.445+0000][5284][gc,init] Heap backed by file: /memfd:java_heap
[2020-07-12T01:05:48.445+0000][5284][gc,init] Min Capacity: 4096M
[2020-07-12T01:05:48.445+0000][5284][gc,init] Initial Capacity: 4096M
[2020-07-12T01:05:48.445+0000][5284][gc,init] Max Capacity: 4096M
[2020-07-12T01:05:48.445+0000][5284][gc,init] Max Reserve: 42M
[2020-07-12T01:05:48.445+0000][5284][gc,init] Pre-touch: Enabled
[2020-07-12T01:05:48.445+0000][5284][gc,init] Available space on backing filesystem: N/A
[2020-07-12T01:05:52.250+0000][5284][gc,init] Uncommit: Disabled
[2020-07-12T01:05:52.884+0000][5284][gc,init] Runtime Workers: 5 parallel
[2020-07-12T01:05:52.885+0000][5284][gc     ] Using The Z Garbage Collector
[2020-07-12T01:05:53.807+0000][5284][safepoint] Safepoint "RedefineClasses", Time since last: 889248338 ns, Reaching safepoint: 144434 ns, At safepoint: 8462114 ns, Total: 8606548 ns
[2020-07-12T01:05:53.930+0000][5284][safepoint] Safepoint "JFRCheckpoint", Time since last: 123209496 ns, Reaching safepoint: 84846 ns, At safepoint: 7909 ns, Total: 92755 ns
[2020-07-12T01:05:53.936+0000][5284][safepoint] Safepoint "JFROldObject", Time since last: 5542754 ns, Reaching safepoint: 59319 ns, At safepoint: 21299 ns, Total: 80618 ns
[2020-07-12T01:05:53.948+0000][5284][safepoint] Safepoint "ClassLoaderStatsOperation", Time since last: 11525038 ns, Reaching safepoint: 56427 ns, At safepoint: 147933 ns, Total: 204360 ns
[2020-07-12T01:05:54.568+0000][5284][gc,heap  ] GC(0) Heap before GC invocations=0 (full 0): ZHeap           used 72M, capacity 4096M, max capacity 4096M
[2020-07-12T01:05:54.568+0000][5284][gc,heap  ] GC(0)  Metaspace       used 20816K, capacity 20972K, committed 21248K, reserved 22528K
[2020-07-12T01:05:54.568+0000][5284][gc,start ] GC(0) Garbage Collection (Metadata GC Threshold)
[2020-07-12T01:05:54.569+0000][5284][gc,phases] GC(0) Pause Mark Start 0.456ms
[2020-07-12T01:05:54.569+0000][5284][safepoint] Safepoint "ZMarkStart", Time since last: 620659664 ns, Reaching safepoint: 247610 ns, At safepoint: 477995 ns, Total: 725605 ns
[2020-07-12T01:05:54.582+0000][5284][gc,phases] GC(0) Concurrent Mark 13.514ms
[2020-07-12T01:05:54.584+0000][5284][gc,phases] GC(0) Pause Mark End 0.242ms
[2020-07-12T01:05:54.584+0000][5284][safepoint] Safepoint "ZMarkEnd", Time since last: 13562867 ns, Reaching safepoint: 1650902 ns, At safepoint: 259038 ns, Total: 1909940 ns
[2020-07-12T01:05:54.587+0000][5284][gc,phases] GC(0) Concurrent Process Non-Strong References 2.317ms
[2020-07-12T01:05:54.587+0000][5284][gc,phases] GC(0) Concurrent Reset Relocation Set 0.000ms
[2020-07-12T01:05:54.592+0000][5284][gc,phases] GC(0) Concurrent Select Relocation Set 5.622ms
[2020-07-12T01:05:54.593+0000][5284][gc,phases] GC(0) Pause Relocate Start 0.254ms
[2020-07-12T01:05:54.593+0000][5284][safepoint] Safepoint "ZRelocateStart", Time since last: 7982699 ns, Reaching safepoint: 394429 ns, At safepoint: 268253 ns, Total: 662682 ns
[2020-07-12T01:05:54.601+0000][5284][gc,phases] GC(0) Concurrent Relocate 8.327ms
[2020-07-12T01:05:54.601+0000][5284][gc,heap  ] GC(0) Heap after GC invocations=1 (full 1): ZHeap           used 30M, capacity 4096M, max capacity 4096M
[2020-07-12T01:05:54.601+0000][5284][gc,heap  ] GC(0)  Metaspace       used 21155K, capacity 21368K, committed 21760K, reserved 22528K
[2020-07-12T01:05:54.601+0000][5284][gc,load  ] GC(0) Load: 1.41/0.97/0.49
[2020-07-12T01:05:54.601+0000][5284][gc,mmu   ] GC(0) MMU: 2ms/77.2%, 5ms/90.9%, 10ms/95.0%, 20ms/96.5%, 50ms/98.1%, 100ms/99.0%
[2020-07-12T01:05:54.601+0000][5284][gc,marking] GC(0) Mark: 1 stripe(s), 2 proactive flush(es), 1 terminate flush(es), 1 completion(s), 0 continuation(s) 
[2020-07-12T01:05:54.601+0000][5284][gc,reloc  ] GC(0) Relocation: Successful, 6M relocated
[2020-07-12T01:05:54.601+0000][5284][gc,nmethod] GC(0) NMethods: 454 registered, 0 unregistered
[2020-07-12T01:05:54.601+0000][5284][gc,metaspace] GC(0) Metaspace: 20M used, 20M capacity, 21M committed, 22M reserved
[2020-07-12T01:05:54.601+0000][5284][gc,ref      ] GC(0) Soft: 2596 encountered, 0 discovered, 0 enqueued
[2020-07-12T01:05:54.601+0000][5284][gc,ref      ] GC(0) Weak: 544 encountered, 490 discovered, 103 enqueued
[2020-07-12T01:05:54.601+0000][5284][gc,ref      ] GC(0) Final: 2 encountered, 0 discovered, 0 enqueued
[2020-07-12T01:05:54.601+0000][5284][gc,ref      ] GC(0) Phantom: 361 encountered, 316 discovered, 122 enqueued
[2020-07-12T01:05:54.601+0000][5284][gc,heap     ] GC(0) Min Capacity: 4096M(100%)
[2020-07-12T01:05:54.601+0000][5284][gc,heap     ] GC(0) Max Capacity: 4096M(100%)
[2020-07-12T01:05:54.601+0000][5284][gc,heap     ] GC(0) Soft Max Capacity: 4096M(100%)
[2020-07-12T01:05:54.602+0000][5284][gc,heap     ] GC(0)                Mark Start          Mark End        Relocate Start      Relocate End           High               Low         
[2020-07-12T01:05:54.602+0000][5284][gc,heap     ] GC(0)  Capacity:     4096M (100%)       4096M (100%)       4096M (100%)       4096M (100%)       4096M (100%)       4096M (100%)   
[2020-07-12T01:05:54.602+0000][5284][gc,heap     ] GC(0)   Reserve:       42M (1%)           42M (1%)           42M (1%)           42M (1%)           42M (1%)           42M (1%)     
[2020-07-12T01:05:54.602+0000][5284][gc,heap     ] GC(0)      Free:     3982M (97%)        3978M (97%)        3980M (97%)        4024M (98%)        4024M (98%)        3972M (97%)    
[2020-07-12T01:05:54.602+0000][5284][gc,heap     ] GC(0)      Used:       72M (2%)           76M (2%)           74M (2%)           30M (1%)           82M (2%)           30M (1%)     
[2020-07-12T01:05:54.602+0000][5284][gc,heap     ] GC(0)      Live:         -                 9M (0%)            9M (0%)            9M (0%)             -                  -          
[2020-07-12T01:05:54.602+0000][5284][gc,heap     ] GC(0) Allocated:         -                 4M (0%)            4M (0%)           26M (1%)             -                  -          
[2020-07-12T01:05:54.602+0000][5284][gc,heap     ] GC(0)   Garbage:         -                62M (2%)           60M (1%)           16M (0%)             -                  -          
[2020-07-12T01:05:54.602+0000][5284][gc,heap     ] GC(0) Reclaimed:         -                  -                 2M (0%)           46M (1%)             -                  -          
[2020-07-12T01:05:54.602+0000][5284][gc          ] GC(0) Garbage Collection (Metadata GC Threshold) 72M(2%)->30M(1%)
[2020-07-12T01:05:55.593+0000][5284][gc,heap     ] GC(1) Heap before GC invocations=1 (full 1): ZHeap           used 132M, capacity 4096M, max capacity 4096M
[2020-07-12T01:05:55.593+0000][5284][gc,heap     ] GC(1)  Metaspace       used 35538K, capacity 36141K, committed 36524K, reserved 36864K
[2020-07-12T01:05:55.593+0000][5284][gc,start    ] GC(1) Garbage Collection (Metadata GC Threshold)
[2020-07-12T01:05:55.593+0000][5284][gc,phases   ] GC(1) Pause Mark Start 0.273ms
[2020-07-12T01:05:55.593+0000][5284][safepoint   ] Safepoint "ZMarkStart", Time since last: 999695561 ns, Reaching safepoint: 234586 ns, At safepoint: 295416 ns, Total: 530002 ns
[2020-07-12T01:05:55.615+0000][5284][gc,phases   ] GC(1) Concurrent Mark 21.350ms
[2020-07-12T01:05:55.616+0000][5284][gc,phases   ] GC(1) Pause Mark End 0.211ms
[2020-07-12T01:05:55.616+0000][5284][safepoint   ] Safepoint "ZMarkEnd", Time since last: 21389417 ns, Reaching safepoint: 749322 ns, At safepoint: 229151 ns, Total: 978473 ns
[2020-07-12T01:05:55.619+0000][5284][gc,phases   ] GC(1) Concurrent Process Non-Strong References 3.395ms
[2020-07-12T01:05:55.619+0000][5284][gc,phases   ] GC(1) Concurrent Reset Relocation Set 0.004ms
[2020-07-12T01:05:55.620+0000][5284][gc,phases   ] GC(1) Concurrent Select Relocation Set 1.097ms
[2020-07-12T01:05:55.621+0000][5284][safepoint   ] Safepoint "ZRelocateStart", Time since last: 4546527 ns, Reaching safepoint: 553495 ns, At safepoint: 5776 ns, Total: 559271 ns
[2020-07-12T01:05:55.621+0000][5284][gc,phases   ] GC(1) Pause Relocate Start 0.189ms
[2020-07-12T01:05:55.621+0000][5284][safepoint   ] Safepoint "ZRelocateStart", Time since last: 116504 ns, Reaching safepoint: 105258 ns, At safepoint: 205781 ns, Total: 311039 ns
[2020-07-12T01:05:55.628+0000][5284][gc,phases   ] GC(1) Concurrent Relocate 7.241ms
[2020-07-12T01:05:55.628+0000][5284][gc,heap     ] GC(1) Heap after GC invocations=2 (full 2): ZHeap           used 24M, capacity 4096M, max capacity 4096M
[2020-07-12T01:05:55.628+0000][5284][gc,heap     ] GC(1)  Metaspace       used 36246K, capacity 36845K, committed 37188K, reserved 38912K
[2020-07-12T01:05:55.628+0000][5284][gc,load     ] GC(1) Load: 1.41/0.97/0.49
[2020-07-12T01:05:55.628+0000][5284][gc,mmu      ] GC(1) MMU: 2ms/77.2%, 5ms/90.9%, 10ms/95.0%, 20ms/96.5%, 50ms/98.1%, 100ms/99.0%
[2020-07-12T01:05:55.628+0000][5284][gc,marking  ] GC(1) Mark: 1 stripe(s), 2 proactive flush(es), 1 terminate flush(es), 1 completion(s), 0 continuation(s) 
[2020-07-12T01:05:55.628+0000][5284][gc,reloc    ] GC(1) Relocation: Successful, 5M relocated
[2020-07-12T01:05:55.628+0000][5284][gc,nmethod  ] GC(1) NMethods: 623 registered, 2 unregistered
[2020-07-12T01:05:55.628+0000][5284][gc,metaspace] GC(1) Metaspace: 35M used, 35M capacity, 36M committed, 38M reserved
[2020-07-12T01:05:55.628+0000][5284][gc,ref      ] GC(1) Soft: 2829 encountered, 0 discovered, 0 enqueued
[2020-07-12T01:05:55.628+0000][5284][gc,ref      ] GC(1) Weak: 948 encountered, 869 discovered, 126 enqueued
[2020-07-12T01:05:55.628+0000][5284][gc,ref      ] GC(1) Final: 2 encountered, 0 discovered, 0 enqueued
[2020-07-12T01:05:55.628+0000][5284][gc,ref      ] GC(1) Phantom: 527 encountered, 463 discovered, 241 enqueued
[2020-07-12T01:05:55.628+0000][5284][gc,heap     ] GC(1) Min Capacity: 4096M(100%)
[2020-07-12T01:05:55.629+0000][5284][gc,heap     ] GC(1) Max Capacity: 4096M(100%)
[2020-07-12T01:05:55.629+0000][5284][gc,heap     ] GC(1) Soft Max Capacity: 4096M(100%)
[2020-07-12T01:05:55.629+0000][5284][gc,heap     ] GC(1)                Mark Start          Mark End        Relocate Start      Relocate End           High               Low         
[2020-07-12T01:05:55.629+0000][5284][gc,heap     ] GC(1)  Capacity:     4096M (100%)       4096M (100%)       4096M (100%)       4096M (100%)       4096M (100%)       4096M (100%)   
[2020-07-12T01:05:55.629+0000][5284][gc,heap     ] GC(1)   Reserve:       42M (1%)           42M (1%)           42M (1%)           42M (1%)           42M (1%)           42M (1%)     
[2020-07-12T01:05:55.629+0000][5284][gc,heap     ] GC(1)      Free:     3922M (96%)        3920M (96%)        3950M (96%)        4030M (98%)        4030M (98%)        3918M (96%)    
[2020-07-12T01:05:55.629+0000][5284][gc,heap     ] GC(1)      Used:      132M (3%)          134M (3%)          104M (3%)           24M (1%)          136M (3%)           24M (1%)     
[2020-07-12T01:05:55.629+0000][5284][gc,heap     ] GC(1)      Live:         -                12M (0%)           12M (0%)           12M (0%)             -                  -          
[2020-07-12T01:05:55.629+0000][5284][gc,heap     ] GC(1) Allocated:         -                 2M (0%)            4M (0%)           16M (0%)             -                  -          
[2020-07-12T01:05:55.629+0000][5284][gc,heap     ] GC(1)   Garbage:         -               119M (3%)           87M (2%)            7M (0%)             -                  -          
[2020-07-12T01:05:55.629+0000][5284][gc,heap     ] GC(1) Reclaimed:         -                  -                32M (1%)          112M (3%)             -                  -          
[2020-07-12T01:05:55.629+0000][5284][gc          ] GC(1) Garbage Collection (Metadata GC Threshold) 132M(3%)->24M(1%)
[2020-07-12T01:05:56.789+0000][5284][safepoint   ] Safepoint "Cleanup", Time since last: 1167868360 ns, Reaching safepoint: 172320 ns, At safepoint: 4954 ns, Total: 177274 ns
[2020-07-12T01:05:57.721+0000][5284][gc,heap     ] GC(2) Heap before GC invocations=2 (full 2): ZHeap           used 178M, capacity 4096M, max capacity 4096M
[2020-07-12T01:05:57.721+0000][5284][gc,heap     ] GC(2)  Metaspace       used 60259K, capacity 61980K, committed 61980K, reserved 63488K
[2020-07-12T01:05:57.721+0000][5284][gc,start    ] GC(2) Garbage Collection (Metadata GC Threshold)
[2020-07-12T01:05:57.722+0000][5284][gc,phases   ] GC(2) Pause Mark Start 0.490ms
[2020-07-12T01:05:57.722+0000][5284][safepoint   ] Safepoint "ZMarkStart", Time since last: 931467464 ns, Reaching safepoint: 755166 ns, At safepoint: 512604 ns, Total: 1267770 ns
[2020-07-12T01:05:57.777+0000][5284][gc,phases   ] GC(2) Concurrent Mark 54.977ms
[2020-07-12T01:05:57.777+0000][5284][gc,phases   ] GC(2) Pause Mark End 0.264ms
[2020-07-12T01:05:57.777+0000][5284][safepoint   ] Safepoint "ZMarkEnd", Time since last: 55029550 ns, Reaching safepoint: 178129 ns, At safepoint: 287109 ns, Total: 465238 ns
[2020-07-12T01:05:57.789+0000][5284][gc,phases   ] GC(2) Concurrent Process Non-Strong References 11.653ms
[2020-07-12T01:05:57.789+0000][5284][gc,phases   ] GC(2) Concurrent Reset Relocation Set 0.007ms
[2020-07-12T01:05:57.790+0000][5284][gc,phases   ] GC(2) Concurrent Select Relocation Set 1.352ms
[2020-07-12T01:05:57.791+0000][5284][gc,phases   ] GC(2) Pause Relocate Start 0.344ms
[2020-07-12T01:05:57.791+0000][5284][safepoint   ] Safepoint "ZRelocateStart", Time since last: 13066153 ns, Reaching safepoint: 604046 ns, At safepoint: 366183 ns, Total: 970229 ns
[2020-07-12T01:05:57.809+0000][5284][gc,phases   ] GC(2) Concurrent Relocate 17.486ms
[2020-07-12T01:05:57.809+0000][5284][gc,heap     ] GC(2) Heap after GC invocations=3 (full 3): ZHeap           used 74M, capacity 4096M, max capacity 4096M
[2020-07-12T01:05:57.809+0000][5284][gc,heap     ] GC(2)  Metaspace       used 61298K, capacity 63106K, committed 63156K, reserved 63488K
[2020-07-12T01:05:57.809+0000][5284][gc,load     ] GC(2) Load: 1.41/0.97/0.49
[2020-07-12T01:05:57.809+0000][5284][gc,mmu      ] GC(2) MMU: 2ms/75.5%, 5ms/90.2%, 10ms/95.0%, 20ms/96.5%, 50ms/98.1%, 100ms/98.9%
[2020-07-12T01:05:57.809+0000][5284][gc,marking  ] GC(2) Mark: 1 stripe(s), 2 proactive flush(es), 1 terminate flush(es), 1 completion(s), 0 continuation(s) 
[2020-07-12T01:05:57.809+0000][5284][gc,reloc    ] GC(2) Relocation: Successful, 10M relocated
[2020-07-12T01:05:57.809+0000][5284][gc,nmethod  ] GC(2) NMethods: 1249 registered, 0 unregistered
[2020-07-12T01:05:57.809+0000][5284][gc,metaspace] GC(2) Metaspace: 59M used, 61M capacity, 61M committed, 62M reserved
[2020-07-12T01:05:57.809+0000][5284][gc,ref      ] GC(2) Soft: 3374 encountered, 0 discovered, 0 enqueued
[2020-07-12T01:05:57.809+0000][5284][gc,ref      ] GC(2) Weak: 7648 encountered, 5366 discovered, 1808 enqueued
[2020-07-12T01:05:57.809+0000][5284][gc,ref      ] GC(2) Final: 2 encountered, 0 discovered, 0 enqueued
[2020-07-12T01:05:57.809+0000][5284][gc,ref      ] GC(2) Phantom: 1031 encountered, 882 discovered, 604 enqueued
[2020-07-12T01:05:57.809+0000][5284][gc,heap     ] GC(2) Min Capacity: 4096M(100%)
[2020-07-12T01:05:57.809+0000][5284][gc,heap     ] GC(2) Max Capacity: 4096M(100%)
[2020-07-12T01:05:57.809+0000][5284][gc,heap     ] GC(2) Soft Max Capacity: 4096M(100%)
[2020-07-12T01:05:57.809+0000][5284][gc,heap     ] GC(2)                Mark Start          Mark End        Relocate Start      Relocate End           High               Low         
[2020-07-12T01:05:57.809+0000][5284][gc,heap     ] GC(2)  Capacity:     4096M (100%)       4096M (100%)       4096M (100%)       4096M (100%)       4096M (100%)       4096M (100%)   
[2020-07-12T01:05:57.809+0000][5284][gc,heap     ] GC(2)   Reserve:       42M (1%)           42M (1%)           42M (1%)           42M (1%)           42M (1%)           42M (1%)     
[2020-07-12T01:05:57.809+0000][5284][gc,heap     ] GC(2)      Free:     3876M (95%)        3870M (94%)        3866M (94%)        3980M (97%)        3980M (97%)        3856M (94%)    
[2020-07-12T01:05:57.809+0000][5284][gc,heap     ] GC(2)      Used:      178M (4%)          184M (4%)          188M (5%)           74M (2%)          198M (5%)           74M (2%)     
[2020-07-12T01:05:57.809+0000][5284][gc,heap     ] GC(2)      Live:         -                22M (1%)           22M (1%)           22M (1%)             -                  -          
[2020-07-12T01:05:57.809+0000][5284][gc,heap     ] GC(2) Allocated:         -                 6M (0%)           10M (0%)           30M (1%)             -                  -          
[2020-07-12T01:05:57.809+0000][5284][gc,heap     ] GC(2)   Garbage:         -               155M (4%)          155M (4%)           41M (1%)             -                  -          
[2020-07-12T01:05:57.809+0000][5284][gc,heap     ] GC(2) Reclaimed:         -                  -                 0M (0%)          114M (3%)             -                  -          
[2020-07-12T01:05:57.809+0000][5284][gc          ] GC(2) Garbage Collection (Metadata GC Threshold) 178M(4%)->74M(2%)
[2020-07-12T01:05:58.812+0000][5284][safepoint   ] Safepoint "Cleanup", Time since last: 1020671641 ns, Reaching safepoint: 267739 ns, At safepoint: 9815 ns, Total: 277554 ns
[2020-07-12T01:05:58.923+0000][5284][gc,stats    ] === Garbage Collection Statistics =======================================================================================================================
[2020-07-12T01:05:58.923+0000][5284][gc,stats    ]                                                              Last 10s              Last 10m              Last 10h                Total
[2020-07-12T01:05:58.923+0000][5284][gc,stats    ]                                                              Avg / Max             Avg / Max             Avg / Max             Avg / Max
[2020-07-12T01:05:58.924+0000][5284][gc,stats    ]   Collector: Garbage Collection Cycle                     52.465 / 88.359       52.465 / 88.359       52.465 / 88.359       52.465 / 88.359      ms
[2020-07-12T01:05:58.924+0000][5284][gc,stats    ]  Contention: Mark Segment Reset Contention                     0 / 0                 0 / 0                 0 / 0                 0 / 0           ops/s
[2020-07-12T01:05:58.924+0000][5284][gc,stats    ]  Contention: Mark SeqNum Reset Contention                      0 / 0                 0 / 0                 0 / 0                 0 / 0           ops/s
[2020-07-12T01:05:58.924+0000][5284][gc,stats    ]  Contention: Relocation Contention                             0 / 2                 0 / 2                 0 / 2                 0 / 2           ops/s
[2020-07-12T01:05:58.924+0000][5284][gc,stats    ]    Critical: Allocation Stall                              0.000 / 0.000         0.000 / 0.000         0.000 / 0.000         0.000 / 0.000       ms
[2020-07-12T01:05:58.924+0000][5284][gc,stats    ]    Critical: Allocation Stall                                  0 / 0                 0 / 0                 0 / 0                 0 / 0           ops/s
[2020-07-12T01:05:58.924+0000][5284][gc,stats    ]    Critical: GC Locker Stall                               0.093 / 0.093         0.093 / 0.093         0.093 / 0.093         0.093 / 0.093       ms
[2020-07-12T01:05:58.924+0000][5284][gc,stats    ]    Critical: GC Locker Stall                                   0 / 1                 0 / 1                 0 / 1                 0 / 1           ops/s
[2020-07-12T01:05:58.924+0000][5284][gc,stats    ]      Memory: Allocation Rate                                  65 / 140              65 / 140              65 / 140              65 / 140         MB/s
[2020-07-12T01:05:58.924+0000][5284][gc,stats    ]      Memory: Heap Used After Mark                            131 / 184             131 / 184             131 / 184             131 / 184         MB
[2020-07-12T01:05:58.924+0000][5284][gc,stats    ]      Memory: Heap Used After Relocation                       42 / 74               42 / 74               42 / 74               42 / 74          MB
[2020-07-12T01:05:58.924+0000][5284][gc,stats    ]      Memory: Heap Used Before Mark                           127 / 178             127 / 178             127 / 178             127 / 178         MB
[2020-07-12T01:05:58.924+0000][5284][gc,stats    ]      Memory: Heap Used Before Relocation                     122 / 188             122 / 188             122 / 188             122 / 188         MB
[2020-07-12T01:05:58.924+0000][5284][gc,stats    ]      Memory: Out Of Memory                                     0 / 0                 0 / 0                 0 / 0                 0 / 0           ops/s
[2020-07-12T01:05:58.924+0000][5284][gc,stats    ]      Memory: Page Cache Flush                                  0 / 0                 0 / 0                 0 / 0                 0 / 0           MB/s
[2020-07-12T01:05:58.924+0000][5284][gc,stats    ]      Memory: Page Cache Hit L1                                17 / 30               17 / 30               17 / 30               17 / 30          ops/s
[2020-07-12T01:05:58.924+0000][5284][gc,stats    ]      Memory: Page Cache Hit L2                                 0 / 0                 0 / 0                 0 / 0                 0 / 0           ops/s
[2020-07-12T01:05:58.924+0000][5284][gc,stats    ]      Memory: Page Cache Hit L3                                14 / 28               14 / 28               14 / 28               14 / 28          ops/s
[2020-07-12T01:05:58.924+0000][5284][gc,stats    ]      Memory: Page Cache Miss                                   0 / 0                 0 / 0                 0 / 0                 0 / 0           ops/s
[2020-07-12T01:05:58.924+0000][5284][gc,stats    ]      Memory: Uncommit                                          0 / 0                 0 / 0                 0 / 0                 0 / 0           MB/s
[2020-07-12T01:05:58.924+0000][5284][gc,stats    ]      Memory: Undo Object Allocation Failed                     0 / 0                 0 / 0                 0 / 0                 0 / 0           ops/s
[2020-07-12T01:05:58.924+0000][5284][gc,stats    ]      Memory: Undo Object Allocation Succeeded                  0 / 2                 0 / 2                 0 / 2                 0 / 2           ops/s
[2020-07-12T01:05:58.924+0000][5284][gc,stats    ]      Memory: Undo Page Allocation                              0 / 0                 0 / 0                 0 / 0                 0 / 0           ops/s
[2020-07-12T01:05:58.924+0000][5284][gc,stats    ]       Phase: Concurrent Mark                              29.947 / 54.977       29.947 / 54.977       29.947 / 54.977       29.947 / 54.977      ms
[2020-07-12T01:05:58.924+0000][5284][gc,stats    ]       Phase: Concurrent Mark Continue                      0.000 / 0.000         0.000 / 0.000         0.000 / 0.000         0.000 / 0.000       ms
[2020-07-12T01:05:58.924+0000][5284][gc,stats    ]       Phase: Concurrent Process Non-Strong References      5.788 / 11.653        5.788 / 11.653        5.788 / 11.653        5.788 / 11.653      ms
[2020-07-12T01:05:58.924+0000][5284][gc,stats    ]       Phase: Concurrent Relocate                          11.018 / 17.486       11.018 / 17.486       11.018 / 17.486       11.018 / 17.486      ms
[2020-07-12T01:05:58.924+0000][5284][gc,stats    ]       Phase: Concurrent Reset Relocation Set               0.004 / 0.007         0.004 / 0.007         0.004 / 0.007         0.004 / 0.007       ms
[2020-07-12T01:05:58.924+0000][5284][gc,stats    ]       Phase: Concurrent Select Relocation Set              2.690 / 5.622         2.690 / 5.622         2.690 / 5.622         2.690 / 5.622       ms
[2020-07-12T01:05:58.924+0000][5284][gc,stats    ]       Phase: Pause Mark End                                0.239 / 0.264         0.239 / 0.264         0.239 / 0.264         0.239 / 0.264       ms
[2020-07-12T01:05:58.924+0000][5284][gc,stats    ]       Phase: Pause Mark Start                              0.407 / 0.490         0.407 / 0.490         0.407 / 0.490         0.407 / 0.490       ms
[2020-07-12T01:05:58.924+0000][5284][gc,stats    ]       Phase: Pause Relocate Start                          0.262 / 0.344         0.262 / 0.344         0.262 / 0.344         0.262 / 0.344       ms
[2020-07-12T01:05:58.924+0000][5284][gc,stats    ]    Subphase: Concurrent Classes Purge                      0.163 / 0.229         0.163 / 0.229         0.163 / 0.229         0.163 / 0.229       ms
[2020-07-12T01:05:58.924+0000][5284][gc,stats    ]    Subphase: Concurrent Classes Unlink                     4.462 / 9.345         4.462 / 9.345         4.462 / 9.345         4.462 / 9.345       ms
[2020-07-12T01:05:58.924+0000][5284][gc,stats    ]    Subphase: Concurrent Mark                              29.580 / 54.567       29.580 / 54.567       29.580 / 54.567       29.580 / 54.567      ms
[2020-07-12T01:05:58.924+0000][5284][gc,stats    ]    Subphase: Concurrent Mark Idle                          0.000 / 0.000         0.000 / 0.000         0.000 / 0.000         0.000 / 0.000       ms
[2020-07-12T01:05:58.924+0000][5284][gc,stats    ]    Subphase: Concurrent Mark Try Flush                     0.124 / 0.286         0.124 / 0.286         0.124 / 0.286         0.124 / 0.286       ms
[2020-07-12T01:05:58.924+0000][5284][gc,stats    ]    Subphase: Concurrent Mark Try Terminate                 0.038 / 0.114         0.038 / 0.114         0.038 / 0.114         0.038 / 0.114       ms
[2020-07-12T01:05:58.924+0000][5284][gc,stats    ]    Subphase: Concurrent References Enqueue                 0.003 / 0.004         0.003 / 0.004         0.003 / 0.004         0.003 / 0.004       ms
[2020-07-12T01:05:58.924+0000][5284][gc,stats    ]    Subphase: Concurrent References Process                 0.504 / 1.144         0.504 / 1.144         0.504 / 1.144         0.504 / 1.144       ms
[2020-07-12T01:05:58.924+0000][5284][gc,stats    ]    Subphase: Concurrent Roots                              0.132 / 0.190         0.132 / 0.190         0.132 / 0.190         0.132 / 0.190       ms
[2020-07-12T01:05:58.924+0000][5284][gc,stats    ]    Subphase: Concurrent Roots ClassLoaderDataGraph         0.127 / 0.183         0.127 / 0.183         0.127 / 0.183         0.127 / 0.183       ms
[2020-07-12T01:05:58.924+0000][5284][gc,stats    ]    Subphase: Concurrent Roots JNIHandles                   0.004 / 0.005         0.004 / 0.005         0.004 / 0.005         0.004 / 0.005       ms
[2020-07-12T01:05:58.924+0000][5284][gc,stats    ]    Subphase: Concurrent Roots Setup                        0.036 / 0.063         0.036 / 0.063         0.036 / 0.063         0.036 / 0.063       ms
[2020-07-12T01:05:58.924+0000][5284][gc,stats    ]    Subphase: Concurrent Roots Teardown                     0.000 / 0.000         0.000 / 0.000         0.000 / 0.000         0.000 / 0.000       ms
[2020-07-12T01:05:58.924+0000][5284][gc,stats    ]    Subphase: Concurrent Roots VMHandles                    0.000 / 0.000         0.000 / 0.000         0.000 / 0.000         0.000 / 0.000       ms
[2020-07-12T01:05:58.924+0000][5284][gc,stats    ]    Subphase: Concurrent Weak Roots                         0.565 / 0.815         0.565 / 0.815         0.565 / 0.815         0.565 / 0.815       ms
[2020-07-12T01:05:58.924+0000][5284][gc,stats    ]    Subphase: Concurrent Weak Roots JNIWeakHandles          0.001 / 0.001         0.001 / 0.001         0.001 / 0.001         0.001 / 0.001       ms
[2020-07-12T01:05:58.924+0000][5284][gc,stats    ]    Subphase: Concurrent Weak Roots ResolvedMethodTable     0.044 / 0.073         0.044 / 0.073         0.044 / 0.073         0.044 / 0.073       ms
[2020-07-12T01:05:58.924+0000][5284][gc,stats    ]    Subphase: Concurrent Weak Roots StringTable             0.495 / 0.695         0.495 / 0.695         0.495 / 0.695         0.495 / 0.695       ms
[2020-07-12T01:05:58.924+0000][5284][gc,stats    ]    Subphase: Concurrent Weak Roots VMWeakHandles           0.023 / 0.043         0.023 / 0.043         0.023 / 0.043         0.023 / 0.043       ms
[2020-07-12T01:05:58.924+0000][5284][gc,stats    ]    Subphase: Pause Mark Try Complete                       0.061 / 0.072         0.061 / 0.072         0.061 / 0.072         0.061 / 0.072       ms
[2020-07-12T01:05:58.924+0000][5284][gc,stats    ]    Subphase: Pause Roots                                   0.082 / 0.399         0.082 / 0.399         0.082 / 0.399         0.082 / 0.399       ms
[2020-07-12T01:05:58.924+0000][5284][gc,stats    ]    Subphase: Pause Roots CodeCache                         0.000 / 0.000         0.000 / 0.000         0.000 / 0.000         0.000 / 0.000       ms
[2020-07-12T01:05:58.924+0000][5284][gc,stats    ]    Subphase: Pause Roots JVMTIExport                       0.001 / 0.001         0.001 / 0.001         0.001 / 0.001         0.001 / 0.001       ms
[2020-07-12T01:05:58.924+0000][5284][gc,stats    ]    Subphase: Pause Roots JVMTIWeakExport                   0.000 / 0.000         0.000 / 0.000         0.000 / 0.000         0.000 / 0.000       ms
[2020-07-12T01:05:58.924+0000][5284][gc,stats    ]    Subphase: Pause Roots Management                        0.001 / 0.001         0.001 / 0.001         0.001 / 0.001         0.001 / 0.001       ms
[2020-07-12T01:05:58.924+0000][5284][gc,stats    ]    Subphase: Pause Roots ObjectSynchronizer                0.000 / 0.000         0.000 / 0.000         0.000 / 0.000         0.000 / 0.000       ms
[2020-07-12T01:05:58.924+0000][5284][gc,stats    ]    Subphase: Pause Roots Setup                             0.000 / 0.001         0.000 / 0.001         0.000 / 0.001         0.000 / 0.001       ms
[2020-07-12T01:05:58.924+0000][5284][gc,stats    ]    Subphase: Pause Roots SystemDictionary                  0.013 / 0.022         0.013 / 0.022         0.013 / 0.022         0.013 / 0.022       ms
[2020-07-12T01:05:58.924+0000][5284][gc,stats    ]    Subphase: Pause Roots Teardown                          0.000 / 0.001         0.000 / 0.001         0.000 / 0.001         0.000 / 0.001       ms
[2020-07-12T01:05:58.924+0000][5284][gc,stats    ]    Subphase: Pause Roots Threads                           0.084 / 0.398         0.084 / 0.398         0.084 / 0.398         0.084 / 0.398       ms
[2020-07-12T01:05:58.924+0000][5284][gc,stats    ]    Subphase: Pause Roots Universe                          0.003 / 0.008         0.003 / 0.008         0.003 / 0.008         0.003 / 0.008       ms
[2020-07-12T01:05:58.924+0000][5284][gc,stats    ]    Subphase: Pause Weak Roots                              0.007 / 0.063         0.007 / 0.063         0.007 / 0.063         0.007 / 0.063       ms
[2020-07-12T01:05:58.924+0000][5284][gc,stats    ]    Subphase: Pause Weak Roots JFRWeak                      0.034 / 0.060         0.034 / 0.060         0.034 / 0.060         0.034 / 0.060       ms
[2020-07-12T01:05:58.924+0000][5284][gc,stats    ]    Subphase: Pause Weak Roots JVMTIWeakExport              0.001 / 0.001         0.001 / 0.001         0.001 / 0.001         0.001 / 0.001       ms
[2020-07-12T01:05:58.924+0000][5284][gc,stats    ]    Subphase: Pause Weak Roots Setup                        0.000 / 0.000         0.000 / 0.000         0.000 / 0.000         0.000 / 0.000       ms
[2020-07-12T01:05:58.924+0000][5284][gc,stats    ]    Subphase: Pause Weak Roots Teardown                     0.000 / 0.000         0.000 / 0.000         0.000 / 0.000         0.000 / 0.000       ms
[2020-07-12T01:05:58.924+0000][5284][gc,stats    ]      System: Java Threads                                     17 / 21               17 / 21               17 / 21               17 / 21          threads
[2020-07-12T01:05:58.924+0000][5284][gc,stats    ] =========================================================================================================================================================
[2020-07-12T01:05:59.817+0000][5284][safepoint   ] Safepoint "Cleanup", Time since last: 1004028625 ns, Reaching safepoint: 674427 ns, At safepoint: 45692 ns, Total: 720119 ns
[2020-07-12T01:06:08.924+0000][5284][gc,stats    ] === Garbage Collection Statistics =======================================================================================================================
[2020-07-12T01:06:08.924+0000][5284][gc,stats    ]                                                              Last 10s              Last 10m              Last 10h                Total
[2020-07-12T01:06:08.924+0000][5284][gc,stats    ]                                                              Avg / Max             Avg / Max             Avg / Max             Avg / Max
[2020-07-12T01:06:08.924+0000][5284][gc,stats    ]   Collector: Garbage Collection Cycle                      0.000 / 0.000        52.465 / 88.359       52.465 / 88.359       52.465 / 88.359      ms
[2020-07-12T01:06:08.924+0000][5284][gc,stats    ]  Contention: Mark Segment Reset Contention                     0 / 0                 0 / 0                 0 / 0                 0 / 0           ops/s
[2020-07-12T01:06:08.924+0000][5284][gc,stats    ]  Contention: Mark SeqNum Reset Contention                      0 / 0                 0 / 0                 0 / 0                 0 / 0           ops/s
[2020-07-12T01:06:08.924+0000][5284][gc,stats    ]  Contention: Relocation Contention                             0 / 0                 0 / 2                 0 / 2                 0 / 2           ops/s
[2020-07-12T01:06:08.924+0000][5284][gc,stats    ]    Critical: Allocation Stall                              0.000 / 0.000         0.000 / 0.000         0.000 / 0.000         0.000 / 0.000       ms
[2020-07-12T01:06:08.924+0000][5284][gc,stats    ]    Critical: Allocation Stall                                  0 / 0                 0 / 0                 0 / 0                 0 / 0           ops/s
[2020-07-12T01:06:08.924+0000][5284][gc,stats    ]    Critical: GC Locker Stall                               0.000 / 0.000         0.093 / 0.093         0.093 / 0.093         0.093 / 0.093       ms
[2020-07-12T01:06:08.924+0000][5284][gc,stats    ]    Critical: GC Locker Stall                                   0 / 0                 0 / 1                 0 / 1                 0 / 1           ops/s
[2020-07-12T01:06:08.924+0000][5284][gc,stats    ]      Memory: Allocation Rate                                   0 / 0                24 / 140              24 / 140              24 / 140         MB/s
[2020-07-12T01:06:08.924+0000][5284][gc,stats    ]      Memory: Heap Used After Mark                              0 / 0               131 / 184             131 / 184             131 / 184         MB
[2020-07-12T01:06:08.924+0000][5284][gc,stats    ]      Memory: Heap Used After Relocation                        0 / 0                42 / 74               42 / 74               42 / 74          MB
[2020-07-12T01:06:08.924+0000][5284][gc,stats    ]      Memory: Heap Used Before Mark                             0 / 0               127 / 178             127 / 178             127 / 178         MB
[2020-07-12T01:06:08.924+0000][5284][gc,stats    ]      Memory: Heap Used Before Relocation                       0 / 0               122 / 188             122 / 188             122 / 188         MB
[2020-07-12T01:06:08.924+0000][5284][gc,stats    ]      Memory: Out Of Memory                                     0 / 0                 0 / 0                 0 / 0                 0 / 0           ops/s
[2020-07-12T01:06:08.924+0000][5284][gc,stats    ]      Memory: Page Cache Flush                                  0 / 0                 0 / 0                 0 / 0                 0 / 0           MB/s
[2020-07-12T01:06:08.924+0000][5284][gc,stats    ]      Memory: Page Cache Hit L1                                 0 / 0                 6 / 30                6 / 30                6 / 30          ops/s
[2020-07-12T01:06:08.924+0000][5284][gc,stats    ]      Memory: Page Cache Hit L2                                 0 / 0                 0 / 0                 0 / 0                 0 / 0           ops/s
[2020-07-12T01:06:08.924+0000][5284][gc,stats    ]      Memory: Page Cache Hit L3                                 0 / 0                 5 / 28                5 / 28                5 / 28          ops/s
[2020-07-12T01:06:08.924+0000][5284][gc,stats    ]      Memory: Page Cache Miss                                   0 / 0                 0 / 0                 0 / 0                 0 / 0           ops/s
[2020-07-12T01:06:08.924+0000][5284][gc,stats    ]      Memory: Uncommit                                          0 / 0                 0 / 0                 0 / 0                 0 / 0           MB/s
[2020-07-12T01:06:08.924+0000][5284][gc,stats    ]      Memory: Undo Object Allocation Failed                     0 / 0                 0 / 0                 0 / 0                 0 / 0           ops/s
[2020-07-12T01:06:08.924+0000][5284][gc,stats    ]      Memory: Undo Object Allocation Succeeded                  0 / 0                 0 / 2                 0 / 2                 0 / 2           ops/s
[2020-07-12T01:06:08.924+0000][5284][gc,stats    ]      Memory: Undo Page Allocation                              0 / 0                 0 / 0                 0 / 0                 0 / 0           ops/s
[2020-07-12T01:06:08.924+0000][5284][gc,stats    ]       Phase: Concurrent Mark                               0.000 / 0.000        29.947 / 54.977       29.947 / 54.977       29.947 / 54.977      ms
[2020-07-12T01:06:08.924+0000][5284][gc,stats    ]       Phase: Concurrent Mark Continue                      0.000 / 0.000         0.000 / 0.000         0.000 / 0.000         0.000 / 0.000       ms
[2020-07-12T01:06:08.924+0000][5284][gc,stats    ]       Phase: Concurrent Process Non-Strong References      0.000 / 0.000         5.788 / 11.653        5.788 / 11.653        5.788 / 11.653      ms
[2020-07-12T01:06:08.924+0000][5284][gc,stats    ]       Phase: Concurrent Relocate                           0.000 / 0.000        11.018 / 17.486       11.018 / 17.486       11.018 / 17.486      ms
[2020-07-12T01:06:08.924+0000][5284][gc,stats    ]       Phase: Concurrent Reset Relocation Set               0.000 / 0.000         0.004 / 0.007         0.004 / 0.007         0.004 / 0.007       ms
[2020-07-12T01:06:08.924+0000][5284][gc,stats    ]       Phase: Concurrent Select Relocation Set              0.000 / 0.000         2.690 / 5.622         2.690 / 5.622         2.690 / 5.622       ms
[2020-07-12T01:06:08.924+0000][5284][gc,stats    ]       Phase: Pause Mark End                                0.000 / 0.000         0.239 / 0.264         0.239 / 0.264         0.239 / 0.264       ms
[2020-07-12T01:06:08.924+0000][5284][gc,stats    ]       Phase: Pause Mark Start                              0.000 / 0.000         0.407 / 0.490         0.407 / 0.490         0.407 / 0.490       ms
[2020-07-12T01:06:08.924+0000][5284][gc,stats    ]       Phase: Pause Relocate Start                          0.000 / 0.000         0.262 / 0.344         0.262 / 0.344         0.262 / 0.344       ms
[2020-07-12T01:06:08.924+0000][5284][gc,stats    ]    Subphase: Concurrent Classes Purge                      0.000 / 0.000         0.163 / 0.229         0.163 / 0.229         0.163 / 0.229       ms
[2020-07-12T01:06:08.924+0000][5284][gc,stats    ]    Subphase: Concurrent Classes Unlink                     0.000 / 0.000         4.462 / 9.345         4.462 / 9.345         4.462 / 9.345       ms
[2020-07-12T01:06:08.924+0000][5284][gc,stats    ]    Subphase: Concurrent Mark                               0.000 / 0.000        29.580 / 54.567       29.580 / 54.567       29.580 / 54.567      ms
[2020-07-12T01:06:08.924+0000][5284][gc,stats    ]    Subphase: Concurrent Mark Idle                          0.000 / 0.000         0.000 / 0.000         0.000 / 0.000         0.000 / 0.000       ms
[2020-07-12T01:06:08.924+0000][5284][gc,stats    ]    Subphase: Concurrent Mark Try Flush                     0.000 / 0.000         0.124 / 0.286         0.124 / 0.286         0.124 / 0.286       ms
[2020-07-12T01:06:08.924+0000][5284][gc,stats    ]    Subphase: Concurrent Mark Try Terminate                 0.000 / 0.000         0.038 / 0.114         0.038 / 0.114         0.038 / 0.114       ms
[2020-07-12T01:06:08.924+0000][5284][gc,stats    ]    Subphase: Concurrent References Enqueue                 0.000 / 0.000         0.003 / 0.004         0.003 / 0.004         0.003 / 0.004       ms
[2020-07-12T01:06:08.924+0000][5284][gc,stats    ]    Subphase: Concurrent References Process                 0.000 / 0.000         0.504 / 1.144         0.504 / 1.144         0.504 / 1.144       ms
[2020-07-12T01:06:08.924+0000][5284][gc,stats    ]    Subphase: Concurrent Roots                              0.000 / 0.000         0.132 / 0.190         0.132 / 0.190         0.132 / 0.190       ms
[2020-07-12T01:06:08.924+0000][5284][gc,stats    ]    Subphase: Concurrent Roots ClassLoaderDataGraph         0.000 / 0.000         0.127 / 0.183         0.127 / 0.183         0.127 / 0.183       ms
[2020-07-12T01:06:08.924+0000][5284][gc,stats    ]    Subphase: Concurrent Roots JNIHandles                   0.000 / 0.000         0.004 / 0.005         0.004 / 0.005         0.004 / 0.005       ms
[2020-07-12T01:06:08.924+0000][5284][gc,stats    ]    Subphase: Concurrent Roots Setup                        0.000 / 0.000         0.036 / 0.063         0.036 / 0.063         0.036 / 0.063       ms
[2020-07-12T01:06:08.924+0000][5284][gc,stats    ]    Subphase: Concurrent Roots Teardown                     0.000 / 0.000         0.000 / 0.000         0.000 / 0.000         0.000 / 0.000       ms
[2020-07-12T01:06:08.924+0000][5284][gc,stats    ]    Subphase: Concurrent Roots VMHandles                    0.000 / 0.000         0.000 / 0.000         0.000 / 0.000         0.000 / 0.000       ms
[2020-07-12T01:06:08.924+0000][5284][gc,stats    ]    Subphase: Concurrent Weak Roots                         0.000 / 0.000         0.565 / 0.815         0.565 / 0.815         0.565 / 0.815       ms
[2020-07-12T01:06:08.924+0000][5284][gc,stats    ]    Subphase: Concurrent Weak Roots JNIWeakHandles          0.000 / 0.000         0.001 / 0.001         0.001 / 0.001         0.001 / 0.001       ms
[2020-07-12T01:06:08.924+0000][5284][gc,stats    ]    Subphase: Concurrent Weak Roots ResolvedMethodTable     0.000 / 0.000         0.044 / 0.073         0.044 / 0.073         0.044 / 0.073       ms
[2020-07-12T01:06:08.924+0000][5284][gc,stats    ]    Subphase: Concurrent Weak Roots StringTable             0.000 / 0.000         0.495 / 0.695         0.495 / 0.695         0.495 / 0.695       ms
[2020-07-12T01:06:08.924+0000][5284][gc,stats    ]    Subphase: Concurrent Weak Roots VMWeakHandles           0.000 / 0.000         0.023 / 0.043         0.023 / 0.043         0.023 / 0.043       ms
[2020-07-12T01:06:08.924+0000][5284][gc,stats    ]    Subphase: Pause Mark Try Complete                       0.000 / 0.000         0.061 / 0.072         0.061 / 0.072         0.061 / 0.072       ms
[2020-07-12T01:06:08.924+0000][5284][gc,stats    ]    Subphase: Pause Roots                                   0.000 / 0.000         0.082 / 0.399         0.082 / 0.399         0.082 / 0.399       ms
[2020-07-12T01:06:08.924+0000][5284][gc,stats    ]    Subphase: Pause Roots CodeCache                         0.000 / 0.000         0.000 / 0.000         0.000 / 0.000         0.000 / 0.000       ms
[2020-07-12T01:06:08.924+0000][5284][gc,stats    ]    Subphase: Pause Roots JVMTIExport                       0.000 / 0.000         0.001 / 0.001         0.001 / 0.001         0.001 / 0.001       ms
[2020-07-12T01:06:08.924+0000][5284][gc,stats    ]    Subphase: Pause Roots JVMTIWeakExport                   0.000 / 0.000         0.000 / 0.000         0.000 / 0.000         0.000 / 0.000       ms
[2020-07-12T01:06:08.924+0000][5284][gc,stats    ]    Subphase: Pause Roots Management                        0.000 / 0.000         0.001 / 0.001         0.001 / 0.001         0.001 / 0.001       ms
[2020-07-12T01:06:08.924+0000][5284][gc,stats    ]    Subphase: Pause Roots ObjectSynchronizer                0.000 / 0.000         0.000 / 0.000         0.000 / 0.000         0.000 / 0.000       ms
[2020-07-12T01:06:08.924+0000][5284][gc,stats    ]    Subphase: Pause Roots Setup                             0.000 / 0.000         0.000 / 0.001         0.000 / 0.001         0.000 / 0.001       ms
[2020-07-12T01:06:08.924+0000][5284][gc,stats    ]    Subphase: Pause Roots SystemDictionary                  0.000 / 0.000         0.013 / 0.022         0.013 / 0.022         0.013 / 0.022       ms
[2020-07-12T01:06:08.924+0000][5284][gc,stats    ]    Subphase: Pause Roots Teardown                          0.000 / 0.000         0.000 / 0.001         0.000 / 0.001         0.000 / 0.001       ms
[2020-07-12T01:06:08.924+0000][5284][gc,stats    ]    Subphase: Pause Roots Threads                           0.000 / 0.000         0.084 / 0.398         0.084 / 0.398         0.084 / 0.398       ms
[2020-07-12T01:06:08.924+0000][5284][gc,stats    ]    Subphase: Pause Roots Universe                          0.000 / 0.000         0.003 / 0.008         0.003 / 0.008         0.003 / 0.008       ms
[2020-07-12T01:06:08.924+0000][5284][gc,stats    ]    Subphase: Pause Weak Roots                              0.000 / 0.000         0.007 / 0.063         0.007 / 0.063         0.007 / 0.063       ms
[2020-07-12T01:06:08.924+0000][5284][gc,stats    ]    Subphase: Pause Weak Roots JFRWeak                      0.000 / 0.000         0.034 / 0.060         0.034 / 0.060         0.034 / 0.060       ms
[2020-07-12T01:06:08.924+0000][5284][gc,stats    ]    Subphase: Pause Weak Roots JVMTIWeakExport              0.000 / 0.000         0.001 / 0.001         0.001 / 0.001         0.001 / 0.001       ms
[2020-07-12T01:06:08.924+0000][5284][gc,stats    ]    Subphase: Pause Weak Roots Setup                        0.000 / 0.000         0.000 / 0.000         0.000 / 0.000         0.000 / 0.000       ms
[2020-07-12T01:06:08.924+0000][5284][gc,stats    ]    Subphase: Pause Weak Roots Teardown                     0.000 / 0.000         0.000 / 0.000         0.000 / 0.000         0.000 / 0.000       ms
[2020-07-12T01:06:08.924+0000][5284][gc,stats    ]      System: Java Threads                                      0 / 0                17 / 21               17 / 21               17 / 21          threads
[2020-07-12T01:06:08.924+0000][5284][gc,stats    ] =========================================================================================================================================================
[2020-07-12T01:06:12.825+0000][5284][safepoint   ] Safepoint "Cleanup", Time since last: 13007812777 ns, Reaching safepoint: 150072 ns, At safepoint: 6513 ns, Total: 156585 ns
[2020-07-12T01:06:13.754+0000][5284][safepoint   ] Safepoint "ICBufferFull", Time since last: 928272565 ns, Reaching safepoint: 236322 ns, At safepoint: 11491 ns, Total: 247813 ns
[2020-07-12T01:06:14.635+0000][5284][safepoint   ] Safepoint "ICBufferFull", Time since last: 880829393 ns, Reaching safepoint: 941050 ns, At safepoint: 15744 ns, Total: 956794 ns
[2020-07-12T01:06:15.237+0000][5284][safepoint   ] Safepoint "ICBufferFull", Time since last: 601213184 ns, Reaching safepoint: 246319 ns, At safepoint: 12267 ns, Total: 258586 ns
[2020-07-12T01:06:16.024+0000][5284][gc,heap     ] GC(3) Heap before GC invocations=3 (full 3): ZHeap           used 424M, capacity 4096M, max capacity 4096M
[2020-07-12T01:06:16.024+0000][5284][gc,heap     ] GC(3)  Metaspace       used 78774K, capacity 81534K, committed 81732K, reserved 81920K
[2020-07-12T01:06:16.024+0000][5284][gc,start    ] GC(3) Garbage Collection (Warmup)
[2020-07-12T01:06:16.024+0000][5284][gc,phases   ] GC(3) Pause Mark Start 0.319ms
[2020-07-12T01:06:16.024+0000][5284][safepoint   ] Safepoint "ZMarkStart", Time since last: 786773899 ns, Reaching safepoint: 189413 ns, At safepoint: 347047 ns, Total: 536460 ns
[2020-07-12T01:06:16.101+0000][5284][gc,phases   ] GC(3) Concurrent Mark 77.269ms
[2020-07-12T01:06:16.102+0000][5284][gc,phases   ] GC(3) Pause Mark End 0.319ms
[2020-07-12T01:06:16.102+0000][5284][safepoint   ] Safepoint "ZMarkEnd", Time since last: 77313704 ns, Reaching safepoint: 306665 ns, At safepoint: 349289 ns, Total: 655954 ns
[2020-07-12T01:06:16.120+0000][5284][gc,phases   ] GC(3) Concurrent Process Non-Strong References 17.715ms
[2020-07-12T01:06:16.120+0000][5284][gc,phases   ] GC(3) Concurrent Reset Relocation Set 0.011ms
[2020-07-12T01:06:16.121+0000][5284][gc,phases   ] GC(3) Concurrent Select Relocation Set 1.265ms
[2020-07-12T01:06:16.123+0000][5284][gc,phases   ] GC(3) Pause Relocate Start 1.014ms
[2020-07-12T01:06:16.123+0000][5284][safepoint   ] Safepoint "ZRelocateStart", Time since last: 19079239 ns, Reaching safepoint: 641903 ns, At safepoint: 1053503 ns, Total: 1695406 ns
[2020-07-12T01:06:16.141+0000][5284][gc,phases   ] GC(3) Concurrent Relocate 18.136ms
[2020-07-12T01:06:16.141+0000][5284][gc,heap     ] GC(3) Heap after GC invocations=4 (full 4): ZHeap           used 90M, capacity 4096M, max capacity 4096M
[2020-07-12T01:06:16.141+0000][5284][gc,heap     ] GC(3)  Metaspace       used 78805K, capacity 81536K, committed 81732K, reserved 81920K
[2020-07-12T01:06:16.141+0000][5284][gc,load     ] GC(3) Load: 2.06/1.14/0.55
[2020-07-12T01:06:16.141+0000][5284][gc,mmu      ] GC(3) MMU: 2ms/49.3%, 5ms/79.7%, 10ms/89.9%, 20ms/94.9%, 50ms/97.3%, 100ms/98.3%
[2020-07-12T01:06:16.141+0000][5284][gc,marking  ] GC(3) Mark: 1 stripe(s), 2 proactive flush(es), 1 terminate flush(es), 1 completion(s), 0 continuation(s) 
[2020-07-12T01:06:16.141+0000][5284][gc,reloc    ] GC(3) Relocation: Successful, 6M relocated
[2020-07-12T01:06:16.141+0000][5284][gc,nmethod  ] GC(3) NMethods: 3290 registered, 367 unregistered
[2020-07-12T01:06:16.141+0000][5284][gc,metaspace] GC(3) Metaspace: 76M used, 79M capacity, 79M committed, 80M reserved
[2020-07-12T01:06:16.141+0000][5284][gc,ref      ] GC(3) Soft: 3904 encountered, 0 discovered, 0 enqueued
[2020-07-12T01:06:16.141+0000][5284][gc,ref      ] GC(3) Weak: 6797 encountered, 4467 discovered, 195 enqueued
[2020-07-12T01:06:16.141+0000][5284][gc,ref      ] GC(3) Final: 4 encountered, 2 discovered, 2 enqueued
[2020-07-12T01:06:16.141+0000][5284][gc,ref      ] GC(3) Phantom: 1011 encountered, 868 discovered, 577 enqueued
[2020-07-12T01:06:16.141+0000][5284][gc,heap     ] GC(3) Min Capacity: 4096M(100%)
[2020-07-12T01:06:16.141+0000][5284][gc,heap     ] GC(3) Max Capacity: 4096M(100%)
[2020-07-12T01:06:16.141+0000][5284][gc,heap     ] GC(3) Soft Max Capacity: 4096M(100%)
[2020-07-12T01:06:16.141+0000][5284][gc,heap     ] GC(3)                Mark Start          Mark End        Relocate Start      Relocate End           High               Low         
[2020-07-12T01:06:16.141+0000][5284][gc,heap     ] GC(3)  Capacity:     4096M (100%)       4096M (100%)       4096M (100%)       4096M (100%)       4096M (100%)       4096M (100%)   
[2020-07-12T01:06:16.141+0000][5284][gc,heap     ] GC(3)   Reserve:       42M (1%)           42M (1%)           42M (1%)           42M (1%)           42M (1%)           42M (1%)     
[2020-07-12T01:06:16.141+0000][5284][gc,heap     ] GC(3)      Free:     3630M (89%)        3604M (88%)        3722M (91%)        3964M (97%)        3964M (97%)        3604M (88%)    
[2020-07-12T01:06:16.141+0000][5284][gc,heap     ] GC(3)      Used:      424M (10%)         450M (11%)         332M (8%)           90M (2%)          450M (11%)          90M (2%)     
[2020-07-12T01:06:16.141+0000][5284][gc,heap     ] GC(3)      Live:         -                28M (1%)           28M (1%)           28M (1%)             -                  -          
[2020-07-12T01:06:16.141+0000][5284][gc,heap     ] GC(3) Allocated:         -                26M (1%)           26M (1%)           36M (1%)             -                  -          
[2020-07-12T01:06:16.141+0000][5284][gc,heap     ] GC(3)   Garbage:         -               395M (10%)         277M (7%)           35M (1%)             -                  -          
[2020-07-12T01:06:16.141+0000][5284][gc,heap     ] GC(3) Reclaimed:         -                  -               118M (3%)          360M (9%)             -                  -          
[2020-07-12T01:06:16.141+0000][5284][gc          ] GC(3) Garbage Collection (Warmup) 424M(10%)->90M(2%)
[2020-07-12T01:06:17.001+0000][5284][safepoint   ] Safepoint "ICBufferFull", Time since last: 877354767 ns, Reaching safepoint: 259006 ns, At safepoint: 19410 ns, Total: 278416 ns
[2020-07-12T01:06:17.837+0000][5284][safepoint   ] Safepoint "ICBufferFull", Time since last: 835440705 ns, Reaching safepoint: 607135 ns, At safepoint: 17058 ns, Total: 624193 ns
[2020-07-12T01:06:18.900+0000][5284][safepoint   ] Safepoint "Cleanup", Time since last: 1063049838 ns, Reaching safepoint: 211322 ns, At safepoint: 10292 ns, Total: 221614 ns
[2020-07-12T01:06:18.924+0000][5284][gc,stats    ] === Garbage Collection Statistics =======================================================================================================================
[2020-07-12T01:06:18.924+0000][5284][gc,stats    ]                                                              Last 10s              Last 10m              Last 10h                Total
[2020-07-12T01:06:18.924+0000][5284][gc,stats    ]                                                              Avg / Max             Avg / Max             Avg / Max             Avg / Max
[2020-07-12T01:06:18.924+0000][5284][gc,stats    ]   Collector: Garbage Collection Cycle                    117.511 / 117.511      68.726 / 117.511      68.726 / 117.511      68.726 / 117.511     ms
[2020-07-12T01:06:18.924+0000][5284][gc,stats    ]  Contention: Mark Segment Reset Contention                     0 / 0                 0 / 0                 0 / 0                 0 / 0           ops/s
[2020-07-12T01:06:18.924+0000][5284][gc,stats    ]  Contention: Mark SeqNum Reset Contention                      0 / 0                 0 / 0                 0 / 0                 0 / 0           ops/s
[2020-07-12T01:06:18.924+0000][5284][gc,stats    ]  Contention: Relocation Contention                             0 / 0                 0 / 2                 0 / 2                 0 / 2           ops/s
[2020-07-12T01:06:18.924+0000][5284][gc,stats    ]    Critical: Allocation Stall                              0.000 / 0.000         0.000 / 0.000         0.000 / 0.000         0.000 / 0.000       ms
[2020-07-12T01:06:18.924+0000][5284][gc,stats    ]    Critical: Allocation Stall                                  0 / 0                 0 / 0                 0 / 0                 0 / 0           ops/s
[2020-07-12T01:06:18.924+0000][5284][gc,stats    ]    Critical: GC Locker Stall                               0.000 / 0.000         0.093 / 0.093         0.093 / 0.093         0.093 / 0.093       ms
[2020-07-12T01:06:18.924+0000][5284][gc,stats    ]    Critical: GC Locker Stall                                   0 / 0                 0 / 1                 0 / 1                 0 / 1           ops/s
[2020-07-12T01:06:18.924+0000][5284][gc,stats    ]      Memory: Allocation Rate                                  83 / 204              47 / 204              47 / 204              47 / 204         MB/s
[2020-07-12T01:06:18.924+0000][5284][gc,stats    ]      Memory: Heap Used After Mark                            450 / 450             211 / 450             211 / 450             211 / 450         MB
[2020-07-12T01:06:18.924+0000][5284][gc,stats    ]      Memory: Heap Used After Relocation                       90 / 90               54 / 90               54 / 90               54 / 90          MB
[2020-07-12T01:06:18.924+0000][5284][gc,stats    ]      Memory: Heap Used Before Mark                           424 / 424             201 / 424             201 / 424             201 / 424         MB
[2020-07-12T01:06:18.924+0000][5284][gc,stats    ]      Memory: Heap Used Before Relocation                     332 / 332             174 / 332             174 / 332             174 / 332         MB
[2020-07-12T01:06:18.924+0000][5284][gc,stats    ]      Memory: Out Of Memory                                     0 / 0                 0 / 0                 0 / 0                 0 / 0           ops/s
[2020-07-12T01:06:18.924+0000][5284][gc,stats    ]      Memory: Page Cache Flush                                  0 / 0                 0 / 0                 0 / 0                 0 / 0           MB/s
[2020-07-12T01:06:18.924+0000][5284][gc,stats    ]      Memory: Page Cache Hit L1                                21 / 87               12 / 87               12 / 87               12 / 87          ops/s
[2020-07-12T01:06:18.924+0000][5284][gc,stats    ]      Memory: Page Cache Hit L2                                 0 / 0                 0 / 0                 0 / 0                 0 / 0           ops/s
[2020-07-12T01:06:18.924+0000][5284][gc,stats    ]      Memory: Page Cache Hit L3                                18 / 73               10 / 73               10 / 73               10 / 73          ops/s
[2020-07-12T01:06:18.924+0000][5284][gc,stats    ]      Memory: Page Cache Miss                                   0 / 0                 0 / 0                 0 / 0                 0 / 0           ops/s
[2020-07-12T01:06:18.924+0000][5284][gc,stats    ]      Memory: Uncommit                                          0 / 0                 0 / 0                 0 / 0                 0 / 0           MB/s
[2020-07-12T01:06:18.924+0000][5284][gc,stats    ]      Memory: Undo Object Allocation Failed                     0 / 0                 0 / 0                 0 / 0                 0 / 0           ops/s
[2020-07-12T01:06:18.924+0000][5284][gc,stats    ]      Memory: Undo Object Allocation Succeeded                  0 / 0                 0 / 2                 0 / 2                 0 / 2           ops/s
[2020-07-12T01:06:18.924+0000][5284][gc,stats    ]      Memory: Undo Page Allocation                              0 / 0                 0 / 0                 0 / 0                 0 / 0           ops/s
[2020-07-12T01:06:18.924+0000][5284][gc,stats    ]       Phase: Concurrent Mark                              77.269 / 77.269       41.777 / 77.269       41.777 / 77.269       41.777 / 77.269      ms
[2020-07-12T01:06:18.924+0000][5284][gc,stats    ]       Phase: Concurrent Mark Continue                      0.000 / 0.000         0.000 / 0.000         0.000 / 0.000         0.000 / 0.000       ms
[2020-07-12T01:06:18.924+0000][5284][gc,stats    ]       Phase: Concurrent Process Non-Strong References     17.715 / 17.715        8.770 / 17.715        8.770 / 17.715        8.770 / 17.715      ms
[2020-07-12T01:06:18.924+0000][5284][gc,stats    ]       Phase: Concurrent Relocate                          18.136 / 18.136       12.798 / 18.136       12.798 / 18.136       12.798 / 18.136      ms
[2020-07-12T01:06:18.924+0000][5284][gc,stats    ]       Phase: Concurrent Reset Relocation Set               0.011 / 0.011         0.006 / 0.011         0.006 / 0.011         0.006 / 0.011       ms
[2020-07-12T01:06:18.924+0000][5284][gc,stats    ]       Phase: Concurrent Select Relocation Set              1.265 / 1.265         2.334 / 5.622         2.334 / 5.622         2.334 / 5.622       ms
[2020-07-12T01:06:18.924+0000][5284][gc,stats    ]       Phase: Pause Mark End                                0.319 / 0.319         0.259 / 0.319         0.259 / 0.319         0.259 / 0.319       ms
[2020-07-12T01:06:18.924+0000][5284][gc,stats    ]       Phase: Pause Mark Start                              0.319 / 0.319         0.385 / 0.490         0.385 / 0.490         0.385 / 0.490       ms
[2020-07-12T01:06:18.924+0000][5284][gc,stats    ]       Phase: Pause Relocate Start                          1.014 / 1.014         0.450 / 1.014         0.450 / 1.014         0.450 / 1.014       ms
[2020-07-12T01:06:18.924+0000][5284][gc,stats    ]    Subphase: Concurrent Classes Purge                      0.428 / 0.428         0.229 / 0.428         0.229 / 0.428         0.229 / 0.428       ms
[2020-07-12T01:06:18.924+0000][5284][gc,stats    ]    Subphase: Concurrent Classes Unlink                    11.537 / 11.537        6.231 / 11.537        6.231 / 11.537        6.231 / 11.537      ms
[2020-07-12T01:06:18.924+0000][5284][gc,stats    ]    Subphase: Concurrent Mark                              76.517 / 76.517       41.314 / 76.517       41.314 / 76.517       41.314 / 76.517      ms
[2020-07-12T01:06:18.924+0000][5284][gc,stats    ]    Subphase: Concurrent Mark Idle                          0.000 / 0.000         0.000 / 0.000         0.000 / 0.000         0.000 / 0.000       ms
[2020-07-12T01:06:18.924+0000][5284][gc,stats    ]    Subphase: Concurrent Mark Try Flush                     0.953 / 1.569         0.331 / 1.569         0.331 / 1.569         0.331 / 1.569       ms
[2020-07-12T01:06:18.924+0000][5284][gc,stats    ]    Subphase: Concurrent Mark Try Terminate                 0.378 / 0.756         0.123 / 0.756         0.123 / 0.756         0.123 / 0.756       ms
[2020-07-12T01:06:18.924+0000][5284][gc,stats    ]    Subphase: Concurrent References Enqueue                 0.003 / 0.003         0.003 / 0.004         0.003 / 0.004         0.003 / 0.004       ms
[2020-07-12T01:06:18.924+0000][5284][gc,stats    ]    Subphase: Concurrent References Process                 0.746 / 0.746         0.565 / 1.144         0.565 / 1.144         0.565 / 1.144       ms
[2020-07-12T01:06:18.924+0000][5284][gc,stats    ]    Subphase: Concurrent Roots                              0.362 / 0.362         0.190 / 0.362         0.190 / 0.362         0.190 / 0.362       ms
[2020-07-12T01:06:18.924+0000][5284][gc,stats    ]    Subphase: Concurrent Roots ClassLoaderDataGraph         0.356 / 0.356         0.184 / 0.356         0.184 / 0.356         0.184 / 0.356       ms
[2020-07-12T01:06:18.924+0000][5284][gc,stats    ]    Subphase: Concurrent Roots JNIHandles                   0.004 / 0.004         0.004 / 0.005         0.004 / 0.005         0.004 / 0.005       ms
[2020-07-12T01:06:18.924+0000][5284][gc,stats    ]    Subphase: Concurrent Roots Setup                        0.162 / 0.162         0.068 / 0.162         0.068 / 0.162         0.068 / 0.162       ms
[2020-07-12T01:06:18.924+0000][5284][gc,stats    ]    Subphase: Concurrent Roots Teardown                     0.000 / 0.000         0.000 / 0.000         0.000 / 0.000         0.000 / 0.000       ms
[2020-07-12T01:06:18.924+0000][5284][gc,stats    ]    Subphase: Concurrent Roots VMHandles                    0.000 / 0.000         0.000 / 0.000         0.000 / 0.000         0.000 / 0.000       ms
[2020-07-12T01:06:18.924+0000][5284][gc,stats    ]    Subphase: Concurrent Weak Roots                         0.947 / 0.947         0.661 / 0.947         0.661 / 0.947         0.661 / 0.947       ms
[2020-07-12T01:06:18.924+0000][5284][gc,stats    ]    Subphase: Concurrent Weak Roots JNIWeakHandles          0.002 / 0.002         0.001 / 0.002         0.001 / 0.002         0.001 / 0.002       ms
[2020-07-12T01:06:18.924+0000][5284][gc,stats    ]    Subphase: Concurrent Weak Roots ResolvedMethodTable     0.168 / 0.168         0.075 / 0.168         0.075 / 0.168         0.075 / 0.168       ms
[2020-07-12T01:06:18.924+0000][5284][gc,stats    ]    Subphase: Concurrent Weak Roots StringTable             0.705 / 0.705         0.548 / 0.705         0.548 / 0.705         0.548 / 0.705       ms
[2020-07-12T01:06:18.924+0000][5284][gc,stats    ]    Subphase: Concurrent Weak Roots VMWeakHandles           0.067 / 0.067         0.034 / 0.067         0.034 / 0.067         0.034 / 0.067       ms
[2020-07-12T01:06:18.924+0000][5284][gc,stats    ]    Subphase: Pause Mark Try Complete                       0.181 / 0.181         0.091 / 0.181         0.091 / 0.181         0.091 / 0.181       ms
[2020-07-12T01:06:18.924+0000][5284][gc,stats    ]    Subphase: Pause Roots                                   0.197 / 0.936         0.111 / 0.936         0.111 / 0.936         0.111 / 0.936       ms
[2020-07-12T01:06:18.924+0000][5284][gc,stats    ]    Subphase: Pause Roots CodeCache                         0.000 / 0.000         0.000 / 0.000         0.000 / 0.000         0.000 / 0.000       ms
[2020-07-12T01:06:18.924+0000][5284][gc,stats    ]    Subphase: Pause Roots JVMTIExport                       0.002 / 0.003         0.001 / 0.003         0.001 / 0.003         0.001 / 0.003       ms
[2020-07-12T01:06:18.924+0000][5284][gc,stats    ]    Subphase: Pause Roots JVMTIWeakExport                   0.001 / 0.001         0.000 / 0.001         0.000 / 0.001         0.000 / 0.001       ms
[2020-07-12T01:06:18.924+0000][5284][gc,stats    ]    Subphase: Pause Roots Management                        0.001 / 0.001         0.001 / 0.001         0.001 / 0.001         0.001 / 0.001       ms
[2020-07-12T01:06:18.924+0000][5284][gc,stats    ]    Subphase: Pause Roots ObjectSynchronizer                0.000 / 0.000         0.000 / 0.000         0.000 / 0.000         0.000 / 0.000       ms
[2020-07-12T01:06:18.924+0000][5284][gc,stats    ]    Subphase: Pause Roots Setup                             0.000 / 0.000         0.000 / 0.001         0.000 / 0.001         0.000 / 0.001       ms
[2020-07-12T01:06:18.924+0000][5284][gc,stats    ]    Subphase: Pause Roots SystemDictionary                  0.011 / 0.013         0.013 / 0.022         0.013 / 0.022         0.013 / 0.022       ms
[2020-07-12T01:06:18.924+0000][5284][gc,stats    ]    Subphase: Pause Roots Teardown                          0.001 / 0.001         0.001 / 0.001         0.001 / 0.001         0.001 / 0.001       ms
[2020-07-12T01:06:18.924+0000][5284][gc,stats    ]    Subphase: Pause Roots Threads                           0.319 / 0.913         0.127 / 0.913         0.127 / 0.913         0.127 / 0.913       ms
[2020-07-12T01:06:18.924+0000][5284][gc,stats    ]    Subphase: Pause Roots Universe                          0.002 / 0.002         0.003 / 0.008         0.003 / 0.008         0.003 / 0.008       ms
[2020-07-12T01:06:18.924+0000][5284][gc,stats    ]    Subphase: Pause Weak Roots                              0.012 / 0.059         0.008 / 0.063         0.008 / 0.063         0.008 / 0.063       ms
[2020-07-12T01:06:18.924+0000][5284][gc,stats    ]    Subphase: Pause Weak Roots JFRWeak                      0.056 / 0.056         0.040 / 0.060         0.040 / 0.060         0.040 / 0.060       ms
[2020-07-12T01:06:18.924+0000][5284][gc,stats    ]    Subphase: Pause Weak Roots JVMTIWeakExport              0.001 / 0.001         0.001 / 0.001         0.001 / 0.001         0.001 / 0.001       ms
[2020-07-12T01:06:18.924+0000][5284][gc,stats    ]    Subphase: Pause Weak Roots Setup                        0.000 / 0.000         0.000 / 0.000         0.000 / 0.000         0.000 / 0.000       ms
[2020-07-12T01:06:18.924+0000][5284][gc,stats    ]    Subphase: Pause Weak Roots Teardown                     0.000 / 0.000         0.000 / 0.000         0.000 / 0.000         0.000 / 0.000       ms
[2020-07-12T01:06:18.924+0000][5284][gc,stats    ]      System: Java Threads                                     38 / 38               22 / 38               22 / 38               22 / 38          threads
[2020-07-12T01:06:18.924+0000][5284][gc,stats    ] =========================================================================================================================================================
[2020-07-12T01:06:20.861+0000][5284][safepoint   ] Safepoint "Cleanup", Time since last: 1960686178 ns, Reaching safepoint: 775539 ns, At safepoint: 13258 ns, Total: 788797 ns
[2020-07-12T01:06:20.924+0000][5284][gc,heap     ] GC(4) Heap before GC invocations=4 (full 4): ZHeap           used 820M, capacity 4096M, max capacity 4096M
[2020-07-12T01:06:20.924+0000][5284][gc,heap     ] GC(4)  Metaspace       used 79348K, capacity 82114K, committed 82244K, reserved 83968K
[2020-07-12T01:06:20.924+0000][5284][gc,start    ] GC(4) Garbage Collection (Warmup)
[2020-07-12T01:06:20.925+0000][5284][gc,phases   ] GC(4) Pause Mark Start 0.221ms
[2020-07-12T01:06:20.925+0000][5284][safepoint   ] Safepoint "ZMarkStart", Time since last: 62824894 ns, Reaching safepoint: 111390 ns, At safepoint: 250781 ns, Total: 362171 ns
[2020-07-12T01:06:20.987+0000][5284][gc,phases   ] GC(4) Concurrent Mark 62.041ms
[2020-07-12T01:06:20.987+0000][5284][gc,phases   ] GC(4) Pause Mark End 0.237ms
[2020-07-12T01:06:20.987+0000][5284][safepoint   ] Safepoint "ZMarkEnd", Time since last: 62081496 ns, Reaching safepoint: 78470 ns, At safepoint: 256741 ns, Total: 335211 ns
[2020-07-12T01:06:21.008+0000][5284][gc,phases   ] GC(4) Concurrent Process Non-Strong References 21.108ms
[2020-07-12T01:06:21.008+0000][5284][gc,phases   ] GC(4) Concurrent Reset Relocation Set 0.015ms
[2020-07-12T01:06:21.009+0000][5284][gc,phases   ] GC(4) Concurrent Select Relocation Set 1.084ms
[2020-07-12T01:06:21.010+0000][5284][gc,phases   ] GC(4) Pause Relocate Start 0.113ms
[2020-07-12T01:06:21.010+0000][5284][safepoint   ] Safepoint "ZRelocateStart", Time since last: 22300034 ns, Reaching safepoint: 287390 ns, At safepoint: 134066 ns, Total: 421456 ns
[2020-07-12T01:06:21.011+0000][5284][gc,phases   ] GC(4) Concurrent Relocate 1.156ms
[2020-07-12T01:06:21.011+0000][5284][gc,heap     ] GC(4) Heap after GC invocations=5 (full 5): ZHeap           used 92M, capacity 4096M, max capacity 4096M
[2020-07-12T01:06:21.011+0000][5284][gc,heap     ] GC(4)  Metaspace       used 79353K, capacity 82115K, committed 82244K, reserved 83968K
[2020-07-12T01:06:21.011+0000][5284][gc,load     ] GC(4) Load: 2.13/1.17/0.56
[2020-07-12T01:06:21.011+0000][5284][gc,mmu      ] GC(4) MMU: 2ms/49.3%, 5ms/79.7%, 10ms/89.9%, 20ms/94.9%, 50ms/97.3%, 100ms/98.3%
[2020-07-12T01:06:21.011+0000][5284][gc,marking  ] GC(4) Mark: 1 stripe(s), 2 proactive flush(es), 1 terminate flush(es), 1 completion(s), 0 continuation(s) 
[2020-07-12T01:06:21.011+0000][5284][gc,reloc    ] GC(4) Relocation: Successful, 1M relocated
[2020-07-12T01:06:21.011+0000][5284][gc,nmethod  ] GC(4) NMethods: 4271 registered, 741 unregistered
[2020-07-12T01:06:21.011+0000][5284][gc,metaspace] GC(4) Metaspace: 77M used, 80M capacity, 80M committed, 82M reserved
[2020-07-12T01:06:21.011+0000][5284][gc,ref      ] GC(4) Soft: 3916 encountered, 0 discovered, 0 enqueued
[2020-07-12T01:06:21.011+0000][5284][gc,ref      ] GC(4) Weak: 6645 encountered, 4320 discovered, 10 enqueued
[2020-07-12T01:06:21.011+0000][5284][gc,ref      ] GC(4) Final: 2 encountered, 0 discovered, 0 enqueued
[2020-07-12T01:06:21.011+0000][5284][gc,ref      ] GC(4) Phantom: 462 encountered, 321 discovered, 28 enqueued
[2020-07-12T01:06:21.011+0000][5284][gc,heap     ] GC(4) Min Capacity: 4096M(100%)
[2020-07-12T01:06:21.011+0000][5284][gc,heap     ] GC(4) Max Capacity: 4096M(100%)
[2020-07-12T01:06:21.011+0000][5284][gc,heap     ] GC(4) Soft Max Capacity: 4096M(100%)
[2020-07-12T01:06:21.011+0000][5284][gc,heap     ] GC(4)                Mark Start          Mark End        Relocate Start      Relocate End           High               Low         
[2020-07-12T01:06:21.011+0000][5284][gc,heap     ] GC(4)  Capacity:     4096M (100%)       4096M (100%)       4096M (100%)       4096M (100%)       4096M (100%)       4096M (100%)   
[2020-07-12T01:06:21.011+0000][5284][gc,heap     ] GC(4)   Reserve:       42M (1%)           42M (1%)           42M (1%)           42M (1%)           42M (1%)           42M (1%)     
[2020-07-12T01:06:21.011+0000][5284][gc,heap     ] GC(4)      Free:     3234M (79%)        3216M (79%)        3716M (91%)        3962M (97%)        3962M (97%)        3206M (78%)    
[2020-07-12T01:06:21.011+0000][5284][gc,heap     ] GC(4)      Used:      820M (20%)         838M (20%)         338M (8%)           92M (2%)          848M (21%)          92M (2%)     
[2020-07-12T01:06:21.011+0000][5284][gc,heap     ] GC(4)      Live:         -                28M (1%)           28M (1%)           28M (1%)             -                  -          
[2020-07-12T01:06:21.011+0000][5284][gc,heap     ] GC(4) Allocated:         -                18M (0%)           28M (1%)           32M (1%)             -                  -          
[2020-07-12T01:06:21.011+0000][5284][gc,heap     ] GC(4)   Garbage:         -               791M (19%)         281M (7%)           35M (1%)             -                  -          
[2020-07-12T01:06:21.011+0000][5284][gc,heap     ] GC(4) Reclaimed:         -                  -               510M (12%)         756M (18%)            -                  -          
[2020-07-12T01:06:21.011+0000][5284][gc          ] GC(4) Garbage Collection (Warmup) 820M(20%)->92M(2%)
[2020-07-12T01:06:22.010+0000][5284][safepoint   ] Safepoint "Cleanup", Time since last: 1000023206 ns, Reaching safepoint: 205084 ns, At safepoint: 8677 ns, Total: 213761 ns
[2020-07-12T01:06:23.062+0000][5284][safepoint   ] Safepoint "Cleanup", Time since last: 1052154857 ns, Reaching safepoint: 265358 ns, At safepoint: 8992 ns, Total: 274350 ns
[2020-07-12T01:06:24.090+0000][5284][safepoint   ] Safepoint "Cleanup", Time since last: 1027285810 ns, Reaching safepoint: 272334 ns, At safepoint: 12758 ns, Total: 285092 ns
[2020-07-12T01:06:25.090+0000][5284][safepoint   ] Safepoint "Cleanup", Time since last: 1000133039 ns, Reaching safepoint: 148977 ns, At safepoint: 4662 ns, Total: 153639 ns
[2020-07-12T01:06:26.832+0000][5284][safepoint   ] Safepoint "Cleanup", Time since last: 1741605665 ns, Reaching safepoint: 602142 ns, At safepoint: 10379 ns, Total: 612521 ns
[2020-07-12T01:06:28.761+0000][5284][safepoint   ] Safepoint "Cleanup", Time since last: 1928351922 ns, Reaching safepoint: 230808 ns, At safepoint: 3976 ns, Total: 234784 ns
[2020-07-12T01:06:28.925+0000][5284][gc,stats    ] === Garbage Collection Statistics =======================================================================================================================
[2020-07-12T01:06:28.925+0000][5284][gc,stats    ]                                                              Last 10s              Last 10m              Last 10h                Total
[2020-07-12T01:06:28.925+0000][5284][gc,stats    ]                                                              Avg / Max             Avg / Max             Avg / Max             Avg / Max
[2020-07-12T01:06:28.925+0000][5284][gc,stats    ]   Collector: Garbage Collection Cycle                     86.739 / 86.739       72.329 / 117.511      72.329 / 117.511      72.329 / 117.511     ms
[2020-07-12T01:06:28.925+0000][5284][gc,stats    ]  Contention: Mark Segment Reset Contention                     0 / 0                 0 / 0                 0 / 0                 0 / 0           ops/s
[2020-07-12T01:06:28.925+0000][5284][gc,stats    ]  Contention: Mark SeqNum Reset Contention                      0 / 0                 0 / 0                 0 / 0                 0 / 0           ops/s
[2020-07-12T01:06:28.925+0000][5284][gc,stats    ]  Contention: Relocation Contention                             0 / 1                 0 / 2                 0 / 2                 0 / 2           ops/s
[2020-07-12T01:06:28.925+0000][5284][gc,stats    ]    Critical: Allocation Stall                              0.000 / 0.000         0.000 / 0.000         0.000 / 0.000         0.000 / 0.000       ms
[2020-07-12T01:06:28.925+0000][5284][gc,stats    ]    Critical: Allocation Stall                                  0 / 0                 0 / 0                 0 / 0                 0 / 0           ops/s
[2020-07-12T01:06:28.925+0000][5284][gc,stats    ]    Critical: GC Locker Stall                               0.000 / 0.000         0.093 / 0.093         0.093 / 0.093         0.093 / 0.093       ms
[2020-07-12T01:06:28.925+0000][5284][gc,stats    ]    Critical: GC Locker Stall                                   0 / 0                 0 / 1                 0 / 1                 0 / 1           ops/s
[2020-07-12T01:06:28.925+0000][5284][gc,stats    ]      Memory: Allocation Rate                                 115 / 158              65 / 204              65 / 204              65 / 204         MB/s
[2020-07-12T01:06:28.925+0000][5284][gc,stats    ]      Memory: Heap Used After Mark                            838 / 838             336 / 838             336 / 838             336 / 838         MB
[2020-07-12T01:06:28.925+0000][5284][gc,stats    ]      Memory: Heap Used After Relocation                       92 / 92               62 / 92               62 / 92               62 / 92          MB
[2020-07-12T01:06:28.925+0000][5284][gc,stats    ]      Memory: Heap Used Before Mark                           820 / 820             325 / 820             325 / 820             325 / 820         MB
[2020-07-12T01:06:28.925+0000][5284][gc,stats    ]      Memory: Heap Used Before Relocation                     338 / 338             207 / 338             207 / 338             207 / 338         MB
[2020-07-12T01:06:28.925+0000][5284][gc,stats    ]      Memory: Out Of Memory                                     0 / 0                 0 / 0                 0 / 0                 0 / 0           ops/s
[2020-07-12T01:06:28.925+0000][5284][gc,stats    ]      Memory: Page Cache Flush                                  0 / 0                 0 / 0                 0 / 0                 0 / 0           MB/s
[2020-07-12T01:06:28.925+0000][5284][gc,stats    ]      Memory: Page Cache Hit L1                                38 / 79               19 / 87               19 / 87               19 / 87          ops/s
[2020-07-12T01:06:28.925+0000][5284][gc,stats    ]      Memory: Page Cache Hit L2                                 0 / 0                 0 / 0                 0 / 0                 0 / 0           ops/s
[2020-07-12T01:06:28.925+0000][5284][gc,stats    ]      Memory: Page Cache Hit L3                                19 / 65               13 / 73               13 / 73               13 / 73          ops/s
[2020-07-12T01:06:28.925+0000][5284][gc,stats    ]      Memory: Page Cache Miss                                   0 / 0                 0 / 0                 0 / 0                 0 / 0           ops/s
[2020-07-12T01:06:28.925+0000][5284][gc,stats    ]      Memory: Uncommit                                          0 / 0                 0 / 0                 0 / 0                 0 / 0           MB/s
[2020-07-12T01:06:28.925+0000][5284][gc,stats    ]      Memory: Undo Object Allocation Failed                     0 / 0                 0 / 0                 0 / 0                 0 / 0           ops/s
[2020-07-12T01:06:28.925+0000][5284][gc,stats    ]      Memory: Undo Object Allocation Succeeded                  0 / 1                 0 / 2                 0 / 2                 0 / 2           ops/s
[2020-07-12T01:06:28.925+0000][5284][gc,stats    ]      Memory: Undo Page Allocation                              0 / 0                 0 / 0                 0 / 0                 0 / 0           ops/s
[2020-07-12T01:06:28.925+0000][5284][gc,stats    ]       Phase: Concurrent Mark                              62.041 / 62.041       45.830 / 77.269       45.830 / 77.269       45.830 / 77.269      ms
[2020-07-12T01:06:28.925+0000][5284][gc,stats    ]       Phase: Concurrent Mark Continue                      0.000 / 0.000         0.000 / 0.000         0.000 / 0.000         0.000 / 0.000       ms
[2020-07-12T01:06:28.925+0000][5284][gc,stats    ]       Phase: Concurrent Process Non-Strong References     21.108 / 21.108       11.238 / 21.108       11.238 / 21.108       11.238 / 21.108      ms
[2020-07-12T01:06:28.925+0000][5284][gc,stats    ]       Phase: Concurrent Relocate                           1.156 / 1.156        10.469 / 18.136       10.469 / 18.136       10.469 / 18.136      ms
[2020-07-12T01:06:28.925+0000][5284][gc,stats    ]       Phase: Concurrent Reset Relocation Set               0.015 / 0.015         0.008 / 0.015         0.008 / 0.015         0.008 / 0.015       ms
[2020-07-12T01:06:28.925+0000][5284][gc,stats    ]       Phase: Concurrent Select Relocation Set              1.084 / 1.084         2.084 / 5.622         2.084 / 5.622         2.084 / 5.622       ms
[2020-07-12T01:06:28.925+0000][5284][gc,stats    ]       Phase: Pause Mark End                                0.237 / 0.237         0.254 / 0.319         0.254 / 0.319         0.254 / 0.319       ms
[2020-07-12T01:06:28.925+0000][5284][gc,stats    ]       Phase: Pause Mark Start                              0.221 / 0.221         0.352 / 0.490         0.352 / 0.490         0.352 / 0.490       ms
[2020-07-12T01:06:28.925+0000][5284][gc,stats    ]       Phase: Pause Relocate Start                          0.113 / 0.113         0.383 / 1.014         0.383 / 1.014         0.383 / 1.014       ms
[2020-07-12T01:06:28.926+0000][5284][gc,stats    ]    Subphase: Concurrent Classes Purge                      0.547 / 0.547         0.293 / 0.547         0.293 / 0.547         0.293 / 0.547       ms
[2020-07-12T01:06:28.926+0000][5284][gc,stats    ]    Subphase: Concurrent Classes Unlink                    18.438 / 18.438        8.672 / 18.438        8.672 / 18.438        8.672 / 18.438      ms
[2020-07-12T01:06:28.926+0000][5284][gc,stats    ]    Subphase: Concurrent Mark                              61.413 / 61.413       45.334 / 76.517       45.334 / 76.517       45.334 / 76.517      ms
[2020-07-12T01:06:28.926+0000][5284][gc,stats    ]    Subphase: Concurrent Mark Idle                          0.000 / 0.000         0.000 / 0.000         0.000 / 0.000         0.000 / 0.000       ms
[2020-07-12T01:06:28.926+0000][5284][gc,stats    ]    Subphase: Concurrent Mark Try Flush                     0.170 / 0.332         0.299 / 1.569         0.299 / 1.569         0.299 / 1.569       ms
[2020-07-12T01:06:28.926+0000][5284][gc,stats    ]    Subphase: Concurrent Mark Try Terminate                 0.167 / 0.333         0.132 / 0.756         0.132 / 0.756         0.132 / 0.756       ms
[2020-07-12T01:06:28.926+0000][5284][gc,stats    ]    Subphase: Concurrent References Enqueue                 0.004 / 0.004         0.003 / 0.004         0.003 / 0.004         0.003 / 0.004       ms
[2020-07-12T01:06:28.926+0000][5284][gc,stats    ]    Subphase: Concurrent References Process                 0.584 / 0.584         0.569 / 1.144         0.569 / 1.144         0.569 / 1.144       ms
[2020-07-12T01:06:28.926+0000][5284][gc,stats    ]    Subphase: Concurrent Roots                              0.301 / 0.301         0.212 / 0.362         0.212 / 0.362         0.212 / 0.362       ms
[2020-07-12T01:06:28.926+0000][5284][gc,stats    ]    Subphase: Concurrent Roots ClassLoaderDataGraph         0.295 / 0.295         0.206 / 0.356         0.206 / 0.356         0.206 / 0.356       ms
[2020-07-12T01:06:28.926+0000][5284][gc,stats    ]    Subphase: Concurrent Roots JNIHandles                   0.004 / 0.004         0.004 / 0.005         0.004 / 0.005         0.004 / 0.005       ms
[2020-07-12T01:06:28.926+0000][5284][gc,stats    ]    Subphase: Concurrent Roots Setup                        0.162 / 0.162         0.087 / 0.162         0.087 / 0.162         0.087 / 0.162       ms
[2020-07-12T01:06:28.926+0000][5284][gc,stats    ]    Subphase: Concurrent Roots Teardown                     0.000 / 0.000         0.000 / 0.000         0.000 / 0.000         0.000 / 0.000       ms
[2020-07-12T01:06:28.926+0000][5284][gc,stats    ]    Subphase: Concurrent Roots VMHandles                    0.000 / 0.000         0.000 / 0.000         0.000 / 0.000         0.000 / 0.000       ms
[2020-07-12T01:06:28.926+0000][5284][gc,stats    ]    Subphase: Concurrent Weak Roots                         1.445 / 1.445         0.817 / 1.445         0.817 / 1.445         0.817 / 1.445       ms
[2020-07-12T01:06:28.926+0000][5284][gc,stats    ]    Subphase: Concurrent Weak Roots JNIWeakHandles          0.004 / 0.004         0.002 / 0.004         0.002 / 0.004         0.002 / 0.004       ms
[2020-07-12T01:06:28.926+0000][5284][gc,stats    ]    Subphase: Concurrent Weak Roots ResolvedMethodTable     0.181 / 0.181         0.096 / 0.181         0.096 / 0.181         0.096 / 0.181       ms
[2020-07-12T01:06:28.926+0000][5284][gc,stats    ]    Subphase: Concurrent Weak Roots StringTable             1.194 / 1.194         0.677 / 1.194         0.677 / 1.194         0.677 / 1.194       ms
[2020-07-12T01:06:28.926+0000][5284][gc,stats    ]    Subphase: Concurrent Weak Roots VMWeakHandles           0.061 / 0.061         0.039 / 0.067         0.039 / 0.067         0.039 / 0.067       ms
[2020-07-12T01:06:28.926+0000][5284][gc,stats    ]    Subphase: Pause Mark Try Complete                       0.140 / 0.140         0.100 / 0.181         0.100 / 0.181         0.100 / 0.181       ms
[2020-07-12T01:06:28.926+0000][5284][gc,stats    ]    Subphase: Pause Roots                                   0.048 / 0.160         0.098 / 0.936         0.098 / 0.936         0.098 / 0.936       ms
[2020-07-12T01:06:28.926+0000][5284][gc,stats    ]    Subphase: Pause Roots CodeCache                         0.000 / 0.000         0.000 / 0.000         0.000 / 0.000         0.000 / 0.000       ms
[2020-07-12T01:06:28.926+0000][5284][gc,stats    ]    Subphase: Pause Roots JVMTIExport                       0.001 / 0.001         0.001 / 0.003         0.001 / 0.003         0.001 / 0.003       ms
[2020-07-12T01:06:28.926+0000][5284][gc,stats    ]    Subphase: Pause Roots JVMTIWeakExport                   0.001 / 0.001         0.000 / 0.001         0.000 / 0.001         0.000 / 0.001       ms
[2020-07-12T01:06:28.926+0000][5284][gc,stats    ]    Subphase: Pause Roots Management                        0.001 / 0.001         0.001 / 0.001         0.001 / 0.001         0.001 / 0.001       ms
[2020-07-12T01:06:28.926+0000][5284][gc,stats    ]    Subphase: Pause Roots ObjectSynchronizer                0.000 / 0.000         0.000 / 0.000         0.000 / 0.000         0.000 / 0.000       ms
[2020-07-12T01:06:28.926+0000][5284][gc,stats    ]    Subphase: Pause Roots Setup                             0.000 / 0.000         0.000 / 0.001         0.000 / 0.001         0.000 / 0.001       ms
[2020-07-12T01:06:28.926+0000][5284][gc,stats    ]    Subphase: Pause Roots SystemDictionary                  0.008 / 0.009         0.012 / 0.022         0.012 / 0.022         0.012 / 0.022       ms
[2020-07-12T01:06:28.926+0000][5284][gc,stats    ]    Subphase: Pause Roots Teardown                          0.001 / 0.001         0.001 / 0.001         0.001 / 0.001         0.001 / 0.001       ms
[2020-07-12T01:06:28.926+0000][5284][gc,stats    ]    Subphase: Pause Roots Threads                           0.055 / 0.159         0.113 / 0.913         0.113 / 0.913         0.113 / 0.913       ms
[2020-07-12T01:06:28.926+0000][5284][gc,stats    ]    Subphase: Pause Roots Universe                          0.002 / 0.002         0.002 / 0.008         0.002 / 0.008         0.002 / 0.008       ms
[2020-07-12T01:06:28.926+0000][5284][gc,stats    ]    Subphase: Pause Weak Roots                              0.010 / 0.051         0.009 / 0.063         0.009 / 0.063         0.009 / 0.063       ms
[2020-07-12T01:06:28.926+0000][5284][gc,stats    ]    Subphase: Pause Weak Roots JFRWeak                      0.049 / 0.049         0.042 / 0.060         0.042 / 0.060         0.042 / 0.060       ms
[2020-07-12T01:06:28.926+0000][5284][gc,stats    ]    Subphase: Pause Weak Roots JVMTIWeakExport              0.001 / 0.001         0.001 / 0.001         0.001 / 0.001         0.001 / 0.001       ms
[2020-07-12T01:06:28.926+0000][5284][gc,stats    ]    Subphase: Pause Weak Roots Setup                        0.000 / 0.000         0.000 / 0.000         0.000 / 0.000         0.000 / 0.000       ms
[2020-07-12T01:06:28.926+0000][5284][gc,stats    ]    Subphase: Pause Weak Roots Teardown                     0.000 / 0.000         0.000 / 0.000         0.000 / 0.000         0.000 / 0.000       ms
[2020-07-12T01:06:28.926+0000][5284][gc,stats    ]      System: Java Threads                                     36 / 36               25 / 38               25 / 38               25 / 38          threads
[2020-07-12T01:06:28.926+0000][5284][gc,stats    ] =========================================================================================================================================================
[2020-07-12T01:06:30.724+0000][5284][gc,heap     ] GC(5) Heap before GC invocations=5 (full 5): ZHeap           used 1270M, capacity 4096M, max capacity 4096M
[2020-07-12T01:06:30.724+0000][5284][gc,heap     ] GC(5)  Metaspace       used 79716K, capacity 82444K, committed 82500K, reserved 83968K
[2020-07-12T01:06:30.724+0000][5284][gc,start    ] GC(5) Garbage Collection (Warmup)
[2020-07-12T01:06:30.725+0000][5284][gc,phases   ] GC(5) Pause Mark Start 0.237ms
[2020-07-12T01:06:30.725+0000][5284][safepoint   ] Safepoint "ZMarkStart", Time since last: 1963173522 ns, Reaching safepoint: 140961 ns, At safepoint: 298257 ns, Total: 439218 ns
[2020-07-12T01:06:30.769+0000][5284][gc,phases   ] GC(5) Concurrent Mark 43.952ms
[2020-07-12T01:06:30.769+0000][5284][gc,phases   ] GC(5) Pause Mark End 0.315ms
[2020-07-12T01:06:30.769+0000][5284][safepoint   ] Safepoint "ZMarkEnd", Time since last: 43994651 ns, Reaching safepoint: 161181 ns, At safepoint: 334568 ns, Total: 495749 ns
[2020-07-12T01:06:30.789+0000][5284][gc,phases   ] GC(5) Concurrent Process Non-Strong References 19.821ms
[2020-07-12T01:06:30.789+0000][5284][gc,phases   ] GC(5) Concurrent Reset Relocation Set 0.010ms
[2020-07-12T01:06:30.790+0000][5284][gc,phases   ] GC(5) Concurrent Select Relocation Set 1.045ms
[2020-07-12T01:06:30.790+0000][5284][gc,phases   ] GC(5) Pause Relocate Start 0.109ms
[2020-07-12T01:06:30.790+0000][5284][safepoint   ] Safepoint "ZRelocateStart", Time since last: 20930706 ns, Reaching safepoint: 140219 ns, At safepoint: 125653 ns, Total: 265872 ns
[2020-07-12T01:06:30.791+0000][5284][gc,phases   ] GC(5) Concurrent Relocate 1.123ms
[2020-07-12T01:06:30.791+0000][5284][gc,heap     ] GC(5) Heap after GC invocations=6 (full 6): ZHeap           used 80M, capacity 4096M, max capacity 4096M
[2020-07-12T01:06:30.791+0000][5284][gc,heap     ] GC(5)  Metaspace       used 79716K, capacity 82444K, committed 82500K, reserved 83968K
[2020-07-12T01:06:30.792+0000][5284][gc,load     ] GC(5) Load: 1.81/1.13/0.56
[2020-07-12T01:06:30.792+0000][5284][gc,mmu      ] GC(5) MMU: 2ms/49.3%, 5ms/79.7%, 10ms/89.9%, 20ms/94.9%, 50ms/97.3%, 100ms/98.3%
[2020-07-12T01:06:30.792+0000][5284][gc,marking  ] GC(5) Mark: 1 stripe(s), 2 proactive flush(es), 1 terminate flush(es), 1 completion(s), 0 continuation(s) 
[2020-07-12T01:06:30.792+0000][5284][gc,reloc    ] GC(5) Relocation: Successful, 1M relocated
[2020-07-12T01:06:30.792+0000][5284][gc,nmethod  ] GC(5) NMethods: 4913 registered, 219 unregistered
[2020-07-12T01:06:30.792+0000][5284][gc,metaspace] GC(5) Metaspace: 77M used, 80M capacity, 80M committed, 82M reserved
[2020-07-12T01:06:30.792+0000][5284][gc,ref      ] GC(5) Soft: 3917 encountered, 0 discovered, 0 enqueued
[2020-07-12T01:06:30.792+0000][5284][gc,ref      ] GC(5) Weak: 6635 encountered, 4310 discovered, 0 enqueued
[2020-07-12T01:06:30.792+0000][5284][gc,ref      ] GC(5) Final: 2 encountered, 0 discovered, 0 enqueued
[2020-07-12T01:06:30.792+0000][5284][gc,ref      ] GC(5) Phantom: 434 encountered, 293 discovered, 0 enqueued
[2020-07-12T01:06:30.792+0000][5284][gc,heap     ] GC(5) Min Capacity: 4096M(100%)
[2020-07-12T01:06:30.792+0000][5284][gc,heap     ] GC(5) Max Capacity: 4096M(100%)
[2020-07-12T01:06:30.792+0000][5284][gc,heap     ] GC(5) Soft Max Capacity: 4096M(100%)
[2020-07-12T01:06:30.792+0000][5284][gc,heap     ] GC(5)                Mark Start          Mark End        Relocate Start      Relocate End           High               Low         
[2020-07-12T01:06:30.792+0000][5284][gc,heap     ] GC(5)  Capacity:     4096M (100%)       4096M (100%)       4096M (100%)       4096M (100%)       4096M (100%)       4096M (100%)   
[2020-07-12T01:06:30.792+0000][5284][gc,heap     ] GC(5)   Reserve:       42M (1%)           42M (1%)           42M (1%)           42M (1%)           42M (1%)           42M (1%)     
[2020-07-12T01:06:30.792+0000][5284][gc,heap     ] GC(5)      Free:     2784M (68%)        2768M (68%)        3746M (91%)        3974M (97%)        3974M (97%)        2768M (68%)    
[2020-07-12T01:06:30.792+0000][5284][gc,heap     ] GC(5)      Used:     1270M (31%)        1286M (31%)         308M (8%)           80M (2%)         1286M (31%)          80M (2%)     
[2020-07-12T01:06:30.792+0000][5284][gc,heap     ] GC(5)      Live:         -                28M (1%)           28M (1%)           28M (1%)             -                  -          
[2020-07-12T01:06:30.792+0000][5284][gc,heap     ] GC(5) Allocated:         -                16M (0%)           16M (0%)           20M (0%)             -                  -          
[2020-07-12T01:06:30.792+0000][5284][gc,heap     ] GC(5)   Garbage:         -              1241M (30%)         263M (6%)           35M (1%)             -                  -          
[2020-07-12T01:06:30.792+0000][5284][gc,heap     ] GC(5) Reclaimed:         -                  -               978M (24%)        1206M (29%)            -                  -          
[2020-07-12T01:06:30.792+0000][5284][gc          ] GC(5) Garbage Collection (Warmup) 1270M(31%)->80M(2%)
[2020-07-12T01:06:31.791+0000][5284][safepoint   ] Safepoint "Cleanup", Time since last: 1000420525 ns, Reaching safepoint: 165691 ns, At safepoint: 6179 ns, Total: 171870 ns
[2020-07-12T01:06:35.724+0000][5284][gc,heap     ] GC(6) Heap before GC invocations=6 (full 6): ZHeap           used 630M, capacity 4096M, max capacity 4096M
[2020-07-12T01:06:35.724+0000][5284][gc,heap     ] GC(6)  Metaspace       used 79728K, capacity 82444K, committed 82500K, reserved 83968K
[2020-07-12T01:06:35.724+0000][5284][gc,start    ] GC(6) Garbage Collection (Proactive)
[2020-07-12T01:06:35.724+0000][5284][gc,phases   ] GC(6) Pause Mark Start 0.118ms
[2020-07-12T01:06:35.724+0000][5284][safepoint   ] Safepoint "ZMarkStart", Time since last: 3933265685 ns, Reaching safepoint: 76165 ns, At safepoint: 133719 ns, Total: 209884 ns
[2020-07-12T01:06:35.769+0000][5284][gc,phases   ] GC(6) Concurrent Mark 44.184ms
[2020-07-12T01:06:35.770+0000][5284][gc,phases   ] GC(6) Pause Mark End 0.358ms
[2020-07-12T01:06:35.770+0000][5284][safepoint   ] Safepoint "ZMarkEnd", Time since last: 44221355 ns, Reaching safepoint: 970280 ns, At safepoint: 377920 ns, Total: 1348200 ns
[2020-07-12T01:06:35.791+0000][5284][gc,phases   ] GC(6) Concurrent Process Non-Strong References 21.351ms
[2020-07-12T01:06:35.791+0000][5284][gc,phases   ] GC(6) Concurrent Reset Relocation Set 0.010ms
[2020-07-12T01:06:35.792+0000][5284][gc,phases   ] GC(6) Concurrent Select Relocation Set 1.017ms
[2020-07-12T01:06:35.793+0000][5284][gc,phases   ] GC(6) Pause Relocate Start 0.114ms
[2020-07-12T01:06:35.793+0000][5284][safepoint   ] Safepoint "ZRelocateStart", Time since last: 22432821 ns, Reaching safepoint: 116979 ns, At safepoint: 129703 ns, Total: 246682 ns
[2020-07-12T01:06:35.794+0000][5284][gc,phases   ] GC(6) Concurrent Relocate 1.366ms
[2020-07-12T01:06:35.794+0000][5284][gc,heap     ] GC(6) Heap after GC invocations=7 (full 7): ZHeap           used 94M, capacity 4096M, max capacity 4096M
[2020-07-12T01:06:35.794+0000][5284][gc,heap     ] GC(6)  Metaspace       used 79728K, capacity 82444K, committed 82500K, reserved 83968K
[2020-07-12T01:06:35.794+0000][5284][gc,load     ] GC(6) Load: 1.66/1.11/0.55
[2020-07-12T01:06:35.794+0000][5284][gc,mmu      ] GC(6) MMU: 2ms/49.3%, 5ms/79.7%, 10ms/89.9%, 20ms/94.9%, 50ms/97.3%, 100ms/98.3%
[2020-07-12T01:06:35.794+0000][5284][gc,marking  ] GC(6) Mark: 1 stripe(s), 2 proactive flush(es), 1 terminate flush(es), 1 completion(s), 0 continuation(s) 
[2020-07-12T01:06:35.794+0000][5284][gc,reloc    ] GC(6) Relocation: Successful, 1M relocated
[2020-07-12T01:06:35.794+0000][5284][gc,nmethod  ] GC(6) NMethods: 4956 registered, 219 unregistered
[2020-07-12T01:06:35.794+0000][5284][gc,metaspace] GC(6) Metaspace: 77M used, 80M capacity, 80M committed, 82M reserved
[2020-07-12T01:06:35.794+0000][5284][gc,ref      ] GC(6) Soft: 3917 encountered, 0 discovered, 0 enqueued
[2020-07-12T01:06:35.794+0000][5284][gc,ref      ] GC(6) Weak: 6635 encountered, 4297 discovered, 0 enqueued
[2020-07-12T01:06:35.794+0000][5284][gc,ref      ] GC(6) Final: 2 encountered, 0 discovered, 0 enqueued
[2020-07-12T01:06:35.794+0000][5284][gc,ref      ] GC(6) Phantom: 434 encountered, 293 discovered, 0 enqueued
[2020-07-12T01:06:35.794+0000][5284][gc,heap     ] GC(6) Min Capacity: 4096M(100%)
[2020-07-12T01:06:35.794+0000][5284][gc,heap     ] GC(6) Max Capacity: 4096M(100%)
[2020-07-12T01:06:35.794+0000][5284][gc,heap     ] GC(6) Soft Max Capacity: 4096M(100%)
[2020-07-12T01:06:35.794+0000][5284][gc,heap     ] GC(6)                Mark Start          Mark End        Relocate Start      Relocate End           High               Low         
[2020-07-12T01:06:35.794+0000][5284][gc,heap     ] GC(6)  Capacity:     4096M (100%)       4096M (100%)       4096M (100%)       4096M (100%)       4096M (100%)       4096M (100%)   
[2020-07-12T01:06:35.794+0000][5284][gc,heap     ] GC(6)   Reserve:       42M (1%)           42M (1%)           42M (1%)           42M (1%)           42M (1%)           42M (1%)     
[2020-07-12T01:06:35.794+0000][5284][gc,heap     ] GC(6)      Free:     3424M (84%)        3398M (83%)        3912M (96%)        3960M (97%)        3960M (97%)        3396M (83%)    
[2020-07-12T01:06:35.794+0000][5284][gc,heap     ] GC(6)      Used:      630M (15%)         656M (16%)         142M (3%)           94M (2%)          658M (16%)          94M (2%)     
[2020-07-12T01:06:35.794+0000][5284][gc,heap     ] GC(6)      Live:         -                28M (1%)           28M (1%)           28M (1%)             -                  -          
[2020-07-12T01:06:35.794+0000][5284][gc,heap     ] GC(6) Allocated:         -                26M (1%)           28M (1%)           34M (1%)             -                  -          
[2020-07-12T01:06:35.794+0000][5284][gc,heap     ] GC(6)   Garbage:         -               601M (15%)          85M (2%)           37M (1%)             -                  -          
[2020-07-12T01:06:35.794+0000][5284][gc,heap     ] GC(6) Reclaimed:         -                  -               516M (13%)         564M (14%)            -                  -          
[2020-07-12T01:06:35.794+0000][5284][gc          ] GC(6) Garbage Collection (Proactive) 630M(15%)->94M(2%)
[2020-07-12T01:06:38.797+0000][5284][safepoint   ] Safepoint "Cleanup", Time since last: 3003777052 ns, Reaching safepoint: 149740 ns, At safepoint: 3661 ns, Total: 153401 ns
[2020-07-12T01:06:38.924+0000][5284][gc,stats    ] === Garbage Collection Statistics =======================================================================================================================
[2020-07-12T01:06:38.924+0000][5284][gc,stats    ]                                                              Last 10s              Last 10m              Last 10h                Total
[2020-07-12T01:06:38.924+0000][5284][gc,stats    ]                                                              Avg / Max             Avg / Max             Avg / Max             Avg / Max
[2020-07-12T01:06:38.924+0000][5284][gc,stats    ]   Collector: Garbage Collection Cycle                     68.659 / 69.910       71.280 / 117.511      71.280 / 117.511      71.280 / 117.511     ms
[2020-07-12T01:06:38.924+0000][5284][gc,stats    ]  Contention: Mark Segment Reset Contention                     0 / 0                 0 / 0                 0 / 0                 0 / 0           ops/s
[2020-07-12T01:06:38.924+0000][5284][gc,stats    ]  Contention: Mark SeqNum Reset Contention                      0 / 0                 0 / 0                 0 / 0                 0 / 0           ops/s
[2020-07-12T01:06:38.924+0000][5284][gc,stats    ]  Contention: Relocation Contention                             0 / 0                 0 / 2                 0 / 2                 0 / 2           ops/s
[2020-07-12T01:06:38.924+0000][5284][gc,stats    ]    Critical: Allocation Stall                              0.000 / 0.000         0.000 / 0.000         0.000 / 0.000         0.000 / 0.000       ms
[2020-07-12T01:06:38.924+0000][5284][gc,stats    ]    Critical: Allocation Stall                                  0 / 0                 0 / 0                 0 / 0                 0 / 0           ops/s
[2020-07-12T01:06:38.924+0000][5284][gc,stats    ]    Critical: GC Locker Stall                               0.000 / 0.000         0.093 / 0.093         0.093 / 0.093         0.093 / 0.093       ms
[2020-07-12T01:06:38.924+0000][5284][gc,stats    ]    Critical: GC Locker Stall                                   0 / 0                 0 / 1                 0 / 1                 0 / 1           ops/s
[2020-07-12T01:06:38.924+0000][5284][gc,stats    ]      Memory: Allocation Rate                                 113 / 192              76 / 204              76 / 204              76 / 204         MB/s
[2020-07-12T01:06:38.924+0000][5284][gc,stats    ]      Memory: Heap Used After Mark                            971 / 1286            517 / 1286            517 / 1286            517 / 1286        MB
[2020-07-12T01:06:38.924+0000][5284][gc,stats    ]      Memory: Heap Used After Relocation                       87 / 94               69 / 94               69 / 94               69 / 94          MB
[2020-07-12T01:06:38.924+0000][5284][gc,stats    ]      Memory: Heap Used Before Mark                           950 / 1270            503 / 1270            503 / 1270            503 / 1270        MB
[2020-07-12T01:06:38.924+0000][5284][gc,stats    ]      Memory: Heap Used Before Relocation                     225 / 308             212 / 338             212 / 338             212 / 338         MB
[2020-07-12T01:06:38.924+0000][5284][gc,stats    ]      Memory: Out Of Memory                                     0 / 0                 0 / 0                 0 / 0                 0 / 0           ops/s
[2020-07-12T01:06:38.924+0000][5284][gc,stats    ]      Memory: Page Cache Flush                                  0 / 0                 0 / 0                 0 / 0                 0 / 0           MB/s
[2020-07-12T01:06:38.924+0000][5284][gc,stats    ]      Memory: Page Cache Hit L1                                41 / 91               24 / 91               24 / 91               24 / 91          ops/s
[2020-07-12T01:06:38.924+0000][5284][gc,stats    ]      Memory: Page Cache Hit L2                                 0 / 0                 0 / 0                 0 / 0                 0 / 0           ops/s
[2020-07-12T01:06:38.924+0000][5284][gc,stats    ]      Memory: Page Cache Hit L3                                15 / 96               13 / 96               13 / 96               13 / 96          ops/s
[2020-07-12T01:06:38.924+0000][5284][gc,stats    ]      Memory: Page Cache Miss                                   0 / 0                 0 / 0                 0 / 0                 0 / 0           ops/s
[2020-07-12T01:06:38.924+0000][5284][gc,stats    ]      Memory: Uncommit                                          0 / 0                 0 / 0                 0 / 0                 0 / 0           MB/s
[2020-07-12T01:06:38.924+0000][5284][gc,stats    ]      Memory: Undo Object Allocation Failed                     0 / 0                 0 / 0                 0 / 0                 0 / 0           ops/s
[2020-07-12T01:06:38.924+0000][5284][gc,stats    ]      Memory: Undo Object Allocation Succeeded                  0 / 0                 0 / 2                 0 / 2                 0 / 2           ops/s
[2020-07-12T01:06:38.924+0000][5284][gc,stats    ]      Memory: Undo Page Allocation                              0 / 0                 0 / 0                 0 / 0                 0 / 0           ops/s
[2020-07-12T01:06:38.924+0000][5284][gc,stats    ]       Phase: Concurrent Mark                              44.068 / 44.184       45.327 / 77.269       45.327 / 77.269       45.327 / 77.269      ms
[2020-07-12T01:06:38.924+0000][5284][gc,stats    ]       Phase: Concurrent Mark Continue                      0.000 / 0.000         0.000 / 0.000         0.000 / 0.000         0.000 / 0.000       ms
[2020-07-12T01:06:38.924+0000][5284][gc,stats    ]       Phase: Concurrent Process Non-Strong References     20.586 / 21.351       13.909 / 21.351       13.909 / 21.351       13.909 / 21.351      ms
[2020-07-12T01:06:38.924+0000][5284][gc,stats    ]       Phase: Concurrent Relocate                           1.244 / 1.366         7.834 / 18.136        7.834 / 18.136        7.834 / 18.136      ms
[2020-07-12T01:06:38.924+0000][5284][gc,stats    ]       Phase: Concurrent Reset Relocation Set               0.010 / 0.010         0.008 / 0.015         0.008 / 0.015         0.008 / 0.015       ms
[2020-07-12T01:06:38.924+0000][5284][gc,stats    ]       Phase: Concurrent Select Relocation Set              1.031 / 1.045         1.783 / 5.622         1.783 / 5.622         1.783 / 5.622       ms
[2020-07-12T01:06:38.924+0000][5284][gc,stats    ]       Phase: Pause Mark End                                0.336 / 0.358         0.278 / 0.358         0.278 / 0.358         0.278 / 0.358       ms
[2020-07-12T01:06:38.924+0000][5284][gc,stats    ]       Phase: Pause Mark Start                              0.178 / 0.237         0.302 / 0.490         0.302 / 0.490         0.302 / 0.490       ms
[2020-07-12T01:06:38.924+0000][5284][gc,stats    ]       Phase: Pause Relocate Start                          0.112 / 0.114         0.305 / 1.014         0.305 / 1.014         0.305 / 1.014       ms
[2020-07-12T01:06:38.924+0000][5284][gc,stats    ]    Subphase: Concurrent Classes Purge                      0.582 / 0.609         0.375 / 0.609         0.375 / 0.609         0.375 / 0.609       ms
[2020-07-12T01:06:38.924+0000][5284][gc,stats    ]    Subphase: Concurrent Classes Unlink                    18.583 / 19.279       11.504 / 19.279       11.504 / 19.279       11.504 / 19.279      ms
[2020-07-12T01:06:38.924+0000][5284][gc,stats    ]    Subphase: Concurrent Mark                              43.327 / 43.582       44.760 / 76.517       44.760 / 76.517       44.760 / 76.517      ms
[2020-07-12T01:06:38.924+0000][5284][gc,stats    ]    Subphase: Concurrent Mark Idle                          0.000 / 0.000         0.000 / 0.000         0.000 / 0.000         0.000 / 0.000       ms
[2020-07-12T01:06:38.924+0000][5284][gc,stats    ]    Subphase: Concurrent Mark Try Flush                     0.115 / 0.148         0.246 / 1.569         0.246 / 1.569         0.246 / 1.569       ms
[2020-07-12T01:06:38.924+0000][5284][gc,stats    ]    Subphase: Concurrent Mark Try Terminate                 0.070 / 0.149         0.114 / 0.756         0.114 / 0.756         0.114 / 0.756       ms
[2020-07-12T01:06:38.924+0000][5284][gc,stats    ]    Subphase: Concurrent References Enqueue                 0.000 / 0.000         0.002 / 0.004         0.002 / 0.004         0.002 / 0.004       ms
[2020-07-12T01:06:38.924+0000][5284][gc,stats    ]    Subphase: Concurrent References Process                 0.454 / 0.458         0.536 / 1.144         0.536 / 1.144         0.536 / 1.144       ms
[2020-07-12T01:06:38.924+0000][5284][gc,stats    ]    Subphase: Concurrent Roots                              0.259 / 0.319         0.225 / 0.362         0.225 / 0.362         0.225 / 0.362       ms
[2020-07-12T01:06:38.924+0000][5284][gc,stats    ]    Subphase: Concurrent Roots ClassLoaderDataGraph         0.254 / 0.313         0.220 / 0.356         0.220 / 0.356         0.220 / 0.356       ms
[2020-07-12T01:06:38.924+0000][5284][gc,stats    ]    Subphase: Concurrent Roots JNIHandles                   0.003 / 0.003         0.004 / 0.005         0.004 / 0.005         0.004 / 0.005       ms
[2020-07-12T01:06:38.924+0000][5284][gc,stats    ]    Subphase: Concurrent Roots Setup                        0.244 / 0.340         0.132 / 0.340         0.132 / 0.340         0.132 / 0.340       ms
[2020-07-12T01:06:38.924+0000][5284][gc,stats    ]    Subphase: Concurrent Roots Teardown                     0.000 / 0.000         0.000 / 0.000         0.000 / 0.000         0.000 / 0.000       ms
[2020-07-12T01:06:38.924+0000][5284][gc,stats    ]    Subphase: Concurrent Roots VMHandles                    0.000 / 0.000         0.000 / 0.000         0.000 / 0.000         0.000 / 0.000       ms
[2020-07-12T01:06:38.924+0000][5284][gc,stats    ]    Subphase: Concurrent Weak Roots                         0.821 / 0.856         0.819 / 1.445         0.819 / 1.445         0.819 / 1.445       ms
[2020-07-12T01:06:38.924+0000][5284][gc,stats    ]    Subphase: Concurrent Weak Roots JNIWeakHandles          0.001 / 0.001         0.001 / 0.004         0.001 / 0.004         0.001 / 0.004       ms
[2020-07-12T01:06:38.924+0000][5284][gc,stats    ]    Subphase: Concurrent Weak Roots ResolvedMethodTable     0.092 / 0.098         0.095 / 0.181         0.095 / 0.181         0.095 / 0.181       ms
[2020-07-12T01:06:38.924+0000][5284][gc,stats    ]    Subphase: Concurrent Weak Roots StringTable             0.673 / 0.697         0.676 / 1.194         0.676 / 1.194         0.676 / 1.194       ms
[2020-07-12T01:06:38.924+0000][5284][gc,stats    ]    Subphase: Concurrent Weak Roots VMWeakHandles           0.052 / 0.057         0.043 / 0.067         0.043 / 0.067         0.043 / 0.067       ms
[2020-07-12T01:06:38.924+0000][5284][gc,stats    ]    Subphase: Pause Mark Try Complete                       0.143 / 0.148         0.113 / 0.181         0.113 / 0.181         0.113 / 0.181       ms
[2020-07-12T01:06:38.924+0000][5284][gc,stats    ]    Subphase: Pause Roots                                   0.041 / 0.203         0.082 / 0.936         0.082 / 0.936         0.082 / 0.936       ms
[2020-07-12T01:06:38.924+0000][5284][gc,stats    ]    Subphase: Pause Roots CodeCache                         0.000 / 0.000         0.000 / 0.000         0.000 / 0.000         0.000 / 0.000       ms
[2020-07-12T01:06:38.924+0000][5284][gc,stats    ]    Subphase: Pause Roots JVMTIExport                       0.001 / 0.002         0.001 / 0.003         0.001 / 0.003         0.001 / 0.003       ms
[2020-07-12T01:06:38.924+0000][5284][gc,stats    ]    Subphase: Pause Roots JVMTIWeakExport                   0.001 / 0.001         0.000 / 0.001         0.000 / 0.001         0.000 / 0.001       ms
[2020-07-12T01:06:38.924+0000][5284][gc,stats    ]    Subphase: Pause Roots Management                        0.001 / 0.001         0.001 / 0.001         0.001 / 0.001         0.001 / 0.001       ms
[2020-07-12T01:06:38.924+0000][5284][gc,stats    ]    Subphase: Pause Roots ObjectSynchronizer                0.000 / 0.000         0.000 / 0.000         0.000 / 0.000         0.000 / 0.000       ms
[2020-07-12T01:06:38.924+0000][5284][gc,stats    ]    Subphase: Pause Roots Setup                             0.000 / 0.000         0.000 / 0.001         0.000 / 0.001         0.000 / 0.001       ms
[2020-07-12T01:06:38.925+0000][5284][gc,stats    ]    Subphase: Pause Roots SystemDictionary                  0.008 / 0.010         0.011 / 0.022         0.011 / 0.022         0.011 / 0.022       ms
[2020-07-12T01:06:38.925+0000][5284][gc,stats    ]    Subphase: Pause Roots Teardown                          0.001 / 0.001         0.001 / 0.001         0.001 / 0.001         0.001 / 0.001       ms
[2020-07-12T01:06:38.925+0000][5284][gc,stats    ]    Subphase: Pause Roots Threads                           0.044 / 0.161         0.093 / 0.913         0.093 / 0.913         0.093 / 0.913       ms
[2020-07-12T01:06:38.925+0000][5284][gc,stats    ]    Subphase: Pause Roots Universe                          0.002 / 0.003         0.002 / 0.008         0.002 / 0.008         0.002 / 0.008       ms
[2020-07-12T01:06:38.925+0000][5284][gc,stats    ]    Subphase: Pause Weak Roots                              0.010 / 0.057         0.009 / 0.063         0.009 / 0.063         0.009 / 0.063       ms
[2020-07-12T01:06:38.925+0000][5284][gc,stats    ]    Subphase: Pause Weak Roots JFRWeak                      0.049 / 0.054         0.044 / 0.060         0.044 / 0.060         0.044 / 0.060       ms
[2020-07-12T01:06:38.925+0000][5284][gc,stats    ]    Subphase: Pause Weak Roots JVMTIWeakExport              0.001 / 0.001         0.001 / 0.001         0.001 / 0.001         0.001 / 0.001       ms
[2020-07-12T01:06:38.925+0000][5284][gc,stats    ]    Subphase: Pause Weak Roots Setup                        0.000 / 0.000         0.000 / 0.000         0.000 / 0.000         0.000 / 0.000       ms
[2020-07-12T01:06:38.925+0000][5284][gc,stats    ]    Subphase: Pause Weak Roots Teardown                     0.000 / 0.000         0.000 / 0.000         0.000 / 0.000         0.000 / 0.000       ms
[2020-07-12T01:06:38.925+0000][5284][gc,stats    ]      System: Java Threads                                     36 / 36               28 / 38               28 / 38               28 / 38          threads
[2020-07-12T01:06:38.925+0000][5284][gc,stats    ] =========================================================================================================================================================
[2020-07-12T01:06:40.027+0000][5284][gc,heap     ] GC(7) Heap before GC invocations=7 (full 7): ZHeap           used 546M, capacity 4096M, max capacity 4096M
[2020-07-12T01:06:40.027+0000][5284][gc,heap     ] GC(7)  Metaspace       used 79739K, capacity 82444K, committed 82500K, reserved 83968K
[2020-07-12T01:06:40.027+0000][5284][gc,start    ] GC(7) Garbage Collection (Proactive)
[2020-07-12T01:06:40.027+0000][5284][gc,phases   ] GC(7) Pause Mark Start 0.144ms
[2020-07-12T01:06:40.027+0000][5284][safepoint   ] Safepoint "ZMarkStart", Time since last: 1230372870 ns, Reaching safepoint: 145487 ns, At safepoint: 161583 ns, Total: 307070 ns
[2020-07-12T01:06:40.070+0000][5284][gc,phases   ] GC(7) Concurrent Mark 42.301ms
[2020-07-12T01:06:40.070+0000][5284][gc,phases   ] GC(7) Pause Mark End 0.306ms
[2020-07-12T01:06:40.070+0000][5284][safepoint   ] Safepoint "ZMarkEnd", Time since last: 42345217 ns, Reaching safepoint: 128512 ns, At safepoint: 323846 ns, Total: 452358 ns
[2020-07-12T01:06:40.091+0000][5284][gc,phases   ] GC(7) Concurrent Process Non-Strong References 20.724ms
[2020-07-12T01:06:40.091+0000][5284][gc,phases   ] GC(7) Concurrent Reset Relocation Set 0.003ms
[2020-07-12T01:06:40.092+0000][5284][gc,phases   ] GC(7) Concurrent Select Relocation Set 0.978ms
[2020-07-12T01:06:40.092+0000][5284][gc,phases   ] GC(7) Pause Relocate Start 0.113ms
[2020-07-12T01:06:40.092+0000][5284][safepoint   ] Safepoint "ZRelocateStart", Time since last: 21763814 ns, Reaching safepoint: 129488 ns, At safepoint: 127679 ns, Total: 257167 ns
[2020-07-12T01:06:40.093+0000][5284][gc,phases   ] GC(7) Concurrent Relocate 0.919ms
[2020-07-12T01:06:40.093+0000][5284][gc,heap     ] GC(7) Heap after GC invocations=8 (full 8): ZHeap           used 68M, capacity 4096M, max capacity 4096M
[2020-07-12T01:06:40.093+0000][5284][gc,heap     ] GC(7)  Metaspace       used 79739K, capacity 82444K, committed 82500K, reserved 83968K
[2020-07-12T01:06:40.093+0000][5284][gc,load     ] GC(7) Load: 1.53/1.09/0.55
[2020-07-12T01:06:40.093+0000][5284][gc,mmu      ] GC(7) MMU: 2ms/49.3%, 5ms/79.7%, 10ms/89.9%, 20ms/94.9%, 50ms/97.3%, 100ms/98.3%
[2020-07-12T01:06:40.093+0000][5284][gc,marking  ] GC(7) Mark: 1 stripe(s), 2 proactive flush(es), 1 terminate flush(es), 1 completion(s), 0 continuation(s) 
[2020-07-12T01:06:40.093+0000][5284][gc,reloc    ] GC(7) Relocation: Successful, 1M relocated
[2020-07-12T01:06:40.093+0000][5284][gc,nmethod  ] GC(7) NMethods: 4974 registered, 219 unregistered
[2020-07-12T01:06:40.093+0000][5284][gc,metaspace] GC(7) Metaspace: 77M used, 80M capacity, 80M committed, 82M reserved
[2020-07-12T01:06:40.093+0000][5284][gc,ref      ] GC(7) Soft: 3917 encountered, 0 discovered, 0 enqueued
[2020-07-12T01:06:40.093+0000][5284][gc,ref      ] GC(7) Weak: 6637 encountered, 4299 discovered, 0 enqueued
[2020-07-12T01:06:40.093+0000][5284][gc,ref      ] GC(7) Final: 2 encountered, 0 discovered, 0 enqueued
[2020-07-12T01:06:40.093+0000][5284][gc,ref      ] GC(7) Phantom: 434 encountered, 293 discovered, 0 enqueued
[2020-07-12T01:06:40.093+0000][5284][gc,heap     ] GC(7) Min Capacity: 4096M(100%)
[2020-07-12T01:06:40.093+0000][5284][gc,heap     ] GC(7) Max Capacity: 4096M(100%)
[2020-07-12T01:06:40.093+0000][5284][gc,heap     ] GC(7) Soft Max Capacity: 4096M(100%)
[2020-07-12T01:06:40.093+0000][5284][gc,heap     ] GC(7)                Mark Start          Mark End        Relocate Start      Relocate End           High               Low         
[2020-07-12T01:06:40.093+0000][5284][gc,heap     ] GC(7)  Capacity:     4096M (100%)       4096M (100%)       4096M (100%)       4096M (100%)       4096M (100%)       4096M (100%)   
[2020-07-12T01:06:40.093+0000][5284][gc,heap     ] GC(7)   Reserve:       42M (1%)           42M (1%)           42M (1%)           42M (1%)           42M (1%)           42M (1%)     
[2020-07-12T01:06:40.093+0000][5284][gc,heap     ] GC(7)      Free:     3508M (86%)        3506M (86%)        3942M (96%)        3986M (97%)        3986M (97%)        3506M (86%)    
[2020-07-12T01:06:40.093+0000][5284][gc,heap     ] GC(7)      Used:      546M (13%)         548M (13%)         112M (3%)           68M (2%)          548M (13%)          68M (2%)     
[2020-07-12T01:06:40.093+0000][5284][gc,heap     ] GC(7)      Live:         -                28M (1%)           28M (1%)           28M (1%)             -                  -          
[2020-07-12T01:06:40.093+0000][5284][gc,heap     ] GC(7) Allocated:         -                 2M (0%)            2M (0%)            8M (0%)             -                  -          
[2020-07-12T01:06:40.093+0000][5284][gc,heap     ] GC(7)   Garbage:         -               517M (13%)          81M (2%)           37M (1%)             -                  -          
[2020-07-12T01:06:40.093+0000][5284][gc,heap     ] GC(7) Reclaimed:         -                  -               436M (11%)         480M (12%)            -                  -          
[2020-07-12T01:06:40.093+0000][5284][gc          ] GC(7) Garbage Collection (Proactive) 546M(13%)->68M(2%)
[2020-07-12T01:06:43.096+0000][5284][safepoint   ] Safepoint "Cleanup", Time since last: 3004061652 ns, Reaching safepoint: 190059 ns, At safepoint: 9836 ns, Total: 199895 ns
[2020-07-12T01:06:43.925+0000][5284][gc,heap     ] GC(8) Heap before GC invocations=8 (full 8): ZHeap           used 530M, capacity 4096M, max capacity 4096M
[2020-07-12T01:06:43.925+0000][5284][gc,heap     ] GC(8)  Metaspace       used 79751K, capacity 82508K, committed 82756K, reserved 83968K
[2020-07-12T01:06:43.925+0000][5284][gc,start    ] GC(8) Garbage Collection (Proactive)
[2020-07-12T01:06:43.925+0000][5284][gc,phases   ] GC(8) Pause Mark Start 0.130ms
[2020-07-12T01:06:43.925+0000][5284][safepoint   ] Safepoint "ZMarkStart", Time since last: 828800123 ns, Reaching safepoint: 162306 ns, At safepoint: 150412 ns, Total: 312718 ns
[2020-07-12T01:06:43.972+0000][5284][gc,phases   ] GC(8) Concurrent Mark 46.062ms
[2020-07-12T01:06:43.972+0000][5284][gc,phases   ] GC(8) Pause Mark End 0.343ms
[2020-07-12T01:06:43.972+0000][5284][safepoint   ] Safepoint "ZMarkEnd", Time since last: 46103216 ns, Reaching safepoint: 158741 ns, At safepoint: 363073 ns, Total: 521814 ns
[2020-07-12T01:06:43.992+0000][5284][gc,phases   ] GC(8) Concurrent Process Non-Strong References 19.900ms
[2020-07-12T01:06:43.992+0000][5284][gc,phases   ] GC(8) Concurrent Reset Relocation Set 0.004ms
[2020-07-12T01:06:43.993+0000][5284][gc,phases   ] GC(8) Concurrent Select Relocation Set 1.001ms
[2020-07-12T01:06:43.993+0000][5284][gc,phases   ] GC(8) Pause Relocate Start 0.118ms
[2020-07-12T01:06:43.993+0000][5284][safepoint   ] Safepoint "ZRelocateStart", Time since last: 20955027 ns, Reaching safepoint: 152143 ns, At safepoint: 136322 ns, Total: 288465 ns
[2020-07-12T01:06:43.994+0000][5284][gc,phases   ] GC(8) Concurrent Relocate 0.860ms
[2020-07-12T01:06:43.994+0000][5284][gc,heap     ] GC(8) Heap after GC invocations=9 (full 9): ZHeap           used 70M, capacity 4096M, max capacity 4096M
[2020-07-12T01:06:43.994+0000][5284][gc,heap     ] GC(8)  Metaspace       used 79751K, capacity 82508K, committed 82756K, reserved 83968K
[2020-07-12T01:06:43.994+0000][5284][gc,load     ] GC(8) Load: 1.40/1.07/0.55
[2020-07-12T01:06:43.994+0000][5284][gc,mmu      ] GC(8) MMU: 2ms/49.3%, 5ms/79.7%, 10ms/89.9%, 20ms/94.9%, 50ms/97.3%, 100ms/98.3%
[2020-07-12T01:06:43.994+0000][5284][gc,marking  ] GC(8) Mark: 1 stripe(s), 2 proactive flush(es), 1 terminate flush(es), 1 completion(s), 0 continuation(s) 
[2020-07-12T01:06:43.994+0000][5284][gc,reloc    ] GC(8) Relocation: Successful, 1M relocated
[2020-07-12T01:06:43.994+0000][5284][gc,nmethod  ] GC(8) NMethods: 4990 registered, 219 unregistered
[2020-07-12T01:06:43.994+0000][5284][gc,metaspace] GC(8) Metaspace: 77M used, 80M capacity, 80M committed, 82M reserved
[2020-07-12T01:06:43.994+0000][5284][gc,ref      ] GC(8) Soft: 3917 encountered, 0 discovered, 0 enqueued
[2020-07-12T01:06:43.994+0000][5284][gc,ref      ] GC(8) Weak: 6636 encountered, 4311 discovered, 0 enqueued
[2020-07-12T01:06:43.994+0000][5284][gc,ref      ] GC(8) Final: 2 encountered, 0 discovered, 0 enqueued
[2020-07-12T01:06:43.994+0000][5284][gc,ref      ] GC(8) Phantom: 434 encountered, 293 discovered, 0 enqueued
[2020-07-12T01:06:43.994+0000][5284][gc,heap     ] GC(8) Min Capacity: 4096M(100%)
[2020-07-12T01:06:43.994+0000][5284][gc,heap     ] GC(8) Max Capacity: 4096M(100%)
[2020-07-12T01:06:43.994+0000][5284][gc,heap     ] GC(8) Soft Max Capacity: 4096M(100%)
[2020-07-12T01:06:43.994+0000][5284][gc,heap     ] GC(8)                Mark Start          Mark End        Relocate Start      Relocate End           High               Low         
[2020-07-12T01:06:43.994+0000][5284][gc,heap     ] GC(8)  Capacity:     4096M (100%)       4096M (100%)       4096M (100%)       4096M (100%)       4096M (100%)       4096M (100%)   
[2020-07-12T01:06:43.994+0000][5284][gc,heap     ] GC(8)   Reserve:       42M (1%)           42M (1%)           42M (1%)           42M (1%)           42M (1%)           42M (1%)     
[2020-07-12T01:06:43.994+0000][5284][gc,heap     ] GC(8)      Free:     3524M (86%)        3522M (86%)        3954M (97%)        3984M (97%)        3984M (97%)        3522M (86%)    
[2020-07-12T01:06:43.994+0000][5284][gc,heap     ] GC(8)      Used:      530M (13%)         532M (13%)         100M (2%)           70M (2%)          532M (13%)          70M (2%)     
[2020-07-12T01:06:43.994+0000][5284][gc,heap     ] GC(8)      Live:         -                28M (1%)           28M (1%)           28M (1%)             -                  -          
[2020-07-12T01:06:43.994+0000][5284][gc,heap     ] GC(8) Allocated:         -                 2M (0%)            2M (0%)           10M (0%)             -                  -          
[2020-07-12T01:06:43.994+0000][5284][gc,heap     ] GC(8)   Garbage:         -               501M (12%)          69M (2%)           39M (1%)             -                  -          
[2020-07-12T01:06:43.994+0000][5284][gc,heap     ] GC(8) Reclaimed:         -                  -               432M (11%)         462M (11%)            -                  -          
[2020-07-12T01:06:43.994+0000][5284][gc          ] GC(8) Garbage Collection (Proactive) 530M(13%)->70M(2%)
[2020-07-12T01:06:44.994+0000][5284][safepoint   ] Safepoint "Cleanup", Time since last: 1000348139 ns, Reaching safepoint: 177471 ns, At safepoint: 6279 ns, Total: 183750 ns
[2020-07-12T01:06:45.995+0000][5284][safepoint   ] Safepoint "Cleanup", Time since last: 1001235646 ns, Reaching safepoint: 188966 ns, At safepoint: 2951 ns, Total: 191917 ns
[2020-07-12T01:06:46.996+0000][5284][safepoint   ] Safepoint "Cleanup", Time since last: 1000210065 ns, Reaching safepoint: 168047 ns, At safepoint: 3853 ns, Total: 171900 ns
[2020-07-12T01:06:48.166+0000][5284][gc,heap     ] GC(9) Heap before GC invocations=9 (full 9): ZHeap           used 510M, capacity 4096M, max capacity 4096M
[2020-07-12T01:06:48.166+0000][5284][gc,heap     ] GC(9)  Metaspace       used 79760K, capacity 82508K, committed 82756K, reserved 83968K
[2020-07-12T01:06:48.166+0000][5284][gc,start    ] GC(9) Garbage Collection (Proactive)
[2020-07-12T01:06:48.171+0000][5284][gc,phases   ] GC(9) Pause Mark Start 0.205ms
[2020-07-12T01:06:48.171+0000][5284][safepoint   ] Safepoint "ZMarkStart", Time since last: 1169987054 ns, Reaching safepoint: 5305227 ns, At safepoint: 241838 ns, Total: 5547065 ns
[2020-07-12T01:06:48.224+0000][5284][gc,phases   ] GC(9) Concurrent Mark 52.970ms
[2020-07-12T01:06:48.225+0000][5284][gc,phases   ] GC(9) Pause Mark End 0.289ms
[2020-07-12T01:06:48.225+0000][5284][safepoint   ] Safepoint "ZMarkEnd", Time since last: 53032548 ns, Reaching safepoint: 76444 ns, At safepoint: 311244 ns, Total: 387688 ns
[2020-07-12T01:06:48.245+0000][5284][gc,phases   ] GC(9) Concurrent Process Non-Strong References 20.073ms
[2020-07-12T01:06:48.245+0000][5284][gc,phases   ] GC(9) Concurrent Reset Relocation Set 0.003ms
[2020-07-12T01:06:48.246+0000][5284][gc,phases   ] GC(9) Concurrent Select Relocation Set 0.984ms
[2020-07-12T01:06:48.246+0000][5284][gc,phases   ] GC(9) Pause Relocate Start 0.140ms
[2020-07-12T01:06:48.246+0000][5284][safepoint   ] Safepoint "ZRelocateStart", Time since last: 21172778 ns, Reaching safepoint: 61724 ns, At safepoint: 155981 ns, Total: 217705 ns
[2020-07-12T01:06:48.247+0000][5284][gc,phases   ] GC(9) Concurrent Relocate 0.960ms
[2020-07-12T01:06:48.247+0000][5284][gc,heap     ] GC(9) Heap after GC invocations=10 (full 10): ZHeap           used 98M, capacity 4096M, max capacity 4096M
[2020-07-12T01:06:48.247+0000][5284][gc,heap     ] GC(9)  Metaspace       used 79760K, capacity 82508K, committed 82756K, reserved 83968K
[2020-07-12T01:06:48.247+0000][5284][gc,load     ] GC(9) Load: 1.40/1.07/0.55
[2020-07-12T01:06:48.247+0000][5284][gc,mmu      ] GC(9) MMU: 2ms/49.3%, 5ms/79.7%, 10ms/89.9%, 20ms/94.9%, 50ms/97.3%, 100ms/98.3%
[2020-07-12T01:06:48.247+0000][5284][gc,marking  ] GC(9) Mark: 1 stripe(s), 2 proactive flush(es), 1 terminate flush(es), 1 completion(s), 0 continuation(s) 
[2020-07-12T01:06:48.247+0000][5284][gc,reloc    ] GC(9) Relocation: Successful, 1M relocated
[2020-07-12T01:06:48.247+0000][5284][gc,nmethod  ] GC(9) NMethods: 5006 registered, 219 unregistered
[2020-07-12T01:06:48.247+0000][5284][gc,metaspace] GC(9) Metaspace: 77M used, 80M capacity, 80M committed, 82M reserved
[2020-07-12T01:06:48.247+0000][5284][gc,ref      ] GC(9) Soft: 3917 encountered, 0 discovered, 0 enqueued
[2020-07-12T01:06:48.247+0000][5284][gc,ref      ] GC(9) Weak: 6634 encountered, 4315 discovered, 0 enqueued
[2020-07-12T01:06:48.247+0000][5284][gc,ref      ] GC(9) Final: 2 encountered, 0 discovered, 0 enqueued
[2020-07-12T01:06:48.247+0000][5284][gc,ref      ] GC(9) Phantom: 434 encountered, 293 discovered, 0 enqueued
[2020-07-12T01:06:48.247+0000][5284][gc,heap     ] GC(9) Min Capacity: 4096M(100%)
[2020-07-12T01:06:48.247+0000][5284][gc,heap     ] GC(9) Max Capacity: 4096M(100%)
[2020-07-12T01:06:48.247+0000][5284][gc,heap     ] GC(9) Soft Max Capacity: 4096M(100%)
[2020-07-12T01:06:48.247+0000][5284][gc,heap     ] GC(9)                Mark Start          Mark End        Relocate Start      Relocate End           High               Low         
[2020-07-12T01:06:48.247+0000][5284][gc,heap     ] GC(9)  Capacity:     4096M (100%)       4096M (100%)       4096M (100%)       4096M (100%)       4096M (100%)       4096M (100%)   
[2020-07-12T01:06:48.247+0000][5284][gc,heap     ] GC(9)   Reserve:       42M (1%)           42M (1%)           42M (1%)           42M (1%)           42M (1%)           42M (1%)     
[2020-07-12T01:06:48.247+0000][5284][gc,heap     ] GC(9)      Free:     3544M (87%)        3512M (86%)        3926M (96%)        3956M (97%)        3956M (97%)        3510M (86%)    
[2020-07-12T01:06:48.247+0000][5284][gc,heap     ] GC(9)      Used:      510M (12%)         542M (13%)         128M (3%)           98M (2%)          544M (13%)          98M (2%)     
[2020-07-12T01:06:48.247+0000][5284][gc,heap     ] GC(9)      Live:         -                28M (1%)           28M (1%)           28M (1%)             -                  -          
[2020-07-12T01:06:48.247+0000][5284][gc,heap     ] GC(9) Allocated:         -                32M (1%)           34M (1%)           38M (1%)             -                  -          
[2020-07-12T01:06:48.247+0000][5284][gc,heap     ] GC(9)   Garbage:         -               481M (12%)          65M (2%)           35M (1%)             -                  -          
[2020-07-12T01:06:48.247+0000][5284][gc,heap     ] GC(9) Reclaimed:         -                  -               416M (10%)         446M (11%)            -                  -          
[2020-07-12T01:06:48.247+0000][5284][gc          ] GC(9) Garbage Collection (Proactive) 510M(12%)->98M(2%)
[2020-07-12T01:06:48.924+0000][5284][gc,stats    ] === Garbage Collection Statistics =======================================================================================================================
[2020-07-12T01:06:48.924+0000][5284][gc,stats    ]                                                              Last 10s              Last 10m              Last 10h                Total
[2020-07-12T01:06:48.924+0000][5284][gc,stats    ]                                                              Avg / Max             Avg / Max             Avg / Max             Avg / Max
[2020-07-12T01:06:48.924+0000][5284][gc,stats    ]   Collector: Garbage Collection Cycle                     72.231 / 81.463       71.565 / 117.511      71.565 / 117.511      71.565 / 117.511     ms
[2020-07-12T01:06:48.924+0000][5284][gc,stats    ]  Contention: Mark Segment Reset Contention                     0 / 0                 0 / 0                 0 / 0                 0 / 0           ops/s
[2020-07-12T01:06:48.924+0000][5284][gc,stats    ]  Contention: Mark SeqNum Reset Contention                      0 / 0                 0 / 0                 0 / 0                 0 / 0           ops/s
[2020-07-12T01:06:48.924+0000][5284][gc,stats    ]  Contention: Relocation Contention                             0 / 0                 0 / 2                 0 / 2                 0 / 2           ops/s
[2020-07-12T01:06:48.924+0000][5284][gc,stats    ]    Critical: Allocation Stall                              0.000 / 0.000         0.000 / 0.000         0.000 / 0.000         0.000 / 0.000       ms
[2020-07-12T01:06:48.924+0000][5284][gc,stats    ]    Critical: Allocation Stall                                  0 / 0                 0 / 0                 0 / 0                 0 / 0           ops/s
[2020-07-12T01:06:48.924+0000][5284][gc,stats    ]    Critical: GC Locker Stall                               0.000 / 0.000         0.093 / 0.093         0.093 / 0.093         0.093 / 0.093       ms
[2020-07-12T01:06:48.924+0000][5284][gc,stats    ]    Critical: GC Locker Stall                                   0 / 0                 0 / 1                 0 / 1                 0 / 1           ops/s
[2020-07-12T01:06:48.924+0000][5284][gc,stats    ]      Memory: Allocation Rate                                 127 / 220              85 / 220              85 / 220              85 / 220         MB/s
[2020-07-12T01:06:48.924+0000][5284][gc,stats    ]      Memory: Heap Used After Mark                            540 / 548             524 / 1286            524 / 1286            524 / 1286        MB
[2020-07-12T01:06:48.924+0000][5284][gc,stats    ]      Memory: Heap Used After Relocation                       78 / 98               72 / 98               72 / 98               72 / 98          MB
[2020-07-12T01:06:48.924+0000][5284][gc,stats    ]      Memory: Heap Used Before Mark                           528 / 546             511 / 1270            511 / 1270            511 / 1270        MB
[2020-07-12T01:06:48.924+0000][5284][gc,stats    ]      Memory: Heap Used Before Relocation                     113 / 128             182 / 338             182 / 338             182 / 338         MB
[2020-07-12T01:06:48.924+0000][5284][gc,stats    ]      Memory: Out Of Memory                                     0 / 0                 0 / 0                 0 / 0                 0 / 0           ops/s
[2020-07-12T01:06:48.924+0000][5284][gc,stats    ]      Memory: Page Cache Flush                                  0 / 0                 0 / 0                 0 / 0                 0 / 0           MB/s
[2020-07-12T01:06:48.924+0000][5284][gc,stats    ]      Memory: Page Cache Hit L1                                64 / 110              31 / 110              31 / 110              31 / 110         ops/s
[2020-07-12T01:06:48.924+0000][5284][gc,stats    ]      Memory: Page Cache Hit L2                                 0 / 0                 0 / 0                 0 / 0                 0 / 0           ops/s
[2020-07-12T01:06:48.924+0000][5284][gc,stats    ]      Memory: Page Cache Hit L3                                 0 / 0                11 / 96               11 / 96               11 / 96          ops/s
[2020-07-12T01:06:48.924+0000][5284][gc,stats    ]      Memory: Page Cache Miss                                   0 / 0                 0 / 0                 0 / 0                 0 / 0           ops/s
[2020-07-12T01:06:48.924+0000][5284][gc,stats    ]      Memory: Uncommit                                          0 / 0                 0 / 0                 0 / 0                 0 / 0           MB/s
[2020-07-12T01:06:48.924+0000][5284][gc,stats    ]      Memory: Undo Object Allocation Failed                     0 / 0                 0 / 0                 0 / 0                 0 / 0           ops/s
[2020-07-12T01:06:48.924+0000][5284][gc,stats    ]      Memory: Undo Object Allocation Succeeded                  0 / 0                 0 / 2                 0 / 2                 0 / 2           ops/s
[2020-07-12T01:06:48.924+0000][5284][gc,stats    ]      Memory: Undo Page Allocation                              0 / 0                 0 / 0                 0 / 0                 0 / 0           ops/s
[2020-07-12T01:06:48.924+0000][5284][gc,stats    ]       Phase: Concurrent Mark                              47.111 / 52.970       45.862 / 77.269       45.862 / 77.269       45.862 / 77.269      ms
[2020-07-12T01:06:48.924+0000][5284][gc,stats    ]       Phase: Concurrent Mark Continue                      0.000 / 0.000         0.000 / 0.000         0.000 / 0.000         0.000 / 0.000       ms
[2020-07-12T01:06:48.924+0000][5284][gc,stats    ]       Phase: Concurrent Process Non-Strong References     20.232 / 20.724       15.806 / 21.351       15.806 / 21.351       15.806 / 21.351      ms
[2020-07-12T01:06:48.924+0000][5284][gc,stats    ]       Phase: Concurrent Relocate                           0.913 / 0.960         5.757 / 18.136        5.757 / 18.136        5.757 / 18.136      ms
[2020-07-12T01:06:48.924+0000][5284][gc,stats    ]       Phase: Concurrent Reset Relocation Set               0.004 / 0.004         0.007 / 0.015         0.007 / 0.015         0.007 / 0.015       ms
[2020-07-12T01:06:48.924+0000][5284][gc,stats    ]       Phase: Concurrent Select Relocation Set              0.988 / 1.001         1.545 / 5.622         1.545 / 5.622         1.545 / 5.622       ms
[2020-07-12T01:06:48.924+0000][5284][gc,stats    ]       Phase: Pause Mark End                                0.313 / 0.343         0.288 / 0.358         0.288 / 0.358         0.288 / 0.358       ms
[2020-07-12T01:06:48.924+0000][5284][gc,stats    ]       Phase: Pause Mark Start                              0.160 / 0.205         0.259 / 0.490         0.259 / 0.490         0.259 / 0.490       ms
[2020-07-12T01:06:48.924+0000][5284][gc,stats    ]       Phase: Pause Relocate Start                          0.123 / 0.140         0.251 / 1.014         0.251 / 1.014         0.251 / 1.014       ms
[2020-07-12T01:06:48.924+0000][5284][gc,stats    ]    Subphase: Concurrent Classes Purge                      0.495 / 0.525         0.411 / 0.609         0.411 / 0.609         0.411 / 0.609       ms
[2020-07-12T01:06:48.924+0000][5284][gc,stats    ]    Subphase: Concurrent Classes Unlink                    18.377 / 18.927       13.566 / 19.279       13.566 / 19.279       13.566 / 19.279      ms
[2020-07-12T01:06:48.924+0000][5284][gc,stats    ]    Subphase: Concurrent Mark                              46.515 / 52.217       45.287 / 76.517       45.287 / 76.517       45.287 / 76.517      ms
[2020-07-12T01:06:48.924+0000][5284][gc,stats    ]    Subphase: Concurrent Mark Idle                          0.000 / 0.000         0.000 / 0.000         0.000 / 0.000         0.000 / 0.000       ms
[2020-07-12T01:06:48.924+0000][5284][gc,stats    ]    Subphase: Concurrent Mark Try Flush                     0.056 / 0.133         0.189 / 1.569         0.189 / 1.569         0.189 / 1.569       ms
[2020-07-12T01:06:48.924+0000][5284][gc,stats    ]    Subphase: Concurrent Mark Try Terminate                 0.023 / 0.117         0.087 / 0.756         0.087 / 0.756         0.087 / 0.756       ms
[2020-07-12T01:06:48.924+0000][5284][gc,stats    ]    Subphase: Concurrent References Enqueue                 0.000 / 0.000         0.002 / 0.004         0.002 / 0.004         0.002 / 0.004       ms
[2020-07-12T01:06:48.924+0000][5284][gc,stats    ]    Subphase: Concurrent References Process                 0.420 / 0.449         0.501 / 1.144         0.501 / 1.144         0.501 / 1.144       ms
[2020-07-12T01:06:48.924+0000][5284][gc,stats    ]    Subphase: Concurrent Roots                              0.244 / 0.260         0.231 / 0.362         0.231 / 0.362         0.231 / 0.362       ms
[2020-07-12T01:06:48.924+0000][5284][gc,stats    ]    Subphase: Concurrent Roots ClassLoaderDataGraph         0.239 / 0.255         0.225 / 0.356         0.225 / 0.356         0.225 / 0.356       ms
[2020-07-12T01:06:48.924+0000][5284][gc,stats    ]    Subphase: Concurrent Roots JNIHandles                   0.003 / 0.003         0.003 / 0.005         0.003 / 0.005         0.003 / 0.005       ms
[2020-07-12T01:06:48.924+0000][5284][gc,stats    ]    Subphase: Concurrent Roots Setup                        0.160 / 0.166         0.140 / 0.340         0.140 / 0.340         0.140 / 0.340       ms
[2020-07-12T01:06:48.924+0000][5284][gc,stats    ]    Subphase: Concurrent Roots Teardown                     0.000 / 0.000         0.000 / 0.000         0.000 / 0.000         0.000 / 0.000       ms
[2020-07-12T01:06:48.924+0000][5284][gc,stats    ]    Subphase: Concurrent Roots VMHandles                    0.000 / 0.000         0.000 / 0.000         0.000 / 0.000         0.000 / 0.000       ms
[2020-07-12T01:06:48.924+0000][5284][gc,stats    ]    Subphase: Concurrent Weak Roots                         0.852 / 0.902         0.829 / 1.445         0.829 / 1.445         0.829 / 1.445       ms
[2020-07-12T01:06:48.924+0000][5284][gc,stats    ]    Subphase: Concurrent Weak Roots JNIWeakHandles          0.000 / 0.001         0.001 / 0.004         0.001 / 0.004         0.001 / 0.004       ms
[2020-07-12T01:06:48.924+0000][5284][gc,stats    ]    Subphase: Concurrent Weak Roots ResolvedMethodTable     0.087 / 0.089         0.092 / 0.181         0.092 / 0.181         0.092 / 0.181       ms
[2020-07-12T01:06:48.924+0000][5284][gc,stats    ]    Subphase: Concurrent Weak Roots StringTable             0.708 / 0.760         0.685 / 1.194         0.685 / 1.194         0.685 / 1.194       ms
[2020-07-12T01:06:48.924+0000][5284][gc,stats    ]    Subphase: Concurrent Weak Roots VMWeakHandles           0.055 / 0.061         0.046 / 0.067         0.046 / 0.067         0.046 / 0.067       ms
[2020-07-12T01:06:48.924+0000][5284][gc,stats    ]    Subphase: Pause Mark Try Complete                       0.144 / 0.148         0.122 / 0.181         0.122 / 0.181         0.122 / 0.181       ms
[2020-07-12T01:06:48.924+0000][5284][gc,stats    ]    Subphase: Pause Roots                                   0.031 / 0.104         0.067 / 0.936         0.067 / 0.936         0.067 / 0.936       ms
[2020-07-12T01:06:48.924+0000][5284][gc,stats    ]    Subphase: Pause Roots CodeCache                         0.000 / 0.000         0.000 / 0.000         0.000 / 0.000         0.000 / 0.000       ms
[2020-07-12T01:06:48.924+0000][5284][gc,stats    ]    Subphase: Pause Roots JVMTIExport                       0.002 / 0.002         0.001 / 0.003         0.001 / 0.003         0.001 / 0.003       ms
[2020-07-12T01:06:48.924+0000][5284][gc,stats    ]    Subphase: Pause Roots JVMTIWeakExport                   0.001 / 0.001         0.000 / 0.001         0.000 / 0.001         0.000 / 0.001       ms
[2020-07-12T01:06:48.924+0000][5284][gc,stats    ]    Subphase: Pause Roots Management                        0.001 / 0.001         0.001 / 0.001         0.001 / 0.001         0.001 / 0.001       ms
[2020-07-12T01:06:48.924+0000][5284][gc,stats    ]    Subphase: Pause Roots ObjectSynchronizer                0.000 / 0.000         0.000 / 0.000         0.000 / 0.000         0.000 / 0.000       ms
[2020-07-12T01:06:48.924+0000][5284][gc,stats    ]    Subphase: Pause Roots Setup                             0.000 / 0.001         0.000 / 0.001         0.000 / 0.001         0.000 / 0.001       ms
[2020-07-12T01:06:48.924+0000][5284][gc,stats    ]    Subphase: Pause Roots SystemDictionary                  0.009 / 0.011         0.010 / 0.022         0.010 / 0.022         0.010 / 0.022       ms
[2020-07-12T01:06:48.924+0000][5284][gc,stats    ]    Subphase: Pause Roots Teardown                          0.001 / 0.002         0.001 / 0.002         0.001 / 0.002         0.001 / 0.002       ms
[2020-07-12T01:06:48.924+0000][5284][gc,stats    ]    Subphase: Pause Roots Threads                           0.036 / 0.102         0.077 / 0.913         0.077 / 0.913         0.077 / 0.913       ms
[2020-07-12T01:06:48.924+0000][5284][gc,stats    ]    Subphase: Pause Roots Universe                          0.002 / 0.003         0.002 / 0.008         0.002 / 0.008         0.002 / 0.008       ms
[2020-07-12T01:06:48.924+0000][5284][gc,stats    ]    Subphase: Pause Weak Roots                              0.009 / 0.051         0.009 / 0.063         0.009 / 0.063         0.009 / 0.063       ms
[2020-07-12T01:06:48.924+0000][5284][gc,stats    ]    Subphase: Pause Weak Roots JFRWeak                      0.042 / 0.049         0.043 / 0.060         0.043 / 0.060         0.043 / 0.060       ms
[2020-07-12T01:06:48.924+0000][5284][gc,stats    ]    Subphase: Pause Weak Roots JVMTIWeakExport              0.001 / 0.001         0.001 / 0.001         0.001 / 0.001         0.001 / 0.001       ms
[2020-07-12T01:06:48.925+0000][5284][gc,stats    ]    Subphase: Pause Weak Roots Setup                        0.000 / 0.000         0.000 / 0.000         0.000 / 0.000         0.000 / 0.000       ms
[2020-07-12T01:06:48.925+0000][5284][gc,stats    ]    Subphase: Pause Weak Roots Teardown                     0.000 / 0.000         0.000 / 0.000         0.000 / 0.000         0.000 / 0.000       ms
[2020-07-12T01:06:48.925+0000][5284][gc,stats    ]      System: Java Threads                                     36 / 36               30 / 38               30 / 38               30 / 38          threads
[2020-07-12T01:06:48.925+0000][5284][gc,stats    ] =========================================================================================================================================================
[2020-07-12T01:06:50.252+0000][5284][safepoint   ] Safepoint "Cleanup", Time since last: 2005486951 ns, Reaching safepoint: 101794 ns, At safepoint: 6641 ns, Total: 108435 ns
[2020-07-12T01:06:51.253+0000][5284][safepoint   ] Safepoint "Cleanup", Time since last: 1001128841 ns, Reaching safepoint: 194853 ns, At safepoint: 9028 ns, Total: 203881 ns
[2020-07-12T01:06:52.624+0000][5284][gc,heap     ] GC(10) Heap before GC invocations=10 (full 10): ZHeap           used 608M, capacity 4096M, max capacity 4096M
[2020-07-12T01:06:52.624+0000][5284][gc,heap     ] GC(10)  Metaspace       used 79772K, capacity 82508K, committed 82756K, reserved 83968K
[2020-07-12T01:06:52.624+0000][5284][gc,start    ] GC(10) Garbage Collection (Proactive)
[2020-07-12T01:06:52.625+0000][5284][gc,phases   ] GC(10) Pause Mark Start 0.131ms
[2020-07-12T01:06:52.625+0000][5284][safepoint   ] Safepoint "ZMarkStart", Time since last: 1371345898 ns, Reaching safepoint: 161255 ns, At safepoint: 156419 ns, Total: 317674 ns
[2020-07-12T01:06:52.675+0000][5284][gc,phases   ] GC(10) Concurrent Mark 50.472ms
[2020-07-12T01:06:52.677+0000][5284][gc,phases   ] GC(10) Pause Mark End 0.323ms
[2020-07-12T01:06:52.677+0000][5284][safepoint   ] Safepoint "ZMarkEnd", Time since last: 50608889 ns, Reaching safepoint: 1011613 ns, At safepoint: 344853 ns, Total: 1356466 ns
[2020-07-12T01:06:52.697+0000][5284][gc,phases   ] GC(10) Concurrent Process Non-Strong References 20.559ms
[2020-07-12T01:06:52.697+0000][5284][gc,phases   ] GC(10) Concurrent Reset Relocation Set 0.003ms
[2020-07-12T01:06:52.698+0000][5284][gc,phases   ] GC(10) Concurrent Select Relocation Set 0.983ms
[2020-07-12T01:06:52.700+0000][5284][gc,phases   ] GC(10) Pause Relocate Start 0.111ms
[2020-07-12T01:06:52.700+0000][5284][safepoint   ] Safepoint "ZRelocateStart", Time since last: 21637694 ns, Reaching safepoint: 1528518 ns, At safepoint: 132595 ns, Total: 1661113 ns
[2020-07-12T01:06:52.701+0000][5284][gc,phases   ] GC(10) Concurrent Relocate 0.903ms
[2020-07-12T01:06:52.701+0000][5284][gc,heap     ] GC(10) Heap after GC invocations=11 (full 11): ZHeap           used 98M, capacity 4096M, max capacity 4096M
[2020-07-12T01:06:52.701+0000][5284][gc,heap     ] GC(10)  Metaspace       used 79772K, capacity 82508K, committed 82756K, reserved 83968K
[2020-07-12T01:06:52.701+0000][5284][gc,load     ] GC(10) Load: 1.37/1.07/0.55
[2020-07-12T01:06:52.701+0000][5284][gc,mmu      ] GC(10) MMU: 2ms/49.3%, 5ms/79.7%, 10ms/89.9%, 20ms/94.9%, 50ms/97.3%, 100ms/98.3%
[2020-07-12T01:06:52.701+0000][5284][gc,marking  ] GC(10) Mark: 1 stripe(s), 2 proactive flush(es), 1 terminate flush(es), 1 completion(s), 0 continuation(s) 
[2020-07-12T01:06:52.701+0000][5284][gc,reloc    ] GC(10) Relocation: Successful, 1M relocated
[2020-07-12T01:06:52.701+0000][5284][gc,nmethod  ] GC(10) NMethods: 5029 registered, 219 unregistered
[2020-07-12T01:06:52.701+0000][5284][gc,metaspace] GC(10) Metaspace: 77M used, 80M capacity, 80M committed, 82M reserved
[2020-07-12T01:06:52.701+0000][5284][gc,ref      ] GC(10) Soft: 3917 encountered, 0 discovered, 0 enqueued
[2020-07-12T01:06:52.701+0000][5284][gc,ref      ] GC(10) Weak: 6635 encountered, 4297 discovered, 0 enqueued
[2020-07-12T01:06:52.701+0000][5284][gc,ref      ] GC(10) Final: 2 encountered, 0 discovered, 0 enqueued
[2020-07-12T01:06:52.701+0000][5284][gc,ref      ] GC(10) Phantom: 434 encountered, 293 discovered, 0 enqueued
[2020-07-12T01:06:52.701+0000][5284][gc,heap     ] GC(10) Min Capacity: 4096M(100%)
[2020-07-12T01:06:52.701+0000][5284][gc,heap     ] GC(10) Max Capacity: 4096M(100%)
[2020-07-12T01:06:52.701+0000][5284][gc,heap     ] GC(10) Soft Max Capacity: 4096M(100%)
[2020-07-12T01:06:52.701+0000][5284][gc,heap     ] GC(10)                Mark Start          Mark End        Relocate Start      Relocate End           High               Low         
[2020-07-12T01:06:52.701+0000][5284][gc,heap     ] GC(10)  Capacity:     4096M (100%)       4096M (100%)       4096M (100%)       4096M (100%)       4096M (100%)       4096M (100%)   
[2020-07-12T01:06:52.701+0000][5284][gc,heap     ] GC(10)   Reserve:       42M (1%)           42M (1%)           42M (1%)           42M (1%)           42M (1%)           42M (1%)     
[2020-07-12T01:06:52.701+0000][5284][gc,heap     ] GC(10)      Free:     3446M (84%)        3420M (83%)        3908M (95%)        3956M (97%)        3956M (97%)        3412M (83%)    
[2020-07-12T01:06:52.701+0000][5284][gc,heap     ] GC(10)      Used:      608M (15%)         634M (15%)         146M (4%)           98M (2%)          642M (16%)          98M (2%)     
[2020-07-12T01:06:52.701+0000][5284][gc,heap     ] GC(10)      Live:         -                28M (1%)           28M (1%)           28M (1%)             -                  -          
[2020-07-12T01:06:52.701+0000][5284][gc,heap     ] GC(10) Allocated:         -                26M (1%)           34M (1%)           38M (1%)             -                  -          
[2020-07-12T01:06:52.701+0000][5284][gc,heap     ] GC(10)   Garbage:         -               579M (14%)          83M (2%)           35M (1%)             -                  -          
[2020-07-12T01:06:52.701+0000][5284][gc,heap     ] GC(10) Reclaimed:         -                  -               496M (12%)         544M (13%)            -                  -          
[2020-07-12T01:06:52.701+0000][5284][gc          ] GC(10) Garbage Collection (Proactive) 608M(15%)->98M(2%)
[2020-07-12T01:06:53.814+0000][5284][safepoint   ] Safepoint "PrintThreads", Time since last: 1113958402 ns, Reaching safepoint: 63313 ns, At safepoint: 562722 ns, Total: 626035 ns
[2020-07-12T01:06:53.815+0000][5284][safepoint   ] Safepoint "PrintJNI", Time since last: 109336 ns, Reaching safepoint: 39456 ns, At safepoint: 3255 ns, Total: 42711 ns
[2020-07-12T01:06:53.815+0000][5284][safepoint   ] Safepoint "FindDeadlocks", Time since last: 116960 ns, Reaching safepoint: 39177 ns, At safepoint: 4190 ns, Total: 43367 ns
[2020-07-12T01:06:55.815+0000][5284][safepoint   ] Safepoint "Cleanup", Time since last: 2000279665 ns, Reaching safepoint: 107501 ns, At safepoint: 2385 ns, Total: 109886 ns
[2020-07-12T01:06:56.816+0000][5284][safepoint   ] Safepoint "Cleanup", Time since last: 1000515529 ns, Reaching safepoint: 87426 ns, At safepoint: 1696 ns, Total: 89122 ns
[2020-07-12T01:06:56.826+0000][5284][gc,heap     ] GC(11) Heap before GC invocations=11 (full 11): ZHeap           used 590M, capacity 4096M, max capacity 4096M
[2020-07-12T01:06:56.826+0000][5284][gc,heap     ] GC(11)  Metaspace       used 79776K, capacity 82508K, committed 82756K, reserved 83968K
[2020-07-12T01:06:56.826+0000][5284][gc,start    ] GC(11) Garbage Collection (Proactive)
[2020-07-12T01:06:56.826+0000][5284][gc,phases   ] GC(11) Pause Mark Start 0.159ms
[2020-07-12T01:06:56.826+0000][5284][safepoint   ] Safepoint "ZMarkStart", Time since last: 10025832 ns, Reaching safepoint: 61652 ns, At safepoint: 175329 ns, Total: 236981 ns
[2020-07-12T01:06:56.870+0000][5284][gc,phases   ] GC(11) Concurrent Mark 44.285ms
[2020-07-12T01:06:56.871+0000][5284][gc,phases   ] GC(11) Pause Mark End 0.402ms
[2020-07-12T01:06:56.871+0000][5284][safepoint   ] Safepoint "ZMarkEnd", Time since last: 44545559 ns, Reaching safepoint: 68299 ns, At safepoint: 428039 ns, Total: 496338 ns
[2020-07-12T01:06:56.892+0000][5284][gc,phases   ] GC(11) Concurrent Process Non-Strong References 20.776ms
[2020-07-12T01:06:56.892+0000][5284][gc,phases   ] GC(11) Concurrent Reset Relocation Set 0.005ms
[2020-07-12T01:06:56.893+0000][5284][gc,phases   ] GC(11) Concurrent Select Relocation Set 0.982ms
[2020-07-12T01:06:56.893+0000][5284][gc,phases   ] GC(11) Pause Relocate Start 0.097ms
[2020-07-12T01:06:56.893+0000][5284][safepoint   ] Safepoint "ZRelocateStart", Time since last: 21899979 ns, Reaching safepoint: 62652 ns, At safepoint: 111546 ns, Total: 174198 ns
[2020-07-12T01:06:56.894+0000][5284][gc,phases   ] GC(11) Concurrent Relocate 0.977ms
[2020-07-12T01:06:56.894+0000][5284][gc,heap     ] GC(11) Heap after GC invocations=12 (full 12): ZHeap           used 70M, capacity 4096M, max capacity 4096M
[2020-07-12T01:06:56.894+0000][5284][gc,heap     ] GC(11)  Metaspace       used 79776K, capacity 82508K, committed 82756K, reserved 83968K
[2020-07-12T01:06:56.894+0000][5284][gc,load     ] GC(11) Load: 1.26/1.05/0.55
[2020-07-12T01:06:56.894+0000][5284][gc,mmu      ] GC(11) MMU: 2ms/49.3%, 5ms/79.7%, 10ms/89.9%, 20ms/94.9%, 50ms/97.3%, 100ms/98.3%
[2020-07-12T01:06:56.894+0000][5284][gc,marking  ] GC(11) Mark: 1 stripe(s), 2 proactive flush(es), 1 terminate flush(es), 1 completion(s), 0 continuation(s) 
[2020-07-12T01:06:56.894+0000][5284][gc,reloc    ] GC(11) Relocation: Successful, 1M relocated
[2020-07-12T01:06:56.894+0000][5284][gc,nmethod  ] GC(11) NMethods: 5052 registered, 219 unregistered
[2020-07-12T01:06:56.894+0000][5284][gc,metaspace] GC(11) Metaspace: 77M used, 80M capacity, 80M committed, 82M reserved
[2020-07-12T01:06:56.894+0000][5284][gc,ref      ] GC(11) Soft: 3917 encountered, 0 discovered, 0 enqueued
[2020-07-12T01:06:56.894+0000][5284][gc,ref      ] GC(11) Weak: 6636 encountered, 4311 discovered, 0 enqueued
[2020-07-12T01:06:56.894+0000][5284][gc,ref      ] GC(11) Final: 2 encountered, 0 discovered, 0 enqueued
[2020-07-12T01:06:56.894+0000][5284][gc,ref      ] GC(11) Phantom: 434 encountered, 293 discovered, 0 enqueued
[2020-07-12T01:06:56.894+0000][5284][gc,heap     ] GC(11) Min Capacity: 4096M(100%)
[2020-07-12T01:06:56.894+0000][5284][gc,heap     ] GC(11) Max Capacity: 4096M(100%)
[2020-07-12T01:06:56.894+0000][5284][gc,heap     ] GC(11) Soft Max Capacity: 4096M(100%)
[2020-07-12T01:06:56.894+0000][5284][gc,heap     ] GC(11)                Mark Start          Mark End        Relocate Start      Relocate End           High               Low         
[2020-07-12T01:06:56.894+0000][5284][gc,heap     ] GC(11)  Capacity:     4096M (100%)       4096M (100%)       4096M (100%)       4096M (100%)       4096M (100%)       4096M (100%)   
[2020-07-12T01:06:56.894+0000][5284][gc,heap     ] GC(11)   Reserve:       42M (1%)           42M (1%)           42M (1%)           42M (1%)           42M (1%)           42M (1%)     
[2020-07-12T01:06:56.894+0000][5284][gc,heap     ] GC(11)      Free:     3464M (85%)        3462M (85%)        3944M (96%)        3984M (97%)        3984M (97%)        3462M (85%)    
[2020-07-12T01:06:56.894+0000][5284][gc,heap     ] GC(11)      Used:      590M (14%)         592M (14%)         110M (3%)           70M (2%)          592M (14%)          70M (2%)     
[2020-07-12T01:06:56.894+0000][5284][gc,heap     ] GC(11)      Live:         -                28M (1%)           28M (1%)           28M (1%)             -                  -          
[2020-07-12T01:06:56.894+0000][5284][gc,heap     ] GC(11) Allocated:         -                 2M (0%)            2M (0%)           10M (0%)             -                  -          
[2020-07-12T01:06:56.894+0000][5284][gc,heap     ] GC(11)   Garbage:         -               561M (14%)          79M (2%)           39M (1%)             -                  -          
[2020-07-12T01:06:56.894+0000][5284][gc,heap     ] GC(11) Reclaimed:         -                  -               482M (12%)         522M (13%)            -                  -          
[2020-07-12T01:06:56.894+0000][5284][gc          ] GC(11) Garbage Collection (Proactive) 590M(14%)->70M(2%)
[2020-07-12T01:06:58.924+0000][5284][gc,stats    ] === Garbage Collection Statistics =======================================================================================================================
[2020-07-12T01:06:58.924+0000][5284][gc,stats    ]                                                              Last 10s              Last 10m              Last 10h                Total
[2020-07-12T01:06:58.924+0000][5284][gc,stats    ]                                                              Avg / Max             Avg / Max             Avg / Max             Avg / Max
[2020-07-12T01:06:58.924+0000][5284][gc,stats    ]   Collector: Garbage Collection Cycle                     72.545 / 76.602       71.729 / 117.511      71.729 / 117.511      71.729 / 117.511     ms
[2020-07-12T01:06:58.924+0000][5284][gc,stats    ]  Contention: Mark Segment Reset Contention                     0 / 0                 0 / 0                 0 / 0                 0 / 0           ops/s
[2020-07-12T01:06:58.924+0000][5284][gc,stats    ]  Contention: Mark SeqNum Reset Contention                      0 / 0                 0 / 0                 0 / 0                 0 / 0           ops/s
[2020-07-12T01:06:58.924+0000][5284][gc,stats    ]  Contention: Relocation Contention                             0 / 0                 0 / 2                 0 / 2                 0 / 2           ops/s
[2020-07-12T01:06:58.924+0000][5284][gc,stats    ]    Critical: Allocation Stall                              0.000 / 0.000         0.000 / 0.000         0.000 / 0.000         0.000 / 0.000       ms
[2020-07-12T01:06:58.924+0000][5284][gc,stats    ]    Critical: Allocation Stall                                  0 / 0                 0 / 0                 0 / 0                 0 / 0           ops/s
[2020-07-12T01:06:58.925+0000][5284][gc,stats    ]    Critical: GC Locker Stall                               0.000 / 0.000         0.093 / 0.093         0.093 / 0.093         0.093 / 0.093       ms
[2020-07-12T01:06:58.925+0000][5284][gc,stats    ]    Critical: GC Locker Stall                                   0 / 0                 0 / 1                 0 / 1                 0 / 1           ops/s
[2020-07-12T01:06:58.925+0000][5284][gc,stats    ]      Memory: Allocation Rate                                 116 / 204              89 / 220              89 / 220              89 / 220         MB/s
[2020-07-12T01:06:58.925+0000][5284][gc,stats    ]      Memory: Heap Used After Mark                            613 / 634             539 / 1286            539 / 1286            539 / 1286        MB
[2020-07-12T01:06:58.925+0000][5284][gc,stats    ]      Memory: Heap Used After Relocation                       84 / 98               74 / 98               74 / 98               74 / 98          MB
[2020-07-12T01:06:58.925+0000][5284][gc,stats    ]      Memory: Heap Used Before Mark                           599 / 608             525 / 1270            525 / 1270            525 / 1270        MB
[2020-07-12T01:06:58.925+0000][5284][gc,stats    ]      Memory: Heap Used Before Relocation                     128 / 146             173 / 338             173 / 338             173 / 338         MB
[2020-07-12T01:06:58.925+0000][5284][gc,stats    ]      Memory: Out Of Memory                                     0 / 0                 0 / 0                 0 / 0                 0 / 0           ops/s
[2020-07-12T01:06:58.925+0000][5284][gc,stats    ]      Memory: Page Cache Flush                                  0 / 0                 0 / 0                 0 / 0                 0 / 0           MB/s
[2020-07-12T01:06:58.925+0000][5284][gc,stats    ]      Memory: Page Cache Hit L1                                58 / 102              35 / 110              35 / 110              35 / 110         ops/s
[2020-07-12T01:06:58.925+0000][5284][gc,stats    ]      Memory: Page Cache Hit L2                                 0 / 0                 0 / 0                 0 / 0                 0 / 0           ops/s
[2020-07-12T01:06:58.925+0000][5284][gc,stats    ]      Memory: Page Cache Hit L3                                 0 / 0                 9 / 96                9 / 96                9 / 96          ops/s
[2020-07-12T01:06:58.925+0000][5284][gc,stats    ]      Memory: Page Cache Miss                                   0 / 0                 0 / 0                 0 / 0                 0 / 0           ops/s
[2020-07-12T01:06:58.925+0000][5284][gc,stats    ]      Memory: Uncommit                                          0 / 0                 0 / 0                 0 / 0                 0 / 0           MB/s
[2020-07-12T01:06:58.925+0000][5284][gc,stats    ]      Memory: Undo Object Allocation Failed                     0 / 0                 0 / 0                 0 / 0                 0 / 0           ops/s
[2020-07-12T01:06:58.925+0000][5284][gc,stats    ]      Memory: Undo Object Allocation Succeeded                  0 / 0                 0 / 2                 0 / 2                 0 / 2           ops/s
[2020-07-12T01:06:58.925+0000][5284][gc,stats    ]      Memory: Undo Page Allocation                              0 / 0                 0 / 0                 0 / 0                 0 / 0           ops/s
[2020-07-12T01:06:58.925+0000][5284][gc,stats    ]       Phase: Concurrent Mark                              47.379 / 50.472       46.115 / 77.269       46.115 / 77.269       46.115 / 77.269      ms
[2020-07-12T01:06:58.925+0000][5284][gc,stats    ]       Phase: Concurrent Mark Continue                      0.000 / 0.000         0.000 / 0.000         0.000 / 0.000         0.000 / 0.000       ms
[2020-07-12T01:06:58.925+0000][5284][gc,stats    ]       Phase: Concurrent Process Non-Strong References     20.668 / 20.776       16.616 / 21.351       16.616 / 21.351       16.616 / 21.351      ms
[2020-07-12T01:06:58.925+0000][5284][gc,stats    ]       Phase: Concurrent Relocate                           0.940 / 0.977         4.954 / 18.136        4.954 / 18.136        4.954 / 18.136      ms
[2020-07-12T01:06:58.925+0000][5284][gc,stats    ]       Phase: Concurrent Reset Relocation Set               0.004 / 0.005         0.006 / 0.015         0.006 / 0.015         0.006 / 0.015       ms
[2020-07-12T01:06:58.925+0000][5284][gc,stats    ]       Phase: Concurrent Select Relocation Set              0.982 / 0.983         1.451 / 5.622         1.451 / 5.622         1.451 / 5.622       ms
[2020-07-12T01:06:58.926+0000][5284][gc,stats    ]       Phase: Pause Mark End                                0.363 / 0.402         0.301 / 0.402         0.301 / 0.402         0.301 / 0.402       ms
[2020-07-12T01:06:58.926+0000][5284][gc,stats    ]       Phase: Pause Mark Start                              0.145 / 0.159         0.240 / 0.490         0.240 / 0.490         0.240 / 0.490       ms
[2020-07-12T01:06:58.926+0000][5284][gc,stats    ]       Phase: Pause Relocate Start                          0.104 / 0.111         0.226 / 1.014         0.226 / 1.014         0.226 / 1.014       ms
[2020-07-12T01:06:58.926+0000][5284][gc,stats    ]    Subphase: Concurrent Classes Purge                      0.607 / 0.620         0.444 / 0.620         0.444 / 0.620         0.444 / 0.620       ms
[2020-07-12T01:06:58.926+0000][5284][gc,stats    ]    Subphase: Concurrent Classes Unlink                    18.546 / 18.635       14.396 / 19.279       14.396 / 19.279       14.396 / 19.279      ms
[2020-07-12T01:06:58.926+0000][5284][gc,stats    ]    Subphase: Concurrent Mark                              46.817 / 49.942       45.542 / 76.517       45.542 / 76.517       45.542 / 76.517      ms
[2020-07-12T01:06:58.926+0000][5284][gc,stats    ]    Subphase: Concurrent Mark Idle                          0.000 / 0.000         0.000 / 0.000         0.000 / 0.000         0.000 / 0.000       ms
[2020-07-12T01:06:58.926+0000][5284][gc,stats    ]    Subphase: Concurrent Mark Try Flush                     0.073 / 0.130         0.170 / 1.569         0.170 / 1.569         0.170 / 1.569       ms
[2020-07-12T01:06:58.926+0000][5284][gc,stats    ]    Subphase: Concurrent Mark Try Terminate                 0.023 / 0.057         0.076 / 0.756         0.076 / 0.756         0.076 / 0.756       ms
[2020-07-12T01:06:58.926+0000][5284][gc,stats    ]    Subphase: Concurrent References Enqueue                 0.000 / 0.000         0.002 / 0.004         0.002 / 0.004         0.002 / 0.004       ms
[2020-07-12T01:06:58.926+0000][5284][gc,stats    ]    Subphase: Concurrent References Process                 0.530 / 0.552         0.506 / 1.144         0.506 / 1.144         0.506 / 1.144       ms
[2020-07-12T01:06:58.926+0000][5284][gc,stats    ]    Subphase: Concurrent Roots                              0.231 / 0.234         0.231 / 0.362         0.231 / 0.362         0.231 / 0.362       ms
[2020-07-12T01:06:58.926+0000][5284][gc,stats    ]    Subphase: Concurrent Roots ClassLoaderDataGraph         0.226 / 0.229         0.226 / 0.356         0.226 / 0.356         0.226 / 0.356       ms
[2020-07-12T01:06:58.926+0000][5284][gc,stats    ]    Subphase: Concurrent Roots JNIHandles                   0.003 / 0.003         0.003 / 0.005         0.003 / 0.005         0.003 / 0.005       ms
[2020-07-12T01:06:58.926+0000][5284][gc,stats    ]    Subphase: Concurrent Roots Setup                        0.157 / 0.161         0.143 / 0.340         0.143 / 0.340         0.143 / 0.340       ms
[2020-07-12T01:06:58.926+0000][5284][gc,stats    ]    Subphase: Concurrent Roots Teardown                     0.000 / 0.000         0.000 / 0.000         0.000 / 0.000         0.000 / 0.000       ms
[2020-07-12T01:06:58.926+0000][5284][gc,stats    ]    Subphase: Concurrent Roots VMHandles                    0.000 / 0.000         0.000 / 0.000         0.000 / 0.000         0.000 / 0.000       ms
[2020-07-12T01:06:58.926+0000][5284][gc,stats    ]    Subphase: Concurrent Weak Roots                         0.848 / 0.898         0.832 / 1.445         0.832 / 1.445         0.832 / 1.445       ms
[2020-07-12T01:06:58.926+0000][5284][gc,stats    ]    Subphase: Concurrent Weak Roots JNIWeakHandles          0.000 / 0.001         0.001 / 0.004         0.001 / 0.004         0.001 / 0.004       ms
[2020-07-12T01:06:58.926+0000][5284][gc,stats    ]    Subphase: Concurrent Weak Roots ResolvedMethodTable     0.088 / 0.089         0.092 / 0.181         0.092 / 0.181         0.092 / 0.181       ms
[2020-07-12T01:06:58.926+0000][5284][gc,stats    ]    Subphase: Concurrent Weak Roots StringTable             0.705 / 0.753         0.689 / 1.194         0.689 / 1.194         0.689 / 1.194       ms
[2020-07-12T01:06:58.926+0000][5284][gc,stats    ]    Subphase: Concurrent Weak Roots VMWeakHandles           0.052 / 0.052         0.047 / 0.067         0.047 / 0.067         0.047 / 0.067       ms
[2020-07-12T01:06:58.926+0000][5284][gc,stats    ]    Subphase: Pause Mark Try Complete                       0.142 / 0.143         0.125 / 0.181         0.125 / 0.181         0.125 / 0.181       ms
[2020-07-12T01:06:58.926+0000][5284][gc,stats    ]    Subphase: Pause Roots                                   0.030 / 0.066         0.060 / 0.936         0.060 / 0.936         0.060 / 0.936       ms
[2020-07-12T01:06:58.927+0000][5284][gc,stats    ]    Subphase: Pause Roots CodeCache                         0.000 / 0.000         0.000 / 0.000         0.000 / 0.000         0.000 / 0.000       ms
[2020-07-12T01:06:58.927+0000][5284][gc,stats    ]    Subphase: Pause Roots JVMTIExport                       0.002 / 0.002         0.002 / 0.003         0.002 / 0.003         0.002 / 0.003       ms
[2020-07-12T01:06:58.927+0000][5284][gc,stats    ]    Subphase: Pause Roots JVMTIWeakExport                   0.001 / 0.001         0.001 / 0.001         0.001 / 0.001         0.001 / 0.001       ms
[2020-07-12T01:06:58.927+0000][5284][gc,stats    ]    Subphase: Pause Roots Management                        0.001 / 0.001         0.001 / 0.001         0.001 / 0.001         0.001 / 0.001       ms
[2020-07-12T01:06:58.927+0000][5284][gc,stats    ]    Subphase: Pause Roots ObjectSynchronizer                0.000 / 0.000         0.000 / 0.000         0.000 / 0.000         0.000 / 0.000       ms
[2020-07-12T01:06:58.927+0000][5284][gc,stats    ]    Subphase: Pause Roots Setup                             0.000 / 0.000         0.000 / 0.001         0.000 / 0.001         0.000 / 0.001       ms
[2020-07-12T01:06:58.927+0000][5284][gc,stats    ]    Subphase: Pause Roots SystemDictionary                  0.009 / 0.010         0.010 / 0.022         0.010 / 0.022         0.010 / 0.022       ms
[2020-07-12T01:06:58.927+0000][5284][gc,stats    ]    Subphase: Pause Roots Teardown                          0.004 / 0.012         0.001 / 0.012         0.001 / 0.012         0.001 / 0.012       ms
[2020-07-12T01:06:58.927+0000][5284][gc,stats    ]    Subphase: Pause Roots Threads                           0.030 / 0.051         0.069 / 0.913         0.069 / 0.913         0.069 / 0.913       ms
[2020-07-12T01:06:58.927+0000][5284][gc,stats    ]    Subphase: Pause Roots Universe                          0.002 / 0.003         0.002 / 0.008         0.002 / 0.008         0.002 / 0.008       ms
[2020-07-12T01:06:58.927+0000][5284][gc,stats    ]    Subphase: Pause Weak Roots                              0.009 / 0.045         0.009 / 0.063         0.009 / 0.063         0.009 / 0.063       ms
[2020-07-12T01:06:58.927+0000][5284][gc,stats    ]    Subphase: Pause Weak Roots JFRWeak                      0.042 / 0.042         0.043 / 0.060         0.043 / 0.060         0.043 / 0.060       ms
[2020-07-12T01:06:58.927+0000][5284][gc,stats    ]    Subphase: Pause Weak Roots JVMTIWeakExport              0.001 / 0.001         0.001 / 0.001         0.001 / 0.001         0.001 / 0.001       ms
[2020-07-12T01:06:58.927+0000][5284][gc,stats    ]    Subphase: Pause Weak Roots Setup                        0.000 / 0.000         0.000 / 0.000         0.000 / 0.000         0.000 / 0.000       ms
[2020-07-12T01:06:58.927+0000][5284][gc,stats    ]    Subphase: Pause Weak Roots Teardown                     0.000 / 0.000         0.000 / 0.000         0.000 / 0.000         0.000 / 0.000       ms
[2020-07-12T01:06:58.927+0000][5284][gc,stats    ]      System: Java Threads                                     36 / 36               31 / 38               31 / 38               31 / 38          threads
[2020-07-12T01:06:58.927+0000][5284][gc,stats    ] =========================================================================================================================================================
[2020-07-12T01:06:59.897+0000][5284][safepoint   ] Safepoint "Cleanup", Time since last: 3003431643 ns, Reaching safepoint: 80386 ns, At safepoint: 2041 ns, Total: 82427 ns
[2020-07-12T01:07:00.825+0000][5284][gc,heap     ] GC(12) Heap before GC invocations=12 (full 12): ZHeap           used 532M, capacity 4096M, max capacity 4096M
[2020-07-12T01:07:00.825+0000][5284][gc,heap     ] GC(12)  Metaspace       used 79779K, capacity 82508K, committed 82756K, reserved 83968K
[2020-07-12T01:07:00.825+0000][5284][gc,start    ] GC(12) Garbage Collection (Proactive)
[2020-07-12T01:07:00.825+0000][5284][gc,phases   ] GC(12) Pause Mark Start 0.097ms
[2020-07-12T01:07:00.825+0000][5284][safepoint   ] Safepoint "ZMarkStart", Time since last: 928134914 ns, Reaching safepoint: 67387 ns, At safepoint: 113823 ns, Total: 181210 ns
[2020-07-12T01:07:00.872+0000][5284][gc,phases   ] GC(12) Concurrent Mark 47.320ms
[2020-07-12T01:07:00.873+0000][5284][gc,phases   ] GC(12) Pause Mark End 0.288ms
[2020-07-12T01:07:00.873+0000][5284][safepoint   ] Safepoint "ZMarkEnd", Time since last: 47467192 ns, Reaching safepoint: 98650 ns, At safepoint: 307941 ns, Total: 406591 ns
[2020-07-12T01:07:00.894+0000][5284][gc,phases   ] GC(12) Concurrent Process Non-Strong References 21.510ms
[2020-07-12T01:07:00.894+0000][5284][gc,phases   ] GC(12) Concurrent Reset Relocation Set 0.004ms
[2020-07-12T01:07:00.895+0000][5284][gc,phases   ] GC(12) Concurrent Select Relocation Set 0.986ms
[2020-07-12T01:07:00.896+0000][5284][gc,phases   ] GC(12) Pause Relocate Start 0.111ms
[2020-07-12T01:07:00.896+0000][5284][safepoint   ] Safepoint "ZRelocateStart", Time since last: 22688400 ns, Reaching safepoint: 67947 ns, At safepoint: 127399 ns, Total: 195346 ns
[2020-07-12T01:07:00.897+0000][5284][gc,phases   ] GC(12) Concurrent Relocate 1.059ms
[2020-07-12T01:07:00.897+0000][5284][gc,heap     ] GC(12) Heap after GC invocations=13 (full 13): ZHeap           used 70M, capacity 4096M, max capacity 4096M
[2020-07-12T01:07:00.897+0000][5284][gc,heap     ] GC(12)  Metaspace       used 79779K, capacity 82508K, committed 82756K, reserved 83968K
[2020-07-12T01:07:00.897+0000][5284][gc,load     ] GC(12) Load: 1.16/1.04/0.54
[2020-07-12T01:07:00.897+0000][5284][gc,mmu      ] GC(12) MMU: 2ms/49.3%, 5ms/79.7%, 10ms/89.9%, 20ms/94.9%, 50ms/97.3%, 100ms/98.3%
[2020-07-12T01:07:00.897+0000][5284][gc,marking  ] GC(12) Mark: 1 stripe(s), 2 proactive flush(es), 1 terminate flush(es), 1 completion(s), 0 continuation(s) 
[2020-07-12T01:07:00.897+0000][5284][gc,reloc    ] GC(12) Relocation: Successful, 1M relocated
[2020-07-12T01:07:00.897+0000][5284][gc,nmethod  ] GC(12) NMethods: 5062 registered, 219 unregistered
[2020-07-12T01:07:00.897+0000][5284][gc,metaspace] GC(12) Metaspace: 77M used, 80M capacity, 80M committed, 82M reserved
[2020-07-12T01:07:00.897+0000][5284][gc,ref      ] GC(12) Soft: 3917 encountered, 0 discovered, 0 enqueued
[2020-07-12T01:07:00.897+0000][5284][gc,ref      ] GC(12) Weak: 6635 encountered, 4310 discovered, 0 enqueued
[2020-07-12T01:07:00.897+0000][5284][gc,ref      ] GC(12) Final: 2 encountered, 0 discovered, 0 enqueued
[2020-07-12T01:07:00.897+0000][5284][gc,ref      ] GC(12) Phantom: 434 encountered, 293 discovered, 0 enqueued
[2020-07-12T01:07:00.897+0000][5284][gc,heap     ] GC(12) Min Capacity: 4096M(100%)
[2020-07-12T01:07:00.897+0000][5284][gc,heap     ] GC(12) Max Capacity: 4096M(100%)
[2020-07-12T01:07:00.897+0000][5284][gc,heap     ] GC(12) Soft Max Capacity: 4096M(100%)
[2020-07-12T01:07:00.897+0000][5284][gc,heap     ] GC(12)                Mark Start          Mark End        Relocate Start      Relocate End           High               Low         
[2020-07-12T01:07:00.897+0000][5284][gc,heap     ] GC(12)  Capacity:     4096M (100%)       4096M (100%)       4096M (100%)       4096M (100%)       4096M (100%)       4096M (100%)   
[2020-07-12T01:07:00.897+0000][5284][gc,heap     ] GC(12)   Reserve:       42M (1%)           42M (1%)           42M (1%)           42M (1%)           42M (1%)           42M (1%)     
[2020-07-12T01:07:00.897+0000][5284][gc,heap     ] GC(12)      Free:     3522M (86%)        3520M (86%)        3946M (96%)        3984M (97%)        3984M (97%)        3520M (86%)    
[2020-07-12T01:07:00.897+0000][5284][gc,heap     ] GC(12)      Used:      532M (13%)         534M (13%)         108M (3%)           70M (2%)          534M (13%)          70M (2%)     
[2020-07-12T01:07:00.897+0000][5284][gc,heap     ] GC(12)      Live:         -                28M (1%)           28M (1%)           28M (1%)             -                  -          
[2020-07-12T01:07:00.897+0000][5284][gc,heap     ] GC(12) Allocated:         -                 2M (0%)            2M (0%)           10M (0%)             -                  -          
[2020-07-12T01:07:00.897+0000][5284][gc,heap     ] GC(12)   Garbage:         -               503M (12%)          77M (2%)           39M (1%)             -                  -          
[2020-07-12T01:07:00.897+0000][5284][gc,heap     ] GC(12) Reclaimed:         -                  -               426M (10%)         464M (11%)            -                  -          
[2020-07-12T01:07:00.897+0000][5284][gc          ] GC(12) Garbage Collection (Proactive) 532M(13%)->70M(2%)
[2020-07-12T01:07:02.896+0000][5284][safepoint   ] Safepoint "Cleanup", Time since last: 2000430094 ns, Reaching safepoint: 130983 ns, At safepoint: 2418 ns, Total: 133401 ns
[2020-07-12T01:07:04.723+0000][5284][gc,heap     ] GC(13) Heap before GC invocations=13 (full 13): ZHeap           used 520M, capacity 4096M, max capacity 4096M
[2020-07-12T01:07:04.723+0000][5284][gc,heap     ] GC(13)  Metaspace       used 79789K, capacity 82508K, committed 82756K, reserved 83968K
[2020-07-12T01:07:04.723+0000][5284][gc,start    ] GC(13) Garbage Collection (Proactive)
[2020-07-12T01:07:04.725+0000][5284][gc,phases   ] GC(13) Pause Mark Start 0.097ms
[2020-07-12T01:07:04.725+0000][5284][safepoint   ] Safepoint "ZMarkStart", Time since last: 1827097558 ns, Reaching safepoint: 1245056 ns, At safepoint: 118205 ns, Total: 1363261 ns
[2020-07-12T01:07:04.769+0000][5284][gc,phases   ] GC(13) Concurrent Mark 44.549ms
[2020-07-12T01:07:04.770+0000][5284][gc,phases   ] GC(13) Pause Mark End 0.332ms
[2020-07-12T01:07:04.770+0000][5284][safepoint   ] Safepoint "ZMarkEnd", Time since last: 44651453 ns, Reaching safepoint: 66473 ns, At safepoint: 352083 ns, Total: 418556 ns
[2020-07-12T01:07:04.791+0000][5284][gc,phases   ] GC(13) Concurrent Process Non-Strong References 20.962ms
[2020-07-12T01:07:04.791+0000][5284][gc,phases   ] GC(13) Concurrent Reset Relocation Set 0.004ms
[2020-07-12T01:07:04.792+0000][5284][gc,phases   ] GC(13) Concurrent Select Relocation Set 0.998ms
[2020-07-12T01:07:04.792+0000][5284][gc,phases   ] GC(13) Pause Relocate Start 0.115ms
[2020-07-12T01:07:04.792+0000][5284][safepoint   ] Safepoint "ZRelocateStart", Time since last: 22121866 ns, Reaching safepoint: 107605 ns, At safepoint: 133262 ns, Total: 240867 ns
[2020-07-12T01:07:04.793+0000][5284][gc,phases   ] GC(13) Concurrent Relocate 1.059ms
[2020-07-12T01:07:04.793+0000][5284][gc,heap     ] GC(13) Heap after GC invocations=14 (full 14): ZHeap           used 86M, capacity 4096M, max capacity 4096M
[2020-07-12T01:07:04.793+0000][5284][gc,heap     ] GC(13)  Metaspace       used 79789K, capacity 82508K, committed 82756K, reserved 83968K
[2020-07-12T01:07:04.793+0000][5284][gc,load     ] GC(13) Load: 1.15/1.04/0.55
[2020-07-12T01:07:04.793+0000][5284][gc,mmu      ] GC(13) MMU: 2ms/49.3%, 5ms/79.7%, 10ms/89.9%, 20ms/94.9%, 50ms/97.3%, 100ms/98.3%
[2020-07-12T01:07:04.793+0000][5284][gc,marking  ] GC(13) Mark: 1 stripe(s), 2 proactive flush(es), 1 terminate flush(es), 1 completion(s), 0 continuation(s) 
[2020-07-12T01:07:04.793+0000][5284][gc,reloc    ] GC(13) Relocation: Successful, 1M relocated
[2020-07-12T01:07:04.793+0000][5284][gc,nmethod  ] GC(13) NMethods: 5066 registered, 219 unregistered
[2020-07-12T01:07:04.793+0000][5284][gc,metaspace] GC(13) Metaspace: 77M used, 80M capacity, 80M committed, 82M reserved
[2020-07-12T01:07:04.793+0000][5284][gc,ref      ] GC(13) Soft: 3917 encountered, 0 discovered, 0 enqueued
[2020-07-12T01:07:04.793+0000][5284][gc,ref      ] GC(13) Weak: 6634 encountered, 4307 discovered, 0 enqueued
[2020-07-12T01:07:04.793+0000][5284][gc,ref      ] GC(13) Final: 2 encountered, 0 discovered, 0 enqueued
[2020-07-12T01:07:04.793+0000][5284][gc,ref      ] GC(13) Phantom: 434 encountered, 293 discovered, 0 enqueued
[2020-07-12T01:07:04.793+0000][5284][gc,heap     ] GC(13) Min Capacity: 4096M(100%)
[2020-07-12T01:07:04.793+0000][5284][gc,heap     ] GC(13) Max Capacity: 4096M(100%)
[2020-07-12T01:07:04.793+0000][5284][gc,heap     ] GC(13) Soft Max Capacity: 4096M(100%)
[2020-07-12T01:07:04.793+0000][5284][gc,heap     ] GC(13)                Mark Start          Mark End        Relocate Start      Relocate End           High               Low         
[2020-07-12T01:07:04.793+0000][5284][gc,heap     ] GC(13)  Capacity:     4096M (100%)       4096M (100%)       4096M (100%)       4096M (100%)       4096M (100%)       4096M (100%)   
[2020-07-12T01:07:04.793+0000][5284][gc,heap     ] GC(13)   Reserve:       42M (1%)           42M (1%)           42M (1%)           42M (1%)           42M (1%)           42M (1%)     
[2020-07-12T01:07:04.793+0000][5284][gc,heap     ] GC(13)      Free:     3534M (86%)        3512M (86%)        3924M (96%)        3968M (97%)        3968M (97%)        3512M (86%)    
[2020-07-12T01:07:04.793+0000][5284][gc,heap     ] GC(13)      Used:      520M (13%)         542M (13%)         130M (3%)           86M (2%)          542M (13%)          86M (2%)     
[2020-07-12T01:07:04.793+0000][5284][gc,heap     ] GC(13)      Live:         -                28M (1%)           28M (1%)           28M (1%)             -                  -          
[2020-07-12T01:07:04.793+0000][5284][gc,heap     ] GC(13) Allocated:         -                22M (1%)           22M (1%)           26M (1%)             -                  -          
[2020-07-12T01:07:04.793+0000][5284][gc,heap     ] GC(13)   Garbage:         -               491M (12%)          79M (2%)           35M (1%)             -                  -          
[2020-07-12T01:07:04.793+0000][5284][gc,heap     ] GC(13) Reclaimed:         -                  -               412M (10%)         456M (11%)            -                  -          
[2020-07-12T01:07:04.793+0000][5284][gc          ] GC(13) Garbage Collection (Proactive) 520M(13%)->86M(2%)
[2020-07-12T01:07:05.793+0000][5284][safepoint   ] Safepoint "Cleanup", Time since last: 1000369827 ns, Reaching safepoint: 254184 ns, At safepoint: 16484 ns, Total: 270668 ns
[2020-07-12T01:07:07.697+0000][5284][safepoint   ] Safepoint "Cleanup", Time since last: 1903953107 ns, Reaching safepoint: 61108 ns, At safepoint: 1681 ns, Total: 62789 ns
[2020-07-12T01:07:08.698+0000][5284][safepoint   ] Safepoint "Cleanup", Time since last: 1000128349 ns, Reaching safepoint: 1430364 ns, At safepoint: 6621 ns, Total: 1436985 ns
[2020-07-12T01:07:08.724+0000][5284][gc,heap     ] GC(14) Heap before GC invocations=14 (full 14): ZHeap           used 524M, capacity 4096M, max capacity 4096M
[2020-07-12T01:07:08.724+0000][5284][gc,heap     ] GC(14)  Metaspace       used 79795K, capacity 82508K, committed 82756K, reserved 83968K
[2020-07-12T01:07:08.724+0000][5284][gc,start    ] GC(14) Garbage Collection (Proactive)
[2020-07-12T01:07:08.724+0000][5284][gc,phases   ] GC(14) Pause Mark Start 0.091ms
[2020-07-12T01:07:08.724+0000][5284][safepoint   ] Safepoint "ZMarkStart", Time since last: 25788061 ns, Reaching safepoint: 73317 ns, At safepoint: 110556 ns, Total: 183873 ns
[2020-07-12T01:07:08.768+0000][5284][gc,phases   ] GC(14) Concurrent Mark 43.303ms
[2020-07-12T01:07:08.768+0000][5284][gc,phases   ] GC(14) Pause Mark End 0.297ms
[2020-07-12T01:07:08.768+0000][5284][safepoint   ] Safepoint "ZMarkEnd", Time since last: 43443012 ns, Reaching safepoint: 126118 ns, At safepoint: 325074 ns, Total: 451192 ns
[2020-07-12T01:07:08.789+0000][5284][gc,phases   ] GC(14) Concurrent Process Non-Strong References 20.547ms
[2020-07-12T01:07:08.789+0000][5284][gc,phases   ] GC(14) Concurrent Reset Relocation Set 0.004ms
[2020-07-12T01:07:08.790+0000][5284][gc,phases   ] GC(14) Concurrent Select Relocation Set 0.962ms
[2020-07-12T01:07:08.790+0000][5284][gc,phases   ] GC(14) Pause Relocate Start 0.120ms
[2020-07-12T01:07:08.790+0000][5284][safepoint   ] Safepoint "ZRelocateStart", Time since last: 21615770 ns, Reaching safepoint: 60910 ns, At safepoint: 136590 ns, Total: 197500 ns
[2020-07-12T01:07:08.791+0000][5284][gc,phases   ] GC(14) Concurrent Relocate 0.972ms
[2020-07-12T01:07:08.791+0000][5284][gc,heap     ] GC(14) Heap after GC invocations=15 (full 15): ZHeap           used 94M, capacity 4096M, max capacity 4096M
[2020-07-12T01:07:08.791+0000][5284][gc,heap     ] GC(14)  Metaspace       used 79795K, capacity 82508K, committed 82756K, reserved 83968K
[2020-07-12T01:07:08.791+0000][5284][gc,load     ] GC(14) Load: 1.06/1.02/0.54
[2020-07-12T01:07:08.791+0000][5284][gc,mmu      ] GC(14) MMU: 2ms/49.3%, 5ms/79.7%, 10ms/89.9%, 20ms/94.9%, 50ms/97.3%, 100ms/98.3%
[2020-07-12T01:07:08.791+0000][5284][gc,marking  ] GC(14) Mark: 1 stripe(s), 2 proactive flush(es), 1 terminate flush(es), 1 completion(s), 0 continuation(s) 
[2020-07-12T01:07:08.791+0000][5284][gc,reloc    ] GC(14) Relocation: Successful, 1M relocated
[2020-07-12T01:07:08.791+0000][5284][gc,nmethod  ] GC(14) NMethods: 5055 registered, 252 unregistered
[2020-07-12T01:07:08.791+0000][5284][gc,metaspace] GC(14) Metaspace: 77M used, 80M capacity, 80M committed, 82M reserved
[2020-07-12T01:07:08.791+0000][5284][gc,ref      ] GC(14) Soft: 3917 encountered, 0 discovered, 0 enqueued
[2020-07-12T01:07:08.791+0000][5284][gc,ref      ] GC(14) Weak: 6635 encountered, 4297 discovered, 0 enqueued
[2020-07-12T01:07:08.791+0000][5284][gc,ref      ] GC(14) Final: 2 encountered, 0 discovered, 0 enqueued
[2020-07-12T01:07:08.791+0000][5284][gc,ref      ] GC(14) Phantom: 434 encountered, 293 discovered, 0 enqueued
[2020-07-12T01:07:08.791+0000][5284][gc,heap     ] GC(14) Min Capacity: 4096M(100%)
[2020-07-12T01:07:08.791+0000][5284][gc,heap     ] GC(14) Max Capacity: 4096M(100%)
[2020-07-12T01:07:08.791+0000][5284][gc,heap     ] GC(14) Soft Max Capacity: 4096M(100%)
[2020-07-12T01:07:08.791+0000][5284][gc,heap     ] GC(14)                Mark Start          Mark End        Relocate Start      Relocate End           High               Low         
[2020-07-12T01:07:08.791+0000][5284][gc,heap     ] GC(14)  Capacity:     4096M (100%)       4096M (100%)       4096M (100%)       4096M (100%)       4096M (100%)       4096M (100%)   
[2020-07-12T01:07:08.791+0000][5284][gc,heap     ] GC(14)   Reserve:       42M (1%)           42M (1%)           42M (1%)           42M (1%)           42M (1%)           42M (1%)     
[2020-07-12T01:07:08.791+0000][5284][gc,heap     ] GC(14)      Free:     3530M (86%)        3508M (86%)        3914M (96%)        3960M (97%)        3960M (97%)        3500M (85%)    
[2020-07-12T01:07:08.791+0000][5284][gc,heap     ] GC(14)      Used:      524M (13%)         546M (13%)         140M (3%)           94M (2%)          554M (14%)          94M (2%)     
[2020-07-12T01:07:08.791+0000][5284][gc,heap     ] GC(14)      Live:         -                28M (1%)           28M (1%)           28M (1%)             -                  -          
[2020-07-12T01:07:08.791+0000][5284][gc,heap     ] GC(14) Allocated:         -                22M (1%)           30M (1%)           34M (1%)             -                  -          
[2020-07-12T01:07:08.791+0000][5284][gc,heap     ] GC(14)   Garbage:         -               495M (12%)          81M (2%)           35M (1%)             -                  -          
[2020-07-12T01:07:08.791+0000][5284][gc,heap     ] GC(14) Reclaimed:         -                  -               414M (10%)         460M (11%)            -                  -          
[2020-07-12T01:07:08.791+0000][5284][gc          ] GC(14) Garbage Collection (Proactive) 524M(13%)->94M(2%)
[2020-07-12T01:07:08.924+0000][5284][gc,stats    ] === Garbage Collection Statistics =======================================================================================================================
[2020-07-12T01:07:08.924+0000][5284][gc,stats    ]                                                              Last 10s              Last 10m              Last 10h                Total
[2020-07-12T01:07:08.924+0000][5284][gc,stats    ]                                                              Avg / Max             Avg / Max             Avg / Max             Avg / Max
[2020-07-12T01:07:08.924+0000][5284][gc,stats    ]   Collector: Garbage Collection Cycle                     69.728 / 72.193       71.329 / 117.511      71.329 / 117.511      71.329 / 117.511     ms
[2020-07-12T01:07:08.924+0000][5284][gc,stats    ]  Contention: Mark Segment Reset Contention                     0 / 0                 0 / 0                 0 / 0                 0 / 0           ops/s
[2020-07-12T01:07:08.924+0000][5284][gc,stats    ]  Contention: Mark SeqNum Reset Contention                      0 / 0                 0 / 0                 0 / 0                 0 / 0           ops/s
[2020-07-12T01:07:08.924+0000][5284][gc,stats    ]  Contention: Relocation Contention                             0 / 0                 0 / 2                 0 / 2                 0 / 2           ops/s
[2020-07-12T01:07:08.924+0000][5284][gc,stats    ]    Critical: Allocation Stall                              0.000 / 0.000         0.000 / 0.000         0.000 / 0.000         0.000 / 0.000       ms
[2020-07-12T01:07:08.924+0000][5284][gc,stats    ]    Critical: Allocation Stall                                  0 / 0                 0 / 0                 0 / 0                 0 / 0           ops/s
[2020-07-12T01:07:08.924+0000][5284][gc,stats    ]    Critical: GC Locker Stall                               0.000 / 0.000         0.093 / 0.093         0.093 / 0.093         0.093 / 0.093       ms
[2020-07-12T01:07:08.924+0000][5284][gc,stats    ]    Critical: GC Locker Stall                                   0 / 0                 0 / 1                 0 / 1                 0 / 1           ops/s
[2020-07-12T01:07:08.924+0000][5284][gc,stats    ]      Memory: Allocation Rate                                 116 / 178              93 / 220              93 / 220              93 / 220         MB/s
[2020-07-12T01:07:08.924+0000][5284][gc,stats    ]      Memory: Heap Used After Mark                            540 / 546             539 / 1286            539 / 1286            539 / 1286        MB
[2020-07-12T01:07:08.924+0000][5284][gc,stats    ]      Memory: Heap Used After Relocation                       83 / 94               75 / 98               75 / 98               75 / 98          MB
[2020-07-12T01:07:08.924+0000][5284][gc,stats    ]      Memory: Heap Used Before Mark                           525 / 532             525 / 1270            525 / 1270            525 / 1270        MB
[2020-07-12T01:07:08.924+0000][5284][gc,stats    ]      Memory: Heap Used Before Relocation                     126 / 140             164 / 338             164 / 338             164 / 338         MB
[2020-07-12T01:07:08.924+0000][5284][gc,stats    ]      Memory: Out Of Memory                                     0 / 0                 0 / 0                 0 / 0                 0 / 0           ops/s
[2020-07-12T01:07:08.924+0000][5284][gc,stats    ]      Memory: Page Cache Flush                                  0 / 0                 0 / 0                 0 / 0                 0 / 0           MB/s
[2020-07-12T01:07:08.924+0000][5284][gc,stats    ]      Memory: Page Cache Hit L1                                59 / 93               38 / 110              38 / 110              38 / 110         ops/s
[2020-07-12T01:07:08.924+0000][5284][gc,stats    ]      Memory: Page Cache Hit L2                                 0 / 0                 0 / 0                 0 / 0                 0 / 0           ops/s
[2020-07-12T01:07:08.924+0000][5284][gc,stats    ]      Memory: Page Cache Hit L3                                 0 / 0                 8 / 96                8 / 96                8 / 96          ops/s
[2020-07-12T01:07:08.924+0000][5284][gc,stats    ]      Memory: Page Cache Miss                                   0 / 0                 0 / 0                 0 / 0                 0 / 0           ops/s
[2020-07-12T01:07:08.924+0000][5284][gc,stats    ]      Memory: Uncommit                                          0 / 0                 0 / 0                 0 / 0                 0 / 0           MB/s
[2020-07-12T01:07:08.924+0000][5284][gc,stats    ]      Memory: Undo Object Allocation Failed                     0 / 0                 0 / 0                 0 / 0                 0 / 0           ops/s
[2020-07-12T01:07:08.924+0000][5284][gc,stats    ]      Memory: Undo Object Allocation Succeeded                  0 / 0                 0 / 2                 0 / 2                 0 / 2           ops/s
[2020-07-12T01:07:08.924+0000][5284][gc,stats    ]      Memory: Undo Page Allocation                              0 / 0                 0 / 0                 0 / 0                 0 / 0           ops/s
[2020-07-12T01:07:08.924+0000][5284][gc,stats    ]       Phase: Concurrent Mark                              45.057 / 47.320       45.903 / 77.269       45.903 / 77.269       45.903 / 77.269      ms
[2020-07-12T01:07:08.924+0000][5284][gc,stats    ]       Phase: Concurrent Mark Continue                      0.000 / 0.000         0.000 / 0.000         0.000 / 0.000         0.000 / 0.000       ms
[2020-07-12T01:07:08.924+0000][5284][gc,stats    ]       Phase: Concurrent Process Non-Strong References     21.006 / 21.510       17.494 / 21.510       17.494 / 21.510       17.494 / 21.510      ms
[2020-07-12T01:07:08.924+0000][5284][gc,stats    ]       Phase: Concurrent Relocate                           1.030 / 1.059         4.170 / 18.136        4.170 / 18.136        4.170 / 18.136      ms
[2020-07-12T01:07:08.924+0000][5284][gc,stats    ]       Phase: Concurrent Reset Relocation Set               0.004 / 0.004         0.006 / 0.015         0.006 / 0.015         0.006 / 0.015       ms
[2020-07-12T01:07:08.924+0000][5284][gc,stats    ]       Phase: Concurrent Select Relocation Set              0.982 / 0.998         1.357 / 5.622         1.357 / 5.622         1.357 / 5.622       ms
[2020-07-12T01:07:08.924+0000][5284][gc,stats    ]       Phase: Pause Mark End                                0.306 / 0.332         0.302 / 0.402         0.302 / 0.402         0.302 / 0.402       ms
[2020-07-12T01:07:08.924+0000][5284][gc,stats    ]       Phase: Pause Mark Start                              0.095 / 0.097         0.211 / 0.490         0.211 / 0.490         0.211 / 0.490       ms
[2020-07-12T01:07:08.924+0000][5284][gc,stats    ]       Phase: Pause Relocate Start                          0.115 / 0.120         0.204 / 1.014         0.204 / 1.014         0.204 / 1.014       ms
[2020-07-12T01:07:08.924+0000][5284][gc,stats    ]    Subphase: Concurrent Classes Purge                      0.626 / 0.668         0.480 / 0.668         0.480 / 0.668         0.480 / 0.668       ms
[2020-07-12T01:07:08.924+0000][5284][gc,stats    ]    Subphase: Concurrent Classes Unlink                    18.766 / 19.323       15.270 / 19.323       15.270 / 19.323       15.270 / 19.323      ms
[2020-07-12T01:07:08.924+0000][5284][gc,stats    ]    Subphase: Concurrent Mark                              44.493 / 46.697       45.332 / 76.517       45.332 / 76.517       45.332 / 76.517      ms
[2020-07-12T01:07:08.924+0000][5284][gc,stats    ]    Subphase: Concurrent Mark Idle                          0.000 / 0.000         0.000 / 0.000         0.000 / 0.000         0.000 / 0.000       ms
[2020-07-12T01:07:08.924+0000][5284][gc,stats    ]    Subphase: Concurrent Mark Try Flush                     0.073 / 0.130         0.150 / 1.569         0.150 / 1.569         0.150 / 1.569       ms
[2020-07-12T01:07:08.924+0000][5284][gc,stats    ]    Subphase: Concurrent Mark Try Terminate                 0.032 / 0.124         0.067 / 0.756         0.067 / 0.756         0.067 / 0.756       ms
[2020-07-12T01:07:08.924+0000][5284][gc,stats    ]    Subphase: Concurrent References Enqueue                 0.001 / 0.001         0.001 / 0.004         0.001 / 0.004         0.001 / 0.004       ms
[2020-07-12T01:07:08.924+0000][5284][gc,stats    ]    Subphase: Concurrent References Process                 0.542 / 0.590         0.513 / 1.144         0.513 / 1.144         0.513 / 1.144       ms
[2020-07-12T01:07:08.924+0000][5284][gc,stats    ]    Subphase: Concurrent Roots                              0.233 / 0.238         0.231 / 0.362         0.231 / 0.362         0.231 / 0.362       ms
[2020-07-12T01:07:08.924+0000][5284][gc,stats    ]    Subphase: Concurrent Roots ClassLoaderDataGraph         0.228 / 0.233         0.226 / 0.356         0.226 / 0.356         0.226 / 0.356       ms
[2020-07-12T01:07:08.924+0000][5284][gc,stats    ]    Subphase: Concurrent Roots JNIHandles                   0.003 / 0.003         0.003 / 0.005         0.003 / 0.005         0.003 / 0.005       ms
[2020-07-12T01:07:08.924+0000][5284][gc,stats    ]    Subphase: Concurrent Roots Setup                        0.163 / 0.170         0.147 / 0.340         0.147 / 0.340         0.147 / 0.340       ms
[2020-07-12T01:07:08.924+0000][5284][gc,stats    ]    Subphase: Concurrent Roots Teardown                     0.000 / 0.000         0.000 / 0.000         0.000 / 0.000         0.000 / 0.000       ms
[2020-07-12T01:07:08.924+0000][5284][gc,stats    ]    Subphase: Concurrent Roots VMHandles                    0.000 / 0.000         0.000 / 0.000         0.000 / 0.000         0.000 / 0.000       ms
[2020-07-12T01:07:08.924+0000][5284][gc,stats    ]    Subphase: Concurrent Weak Roots                         0.870 / 0.957         0.840 / 1.445         0.840 / 1.445         0.840 / 1.445       ms
[2020-07-12T01:07:08.924+0000][5284][gc,stats    ]    Subphase: Concurrent Weak Roots JNIWeakHandles          0.001 / 0.001         0.001 / 0.004         0.001 / 0.004         0.001 / 0.004       ms
[2020-07-12T01:07:08.924+0000][5284][gc,stats    ]    Subphase: Concurrent Weak Roots ResolvedMethodTable     0.089 / 0.094         0.091 / 0.181         0.091 / 0.181         0.091 / 0.181       ms
[2020-07-12T01:07:08.924+0000][5284][gc,stats    ]    Subphase: Concurrent Weak Roots StringTable             0.721 / 0.804         0.695 / 1.194         0.695 / 1.194         0.695 / 1.194       ms
[2020-07-12T01:07:08.924+0000][5284][gc,stats    ]    Subphase: Concurrent Weak Roots VMWeakHandles           0.056 / 0.059         0.049 / 0.067         0.049 / 0.067         0.049 / 0.067       ms
[2020-07-12T01:07:08.924+0000][5284][gc,stats    ]    Subphase: Pause Mark Try Complete                       0.142 / 0.154         0.129 / 0.181         0.129 / 0.181         0.129 / 0.181       ms
[2020-07-12T01:07:08.924+0000][5284][gc,stats    ]    Subphase: Pause Roots                                   0.032 / 0.067         0.055 / 0.936         0.055 / 0.936         0.055 / 0.936       ms
[2020-07-12T01:07:08.924+0000][5284][gc,stats    ]    Subphase: Pause Roots CodeCache                         0.000 / 0.000         0.000 / 0.000         0.000 / 0.000         0.000 / 0.000       ms
[2020-07-12T01:07:08.924+0000][5284][gc,stats    ]    Subphase: Pause Roots JVMTIExport                       0.001 / 0.002         0.001 / 0.003         0.001 / 0.003         0.001 / 0.003       ms
[2020-07-12T01:07:08.924+0000][5284][gc,stats    ]    Subphase: Pause Roots JVMTIWeakExport                   0.001 / 0.001         0.001 / 0.001         0.001 / 0.001         0.001 / 0.001       ms
[2020-07-12T01:07:08.925+0000][5284][gc,stats    ]    Subphase: Pause Roots Management                        0.001 / 0.001         0.001 / 0.001         0.001 / 0.001         0.001 / 0.001       ms
[2020-07-12T01:07:08.925+0000][5284][gc,stats    ]    Subphase: Pause Roots ObjectSynchronizer                0.000 / 0.000         0.000 / 0.000         0.000 / 0.000         0.000 / 0.000       ms
[2020-07-12T01:07:08.925+0000][5284][gc,stats    ]    Subphase: Pause Roots Setup                             0.000 / 0.000         0.000 / 0.001         0.000 / 0.001         0.000 / 0.001       ms
[2020-07-12T01:07:08.925+0000][5284][gc,stats    ]    Subphase: Pause Roots SystemDictionary                  0.009 / 0.010         0.010 / 0.022         0.010 / 0.022         0.010 / 0.022       ms
[2020-07-12T01:07:08.925+0000][5284][gc,stats    ]    Subphase: Pause Roots Teardown                          0.001 / 0.001         0.001 / 0.012         0.001 / 0.012         0.001 / 0.012       ms
[2020-07-12T01:07:08.925+0000][5284][gc,stats    ]    Subphase: Pause Roots Threads                           0.029 / 0.052         0.060 / 0.913         0.060 / 0.913         0.060 / 0.913       ms
[2020-07-12T01:07:08.925+0000][5284][gc,stats    ]    Subphase: Pause Roots Universe                          0.002 / 0.003         0.002 / 0.008         0.002 / 0.008         0.002 / 0.008       ms
[2020-07-12T01:07:08.925+0000][5284][gc,stats    ]    Subphase: Pause Weak Roots                              0.010 / 0.055         0.009 / 0.063         0.009 / 0.063         0.009 / 0.063       ms
[2020-07-12T01:07:08.925+0000][5284][gc,stats    ]    Subphase: Pause Weak Roots JFRWeak                      0.049 / 0.053         0.044 / 0.060         0.044 / 0.060         0.044 / 0.060       ms
[2020-07-12T01:07:08.925+0000][5284][gc,stats    ]    Subphase: Pause Weak Roots JVMTIWeakExport              0.001 / 0.001         0.001 / 0.001         0.001 / 0.001         0.001 / 0.001       ms
[2020-07-12T01:07:08.925+0000][5284][gc,stats    ]    Subphase: Pause Weak Roots Setup                        0.000 / 0.000         0.000 / 0.000         0.000 / 0.000         0.000 / 0.000       ms
[2020-07-12T01:07:08.925+0000][5284][gc,stats    ]    Subphase: Pause Weak Roots Teardown                     0.000 / 0.000         0.000 / 0.000         0.000 / 0.000         0.000 / 0.000       ms
[2020-07-12T01:07:08.925+0000][5284][gc,stats    ]      System: Java Threads                                     36 / 36               32 / 38               32 / 38               32 / 38          threads
[2020-07-12T01:07:08.925+0000][5284][gc,stats    ] =========================================================================================================================================================
[2020-07-12T01:07:09.792+0000][5284][safepoint   ] Safepoint "Cleanup", Time since last: 1001548336 ns, Reaching safepoint: 85707 ns, At safepoint: 1482 ns, Total: 87189 ns
[2020-07-12T01:07:10.793+0000][5284][safepoint   ] Safepoint "Cleanup", Time since last: 1000873805 ns, Reaching safepoint: 79774 ns, At safepoint: 1749 ns, Total: 81523 ns
[2020-07-12T01:07:11.794+0000][5284][safepoint   ] Safepoint "Cleanup", Time since last: 1001458555 ns, Reaching safepoint: 77318 ns, At safepoint: 2037 ns, Total: 79355 ns
[2020-07-12T01:07:12.724+0000][5284][gc,heap     ] GC(15) Heap before GC invocations=15 (full 15): ZHeap           used 534M, capacity 4096M, max capacity 4096M
[2020-07-12T01:07:12.724+0000][5284][gc,heap     ] GC(15)  Metaspace       used 79811K, capacity 82572K, committed 82756K, reserved 83968K
[2020-07-12T01:07:12.724+0000][5284][gc,start    ] GC(15) Garbage Collection (Proactive)
[2020-07-12T01:07:12.724+0000][5284][gc,phases   ] GC(15) Pause Mark Start 0.113ms
[2020-07-12T01:07:12.724+0000][5284][safepoint   ] Safepoint "ZMarkStart", Time since last: 929421867 ns, Reaching safepoint: 62230 ns, At safepoint: 136759 ns, Total: 198989 ns
[2020-07-12T01:07:12.776+0000][5284][gc,phases   ] GC(15) Concurrent Mark 52.398ms
[2020-07-12T01:07:12.777+0000][5284][gc,phases   ] GC(15) Pause Mark End 0.442ms
[2020-07-12T01:07:12.777+0000][5284][safepoint   ] Safepoint "ZMarkEnd", Time since last: 52469107 ns, Reaching safepoint: 58890 ns, At safepoint: 462311 ns, Total: 521201 ns
[2020-07-12T01:07:12.798+0000][5284][gc,phases   ] GC(15) Concurrent Process Non-Strong References 20.679ms
[2020-07-12T01:07:12.798+0000][5284][gc,phases   ] GC(15) Concurrent Reset Relocation Set 0.004ms
[2020-07-12T01:07:12.799+0000][5284][gc,phases   ] GC(15) Concurrent Select Relocation Set 0.987ms
[2020-07-12T01:07:12.799+0000][5284][gc,phases   ] GC(15) Pause Relocate Start 0.092ms
[2020-07-12T01:07:12.799+0000][5284][safepoint   ] Safepoint "ZRelocateStart", Time since last: 21728124 ns, Reaching safepoint: 63221 ns, At safepoint: 104901 ns, Total: 168122 ns
[2020-07-12T01:07:12.800+0000][5284][gc,phases   ] GC(15) Concurrent Relocate 0.903ms
[2020-07-12T01:07:12.800+0000][5284][gc,heap     ] GC(15) Heap after GC invocations=16 (full 16): ZHeap           used 88M, capacity 4096M, max capacity 4096M
[2020-07-12T01:07:12.800+0000][5284][gc,heap     ] GC(15)  Metaspace       used 79811K, capacity 82572K, committed 82756K, reserved 83968K
[2020-07-12T01:07:12.800+0000][5284][gc,load     ] GC(15) Load: 1.06/1.02/0.54
[2020-07-12T01:07:12.800+0000][5284][gc,mmu      ] GC(15) MMU: 2ms/49.3%, 5ms/79.7%, 10ms/89.9%, 20ms/94.9%, 50ms/97.3%, 100ms/98.3%
[2020-07-12T01:07:12.800+0000][5284][gc,marking  ] GC(15) Mark: 1 stripe(s), 2 proactive flush(es), 1 terminate flush(es), 1 completion(s), 0 continuation(s) 
[2020-07-12T01:07:12.800+0000][5284][gc,reloc    ] GC(15) Relocation: Successful, 1M relocated
[2020-07-12T01:07:12.800+0000][5284][gc,nmethod  ] GC(15) NMethods: 5076 registered, 252 unregistered
[2020-07-12T01:07:12.800+0000][5284][gc,metaspace] GC(15) Metaspace: 77M used, 80M capacity, 80M committed, 82M reserved
[2020-07-12T01:07:12.800+0000][5284][gc,ref      ] GC(15) Soft: 3917 encountered, 0 discovered, 0 enqueued
[2020-07-12T01:07:12.800+0000][5284][gc,ref      ] GC(15) Weak: 6634 encountered, 4309 discovered, 0 enqueued
[2020-07-12T01:07:12.800+0000][5284][gc,ref      ] GC(15) Final: 2 encountered, 0 discovered, 0 enqueued
[2020-07-12T01:07:12.800+0000][5284][gc,ref      ] GC(15) Phantom: 434 encountered, 293 discovered, 0 enqueued
[2020-07-12T01:07:12.800+0000][5284][gc,heap     ] GC(15) Min Capacity: 4096M(100%)
[2020-07-12T01:07:12.800+0000][5284][gc,heap     ] GC(15) Max Capacity: 4096M(100%)
[2020-07-12T01:07:12.800+0000][5284][gc,heap     ] GC(15) Soft Max Capacity: 4096M(100%)
[2020-07-12T01:07:12.800+0000][5284][gc,heap     ] GC(15)                Mark Start          Mark End        Relocate Start      Relocate End           High               Low         
[2020-07-12T01:07:12.800+0000][5284][gc,heap     ] GC(15)  Capacity:     4096M (100%)       4096M (100%)       4096M (100%)       4096M (100%)       4096M (100%)       4096M (100%)   
[2020-07-12T01:07:12.800+0000][5284][gc,heap     ] GC(15)   Reserve:       42M (1%)           42M (1%)           42M (1%)           42M (1%)           42M (1%)           42M (1%)     
[2020-07-12T01:07:12.800+0000][5284][gc,heap     ] GC(15)      Free:     3520M (86%)        3496M (85%)        3916M (96%)        3966M (97%)        3966M (97%)        3494M (85%)    
[2020-07-12T01:07:12.800+0000][5284][gc,heap     ] GC(15)      Used:      534M (13%)         558M (14%)         138M (3%)           88M (2%)          560M (14%)          88M (2%)     
[2020-07-12T01:07:12.800+0000][5284][gc,heap     ] GC(15)      Live:         -                28M (1%)           28M (1%)           28M (1%)             -                  -          
[2020-07-12T01:07:12.800+0000][5284][gc,heap     ] GC(15) Allocated:         -                24M (1%)           26M (1%)           28M (1%)             -                  -          
[2020-07-12T01:07:12.800+0000][5284][gc,heap     ] GC(15)   Garbage:         -               505M (12%)          83M (2%)           33M (1%)             -                  -          
[2020-07-12T01:07:12.800+0000][5284][gc,heap     ] GC(15) Reclaimed:         -                  -               422M (10%)         472M (12%)            -                  -          
[2020-07-12T01:07:12.800+0000][5284][gc          ] GC(15) Garbage Collection (Proactive) 534M(13%)->88M(2%)
[2020-07-12T01:07:13.799+0000][5284][safepoint   ] Safepoint "Cleanup", Time since last: 1000108840 ns, Reaching safepoint: 77954 ns, At safepoint: 1803 ns, Total: 79757 ns
[2020-07-12T01:07:14.800+0000][5284][safepoint   ] Safepoint "Cleanup", Time since last: 1000683607 ns, Reaching safepoint: 116079 ns, At safepoint: 2977 ns, Total: 119056 ns
[2020-07-12T01:07:15.800+0000][5284][safepoint   ] Safepoint "Cleanup", Time since last: 1000475178 ns, Reaching safepoint: 96669 ns, At safepoint: 1676 ns, Total: 98345 ns
[2020-07-12T01:07:16.801+0000][5284][safepoint   ] Safepoint "Cleanup", Time since last: 1000696254 ns, Reaching safepoint: 96887 ns, At safepoint: 2232 ns, Total: 99119 ns
[2020-07-12T01:07:16.825+0000][5284][gc,heap     ] GC(16) Heap before GC invocations=16 (full 16): ZHeap           used 526M, capacity 4096M, max capacity 4096M
[2020-07-12T01:07:16.825+0000][5284][gc,heap     ] GC(16)  Metaspace       used 79818K, capacity 82573K, committed 82756K, reserved 83968K
[2020-07-12T01:07:16.825+0000][5284][gc,start    ] GC(16) Garbage Collection (Proactive)
[2020-07-12T01:07:16.826+0000][5284][gc,phases   ] GC(16) Pause Mark Start 0.118ms
[2020-07-12T01:07:16.826+0000][5284][safepoint   ] Safepoint "ZMarkStart", Time since last: 24381891 ns, Reaching safepoint: 93557 ns, At safepoint: 133933 ns, Total: 227490 ns
[2020-07-12T01:07:16.870+0000][5284][gc,phases   ] GC(16) Concurrent Mark 44.250ms
[2020-07-12T01:07:16.870+0000][5284][gc,phases   ] GC(16) Pause Mark End 0.337ms
[2020-07-12T01:07:16.870+0000][5284][safepoint   ] Safepoint "ZMarkEnd", Time since last: 44289401 ns, Reaching safepoint: 72579 ns, At safepoint: 356435 ns, Total: 429014 ns
[2020-07-12T01:07:16.891+0000][5284][gc,phases   ] GC(16) Concurrent Process Non-Strong References 20.818ms
[2020-07-12T01:07:16.891+0000][5284][gc,phases   ] GC(16) Concurrent Reset Relocation Set 0.004ms
[2020-07-12T01:07:16.892+0000][5284][gc,phases   ] GC(16) Concurrent Select Relocation Set 0.967ms
[2020-07-12T01:07:16.893+0000][5284][gc,phases   ] GC(16) Pause Relocate Start 0.153ms
[2020-07-12T01:07:16.893+0000][5284][safepoint   ] Safepoint "ZRelocateStart", Time since last: 21840994 ns, Reaching safepoint: 97065 ns, At safepoint: 167029 ns, Total: 264094 ns
[2020-07-12T01:07:16.893+0000][5284][gc,phases   ] GC(16) Concurrent Relocate 0.876ms
[2020-07-12T01:07:16.893+0000][5284][gc,heap     ] GC(16) Heap after GC invocations=17 (full 17): ZHeap           used 66M, capacity 4096M, max capacity 4096M
[2020-07-12T01:07:16.893+0000][5284][gc,heap     ] GC(16)  Metaspace       used 79818K, capacity 82573K, committed 82756K, reserved 83968K
[2020-07-12T01:07:16.893+0000][5284][gc,load     ] GC(16) Load: 0.97/1.00/0.54
[2020-07-12T01:07:16.893+0000][5284][gc,mmu      ] GC(16) MMU: 2ms/49.3%, 5ms/79.7%, 10ms/89.9%, 20ms/94.9%, 50ms/97.3%, 100ms/98.3%
[2020-07-12T01:07:16.893+0000][5284][gc,marking  ] GC(16) Mark: 1 stripe(s), 2 proactive flush(es), 1 terminate flush(es), 1 completion(s), 0 continuation(s) 
[2020-07-12T01:07:16.893+0000][5284][gc,reloc    ] GC(16) Relocation: Successful, 1M relocated
[2020-07-12T01:07:16.893+0000][5284][gc,nmethod  ] GC(16) NMethods: 5116 registered, 252 unregistered
[2020-07-12T01:07:16.893+0000][5284][gc,metaspace] GC(16) Metaspace: 77M used, 80M capacity, 80M committed, 82M reserved
[2020-07-12T01:07:16.893+0000][5284][gc,ref      ] GC(16) Soft: 3917 encountered, 0 discovered, 0 enqueued
[2020-07-12T01:07:16.893+0000][5284][gc,ref      ] GC(16) Weak: 6636 encountered, 4311 discovered, 0 enqueued
[2020-07-12T01:07:16.893+0000][5284][gc,ref      ] GC(16) Final: 2 encountered, 0 discovered, 0 enqueued
[2020-07-12T01:07:16.894+0000][5284][gc,ref      ] GC(16) Phantom: 434 encountered, 293 discovered, 0 enqueued
[2020-07-12T01:07:16.894+0000][5284][gc,heap     ] GC(16) Min Capacity: 4096M(100%)
[2020-07-12T01:07:16.894+0000][5284][gc,heap     ] GC(16) Max Capacity: 4096M(100%)
[2020-07-12T01:07:16.894+0000][5284][gc,heap     ] GC(16) Soft Max Capacity: 4096M(100%)
[2020-07-12T01:07:16.894+0000][5284][gc,heap     ] GC(16)                Mark Start          Mark End        Relocate Start      Relocate End           High               Low         
[2020-07-12T01:07:16.894+0000][5284][gc,heap     ] GC(16)  Capacity:     4096M (100%)       4096M (100%)       4096M (100%)       4096M (100%)       4096M (100%)       4096M (100%)   
[2020-07-12T01:07:16.894+0000][5284][gc,heap     ] GC(16)   Reserve:       42M (1%)           42M (1%)           42M (1%)           42M (1%)           42M (1%)           42M (1%)     
[2020-07-12T01:07:16.894+0000][5284][gc,heap     ] GC(16)      Free:     3528M (86%)        3528M (86%)        3954M (97%)        3988M (97%)        3988M (97%)        3528M (86%)    
[2020-07-12T01:07:16.894+0000][5284][gc,heap     ] GC(16)      Used:      526M (13%)         526M (13%)         100M (2%)           66M (2%)          526M (13%)          66M (2%)     
[2020-07-12T01:07:16.894+0000][5284][gc,heap     ] GC(16)      Live:         -                28M (1%)           28M (1%)           28M (1%)             -                  -          
[2020-07-12T01:07:16.894+0000][5284][gc,heap     ] GC(16) Allocated:         -                 0M (0%)            0M (0%)            6M (0%)             -                  -          
[2020-07-12T01:07:16.894+0000][5284][gc,heap     ] GC(16)   Garbage:         -               497M (12%)          71M (2%)           37M (1%)             -                  -          
[2020-07-12T01:07:16.894+0000][5284][gc,heap     ] GC(16) Reclaimed:         -                  -               426M (10%)         460M (11%)            -                  -          
[2020-07-12T01:07:16.894+0000][5284][gc          ] GC(16) Garbage Collection (Proactive) 526M(13%)->66M(2%)
[2020-07-12T01:07:18.923+0000][5284][gc,stats    ] === Garbage Collection Statistics =======================================================================================================================
[2020-07-12T01:07:18.923+0000][5284][gc,stats    ]                                                              Last 10s              Last 10m              Last 10h                Total
[2020-07-12T01:07:18.923+0000][5284][gc,stats    ]                                                              Avg / Max             Avg / Max             Avg / Max             Avg / Max
[2020-07-12T01:07:18.923+0000][5284][gc,stats    ]   Collector: Garbage Collection Cycle                     72.030 / 76.058       71.411 / 117.511      71.411 / 117.511      71.411 / 117.511     ms
[2020-07-12T01:07:18.923+0000][5284][gc,stats    ]  Contention: Mark Segment Reset Contention                     0 / 0                 0 / 0                 0 / 0                 0 / 0           ops/s
[2020-07-12T01:07:18.923+0000][5284][gc,stats    ]  Contention: Mark SeqNum Reset Contention                      0 / 0                 0 / 0                 0 / 0                 0 / 0           ops/s
[2020-07-12T01:07:18.923+0000][5284][gc,stats    ]  Contention: Relocation Contention                             0 / 0                 0 / 2                 0 / 2                 0 / 2           ops/s
[2020-07-12T01:07:18.923+0000][5284][gc,stats    ]    Critical: Allocation Stall                              0.000 / 0.000         0.000 / 0.000         0.000 / 0.000         0.000 / 0.000       ms
[2020-07-12T01:07:18.923+0000][5284][gc,stats    ]    Critical: Allocation Stall                                  0 / 0                 0 / 0                 0 / 0                 0 / 0           ops/s
[2020-07-12T01:07:18.923+0000][5284][gc,stats    ]    Critical: GC Locker Stall                               0.000 / 0.000         0.093 / 0.093         0.093 / 0.093         0.093 / 0.093       ms
[2020-07-12T01:07:18.923+0000][5284][gc,stats    ]    Critical: GC Locker Stall                                   0 / 0                 0 / 1                 0 / 1                 0 / 1           ops/s
[2020-07-12T01:07:18.923+0000][5284][gc,stats    ]      Memory: Allocation Rate                                 108 / 144              95 / 220              95 / 220              95 / 220         MB/s
[2020-07-12T01:07:18.923+0000][5284][gc,stats    ]      Memory: Heap Used After Mark                            542 / 558             539 / 1286            539 / 1286            539 / 1286        MB
[2020-07-12T01:07:18.923+0000][5284][gc,stats    ]      Memory: Heap Used After Relocation                       77 / 88               76 / 98               76 / 98               76 / 98          MB
[2020-07-12T01:07:18.924+0000][5284][gc,stats    ]      Memory: Heap Used Before Mark                           530 / 534             526 / 1270            526 / 1270            526 / 1270        MB
[2020-07-12T01:07:18.924+0000][5284][gc,stats    ]      Memory: Heap Used Before Relocation                     119 / 138             158 / 338             158 / 338             158 / 338         MB
[2020-07-12T01:07:18.924+0000][5284][gc,stats    ]      Memory: Out Of Memory                                     0 / 0                 0 / 0                 0 / 0                 0 / 0           ops/s
[2020-07-12T01:07:18.924+0000][5284][gc,stats    ]      Memory: Page Cache Flush                                  0 / 0                 0 / 0                 0 / 0                 0 / 0           MB/s
[2020-07-12T01:07:18.924+0000][5284][gc,stats    ]      Memory: Page Cache Hit L1                                54 / 72               40 / 110              40 / 110              40 / 110         ops/s
[2020-07-12T01:07:18.924+0000][5284][gc,stats    ]      Memory: Page Cache Hit L2                                 0 / 0                 0 / 0                 0 / 0                 0 / 0           ops/s
[2020-07-12T01:07:18.924+0000][5284][gc,stats    ]      Memory: Page Cache Hit L3                                 0 / 0                 7 / 96                7 / 96                7 / 96          ops/s
[2020-07-12T01:07:18.924+0000][5284][gc,stats    ]      Memory: Page Cache Miss                                   0 / 0                 0 / 0                 0 / 0                 0 / 0           ops/s
[2020-07-12T01:07:18.924+0000][5284][gc,stats    ]      Memory: Uncommit                                          0 / 0                 0 / 0                 0 / 0                 0 / 0           MB/s
[2020-07-12T01:07:18.924+0000][5284][gc,stats    ]      Memory: Undo Object Allocation Failed                     0 / 0                 0 / 0                 0 / 0                 0 / 0           ops/s
[2020-07-12T01:07:18.924+0000][5284][gc,stats    ]      Memory: Undo Object Allocation Succeeded                  0 / 0                 0 / 2                 0 / 2                 0 / 2           ops/s
[2020-07-12T01:07:18.924+0000][5284][gc,stats    ]      Memory: Undo Page Allocation                              0 / 0                 0 / 0                 0 / 0                 0 / 0           ops/s
[2020-07-12T01:07:18.924+0000][5284][gc,stats    ]       Phase: Concurrent Mark                              48.324 / 52.398       46.188 / 77.269       46.188 / 77.269       46.188 / 77.269      ms
[2020-07-12T01:07:18.924+0000][5284][gc,stats    ]       Phase: Concurrent Mark Continue                      0.000 / 0.000         0.000 / 0.000         0.000 / 0.000         0.000 / 0.000       ms
[2020-07-12T01:07:18.924+0000][5284][gc,stats    ]       Phase: Concurrent Process Non-Strong References     20.748 / 20.818       17.877 / 21.510       17.877 / 21.510       17.877 / 21.510      ms
[2020-07-12T01:07:18.924+0000][5284][gc,stats    ]       Phase: Concurrent Relocate                           0.889 / 0.903         3.784 / 18.136        3.784 / 18.136        3.784 / 18.136      ms
[2020-07-12T01:07:18.924+0000][5284][gc,stats    ]       Phase: Concurrent Reset Relocation Set               0.004 / 0.004         0.006 / 0.015         0.006 / 0.015         0.006 / 0.015       ms
[2020-07-12T01:07:18.924+0000][5284][gc,stats    ]       Phase: Concurrent Select Relocation Set              0.977 / 0.987         1.312 / 5.622         1.312 / 5.622         1.312 / 5.622       ms
[2020-07-12T01:07:18.924+0000][5284][gc,stats    ]       Phase: Pause Mark End                                0.389 / 0.442         0.312 / 0.442         0.312 / 0.442         0.312 / 0.442       ms
[2020-07-12T01:07:18.924+0000][5284][gc,stats    ]       Phase: Pause Mark Start                              0.116 / 0.118         0.200 / 0.490         0.200 / 0.490         0.200 / 0.490       ms
[2020-07-12T01:07:18.924+0000][5284][gc,stats    ]       Phase: Pause Relocate Start                          0.123 / 0.153         0.194 / 1.014         0.194 / 1.014         0.194 / 1.014       ms
[2020-07-12T01:07:18.924+0000][5284][gc,stats    ]    Subphase: Concurrent Classes Purge                      0.851 / 1.236         0.524 / 1.236         0.524 / 1.236         0.524 / 1.236       ms
[2020-07-12T01:07:18.924+0000][5284][gc,stats    ]    Subphase: Concurrent Classes Unlink                    18.186 / 18.494       15.613 / 19.323       15.613 / 19.323       15.613 / 19.323      ms
[2020-07-12T01:07:18.924+0000][5284][gc,stats    ]    Subphase: Concurrent Mark                              47.820 / 51.886       45.625 / 76.517       45.625 / 76.517       45.625 / 76.517      ms
[2020-07-12T01:07:18.924+0000][5284][gc,stats    ]    Subphase: Concurrent Mark Idle                          0.000 / 0.000         0.000 / 0.000         0.000 / 0.000         0.000 / 0.000       ms
[2020-07-12T01:07:18.924+0000][5284][gc,stats    ]    Subphase: Concurrent Mark Try Flush                     0.214 / 0.617         0.158 / 1.569         0.158 / 1.569         0.158 / 1.569       ms
[2020-07-12T01:07:18.924+0000][5284][gc,stats    ]    Subphase: Concurrent Mark Try Terminate                 0.053 / 0.116         0.066 / 0.756         0.066 / 0.756         0.066 / 0.756       ms
[2020-07-12T01:07:18.924+0000][5284][gc,stats    ]    Subphase: Concurrent References Enqueue                 0.000 / 0.000         0.001 / 0.004         0.001 / 0.004         0.001 / 0.004       ms
[2020-07-12T01:07:18.924+0000][5284][gc,stats    ]    Subphase: Concurrent References Process                 0.508 / 0.527         0.513 / 1.144         0.513 / 1.144         0.513 / 1.144       ms
[2020-07-12T01:07:18.924+0000][5284][gc,stats    ]    Subphase: Concurrent Roots                              0.223 / 0.235         0.230 / 0.362         0.230 / 0.362         0.230 / 0.362       ms
[2020-07-12T01:07:18.924+0000][5284][gc,stats    ]    Subphase: Concurrent Roots ClassLoaderDataGraph         0.219 / 0.231         0.225 / 0.356         0.225 / 0.356         0.225 / 0.356       ms
[2020-07-12T01:07:18.924+0000][5284][gc,stats    ]    Subphase: Concurrent Roots JNIHandles                   0.003 / 0.003         0.003 / 0.005         0.003 / 0.005         0.003 / 0.005       ms
[2020-07-12T01:07:18.924+0000][5284][gc,stats    ]    Subphase: Concurrent Roots Setup                        0.161 / 0.168         0.148 / 0.340         0.148 / 0.340         0.148 / 0.340       ms
[2020-07-12T01:07:18.924+0000][5284][gc,stats    ]    Subphase: Concurrent Roots Teardown                     0.000 / 0.000         0.000 / 0.000         0.000 / 0.000         0.000 / 0.000       ms
[2020-07-12T01:07:18.924+0000][5284][gc,stats    ]    Subphase: Concurrent Roots VMHandles                    0.000 / 0.000         0.000 / 0.000         0.000 / 0.000         0.000 / 0.000       ms
[2020-07-12T01:07:18.924+0000][5284][gc,stats    ]    Subphase: Concurrent Weak Roots                         1.001 / 1.068         0.859 / 1.445         0.859 / 1.445         0.859 / 1.445       ms
[2020-07-12T01:07:18.924+0000][5284][gc,stats    ]    Subphase: Concurrent Weak Roots JNIWeakHandles          0.001 / 0.001         0.001 / 0.004         0.001 / 0.004         0.001 / 0.004       ms
[2020-07-12T01:07:18.924+0000][5284][gc,stats    ]    Subphase: Concurrent Weak Roots ResolvedMethodTable     0.102 / 0.112         0.092 / 0.181         0.092 / 0.181         0.092 / 0.181       ms
[2020-07-12T01:07:18.924+0000][5284][gc,stats    ]    Subphase: Concurrent Weak Roots StringTable             0.837 / 0.899         0.712 / 1.194         0.712 / 1.194         0.712 / 1.194       ms
[2020-07-12T01:07:18.924+0000][5284][gc,stats    ]    Subphase: Concurrent Weak Roots VMWeakHandles           0.058 / 0.064         0.050 / 0.067         0.050 / 0.067         0.050 / 0.067       ms
[2020-07-12T01:07:18.924+0000][5284][gc,stats    ]    Subphase: Pause Mark Try Complete                       0.151 / 0.155         0.131 / 0.181         0.131 / 0.181         0.131 / 0.181       ms
[2020-07-12T01:07:18.924+0000][5284][gc,stats    ]    Subphase: Pause Roots                                   0.040 / 0.124         0.053 / 0.936         0.053 / 0.936         0.053 / 0.936       ms
[2020-07-12T01:07:18.924+0000][5284][gc,stats    ]    Subphase: Pause Roots CodeCache                         0.000 / 0.000         0.000 / 0.000         0.000 / 0.000         0.000 / 0.000       ms
[2020-07-12T01:07:18.924+0000][5284][gc,stats    ]    Subphase: Pause Roots JVMTIExport                       0.001 / 0.002         0.001 / 0.003         0.001 / 0.003         0.001 / 0.003       ms
[2020-07-12T01:07:18.924+0000][5284][gc,stats    ]    Subphase: Pause Roots JVMTIWeakExport                   0.001 / 0.001         0.001 / 0.001         0.001 / 0.001         0.001 / 0.001       ms
[2020-07-12T01:07:18.924+0000][5284][gc,stats    ]    Subphase: Pause Roots Management                        0.001 / 0.001         0.001 / 0.001         0.001 / 0.001         0.001 / 0.001       ms
[2020-07-12T01:07:18.924+0000][5284][gc,stats    ]    Subphase: Pause Roots ObjectSynchronizer                0.000 / 0.001         0.000 / 0.001         0.000 / 0.001         0.000 / 0.001       ms
[2020-07-12T01:07:18.924+0000][5284][gc,stats    ]    Subphase: Pause Roots Setup                             0.000 / 0.000         0.000 / 0.001         0.000 / 0.001         0.000 / 0.001       ms
[2020-07-12T01:07:18.924+0000][5284][gc,stats    ]    Subphase: Pause Roots SystemDictionary                  0.015 / 0.033         0.010 / 0.033         0.010 / 0.033         0.010 / 0.033       ms
[2020-07-12T01:07:18.924+0000][5284][gc,stats    ]    Subphase: Pause Roots Teardown                          0.001 / 0.001         0.001 / 0.012         0.001 / 0.012         0.001 / 0.012       ms
[2020-07-12T01:07:18.924+0000][5284][gc,stats    ]    Subphase: Pause Roots Threads                           0.037 / 0.098         0.057 / 0.913         0.057 / 0.913         0.057 / 0.913       ms
[2020-07-12T01:07:18.924+0000][5284][gc,stats    ]    Subphase: Pause Roots Universe                          0.002 / 0.003         0.002 / 0.008         0.002 / 0.008         0.002 / 0.008       ms
[2020-07-12T01:07:18.924+0000][5284][gc,stats    ]    Subphase: Pause Weak Roots                              0.009 / 0.047         0.009 / 0.063         0.009 / 0.063         0.009 / 0.063       ms
[2020-07-12T01:07:18.924+0000][5284][gc,stats    ]    Subphase: Pause Weak Roots JFRWeak                      0.044 / 0.045         0.044 / 0.060         0.044 / 0.060         0.044 / 0.060       ms
[2020-07-12T01:07:18.924+0000][5284][gc,stats    ]    Subphase: Pause Weak Roots JVMTIWeakExport              0.001 / 0.001         0.001 / 0.001         0.001 / 0.001         0.001 / 0.001       ms
[2020-07-12T01:07:18.924+0000][5284][gc,stats    ]    Subphase: Pause Weak Roots Setup                        0.000 / 0.000         0.000 / 0.000         0.000 / 0.000         0.000 / 0.000       ms
[2020-07-12T01:07:18.924+0000][5284][gc,stats    ]    Subphase: Pause Weak Roots Teardown                     0.000 / 0.000         0.000 / 0.000         0.000 / 0.000         0.000 / 0.000       ms
[2020-07-12T01:07:18.924+0000][5284][gc,stats    ]      System: Java Threads                                     36 / 36               32 / 38               32 / 38               32 / 38          threads
[2020-07-12T01:07:18.924+0000][5284][gc,stats    ] =========================================================================================================================================================
[2020-07-12T01:07:20.724+0000][5284][gc,heap     ] GC(17) Heap before GC invocations=17 (full 17): ZHeap           used 480M, capacity 4096M, max capacity 4096M
[2020-07-12T01:07:20.724+0000][5284][gc,heap     ] GC(17)  Metaspace       used 79818K, capacity 82573K, committed 82756K, reserved 83968K
[2020-07-12T01:07:20.724+0000][5284][gc,start    ] GC(17) Garbage Collection (Proactive)
[2020-07-12T01:07:20.725+0000][5284][gc,phases   ] GC(17) Pause Mark Start 0.101ms
[2020-07-12T01:07:20.725+0000][5284][safepoint   ] Safepoint "ZMarkStart", Time since last: 3831513722 ns, Reaching safepoint: 757553 ns, At safepoint: 125228 ns, Total: 882781 ns
[2020-07-12T01:07:20.772+0000][5284][gc,phases   ] GC(17) Concurrent Mark 47.489ms
[2020-07-12T01:07:20.773+0000][5284][gc,phases   ] GC(17) Pause Mark End 0.293ms
[2020-07-12T01:07:20.773+0000][5284][safepoint   ] Safepoint "ZMarkEnd", Time since last: 47528187 ns, Reaching safepoint: 91317 ns, At safepoint: 317767 ns, Total: 409084 ns
[2020-07-12T01:07:20.796+0000][5284][gc,phases   ] GC(17) Concurrent Process Non-Strong References 22.780ms
[2020-07-12T01:07:20.796+0000][5284][gc,phases   ] GC(17) Concurrent Reset Relocation Set 0.003ms
[2020-07-12T01:07:20.797+0000][5284][gc,phases   ] GC(17) Concurrent Select Relocation Set 0.989ms
[2020-07-12T01:07:20.797+0000][5284][gc,phases   ] GC(17) Pause Relocate Start 0.165ms
[2020-07-12T01:07:20.797+0000][5284][safepoint   ] Safepoint "ZRelocateStart", Time since last: 23870962 ns, Reaching safepoint: 322346 ns, At safepoint: 185395 ns, Total: 507741 ns
[2020-07-12T01:07:20.798+0000][5284][gc,phases   ] GC(17) Concurrent Relocate 0.997ms
[2020-07-12T01:07:20.798+0000][5284][gc,heap     ] GC(17) Heap after GC invocations=18 (full 18): ZHeap           used 106M, capacity 4096M, max capacity 4096M
[2020-07-12T01:07:20.798+0000][5284][gc,heap     ] GC(17)  Metaspace       used 79819K, capacity 82573K, committed 82756K, reserved 83968K
[2020-07-12T01:07:20.798+0000][5284][gc,load     ] GC(17) Load: 0.97/1.00/0.54
[2020-07-12T01:07:20.798+0000][5284][gc,mmu      ] GC(17) MMU: 2ms/49.3%, 5ms/79.7%, 10ms/89.9%, 20ms/94.9%, 50ms/97.3%, 100ms/98.3%
[2020-07-12T01:07:20.798+0000][5284][gc,marking  ] GC(17) Mark: 1 stripe(s), 2 proactive flush(es), 1 terminate flush(es), 1 completion(s), 0 continuation(s) 
[2020-07-12T01:07:20.798+0000][5284][gc,reloc    ] GC(17) Relocation: Successful, 1M relocated
[2020-07-12T01:07:20.798+0000][5284][gc,nmethod  ] GC(17) NMethods: 5125 registered, 252 unregistered
[2020-07-12T01:07:20.798+0000][5284][gc,metaspace] GC(17) Metaspace: 77M used, 80M capacity, 80M committed, 82M reserved
[2020-07-12T01:07:20.798+0000][5284][gc,ref      ] GC(17) Soft: 3917 encountered, 0 discovered, 0 enqueued
[2020-07-12T01:07:20.798+0000][5284][gc,ref      ] GC(17) Weak: 6635 encountered, 4308 discovered, 0 enqueued
[2020-07-12T01:07:20.798+0000][5284][gc,ref      ] GC(17) Final: 2 encountered, 0 discovered, 0 enqueued
[2020-07-12T01:07:20.798+0000][5284][gc,ref      ] GC(17) Phantom: 434 encountered, 293 discovered, 0 enqueued
[2020-07-12T01:07:20.798+0000][5284][gc,heap     ] GC(17) Min Capacity: 4096M(100%)
[2020-07-12T01:07:20.798+0000][5284][gc,heap     ] GC(17) Max Capacity: 4096M(100%)
[2020-07-12T01:07:20.798+0000][5284][gc,heap     ] GC(17) Soft Max Capacity: 4096M(100%)
[2020-07-12T01:07:20.798+0000][5284][gc,heap     ] GC(17)                Mark Start          Mark End        Relocate Start      Relocate End           High               Low         
[2020-07-12T01:07:20.798+0000][5284][gc,heap     ] GC(17)  Capacity:     4096M (100%)       4096M (100%)       4096M (100%)       4096M (100%)       4096M (100%)       4096M (100%)   
[2020-07-12T01:07:20.798+0000][5284][gc,heap     ] GC(17)   Reserve:       42M (1%)           42M (1%)           42M (1%)           42M (1%)           42M (1%)           42M (1%)     
[2020-07-12T01:07:20.798+0000][5284][gc,heap     ] GC(17)      Free:     3574M (87%)        3544M (87%)        3910M (95%)        3948M (96%)        3948M (96%)        3534M (86%)    
[2020-07-12T01:07:20.798+0000][5284][gc,heap     ] GC(17)      Used:      480M (12%)         510M (12%)         144M (4%)          106M (3%)          520M (13%)         106M (3%)     
[2020-07-12T01:07:20.798+0000][5284][gc,heap     ] GC(17)      Live:         -                28M (1%)           28M (1%)           28M (1%)             -                  -          
[2020-07-12T01:07:20.798+0000][5284][gc,heap     ] GC(17) Allocated:         -                30M (1%)           40M (1%)           46M (1%)             -                  -          
[2020-07-12T01:07:20.798+0000][5284][gc,heap     ] GC(17)   Garbage:         -               451M (11%)          75M (2%)           37M (1%)             -                  -          
[2020-07-12T01:07:20.798+0000][5284][gc,heap     ] GC(17) Reclaimed:         -                  -               376M (9%)          414M (10%)            -                  -          
[2020-07-12T01:07:20.798+0000][5284][gc          ] GC(17) Garbage Collection (Proactive) 480M(12%)->106M(3%)
[2020-07-12T01:07:21.798+0000][5284][safepoint   ] Safepoint "Cleanup", Time since last: 1000665601 ns, Reaching safepoint: 79088 ns, At safepoint: 1979 ns, Total: 81067 ns
[2020-07-12T01:07:24.624+0000][5284][gc,heap     ] GC(18) Heap before GC invocations=18 (full 18): ZHeap           used 526M, capacity 4096M, max capacity 4096M
[2020-07-12T01:07:24.624+0000][5284][gc,heap     ] GC(18)  Metaspace       used 79821K, capacity 82573K, committed 82756K, reserved 83968K
[2020-07-12T01:07:24.624+0000][5284][gc,start    ] GC(18) Garbage Collection (Proactive)
[2020-07-12T01:07:24.625+0000][5284][gc,phases   ] GC(18) Pause Mark Start 0.118ms
[2020-07-12T01:07:24.625+0000][5284][safepoint   ] Safepoint "ZMarkStart", Time since last: 2826104885 ns, Reaching safepoint: 510511 ns, At safepoint: 139767 ns, Total: 650278 ns
[2020-07-12T01:07:24.669+0000][5284][gc,phases   ] GC(18) Concurrent Mark 44.666ms
[2020-07-12T01:07:24.670+0000][5284][gc,phases   ] GC(18) Pause Mark End 0.299ms
[2020-07-12T01:07:24.670+0000][5284][safepoint   ] Safepoint "ZMarkEnd", Time since last: 44754380 ns, Reaching safepoint: 47875 ns, At safepoint: 323543 ns, Total: 371418 ns
[2020-07-12T01:07:24.690+0000][5284][gc,phases   ] GC(18) Concurrent Process Non-Strong References 20.600ms
[2020-07-12T01:07:24.691+0000][5284][gc,phases   ] GC(18) Concurrent Reset Relocation Set 0.003ms
[2020-07-12T01:07:24.691+0000][5284][gc,phases   ] GC(18) Concurrent Select Relocation Set 0.954ms
[2020-07-12T01:07:24.693+0000][5284][gc,phases   ] GC(18) Pause Relocate Start 0.106ms
[2020-07-12T01:07:24.693+0000][5284][safepoint   ] Safepoint "ZRelocateStart", Time since last: 21644323 ns, Reaching safepoint: 1856067 ns, At safepoint: 128991 ns, Total: 1985058 ns
[2020-07-12T01:07:24.694+0000][5284][gc,phases   ] GC(18) Concurrent Relocate 0.889ms
[2020-07-12T01:07:24.694+0000][5284][gc,heap     ] GC(18) Heap after GC invocations=19 (full 19): ZHeap           used 98M, capacity 4096M, max capacity 4096M
[2020-07-12T01:07:24.694+0000][5284][gc,heap     ] GC(18)  Metaspace       used 79821K, capacity 82573K, committed 82756K, reserved 83968K
[2020-07-12T01:07:24.694+0000][5284][gc,load     ] GC(18) Load: 0.89/0.98/0.54
[2020-07-12T01:07:24.694+0000][5284][gc,mmu      ] GC(18) MMU: 2ms/49.3%, 5ms/79.7%, 10ms/89.9%, 20ms/94.9%, 50ms/97.3%, 100ms/98.3%
[2020-07-12T01:07:24.694+0000][5284][gc,marking  ] GC(18) Mark: 1 stripe(s), 2 proactive flush(es), 1 terminate flush(es), 1 completion(s), 0 continuation(s) 
[2020-07-12T01:07:24.694+0000][5284][gc,reloc    ] GC(18) Relocation: Successful, 1M relocated
[2020-07-12T01:07:24.694+0000][5284][gc,nmethod  ] GC(18) NMethods: 5139 registered, 252 unregistered
[2020-07-12T01:07:24.694+0000][5284][gc,metaspace] GC(18) Metaspace: 77M used, 80M capacity, 80M committed, 82M reserved
[2020-07-12T01:07:24.694+0000][5284][gc,ref      ] GC(18) Soft: 3917 encountered, 0 discovered, 0 enqueued
[2020-07-12T01:07:24.694+0000][5284][gc,ref      ] GC(18) Weak: 6635 encountered, 4308 discovered, 0 enqueued
[2020-07-12T01:07:24.694+0000][5284][gc,ref      ] GC(18) Final: 2 encountered, 0 discovered, 0 enqueued
[2020-07-12T01:07:24.694+0000][5284][gc,ref      ] GC(18) Phantom: 434 encountered, 293 discovered, 0 enqueued
[2020-07-12T01:07:24.695+0000][5284][gc,heap     ] GC(18) Min Capacity: 4096M(100%)
[2020-07-12T01:07:24.695+0000][5284][gc,heap     ] GC(18) Max Capacity: 4096M(100%)
[2020-07-12T01:07:24.695+0000][5284][gc,heap     ] GC(18) Soft Max Capacity: 4096M(100%)
[2020-07-12T01:07:24.695+0000][5284][gc,heap     ] GC(18)                Mark Start          Mark End        Relocate Start      Relocate End           High               Low         
[2020-07-12T01:07:24.695+0000][5284][gc,heap     ] GC(18)  Capacity:     4096M (100%)       4096M (100%)       4096M (100%)       4096M (100%)       4096M (100%)       4096M (100%)   
[2020-07-12T01:07:24.695+0000][5284][gc,heap     ] GC(18)   Reserve:       42M (1%)           42M (1%)           42M (1%)           42M (1%)           42M (1%)           42M (1%)     
[2020-07-12T01:07:24.695+0000][5284][gc,heap     ] GC(18)      Free:     3526M (86%)        3500M (85%)        3906M (95%)        3956M (97%)        3956M (97%)        3494M (85%)    
[2020-07-12T01:07:24.695+0000][5284][gc,heap     ] GC(18)      Used:      528M (13%)         554M (14%)         148M (4%)           98M (2%)          560M (14%)          98M (2%)     
[2020-07-12T01:07:24.695+0000][5284][gc,heap     ] GC(18)      Live:         -                28M (1%)           28M (1%)           28M (1%)             -                  -          
[2020-07-12T01:07:24.695+0000][5284][gc,heap     ] GC(18) Allocated:         -                26M (1%)           32M (1%)           38M (1%)             -                  -          
[2020-07-12T01:07:24.695+0000][5284][gc,heap     ] GC(18)   Garbage:         -               499M (12%)          87M (2%)           37M (1%)             -                  -          
[2020-07-12T01:07:24.695+0000][5284][gc,heap     ] GC(18) Reclaimed:         -                  -               412M (10%)         462M (11%)            -                  -          
[2020-07-12T01:07:24.695+0000][5284][gc          ] GC(18) Garbage Collection (Proactive) 528M(13%)->98M(2%)
[2020-07-12T01:07:28.623+0000][5284][gc,heap     ] GC(19) Heap before GC invocations=19 (full 19): ZHeap           used 534M, capacity 4096M, max capacity 4096M
[2020-07-12T01:07:28.623+0000][5284][gc,heap     ] GC(19)  Metaspace       used 79827K, capacity 82573K, committed 82756K, reserved 83968K
[2020-07-12T01:07:28.623+0000][5284][gc,start    ] GC(19) Garbage Collection (Proactive)
[2020-07-12T01:07:28.623+0000][5284][gc,phases   ] GC(19) Pause Mark Start 0.095ms
[2020-07-12T01:07:28.623+0000][5284][safepoint   ] Safepoint "ZMarkStart", Time since last: 3929817679 ns, Reaching safepoint: 55313 ns, At safepoint: 120337 ns, Total: 175650 ns
[2020-07-12T01:07:28.667+0000][5284][gc,phases   ] GC(19) Concurrent Mark 43.496ms
[2020-07-12T01:07:28.668+0000][5284][gc,phases   ] GC(19) Pause Mark End 0.343ms
[2020-07-12T01:07:28.668+0000][5284][safepoint   ] Safepoint "ZMarkEnd", Time since last: 43624643 ns, Reaching safepoint: 58077 ns, At safepoint: 360035 ns, Total: 418112 ns
[2020-07-12T01:07:28.688+0000][5284][gc,phases   ] GC(19) Concurrent Process Non-Strong References 20.336ms
[2020-07-12T01:07:28.688+0000][5284][gc,phases   ] GC(19) Concurrent Reset Relocation Set 0.003ms
[2020-07-12T01:07:28.689+0000][5284][gc,phases   ] GC(19) Concurrent Select Relocation Set 0.959ms
[2020-07-12T01:07:28.689+0000][5284][gc,phases   ] GC(19) Pause Relocate Start 0.101ms
[2020-07-12T01:07:28.689+0000][5284][safepoint   ] Safepoint "ZRelocateStart", Time since last: 21421313 ns, Reaching safepoint: 90872 ns, At safepoint: 117447 ns, Total: 208319 ns
[2020-07-12T01:07:28.690+0000][5284][gc,phases   ] GC(19) Concurrent Relocate 0.938ms
[2020-07-12T01:07:28.690+0000][5284][gc,heap     ] GC(19) Heap after GC invocations=20 (full 20): ZHeap           used 76M, capacity 4096M, max capacity 4096M
[2020-07-12T01:07:28.690+0000][5284][gc,heap     ] GC(19)  Metaspace       used 79827K, capacity 82573K, committed 82756K, reserved 83968K
[2020-07-12T01:07:28.690+0000][5284][gc,load     ] GC(19) Load: 0.90/0.98/0.54
[2020-07-12T01:07:28.690+0000][5284][gc,mmu      ] GC(19) MMU: 2ms/49.3%, 5ms/79.7%, 10ms/89.9%, 20ms/94.9%, 50ms/97.3%, 100ms/98.3%
[2020-07-12T01:07:28.690+0000][5284][gc,marking  ] GC(19) Mark: 1 stripe(s), 2 proactive flush(es), 1 terminate flush(es), 1 completion(s), 0 continuation(s) 
[2020-07-12T01:07:28.690+0000][5284][gc,reloc    ] GC(19) Relocation: Successful, 1M relocated
[2020-07-12T01:07:28.690+0000][5284][gc,nmethod  ] GC(19) NMethods: 5146 registered, 252 unregistered
[2020-07-12T01:07:28.690+0000][5284][gc,metaspace] GC(19) Metaspace: 77M used, 80M capacity, 80M committed, 82M reserved
[2020-07-12T01:07:28.690+0000][5284][gc,ref      ] GC(19) Soft: 3917 encountered, 0 discovered, 0 enqueued
[2020-07-12T01:07:28.690+0000][5284][gc,ref      ] GC(19) Weak: 6634 encountered, 4296 discovered, 0 enqueued
[2020-07-12T01:07:28.690+0000][5284][gc,ref      ] GC(19) Final: 2 encountered, 0 discovered, 0 enqueued
[2020-07-12T01:07:28.690+0000][5284][gc,ref      ] GC(19) Phantom: 434 encountered, 293 discovered, 0 enqueued
[2020-07-12T01:07:28.690+0000][5284][gc,heap     ] GC(19) Min Capacity: 4096M(100%)
[2020-07-12T01:07:28.690+0000][5284][gc,heap     ] GC(19) Max Capacity: 4096M(100%)
[2020-07-12T01:07:28.690+0000][5284][gc,heap     ] GC(19) Soft Max Capacity: 4096M(100%)
[2020-07-12T01:07:28.690+0000][5284][gc,heap     ] GC(19)                Mark Start          Mark End        Relocate Start      Relocate End           High               Low         
[2020-07-12T01:07:28.690+0000][5284][gc,heap     ] GC(19)  Capacity:     4096M (100%)       4096M (100%)       4096M (100%)       4096M (100%)       4096M (100%)       4096M (100%)   
[2020-07-12T01:07:28.690+0000][5284][gc,heap     ] GC(19)   Reserve:       42M (1%)           42M (1%)           42M (1%)           42M (1%)           42M (1%)           42M (1%)     
[2020-07-12T01:07:28.690+0000][5284][gc,heap     ] GC(19)      Free:     3520M (86%)        3506M (86%)        3936M (96%)        3978M (97%)        3978M (97%)        3506M (86%)    
[2020-07-12T01:07:28.690+0000][5284][gc,heap     ] GC(19)      Used:      534M (13%)         548M (13%)         118M (3%)           76M (2%)          548M (13%)          76M (2%)     
[2020-07-12T01:07:28.690+0000][5284][gc,heap     ] GC(19)      Live:         -                28M (1%)           28M (1%)           28M (1%)             -                  -          
[2020-07-12T01:07:28.690+0000][5284][gc,heap     ] GC(19) Allocated:         -                14M (0%)           14M (0%)           16M (0%)             -                  -          
[2020-07-12T01:07:28.690+0000][5284][gc,heap     ] GC(19)   Garbage:         -               505M (12%)          75M (2%)           33M (1%)             -                  -          
[2020-07-12T01:07:28.690+0000][5284][gc,heap     ] GC(19) Reclaimed:         -                  -               430M (10%)         472M (12%)            -                  -          
[2020-07-12T01:07:28.690+0000][5284][gc          ] GC(19) Garbage Collection (Proactive) 534M(13%)->76M(2%)
[2020-07-12T01:07:28.926+0000][5284][gc,stats    ] === Garbage Collection Statistics =======================================================================================================================
[2020-07-12T01:07:28.926+0000][5284][gc,stats    ]                                                              Last 10s              Last 10m              Last 10h                Total
[2020-07-12T01:07:28.926+0000][5284][gc,stats    ]                                                              Avg / Max             Avg / Max             Avg / Max             Avg / Max
[2020-07-12T01:07:28.926+0000][5284][gc,stats    ]   Collector: Garbage Collection Cycle                     70.543 / 74.334       71.281 / 117.511      71.281 / 117.511      71.281 / 117.511     ms
[2020-07-12T01:07:28.926+0000][5284][gc,stats    ]  Contention: Mark Segment Reset Contention                     0 / 0                 0 / 0                 0 / 0                 0 / 0           ops/s
[2020-07-12T01:07:28.926+0000][5284][gc,stats    ]  Contention: Mark SeqNum Reset Contention                      0 / 0                 0 / 0                 0 / 0                 0 / 0           ops/s
[2020-07-12T01:07:28.926+0000][5284][gc,stats    ]  Contention: Relocation Contention                             0 / 0                 0 / 2                 0 / 2                 0 / 2           ops/s
[2020-07-12T01:07:28.926+0000][5284][gc,stats    ]    Critical: Allocation Stall                              0.000 / 0.000         0.000 / 0.000         0.000 / 0.000         0.000 / 0.000       ms
[2020-07-12T01:07:28.926+0000][5284][gc,stats    ]    Critical: Allocation Stall                                  0 / 0                 0 / 0                 0 / 0                 0 / 0           ops/s
[2020-07-12T01:07:28.926+0000][5284][gc,stats    ]    Critical: GC Locker Stall                               0.000 / 0.000         0.093 / 0.093         0.093 / 0.093         0.093 / 0.093       ms
[2020-07-12T01:07:28.926+0000][5284][gc,stats    ]    Critical: GC Locker Stall                                   0 / 0                 0 / 1                 0 / 1                 0 / 1           ops/s
[2020-07-12T01:07:28.926+0000][5284][gc,stats    ]      Memory: Allocation Rate                                 118 / 196              97 / 220              97 / 220              97 / 220         MB/s
[2020-07-12T01:07:28.926+0000][5284][gc,stats    ]      Memory: Heap Used After Mark                            537 / 554             539 / 1286            539 / 1286            539 / 1286        MB
[2020-07-12T01:07:28.926+0000][5284][gc,stats    ]      Memory: Heap Used After Relocation                       93 / 106              78 / 106              78 / 106              78 / 106         MB
[2020-07-12T01:07:28.926+0000][5284][gc,stats    ]      Memory: Heap Used Before Mark                           514 / 534             524 / 1270            524 / 1270            524 / 1270        MB
[2020-07-12T01:07:28.926+0000][5284][gc,stats    ]      Memory: Heap Used Before Relocation                     136 / 148             155 / 338             155 / 338             155 / 338         MB
[2020-07-12T01:07:28.926+0000][5284][gc,stats    ]      Memory: Out Of Memory                                     0 / 0                 0 / 0                 0 / 0                 0 / 0           ops/s
[2020-07-12T01:07:28.926+0000][5284][gc,stats    ]      Memory: Page Cache Flush                                  0 / 0                 0 / 0                 0 / 0                 0 / 0           MB/s
[2020-07-12T01:07:28.926+0000][5284][gc,stats    ]      Memory: Page Cache Hit L1                                59 / 98               42 / 110              42 / 110              42 / 110         ops/s
[2020-07-12T01:07:28.926+0000][5284][gc,stats    ]      Memory: Page Cache Hit L2                                 0 / 0                 0 / 0                 0 / 0                 0 / 0           ops/s
[2020-07-12T01:07:28.926+0000][5284][gc,stats    ]      Memory: Page Cache Hit L3                                 0 / 0                 6 / 96                6 / 96                6 / 96          ops/s
[2020-07-12T01:07:28.926+0000][5284][gc,stats    ]      Memory: Page Cache Miss                                   0 / 0                 0 / 0                 0 / 0                 0 / 0           ops/s
[2020-07-12T01:07:28.926+0000][5284][gc,stats    ]      Memory: Uncommit                                          0 / 0                 0 / 0                 0 / 0                 0 / 0           MB/s
[2020-07-12T01:07:28.926+0000][5284][gc,stats    ]      Memory: Undo Object Allocation Failed                     0 / 0                 0 / 0                 0 / 0                 0 / 0           ops/s
[2020-07-12T01:07:28.926+0000][5284][gc,stats    ]      Memory: Undo Object Allocation Succeeded                  0 / 0                 0 / 2                 0 / 2                 0 / 2           ops/s
[2020-07-12T01:07:28.926+0000][5284][gc,stats    ]      Memory: Undo Page Allocation                              0 / 0                 0 / 0                 0 / 0                 0 / 0           ops/s
[2020-07-12T01:07:28.926+0000][5284][gc,stats    ]       Phase: Concurrent Mark                              45.217 / 47.489       46.042 / 77.269       46.042 / 77.269       46.042 / 77.269      ms
[2020-07-12T01:07:28.927+0000][5284][gc,stats    ]       Phase: Concurrent Mark Continue                      0.000 / 0.000         0.000 / 0.000         0.000 / 0.000         0.000 / 0.000       ms
[2020-07-12T01:07:28.927+0000][5284][gc,stats    ]       Phase: Concurrent Process Non-Strong References     21.239 / 22.780       18.381 / 22.780       18.381 / 22.780       18.381 / 22.780      ms
[2020-07-12T01:07:28.927+0000][5284][gc,stats    ]       Phase: Concurrent Relocate                           0.942 / 0.997         3.357 / 18.136        3.357 / 18.136        3.357 / 18.136      ms
[2020-07-12T01:07:28.927+0000][5284][gc,stats    ]       Phase: Concurrent Reset Relocation Set               0.003 / 0.003         0.005 / 0.015         0.005 / 0.015         0.005 / 0.015       ms
[2020-07-12T01:07:28.927+0000][5284][gc,stats    ]       Phase: Concurrent Select Relocation Set              0.967 / 0.989         1.261 / 5.622         1.261 / 5.622         1.261 / 5.622       ms
[2020-07-12T01:07:28.927+0000][5284][gc,stats    ]       Phase: Pause Mark End                                0.312 / 0.343         0.312 / 0.442         0.312 / 0.442         0.312 / 0.442       ms
[2020-07-12T01:07:28.927+0000][5284][gc,stats    ]       Phase: Pause Mark Start                              0.105 / 0.118         0.186 / 0.490         0.186 / 0.490         0.186 / 0.490       ms
[2020-07-12T01:07:28.927+0000][5284][gc,stats    ]       Phase: Pause Relocate Start                          0.124 / 0.165         0.184 / 1.014         0.184 / 1.014         0.184 / 1.014       ms
[2020-07-12T01:07:28.927+0000][5284][gc,stats    ]    Subphase: Concurrent Classes Purge                      0.559 / 0.665         0.529 / 1.236         0.529 / 1.236         0.529 / 1.236       ms
[2020-07-12T01:07:28.927+0000][5284][gc,stats    ]    Subphase: Concurrent Classes Unlink                    19.233 / 20.666       16.156 / 20.666       16.156 / 20.666       16.156 / 20.666      ms
[2020-07-12T01:07:28.927+0000][5284][gc,stats    ]    Subphase: Concurrent Mark                              44.704 / 47.051       45.487 / 76.517       45.487 / 76.517       45.487 / 76.517      ms
[2020-07-12T01:07:28.927+0000][5284][gc,stats    ]    Subphase: Concurrent Mark Idle                          0.000 / 0.000         0.000 / 0.000         0.000 / 0.000         0.000 / 0.000       ms
[2020-07-12T01:07:28.927+0000][5284][gc,stats    ]    Subphase: Concurrent Mark Try Flush                     0.074 / 0.101         0.145 / 1.569         0.145 / 1.569         0.145 / 1.569       ms
[2020-07-12T01:07:28.927+0000][5284][gc,stats    ]    Subphase: Concurrent Mark Try Terminate                 0.031 / 0.081         0.060 / 0.756         0.060 / 0.756         0.060 / 0.756       ms
[2020-07-12T01:07:28.927+0000][5284][gc,stats    ]    Subphase: Concurrent References Enqueue                 0.000 / 0.000         0.001 / 0.004         0.001 / 0.004         0.001 / 0.004       ms
[2020-07-12T01:07:28.927+0000][5284][gc,stats    ]    Subphase: Concurrent References Process                 0.427 / 0.438         0.500 / 1.144         0.500 / 1.144         0.500 / 1.144       ms
[2020-07-12T01:07:28.927+0000][5284][gc,stats    ]    Subphase: Concurrent Roots                              0.246 / 0.270         0.233 / 0.362         0.233 / 0.362         0.233 / 0.362       ms
[2020-07-12T01:07:28.927+0000][5284][gc,stats    ]    Subphase: Concurrent Roots ClassLoaderDataGraph         0.241 / 0.265         0.228 / 0.356         0.228 / 0.356         0.228 / 0.356       ms
[2020-07-12T01:07:28.927+0000][5284][gc,stats    ]    Subphase: Concurrent Roots JNIHandles                   0.003 / 0.003         0.003 / 0.005         0.003 / 0.005         0.003 / 0.005       ms
[2020-07-12T01:07:28.927+0000][5284][gc,stats    ]    Subphase: Concurrent Roots Setup                        0.166 / 0.169         0.151 / 0.340         0.151 / 0.340         0.151 / 0.340       ms
[2020-07-12T01:07:28.927+0000][5284][gc,stats    ]    Subphase: Concurrent Roots Teardown                     0.000 / 0.000         0.000 / 0.000         0.000 / 0.000         0.000 / 0.000       ms
[2020-07-12T01:07:28.927+0000][5284][gc,stats    ]    Subphase: Concurrent Roots VMHandles                    0.000 / 0.000         0.000 / 0.000         0.000 / 0.000         0.000 / 0.000       ms
[2020-07-12T01:07:28.927+0000][5284][gc,stats    ]    Subphase: Concurrent Weak Roots                         0.881 / 0.946         0.862 / 1.445         0.862 / 1.445         0.862 / 1.445       ms
[2020-07-12T01:07:28.927+0000][5284][gc,stats    ]    Subphase: Concurrent Weak Roots JNIWeakHandles          0.000 / 0.001         0.001 / 0.004         0.001 / 0.004         0.001 / 0.004       ms
[2020-07-12T01:07:28.927+0000][5284][gc,stats    ]    Subphase: Concurrent Weak Roots ResolvedMethodTable     0.089 / 0.093         0.092 / 0.181         0.092 / 0.181         0.092 / 0.181       ms
[2020-07-12T01:07:28.928+0000][5284][gc,stats    ]    Subphase: Concurrent Weak Roots StringTable             0.732 / 0.803         0.715 / 1.194         0.715 / 1.194         0.715 / 1.194       ms
[2020-07-12T01:07:28.928+0000][5284][gc,stats    ]    Subphase: Concurrent Weak Roots VMWeakHandles           0.056 / 0.062         0.051 / 0.067         0.051 / 0.067         0.051 / 0.067       ms
[2020-07-12T01:07:28.928+0000][5284][gc,stats    ]    Subphase: Pause Mark Try Complete                       0.145 / 0.151         0.133 / 0.181         0.133 / 0.181         0.133 / 0.181       ms
[2020-07-12T01:07:28.928+0000][5284][gc,stats    ]    Subphase: Pause Roots                                   0.029 / 0.077         0.049 / 0.936         0.049 / 0.936         0.049 / 0.936       ms
[2020-07-12T01:07:28.928+0000][5284][gc,stats    ]    Subphase: Pause Roots CodeCache                         0.000 / 0.000         0.000 / 0.000         0.000 / 0.000         0.000 / 0.000       ms
[2020-07-12T01:07:28.928+0000][5284][gc,stats    ]    Subphase: Pause Roots JVMTIExport                       0.002 / 0.002         0.001 / 0.003         0.001 / 0.003         0.001 / 0.003       ms
[2020-07-12T01:07:28.928+0000][5284][gc,stats    ]    Subphase: Pause Roots JVMTIWeakExport                   0.001 / 0.001         0.001 / 0.001         0.001 / 0.001         0.001 / 0.001       ms
[2020-07-12T01:07:28.928+0000][5284][gc,stats    ]    Subphase: Pause Roots Management                        0.001 / 0.001         0.001 / 0.001         0.001 / 0.001         0.001 / 0.001       ms
[2020-07-12T01:07:28.928+0000][5284][gc,stats    ]    Subphase: Pause Roots ObjectSynchronizer                0.000 / 0.001         0.000 / 0.001         0.000 / 0.001         0.000 / 0.001       ms
[2020-07-12T01:07:28.928+0000][5284][gc,stats    ]    Subphase: Pause Roots Setup                             0.000 / 0.000         0.000 / 0.001         0.000 / 0.001         0.000 / 0.001       ms
[2020-07-12T01:07:28.928+0000][5284][gc,stats    ]    Subphase: Pause Roots SystemDictionary                  0.009 / 0.012         0.010 / 0.033         0.010 / 0.033         0.010 / 0.033       ms
[2020-07-12T01:07:28.928+0000][5284][gc,stats    ]    Subphase: Pause Roots Teardown                          0.001 / 0.002         0.001 / 0.012         0.001 / 0.012         0.001 / 0.012       ms
[2020-07-12T01:07:28.928+0000][5284][gc,stats    ]    Subphase: Pause Roots Threads                           0.032 / 0.061         0.054 / 0.913         0.054 / 0.913         0.054 / 0.913       ms
[2020-07-12T01:07:28.928+0000][5284][gc,stats    ]    Subphase: Pause Roots Universe                          0.002 / 0.003         0.002 / 0.008         0.002 / 0.008         0.002 / 0.008       ms
[2020-07-12T01:07:28.928+0000][5284][gc,stats    ]    Subphase: Pause Weak Roots                              0.009 / 0.047         0.009 / 0.063         0.009 / 0.063         0.009 / 0.063       ms
[2020-07-12T01:07:28.928+0000][5284][gc,stats    ]    Subphase: Pause Weak Roots JFRWeak                      0.040 / 0.045         0.044 / 0.060         0.044 / 0.060         0.044 / 0.060       ms
[2020-07-12T01:07:28.928+0000][5284][gc,stats    ]    Subphase: Pause Weak Roots JVMTIWeakExport              0.001 / 0.001         0.001 / 0.001         0.001 / 0.001         0.001 / 0.001       ms
[2020-07-12T01:07:28.928+0000][5284][gc,stats    ]    Subphase: Pause Weak Roots Setup                        0.000 / 0.000         0.000 / 0.000         0.000 / 0.000         0.000 / 0.000       ms
[2020-07-12T01:07:28.928+0000][5284][gc,stats    ]    Subphase: Pause Weak Roots Teardown                     0.000 / 0.000         0.000 / 0.000         0.000 / 0.000         0.000 / 0.000       ms
[2020-07-12T01:07:28.928+0000][5284][gc,stats    ]      System: Java Threads                                     36 / 36               33 / 38               33 / 38               33 / 38          threads
[2020-07-12T01:07:28.928+0000][5284][gc,stats    ] =========================================================================================================================================================
[2020-07-12T01:07:31.695+0000][5284][safepoint   ] Safepoint "Cleanup", Time since last: 3005886543 ns, Reaching safepoint: 90505 ns, At safepoint: 1486 ns, Total: 91991 ns
[2020-07-12T01:07:32.324+0000][5284][gc,heap     ] GC(20) Heap before GC invocations=20 (full 20): ZHeap           used 486M, capacity 4096M, max capacity 4096M
[2020-07-12T01:07:32.324+0000][5284][gc,heap     ] GC(20)  Metaspace       used 79838K, capacity 82641K, committed 82756K, reserved 83968K
[2020-07-12T01:07:32.324+0000][5284][gc,start    ] GC(20) Garbage Collection (Proactive)
[2020-07-12T01:07:32.324+0000][5284][gc,phases   ] GC(20) Pause Mark Start 0.125ms
[2020-07-12T01:07:32.324+0000][5284][safepoint   ] Safepoint "ZMarkStart", Time since last: 628732433 ns, Reaching safepoint: 66511 ns, At safepoint: 141313 ns, Total: 207824 ns
[2020-07-12T01:07:32.371+0000][5284][gc,phases   ] GC(20) Concurrent Mark 46.868ms
[2020-07-12T01:07:32.371+0000][5284][gc,phases   ] GC(20) Pause Mark End 0.293ms
[2020-07-12T01:07:32.371+0000][5284][safepoint   ] Safepoint "ZMarkEnd", Time since last: 47028634 ns, Reaching safepoint: 66500 ns, At safepoint: 317336 ns, Total: 383836 ns
[2020-07-12T01:07:32.392+0000][5284][gc,phases   ] GC(20) Concurrent Process Non-Strong References 20.605ms
[2020-07-12T01:07:32.392+0000][5284][gc,phases   ] GC(20) Concurrent Reset Relocation Set 0.003ms
[2020-07-12T01:07:32.393+0000][5284][gc,phases   ] GC(20) Concurrent Select Relocation Set 0.995ms
[2020-07-12T01:07:32.393+0000][5284][gc,phases   ] GC(20) Pause Relocate Start 0.096ms
[2020-07-12T01:07:32.393+0000][5284][safepoint   ] Safepoint "ZRelocateStart", Time since last: 21766058 ns, Reaching safepoint: 57009 ns, At safepoint: 114803 ns, Total: 171812 ns
[2020-07-12T01:07:32.394+0000][5284][gc,phases   ] GC(20) Concurrent Relocate 0.911ms
[2020-07-12T01:07:32.394+0000][5284][gc,heap     ] GC(20) Heap after GC invocations=21 (full 21): ZHeap           used 68M, capacity 4096M, max capacity 4096M
[2020-07-12T01:07:32.394+0000][5284][gc,heap     ] GC(20)  Metaspace       used 79838K, capacity 82641K, committed 82756K, reserved 83968K
[2020-07-12T01:07:32.394+0000][5284][gc,load     ] GC(20) Load: 0.90/0.98/0.54
[2020-07-12T01:07:32.394+0000][5284][gc,mmu      ] GC(20) MMU: 2ms/49.3%, 5ms/79.7%, 10ms/89.9%, 20ms/94.9%, 50ms/97.3%, 100ms/98.3%
[2020-07-12T01:07:32.394+0000][5284][gc,marking  ] GC(20) Mark: 1 stripe(s), 2 proactive flush(es), 1 terminate flush(es), 1 completion(s), 0 continuation(s) 
[2020-07-12T01:07:32.394+0000][5284][gc,reloc    ] GC(20) Relocation: Successful, 1M relocated
[2020-07-12T01:07:32.394+0000][5284][gc,nmethod  ] GC(20) NMethods: 5155 registered, 252 unregistered
[2020-07-12T01:07:32.394+0000][5284][gc,metaspace] GC(20) Metaspace: 77M used, 80M capacity, 80M committed, 82M reserved
[2020-07-12T01:07:32.394+0000][5284][gc,ref      ] GC(20) Soft: 3917 encountered, 0 discovered, 0 enqueued
[2020-07-12T01:07:32.394+0000][5284][gc,ref      ] GC(20) Weak: 6636 encountered, 4298 discovered, 0 enqueued
[2020-07-12T01:07:32.395+0000][5284][gc,ref      ] GC(20) Final: 2 encountered, 0 discovered, 0 enqueued
[2020-07-12T01:07:32.395+0000][5284][gc,ref      ] GC(20) Phantom: 434 encountered, 293 discovered, 0 enqueued
[2020-07-12T01:07:32.395+0000][5284][gc,heap     ] GC(20) Min Capacity: 4096M(100%)
[2020-07-12T01:07:32.395+0000][5284][gc,heap     ] GC(20) Max Capacity: 4096M(100%)
[2020-07-12T01:07:32.395+0000][5284][gc,heap     ] GC(20) Soft Max Capacity: 4096M(100%)
[2020-07-12T01:07:32.395+0000][5284][gc,heap     ] GC(20)                Mark Start          Mark End        Relocate Start      Relocate End           High               Low         
[2020-07-12T01:07:32.395+0000][5284][gc,heap     ] GC(20)  Capacity:     4096M (100%)       4096M (100%)       4096M (100%)       4096M (100%)       4096M (100%)       4096M (100%)   
[2020-07-12T01:07:32.395+0000][5284][gc,heap     ] GC(20)   Reserve:       42M (1%)           42M (1%)           42M (1%)           42M (1%)           42M (1%)           42M (1%)     
[2020-07-12T01:07:32.395+0000][5284][gc,heap     ] GC(20)      Free:     3568M (87%)        3566M (87%)        3950M (96%)        3986M (97%)        3986M (97%)        3566M (87%)    
[2020-07-12T01:07:32.395+0000][5284][gc,heap     ] GC(20)      Used:      486M (12%)         488M (12%)         104M (3%)           68M (2%)          488M (12%)          68M (2%)     
[2020-07-12T01:07:32.395+0000][5284][gc,heap     ] GC(20)      Live:         -                28M (1%)           28M (1%)           28M (1%)             -                  -          
[2020-07-12T01:07:32.395+0000][5284][gc,heap     ] GC(20) Allocated:         -                 2M (0%)            2M (0%)            8M (0%)             -                  -          
[2020-07-12T01:07:32.395+0000][5284][gc,heap     ] GC(20)   Garbage:         -               457M (11%)          73M (2%)           37M (1%)             -                  -          
[2020-07-12T01:07:32.395+0000][5284][gc,heap     ] GC(20) Reclaimed:         -                  -               384M (9%)          420M (10%)            -                  -          
[2020-07-12T01:07:32.395+0000][5284][gc          ] GC(20) Garbage Collection (Proactive) 486M(12%)->68M(2%)
[2020-07-12T01:07:36.024+0000][5284][gc,heap     ] GC(21) Heap before GC invocations=21 (full 21): ZHeap           used 532M, capacity 4096M, max capacity 4096M
[2020-07-12T01:07:36.024+0000][5284][gc,heap     ] GC(21)  Metaspace       used 79846K, capacity 82645K, committed 82756K, reserved 83968K
[2020-07-12T01:07:36.024+0000][5284][gc,start    ] GC(21) Garbage Collection (Proactive)
[2020-07-12T01:07:36.026+0000][5284][gc,phases   ] GC(21) Pause Mark Start 0.724ms
[2020-07-12T01:07:36.026+0000][5284][safepoint   ] Safepoint "ZMarkStart", Time since last: 3631101816 ns, Reaching safepoint: 518142 ns, At safepoint: 846166 ns, Total: 1364308 ns
[2020-07-12T01:07:36.074+0000][5284][gc,phases   ] GC(21) Concurrent Mark 48.187ms
[2020-07-12T01:07:36.075+0000][5284][gc,phases   ] GC(21) Pause Mark End 0.314ms
[2020-07-12T01:07:36.075+0000][5284][safepoint   ] Safepoint "ZMarkEnd", Time since last: 48475468 ns, Reaching safepoint: 85977 ns, At safepoint: 335293 ns, Total: 421270 ns
[2020-07-12T01:07:36.096+0000][5284][gc,phases   ] GC(21) Concurrent Process Non-Strong References 21.448ms
[2020-07-12T01:07:36.096+0000][5284][gc,phases   ] GC(21) Concurrent Reset Relocation Set 0.004ms
[2020-07-12T01:07:36.097+0000][5284][gc,phases   ] GC(21) Concurrent Select Relocation Set 1.008ms
[2020-07-12T01:07:36.098+0000][5284][gc,phases   ] GC(21) Pause Relocate Start 0.086ms
[2020-07-12T01:07:36.098+0000][5284][safepoint   ] Safepoint "ZRelocateStart", Time since last: 22579455 ns, Reaching safepoint: 69734 ns, At safepoint: 102543 ns, Total: 172277 ns
[2020-07-12T01:07:36.099+0000][5284][gc,phases   ] GC(21) Concurrent Relocate 0.935ms
[2020-07-12T01:07:36.099+0000][5284][gc,heap     ] GC(21) Heap after GC invocations=22 (full 22): ZHeap           used 70M, capacity 4096M, max capacity 4096M
[2020-07-12T01:07:36.099+0000][5284][gc,heap     ] GC(21)  Metaspace       used 79846K, capacity 82645K, committed 82756K, reserved 83968K
[2020-07-12T01:07:36.099+0000][5284][gc,load     ] GC(21) Load: 0.83/0.97/0.54
[2020-07-12T01:07:36.099+0000][5284][gc,mmu      ] GC(21) MMU: 2ms/49.3%, 5ms/79.7%, 10ms/89.9%, 20ms/94.9%, 50ms/97.3%, 100ms/98.3%
[2020-07-12T01:07:36.099+0000][5284][gc,marking  ] GC(21) Mark: 1 stripe(s), 2 proactive flush(es), 1 terminate flush(es), 1 completion(s), 0 continuation(s) 
[2020-07-12T01:07:36.099+0000][5284][gc,reloc    ] GC(21) Relocation: Successful, 1M relocated
[2020-07-12T01:07:36.099+0000][5284][gc,nmethod  ] GC(21) NMethods: 5158 registered, 252 unregistered
[2020-07-12T01:07:36.099+0000][5284][gc,metaspace] GC(21) Metaspace: 77M used, 80M capacity, 80M committed, 82M reserved
[2020-07-12T01:07:36.099+0000][5284][gc,ref      ] GC(21) Soft: 3917 encountered, 0 discovered, 0 enqueued
[2020-07-12T01:07:36.099+0000][5284][gc,ref      ] GC(21) Weak: 6637 encountered, 4310 discovered, 0 enqueued
[2020-07-12T01:07:36.099+0000][5284][gc,ref      ] GC(21) Final: 2 encountered, 0 discovered, 0 enqueued
[2020-07-12T01:07:36.099+0000][5284][gc,ref      ] GC(21) Phantom: 434 encountered, 293 discovered, 0 enqueued
[2020-07-12T01:07:36.099+0000][5284][gc,heap     ] GC(21) Min Capacity: 4096M(100%)
[2020-07-12T01:07:36.099+0000][5284][gc,heap     ] GC(21) Max Capacity: 4096M(100%)
[2020-07-12T01:07:36.099+0000][5284][gc,heap     ] GC(21) Soft Max Capacity: 4096M(100%)
[2020-07-12T01:07:36.099+0000][5284][gc,heap     ] GC(21)                Mark Start          Mark End        Relocate Start      Relocate End           High               Low         
[2020-07-12T01:07:36.099+0000][5284][gc,heap     ] GC(21)  Capacity:     4096M (100%)       4096M (100%)       4096M (100%)       4096M (100%)       4096M (100%)       4096M (100%)   
[2020-07-12T01:07:36.099+0000][5284][gc,heap     ] GC(21)   Reserve:       42M (1%)           42M (1%)           42M (1%)           42M (1%)           42M (1%)           42M (1%)     
[2020-07-12T01:07:36.099+0000][5284][gc,heap     ] GC(21)      Free:     3522M (86%)        3520M (86%)        3952M (96%)        3984M (97%)        3984M (97%)        3520M (86%)    
[2020-07-12T01:07:36.099+0000][5284][gc,heap     ] GC(21)      Used:      532M (13%)         534M (13%)         102M (2%)           70M (2%)          534M (13%)          70M (2%)     
[2020-07-12T01:07:36.099+0000][5284][gc,heap     ] GC(21)      Live:         -                28M (1%)           28M (1%)           28M (1%)             -                  -          
[2020-07-12T01:07:36.099+0000][5284][gc,heap     ] GC(21) Allocated:         -                 2M (0%)            2M (0%)           10M (0%)             -                  -          
[2020-07-12T01:07:36.099+0000][5284][gc,heap     ] GC(21)   Garbage:         -               503M (12%)          71M (2%)           39M (1%)             -                  -          
[2020-07-12T01:07:36.099+0000][5284][gc,heap     ] GC(21) Reclaimed:         -                  -               432M (11%)         464M (11%)            -                  -          
[2020-07-12T01:07:36.099+0000][5284][gc          ] GC(21) Garbage Collection (Proactive) 532M(13%)->70M(2%)
[2020-07-12T01:07:37.098+0000][5284][safepoint   ] Safepoint "Cleanup", Time since last: 1000109182 ns, Reaching safepoint: 120598 ns, At safepoint: 4133 ns, Total: 124731 ns
[2020-07-12T01:07:38.098+0000][5284][safepoint   ] Safepoint "Cleanup", Time since last: 1000412009 ns, Reaching safepoint: 94981 ns, At safepoint: 2397 ns, Total: 97378 ns
[2020-07-12T01:07:38.924+0000][5284][gc,stats    ] === Garbage Collection Statistics =======================================================================================================================
[2020-07-12T01:07:38.924+0000][5284][gc,stats    ]                                                              Last 10s              Last 10m              Last 10h                Total
[2020-07-12T01:07:38.924+0000][5284][gc,stats    ]                                                              Avg / Max             Avg / Max             Avg / Max             Avg / Max
[2020-07-12T01:07:38.924+0000][5284][gc,stats    ]   Collector: Garbage Collection Cycle                     72.624 / 74.601       71.403 / 117.511      71.403 / 117.511      71.403 / 117.511     ms
[2020-07-12T01:07:38.924+0000][5284][gc,stats    ]  Contention: Mark Segment Reset Contention                     0 / 0                 0 / 0                 0 / 0                 0 / 0           ops/s
[2020-07-12T01:07:38.924+0000][5284][gc,stats    ]  Contention: Mark SeqNum Reset Contention                      0 / 0                 0 / 0                 0 / 0                 0 / 0           ops/s
[2020-07-12T01:07:38.924+0000][5284][gc,stats    ]  Contention: Relocation Contention                             0 / 0                 0 / 2                 0 / 2                 0 / 2           ops/s
[2020-07-12T01:07:38.924+0000][5284][gc,stats    ]    Critical: Allocation Stall                              0.000 / 0.000         0.000 / 0.000         0.000 / 0.000         0.000 / 0.000       ms
[2020-07-12T01:07:38.924+0000][5284][gc,stats    ]    Critical: Allocation Stall                                  0 / 0                 0 / 0                 0 / 0                 0 / 0           ops/s
[2020-07-12T01:07:38.925+0000][5284][gc,stats    ]    Critical: GC Locker Stall                               0.000 / 0.000         0.093 / 0.093         0.093 / 0.093         0.093 / 0.093       ms
[2020-07-12T01:07:38.925+0000][5284][gc,stats    ]    Critical: GC Locker Stall                                   0 / 0                 0 / 1                 0 / 1                 0 / 1           ops/s
[2020-07-12T01:07:38.925+0000][5284][gc,stats    ]      Memory: Allocation Rate                                 122 / 216              99 / 220              99 / 220              99 / 220         MB/s
[2020-07-12T01:07:38.925+0000][5284][gc,stats    ]      Memory: Heap Used After Mark                            511 / 534             536 / 1286            536 / 1286            536 / 1286        MB
[2020-07-12T01:07:38.925+0000][5284][gc,stats    ]      Memory: Heap Used After Relocation                       69 / 70               77 / 106              77 / 106              77 / 106         MB
[2020-07-12T01:07:38.925+0000][5284][gc,stats    ]      Memory: Heap Used Before Mark                           509 / 532             523 / 1270            523 / 1270            523 / 1270        MB
[2020-07-12T01:07:38.925+0000][5284][gc,stats    ]      Memory: Heap Used Before Relocation                     103 / 104             150 / 338             150 / 338             150 / 338         MB
[2020-07-12T01:07:38.925+0000][5284][gc,stats    ]      Memory: Out Of Memory                                     0 / 0                 0 / 0                 0 / 0                 0 / 0           ops/s
[2020-07-12T01:07:38.925+0000][5284][gc,stats    ]      Memory: Page Cache Flush                                  0 / 0                 0 / 0                 0 / 0                 0 / 0           MB/s
[2020-07-12T01:07:38.925+0000][5284][gc,stats    ]      Memory: Page Cache Hit L1                                62 / 111              44 / 111              44 / 111              44 / 111         ops/s
[2020-07-12T01:07:38.925+0000][5284][gc,stats    ]      Memory: Page Cache Hit L2                                 0 / 0                 0 / 0                 0 / 0                 0 / 0           ops/s
[2020-07-12T01:07:38.925+0000][5284][gc,stats    ]      Memory: Page Cache Hit L3                                 0 / 0                 5 / 96                5 / 96                5 / 96          ops/s
[2020-07-12T01:07:38.925+0000][5284][gc,stats    ]      Memory: Page Cache Miss                                   0 / 0                 0 / 0                 0 / 0                 0 / 0           ops/s
[2020-07-12T01:07:38.925+0000][5284][gc,stats    ]      Memory: Uncommit                                          0 / 0                 0 / 0                 0 / 0                 0 / 0           MB/s
[2020-07-12T01:07:38.925+0000][5284][gc,stats    ]      Memory: Undo Object Allocation Failed                     0 / 0                 0 / 0                 0 / 0                 0 / 0           ops/s
[2020-07-12T01:07:38.925+0000][5284][gc,stats    ]      Memory: Undo Object Allocation Succeeded                  0 / 0                 0 / 2                 0 / 2                 0 / 2           ops/s
[2020-07-12T01:07:38.925+0000][5284][gc,stats    ]      Memory: Undo Page Allocation                              0 / 0                 0 / 0                 0 / 0                 0 / 0           ops/s
[2020-07-12T01:07:38.925+0000][5284][gc,stats    ]       Phase: Concurrent Mark                              47.527 / 48.187       46.177 / 77.269       46.177 / 77.269       46.177 / 77.269      ms
[2020-07-12T01:07:38.925+0000][5284][gc,stats    ]       Phase: Concurrent Mark Continue                      0.000 / 0.000         0.000 / 0.000         0.000 / 0.000         0.000 / 0.000       ms
[2020-07-12T01:07:38.925+0000][5284][gc,stats    ]       Phase: Concurrent Process Non-Strong References     21.027 / 21.448       18.622 / 22.780       18.622 / 22.780       18.622 / 22.780      ms
[2020-07-12T01:07:38.926+0000][5284][gc,stats    ]       Phase: Concurrent Relocate                           0.923 / 0.935         3.136 / 18.136        3.136 / 18.136        3.136 / 18.136      ms
[2020-07-12T01:07:38.926+0000][5284][gc,stats    ]       Phase: Concurrent Reset Relocation Set               0.003 / 0.004         0.005 / 0.015         0.005 / 0.015         0.005 / 0.015       ms
[2020-07-12T01:07:38.926+0000][5284][gc,stats    ]       Phase: Concurrent Select Relocation Set              1.002 / 1.008         1.237 / 5.622         1.237 / 5.622         1.237 / 5.622       ms
[2020-07-12T01:07:38.926+0000][5284][gc,stats    ]       Phase: Pause Mark End                                0.303 / 0.314         0.311 / 0.442         0.311 / 0.442         0.311 / 0.442       ms
[2020-07-12T01:07:38.926+0000][5284][gc,stats    ]       Phase: Pause Mark Start                              0.424 / 0.724         0.207 / 0.724         0.207 / 0.724         0.207 / 0.724       ms
[2020-07-12T01:07:38.926+0000][5284][gc,stats    ]       Phase: Pause Relocate Start                          0.091 / 0.096         0.175 / 1.014         0.175 / 1.014         0.175 / 1.014       ms
[2020-07-12T01:07:38.926+0000][5284][gc,stats    ]    Subphase: Concurrent Classes Purge                      0.571 / 0.634         0.533 / 1.236         0.533 / 1.236         0.533 / 1.236       ms
[2020-07-12T01:07:38.926+0000][5284][gc,stats    ]    Subphase: Concurrent Classes Unlink                    18.867 / 19.269       16.402 / 20.666       16.402 / 20.666       16.402 / 20.666      ms
[2020-07-12T01:07:38.926+0000][5284][gc,stats    ]    Subphase: Concurrent Mark                              45.949 / 46.250       45.529 / 76.517       45.529 / 76.517       45.529 / 76.517      ms
[2020-07-12T01:07:38.926+0000][5284][gc,stats    ]    Subphase: Concurrent Mark Idle                          0.000 / 0.000         0.000 / 0.000         0.000 / 0.000         0.000 / 0.000       ms
[2020-07-12T01:07:38.926+0000][5284][gc,stats    ]    Subphase: Concurrent Mark Try Flush                     0.095 / 0.106         0.141 / 1.569         0.141 / 1.569         0.141 / 1.569       ms
[2020-07-12T01:07:38.926+0000][5284][gc,stats    ]    Subphase: Concurrent Mark Try Terminate                 0.049 / 0.108         0.059 / 0.756         0.059 / 0.756         0.059 / 0.756       ms
[2020-07-12T01:07:38.926+0000][5284][gc,stats    ]    Subphase: Concurrent References Enqueue                 0.000 / 0.000         0.001 / 0.004         0.001 / 0.004         0.001 / 0.004       ms
[2020-07-12T01:07:38.926+0000][5284][gc,stats    ]    Subphase: Concurrent References Process                 0.456 / 0.472         0.496 / 1.144         0.496 / 1.144         0.496 / 1.144       ms
[2020-07-12T01:07:38.926+0000][5284][gc,stats    ]    Subphase: Concurrent Roots                              0.839 / 1.449         0.288 / 1.449         0.288 / 1.449         0.288 / 1.449       ms
[2020-07-12T01:07:38.926+0000][5284][gc,stats    ]    Subphase: Concurrent Roots ClassLoaderDataGraph         0.822 / 1.421         0.282 / 1.421         0.282 / 1.421         0.282 / 1.421       ms
[2020-07-12T01:07:38.926+0000][5284][gc,stats    ]    Subphase: Concurrent Roots JNIHandles                   0.007 / 0.012         0.004 / 0.012         0.004 / 0.012         0.004 / 0.012       ms
[2020-07-12T01:07:38.926+0000][5284][gc,stats    ]    Subphase: Concurrent Roots Setup                        0.262 / 0.363         0.161 / 0.363         0.161 / 0.363         0.161 / 0.363       ms
[2020-07-12T01:07:38.926+0000][5284][gc,stats    ]    Subphase: Concurrent Roots Teardown                     0.001 / 0.002         0.000 / 0.002         0.000 / 0.002         0.000 / 0.002       ms
[2020-07-12T01:07:38.926+0000][5284][gc,stats    ]    Subphase: Concurrent Roots VMHandles                    0.000 / 0.000         0.000 / 0.000         0.000 / 0.000         0.000 / 0.000       ms
[2020-07-12T01:07:38.926+0000][5284][gc,stats    ]    Subphase: Concurrent Weak Roots                         0.887 / 0.924         0.864 / 1.445         0.864 / 1.445         0.864 / 1.445       ms
[2020-07-12T01:07:38.926+0000][5284][gc,stats    ]    Subphase: Concurrent Weak Roots JNIWeakHandles          0.000 / 0.000         0.001 / 0.004         0.001 / 0.004         0.001 / 0.004       ms
[2020-07-12T01:07:38.926+0000][5284][gc,stats    ]    Subphase: Concurrent Weak Roots ResolvedMethodTable     0.093 / 0.096         0.092 / 0.181         0.092 / 0.181         0.092 / 0.181       ms
[2020-07-12T01:07:38.926+0000][5284][gc,stats    ]    Subphase: Concurrent Weak Roots StringTable             0.729 / 0.773         0.716 / 1.194         0.716 / 1.194         0.716 / 1.194       ms
[2020-07-12T01:07:38.926+0000][5284][gc,stats    ]    Subphase: Concurrent Weak Roots VMWeakHandles           0.062 / 0.066         0.052 / 0.067         0.052 / 0.067         0.052 / 0.067       ms
[2020-07-12T01:07:38.926+0000][5284][gc,stats    ]    Subphase: Pause Mark Try Complete                       0.149 / 0.152         0.135 / 0.181         0.135 / 0.181         0.135 / 0.181       ms
[2020-07-12T01:07:38.926+0000][5284][gc,stats    ]    Subphase: Pause Roots                                   0.052 / 0.234         0.050 / 0.936         0.050 / 0.936         0.050 / 0.936       ms
[2020-07-12T01:07:38.926+0000][5284][gc,stats    ]    Subphase: Pause Roots CodeCache                         0.000 / 0.000         0.000 / 0.000         0.000 / 0.000         0.000 / 0.000       ms
[2020-07-12T01:07:38.926+0000][5284][gc,stats    ]    Subphase: Pause Roots JVMTIExport                       0.002 / 0.007         0.002 / 0.007         0.002 / 0.007         0.002 / 0.007       ms
[2020-07-12T01:07:38.926+0000][5284][gc,stats    ]    Subphase: Pause Roots JVMTIWeakExport                   0.000 / 0.000         0.001 / 0.001         0.001 / 0.001         0.001 / 0.001       ms
[2020-07-12T01:07:38.926+0000][5284][gc,stats    ]    Subphase: Pause Roots Management                        0.001 / 0.003         0.001 / 0.003         0.001 / 0.003         0.001 / 0.003       ms
[2020-07-12T01:07:38.926+0000][5284][gc,stats    ]    Subphase: Pause Roots ObjectSynchronizer                0.000 / 0.001         0.000 / 0.001         0.000 / 0.001         0.000 / 0.001       ms
[2020-07-12T01:07:38.926+0000][5284][gc,stats    ]    Subphase: Pause Roots Setup                             0.001 / 0.001         0.000 / 0.001         0.000 / 0.001         0.000 / 0.001       ms
[2020-07-12T01:07:38.926+0000][5284][gc,stats    ]    Subphase: Pause Roots SystemDictionary                  0.017 / 0.042         0.011 / 0.042         0.011 / 0.042         0.011 / 0.042       ms
[2020-07-12T01:07:38.926+0000][5284][gc,stats    ]    Subphase: Pause Roots Teardown                          0.002 / 0.005         0.001 / 0.012         0.001 / 0.012         0.001 / 0.012       ms
[2020-07-12T01:07:38.926+0000][5284][gc,stats    ]    Subphase: Pause Roots Threads                           0.056 / 0.203         0.054 / 0.913         0.054 / 0.913         0.054 / 0.913       ms
[2020-07-12T01:07:38.926+0000][5284][gc,stats    ]    Subphase: Pause Roots Universe                          0.004 / 0.011         0.002 / 0.011         0.002 / 0.011         0.002 / 0.011       ms
[2020-07-12T01:07:38.926+0000][5284][gc,stats    ]    Subphase: Pause Weak Roots                              0.009 / 0.045         0.009 / 0.063         0.009 / 0.063         0.009 / 0.063       ms
[2020-07-12T01:07:38.927+0000][5284][gc,stats    ]    Subphase: Pause Weak Roots JFRWeak                      0.042 / 0.042         0.043 / 0.060         0.043 / 0.060         0.043 / 0.060       ms
[2020-07-12T01:07:38.927+0000][5284][gc,stats    ]    Subphase: Pause Weak Roots JVMTIWeakExport              0.001 / 0.001         0.001 / 0.001         0.001 / 0.001         0.001 / 0.001       ms
[2020-07-12T01:07:38.927+0000][5284][gc,stats    ]    Subphase: Pause Weak Roots Setup                        0.000 / 0.000         0.000 / 0.000         0.000 / 0.000         0.000 / 0.000       ms
[2020-07-12T01:07:38.927+0000][5284][gc,stats    ]    Subphase: Pause Weak Roots Teardown                     0.000 / 0.000         0.000 / 0.000         0.000 / 0.000         0.000 / 0.000       ms
[2020-07-12T01:07:38.927+0000][5284][gc,stats    ]      System: Java Threads                                     36 / 36               33 / 38               33 / 38               33 / 38          threads
[2020-07-12T01:07:38.927+0000][5284][gc,stats    ] =========================================================================================================================================================
[2020-07-12T01:07:39.100+0000][5284][safepoint   ] Safepoint "Cleanup", Time since last: 1001887609 ns, Reaching safepoint: 129159 ns, At safepoint: 2987 ns, Total: 132146 ns
[2020-07-12T01:07:39.924+0000][5284][gc,heap     ] GC(22) Heap before GC invocations=22 (full 22): ZHeap           used 532M, capacity 4096M, max capacity 4096M
[2020-07-12T01:07:39.924+0000][5284][gc,heap     ] GC(22)  Metaspace       used 79857K, capacity 82645K, committed 82756K, reserved 83968K
[2020-07-12T01:07:39.924+0000][5284][gc,start    ] GC(22) Garbage Collection (Proactive)
[2020-07-12T01:07:39.924+0000][5284][gc,phases   ] GC(22) Pause Mark Start 0.173ms
[2020-07-12T01:07:39.924+0000][5284][safepoint   ] Safepoint "ZMarkStart", Time since last: 823612678 ns, Reaching safepoint: 133969 ns, At safepoint: 203274 ns, Total: 337243 ns
[2020-07-12T01:07:39.972+0000][5284][gc,phases   ] GC(22) Concurrent Mark 47.839ms
[2020-07-12T01:07:39.973+0000][5284][gc,phases   ] GC(22) Pause Mark End 0.341ms
[2020-07-12T01:07:39.973+0000][5284][safepoint   ] Safepoint "ZMarkEnd", Time since last: 48023160 ns, Reaching safepoint: 93808 ns, At safepoint: 361259 ns, Total: 455067 ns
[2020-07-12T01:07:39.994+0000][5284][gc,phases   ] GC(22) Concurrent Process Non-Strong References 21.009ms
[2020-07-12T01:07:39.994+0000][5284][gc,phases   ] GC(22) Concurrent Reset Relocation Set 0.003ms
[2020-07-12T01:07:39.995+0000][5284][gc,phases   ] GC(22) Concurrent Select Relocation Set 0.986ms
[2020-07-12T01:07:39.995+0000][5284][gc,phases   ] GC(22) Pause Relocate Start 0.088ms
[2020-07-12T01:07:39.995+0000][5284][safepoint   ] Safepoint "ZRelocateStart", Time since last: 22162237 ns, Reaching safepoint: 62014 ns, At safepoint: 103492 ns, Total: 165506 ns
[2020-07-12T01:07:39.996+0000][5284][gc,phases   ] GC(22) Concurrent Relocate 0.936ms
[2020-07-12T01:07:39.996+0000][5284][gc,heap     ] GC(22) Heap after GC invocations=23 (full 23): ZHeap           used 72M, capacity 4096M, max capacity 4096M
[2020-07-12T01:07:39.996+0000][5284][gc,heap     ] GC(22)  Metaspace       used 79857K, capacity 82645K, committed 82756K, reserved 83968K
[2020-07-12T01:07:39.996+0000][5284][gc,load     ] GC(22) Load: 0.84/0.97/0.54
[2020-07-12T01:07:39.996+0000][5284][gc,mmu      ] GC(22) MMU: 2ms/49.3%, 5ms/79.7%, 10ms/89.9%, 20ms/94.9%, 50ms/97.3%, 100ms/98.3%
[2020-07-12T01:07:39.996+0000][5284][gc,marking  ] GC(22) Mark: 1 stripe(s), 2 proactive flush(es), 1 terminate flush(es), 1 completion(s), 0 continuation(s) 
[2020-07-12T01:07:39.996+0000][5284][gc,reloc    ] GC(22) Relocation: Successful, 1M relocated
[2020-07-12T01:07:39.996+0000][5284][gc,nmethod  ] GC(22) NMethods: 5178 registered, 252 unregistered
[2020-07-12T01:07:39.996+0000][5284][gc,metaspace] GC(22) Metaspace: 77M used, 80M capacity, 80M committed, 82M reserved
[2020-07-12T01:07:39.996+0000][5284][gc,ref      ] GC(22) Soft: 3917 encountered, 0 discovered, 0 enqueued
[2020-07-12T01:07:39.996+0000][5284][gc,ref      ] GC(22) Weak: 6636 encountered, 4309 discovered, 0 enqueued
[2020-07-12T01:07:39.996+0000][5284][gc,ref      ] GC(22) Final: 2 encountered, 0 discovered, 0 enqueued
[2020-07-12T01:07:39.996+0000][5284][gc,ref      ] GC(22) Phantom: 434 encountered, 293 discovered, 0 enqueued
[2020-07-12T01:07:39.996+0000][5284][gc,heap     ] GC(22) Min Capacity: 4096M(100%)
[2020-07-12T01:07:39.996+0000][5284][gc,heap     ] GC(22) Max Capacity: 4096M(100%)
[2020-07-12T01:07:39.996+0000][5284][gc,heap     ] GC(22) Soft Max Capacity: 4096M(100%)
[2020-07-12T01:07:39.996+0000][5284][gc,heap     ] GC(22)                Mark Start          Mark End        Relocate Start      Relocate End           High               Low         
[2020-07-12T01:07:39.996+0000][5284][gc,heap     ] GC(22)  Capacity:     4096M (100%)       4096M (100%)       4096M (100%)       4096M (100%)       4096M (100%)       4096M (100%)   
[2020-07-12T01:07:39.996+0000][5284][gc,heap     ] GC(22)   Reserve:       42M (1%)           42M (1%)           42M (1%)           42M (1%)           42M (1%)           42M (1%)     
[2020-07-12T01:07:39.996+0000][5284][gc,heap     ] GC(22)      Free:     3522M (86%)        3520M (86%)        3956M (97%)        3982M (97%)        3982M (97%)        3520M (86%)    
[2020-07-12T01:07:39.996+0000][5284][gc,heap     ] GC(22)      Used:      532M (13%)         534M (13%)          98M (2%)           72M (2%)          534M (13%)          72M (2%)     
[2020-07-12T01:07:39.996+0000][5284][gc,heap     ] GC(22)      Live:         -                28M (1%)           28M (1%)           28M (1%)             -                  -          
[2020-07-12T01:07:39.996+0000][5284][gc,heap     ] GC(22) Allocated:         -                 2M (0%)            2M (0%)           12M (0%)             -                  -          
[2020-07-12T01:07:39.996+0000][5284][gc,heap     ] GC(22)   Garbage:         -               503M (12%)          67M (2%)           41M (1%)             -                  -          
[2020-07-12T01:07:39.996+0000][5284][gc,heap     ] GC(22) Reclaimed:         -                  -               436M (11%)         462M (11%)            -                  -          
[2020-07-12T01:07:39.996+0000][5284][gc          ] GC(22) Garbage Collection (Proactive) 532M(13%)->72M(2%)
[2020-07-12T01:07:40.997+0000][5284][safepoint   ] Safepoint "Cleanup", Time since last: 1002182155 ns, Reaching safepoint: 156770 ns, At safepoint: 3912 ns, Total: 160682 ns
[2020-07-12T01:07:43.724+0000][5284][gc,heap     ] GC(23) Heap before GC invocations=23 (full 23): ZHeap           used 520M, capacity 4096M, max capacity 4096M
[2020-07-12T01:07:43.724+0000][5284][gc,heap     ] GC(23)  Metaspace       used 79857K, capacity 82645K, committed 82756K, reserved 83968K
[2020-07-12T01:07:43.724+0000][5284][gc,start    ] GC(23) Garbage Collection (Proactive)
[2020-07-12T01:07:43.724+0000][5284][gc,phases   ] GC(23) Pause Mark Start 0.079ms
[2020-07-12T01:07:43.724+0000][5284][safepoint   ] Safepoint "ZMarkStart", Time since last: 2726783738 ns, Reaching safepoint: 82295 ns, At safepoint: 100226 ns, Total: 182521 ns
[2020-07-12T01:07:43.768+0000][5284][gc,phases   ] GC(23) Concurrent Mark 43.777ms
[2020-07-12T01:07:43.769+0000][5284][gc,phases   ] GC(23) Pause Mark End 0.334ms
[2020-07-12T01:07:43.769+0000][5284][safepoint   ] Safepoint "ZMarkEnd", Time since last: 43870431 ns, Reaching safepoint: 123595 ns, At safepoint: 354469 ns, Total: 478064 ns
[2020-07-12T01:07:43.793+0000][5284][gc,phases   ] GC(23) Concurrent Process Non-Strong References 24.513ms
[2020-07-12T01:07:43.793+0000][5284][gc,phases   ] GC(23) Concurrent Reset Relocation Set 0.005ms
[2020-07-12T01:07:43.794+0000][5284][gc,phases   ] GC(23) Concurrent Select Relocation Set 1.006ms
[2020-07-12T01:07:43.795+0000][5284][gc,phases   ] GC(23) Pause Relocate Start 0.091ms
[2020-07-12T01:07:43.795+0000][5284][safepoint   ] Safepoint "ZRelocateStart", Time since last: 25651201 ns, Reaching safepoint: 151816 ns, At safepoint: 106425 ns, Total: 258241 ns
[2020-07-12T01:07:43.796+0000][5284][gc,phases   ] GC(23) Concurrent Relocate 1.005ms
[2020-07-12T01:07:43.796+0000][5284][gc,heap     ] GC(23) Heap after GC invocations=24 (full 24): ZHeap           used 86M, capacity 4096M, max capacity 4096M
[2020-07-12T01:07:43.796+0000][5284][gc,heap     ] GC(23)  Metaspace       used 79857K, capacity 82645K, committed 82756K, reserved 83968K
[2020-07-12T01:07:43.796+0000][5284][gc,load     ] GC(23) Load: 0.86/0.97/0.55
[2020-07-12T01:07:43.796+0000][5284][gc,mmu      ] GC(23) MMU: 2ms/49.3%, 5ms/79.7%, 10ms/89.9%, 20ms/94.9%, 50ms/97.3%, 100ms/98.3%
[2020-07-12T01:07:43.796+0000][5284][gc,marking  ] GC(23) Mark: 1 stripe(s), 2 proactive flush(es), 1 terminate flush(es), 1 completion(s), 0 continuation(s) 
[2020-07-12T01:07:43.796+0000][5284][gc,reloc    ] GC(23) Relocation: Successful, 1M relocated
[2020-07-12T01:07:43.796+0000][5284][gc,nmethod  ] GC(23) NMethods: 5186 registered, 252 unregistered
[2020-07-12T01:07:43.796+0000][5284][gc,metaspace] GC(23) Metaspace: 77M used, 80M capacity, 80M committed, 82M reserved
[2020-07-12T01:07:43.796+0000][5284][gc,ref      ] GC(23) Soft: 3917 encountered, 0 discovered, 0 enqueued
[2020-07-12T01:07:43.796+0000][5284][gc,ref      ] GC(23) Weak: 6635 encountered, 4308 discovered, 0 enqueued
[2020-07-12T01:07:43.796+0000][5284][gc,ref      ] GC(23) Final: 2 encountered, 0 discovered, 0 enqueued
[2020-07-12T01:07:43.796+0000][5284][gc,ref      ] GC(23) Phantom: 434 encountered, 293 discovered, 0 enqueued
[2020-07-12T01:07:43.796+0000][5284][gc,heap     ] GC(23) Min Capacity: 4096M(100%)
[2020-07-12T01:07:43.796+0000][5284][gc,heap     ] GC(23) Max Capacity: 4096M(100%)
[2020-07-12T01:07:43.796+0000][5284][gc,heap     ] GC(23) Soft Max Capacity: 4096M(100%)
[2020-07-12T01:07:43.796+0000][5284][gc,heap     ] GC(23)                Mark Start          Mark End        Relocate Start      Relocate End           High               Low         
[2020-07-12T01:07:43.796+0000][5284][gc,heap     ] GC(23)  Capacity:     4096M (100%)       4096M (100%)       4096M (100%)       4096M (100%)       4096M (100%)       4096M (100%)   
[2020-07-12T01:07:43.796+0000][5284][gc,heap     ] GC(23)   Reserve:       42M (1%)           42M (1%)           42M (1%)           42M (1%)           42M (1%)           42M (1%)     
[2020-07-12T01:07:43.796+0000][5284][gc,heap     ] GC(23)      Free:     3534M (86%)        3512M (86%)        3934M (96%)        3968M (97%)        3968M (97%)        3512M (86%)    
[2020-07-12T01:07:43.796+0000][5284][gc,heap     ] GC(23)      Used:      520M (13%)         542M (13%)         120M (3%)           86M (2%)          542M (13%)          86M (2%)     
[2020-07-12T01:07:43.796+0000][5284][gc,heap     ] GC(23)      Live:         -                28M (1%)           28M (1%)           28M (1%)             -                  -          
[2020-07-12T01:07:43.796+0000][5284][gc,heap     ] GC(23) Allocated:         -                22M (1%)           22M (1%)           26M (1%)             -                  -          
[2020-07-12T01:07:43.796+0000][5284][gc,heap     ] GC(23)   Garbage:         -               491M (12%)          69M (2%)           35M (1%)             -                  -          
[2020-07-12T01:07:43.796+0000][5284][gc,heap     ] GC(23) Reclaimed:         -                  -               422M (10%)         456M (11%)            -                  -          
[2020-07-12T01:07:43.796+0000][5284][gc          ] GC(23) Garbage Collection (Proactive) 520M(13%)->86M(2%)
[2020-07-12T01:07:45.797+0000][5284][safepoint   ] Safepoint "Cleanup", Time since last: 2002052120 ns, Reaching safepoint: 318830 ns, At safepoint: 13741 ns, Total: 332571 ns
[2020-07-12T01:07:46.798+0000][5284][safepoint   ] Safepoint "Cleanup", Time since last: 1000800561 ns, Reaching safepoint: 173325 ns, At safepoint: 3280 ns, Total: 176605 ns
[2020-07-12T01:07:47.724+0000][5284][gc,heap     ] GC(24) Heap before GC invocations=24 (full 24): ZHeap           used 530M, capacity 4096M, max capacity 4096M
[2020-07-12T01:07:47.724+0000][5284][gc,heap     ] GC(24)  Metaspace       used 79865K, capacity 82645K, committed 82756K, reserved 83968K
[2020-07-12T01:07:47.724+0000][5284][gc,start    ] GC(24) Garbage Collection (Proactive)
[2020-07-12T01:07:47.724+0000][5284][gc,phases   ] GC(24) Pause Mark Start 0.085ms
[2020-07-12T01:07:47.724+0000][5284][safepoint   ] Safepoint "ZMarkStart", Time since last: 925894355 ns, Reaching safepoint: 305511 ns, At safepoint: 106727 ns, Total: 412238 ns
[2020-07-12T01:07:47.772+0000][5284][gc,phases   ] GC(24) Concurrent Mark 47.257ms
[2020-07-12T01:07:47.772+0000][5284][gc,phases   ] GC(24) Pause Mark End 0.361ms
[2020-07-12T01:07:47.772+0000][5284][safepoint   ] Safepoint "ZMarkEnd", Time since last: 47326931 ns, Reaching safepoint: 119526 ns, At safepoint: 400165 ns, Total: 519691 ns
[2020-07-12T01:07:47.794+0000][5284][gc,phases   ] GC(24) Concurrent Process Non-Strong References 21.688ms
[2020-07-12T01:07:47.794+0000][5284][gc,phases   ] GC(24) Concurrent Reset Relocation Set 0.003ms
[2020-07-12T01:07:47.795+0000][5284][gc,phases   ] GC(24) Concurrent Select Relocation Set 0.958ms
[2020-07-12T01:07:47.795+0000][5284][gc,phases   ] GC(24) Pause Relocate Start 0.099ms
[2020-07-12T01:07:47.795+0000][5284][safepoint   ] Safepoint "ZRelocateStart", Time since last: 22773742 ns, Reaching safepoint: 118817 ns, At safepoint: 114060 ns, Total: 232877 ns
[2020-07-12T01:07:47.796+0000][5284][gc,phases   ] GC(24) Concurrent Relocate 0.968ms
[2020-07-12T01:07:47.796+0000][5284][gc,heap     ] GC(24) Heap after GC invocations=25 (full 25): ZHeap           used 84M, capacity 4096M, max capacity 4096M
[2020-07-12T01:07:47.796+0000][5284][gc,heap     ] GC(24)  Metaspace       used 79865K, capacity 82645K, committed 82756K, reserved 83968K
[2020-07-12T01:07:47.796+0000][5284][gc,load     ] GC(24) Load: 0.86/0.97/0.55
[2020-07-12T01:07:47.796+0000][5284][gc,mmu      ] GC(24) MMU: 2ms/49.3%, 5ms/79.7%, 10ms/89.9%, 20ms/94.9%, 50ms/97.3%, 100ms/98.3%
[2020-07-12T01:07:47.796+0000][5284][gc,marking  ] GC(24) Mark: 1 stripe(s), 2 proactive flush(es), 1 terminate flush(es), 1 completion(s), 0 continuation(s) 
[2020-07-12T01:07:47.796+0000][5284][gc,reloc    ] GC(24) Relocation: Successful, 1M relocated
[2020-07-12T01:07:47.796+0000][5284][gc,nmethod  ] GC(24) NMethods: 5215 registered, 252 unregistered
[2020-07-12T01:07:47.796+0000][5284][gc,metaspace] GC(24) Metaspace: 77M used, 80M capacity, 80M committed, 82M reserved
[2020-07-12T01:07:47.796+0000][5284][gc,ref      ] GC(24) Soft: 3917 encountered, 0 discovered, 0 enqueued
[2020-07-12T01:07:47.796+0000][5284][gc,ref      ] GC(24) Weak: 6635 encountered, 4310 discovered, 0 enqueued
[2020-07-12T01:07:47.796+0000][5284][gc,ref      ] GC(24) Final: 2 encountered, 0 discovered, 0 enqueued
[2020-07-12T01:07:47.796+0000][5284][gc,ref      ] GC(24) Phantom: 434 encountered, 293 discovered, 0 enqueued
[2020-07-12T01:07:47.796+0000][5284][gc,heap     ] GC(24) Min Capacity: 4096M(100%)
[2020-07-12T01:07:47.796+0000][5284][gc,heap     ] GC(24) Max Capacity: 4096M(100%)
[2020-07-12T01:07:47.796+0000][5284][gc,heap     ] GC(24) Soft Max Capacity: 4096M(100%)
[2020-07-12T01:07:47.796+0000][5284][gc,heap     ] GC(24)                Mark Start          Mark End        Relocate Start      Relocate End           High               Low         
[2020-07-12T01:07:47.796+0000][5284][gc,heap     ] GC(24)  Capacity:     4096M (100%)       4096M (100%)       4096M (100%)       4096M (100%)       4096M (100%)       4096M (100%)   
[2020-07-12T01:07:47.796+0000][5284][gc,heap     ] GC(24)   Reserve:       42M (1%)           42M (1%)           42M (1%)           42M (1%)           42M (1%)           42M (1%)     
[2020-07-12T01:07:47.796+0000][5284][gc,heap     ] GC(24)      Free:     3524M (86%)        3504M (86%)        3932M (96%)        3970M (97%)        3970M (97%)        3504M (86%)    
[2020-07-12T01:07:47.796+0000][5284][gc,heap     ] GC(24)      Used:      530M (13%)         550M (13%)         122M (3%)           84M (2%)          550M (13%)          84M (2%)     
[2020-07-12T01:07:47.796+0000][5284][gc,heap     ] GC(24)      Live:         -                28M (1%)           28M (1%)           28M (1%)             -                  -          
[2020-07-12T01:07:47.796+0000][5284][gc,heap     ] GC(24) Allocated:         -                20M (0%)           20M (0%)           24M (1%)             -                  -          
[2020-07-12T01:07:47.796+0000][5284][gc,heap     ] GC(24)   Garbage:         -               501M (12%)          73M (2%)           35M (1%)             -                  -          
[2020-07-12T01:07:47.796+0000][5284][gc,heap     ] GC(24) Reclaimed:         -                  -               428M (10%)         466M (11%)            -                  -          
[2020-07-12T01:07:47.796+0000][5284][gc          ] GC(24) Garbage Collection (Proactive) 530M(13%)->84M(2%)
[2020-07-12T01:07:48.796+0000][5284][safepoint   ] Safepoint "Cleanup", Time since last: 1000263288 ns, Reaching safepoint: 89415 ns, At safepoint: 7647 ns, Total: 97062 ns
[2020-07-12T01:07:48.924+0000][5284][gc,stats    ] === Garbage Collection Statistics =======================================================================================================================
[2020-07-12T01:07:48.924+0000][5284][gc,stats    ]                                                              Last 10s              Last 10m              Last 10h                Total
[2020-07-12T01:07:48.924+0000][5284][gc,stats    ]                                                              Avg / Max             Avg / Max             Avg / Max             Avg / Max
[2020-07-12T01:07:48.925+0000][5284][gc,stats    ]   Collector: Garbage Collection Cycle                     72.112 / 72.386       71.488 / 117.511      71.488 / 117.511      71.488 / 117.511     ms
[2020-07-12T01:07:48.925+0000][5284][gc,stats    ]  Contention: Mark Segment Reset Contention                     0 / 0                 0 / 0                 0 / 0                 0 / 0           ops/s
[2020-07-12T01:07:48.925+0000][5284][gc,stats    ]  Contention: Mark SeqNum Reset Contention                      0 / 0                 0 / 0                 0 / 0                 0 / 0           ops/s
[2020-07-12T01:07:48.925+0000][5284][gc,stats    ]  Contention: Relocation Contention                             0 / 0                 0 / 2                 0 / 2                 0 / 2           ops/s
[2020-07-12T01:07:48.925+0000][5284][gc,stats    ]    Critical: Allocation Stall                              0.000 / 0.000         0.000 / 0.000         0.000 / 0.000         0.000 / 0.000       ms
[2020-07-12T01:07:48.925+0000][5284][gc,stats    ]    Critical: Allocation Stall                                  0 / 0                 0 / 0                 0 / 0                 0 / 0           ops/s
[2020-07-12T01:07:48.925+0000][5284][gc,stats    ]    Critical: GC Locker Stall                               0.000 / 0.000         0.093 / 0.093         0.093 / 0.093         0.093 / 0.093       ms
[2020-07-12T01:07:48.925+0000][5284][gc,stats    ]    Critical: GC Locker Stall                                   0 / 0                 0 / 1                 0 / 1                 0 / 1           ops/s
[2020-07-12T01:07:48.925+0000][5284][gc,stats    ]      Memory: Allocation Rate                                 116 / 126             101 / 220             101 / 220             101 / 220         MB/s
[2020-07-12T01:07:48.925+0000][5284][gc,stats    ]      Memory: Heap Used After Mark                            542 / 550             537 / 1286            537 / 1286            537 / 1286        MB
[2020-07-12T01:07:48.925+0000][5284][gc,stats    ]      Memory: Heap Used After Relocation                       80 / 86               78 / 106              78 / 106              78 / 106         MB
[2020-07-12T01:07:48.925+0000][5284][gc,stats    ]      Memory: Heap Used Before Mark                           527 / 532             523 / 1270            523 / 1270            523 / 1270        MB
[2020-07-12T01:07:48.925+0000][5284][gc,stats    ]      Memory: Heap Used Before Relocation                     113 / 122             146 / 338             146 / 338             146 / 338         MB
[2020-07-12T01:07:48.925+0000][5284][gc,stats    ]      Memory: Out Of Memory                                     0 / 0                 0 / 0                 0 / 0                 0 / 0           ops/s
[2020-07-12T01:07:48.925+0000][5284][gc,stats    ]      Memory: Page Cache Flush                                  0 / 0                 0 / 0                 0 / 0                 0 / 0           MB/s
[2020-07-12T01:07:48.925+0000][5284][gc,stats    ]      Memory: Page Cache Hit L1                                59 / 68               45 / 111              45 / 111              45 / 111         ops/s
[2020-07-12T01:07:48.925+0000][5284][gc,stats    ]      Memory: Page Cache Hit L2                                 0 / 0                 0 / 0                 0 / 0                 0 / 0           ops/s
[2020-07-12T01:07:48.925+0000][5284][gc,stats    ]      Memory: Page Cache Hit L3                                 0 / 0                 5 / 96                5 / 96                5 / 96          ops/s
[2020-07-12T01:07:48.925+0000][5284][gc,stats    ]      Memory: Page Cache Miss                                   0 / 0                 0 / 0                 0 / 0                 0 / 0           ops/s
[2020-07-12T01:07:48.925+0000][5284][gc,stats    ]      Memory: Uncommit                                          0 / 0                 0 / 0                 0 / 0                 0 / 0           MB/s
[2020-07-12T01:07:48.925+0000][5284][gc,stats    ]      Memory: Undo Object Allocation Failed                     0 / 0                 0 / 0                 0 / 0                 0 / 0           ops/s
[2020-07-12T01:07:48.925+0000][5284][gc,stats    ]      Memory: Undo Object Allocation Succeeded                  0 / 0                 0 / 2                 0 / 2                 0 / 2           ops/s
[2020-07-12T01:07:48.925+0000][5284][gc,stats    ]      Memory: Undo Page Allocation                              0 / 0                 0 / 0                 0 / 0                 0 / 0           ops/s
[2020-07-12T01:07:48.925+0000][5284][gc,stats    ]       Phase: Concurrent Mark                              46.291 / 47.839       46.191 / 77.269       46.191 / 77.269       46.191 / 77.269      ms
[2020-07-12T01:07:48.925+0000][5284][gc,stats    ]       Phase: Concurrent Mark Continue                      0.000 / 0.000         0.000 / 0.000         0.000 / 0.000         0.000 / 0.000       ms
[2020-07-12T01:07:48.925+0000][5284][gc,stats    ]       Phase: Concurrent Process Non-Strong References     22.403 / 24.513       19.075 / 24.513       19.075 / 24.513       19.075 / 24.513      ms
[2020-07-12T01:07:48.925+0000][5284][gc,stats    ]       Phase: Concurrent Relocate                           0.970 / 1.005         2.876 / 18.136        2.876 / 18.136        2.876 / 18.136      ms
[2020-07-12T01:07:48.925+0000][5284][gc,stats    ]       Phase: Concurrent Reset Relocation Set               0.004 / 0.005         0.005 / 0.015         0.005 / 0.015         0.005 / 0.015       ms
[2020-07-12T01:07:48.925+0000][5284][gc,stats    ]       Phase: Concurrent Select Relocation Set              0.983 / 1.006         1.207 / 5.622         1.207 / 5.622         1.207 / 5.622       ms
[2020-07-12T01:07:48.925+0000][5284][gc,stats    ]       Phase: Pause Mark End                                0.345 / 0.361         0.315 / 0.442         0.315 / 0.442         0.315 / 0.442       ms
[2020-07-12T01:07:48.925+0000][5284][gc,stats    ]       Phase: Pause Mark Start                              0.112 / 0.173         0.196 / 0.724         0.196 / 0.724         0.196 / 0.724       ms
[2020-07-12T01:07:48.925+0000][5284][gc,stats    ]       Phase: Pause Relocate Start                          0.093 / 0.099         0.166 / 1.014         0.166 / 1.014         0.166 / 1.014       ms
[2020-07-12T01:07:48.925+0000][5284][gc,stats    ]    Subphase: Concurrent Classes Purge                      0.672 / 0.930         0.550 / 1.236         0.550 / 1.236         0.550 / 1.236       ms
[2020-07-12T01:07:48.925+0000][5284][gc,stats    ]    Subphase: Concurrent Classes Unlink                    20.243 / 22.170       16.863 / 22.170       16.863 / 22.170       16.863 / 22.170      ms
[2020-07-12T01:07:48.925+0000][5284][gc,stats    ]    Subphase: Concurrent Mark                              45.673 / 47.103       45.546 / 76.517       45.546 / 76.517       45.546 / 76.517      ms
[2020-07-12T01:07:48.925+0000][5284][gc,stats    ]    Subphase: Concurrent Mark Idle                          0.000 / 0.000         0.000 / 0.000         0.000 / 0.000         0.000 / 0.000       ms
[2020-07-12T01:07:48.925+0000][5284][gc,stats    ]    Subphase: Concurrent Mark Try Flush                     0.092 / 0.110         0.135 / 1.569         0.135 / 1.569         0.135 / 1.569       ms
[2020-07-12T01:07:48.925+0000][5284][gc,stats    ]    Subphase: Concurrent Mark Try Terminate                 0.040 / 0.093         0.057 / 0.756         0.057 / 0.756         0.057 / 0.756       ms
[2020-07-12T01:07:48.925+0000][5284][gc,stats    ]    Subphase: Concurrent References Enqueue                 0.001 / 0.001         0.001 / 0.004         0.001 / 0.004         0.001 / 0.004       ms
[2020-07-12T01:07:48.925+0000][5284][gc,stats    ]    Subphase: Concurrent References Process                 0.416 / 0.454         0.486 / 1.144         0.486 / 1.144         0.486 / 1.144       ms
[2020-07-12T01:07:48.925+0000][5284][gc,stats    ]    Subphase: Concurrent Roots                              0.306 / 0.423         0.290 / 1.449         0.290 / 1.449         0.290 / 1.449       ms
[2020-07-12T01:07:48.925+0000][5284][gc,stats    ]    Subphase: Concurrent Roots ClassLoaderDataGraph         0.300 / 0.415         0.284 / 1.421         0.284 / 1.421         0.284 / 1.421       ms
[2020-07-12T01:07:48.925+0000][5284][gc,stats    ]    Subphase: Concurrent Roots JNIHandles                   0.004 / 0.005         0.004 / 0.012         0.004 / 0.012         0.004 / 0.012       ms
[2020-07-12T01:07:48.925+0000][5284][gc,stats    ]    Subphase: Concurrent Roots Setup                        0.189 / 0.210         0.165 / 0.363         0.165 / 0.363         0.165 / 0.363       ms
[2020-07-12T01:07:48.925+0000][5284][gc,stats    ]    Subphase: Concurrent Roots Teardown                     0.000 / 0.000         0.000 / 0.002         0.000 / 0.002         0.000 / 0.002       ms
[2020-07-12T01:07:48.925+0000][5284][gc,stats    ]    Subphase: Concurrent Roots VMHandles                    0.000 / 0.000         0.000 / 0.000         0.000 / 0.000         0.000 / 0.000       ms
[2020-07-12T01:07:48.925+0000][5284][gc,stats    ]    Subphase: Concurrent Weak Roots                         0.846 / 0.911         0.862 / 1.445         0.862 / 1.445         0.862 / 1.445       ms
[2020-07-12T01:07:48.925+0000][5284][gc,stats    ]    Subphase: Concurrent Weak Roots JNIWeakHandles          0.000 / 0.001         0.001 / 0.004         0.001 / 0.004         0.001 / 0.004       ms
[2020-07-12T01:07:48.925+0000][5284][gc,stats    ]    Subphase: Concurrent Weak Roots ResolvedMethodTable     0.087 / 0.090         0.091 / 0.181         0.091 / 0.181         0.091 / 0.181       ms
[2020-07-12T01:07:48.925+0000][5284][gc,stats    ]    Subphase: Concurrent Weak Roots StringTable             0.705 / 0.761         0.715 / 1.194         0.715 / 1.194         0.715 / 1.194       ms
[2020-07-12T01:07:48.925+0000][5284][gc,stats    ]    Subphase: Concurrent Weak Roots VMWeakHandles           0.051 / 0.056         0.052 / 0.067         0.052 / 0.067         0.052 / 0.067       ms
[2020-07-12T01:07:48.925+0000][5284][gc,stats    ]    Subphase: Pause Mark Try Complete                       0.156 / 0.168         0.137 / 0.181         0.137 / 0.181         0.137 / 0.181       ms
[2020-07-12T01:07:48.925+0000][5284][gc,stats    ]    Subphase: Pause Roots                                   0.034 / 0.114         0.048 / 0.936         0.048 / 0.936         0.048 / 0.936       ms
[2020-07-12T01:07:48.925+0000][5284][gc,stats    ]    Subphase: Pause Roots CodeCache                         0.000 / 0.000         0.000 / 0.000         0.000 / 0.000         0.000 / 0.000       ms
[2020-07-12T01:07:48.925+0000][5284][gc,stats    ]    Subphase: Pause Roots JVMTIExport                       0.002 / 0.002         0.002 / 0.007         0.002 / 0.007         0.002 / 0.007       ms
[2020-07-12T01:07:48.925+0000][5284][gc,stats    ]    Subphase: Pause Roots JVMTIWeakExport                   0.000 / 0.000         0.001 / 0.001         0.001 / 0.001         0.001 / 0.001       ms
[2020-07-12T01:07:48.925+0000][5284][gc,stats    ]    Subphase: Pause Roots Management                        0.001 / 0.001         0.001 / 0.003         0.001 / 0.003         0.001 / 0.003       ms
[2020-07-12T01:07:48.925+0000][5284][gc,stats    ]    Subphase: Pause Roots ObjectSynchronizer                0.000 / 0.000         0.000 / 0.001         0.000 / 0.001         0.000 / 0.001       ms
[2020-07-12T01:07:48.925+0000][5284][gc,stats    ]    Subphase: Pause Roots Setup                             0.000 / 0.001         0.000 / 0.001         0.000 / 0.001         0.000 / 0.001       ms
[2020-07-12T01:07:48.925+0000][5284][gc,stats    ]    Subphase: Pause Roots SystemDictionary                  0.010 / 0.016         0.011 / 0.042         0.011 / 0.042         0.011 / 0.042       ms
[2020-07-12T01:07:48.925+0000][5284][gc,stats    ]    Subphase: Pause Roots Teardown                          0.001 / 0.001         0.001 / 0.012         0.001 / 0.012         0.001 / 0.012       ms
[2020-07-12T01:07:48.925+0000][5284][gc,stats    ]    Subphase: Pause Roots Threads                           0.032 / 0.082         0.051 / 0.913         0.051 / 0.913         0.051 / 0.913       ms
[2020-07-12T01:07:48.925+0000][5284][gc,stats    ]    Subphase: Pause Roots Universe                          0.002 / 0.004         0.002 / 0.011         0.002 / 0.011         0.002 / 0.011       ms
[2020-07-12T01:07:48.925+0000][5284][gc,stats    ]    Subphase: Pause Weak Roots                              0.009 / 0.046         0.009 / 0.063         0.009 / 0.063         0.009 / 0.063       ms
[2020-07-12T01:07:48.925+0000][5284][gc,stats    ]    Subphase: Pause Weak Roots JFRWeak                      0.041 / 0.044         0.043 / 0.060         0.043 / 0.060         0.043 / 0.060       ms
[2020-07-12T01:07:48.925+0000][5284][gc,stats    ]    Subphase: Pause Weak Roots JVMTIWeakExport              0.001 / 0.001         0.001 / 0.001         0.001 / 0.001         0.001 / 0.001       ms
[2020-07-12T01:07:48.925+0000][5284][gc,stats    ]    Subphase: Pause Weak Roots Setup                        0.000 / 0.000         0.000 / 0.000         0.000 / 0.000         0.000 / 0.000       ms
[2020-07-12T01:07:48.925+0000][5284][gc,stats    ]    Subphase: Pause Weak Roots Teardown                     0.000 / 0.000         0.000 / 0.000         0.000 / 0.000         0.000 / 0.000       ms
[2020-07-12T01:07:48.925+0000][5284][gc,stats    ]      System: Java Threads                                     36 / 36               33 / 38               33 / 38               33 / 38          threads
[2020-07-12T01:07:48.925+0000][5284][gc,stats    ] =========================================================================================================================================================
[2020-07-12T01:07:49.796+0000][5284][safepoint   ] Safepoint "Cleanup", Time since last: 1000149452 ns, Reaching safepoint: 158261 ns, At safepoint: 3008 ns, Total: 161269 ns
[2020-07-12T01:07:50.798+0000][5284][safepoint   ] Safepoint "Cleanup", Time since last: 1000945345 ns, Reaching safepoint: 805955 ns, At safepoint: 16721 ns, Total: 822676 ns
[2020-07-12T01:07:51.724+0000][5284][gc,heap     ] GC(25) Heap before GC invocations=25 (full 25): ZHeap           used 522M, capacity 4096M, max capacity 4096M
[2020-07-12T01:07:51.724+0000][5284][gc,heap     ] GC(25)  Metaspace       used 79871K, capacity 82645K, committed 82756K, reserved 83968K
[2020-07-12T01:07:51.724+0000][5284][gc,start    ] GC(25) Garbage Collection (Proactive)
[2020-07-12T01:07:51.724+0000][5284][gc,phases   ] GC(25) Pause Mark Start 0.102ms
[2020-07-12T01:07:51.724+0000][5284][safepoint   ] Safepoint "ZMarkStart", Time since last: 926010308 ns, Reaching safepoint: 127810 ns, At safepoint: 123863 ns, Total: 251673 ns
[2020-07-12T01:07:51.767+0000][5284][gc,phases   ] GC(25) Concurrent Mark 43.604ms
[2020-07-12T01:07:51.768+0000][5284][gc,phases   ] GC(25) Pause Mark End 0.249ms
[2020-07-12T01:07:51.768+0000][5284][safepoint   ] Safepoint "ZMarkEnd", Time since last: 43676397 ns, Reaching safepoint: 147112 ns, At safepoint: 272609 ns, Total: 419721 ns
[2020-07-12T01:07:51.793+0000][5284][gc,phases   ] GC(25) Concurrent Process Non-Strong References 24.759ms
[2020-07-12T01:07:51.793+0000][5284][gc,phases   ] GC(25) Concurrent Reset Relocation Set 0.003ms
[2020-07-12T01:07:51.794+0000][5284][gc,phases   ] GC(25) Concurrent Select Relocation Set 0.995ms
[2020-07-12T01:07:51.794+0000][5284][gc,phases   ] GC(25) Pause Relocate Start 0.105ms
[2020-07-12T01:07:51.794+0000][5284][safepoint   ] Safepoint "ZRelocateStart", Time since last: 25830252 ns, Reaching safepoint: 121816 ns, At safepoint: 120702 ns, Total: 242518 ns
[2020-07-12T01:07:51.795+0000][5284][gc,phases   ] GC(25) Concurrent Relocate 1.090ms
[2020-07-12T01:07:51.795+0000][5284][gc,heap     ] GC(25) Heap after GC invocations=26 (full 26): ZHeap           used 90M, capacity 4096M, max capacity 4096M
[2020-07-12T01:07:51.795+0000][5284][gc,heap     ] GC(25)  Metaspace       used 79871K, capacity 82645K, committed 82756K, reserved 83968K
[2020-07-12T01:07:51.795+0000][5284][gc,load     ] GC(25) Load: 0.79/0.95/0.54
[2020-07-12T01:07:51.795+0000][5284][gc,mmu      ] GC(25) MMU: 2ms/49.3%, 5ms/79.7%, 10ms/89.9%, 20ms/94.9%, 50ms/97.3%, 100ms/98.3%
[2020-07-12T01:07:51.795+0000][5284][gc,marking  ] GC(25) Mark: 1 stripe(s), 2 proactive flush(es), 1 terminate flush(es), 1 completion(s), 0 continuation(s) 
[2020-07-12T01:07:51.795+0000][5284][gc,reloc    ] GC(25) Relocation: Successful, 1M relocated
[2020-07-12T01:07:51.795+0000][5284][gc,nmethod  ] GC(25) NMethods: 5227 registered, 252 unregistered
[2020-07-12T01:07:51.795+0000][5284][gc,metaspace] GC(25) Metaspace: 77M used, 80M capacity, 80M committed, 82M reserved
[2020-07-12T01:07:51.795+0000][5284][gc,ref      ] GC(25) Soft: 3917 encountered, 0 discovered, 0 enqueued
[2020-07-12T01:07:51.795+0000][5284][gc,ref      ] GC(25) Weak: 6635 encountered, 4297 discovered, 0 enqueued
[2020-07-12T01:07:51.795+0000][5284][gc,ref      ] GC(25) Final: 2 encountered, 0 discovered, 0 enqueued
[2020-07-12T01:07:51.795+0000][5284][gc,ref      ] GC(25) Phantom: 434 encountered, 293 discovered, 0 enqueued
[2020-07-12T01:07:51.795+0000][5284][gc,heap     ] GC(25) Min Capacity: 4096M(100%)
[2020-07-12T01:07:51.795+0000][5284][gc,heap     ] GC(25) Max Capacity: 4096M(100%)
[2020-07-12T01:07:51.795+0000][5284][gc,heap     ] GC(25) Soft Max Capacity: 4096M(100%)
[2020-07-12T01:07:51.795+0000][5284][gc,heap     ] GC(25)                Mark Start          Mark End        Relocate Start      Relocate End           High               Low         
[2020-07-12T01:07:51.795+0000][5284][gc,heap     ] GC(25)  Capacity:     4096M (100%)       4096M (100%)       4096M (100%)       4096M (100%)       4096M (100%)       4096M (100%)   
[2020-07-12T01:07:51.795+0000][5284][gc,heap     ] GC(25)   Reserve:       42M (1%)           42M (1%)           42M (1%)           42M (1%)           42M (1%)           42M (1%)     
[2020-07-12T01:07:51.795+0000][5284][gc,heap     ] GC(25)      Free:     3532M (86%)        3506M (86%)        3912M (96%)        3964M (97%)        3964M (97%)        3504M (86%)    
[2020-07-12T01:07:51.795+0000][5284][gc,heap     ] GC(25)      Used:      522M (13%)         548M (13%)         142M (3%)           90M (2%)          550M (13%)          90M (2%)     
[2020-07-12T01:07:51.795+0000][5284][gc,heap     ] GC(25)      Live:         -                28M (1%)           28M (1%)           28M (1%)             -                  -          
[2020-07-12T01:07:51.795+0000][5284][gc,heap     ] GC(25) Allocated:         -                26M (1%)           28M (1%)           30M (1%)             -                  -          
[2020-07-12T01:07:51.795+0000][5284][gc,heap     ] GC(25)   Garbage:         -               493M (12%)          85M (2%)           33M (1%)             -                  -          
[2020-07-12T01:07:51.795+0000][5284][gc,heap     ] GC(25) Reclaimed:         -                  -               408M (10%)         460M (11%)            -                  -          
[2020-07-12T01:07:51.795+0000][5284][gc          ] GC(25) Garbage Collection (Proactive) 522M(13%)->90M(2%)
[2020-07-12T01:07:52.794+0000][5284][safepoint   ] Safepoint "Cleanup", Time since last: 1000150421 ns, Reaching safepoint: 159710 ns, At safepoint: 6210 ns, Total: 165920 ns
[2020-07-12T01:07:53.795+0000][5284][safepoint   ] Safepoint "Cleanup", Time since last: 1000191417 ns, Reaching safepoint: 149484 ns, At safepoint: 3580 ns, Total: 153064 ns
[2020-07-12T01:07:53.816+0000][5284][safepoint   ] Safepoint "PrintThreads", Time since last: 20144935 ns, Reaching safepoint: 146682 ns, At safepoint: 653604 ns, Total: 800286 ns
[2020-07-12T01:07:53.816+0000][5284][safepoint   ] Safepoint "PrintJNI", Time since last: 137602 ns, Reaching safepoint: 144456 ns, At safepoint: 5928 ns, Total: 150384 ns
[2020-07-12T01:07:53.816+0000][5284][safepoint   ] Safepoint "FindDeadlocks", Time since last: 112916 ns, Reaching safepoint: 138019 ns, At safepoint: 6614 ns, Total: 144633 ns
[2020-07-12T01:07:54.819+0000][5284][safepoint   ] Safepoint "Cleanup", Time since last: 1002824434 ns, Reaching safepoint: 166945 ns, At safepoint: 3639 ns, Total: 170584 ns
[2020-07-12T01:07:55.724+0000][5284][gc,heap     ] GC(26) Heap before GC invocations=26 (full 26): ZHeap           used 534M, capacity 4096M, max capacity 4096M
[2020-07-12T01:07:55.724+0000][5284][gc,heap     ] GC(26)  Metaspace       used 79872K, capacity 82645K, committed 82756K, reserved 83968K
[2020-07-12T01:07:55.724+0000][5284][gc,start    ] GC(26) Garbage Collection (Proactive)
[2020-07-12T01:07:55.724+0000][5284][gc,phases   ] GC(26) Pause Mark Start 0.095ms
[2020-07-12T01:07:55.724+0000][5284][safepoint   ] Safepoint "ZMarkStart", Time since last: 904534190 ns, Reaching safepoint: 97632 ns, At safepoint: 114233 ns, Total: 211865 ns
[2020-07-12T01:07:55.769+0000][5284][gc,phases   ] GC(26) Concurrent Mark 45.292ms
[2020-07-12T01:07:55.770+0000][5284][gc,phases   ] GC(26) Pause Mark End 0.335ms
[2020-07-12T01:07:55.770+0000][5284][safepoint   ] Safepoint "ZMarkEnd", Time since last: 45402961 ns, Reaching safepoint: 159989 ns, At safepoint: 357686 ns, Total: 517675 ns
[2020-07-12T01:07:55.792+0000][5284][gc,phases   ] GC(26) Concurrent Process Non-Strong References 22.629ms
[2020-07-12T01:07:55.793+0000][5284][gc,phases   ] GC(26) Concurrent Reset Relocation Set 0.004ms
[2020-07-12T01:07:55.794+0000][5284][gc,phases   ] GC(26) Concurrent Select Relocation Set 1.012ms
[2020-07-12T01:07:55.794+0000][5284][gc,phases   ] GC(26) Pause Relocate Start 0.114ms
[2020-07-12T01:07:55.794+0000][5284][safepoint   ] Safepoint "ZRelocateStart", Time since last: 23730481 ns, Reaching safepoint: 131292 ns, At safepoint: 137861 ns, Total: 269153 ns
[2020-07-12T01:07:55.795+0000][5284][gc,phases   ] GC(26) Concurrent Relocate 0.974ms
[2020-07-12T01:07:55.795+0000][5284][gc,heap     ] GC(26) Heap after GC invocations=27 (full 27): ZHeap           used 88M, capacity 4096M, max capacity 4096M
[2020-07-12T01:07:55.795+0000][5284][gc,heap     ] GC(26)  Metaspace       used 79872K, capacity 82645K, committed 82756K, reserved 83968K
[2020-07-12T01:07:55.795+0000][5284][gc,load     ] GC(26) Load: 0.72/0.94/0.54
[2020-07-12T01:07:55.795+0000][5284][gc,mmu      ] GC(26) MMU: 2ms/49.3%, 5ms/79.7%, 10ms/89.9%, 20ms/94.9%, 50ms/97.3%, 100ms/98.3%
[2020-07-12T01:07:55.795+0000][5284][gc,marking  ] GC(26) Mark: 1 stripe(s), 2 proactive flush(es), 1 terminate flush(es), 1 completion(s), 0 continuation(s) 
[2020-07-12T01:07:55.795+0000][5284][gc,reloc    ] GC(26) Relocation: Successful, 1M relocated
[2020-07-12T01:07:55.795+0000][5284][gc,nmethod  ] GC(26) NMethods: 5235 registered, 252 unregistered
[2020-07-12T01:07:55.795+0000][5284][gc,metaspace] GC(26) Metaspace: 78M used, 80M capacity, 80M committed, 82M reserved
[2020-07-12T01:07:55.795+0000][5284][gc,ref      ] GC(26) Soft: 3917 encountered, 0 discovered, 0 enqueued
[2020-07-12T01:07:55.795+0000][5284][gc,ref      ] GC(26) Weak: 6634 encountered, 4300 discovered, 0 enqueued
[2020-07-12T01:07:55.795+0000][5284][gc,ref      ] GC(26) Final: 2 encountered, 0 discovered, 0 enqueued
[2020-07-12T01:07:55.795+0000][5284][gc,ref      ] GC(26) Phantom: 434 encountered, 293 discovered, 0 enqueued
[2020-07-12T01:07:55.795+0000][5284][gc,heap     ] GC(26) Min Capacity: 4096M(100%)
[2020-07-12T01:07:55.795+0000][5284][gc,heap     ] GC(26) Max Capacity: 4096M(100%)
[2020-07-12T01:07:55.795+0000][5284][gc,heap     ] GC(26) Soft Max Capacity: 4096M(100%)
[2020-07-12T01:07:55.795+0000][5284][gc,heap     ] GC(26)                Mark Start          Mark End        Relocate Start      Relocate End           High               Low         
[2020-07-12T01:07:55.795+0000][5284][gc,heap     ] GC(26)  Capacity:     4096M (100%)       4096M (100%)       4096M (100%)       4096M (100%)       4096M (100%)       4096M (100%)   
[2020-07-12T01:07:55.795+0000][5284][gc,heap     ] GC(26)   Reserve:       42M (1%)           42M (1%)           42M (1%)           42M (1%)           42M (1%)           42M (1%)     
[2020-07-12T01:07:55.795+0000][5284][gc,heap     ] GC(26)      Free:     3520M (86%)        3496M (85%)        3932M (96%)        3966M (97%)        3966M (97%)        3496M (85%)    
[2020-07-12T01:07:55.795+0000][5284][gc,heap     ] GC(26)      Used:      534M (13%)         558M (14%)         122M (3%)           88M (2%)          558M (14%)          88M (2%)     
[2020-07-12T01:07:55.795+0000][5284][gc,heap     ] GC(26)      Live:         -                28M (1%)           28M (1%)           28M (1%)             -                  -          
[2020-07-12T01:07:55.795+0000][5284][gc,heap     ] GC(26) Allocated:         -                24M (1%)           24M (1%)           28M (1%)             -                  -          
[2020-07-12T01:07:55.795+0000][5284][gc,heap     ] GC(26)   Garbage:         -               505M (12%)          69M (2%)           35M (1%)             -                  -          
[2020-07-12T01:07:55.795+0000][5284][gc,heap     ] GC(26) Reclaimed:         -                  -               436M (11%)         470M (11%)            -                  -          
[2020-07-12T01:07:55.795+0000][5284][gc          ] GC(26) Garbage Collection (Proactive) 534M(13%)->88M(2%)
[2020-07-12T01:07:56.795+0000][5284][safepoint   ] Safepoint "Cleanup", Time since last: 1001391362 ns, Reaching safepoint: 156078 ns, At safepoint: 3453 ns, Total: 159531 ns
[2020-07-12T01:07:58.797+0000][5284][safepoint   ] Safepoint "Cleanup", Time since last: 2001090103 ns, Reaching safepoint: 142529 ns, At safepoint: 4046 ns, Total: 146575 ns
[2020-07-12T01:07:58.925+0000][5284][gc,stats    ] === Garbage Collection Statistics =======================================================================================================================
[2020-07-12T01:07:58.925+0000][5284][gc,stats    ]                                                              Last 10s              Last 10m              Last 10h                Total
[2020-07-12T01:07:58.925+0000][5284][gc,stats    ]                                                              Avg / Max             Avg / Max             Avg / Max             Avg / Max
[2020-07-12T01:07:58.925+0000][5284][gc,stats    ]   Collector: Garbage Collection Cycle                     71.458 / 71.672       71.486 / 117.511      71.486 / 117.511      71.486 / 117.511     ms
[2020-07-12T01:07:58.925+0000][5284][gc,stats    ]  Contention: Mark Segment Reset Contention                     0 / 0                 0 / 0                 0 / 0                 0 / 0           ops/s
[2020-07-12T01:07:58.925+0000][5284][gc,stats    ]  Contention: Mark SeqNum Reset Contention                      0 / 0                 0 / 0                 0 / 0                 0 / 0           ops/s
[2020-07-12T01:07:58.925+0000][5284][gc,stats    ]  Contention: Relocation Contention                             0 / 0                 0 / 2                 0 / 2                 0 / 2           ops/s
[2020-07-12T01:07:58.925+0000][5284][gc,stats    ]    Critical: Allocation Stall                              0.000 / 0.000         0.000 / 0.000         0.000 / 0.000         0.000 / 0.000       ms
[2020-07-12T01:07:58.925+0000][5284][gc,stats    ]    Critical: Allocation Stall                                  0 / 0                 0 / 0                 0 / 0                 0 / 0           ops/s
[2020-07-12T01:07:58.925+0000][5284][gc,stats    ]    Critical: GC Locker Stall                               0.000 / 0.000         0.093 / 0.093         0.093 / 0.093         0.093 / 0.093       ms
[2020-07-12T01:07:58.925+0000][5284][gc,stats    ]    Critical: GC Locker Stall                                   0 / 0                 0 / 1                 0 / 1                 0 / 1           ops/s
[2020-07-12T01:07:58.925+0000][5284][gc,stats    ]      Memory: Allocation Rate                                 108 / 130             101 / 220             101 / 220             101 / 220         MB/s
[2020-07-12T01:07:58.925+0000][5284][gc,stats    ]      Memory: Heap Used After Mark                            553 / 558             538 / 1286            538 / 1286            538 / 1286        MB
[2020-07-12T01:07:58.925+0000][5284][gc,stats    ]      Memory: Heap Used After Relocation                       89 / 90               78 / 106              78 / 106              78 / 106         MB
[2020-07-12T01:07:58.925+0000][5284][gc,stats    ]      Memory: Heap Used Before Mark                           528 / 534             523 / 1270            523 / 1270            523 / 1270        MB
[2020-07-12T01:07:58.925+0000][5284][gc,stats    ]      Memory: Heap Used Before Relocation                     132 / 142             145 / 338             145 / 338             145 / 338         MB
[2020-07-12T01:07:58.925+0000][5284][gc,stats    ]      Memory: Out Of Memory                                     0 / 0                 0 / 0                 0 / 0                 0 / 0           ops/s
[2020-07-12T01:07:58.925+0000][5284][gc,stats    ]      Memory: Page Cache Flush                                  0 / 0                 0 / 0                 0 / 0                 0 / 0           MB/s
[2020-07-12T01:07:58.925+0000][5284][gc,stats    ]      Memory: Page Cache Hit L1                                54 / 67               46 / 111              46 / 111              46 / 111         ops/s
[2020-07-12T01:07:58.925+0000][5284][gc,stats    ]      Memory: Page Cache Hit L2                                 0 / 0                 0 / 0                 0 / 0                 0 / 0           ops/s
[2020-07-12T01:07:58.925+0000][5284][gc,stats    ]      Memory: Page Cache Hit L3                                 0 / 0                 4 / 96                4 / 96                4 / 96          ops/s
[2020-07-12T01:07:58.925+0000][5284][gc,stats    ]      Memory: Page Cache Miss                                   0 / 0                 0 / 0                 0 / 0                 0 / 0           ops/s
[2020-07-12T01:07:58.925+0000][5284][gc,stats    ]      Memory: Uncommit                                          0 / 0                 0 / 0                 0 / 0                 0 / 0           MB/s
[2020-07-12T01:07:58.925+0000][5284][gc,stats    ]      Memory: Undo Object Allocation Failed                     0 / 0                 0 / 0                 0 / 0                 0 / 0           ops/s
[2020-07-12T01:07:58.925+0000][5284][gc,stats    ]      Memory: Undo Object Allocation Succeeded                  0 / 0                 0 / 2                 0 / 2                 0 / 2           ops/s
[2020-07-12T01:07:58.925+0000][5284][gc,stats    ]      Memory: Undo Page Allocation                              0 / 0                 0 / 0                 0 / 0                 0 / 0           ops/s
[2020-07-12T01:07:58.925+0000][5284][gc,stats    ]       Phase: Concurrent Mark                              44.448 / 45.292       46.062 / 77.269       46.062 / 77.269       46.062 / 77.269      ms
[2020-07-12T01:07:58.925+0000][5284][gc,stats    ]       Phase: Concurrent Mark Continue                      0.000 / 0.000         0.000 / 0.000         0.000 / 0.000         0.000 / 0.000       ms
[2020-07-12T01:07:58.925+0000][5284][gc,stats    ]       Phase: Concurrent Process Non-Strong References     23.694 / 24.759       19.418 / 24.759       19.418 / 24.759       19.418 / 24.759      ms
[2020-07-12T01:07:58.925+0000][5284][gc,stats    ]       Phase: Concurrent Relocate                           1.032 / 1.090         2.740 / 18.136        2.740 / 18.136        2.740 / 18.136      ms
[2020-07-12T01:07:58.925+0000][5284][gc,stats    ]       Phase: Concurrent Reset Relocation Set               0.004 / 0.004         0.005 / 0.015         0.005 / 0.015         0.005 / 0.015       ms
[2020-07-12T01:07:58.925+0000][5284][gc,stats    ]       Phase: Concurrent Select Relocation Set              1.004 / 1.012         1.192 / 5.622         1.192 / 5.622         1.192 / 5.622       ms
[2020-07-12T01:07:58.925+0000][5284][gc,stats    ]       Phase: Pause Mark End                                0.292 / 0.335         0.314 / 0.442         0.314 / 0.442         0.314 / 0.442       ms
[2020-07-12T01:07:58.925+0000][5284][gc,stats    ]       Phase: Pause Mark Start                              0.098 / 0.102         0.189 / 0.724         0.189 / 0.724         0.189 / 0.724       ms
[2020-07-12T01:07:58.925+0000][5284][gc,stats    ]       Phase: Pause Relocate Start                          0.109 / 0.114         0.161 / 1.014         0.161 / 1.014         0.161 / 1.014       ms
[2020-07-12T01:07:58.925+0000][5284][gc,stats    ]    Subphase: Concurrent Classes Purge                      0.529 / 0.581         0.548 / 1.236         0.548 / 1.236         0.548 / 1.236       ms
[2020-07-12T01:07:58.925+0000][5284][gc,stats    ]    Subphase: Concurrent Classes Unlink                    21.664 / 22.700       17.219 / 22.700       17.219 / 22.700       17.219 / 22.700      ms
[2020-07-12T01:07:58.925+0000][5284][gc,stats    ]    Subphase: Concurrent Mark                              43.944 / 44.777       45.427 / 76.517       45.427 / 76.517       45.427 / 76.517      ms
[2020-07-12T01:07:58.925+0000][5284][gc,stats    ]    Subphase: Concurrent Mark Idle                          0.000 / 0.000         0.000 / 0.000         0.000 / 0.000         0.000 / 0.000       ms
[2020-07-12T01:07:58.925+0000][5284][gc,stats    ]    Subphase: Concurrent Mark Try Flush                     0.075 / 0.167         0.130 / 1.569         0.130 / 1.569         0.130 / 1.569       ms
[2020-07-12T01:07:58.925+0000][5284][gc,stats    ]    Subphase: Concurrent Mark Try Terminate                 0.032 / 0.115         0.055 / 0.756         0.055 / 0.756         0.055 / 0.756       ms
[2020-07-12T01:07:58.925+0000][5284][gc,stats    ]    Subphase: Concurrent References Enqueue                 0.000 / 0.000         0.001 / 0.004         0.001 / 0.004         0.001 / 0.004       ms
[2020-07-12T01:07:58.925+0000][5284][gc,stats    ]    Subphase: Concurrent References Process                 0.439 / 0.492         0.483 / 1.144         0.483 / 1.144         0.483 / 1.144       ms
[2020-07-12T01:07:58.925+0000][5284][gc,stats    ]    Subphase: Concurrent Roots                              0.235 / 0.242         0.286 / 1.449         0.286 / 1.449         0.286 / 1.449       ms
[2020-07-12T01:07:58.925+0000][5284][gc,stats    ]    Subphase: Concurrent Roots ClassLoaderDataGraph         0.230 / 0.237         0.280 / 1.421         0.280 / 1.421         0.280 / 1.421       ms
[2020-07-12T01:07:58.925+0000][5284][gc,stats    ]    Subphase: Concurrent Roots JNIHandles                   0.003 / 0.003         0.003 / 0.012         0.003 / 0.012         0.003 / 0.012       ms
[2020-07-12T01:07:58.925+0000][5284][gc,stats    ]    Subphase: Concurrent Roots Setup                        0.154 / 0.154         0.164 / 0.363         0.164 / 0.363         0.164 / 0.363       ms
[2020-07-12T01:07:58.925+0000][5284][gc,stats    ]    Subphase: Concurrent Roots Teardown                     0.000 / 0.000         0.000 / 0.002         0.000 / 0.002         0.000 / 0.002       ms
[2020-07-12T01:07:58.925+0000][5284][gc,stats    ]    Subphase: Concurrent Roots VMHandles                    0.000 / 0.000         0.000 / 0.000         0.000 / 0.000         0.000 / 0.000       ms
[2020-07-12T01:07:58.925+0000][5284][gc,stats    ]    Subphase: Concurrent Weak Roots                         0.837 / 0.896         0.860 / 1.445         0.860 / 1.445         0.860 / 1.445       ms
[2020-07-12T01:07:58.925+0000][5284][gc,stats    ]    Subphase: Concurrent Weak Roots JNIWeakHandles          0.000 / 0.001         0.001 / 0.004         0.001 / 0.004         0.001 / 0.004       ms
[2020-07-12T01:07:58.925+0000][5284][gc,stats    ]    Subphase: Concurrent Weak Roots ResolvedMethodTable     0.087 / 0.089         0.091 / 0.181         0.091 / 0.181         0.091 / 0.181       ms
[2020-07-12T01:07:58.925+0000][5284][gc,stats    ]    Subphase: Concurrent Weak Roots StringTable             0.692 / 0.745         0.713 / 1.194         0.713 / 1.194         0.713 / 1.194       ms
[2020-07-12T01:07:58.925+0000][5284][gc,stats    ]    Subphase: Concurrent Weak Roots VMWeakHandles           0.055 / 0.063         0.052 / 0.067         0.052 / 0.067         0.052 / 0.067       ms
[2020-07-12T01:07:58.925+0000][5284][gc,stats    ]    Subphase: Pause Mark Try Complete                       0.142 / 0.144         0.138 / 0.181         0.138 / 0.181         0.138 / 0.181       ms
[2020-07-12T01:07:58.925+0000][5284][gc,stats    ]    Subphase: Pause Roots                                   0.028 / 0.084         0.046 / 0.936         0.046 / 0.936         0.046 / 0.936       ms
[2020-07-12T01:07:58.925+0000][5284][gc,stats    ]    Subphase: Pause Roots CodeCache                         0.000 / 0.000         0.000 / 0.000         0.000 / 0.000         0.000 / 0.000       ms
[2020-07-12T01:07:58.925+0000][5284][gc,stats    ]    Subphase: Pause Roots JVMTIExport                       0.001 / 0.002         0.002 / 0.007         0.002 / 0.007         0.002 / 0.007       ms
[2020-07-12T01:07:58.925+0000][5284][gc,stats    ]    Subphase: Pause Roots JVMTIWeakExport                   0.001 / 0.001         0.001 / 0.001         0.001 / 0.001         0.001 / 0.001       ms
[2020-07-12T01:07:58.925+0000][5284][gc,stats    ]    Subphase: Pause Roots Management                        0.001 / 0.001         0.001 / 0.003         0.001 / 0.003         0.001 / 0.003       ms
[2020-07-12T01:07:58.925+0000][5284][gc,stats    ]    Subphase: Pause Roots ObjectSynchronizer                0.000 / 0.000         0.000 / 0.001         0.000 / 0.001         0.000 / 0.001       ms
[2020-07-12T01:07:58.925+0000][5284][gc,stats    ]    Subphase: Pause Roots Setup                             0.000 / 0.000         0.000 / 0.001         0.000 / 0.001         0.000 / 0.001       ms
[2020-07-12T01:07:58.925+0000][5284][gc,stats    ]    Subphase: Pause Roots SystemDictionary                  0.009 / 0.011         0.010 / 0.042         0.010 / 0.042         0.010 / 0.042       ms
[2020-07-12T01:07:58.925+0000][5284][gc,stats    ]    Subphase: Pause Roots Teardown                          0.001 / 0.001         0.001 / 0.012         0.001 / 0.012         0.001 / 0.012       ms
[2020-07-12T01:07:58.925+0000][5284][gc,stats    ]    Subphase: Pause Roots Threads                           0.035 / 0.069         0.050 / 0.913         0.050 / 0.913         0.050 / 0.913       ms
[2020-07-12T01:07:58.925+0000][5284][gc,stats    ]    Subphase: Pause Roots Universe                          0.002 / 0.003         0.002 / 0.011         0.002 / 0.011         0.002 / 0.011       ms
[2020-07-12T01:07:58.925+0000][5284][gc,stats    ]    Subphase: Pause Weak Roots                              0.008 / 0.045         0.009 / 0.063         0.009 / 0.063         0.009 / 0.063       ms
[2020-07-12T01:07:58.925+0000][5284][gc,stats    ]    Subphase: Pause Weak Roots JFRWeak                      0.040 / 0.043         0.043 / 0.060         0.043 / 0.060         0.043 / 0.060       ms
[2020-07-12T01:07:58.925+0000][5284][gc,stats    ]    Subphase: Pause Weak Roots JVMTIWeakExport              0.001 / 0.001         0.001 / 0.001         0.001 / 0.001         0.001 / 0.001       ms
[2020-07-12T01:07:58.925+0000][5284][gc,stats    ]    Subphase: Pause Weak Roots Setup                        0.000 / 0.000         0.000 / 0.000         0.000 / 0.000         0.000 / 0.000       ms
[2020-07-12T01:07:58.925+0000][5284][gc,stats    ]    Subphase: Pause Weak Roots Teardown                     0.000 / 0.000         0.000 / 0.000         0.000 / 0.000         0.000 / 0.000       ms
[2020-07-12T01:07:58.925+0000][5284][gc,stats    ]      System: Java Threads                                     36 / 36               33 / 38               33 / 38               33 / 38          threads
[2020-07-12T01:07:58.925+0000][5284][gc,stats    ] =========================================================================================================================================================
[2020-07-12T01:07:59.723+0000][5284][gc,heap     ] GC(27) Heap before GC invocations=27 (full 27): ZHeap           used 526M, capacity 4096M, max capacity 4096M
[2020-07-12T01:07:59.723+0000][5284][gc,heap     ] GC(27)  Metaspace       used 79873K, capacity 82645K, committed 82756K, reserved 83968K
[2020-07-12T01:07:59.723+0000][5284][gc,start    ] GC(27) Garbage Collection (Proactive)
[2020-07-12T01:07:59.724+0000][5284][gc,phases   ] GC(27) Pause Mark Start 0.135ms
[2020-07-12T01:07:59.724+0000][5284][safepoint   ] Safepoint "ZMarkStart", Time since last: 926792330 ns, Reaching safepoint: 61416 ns, At safepoint: 157450 ns, Total: 218866 ns
[2020-07-12T01:07:59.769+0000][5284][gc,phases   ] GC(27) Concurrent Mark 45.288ms
[2020-07-12T01:07:59.769+0000][5284][gc,phases   ] GC(27) Pause Mark End 0.389ms
[2020-07-12T01:07:59.769+0000][5284][safepoint   ] Safepoint "ZMarkEnd", Time since last: 45328565 ns, Reaching safepoint: 74119 ns, At safepoint: 408938 ns, Total: 483057 ns
[2020-07-12T01:07:59.793+0000][5284][gc,phases   ] GC(27) Concurrent Process Non-Strong References 23.363ms
[2020-07-12T01:07:59.793+0000][5284][gc,phases   ] GC(27) Concurrent Reset Relocation Set 0.003ms
[2020-07-12T01:07:59.794+0000][5284][gc,phases   ] GC(27) Concurrent Select Relocation Set 0.986ms
[2020-07-12T01:07:59.794+0000][5284][gc,phases   ] GC(27) Pause Relocate Start 0.149ms
[2020-07-12T01:07:59.794+0000][5284][safepoint   ] Safepoint "ZRelocateStart", Time since last: 24405699 ns, Reaching safepoint: 54618 ns, At safepoint: 168637 ns, Total: 223255 ns
[2020-07-12T01:07:59.795+0000][5284][gc,phases   ] GC(27) Concurrent Relocate 0.996ms
[2020-07-12T01:07:59.795+0000][5284][gc,heap     ] GC(27) Heap after GC invocations=28 (full 28): ZHeap           used 84M, capacity 4096M, max capacity 4096M
[2020-07-12T01:07:59.795+0000][5284][gc,heap     ] GC(27)  Metaspace       used 79873K, capacity 82645K, committed 82756K, reserved 83968K
[2020-07-12T01:07:59.795+0000][5284][gc,load     ] GC(27) Load: 0.67/0.92/0.54
[2020-07-12T01:07:59.795+0000][5284][gc,mmu      ] GC(27) MMU: 2ms/49.3%, 5ms/79.7%, 10ms/89.9%, 20ms/94.9%, 50ms/97.3%, 100ms/98.3%
[2020-07-12T01:07:59.795+0000][5284][gc,marking  ] GC(27) Mark: 1 stripe(s), 2 proactive flush(es), 1 terminate flush(es), 1 completion(s), 0 continuation(s) 
[2020-07-12T01:07:59.795+0000][5284][gc,reloc    ] GC(27) Relocation: Successful, 1M relocated
[2020-07-12T01:07:59.795+0000][5284][gc,nmethod  ] GC(27) NMethods: 5242 registered, 253 unregistered
[2020-07-12T01:07:59.795+0000][5284][gc,metaspace] GC(27) Metaspace: 78M used, 80M capacity, 80M committed, 82M reserved
[2020-07-12T01:07:59.795+0000][5284][gc,ref      ] GC(27) Soft: 3917 encountered, 0 discovered, 0 enqueued
[2020-07-12T01:07:59.795+0000][5284][gc,ref      ] GC(27) Weak: 6636 encountered, 4298 discovered, 0 enqueued
[2020-07-12T01:07:59.795+0000][5284][gc,ref      ] GC(27) Final: 2 encountered, 0 discovered, 0 enqueued
[2020-07-12T01:07:59.795+0000][5284][gc,ref      ] GC(27) Phantom: 434 encountered, 293 discovered, 0 enqueued
[2020-07-12T01:07:59.795+0000][5284][gc,heap     ] GC(27) Min Capacity: 4096M(100%)
[2020-07-12T01:07:59.795+0000][5284][gc,heap     ] GC(27) Max Capacity: 4096M(100%)
[2020-07-12T01:07:59.795+0000][5284][gc,heap     ] GC(27) Soft Max Capacity: 4096M(100%)
[2020-07-12T01:07:59.795+0000][5284][gc,heap     ] GC(27)                Mark Start          Mark End        Relocate Start      Relocate End           High               Low         
[2020-07-12T01:07:59.795+0000][5284][gc,heap     ] GC(27)  Capacity:     4096M (100%)       4096M (100%)       4096M (100%)       4096M (100%)       4096M (100%)       4096M (100%)   
[2020-07-12T01:07:59.795+0000][5284][gc,heap     ] GC(27)   Reserve:       42M (1%)           42M (1%)           42M (1%)           42M (1%)           42M (1%)           42M (1%)     
[2020-07-12T01:07:59.795+0000][5284][gc,heap     ] GC(27)      Free:     3528M (86%)        3508M (86%)        3922M (96%)        3970M (97%)        3970M (97%)        3508M (86%)    
[2020-07-12T01:07:59.795+0000][5284][gc,heap     ] GC(27)      Used:      526M (13%)         546M (13%)         132M (3%)           84M (2%)          546M (13%)          84M (2%)     
[2020-07-12T01:07:59.795+0000][5284][gc,heap     ] GC(27)      Live:         -                28M (1%)           28M (1%)           28M (1%)             -                  -          
[2020-07-12T01:07:59.795+0000][5284][gc,heap     ] GC(27) Allocated:         -                20M (0%)           20M (0%)           24M (1%)             -                  -          
[2020-07-12T01:07:59.795+0000][5284][gc,heap     ] GC(27)   Garbage:         -               497M (12%)          83M (2%)           35M (1%)             -                  -          
[2020-07-12T01:07:59.795+0000][5284][gc,heap     ] GC(27) Reclaimed:         -                  -               414M (10%)         462M (11%)            -                  -          
[2020-07-12T01:07:59.795+0000][5284][gc          ] GC(27) Garbage Collection (Proactive) 526M(13%)->84M(2%)
[2020-07-12T01:08:00.796+0000][5284][safepoint   ] Safepoint "Cleanup", Time since last: 1001492800 ns, Reaching safepoint: 65460 ns, At safepoint: 1591 ns, Total: 67051 ns
[2020-07-12T01:08:03.724+0000][5284][gc,heap     ] GC(28) Heap before GC invocations=28 (full 28): ZHeap           used 528M, capacity 4096M, max capacity 4096M
[2020-07-12T01:08:03.724+0000][5284][gc,heap     ] GC(28)  Metaspace       used 79875K, capacity 82645K, committed 82756K, reserved 83968K
[2020-07-12T01:08:03.724+0000][5284][gc,start    ] GC(28) Garbage Collection (Proactive)
[2020-07-12T01:08:03.725+0000][5284][gc,phases   ] GC(28) Pause Mark Start 0.153ms
[2020-07-12T01:08:03.725+0000][5284][safepoint   ] Safepoint "ZMarkStart", Time since last: 2928391559 ns, Reaching safepoint: 1176463 ns, At safepoint: 173443 ns, Total: 1349906 ns
[2020-07-12T01:08:03.772+0000][5284][gc,phases   ] GC(28) Concurrent Mark 46.973ms
[2020-07-12T01:08:03.773+0000][5284][gc,phases   ] GC(28) Pause Mark End 0.314ms
[2020-07-12T01:08:03.773+0000][5284][safepoint   ] Safepoint "ZMarkEnd", Time since last: 47012550 ns, Reaching safepoint: 72240 ns, At safepoint: 333017 ns, Total: 405257 ns
[2020-07-12T01:08:03.795+0000][5284][gc,phases   ] GC(28) Concurrent Process Non-Strong References 22.464ms
[2020-07-12T01:08:03.795+0000][5284][gc,phases   ] GC(28) Concurrent Reset Relocation Set 0.004ms
[2020-07-12T01:08:03.796+0000][5284][gc,phases   ] GC(28) Concurrent Select Relocation Set 0.992ms
[2020-07-12T01:08:03.797+0000][5284][gc,phases   ] GC(28) Pause Relocate Start 0.523ms
[2020-07-12T01:08:03.797+0000][5284][safepoint   ] Safepoint "ZRelocateStart", Time since last: 23515290 ns, Reaching safepoint: 64806 ns, At safepoint: 538359 ns, Total: 603165 ns
[2020-07-12T01:08:03.798+0000][5284][gc,phases   ] GC(28) Concurrent Relocate 1.442ms
[2020-07-12T01:08:03.798+0000][5284][gc,heap     ] GC(28) Heap after GC invocations=29 (full 29): ZHeap           used 88M, capacity 4096M, max capacity 4096M
[2020-07-12T01:08:03.798+0000][5284][gc,heap     ] GC(28)  Metaspace       used 79875K, capacity 82645K, committed 82756K, reserved 83968K
[2020-07-12T01:08:03.798+0000][5284][gc,load     ] GC(28) Load: 0.61/0.91/0.53
[2020-07-12T01:08:03.798+0000][5284][gc,mmu      ] GC(28) MMU: 2ms/49.3%, 5ms/79.7%, 10ms/89.9%, 20ms/94.9%, 50ms/97.3%, 100ms/98.3%
[2020-07-12T01:08:03.798+0000][5284][gc,marking  ] GC(28) Mark: 1 stripe(s), 2 proactive flush(es), 1 terminate flush(es), 1 completion(s), 0 continuation(s) 
[2020-07-12T01:08:03.798+0000][5284][gc,reloc    ] GC(28) Relocation: Successful, 1M relocated
[2020-07-12T01:08:03.798+0000][5284][gc,nmethod  ] GC(28) NMethods: 5225 registered, 276 unregistered
[2020-07-12T01:08:03.798+0000][5284][gc,metaspace] GC(28) Metaspace: 78M used, 80M capacity, 80M committed, 82M reserved
[2020-07-12T01:08:03.798+0000][5284][gc,ref      ] GC(28) Soft: 3917 encountered, 0 discovered, 0 enqueued
[2020-07-12T01:08:03.798+0000][5284][gc,ref      ] GC(28) Weak: 6637 encountered, 4313 discovered, 0 enqueued
[2020-07-12T01:08:03.798+0000][5284][gc,ref      ] GC(28) Final: 2 encountered, 0 discovered, 0 enqueued
[2020-07-12T01:08:03.798+0000][5284][gc,ref      ] GC(28) Phantom: 434 encountered, 293 discovered, 0 enqueued
[2020-07-12T01:08:03.798+0000][5284][gc,heap     ] GC(28) Min Capacity: 4096M(100%)
[2020-07-12T01:08:03.798+0000][5284][gc,heap     ] GC(28) Max Capacity: 4096M(100%)
[2020-07-12T01:08:03.798+0000][5284][gc,heap     ] GC(28) Soft Max Capacity: 4096M(100%)
[2020-07-12T01:08:03.798+0000][5284][gc,heap     ] GC(28)                Mark Start          Mark End        Relocate Start      Relocate End           High               Low         
[2020-07-12T01:08:03.798+0000][5284][gc,heap     ] GC(28)  Capacity:     4096M (100%)       4096M (100%)       4096M (100%)       4096M (100%)       4096M (100%)       4096M (100%)   
[2020-07-12T01:08:03.798+0000][5284][gc,heap     ] GC(28)   Reserve:       42M (1%)           42M (1%)           42M (1%)           42M (1%)           42M (1%)           42M (1%)     
[2020-07-12T01:08:03.799+0000][5284][gc,heap     ] GC(28)      Free:     3526M (86%)        3500M (85%)        3930M (96%)        3966M (97%)        3966M (97%)        3500M (85%)    
[2020-07-12T01:08:03.799+0000][5284][gc,heap     ] GC(28)      Used:      528M (13%)         554M (14%)         124M (3%)           88M (2%)          554M (14%)          88M (2%)     
[2020-07-12T01:08:03.799+0000][5284][gc,heap     ] GC(28)      Live:         -                28M (1%)           28M (1%)           28M (1%)             -                  -          
[2020-07-12T01:08:03.799+0000][5284][gc,heap     ] GC(28) Allocated:         -                26M (1%)           26M (1%)           28M (1%)             -                  -          
[2020-07-12T01:08:03.799+0000][5284][gc,heap     ] GC(28)   Garbage:         -               499M (12%)          69M (2%)           33M (1%)             -                  -          
[2020-07-12T01:08:03.799+0000][5284][gc,heap     ] GC(28) Reclaimed:         -                  -               430M (10%)         466M (11%)            -                  -          
[2020-07-12T01:08:03.799+0000][5284][gc          ] GC(28) Garbage Collection (Proactive) 528M(13%)->88M(2%)
[2020-07-12T01:08:08.424+0000][5284][gc,heap     ] GC(29) Heap before GC invocations=29 (full 29): ZHeap           used 504M, capacity 4096M, max capacity 4096M
[2020-07-12T01:08:08.424+0000][5284][gc,heap     ] GC(29)  Metaspace       used 79878K, capacity 82649K, committed 82756K, reserved 83968K
[2020-07-12T01:08:08.424+0000][5284][gc,start    ] GC(29) Garbage Collection (Proactive)
[2020-07-12T01:08:08.425+0000][5284][gc,phases   ] GC(29) Pause Mark Start 0.179ms
[2020-07-12T01:08:08.425+0000][5284][safepoint   ] Safepoint "ZMarkStart", Time since last: 4627001448 ns, Reaching safepoint: 1066083 ns, At safepoint: 203413 ns, Total: 1269496 ns
[2020-07-12T01:08:08.472+0000][5284][gc,phases   ] GC(29) Concurrent Mark 46.830ms
[2020-07-12T01:08:08.473+0000][5284][gc,phases   ] GC(29) Pause Mark End 0.423ms
[2020-07-12T01:08:08.473+0000][5284][safepoint   ] Safepoint "ZMarkEnd", Time since last: 46871665 ns, Reaching safepoint: 61904 ns, At safepoint: 444138 ns, Total: 506042 ns
[2020-07-12T01:08:08.500+0000][5284][gc,phases   ] GC(29) Concurrent Process Non-Strong References 26.955ms
[2020-07-12T01:08:08.500+0000][5284][gc,phases   ] GC(29) Concurrent Reset Relocation Set 0.004ms
[2020-07-12T01:08:08.501+0000][5284][gc,phases   ] GC(29) Concurrent Select Relocation Set 1.015ms
[2020-07-12T01:08:08.501+0000][5284][gc,phases   ] GC(29) Pause Relocate Start 0.151ms
[2020-07-12T01:08:08.501+0000][5284][safepoint   ] Safepoint "ZRelocateStart", Time since last: 28030979 ns, Reaching safepoint: 124020 ns, At safepoint: 175102 ns, Total: 299122 ns
[2020-07-12T01:08:08.502+0000][5284][gc,phases   ] GC(29) Concurrent Relocate 0.915ms
[2020-07-12T01:08:08.502+0000][5284][gc,heap     ] GC(29) Heap after GC invocations=30 (full 30): ZHeap           used 108M, capacity 4096M, max capacity 4096M
[2020-07-12T01:08:08.502+0000][5284][gc,heap     ] GC(29)  Metaspace       used 79878K, capacity 82649K, committed 82756K, reserved 83968K
[2020-07-12T01:08:08.502+0000][5284][gc,load     ] GC(29) Load: 0.80/0.94/0.55
[2020-07-12T01:08:08.502+0000][5284][gc,mmu      ] GC(29) MMU: 2ms/49.3%, 5ms/79.7%, 10ms/89.9%, 20ms/94.9%, 50ms/97.3%, 100ms/98.3%
[2020-07-12T01:08:08.502+0000][5284][gc,marking  ] GC(29) Mark: 1 stripe(s), 2 proactive flush(es), 1 terminate flush(es), 1 completion(s), 0 continuation(s) 
[2020-07-12T01:08:08.502+0000][5284][gc,reloc    ] GC(29) Relocation: Successful, 1M relocated
[2020-07-12T01:08:08.502+0000][5284][gc,nmethod  ] GC(29) NMethods: 5235 registered, 276 unregistered
[2020-07-12T01:08:08.502+0000][5284][gc,metaspace] GC(29) Metaspace: 78M used, 80M capacity, 80M committed, 82M reserved
[2020-07-12T01:08:08.502+0000][5284][gc,ref      ] GC(29) Soft: 3917 encountered, 0 discovered, 0 enqueued
[2020-07-12T01:08:08.502+0000][5284][gc,ref      ] GC(29) Weak: 6634 encountered, 4309 discovered, 0 enqueued
[2020-07-12T01:08:08.502+0000][5284][gc,ref      ] GC(29) Final: 2 encountered, 0 discovered, 0 enqueued
[2020-07-12T01:08:08.502+0000][5284][gc,ref      ] GC(29) Phantom: 434 encountered, 293 discovered, 0 enqueued
[2020-07-12T01:08:08.502+0000][5284][gc,heap     ] GC(29) Min Capacity: 4096M(100%)
[2020-07-12T01:08:08.502+0000][5284][gc,heap     ] GC(29) Max Capacity: 4096M(100%)
[2020-07-12T01:08:08.502+0000][5284][gc,heap     ] GC(29) Soft Max Capacity: 4096M(100%)
[2020-07-12T01:08:08.502+0000][5284][gc,heap     ] GC(29)                Mark Start          Mark End        Relocate Start      Relocate End           High               Low         
[2020-07-12T01:08:08.502+0000][5284][gc,heap     ] GC(29)  Capacity:     4096M (100%)       4096M (100%)       4096M (100%)       4096M (100%)       4096M (100%)       4096M (100%)   
[2020-07-12T01:08:08.502+0000][5284][gc,heap     ] GC(29)   Reserve:       42M (1%)           42M (1%)           42M (1%)           42M (1%)           42M (1%)           42M (1%)     
[2020-07-12T01:08:08.502+0000][5284][gc,heap     ] GC(29)      Free:     3550M (87%)        3520M (86%)        3914M (96%)        3946M (96%)        3946M (96%)        3508M (86%)    
[2020-07-12T01:08:08.502+0000][5284][gc,heap     ] GC(29)      Used:      504M (12%)         534M (13%)         140M (3%)          108M (3%)          546M (13%)         108M (3%)     
[2020-07-12T01:08:08.502+0000][5284][gc,heap     ] GC(29)      Live:         -                28M (1%)           28M (1%)           28M (1%)             -                  -          
[2020-07-12T01:08:08.502+0000][5284][gc,heap     ] GC(29) Allocated:         -                30M (1%)           42M (1%)           48M (1%)             -                  -          
[2020-07-12T01:08:08.502+0000][5284][gc,heap     ] GC(29)   Garbage:         -               475M (12%)          69M (2%)           37M (1%)             -                  -          
[2020-07-12T01:08:08.502+0000][5284][gc,heap     ] GC(29) Reclaimed:         -                  -               406M (10%)         438M (11%)            -                  -          
[2020-07-12T01:08:08.502+0000][5284][gc          ] GC(29) Garbage Collection (Proactive) 504M(12%)->108M(3%)
[2020-07-12T01:08:08.925+0000][5284][gc,stats    ] === Garbage Collection Statistics =======================================================================================================================
[2020-07-12T01:08:08.925+0000][5284][gc,stats    ]                                                              Last 10s              Last 10m              Last 10h                Total
[2020-07-12T01:08:08.925+0000][5284][gc,stats    ]                                                              Avg / Max             Avg / Max             Avg / Max             Avg / Max
[2020-07-12T01:08:08.925+0000][5284][gc,stats    ]   Collector: Garbage Collection Cycle                     74.700 / 77.965       71.807 / 117.511      71.807 / 117.511      71.807 / 117.511     ms
[2020-07-12T01:08:08.925+0000][5284][gc,stats    ]  Contention: Mark Segment Reset Contention                     0 / 0                 0 / 0                 0 / 0                 0 / 0           ops/s
[2020-07-12T01:08:08.925+0000][5284][gc,stats    ]  Contention: Mark SeqNum Reset Contention                      0 / 0                 0 / 0                 0 / 0                 0 / 0           ops/s
[2020-07-12T01:08:08.925+0000][5284][gc,stats    ]  Contention: Relocation Contention                             0 / 4                 0 / 4                 0 / 4                 0 / 4           ops/s
[2020-07-12T01:08:08.925+0000][5284][gc,stats    ]    Critical: Allocation Stall                              0.000 / 0.000         0.000 / 0.000         0.000 / 0.000         0.000 / 0.000       ms
[2020-07-12T01:08:08.925+0000][5284][gc,stats    ]    Critical: Allocation Stall                                  0 / 0                 0 / 0                 0 / 0                 0 / 0           ops/s
[2020-07-12T01:08:08.925+0000][5284][gc,stats    ]    Critical: GC Locker Stall                               0.000 / 0.000         0.093 / 0.093         0.093 / 0.093         0.093 / 0.093       ms
[2020-07-12T01:08:08.925+0000][5284][gc,stats    ]    Critical: GC Locker Stall                                   0 / 0                 0 / 1                 0 / 1                 0 / 1           ops/s
[2020-07-12T01:08:08.925+0000][5284][gc,stats    ]      Memory: Allocation Rate                                 124 / 236             103 / 236             103 / 236             103 / 236         MB/s
[2020-07-12T01:08:08.925+0000][5284][gc,stats    ]      Memory: Heap Used After Mark                            544 / 554             539 / 1286            539 / 1286            539 / 1286        MB
[2020-07-12T01:08:08.925+0000][5284][gc,stats    ]      Memory: Heap Used After Relocation                       93 / 108              80 / 108              80 / 108              80 / 108         MB
[2020-07-12T01:08:08.925+0000][5284][gc,stats    ]      Memory: Heap Used Before Mark                           519 / 528             523 / 1270            523 / 1270            523 / 1270        MB
[2020-07-12T01:08:08.925+0000][5284][gc,stats    ]      Memory: Heap Used Before Relocation                     132 / 140             143 / 338             143 / 338             143 / 338         MB
[2020-07-12T01:08:08.925+0000][5284][gc,stats    ]      Memory: Out Of Memory                                     0 / 0                 0 / 0                 0 / 0                 0 / 0           ops/s
[2020-07-12T01:08:08.925+0000][5284][gc,stats    ]      Memory: Page Cache Flush                                  0 / 0                 0 / 0                 0 / 0                 0 / 0           MB/s
[2020-07-12T01:08:08.925+0000][5284][gc,stats    ]      Memory: Page Cache Hit L1                                62 / 120              47 / 120              47 / 120              47 / 120         ops/s
[2020-07-12T01:08:08.925+0000][5284][gc,stats    ]      Memory: Page Cache Hit L2                                 0 / 0                 0 / 0                 0 / 0                 0 / 0           ops/s
[2020-07-12T01:08:08.925+0000][5284][gc,stats    ]      Memory: Page Cache Hit L3                                 0 / 0                 4 / 96                4 / 96                4 / 96          ops/s
[2020-07-12T01:08:08.925+0000][5284][gc,stats    ]      Memory: Page Cache Miss                                   0 / 0                 0 / 0                 0 / 0                 0 / 0           ops/s
[2020-07-12T01:08:08.925+0000][5284][gc,stats    ]      Memory: Uncommit                                          0 / 0                 0 / 0                 0 / 0                 0 / 0           MB/s
[2020-07-12T01:08:08.926+0000][5284][gc,stats    ]      Memory: Undo Object Allocation Failed                     0 / 0                 0 / 0                 0 / 0                 0 / 0           ops/s
[2020-07-12T01:08:08.926+0000][5284][gc,stats    ]      Memory: Undo Object Allocation Succeeded                  0 / 4                 0 / 4                 0 / 4                 0 / 4           ops/s
[2020-07-12T01:08:08.926+0000][5284][gc,stats    ]      Memory: Undo Page Allocation                              0 / 0                 0 / 0                 0 / 0                 0 / 0           ops/s
[2020-07-12T01:08:08.926+0000][5284][gc,stats    ]       Phase: Concurrent Mark                              46.364 / 46.973       46.092 / 77.269       46.092 / 77.269       46.092 / 77.269      ms
[2020-07-12T01:08:08.926+0000][5284][gc,stats    ]       Phase: Concurrent Mark Continue                      0.000 / 0.000         0.000 / 0.000         0.000 / 0.000         0.000 / 0.000       ms
[2020-07-12T01:08:08.926+0000][5284][gc,stats    ]       Phase: Concurrent Process Non-Strong References     24.260 / 26.955       19.902 / 26.955       19.902 / 26.955       19.902 / 26.955      ms
[2020-07-12T01:08:08.926+0000][5284][gc,stats    ]       Phase: Concurrent Relocate                           1.118 / 1.442         2.577 / 18.136        2.577 / 18.136        2.577 / 18.136      ms
[2020-07-12T01:08:08.926+0000][5284][gc,stats    ]       Phase: Concurrent Reset Relocation Set               0.004 / 0.004         0.005 / 0.015         0.005 / 0.015         0.005 / 0.015       ms
[2020-07-12T01:08:08.926+0000][5284][gc,stats    ]       Phase: Concurrent Select Relocation Set              0.998 / 1.015         1.172 / 5.622         1.172 / 5.622         1.172 / 5.622       ms
[2020-07-12T01:08:08.926+0000][5284][gc,stats    ]       Phase: Pause Mark End                                0.375 / 0.423         0.320 / 0.442         0.320 / 0.442         0.320 / 0.442       ms
[2020-07-12T01:08:08.926+0000][5284][gc,stats    ]       Phase: Pause Mark Start                              0.156 / 0.179         0.185 / 0.724         0.185 / 0.724         0.185 / 0.724       ms
[2020-07-12T01:08:08.926+0000][5284][gc,stats    ]       Phase: Pause Relocate Start                          0.274 / 0.523         0.173 / 1.014         0.173 / 1.014         0.173 / 1.014       ms
[2020-07-12T01:08:08.926+0000][5284][gc,stats    ]    Subphase: Concurrent Classes Purge                      0.645 / 0.693         0.558 / 1.236         0.558 / 1.236         0.558 / 1.236       ms
[2020-07-12T01:08:08.926+0000][5284][gc,stats    ]    Subphase: Concurrent Classes Unlink                    22.105 / 24.745       17.707 / 24.745       17.707 / 24.745       17.707 / 24.745      ms
[2020-07-12T01:08:08.926+0000][5284][gc,stats    ]    Subphase: Concurrent Mark                              45.817 / 46.475       45.466 / 76.517       45.466 / 76.517       45.466 / 76.517      ms
[2020-07-12T01:08:08.926+0000][5284][gc,stats    ]    Subphase: Concurrent Mark Idle                          0.000 / 0.000         0.000 / 0.000         0.000 / 0.000         0.000 / 0.000       ms
[2020-07-12T01:08:08.926+0000][5284][gc,stats    ]    Subphase: Concurrent Mark Try Flush                     0.106 / 0.168         0.128 / 1.569         0.128 / 1.569         0.128 / 1.569       ms
[2020-07-12T01:08:08.926+0000][5284][gc,stats    ]    Subphase: Concurrent Mark Try Terminate                 0.059 / 0.169         0.056 / 0.756         0.056 / 0.756         0.056 / 0.756       ms
[2020-07-12T01:08:08.926+0000][5284][gc,stats    ]    Subphase: Concurrent References Enqueue                 0.000 / 0.000         0.001 / 0.004         0.001 / 0.004         0.001 / 0.004       ms
[2020-07-12T01:08:08.926+0000][5284][gc,stats    ]    Subphase: Concurrent References Process                 0.504 / 0.568         0.485 / 1.144         0.485 / 1.144         0.485 / 1.144       ms
[2020-07-12T01:08:08.926+0000][5284][gc,stats    ]    Subphase: Concurrent Roots                              0.234 / 0.240         0.281 / 1.449         0.281 / 1.449         0.281 / 1.449       ms
[2020-07-12T01:08:08.926+0000][5284][gc,stats    ]    Subphase: Concurrent Roots ClassLoaderDataGraph         0.230 / 0.235         0.275 / 1.421         0.275 / 1.421         0.275 / 1.421       ms
[2020-07-12T01:08:08.926+0000][5284][gc,stats    ]    Subphase: Concurrent Roots JNIHandles                   0.003 / 0.003         0.003 / 0.012         0.003 / 0.012         0.003 / 0.012       ms
[2020-07-12T01:08:08.926+0000][5284][gc,stats    ]    Subphase: Concurrent Roots Setup                        0.164 / 0.181         0.164 / 0.363         0.164 / 0.363         0.164 / 0.363       ms
[2020-07-12T01:08:08.927+0000][5284][gc,stats    ]    Subphase: Concurrent Roots Teardown                     0.000 / 0.000         0.000 / 0.002         0.000 / 0.002         0.000 / 0.002       ms
[2020-07-12T01:08:08.927+0000][5284][gc,stats    ]    Subphase: Concurrent Roots VMHandles                    0.000 / 0.000         0.000 / 0.000         0.000 / 0.000         0.000 / 0.000       ms
[2020-07-12T01:08:08.927+0000][5284][gc,stats    ]    Subphase: Concurrent Weak Roots                         0.880 / 0.920         0.862 / 1.445         0.862 / 1.445         0.862 / 1.445       ms
[2020-07-12T01:08:08.927+0000][5284][gc,stats    ]    Subphase: Concurrent Weak Roots JNIWeakHandles          0.001 / 0.001         0.001 / 0.004         0.001 / 0.004         0.001 / 0.004       ms
[2020-07-12T01:08:08.927+0000][5284][gc,stats    ]    Subphase: Concurrent Weak Roots ResolvedMethodTable     0.093 / 0.107         0.091 / 0.181         0.091 / 0.181         0.091 / 0.181       ms
[2020-07-12T01:08:08.927+0000][5284][gc,stats    ]    Subphase: Concurrent Weak Roots StringTable             0.726 / 0.766         0.714 / 1.194         0.714 / 1.194         0.714 / 1.194       ms
[2020-07-12T01:08:08.927+0000][5284][gc,stats    ]    Subphase: Concurrent Weak Roots VMWeakHandles           0.058 / 0.060         0.053 / 0.067         0.053 / 0.067         0.053 / 0.067       ms
[2020-07-12T01:08:08.927+0000][5284][gc,stats    ]    Subphase: Pause Mark Try Complete                       0.142 / 0.145         0.138 / 0.181         0.138 / 0.181         0.138 / 0.181       ms
[2020-07-12T01:08:08.927+0000][5284][gc,stats    ]    Subphase: Pause Roots                                   0.026 / 0.098         0.044 / 0.936         0.044 / 0.936         0.044 / 0.936       ms
[2020-07-12T01:08:08.927+0000][5284][gc,stats    ]    Subphase: Pause Roots CodeCache                         0.000 / 0.000         0.000 / 0.000         0.000 / 0.000         0.000 / 0.000       ms
[2020-07-12T01:08:08.927+0000][5284][gc,stats    ]    Subphase: Pause Roots JVMTIExport                       0.002 / 0.002         0.002 / 0.007         0.002 / 0.007         0.002 / 0.007       ms
[2020-07-12T01:08:08.927+0000][5284][gc,stats    ]    Subphase: Pause Roots JVMTIWeakExport                   0.000 / 0.000         0.001 / 0.001         0.001 / 0.001         0.001 / 0.001       ms
[2020-07-12T01:08:08.927+0000][5284][gc,stats    ]    Subphase: Pause Roots Management                        0.001 / 0.001         0.001 / 0.003         0.001 / 0.003         0.001 / 0.003       ms
[2020-07-12T01:08:08.927+0000][5284][gc,stats    ]    Subphase: Pause Roots ObjectSynchronizer                0.000 / 0.001         0.000 / 0.001         0.000 / 0.001         0.000 / 0.001       ms
[2020-07-12T01:08:08.927+0000][5284][gc,stats    ]    Subphase: Pause Roots Setup                             0.000 / 0.000         0.000 / 0.001         0.000 / 0.001         0.000 / 0.001       ms
[2020-07-12T01:08:08.927+0000][5284][gc,stats    ]    Subphase: Pause Roots SystemDictionary                  0.008 / 0.010         0.010 / 0.042         0.010 / 0.042         0.010 / 0.042       ms
[2020-07-12T01:08:08.927+0000][5284][gc,stats    ]    Subphase: Pause Roots Teardown                          0.001 / 0.001         0.001 / 0.012         0.001 / 0.012         0.001 / 0.012       ms
[2020-07-12T01:08:08.927+0000][5284][gc,stats    ]    Subphase: Pause Roots Threads                           0.045 / 0.083         0.050 / 0.913         0.050 / 0.913         0.050 / 0.913       ms
[2020-07-12T01:08:08.927+0000][5284][gc,stats    ]    Subphase: Pause Roots Universe                          0.002 / 0.003         0.002 / 0.011         0.002 / 0.011         0.002 / 0.011       ms
[2020-07-12T01:08:08.927+0000][5284][gc,stats    ]    Subphase: Pause Weak Roots                              0.012 / 0.087         0.009 / 0.087         0.009 / 0.087         0.009 / 0.087       ms
[2020-07-12T01:08:08.927+0000][5284][gc,stats    ]    Subphase: Pause Weak Roots JFRWeak                      0.055 / 0.084         0.044 / 0.084         0.044 / 0.084         0.044 / 0.084       ms
[2020-07-12T01:08:08.927+0000][5284][gc,stats    ]    Subphase: Pause Weak Roots JVMTIWeakExport              0.001 / 0.001         0.001 / 0.001         0.001 / 0.001         0.001 / 0.001       ms
[2020-07-12T01:08:08.927+0000][5284][gc,stats    ]    Subphase: Pause Weak Roots Setup                        0.000 / 0.000         0.000 / 0.000         0.000 / 0.000         0.000 / 0.000       ms
[2020-07-12T01:08:08.927+0000][5284][gc,stats    ]    Subphase: Pause Weak Roots Teardown                     0.000 / 0.000         0.000 / 0.000         0.000 / 0.000         0.000 / 0.000       ms
[2020-07-12T01:08:08.927+0000][5284][gc,stats    ]      System: Java Threads                                     36 / 36               34 / 38               34 / 38               34 / 38          threads
[2020-07-12T01:08:08.927+0000][5284][gc,stats    ] =========================================================================================================================================================
[2020-07-12T01:08:09.501+0000][5284][safepoint   ] Safepoint "Cleanup", Time since last: 1000186397 ns, Reaching safepoint: 95679 ns, At safepoint: 5808 ns, Total: 101487 ns
[2020-07-12T01:08:12.524+0000][5284][gc,heap     ] GC(30) Heap before GC invocations=30 (full 30): ZHeap           used 582M, capacity 4096M, max capacity 4096M
[2020-07-12T01:08:12.524+0000][5284][gc,heap     ] GC(30)  Metaspace       used 79888K, capacity 82649K, committed 82756K, reserved 83968K
[2020-07-12T01:08:12.524+0000][5284][gc,start    ] GC(30) Garbage Collection (Proactive)
[2020-07-12T01:08:12.524+0000][5284][gc,phases   ] GC(30) Pause Mark Start 0.120ms
[2020-07-12T01:08:12.524+0000][5284][safepoint   ] Safepoint "ZMarkStart", Time since last: 3022985323 ns, Reaching safepoint: 89021 ns, At safepoint: 140435 ns, Total: 229456 ns
[2020-07-12T01:08:12.568+0000][5284][gc,phases   ] GC(30) Concurrent Mark 43.553ms
[2020-07-12T01:08:12.568+0000][5284][gc,phases   ] GC(30) Pause Mark End 0.351ms
[2020-07-12T01:08:12.568+0000][5284][safepoint   ] Safepoint "ZMarkEnd", Time since last: 43590630 ns, Reaching safepoint: 63954 ns, At safepoint: 371790 ns, Total: 435744 ns
[2020-07-12T01:08:12.592+0000][5284][gc,phases   ] GC(30) Concurrent Process Non-Strong References 23.213ms
[2020-07-12T01:08:12.592+0000][5284][gc,phases   ] GC(30) Concurrent Reset Relocation Set 0.003ms
[2020-07-12T01:08:12.593+0000][5284][gc,phases   ] GC(30) Concurrent Select Relocation Set 1.432ms
[2020-07-12T01:08:12.593+0000][5284][gc,phases   ] GC(30) Pause Relocate Start 0.117ms
[2020-07-12T01:08:12.593+0000][5284][safepoint   ] Safepoint "ZRelocateStart", Time since last: 24715162 ns, Reaching safepoint: 119437 ns, At safepoint: 132788 ns, Total: 252225 ns
[2020-07-12T01:08:12.594+0000][5284][gc,phases   ] GC(30) Concurrent Relocate 0.949ms
[2020-07-12T01:08:12.594+0000][5284][gc,heap     ] GC(30) Heap after GC invocations=31 (full 31): ZHeap           used 98M, capacity 4096M, max capacity 4096M
[2020-07-12T01:08:12.594+0000][5284][gc,heap     ] GC(30)  Metaspace       used 79888K, capacity 82649K, committed 82756K, reserved 83968K
[2020-07-12T01:08:12.594+0000][5284][gc,load     ] GC(30) Load: 0.80/0.94/0.55
[2020-07-12T01:08:12.594+0000][5284][gc,mmu      ] GC(30) MMU: 2ms/49.3%, 5ms/79.7%, 10ms/89.9%, 20ms/94.9%, 50ms/97.3%, 100ms/98.3%
[2020-07-12T01:08:12.594+0000][5284][gc,marking  ] GC(30) Mark: 1 stripe(s), 2 proactive flush(es), 1 terminate flush(es), 1 completion(s), 0 continuation(s) 
[2020-07-12T01:08:12.594+0000][5284][gc,reloc    ] GC(30) Relocation: Successful, 1M relocated
[2020-07-12T01:08:12.594+0000][5284][gc,nmethod  ] GC(30) NMethods: 5254 registered, 276 unregistered
[2020-07-12T01:08:12.594+0000][5284][gc,metaspace] GC(30) Metaspace: 78M used, 80M capacity, 80M committed, 82M reserved
[2020-07-12T01:08:12.594+0000][5284][gc,ref      ] GC(30) Soft: 3917 encountered, 0 discovered, 0 enqueued
[2020-07-12T01:08:12.594+0000][5284][gc,ref      ] GC(30) Weak: 6634 encountered, 4304 discovered, 0 enqueued
[2020-07-12T01:08:12.594+0000][5284][gc,ref      ] GC(30) Final: 2 encountered, 0 discovered, 0 enqueued
[2020-07-12T01:08:12.594+0000][5284][gc,ref      ] GC(30) Phantom: 434 encountered, 293 discovered, 0 enqueued
[2020-07-12T01:08:12.594+0000][5284][gc,heap     ] GC(30) Min Capacity: 4096M(100%)
[2020-07-12T01:08:12.594+0000][5284][gc,heap     ] GC(30) Max Capacity: 4096M(100%)
[2020-07-12T01:08:12.594+0000][5284][gc,heap     ] GC(30) Soft Max Capacity: 4096M(100%)
[2020-07-12T01:08:12.594+0000][5284][gc,heap     ] GC(30)                Mark Start          Mark End        Relocate Start      Relocate End           High               Low         
[2020-07-12T01:08:12.594+0000][5284][gc,heap     ] GC(30)  Capacity:     4096M (100%)       4096M (100%)       4096M (100%)       4096M (100%)       4096M (100%)       4096M (100%)   
[2020-07-12T01:08:12.594+0000][5284][gc,heap     ] GC(30)   Reserve:       42M (1%)           42M (1%)           42M (1%)           42M (1%)           42M (1%)           42M (1%)     
[2020-07-12T01:08:12.594+0000][5284][gc,heap     ] GC(30)      Free:     3472M (85%)        3444M (84%)        3902M (95%)        3956M (97%)        3956M (97%)        3436M (84%)    
[2020-07-12T01:08:12.594+0000][5284][gc,heap     ] GC(30)      Used:      582M (14%)         610M (15%)         152M (4%)           98M (2%)          618M (15%)          98M (2%)     
[2020-07-12T01:08:12.595+0000][5284][gc,heap     ] GC(30)      Live:         -                28M (1%)           28M (1%)           28M (1%)             -                  -          
[2020-07-12T01:08:12.595+0000][5284][gc,heap     ] GC(30) Allocated:         -                28M (1%)           36M (1%)           38M (1%)             -                  -          
[2020-07-12T01:08:12.595+0000][5284][gc,heap     ] GC(30)   Garbage:         -               553M (14%)          87M (2%)           33M (1%)             -                  -          
[2020-07-12T01:08:12.595+0000][5284][gc,heap     ] GC(30) Reclaimed:         -                  -               466M (11%)         520M (13%)            -                  -          
[2020-07-12T01:08:12.595+0000][5284][gc          ] GC(30) Garbage Collection (Proactive) 582M(14%)->98M(2%)
[2020-07-12T01:08:13.596+0000][5284][safepoint   ] Safepoint "Cleanup", Time since last: 1000339645 ns, Reaching safepoint: 2138036 ns, At safepoint: 5823 ns, Total: 2143859 ns
[2020-07-12T01:08:14.597+0000][5284][safepoint   ] Safepoint "Cleanup", Time since last: 1000124229 ns, Reaching safepoint: 520757 ns, At safepoint: 5317 ns, Total: 526074 ns
[2020-07-12T01:08:15.597+0000][5284][safepoint   ] Safepoint "Cleanup", Time since last: 1000081890 ns, Reaching safepoint: 68104 ns, At safepoint: 5847 ns, Total: 73951 ns
[2020-07-12T01:08:16.424+0000][5284][gc,heap     ] GC(31) Heap before GC invocations=31 (full 31): ZHeap           used 514M, capacity 4096M, max capacity 4096M
[2020-07-12T01:08:16.424+0000][5284][gc,heap     ] GC(31)  Metaspace       used 79914K, capacity 82653K, committed 82756K, reserved 83968K
[2020-07-12T01:08:16.424+0000][5284][gc,start    ] GC(31) Garbage Collection (Proactive)
[2020-07-12T01:08:16.424+0000][5284][gc,phases   ] GC(31) Pause Mark Start 0.175ms
[2020-07-12T01:08:16.424+0000][5284][safepoint   ] Safepoint "ZMarkStart", Time since last: 827181979 ns, Reaching safepoint: 79556 ns, At safepoint: 193091 ns, Total: 272647 ns
[2020-07-12T01:08:16.468+0000][5284][gc,phases   ] GC(31) Concurrent Mark 43.493ms
[2020-07-12T01:08:16.468+0000][5284][gc,phases   ] GC(31) Pause Mark End 0.368ms
[2020-07-12T01:08:16.468+0000][5284][safepoint   ] Safepoint "ZMarkEnd", Time since last: 43532925 ns, Reaching safepoint: 56085 ns, At safepoint: 387897 ns, Total: 443982 ns
[2020-07-12T01:08:16.492+0000][5284][gc,phases   ] GC(31) Concurrent Process Non-Strong References 24.080ms
[2020-07-12T01:08:16.492+0000][5284][gc,phases   ] GC(31) Concurrent Reset Relocation Set 0.005ms
[2020-07-12T01:08:16.493+0000][5284][gc,phases   ] GC(31) Concurrent Select Relocation Set 1.014ms
[2020-07-12T01:08:16.493+0000][5284][gc,phases   ] GC(31) Pause Relocate Start 0.155ms
[2020-07-12T01:08:16.493+0000][5284][safepoint   ] Safepoint "ZRelocateStart", Time since last: 25160833 ns, Reaching safepoint: 54975 ns, At safepoint: 171222 ns, Total: 226197 ns
[2020-07-12T01:08:16.494+0000][5284][gc,phases   ] GC(31) Concurrent Relocate 0.930ms
[2020-07-12T01:08:16.494+0000][5284][gc,heap     ] GC(31) Heap after GC invocations=32 (full 32): ZHeap           used 72M, capacity 4096M, max capacity 4096M
[2020-07-12T01:08:16.494+0000][5284][gc,heap     ] GC(31)  Metaspace       used 79914K, capacity 82653K, committed 82756K, reserved 83968K
[2020-07-12T01:08:16.494+0000][5284][gc,load     ] GC(31) Load: 0.74/0.93/0.54
[2020-07-12T01:08:16.494+0000][5284][gc,mmu      ] GC(31) MMU: 2ms/49.3%, 5ms/79.7%, 10ms/89.9%, 20ms/94.9%, 50ms/97.3%, 100ms/98.3%
[2020-07-12T01:08:16.495+0000][5284][gc,marking  ] GC(31) Mark: 1 stripe(s), 2 proactive flush(es), 1 terminate flush(es), 1 completion(s), 0 continuation(s) 
[2020-07-12T01:08:16.495+0000][5284][gc,reloc    ] GC(31) Relocation: Successful, 1M relocated
[2020-07-12T01:08:16.495+0000][5284][gc,nmethod  ] GC(31) NMethods: 5281 registered, 276 unregistered
[2020-07-12T01:08:16.495+0000][5284][gc,metaspace] GC(31) Metaspace: 78M used, 80M capacity, 80M committed, 82M reserved
[2020-07-12T01:08:16.495+0000][5284][gc,ref      ] GC(31) Soft: 3917 encountered, 0 discovered, 0 enqueued
[2020-07-12T01:08:16.495+0000][5284][gc,ref      ] GC(31) Weak: 6637 encountered, 4312 discovered, 0 enqueued
[2020-07-12T01:08:16.495+0000][5284][gc,ref      ] GC(31) Final: 2 encountered, 0 discovered, 0 enqueued
[2020-07-12T01:08:16.495+0000][5284][gc,ref      ] GC(31) Phantom: 434 encountered, 293 discovered, 0 enqueued
[2020-07-12T01:08:16.495+0000][5284][gc,heap     ] GC(31) Min Capacity: 4096M(100%)
[2020-07-12T01:08:16.495+0000][5284][gc,heap     ] GC(31) Max Capacity: 4096M(100%)
[2020-07-12T01:08:16.495+0000][5284][gc,heap     ] GC(31) Soft Max Capacity: 4096M(100%)
[2020-07-12T01:08:16.495+0000][5284][gc,heap     ] GC(31)                Mark Start          Mark End        Relocate Start      Relocate End           High               Low         
[2020-07-12T01:08:16.495+0000][5284][gc,heap     ] GC(31)  Capacity:     4096M (100%)       4096M (100%)       4096M (100%)       4096M (100%)       4096M (100%)       4096M (100%)   
[2020-07-12T01:08:16.495+0000][5284][gc,heap     ] GC(31)   Reserve:       42M (1%)           42M (1%)           42M (1%)           42M (1%)           42M (1%)           42M (1%)     
[2020-07-12T01:08:16.495+0000][5284][gc,heap     ] GC(31)      Free:     3540M (86%)        3538M (86%)        3952M (96%)        3982M (97%)        3982M (97%)        3538M (86%)    
[2020-07-12T01:08:16.495+0000][5284][gc,heap     ] GC(31)      Used:      514M (13%)         516M (13%)         102M (2%)           72M (2%)          516M (13%)          72M (2%)     
[2020-07-12T01:08:16.495+0000][5284][gc,heap     ] GC(31)      Live:         -                28M (1%)           28M (1%)           28M (1%)             -                  -          
[2020-07-12T01:08:16.495+0000][5284][gc,heap     ] GC(31) Allocated:         -                 2M (0%)            2M (0%)           12M (0%)             -                  -          
[2020-07-12T01:08:16.495+0000][5284][gc,heap     ] GC(31)   Garbage:         -               485M (12%)          71M (2%)           41M (1%)             -                  -          
[2020-07-12T01:08:16.495+0000][5284][gc,heap     ] GC(31) Reclaimed:         -                  -               414M (10%)         444M (11%)            -                  -          
[2020-07-12T01:08:16.495+0000][5284][gc          ] GC(31) Garbage Collection (Proactive) 514M(13%)->72M(2%)
[2020-07-12T01:08:17.495+0000][5284][safepoint   ] Safepoint "Cleanup", Time since last: 1000929339 ns, Reaching safepoint: 125982 ns, At safepoint: 3340 ns, Total: 129322 ns
[2020-07-12T01:08:18.926+0000][5284][gc,stats    ] === Garbage Collection Statistics =======================================================================================================================
[2020-07-12T01:08:18.926+0000][5284][gc,stats    ]                                                              Last 10s              Last 10m              Last 10h                Total
[2020-07-12T01:08:18.926+0000][5284][gc,stats    ]                                                              Avg / Max             Avg / Max             Avg / Max             Avg / Max
[2020-07-12T01:08:18.926+0000][5284][gc,stats    ]   Collector: Garbage Collection Cycle                     70.449 / 70.648       71.722 / 117.511      71.722 / 117.511      71.722 / 117.511     ms
[2020-07-12T01:08:18.926+0000][5284][gc,stats    ]  Contention: Mark Segment Reset Contention                     0 / 0                 0 / 0                 0 / 0                 0 / 0           ops/s
[2020-07-12T01:08:18.926+0000][5284][gc,stats    ]  Contention: Mark SeqNum Reset Contention                      0 / 0                 0 / 0                 0 / 0                 0 / 0           ops/s
[2020-07-12T01:08:18.927+0000][5284][gc,stats    ]  Contention: Relocation Contention                             0 / 0                 0 / 4                 0 / 4                 0 / 4           ops/s
[2020-07-12T01:08:18.927+0000][5284][gc,stats    ]    Critical: Allocation Stall                              0.000 / 0.000         0.000 / 0.000         0.000 / 0.000         0.000 / 0.000       ms
[2020-07-12T01:08:18.927+0000][5284][gc,stats    ]    Critical: Allocation Stall                                  0 / 0                 0 / 0                 0 / 0                 0 / 0           ops/s
[2020-07-12T01:08:18.927+0000][5284][gc,stats    ]    Critical: GC Locker Stall                               0.000 / 0.000         0.093 / 0.093         0.093 / 0.093         0.093 / 0.093       ms
[2020-07-12T01:08:18.927+0000][5284][gc,stats    ]    Critical: GC Locker Stall                                   0 / 0                 0 / 1                 0 / 1                 0 / 1           ops/s
[2020-07-12T01:08:18.927+0000][5284][gc,stats    ]      Memory: Allocation Rate                                 116 / 142             104 / 236             104 / 236             104 / 236         MB/s
[2020-07-12T01:08:18.927+0000][5284][gc,stats    ]      Memory: Heap Used After Mark                            563 / 610             540 / 1286            540 / 1286            540 / 1286        MB
[2020-07-12T01:08:18.927+0000][5284][gc,stats    ]      Memory: Heap Used After Relocation                       85 / 98               80 / 108              80 / 108              80 / 108         MB
[2020-07-12T01:08:18.927+0000][5284][gc,stats    ]      Memory: Heap Used Before Mark                           548 / 582             524 / 1270            524 / 1270            524 / 1270        MB
[2020-07-12T01:08:18.927+0000][5284][gc,stats    ]      Memory: Heap Used Before Relocation                     127 / 152             142 / 338             142 / 338             142 / 338         MB
[2020-07-12T01:08:18.927+0000][5284][gc,stats    ]      Memory: Out Of Memory                                     0 / 0                 0 / 0                 0 / 0                 0 / 0           ops/s
[2020-07-12T01:08:18.927+0000][5284][gc,stats    ]      Memory: Page Cache Flush                                  0 / 0                 0 / 0                 0 / 0                 0 / 0           MB/s
[2020-07-12T01:08:18.927+0000][5284][gc,stats    ]      Memory: Page Cache Hit L1                                58 / 71               48 / 120              48 / 120              48 / 120         ops/s
[2020-07-12T01:08:18.927+0000][5284][gc,stats    ]      Memory: Page Cache Hit L2                                 0 / 0                 0 / 0                 0 / 0                 0 / 0           ops/s
[2020-07-12T01:08:18.927+0000][5284][gc,stats    ]      Memory: Page Cache Hit L3                                 0 / 0                 4 / 96                4 / 96                4 / 96          ops/s
[2020-07-12T01:08:18.927+0000][5284][gc,stats    ]      Memory: Page Cache Miss                                   0 / 0                 0 / 0                 0 / 0                 0 / 0           ops/s
[2020-07-12T01:08:18.927+0000][5284][gc,stats    ]      Memory: Uncommit                                          0 / 0                 0 / 0                 0 / 0                 0 / 0           MB/s
[2020-07-12T01:08:18.927+0000][5284][gc,stats    ]      Memory: Undo Object Allocation Failed                     0 / 0                 0 / 0                 0 / 0                 0 / 0           ops/s
[2020-07-12T01:08:18.927+0000][5284][gc,stats    ]      Memory: Undo Object Allocation Succeeded                  0 / 0                 0 / 4                 0 / 4                 0 / 4           ops/s
[2020-07-12T01:08:18.927+0000][5284][gc,stats    ]      Memory: Undo Page Allocation                              0 / 0                 0 / 0                 0 / 0                 0 / 0           ops/s
[2020-07-12T01:08:18.927+0000][5284][gc,stats    ]       Phase: Concurrent Mark                              43.523 / 43.553       45.932 / 77.269       45.932 / 77.269       45.932 / 77.269      ms
[2020-07-12T01:08:18.927+0000][5284][gc,stats    ]       Phase: Concurrent Mark Continue                      0.000 / 0.000         0.000 / 0.000         0.000 / 0.000         0.000 / 0.000       ms
[2020-07-12T01:08:18.927+0000][5284][gc,stats    ]       Phase: Concurrent Process Non-Strong References     23.646 / 24.080       20.136 / 26.955       20.136 / 26.955       20.136 / 26.955      ms
[2020-07-12T01:08:18.927+0000][5284][gc,stats    ]       Phase: Concurrent Relocate                           0.940 / 0.949         2.475 / 18.136        2.475 / 18.136        2.475 / 18.136      ms
[2020-07-12T01:08:18.927+0000][5284][gc,stats    ]       Phase: Concurrent Reset Relocation Set               0.004 / 0.005         0.005 / 0.015         0.005 / 0.015         0.005 / 0.015       ms
[2020-07-12T01:08:18.927+0000][5284][gc,stats    ]       Phase: Concurrent Select Relocation Set              1.223 / 1.432         1.175 / 5.622         1.175 / 5.622         1.175 / 5.622       ms
[2020-07-12T01:08:18.927+0000][5284][gc,stats    ]       Phase: Pause Mark End                                0.360 / 0.368         0.322 / 0.442         0.322 / 0.442         0.322 / 0.442       ms
[2020-07-12T01:08:18.927+0000][5284][gc,stats    ]       Phase: Pause Mark Start                              0.147 / 0.175         0.183 / 0.724         0.183 / 0.724         0.183 / 0.724       ms
[2020-07-12T01:08:18.927+0000][5284][gc,stats    ]       Phase: Pause Relocate Start                          0.136 / 0.155         0.170 / 1.014         0.170 / 1.014         0.170 / 1.014       ms
[2020-07-12T01:08:18.927+0000][5284][gc,stats    ]    Subphase: Concurrent Classes Purge                      0.874 / 1.054         0.578 / 1.236         0.578 / 1.236         0.578 / 1.236       ms
[2020-07-12T01:08:18.927+0000][5284][gc,stats    ]    Subphase: Concurrent Classes Unlink                    21.209 / 21.852       17.926 / 24.745       17.926 / 24.745       17.926 / 24.745      ms
[2020-07-12T01:08:18.927+0000][5284][gc,stats    ]    Subphase: Concurrent Mark                              42.929 / 42.992       45.308 / 76.517       45.308 / 76.517       45.308 / 76.517      ms
[2020-07-12T01:08:18.927+0000][5284][gc,stats    ]    Subphase: Concurrent Mark Idle                          0.000 / 0.000         0.000 / 0.000         0.000 / 0.000         0.000 / 0.000       ms
[2020-07-12T01:08:18.927+0000][5284][gc,stats    ]    Subphase: Concurrent Mark Try Flush                     0.102 / 0.137         0.126 / 1.569         0.126 / 1.569         0.126 / 1.569       ms
[2020-07-12T01:08:18.927+0000][5284][gc,stats    ]    Subphase: Concurrent Mark Try Terminate                 0.046 / 0.139         0.055 / 0.756         0.055 / 0.756         0.055 / 0.756       ms
[2020-07-12T01:08:18.927+0000][5284][gc,stats    ]    Subphase: Concurrent References Enqueue                 0.000 / 0.001         0.001 / 0.004         0.001 / 0.004         0.001 / 0.004       ms
[2020-07-12T01:08:18.927+0000][5284][gc,stats    ]    Subphase: Concurrent References Process                 0.545 / 0.548         0.489 / 1.144         0.489 / 1.144         0.489 / 1.144       ms
[2020-07-12T01:08:18.927+0000][5284][gc,stats    ]    Subphase: Concurrent Roots                              0.240 / 0.246         0.278 / 1.449         0.278 / 1.449         0.278 / 1.449       ms
[2020-07-12T01:08:18.927+0000][5284][gc,stats    ]    Subphase: Concurrent Roots ClassLoaderDataGraph         0.235 / 0.241         0.272 / 1.421         0.272 / 1.421         0.272 / 1.421       ms
[2020-07-12T01:08:18.927+0000][5284][gc,stats    ]    Subphase: Concurrent Roots JNIHandles                   0.003 / 0.004         0.003 / 0.012         0.003 / 0.012         0.003 / 0.012       ms
[2020-07-12T01:08:18.927+0000][5284][gc,stats    ]    Subphase: Concurrent Roots Setup                        0.176 / 0.197         0.165 / 0.363         0.165 / 0.363         0.165 / 0.363       ms
[2020-07-12T01:08:18.927+0000][5284][gc,stats    ]    Subphase: Concurrent Roots Teardown                     0.000 / 0.000         0.000 / 0.002         0.000 / 0.002         0.000 / 0.002       ms
[2020-07-12T01:08:18.927+0000][5284][gc,stats    ]    Subphase: Concurrent Roots VMHandles                    0.000 / 0.000         0.000 / 0.000         0.000 / 0.000         0.000 / 0.000       ms
[2020-07-12T01:08:18.927+0000][5284][gc,stats    ]    Subphase: Concurrent Weak Roots                         0.868 / 0.881         0.863 / 1.445         0.863 / 1.445         0.863 / 1.445       ms
[2020-07-12T01:08:18.927+0000][5284][gc,stats    ]    Subphase: Concurrent Weak Roots JNIWeakHandles          0.000 / 0.000         0.001 / 0.004         0.001 / 0.004         0.001 / 0.004       ms
[2020-07-12T01:08:18.927+0000][5284][gc,stats    ]    Subphase: Concurrent Weak Roots ResolvedMethodTable     0.097 / 0.100         0.092 / 0.181         0.092 / 0.181         0.092 / 0.181       ms
[2020-07-12T01:08:18.927+0000][5284][gc,stats    ]    Subphase: Concurrent Weak Roots StringTable             0.714 / 0.734         0.714 / 1.194         0.714 / 1.194         0.714 / 1.194       ms
[2020-07-12T01:08:18.927+0000][5284][gc,stats    ]    Subphase: Concurrent Weak Roots VMWeakHandles           0.054 / 0.059         0.053 / 0.067         0.053 / 0.067         0.053 / 0.067       ms
[2020-07-12T01:08:18.927+0000][5284][gc,stats    ]    Subphase: Pause Mark Try Complete                       0.145 / 0.147         0.138 / 0.181         0.138 / 0.181         0.138 / 0.181       ms
[2020-07-12T01:08:18.927+0000][5284][gc,stats    ]    Subphase: Pause Roots                                   0.030 / 0.083         0.043 / 0.936         0.043 / 0.936         0.043 / 0.936       ms
[2020-07-12T01:08:18.927+0000][5284][gc,stats    ]    Subphase: Pause Roots CodeCache                         0.000 / 0.000         0.000 / 0.000         0.000 / 0.000         0.000 / 0.000       ms
[2020-07-12T01:08:18.927+0000][5284][gc,stats    ]    Subphase: Pause Roots JVMTIExport                       0.002 / 0.002         0.002 / 0.007         0.002 / 0.007         0.002 / 0.007       ms
[2020-07-12T01:08:18.927+0000][5284][gc,stats    ]    Subphase: Pause Roots JVMTIWeakExport                   0.001 / 0.001         0.001 / 0.001         0.001 / 0.001         0.001 / 0.001       ms
[2020-07-12T01:08:18.927+0000][5284][gc,stats    ]    Subphase: Pause Roots Management                        0.001 / 0.001         0.001 / 0.003         0.001 / 0.003         0.001 / 0.003       ms
[2020-07-12T01:08:18.927+0000][5284][gc,stats    ]    Subphase: Pause Roots ObjectSynchronizer                0.000 / 0.000         0.000 / 0.001         0.000 / 0.001         0.000 / 0.001       ms
[2020-07-12T01:08:18.927+0000][5284][gc,stats    ]    Subphase: Pause Roots Setup                             0.000 / 0.001         0.000 / 0.001         0.000 / 0.001         0.000 / 0.001       ms
[2020-07-12T01:08:18.927+0000][5284][gc,stats    ]    Subphase: Pause Roots SystemDictionary                  0.009 / 0.011         0.010 / 0.042         0.010 / 0.042         0.010 / 0.042       ms
[2020-07-12T01:08:18.927+0000][5284][gc,stats    ]    Subphase: Pause Roots Teardown                          0.001 / 0.001         0.001 / 0.012         0.001 / 0.012         0.001 / 0.012       ms
[2020-07-12T01:08:18.927+0000][5284][gc,stats    ]    Subphase: Pause Roots Threads                           0.038 / 0.064         0.049 / 0.913         0.049 / 0.913         0.049 / 0.913       ms
[2020-07-12T01:08:18.927+0000][5284][gc,stats    ]    Subphase: Pause Roots Universe                          0.002 / 0.003         0.002 / 0.011         0.002 / 0.011         0.002 / 0.011       ms
[2020-07-12T01:08:18.927+0000][5284][gc,stats    ]    Subphase: Pause Weak Roots                              0.009 / 0.048         0.009 / 0.087         0.009 / 0.087         0.009 / 0.087       ms
[2020-07-12T01:08:18.927+0000][5284][gc,stats    ]    Subphase: Pause Weak Roots JFRWeak                      0.042 / 0.046         0.044 / 0.084         0.044 / 0.084         0.044 / 0.084       ms
[2020-07-12T01:08:18.927+0000][5284][gc,stats    ]    Subphase: Pause Weak Roots JVMTIWeakExport              0.001 / 0.001         0.001 / 0.001         0.001 / 0.001         0.001 / 0.001       ms
[2020-07-12T01:08:18.927+0000][5284][gc,stats    ]    Subphase: Pause Weak Roots Setup                        0.000 / 0.000         0.000 / 0.000         0.000 / 0.000         0.000 / 0.000       ms
[2020-07-12T01:08:18.927+0000][5284][gc,stats    ]    Subphase: Pause Weak Roots Teardown                     0.000 / 0.000         0.000 / 0.000         0.000 / 0.000         0.000 / 0.000       ms
[2020-07-12T01:08:18.927+0000][5284][gc,stats    ]      System: Java Threads                                     36 / 36               34 / 38               34 / 38               34 / 38          threads
[2020-07-12T01:08:18.927+0000][5284][gc,stats    ] =========================================================================================================================================================
[2020-07-12T01:08:19.496+0000][5284][safepoint   ] Safepoint "Cleanup", Time since last: 2000648186 ns, Reaching safepoint: 365887 ns, At safepoint: 11153 ns, Total: 377040 ns
[2020-07-12T01:08:20.223+0000][5284][gc,heap     ] GC(32) Heap before GC invocations=32 (full 32): ZHeap           used 514M, capacity 4096M, max capacity 4096M
[2020-07-12T01:08:20.223+0000][5284][gc,heap     ] GC(32)  Metaspace       used 79942K, capacity 82717K, committed 82756K, reserved 83968K
[2020-07-12T01:08:20.223+0000][5284][gc,start    ] GC(32) Garbage Collection (Proactive)
[2020-07-12T01:08:20.225+0000][5284][gc,phases   ] GC(32) Pause Mark Start 0.129ms
[2020-07-12T01:08:20.226+0000][5284][safepoint   ] Safepoint "ZMarkStart", Time since last: 727867236 ns, Reaching safepoint: 1920991 ns, At safepoint: 157090 ns, Total: 2078081 ns
[2020-07-12T01:08:20.271+0000][5284][gc,phases   ] GC(32) Concurrent Mark 45.218ms
[2020-07-12T01:08:20.272+0000][5284][gc,phases   ] GC(32) Pause Mark End 0.335ms
[2020-07-12T01:08:20.272+0000][5284][safepoint   ] Safepoint "ZMarkEnd", Time since last: 45318393 ns, Reaching safepoint: 351618 ns, At safepoint: 357318 ns, Total: 708936 ns
[2020-07-12T01:08:20.294+0000][5284][gc,phases   ] GC(32) Concurrent Process Non-Strong References 22.458ms
[2020-07-12T01:08:20.294+0000][5284][gc,phases   ] GC(32) Concurrent Reset Relocation Set 0.003ms
[2020-07-12T01:08:20.295+0000][5284][gc,phases   ] GC(32) Concurrent Select Relocation Set 0.992ms
[2020-07-12T01:08:20.295+0000][5284][gc,phases   ] GC(32) Pause Relocate Start 0.164ms
[2020-07-12T01:08:20.295+0000][5284][safepoint   ] Safepoint "ZRelocateStart", Time since last: 23601549 ns, Reaching safepoint: 73258 ns, At safepoint: 181528 ns, Total: 254786 ns
[2020-07-12T01:08:20.296+0000][5284][gc,phases   ] GC(32) Concurrent Relocate 1.030ms
[2020-07-12T01:08:20.296+0000][5284][gc,heap     ] GC(32) Heap after GC invocations=33 (full 33): ZHeap           used 96M, capacity 4096M, max capacity 4096M
[2020-07-12T01:08:20.296+0000][5284][gc,heap     ] GC(32)  Metaspace       used 79942K, capacity 82717K, committed 82756K, reserved 83968K
[2020-07-12T01:08:20.297+0000][5284][gc,load     ] GC(32) Load: 0.68/0.91/0.54
[2020-07-12T01:08:20.297+0000][5284][gc,mmu      ] GC(32) MMU: 2ms/49.3%, 5ms/79.7%, 10ms/89.9%, 20ms/94.9%, 50ms/97.3%, 100ms/98.3%
[2020-07-12T01:08:20.297+0000][5284][gc,marking  ] GC(32) Mark: 1 stripe(s), 2 proactive flush(es), 1 terminate flush(es), 1 completion(s), 0 continuation(s) 
[2020-07-12T01:08:20.297+0000][5284][gc,reloc    ] GC(32) Relocation: Successful, 1M relocated
[2020-07-12T01:08:20.297+0000][5284][gc,nmethod  ] GC(32) NMethods: 5359 registered, 276 unregistered
[2020-07-12T01:08:20.297+0000][5284][gc,metaspace] GC(32) Metaspace: 78M used, 80M capacity, 80M committed, 82M reserved
[2020-07-12T01:08:20.297+0000][5284][gc,ref      ] GC(32) Soft: 3917 encountered, 0 discovered, 0 enqueued
[2020-07-12T01:08:20.297+0000][5284][gc,ref      ] GC(32) Weak: 6634 encountered, 4309 discovered, 0 enqueued
[2020-07-12T01:08:20.297+0000][5284][gc,ref      ] GC(32) Final: 2 encountered, 0 discovered, 0 enqueued
[2020-07-12T01:08:20.297+0000][5284][gc,ref      ] GC(32) Phantom: 434 encountered, 293 discovered, 0 enqueued
[2020-07-12T01:08:20.297+0000][5284][gc,heap     ] GC(32) Min Capacity: 4096M(100%)
[2020-07-12T01:08:20.297+0000][5284][gc,heap     ] GC(32) Max Capacity: 4096M(100%)
[2020-07-12T01:08:20.297+0000][5284][gc,heap     ] GC(32) Soft Max Capacity: 4096M(100%)
[2020-07-12T01:08:20.297+0000][5284][gc,heap     ] GC(32)                Mark Start          Mark End        Relocate Start      Relocate End           High               Low         
[2020-07-12T01:08:20.297+0000][5284][gc,heap     ] GC(32)  Capacity:     4096M (100%)       4096M (100%)       4096M (100%)       4096M (100%)       4096M (100%)       4096M (100%)   
[2020-07-12T01:08:20.297+0000][5284][gc,heap     ] GC(32)   Reserve:       42M (1%)           42M (1%)           42M (1%)           42M (1%)           42M (1%)           42M (1%)     
[2020-07-12T01:08:20.297+0000][5284][gc,heap     ] GC(32)      Free:     3540M (86%)        3516M (86%)        3922M (96%)        3958M (97%)        3958M (97%)        3508M (86%)    
[2020-07-12T01:08:20.297+0000][5284][gc,heap     ] GC(32)      Used:      514M (13%)         538M (13%)         132M (3%)           96M (2%)          546M (13%)          96M (2%)     
[2020-07-12T01:08:20.297+0000][5284][gc,heap     ] GC(32)      Live:         -                28M (1%)           28M (1%)           28M (1%)             -                  -          
[2020-07-12T01:08:20.297+0000][5284][gc,heap     ] GC(32) Allocated:         -                24M (1%)           32M (1%)           36M (1%)             -                  -          
[2020-07-12T01:08:20.297+0000][5284][gc,heap     ] GC(32)   Garbage:         -               485M (12%)          71M (2%)           35M (1%)             -                  -          
[2020-07-12T01:08:20.297+0000][5284][gc,heap     ] GC(32) Reclaimed:         -                  -               414M (10%)         450M (11%)            -                  -          
[2020-07-12T01:08:20.297+0000][5284][gc          ] GC(32) Garbage Collection (Proactive) 514M(13%)->96M(2%)
[2020-07-12T01:08:21.302+0000][5284][safepoint   ] Safepoint "Cleanup", Time since last: 1006840294 ns, Reaching safepoint: 202592 ns, At safepoint: 4762 ns, Total: 207354 ns
[2020-07-12T01:08:22.304+0000][5284][safepoint   ] Safepoint "Cleanup", Time since last: 1001396214 ns, Reaching safepoint: 108951 ns, At safepoint: 6444 ns, Total: 115395 ns
[2020-07-12T01:08:23.305+0000][5284][safepoint   ] Safepoint "Cleanup", Time since last: 1000254364 ns, Reaching safepoint: 355904 ns, At safepoint: 9910 ns, Total: 365814 ns
[2020-07-12T01:08:24.026+0000][5284][gc,heap     ] GC(33) Heap before GC invocations=33 (full 33): ZHeap           used 536M, capacity 4096M, max capacity 4096M
[2020-07-12T01:08:24.026+0000][5284][gc,heap     ] GC(33)  Metaspace       used 79950K, capacity 82721K, committed 82756K, reserved 83968K
[2020-07-12T01:08:24.026+0000][5284][gc,start    ] GC(33) Garbage Collection (Proactive)
[2020-07-12T01:08:24.027+0000][5284][gc,phases   ] GC(33) Pause Mark Start 0.220ms
[2020-07-12T01:08:24.027+0000][5284][safepoint   ] Safepoint "ZMarkStart", Time since last: 721823917 ns, Reaching safepoint: 101518 ns, At safepoint: 240761 ns, Total: 342279 ns
[2020-07-12T01:08:24.070+0000][5284][gc,phases   ] GC(33) Concurrent Mark 43.659ms
[2020-07-12T01:08:24.071+0000][5284][gc,phases   ] GC(33) Pause Mark End 0.457ms
[2020-07-12T01:08:24.071+0000][5284][safepoint   ] Safepoint "ZMarkEnd", Time since last: 43811668 ns, Reaching safepoint: 68605 ns, At safepoint: 474518 ns, Total: 543123 ns
[2020-07-12T01:08:24.094+0000][5284][gc,phases   ] GC(33) Concurrent Process Non-Strong References 23.297ms
[2020-07-12T01:08:24.094+0000][5284][gc,phases   ] GC(33) Concurrent Reset Relocation Set 0.003ms
[2020-07-12T01:08:24.095+0000][5284][gc,phases   ] GC(33) Concurrent Select Relocation Set 0.984ms
[2020-07-12T01:08:24.096+0000][5284][gc,phases   ] GC(33) Pause Relocate Start 0.138ms
[2020-07-12T01:08:24.096+0000][5284][safepoint   ] Safepoint "ZRelocateStart", Time since last: 24433214 ns, Reaching safepoint: 59880 ns, At safepoint: 152776 ns, Total: 212656 ns
[2020-07-12T01:08:24.097+0000][5284][gc,phases   ] GC(33) Concurrent Relocate 0.983ms
[2020-07-12T01:08:24.097+0000][5284][gc,heap     ] GC(33) Heap after GC invocations=34 (full 34): ZHeap           used 68M, capacity 4096M, max capacity 4096M
[2020-07-12T01:08:24.097+0000][5284][gc,heap     ] GC(33)  Metaspace       used 79950K, capacity 82721K, committed 82756K, reserved 83968K
[2020-07-12T01:08:24.097+0000][5284][gc,load     ] GC(33) Load: 0.63/0.89/0.54
[2020-07-12T01:08:24.097+0000][5284][gc,mmu      ] GC(33) MMU: 2ms/49.3%, 5ms/79.7%, 10ms/89.9%, 20ms/94.9%, 50ms/97.3%, 100ms/98.3%
[2020-07-12T01:08:24.097+0000][5284][gc,marking  ] GC(33) Mark: 1 stripe(s), 2 proactive flush(es), 1 terminate flush(es), 1 completion(s), 0 continuation(s) 
[2020-07-12T01:08:24.097+0000][5284][gc,reloc    ] GC(33) Relocation: Successful, 1M relocated
[2020-07-12T01:08:24.097+0000][5284][gc,nmethod  ] GC(33) NMethods: 5392 registered, 276 unregistered
[2020-07-12T01:08:24.097+0000][5284][gc,metaspace] GC(33) Metaspace: 78M used, 80M capacity, 80M committed, 82M reserved
[2020-07-12T01:08:24.097+0000][5284][gc,ref      ] GC(33) Soft: 3917 encountered, 0 discovered, 0 enqueued
[2020-07-12T01:08:24.097+0000][5284][gc,ref      ] GC(33) Weak: 6635 encountered, 4308 discovered, 0 enqueued
[2020-07-12T01:08:24.097+0000][5284][gc,ref      ] GC(33) Final: 2 encountered, 0 discovered, 0 enqueued
[2020-07-12T01:08:24.097+0000][5284][gc,ref      ] GC(33) Phantom: 434 encountered, 293 discovered, 0 enqueued
[2020-07-12T01:08:24.097+0000][5284][gc,heap     ] GC(33) Min Capacity: 4096M(100%)
[2020-07-12T01:08:24.097+0000][5284][gc,heap     ] GC(33) Max Capacity: 4096M(100%)
[2020-07-12T01:08:24.097+0000][5284][gc,heap     ] GC(33) Soft Max Capacity: 4096M(100%)
[2020-07-12T01:08:24.097+0000][5284][gc,heap     ] GC(33)                Mark Start          Mark End        Relocate Start      Relocate End           High               Low         
[2020-07-12T01:08:24.097+0000][5284][gc,heap     ] GC(33)  Capacity:     4096M (100%)       4096M (100%)       4096M (100%)       4096M (100%)       4096M (100%)       4096M (100%)   
[2020-07-12T01:08:24.097+0000][5284][gc,heap     ] GC(33)   Reserve:       42M (1%)           42M (1%)           42M (1%)           42M (1%)           42M (1%)           42M (1%)     
[2020-07-12T01:08:24.097+0000][5284][gc,heap     ] GC(33)      Free:     3518M (86%)        3516M (86%)        3946M (96%)        3986M (97%)        3986M (97%)        3516M (86%)    
[2020-07-12T01:08:24.097+0000][5284][gc,heap     ] GC(33)      Used:      536M (13%)         538M (13%)         108M (3%)           68M (2%)          538M (13%)          68M (2%)     
[2020-07-12T01:08:24.097+0000][5284][gc,heap     ] GC(33)      Live:         -                28M (1%)           28M (1%)           28M (1%)             -                  -          
[2020-07-12T01:08:24.097+0000][5284][gc,heap     ] GC(33) Allocated:         -                 2M (0%)            2M (0%)            8M (0%)             -                  -          
[2020-07-12T01:08:24.097+0000][5284][gc,heap     ] GC(33)   Garbage:         -               507M (12%)          77M (2%)           37M (1%)             -                  -          
[2020-07-12T01:08:24.097+0000][5284][gc,heap     ] GC(33) Reclaimed:         -                  -               430M (10%)         470M (11%)            -                  -          
[2020-07-12T01:08:24.097+0000][5284][gc          ] GC(33) Garbage Collection (Proactive) 536M(13%)->68M(2%)
[2020-07-12T01:08:25.096+0000][5284][safepoint   ] Safepoint "Cleanup", Time since last: 1000157019 ns, Reaching safepoint: 112632 ns, At safepoint: 3468 ns, Total: 116100 ns
[2020-07-12T01:08:27.100+0000][5284][safepoint   ] Safepoint "Cleanup", Time since last: 2002981962 ns, Reaching safepoint: 698327 ns, At safepoint: 16042 ns, Total: 714369 ns
[2020-07-12T01:08:27.824+0000][5284][gc,heap     ] GC(34) Heap before GC invocations=34 (full 34): ZHeap           used 484M, capacity 4096M, max capacity 4096M
[2020-07-12T01:08:27.824+0000][5284][gc,heap     ] GC(34)  Metaspace       used 79971K, capacity 82721K, committed 82756K, reserved 83968K
[2020-07-12T01:08:27.824+0000][5284][gc,start    ] GC(34) Garbage Collection (Proactive)
[2020-07-12T01:08:27.824+0000][5284][gc,phases   ] GC(34) Pause Mark Start 0.127ms
[2020-07-12T01:08:27.824+0000][5284][safepoint   ] Safepoint "ZMarkStart", Time since last: 724441994 ns, Reaching safepoint: 61675 ns, At safepoint: 148632 ns, Total: 210307 ns
[2020-07-12T01:08:27.869+0000][5284][gc,phases   ] GC(34) Concurrent Mark 44.826ms
[2020-07-12T01:08:27.870+0000][5284][gc,phases   ] GC(34) Pause Mark End 0.390ms
[2020-07-12T01:08:27.870+0000][5284][safepoint   ] Safepoint "ZMarkEnd", Time since last: 44974571 ns, Reaching safepoint: 94682 ns, At safepoint: 411801 ns, Total: 506483 ns
[2020-07-12T01:08:27.898+0000][5284][gc,phases   ] GC(34) Concurrent Process Non-Strong References 28.010ms
[2020-07-12T01:08:27.898+0000][5284][gc,phases   ] GC(34) Concurrent Reset Relocation Set 0.003ms
[2020-07-12T01:08:27.899+0000][5284][gc,phases   ] GC(34) Concurrent Select Relocation Set 0.975ms
[2020-07-12T01:08:27.899+0000][5284][gc,phases   ] GC(34) Pause Relocate Start 0.166ms
[2020-07-12T01:08:27.899+0000][5284][safepoint   ] Safepoint "ZRelocateStart", Time since last: 29101129 ns, Reaching safepoint: 91438 ns, At safepoint: 187531 ns, Total: 278969 ns
[2020-07-12T01:08:27.900+0000][5284][gc,phases   ] GC(34) Concurrent Relocate 0.889ms
[2020-07-12T01:08:27.900+0000][5284][gc,heap     ] GC(34) Heap after GC invocations=35 (full 35): ZHeap           used 100M, capacity 4096M, max capacity 4096M
[2020-07-12T01:08:27.900+0000][5284][gc,heap     ] GC(34)  Metaspace       used 79971K, capacity 82721K, committed 82756K, reserved 83968K
[2020-07-12T01:08:27.900+0000][5284][gc,load     ] GC(34) Load: 0.63/0.89/0.54
[2020-07-12T01:08:27.900+0000][5284][gc,mmu      ] GC(34) MMU: 2ms/49.3%, 5ms/79.7%, 10ms/89.9%, 20ms/94.9%, 50ms/97.3%, 100ms/98.3%
[2020-07-12T01:08:27.900+0000][5284][gc,marking  ] GC(34) Mark: 1 stripe(s), 2 proactive flush(es), 1 terminate flush(es), 1 completion(s), 0 continuation(s) 
[2020-07-12T01:08:27.900+0000][5284][gc,reloc    ] GC(34) Relocation: Successful, 1M relocated
[2020-07-12T01:08:27.900+0000][5284][gc,nmethod  ] GC(34) NMethods: 5398 registered, 276 unregistered
[2020-07-12T01:08:27.900+0000][5284][gc,metaspace] GC(34) Metaspace: 78M used, 80M capacity, 80M committed, 82M reserved
[2020-07-12T01:08:27.900+0000][5284][gc,ref      ] GC(34) Soft: 3917 encountered, 0 discovered, 0 enqueued
[2020-07-12T01:08:27.900+0000][5284][gc,ref      ] GC(34) Weak: 6633 encountered, 4308 discovered, 0 enqueued
[2020-07-12T01:08:27.900+0000][5284][gc,ref      ] GC(34) Final: 2 encountered, 0 discovered, 0 enqueued
[2020-07-12T01:08:27.900+0000][5284][gc,ref      ] GC(34) Phantom: 434 encountered, 293 discovered, 0 enqueued
[2020-07-12T01:08:27.900+0000][5284][gc,heap     ] GC(34) Min Capacity: 4096M(100%)
[2020-07-12T01:08:27.900+0000][5284][gc,heap     ] GC(34) Max Capacity: 4096M(100%)
[2020-07-12T01:08:27.900+0000][5284][gc,heap     ] GC(34) Soft Max Capacity: 4096M(100%)
[2020-07-12T01:08:27.900+0000][5284][gc,heap     ] GC(34)                Mark Start          Mark End        Relocate Start      Relocate End           High               Low         
[2020-07-12T01:08:27.900+0000][5284][gc,heap     ] GC(34)  Capacity:     4096M (100%)       4096M (100%)       4096M (100%)       4096M (100%)       4096M (100%)       4096M (100%)   
[2020-07-12T01:08:27.900+0000][5284][gc,heap     ] GC(34)   Reserve:       42M (1%)           42M (1%)           42M (1%)           42M (1%)           42M (1%)           42M (1%)     
[2020-07-12T01:08:27.900+0000][5284][gc,heap     ] GC(34)      Free:     3570M (87%)        3542M (86%)        3920M (96%)        3954M (97%)        3954M (97%)        3536M (86%)    
[2020-07-12T01:08:27.900+0000][5284][gc,heap     ] GC(34)      Used:      484M (12%)         512M (12%)         134M (3%)          100M (2%)          518M (13%)         100M (2%)     
[2020-07-12T01:08:27.900+0000][5284][gc,heap     ] GC(34)      Live:         -                28M (1%)           28M (1%)           28M (1%)             -                  -          
[2020-07-12T01:08:27.900+0000][5284][gc,heap     ] GC(34) Allocated:         -                28M (1%)           34M (1%)           40M (1%)             -                  -          
[2020-07-12T01:08:27.900+0000][5284][gc,heap     ] GC(34)   Garbage:         -               455M (11%)          71M (2%)           37M (1%)             -                  -          
[2020-07-12T01:08:27.900+0000][5284][gc,heap     ] GC(34) Reclaimed:         -                  -               384M (9%)          418M (10%)            -                  -          
[2020-07-12T01:08:27.900+0000][5284][gc          ] GC(34) Garbage Collection (Proactive) 484M(12%)->100M(2%)
[2020-07-12T01:08:28.923+0000][5284][gc,stats    ] === Garbage Collection Statistics =======================================================================================================================
[2020-07-12T01:08:28.923+0000][5284][gc,stats    ]                                                              Last 10s              Last 10m              Last 10h                Total
[2020-07-12T01:08:28.923+0000][5284][gc,stats    ]                                                              Avg / Max             Avg / Max             Avg / Max             Avg / Max
[2020-07-12T01:08:28.924+0000][5284][gc,stats    ]   Collector: Garbage Collection Cycle                     73.272 / 76.219       71.855 / 117.511      71.855 / 117.511      71.855 / 117.511     ms
[2020-07-12T01:08:28.924+0000][5284][gc,stats    ]  Contention: Mark Segment Reset Contention                     0 / 0                 0 / 0                 0 / 0                 0 / 0           ops/s
[2020-07-12T01:08:28.924+0000][5284][gc,stats    ]  Contention: Mark SeqNum Reset Contention                      0 / 0                 0 / 0                 0 / 0                 0 / 0           ops/s
[2020-07-12T01:08:28.924+0000][5284][gc,stats    ]  Contention: Relocation Contention                             0 / 1                 0 / 4                 0 / 4                 0 / 4           ops/s
[2020-07-12T01:08:28.924+0000][5284][gc,stats    ]    Critical: Allocation Stall                              0.000 / 0.000         0.000 / 0.000         0.000 / 0.000         0.000 / 0.000       ms
[2020-07-12T01:08:28.924+0000][5284][gc,stats    ]    Critical: Allocation Stall                                  0 / 0                 0 / 0                 0 / 0                 0 / 0           ops/s
[2020-07-12T01:08:28.924+0000][5284][gc,stats    ]    Critical: GC Locker Stall                               0.000 / 0.000         0.093 / 0.093         0.093 / 0.093         0.093 / 0.093       ms
[2020-07-12T01:08:28.924+0000][5284][gc,stats    ]    Critical: GC Locker Stall                                   0 / 0                 0 / 1                 0 / 1                 0 / 1           ops/s
[2020-07-12T01:08:28.924+0000][5284][gc,stats    ]      Memory: Allocation Rate                                 116 / 238             105 / 238             105 / 238             105 / 238         MB/s
[2020-07-12T01:08:28.924+0000][5284][gc,stats    ]      Memory: Heap Used After Mark                            529 / 538             539 / 1286            539 / 1286            539 / 1286        MB
[2020-07-12T01:08:28.924+0000][5284][gc,stats    ]      Memory: Heap Used After Relocation                       88 / 100              81 / 108              81 / 108              81 / 108         MB
[2020-07-12T01:08:28.924+0000][5284][gc,stats    ]      Memory: Heap Used Before Mark                           511 / 536             523 / 1270            523 / 1270            523 / 1270        MB
[2020-07-12T01:08:28.924+0000][5284][gc,stats    ]      Memory: Heap Used Before Relocation                     124 / 134             141 / 338             141 / 338             141 / 338         MB
[2020-07-12T01:08:28.924+0000][5284][gc,stats    ]      Memory: Out Of Memory                                     0 / 0                 0 / 0                 0 / 0                 0 / 0           ops/s
[2020-07-12T01:08:28.924+0000][5284][gc,stats    ]      Memory: Page Cache Flush                                  0 / 0                 0 / 0                 0 / 0                 0 / 0           MB/s
[2020-07-12T01:08:28.924+0000][5284][gc,stats    ]      Memory: Page Cache Hit L1                                59 / 121              48 / 121              48 / 121              48 / 121         ops/s
[2020-07-12T01:08:28.924+0000][5284][gc,stats    ]      Memory: Page Cache Hit L2                                 0 / 0                 0 / 0                 0 / 0                 0 / 0           ops/s
[2020-07-12T01:08:28.924+0000][5284][gc,stats    ]      Memory: Page Cache Hit L3                                 0 / 0                 4 / 96                4 / 96                4 / 96          ops/s
[2020-07-12T01:08:28.924+0000][5284][gc,stats    ]      Memory: Page Cache Miss                                   0 / 0                 0 / 0                 0 / 0                 0 / 0           ops/s
[2020-07-12T01:08:28.924+0000][5284][gc,stats    ]      Memory: Uncommit                                          0 / 0                 0 / 0                 0 / 0                 0 / 0           MB/s
[2020-07-12T01:08:28.924+0000][5284][gc,stats    ]      Memory: Undo Object Allocation Failed                     0 / 0                 0 / 0                 0 / 0                 0 / 0           ops/s
[2020-07-12T01:08:28.924+0000][5284][gc,stats    ]      Memory: Undo Object Allocation Succeeded                  0 / 1                 0 / 4                 0 / 4                 0 / 4           ops/s
[2020-07-12T01:08:28.925+0000][5284][gc,stats    ]      Memory: Undo Page Allocation                              0 / 0                 0 / 0                 0 / 0                 0 / 0           ops/s
[2020-07-12T01:08:28.925+0000][5284][gc,stats    ]       Phase: Concurrent Mark                              44.568 / 45.218       45.815 / 77.269       45.815 / 77.269       45.815 / 77.269      ms
[2020-07-12T01:08:28.925+0000][5284][gc,stats    ]       Phase: Concurrent Mark Continue                      0.000 / 0.000         0.000 / 0.000         0.000 / 0.000         0.000 / 0.000       ms
[2020-07-12T01:08:28.925+0000][5284][gc,stats    ]       Phase: Concurrent Process Non-Strong References     24.588 / 28.010       20.518 / 28.010       20.518 / 28.010       20.518 / 28.010      ms
[2020-07-12T01:08:28.925+0000][5284][gc,stats    ]       Phase: Concurrent Relocate                           0.967 / 1.030         2.346 / 18.136        2.346 / 18.136        2.346 / 18.136      ms
[2020-07-12T01:08:28.925+0000][5284][gc,stats    ]       Phase: Concurrent Reset Relocation Set               0.003 / 0.003         0.005 / 0.015         0.005 / 0.015         0.005 / 0.015       ms
[2020-07-12T01:08:28.925+0000][5284][gc,stats    ]       Phase: Concurrent Select Relocation Set              0.984 / 0.992         1.159 / 5.622         1.159 / 5.622         1.159 / 5.622       ms
[2020-07-12T01:08:28.925+0000][5284][gc,stats    ]       Phase: Pause Mark End                                0.394 / 0.457         0.328 / 0.457         0.328 / 0.457         0.328 / 0.457       ms
[2020-07-12T01:08:28.925+0000][5284][gc,stats    ]       Phase: Pause Mark Start                              0.159 / 0.220         0.181 / 0.724         0.181 / 0.724         0.181 / 0.724       ms
[2020-07-12T01:08:28.925+0000][5284][gc,stats    ]       Phase: Pause Relocate Start                          0.156 / 0.166         0.169 / 1.014         0.169 / 1.014         0.169 / 1.014       ms
[2020-07-12T01:08:28.925+0000][5284][gc,stats    ]    Subphase: Concurrent Classes Purge                      0.695 / 0.838         0.588 / 1.236         0.588 / 1.236         0.588 / 1.236       ms
[2020-07-12T01:08:28.925+0000][5284][gc,stats    ]    Subphase: Concurrent Classes Unlink                    22.415 / 25.750       18.311 / 25.750       18.311 / 25.750       18.311 / 25.750      ms
[2020-07-12T01:08:28.925+0000][5284][gc,stats    ]    Subphase: Concurrent Mark                              43.761 / 44.281       45.175 / 76.517       45.175 / 76.517       45.175 / 76.517      ms
[2020-07-12T01:08:28.925+0000][5284][gc,stats    ]    Subphase: Concurrent Mark Idle                          0.000 / 0.000         0.000 / 0.000         0.000 / 0.000         0.000 / 0.000       ms
[2020-07-12T01:08:28.925+0000][5284][gc,stats    ]    Subphase: Concurrent Mark Try Flush                     0.098 / 0.139         0.124 / 1.569         0.124 / 1.569         0.124 / 1.569       ms
[2020-07-12T01:08:28.925+0000][5284][gc,stats    ]    Subphase: Concurrent Mark Try Terminate                 0.045 / 0.114         0.054 / 0.756         0.054 / 0.756         0.054 / 0.756       ms
[2020-07-12T01:08:28.925+0000][5284][gc,stats    ]    Subphase: Concurrent References Enqueue                 0.000 / 0.001         0.001 / 0.004         0.001 / 0.004         0.001 / 0.004       ms
[2020-07-12T01:08:28.925+0000][5284][gc,stats    ]    Subphase: Concurrent References Process                 0.455 / 0.474         0.486 / 1.144         0.486 / 1.144         0.486 / 1.144       ms
[2020-07-12T01:08:28.925+0000][5284][gc,stats    ]    Subphase: Concurrent Roots                              0.456 / 0.849         0.293 / 1.449         0.293 / 1.449         0.293 / 1.449       ms
[2020-07-12T01:08:28.926+0000][5284][gc,stats    ]    Subphase: Concurrent Roots ClassLoaderDataGraph         0.450 / 0.843         0.288 / 1.421         0.288 / 1.421         0.288 / 1.421       ms
[2020-07-12T01:08:28.926+0000][5284][gc,stats    ]    Subphase: Concurrent Roots JNIHandles                   0.003 / 0.003         0.003 / 0.012         0.003 / 0.012         0.003 / 0.012       ms
[2020-07-12T01:08:28.926+0000][5284][gc,stats    ]    Subphase: Concurrent Roots Setup                        0.186 / 0.207         0.166 / 0.363         0.166 / 0.363         0.166 / 0.363       ms
[2020-07-12T01:08:28.926+0000][5284][gc,stats    ]    Subphase: Concurrent Roots Teardown                     0.000 / 0.000         0.000 / 0.002         0.000 / 0.002         0.000 / 0.002       ms
[2020-07-12T01:08:28.926+0000][5284][gc,stats    ]    Subphase: Concurrent Roots VMHandles                    0.000 / 0.000         0.000 / 0.000         0.000 / 0.000         0.000 / 0.000       ms
[2020-07-12T01:08:28.926+0000][5284][gc,stats    ]    Subphase: Concurrent Weak Roots                         0.856 / 0.906         0.862 / 1.445         0.862 / 1.445         0.862 / 1.445       ms
[2020-07-12T01:08:28.926+0000][5284][gc,stats    ]    Subphase: Concurrent Weak Roots JNIWeakHandles          0.001 / 0.001         0.001 / 0.004         0.001 / 0.004         0.001 / 0.004       ms
[2020-07-12T01:08:28.926+0000][5284][gc,stats    ]    Subphase: Concurrent Weak Roots ResolvedMethodTable     0.089 / 0.092         0.091 / 0.181         0.091 / 0.181         0.091 / 0.181       ms
[2020-07-12T01:08:28.926+0000][5284][gc,stats    ]    Subphase: Concurrent Weak Roots StringTable             0.710 / 0.762         0.714 / 1.194         0.714 / 1.194         0.714 / 1.194       ms
[2020-07-12T01:08:28.926+0000][5284][gc,stats    ]    Subphase: Concurrent Weak Roots VMWeakHandles           0.054 / 0.062         0.053 / 0.067         0.053 / 0.067         0.053 / 0.067       ms
[2020-07-12T01:08:28.926+0000][5284][gc,stats    ]    Subphase: Pause Mark Try Complete                       0.141 / 0.143         0.139 / 0.181         0.139 / 0.181         0.139 / 0.181       ms
[2020-07-12T01:08:28.926+0000][5284][gc,stats    ]    Subphase: Pause Roots                                   0.029 / 0.081         0.042 / 0.936         0.042 / 0.936         0.042 / 0.936       ms
[2020-07-12T01:08:28.926+0000][5284][gc,stats    ]    Subphase: Pause Roots CodeCache                         0.000 / 0.000         0.000 / 0.000         0.000 / 0.000         0.000 / 0.000       ms
[2020-07-12T01:08:28.926+0000][5284][gc,stats    ]    Subphase: Pause Roots JVMTIExport                       0.002 / 0.002         0.002 / 0.007         0.002 / 0.007         0.002 / 0.007       ms
[2020-07-12T01:08:28.926+0000][5284][gc,stats    ]    Subphase: Pause Roots JVMTIWeakExport                   0.001 / 0.001         0.001 / 0.001         0.001 / 0.001         0.001 / 0.001       ms
[2020-07-12T01:08:28.926+0000][5284][gc,stats    ]    Subphase: Pause Roots Management                        0.001 / 0.001         0.001 / 0.003         0.001 / 0.003         0.001 / 0.003       ms
[2020-07-12T01:08:28.926+0000][5284][gc,stats    ]    Subphase: Pause Roots ObjectSynchronizer                0.000 / 0.000         0.000 / 0.001         0.000 / 0.001         0.000 / 0.001       ms
[2020-07-12T01:08:28.926+0000][5284][gc,stats    ]    Subphase: Pause Roots Setup                             0.000 / 0.000         0.000 / 0.001         0.000 / 0.001         0.000 / 0.001       ms
[2020-07-12T01:08:28.926+0000][5284][gc,stats    ]    Subphase: Pause Roots SystemDictionary                  0.009 / 0.011         0.010 / 0.042         0.010 / 0.042         0.010 / 0.042       ms
[2020-07-12T01:08:28.926+0000][5284][gc,stats    ]    Subphase: Pause Roots Teardown                          0.001 / 0.001         0.001 / 0.012         0.001 / 0.012         0.001 / 0.012       ms
[2020-07-12T01:08:28.926+0000][5284][gc,stats    ]    Subphase: Pause Roots Threads                           0.042 / 0.067         0.048 / 0.913         0.048 / 0.913         0.048 / 0.913       ms
[2020-07-12T01:08:28.926+0000][5284][gc,stats    ]    Subphase: Pause Roots Universe                          0.002 / 0.003         0.002 / 0.011         0.002 / 0.011         0.002 / 0.011       ms
[2020-07-12T01:08:28.927+0000][5284][gc,stats    ]    Subphase: Pause Weak Roots                              0.008 / 0.046         0.009 / 0.087         0.009 / 0.087         0.009 / 0.087       ms
[2020-07-12T01:08:28.927+0000][5284][gc,stats    ]    Subphase: Pause Weak Roots JFRWeak                      0.039 / 0.044         0.044 / 0.084         0.044 / 0.084         0.044 / 0.084       ms
[2020-07-12T01:08:28.927+0000][5284][gc,stats    ]    Subphase: Pause Weak Roots JVMTIWeakExport              0.001 / 0.001         0.001 / 0.001         0.001 / 0.001         0.001 / 0.001       ms
[2020-07-12T01:08:28.927+0000][5284][gc,stats    ]    Subphase: Pause Weak Roots Setup                        0.000 / 0.000         0.000 / 0.000         0.000 / 0.000         0.000 / 0.000       ms
[2020-07-12T01:08:28.927+0000][5284][gc,stats    ]    Subphase: Pause Weak Roots Teardown                     0.000 / 0.000         0.000 / 0.000         0.000 / 0.000         0.000 / 0.000       ms
[2020-07-12T01:08:28.927+0000][5284][gc,stats    ]      System: Java Threads                                     36 / 36               34 / 38               34 / 38               34 / 38          threads
[2020-07-12T01:08:28.927+0000][5284][gc,stats    ] =========================================================================================================================================================
[2020-07-12T01:08:31.824+0000][5284][gc,heap     ] GC(35) Heap before GC invocations=35 (full 35): ZHeap           used 592M, capacity 4096M, max capacity 4096M
[2020-07-12T01:08:31.824+0000][5284][gc,heap     ] GC(35)  Metaspace       used 79971K, capacity 82721K, committed 82756K, reserved 83968K
[2020-07-12T01:08:31.824+0000][5284][gc,start    ] GC(35) Garbage Collection (Proactive)
[2020-07-12T01:08:31.825+0000][5284][gc,phases   ] GC(35) Pause Mark Start 0.553ms
[2020-07-12T01:08:31.825+0000][5284][safepoint   ] Safepoint "ZMarkStart", Time since last: 3925114437 ns, Reaching safepoint: 102589 ns, At safepoint: 572886 ns, Total: 675475 ns
[2020-07-12T01:08:31.869+0000][5284][gc,phases   ] GC(35) Concurrent Mark 43.509ms
[2020-07-12T01:08:31.869+0000][5284][gc,phases   ] GC(35) Pause Mark End 0.397ms
[2020-07-12T01:08:31.869+0000][5284][safepoint   ] Safepoint "ZMarkEnd", Time since last: 43803707 ns, Reaching safepoint: 94987 ns, At safepoint: 413387 ns, Total: 508374 ns
[2020-07-12T01:08:31.893+0000][5284][gc,phases   ] GC(35) Concurrent Process Non-Strong References 23.703ms
[2020-07-12T01:08:31.893+0000][5284][gc,phases   ] GC(35) Concurrent Reset Relocation Set 0.003ms
[2020-07-12T01:08:31.894+0000][5284][gc,phases   ] GC(35) Concurrent Select Relocation Set 0.994ms
[2020-07-12T01:08:31.894+0000][5284][gc,phases   ] GC(35) Pause Relocate Start 0.155ms
[2020-07-12T01:08:31.894+0000][5284][safepoint   ] Safepoint "ZRelocateStart", Time since last: 24849110 ns, Reaching safepoint: 69520 ns, At safepoint: 174304 ns, Total: 243824 ns
[2020-07-12T01:08:31.896+0000][5284][gc,phases   ] GC(35) Concurrent Relocate 1.030ms
[2020-07-12T01:08:31.896+0000][5284][gc,heap     ] GC(35) Heap after GC invocations=36 (full 36): ZHeap           used 72M, capacity 4096M, max capacity 4096M
[2020-07-12T01:08:31.896+0000][5284][gc,heap     ] GC(35)  Metaspace       used 79971K, capacity 82721K, committed 82756K, reserved 83968K
[2020-07-12T01:08:31.896+0000][5284][gc,load     ] GC(35) Load: 0.66/0.90/0.54
[2020-07-12T01:08:31.896+0000][5284][gc,mmu      ] GC(35) MMU: 2ms/49.3%, 5ms/79.7%, 10ms/89.9%, 20ms/94.9%, 50ms/97.3%, 100ms/98.3%
[2020-07-12T01:08:31.896+0000][5284][gc,marking  ] GC(35) Mark: 1 stripe(s), 2 proactive flush(es), 1 terminate flush(es), 1 completion(s), 0 continuation(s) 
[2020-07-12T01:08:31.896+0000][5284][gc,reloc    ] GC(35) Relocation: Successful, 1M relocated
[2020-07-12T01:08:31.896+0000][5284][gc,nmethod  ] GC(35) NMethods: 5399 registered, 276 unregistered
[2020-07-12T01:08:31.896+0000][5284][gc,metaspace] GC(35) Metaspace: 78M used, 80M capacity, 80M committed, 82M reserved
[2020-07-12T01:08:31.896+0000][5284][gc,ref      ] GC(35) Soft: 3917 encountered, 0 discovered, 0 enqueued
[2020-07-12T01:08:31.896+0000][5284][gc,ref      ] GC(35) Weak: 6636 encountered, 4311 discovered, 0 enqueued
[2020-07-12T01:08:31.896+0000][5284][gc,ref      ] GC(35) Final: 2 encountered, 0 discovered, 0 enqueued
[2020-07-12T01:08:31.896+0000][5284][gc,ref      ] GC(35) Phantom: 434 encountered, 293 discovered, 0 enqueued
[2020-07-12T01:08:31.896+0000][5284][gc,heap     ] GC(35) Min Capacity: 4096M(100%)
[2020-07-12T01:08:31.896+0000][5284][gc,heap     ] GC(35) Max Capacity: 4096M(100%)
[2020-07-12T01:08:31.896+0000][5284][gc,heap     ] GC(35) Soft Max Capacity: 4096M(100%)
[2020-07-12T01:08:31.896+0000][5284][gc,heap     ] GC(35)                Mark Start          Mark End        Relocate Start      Relocate End           High               Low         
[2020-07-12T01:08:31.896+0000][5284][gc,heap     ] GC(35)  Capacity:     4096M (100%)       4096M (100%)       4096M (100%)       4096M (100%)       4096M (100%)       4096M (100%)   
[2020-07-12T01:08:31.896+0000][5284][gc,heap     ] GC(35)   Reserve:       42M (1%)           42M (1%)           42M (1%)           42M (1%)           42M (1%)           42M (1%)     
[2020-07-12T01:08:31.896+0000][5284][gc,heap     ] GC(35)      Free:     3462M (85%)        3458M (84%)        3938M (96%)        3982M (97%)        3982M (97%)        3458M (84%)    
[2020-07-12T01:08:31.896+0000][5284][gc,heap     ] GC(35)      Used:      592M (14%)         596M (15%)         116M (3%)           72M (2%)          596M (15%)          72M (2%)     
[2020-07-12T01:08:31.896+0000][5284][gc,heap     ] GC(35)      Live:         -                28M (1%)           28M (1%)           28M (1%)             -                  -          
[2020-07-12T01:08:31.896+0000][5284][gc,heap     ] GC(35) Allocated:         -                 4M (0%)            4M (0%)           12M (0%)             -                  -          
[2020-07-12T01:08:31.896+0000][5284][gc,heap     ] GC(35)   Garbage:         -               563M (14%)          83M (2%)           39M (1%)             -                  -          
[2020-07-12T01:08:31.896+0000][5284][gc,heap     ] GC(35) Reclaimed:         -                  -               480M (12%)         524M (13%)            -                  -          
[2020-07-12T01:08:31.896+0000][5284][gc          ] GC(35) Garbage Collection (Proactive) 592M(14%)->72M(2%)
[2020-07-12T01:08:35.724+0000][5284][gc,heap     ] GC(36) Heap before GC invocations=36 (full 36): ZHeap           used 504M, capacity 4096M, max capacity 4096M
[2020-07-12T01:08:35.724+0000][5284][gc,heap     ] GC(36)  Metaspace       used 79971K, capacity 82721K, committed 82756K, reserved 83968K
[2020-07-12T01:08:35.724+0000][5284][gc,start    ] GC(36) Garbage Collection (Proactive)
[2020-07-12T01:08:35.725+0000][5284][gc,phases   ] GC(36) Pause Mark Start 0.174ms
[2020-07-12T01:08:35.725+0000][5284][safepoint   ] Safepoint "ZMarkStart", Time since last: 3830125799 ns, Reaching safepoint: 77664 ns, At safepoint: 194249 ns, Total: 271913 ns
[2020-07-12T01:08:35.769+0000][5284][gc,phases   ] GC(36) Concurrent Mark 44.267ms
[2020-07-12T01:08:35.770+0000][5284][gc,phases   ] GC(36) Pause Mark End 0.433ms
[2020-07-12T01:08:35.770+0000][5284][safepoint   ] Safepoint "ZMarkEnd", Time since last: 44391306 ns, Reaching safepoint: 64882 ns, At safepoint: 448747 ns, Total: 513629 ns
[2020-07-12T01:08:35.793+0000][5284][gc,phases   ] GC(36) Concurrent Process Non-Strong References 22.713ms
[2020-07-12T01:08:35.793+0000][5284][gc,phases   ] GC(36) Concurrent Reset Relocation Set 0.004ms
[2020-07-12T01:08:35.794+0000][5284][gc,phases   ] GC(36) Concurrent Select Relocation Set 0.978ms
[2020-07-12T01:08:35.794+0000][5284][gc,phases   ] GC(36) Pause Relocate Start 0.106ms
[2020-07-12T01:08:35.794+0000][5284][safepoint   ] Safepoint "ZRelocateStart", Time since last: 23809486 ns, Reaching safepoint: 87279 ns, At safepoint: 125219 ns, Total: 212498 ns
[2020-07-12T01:08:35.795+0000][5284][gc,phases   ] GC(36) Concurrent Relocate 0.970ms
[2020-07-12T01:08:35.795+0000][5284][gc,heap     ] GC(36) Heap after GC invocations=37 (full 37): ZHeap           used 78M, capacity 4096M, max capacity 4096M
[2020-07-12T01:08:35.795+0000][5284][gc,heap     ] GC(36)  Metaspace       used 79971K, capacity 82721K, committed 82756K, reserved 83968K
[2020-07-12T01:08:35.795+0000][5284][gc,load     ] GC(36) Load: 0.60/0.88/0.54
[2020-07-12T01:08:35.795+0000][5284][gc,mmu      ] GC(36) MMU: 2ms/49.3%, 5ms/79.7%, 10ms/89.9%, 20ms/94.9%, 50ms/97.3%, 100ms/98.3%
[2020-07-12T01:08:35.795+0000][5284][gc,marking  ] GC(36) Mark: 1 stripe(s), 2 proactive flush(es), 1 terminate flush(es), 1 completion(s), 0 continuation(s) 
[2020-07-12T01:08:35.795+0000][5284][gc,reloc    ] GC(36) Relocation: Successful, 1M relocated
[2020-07-12T01:08:35.795+0000][5284][gc,nmethod  ] GC(36) NMethods: 5400 registered, 276 unregistered
[2020-07-12T01:08:35.795+0000][5284][gc,metaspace] GC(36) Metaspace: 78M used, 80M capacity, 80M committed, 82M reserved
[2020-07-12T01:08:35.795+0000][5284][gc,ref      ] GC(36) Soft: 3917 encountered, 0 discovered, 0 enqueued
[2020-07-12T01:08:35.795+0000][5284][gc,ref      ] GC(36) Weak: 6635 encountered, 4309 discovered, 0 enqueued
[2020-07-12T01:08:35.795+0000][5284][gc,ref      ] GC(36) Final: 2 encountered, 0 discovered, 0 enqueued
[2020-07-12T01:08:35.795+0000][5284][gc,ref      ] GC(36) Phantom: 434 encountered, 293 discovered, 0 enqueued
[2020-07-12T01:08:35.795+0000][5284][gc,heap     ] GC(36) Min Capacity: 4096M(100%)
[2020-07-12T01:08:35.795+0000][5284][gc,heap     ] GC(36) Max Capacity: 4096M(100%)
[2020-07-12T01:08:35.795+0000][5284][gc,heap     ] GC(36) Soft Max Capacity: 4096M(100%)
[2020-07-12T01:08:35.795+0000][5284][gc,heap     ] GC(36)                Mark Start          Mark End        Relocate Start      Relocate End           High               Low         
[2020-07-12T01:08:35.795+0000][5284][gc,heap     ] GC(36)  Capacity:     4096M (100%)       4096M (100%)       4096M (100%)       4096M (100%)       4096M (100%)       4096M (100%)   
[2020-07-12T01:08:35.795+0000][5284][gc,heap     ] GC(36)   Reserve:       42M (1%)           42M (1%)           42M (1%)           42M (1%)           42M (1%)           42M (1%)     
[2020-07-12T01:08:35.795+0000][5284][gc,heap     ] GC(36)      Free:     3550M (87%)        3548M (87%)        3934M (96%)        3976M (97%)        3976M (97%)        3536M (86%)    
[2020-07-12T01:08:35.795+0000][5284][gc,heap     ] GC(36)      Used:      504M (12%)         506M (12%)         120M (3%)           78M (2%)          518M (13%)          78M (2%)     
[2020-07-12T01:08:35.795+0000][5284][gc,heap     ] GC(36)      Live:         -                28M (1%)           28M (1%)           28M (1%)             -                  -          
[2020-07-12T01:08:35.795+0000][5284][gc,heap     ] GC(36) Allocated:         -                 2M (0%)           14M (0%)           18M (0%)             -                  -          
[2020-07-12T01:08:35.795+0000][5284][gc,heap     ] GC(36)   Garbage:         -               475M (12%)          77M (2%)           35M (1%)             -                  -          
[2020-07-12T01:08:35.795+0000][5284][gc,heap     ] GC(36) Reclaimed:         -                  -               398M (10%)         440M (11%)            -                  -          
[2020-07-12T01:08:35.795+0000][5284][gc          ] GC(36) Garbage Collection (Proactive) 504M(12%)->78M(2%)
[2020-07-12T01:08:37.798+0000][5284][safepoint   ] Safepoint "Cleanup", Time since last: 2003372476 ns, Reaching safepoint: 474720 ns, At safepoint: 38359 ns, Total: 513079 ns
[2020-07-12T01:08:38.798+0000][5284][safepoint   ] Safepoint "Cleanup", Time since last: 1000172984 ns, Reaching safepoint: 434856 ns, At safepoint: 28816 ns, Total: 463672 ns
[2020-07-12T01:08:38.926+0000][5284][gc,stats    ] === Garbage Collection Statistics =======================================================================================================================
[2020-07-12T01:08:38.926+0000][5284][gc,stats    ]                                                              Last 10s              Last 10m              Last 10h                Total
[2020-07-12T01:08:38.926+0000][5284][gc,stats    ]                                                              Avg / Max             Avg / Max             Avg / Max             Avg / Max
[2020-07-12T01:08:38.926+0000][5284][gc,stats    ]   Collector: Garbage Collection Cycle                     70.817 / 71.286       71.799 / 117.511      71.799 / 117.511      71.799 / 117.511     ms
[2020-07-12T01:08:38.926+0000][5284][gc,stats    ]  Contention: Mark Segment Reset Contention                     0 / 0                 0 / 0                 0 / 0                 0 / 0           ops/s
[2020-07-12T01:08:38.926+0000][5284][gc,stats    ]  Contention: Mark SeqNum Reset Contention                      0 / 0                 0 / 0                 0 / 0                 0 / 0           ops/s
[2020-07-12T01:08:38.926+0000][5284][gc,stats    ]  Contention: Relocation Contention                             0 / 0                 0 / 4                 0 / 4                 0 / 4           ops/s
[2020-07-12T01:08:38.926+0000][5284][gc,stats    ]    Critical: Allocation Stall                              0.000 / 0.000         0.000 / 0.000         0.000 / 0.000         0.000 / 0.000       ms
[2020-07-12T01:08:38.926+0000][5284][gc,stats    ]    Critical: Allocation Stall                                  0 / 0                 0 / 0                 0 / 0                 0 / 0           ops/s
[2020-07-12T01:08:38.926+0000][5284][gc,stats    ]    Critical: GC Locker Stall                               0.000 / 0.000         0.093 / 0.093         0.093 / 0.093         0.093 / 0.093       ms
[2020-07-12T01:08:38.926+0000][5284][gc,stats    ]    Critical: GC Locker Stall                                   0 / 0                 0 / 1                 0 / 1                 0 / 1           ops/s
[2020-07-12T01:08:38.926+0000][5284][gc,stats    ]      Memory: Allocation Rate                                 108 / 122             105 / 238             105 / 238             105 / 238         MB/s
[2020-07-12T01:08:38.926+0000][5284][gc,stats    ]      Memory: Heap Used After Mark                            551 / 596             540 / 1286            540 / 1286            540 / 1286        MB
[2020-07-12T01:08:38.926+0000][5284][gc,stats    ]      Memory: Heap Used After Relocation                       75 / 78               80 / 108              80 / 108              80 / 108         MB
[2020-07-12T01:08:38.926+0000][5284][gc,stats    ]      Memory: Heap Used Before Mark                           548 / 592             525 / 1270            525 / 1270            525 / 1270        MB
[2020-07-12T01:08:38.926+0000][5284][gc,stats    ]      Memory: Heap Used Before Relocation                     118 / 120             139 / 338             139 / 338             139 / 338         MB
[2020-07-12T01:08:38.926+0000][5284][gc,stats    ]      Memory: Out Of Memory                                     0 / 0                 0 / 0                 0 / 0                 0 / 0           ops/s
[2020-07-12T01:08:38.926+0000][5284][gc,stats    ]      Memory: Page Cache Flush                                  0 / 0                 0 / 0                 0 / 0                 0 / 0           MB/s
[2020-07-12T01:08:38.926+0000][5284][gc,stats    ]      Memory: Page Cache Hit L1                                54 / 64               49 / 121              49 / 121              49 / 121         ops/s
[2020-07-12T01:08:38.926+0000][5284][gc,stats    ]      Memory: Page Cache Hit L2                                 0 / 0                 0 / 0                 0 / 0                 0 / 0           ops/s
[2020-07-12T01:08:38.926+0000][5284][gc,stats    ]      Memory: Page Cache Hit L3                                 0 / 0                 3 / 96                3 / 96                3 / 96          ops/s
[2020-07-12T01:08:38.926+0000][5284][gc,stats    ]      Memory: Page Cache Miss                                   0 / 0                 0 / 0                 0 / 0                 0 / 0           ops/s
[2020-07-12T01:08:38.926+0000][5284][gc,stats    ]      Memory: Uncommit                                          0 / 0                 0 / 0                 0 / 0                 0 / 0           MB/s
[2020-07-12T01:08:38.926+0000][5284][gc,stats    ]      Memory: Undo Object Allocation Failed                     0 / 0                 0 / 0                 0 / 0                 0 / 0           ops/s
[2020-07-12T01:08:38.926+0000][5284][gc,stats    ]      Memory: Undo Object Allocation Succeeded                  0 / 0                 0 / 4                 0 / 4                 0 / 4           ops/s
[2020-07-12T01:08:38.926+0000][5284][gc,stats    ]      Memory: Undo Page Allocation                              0 / 0                 0 / 0                 0 / 0                 0 / 0           ops/s
[2020-07-12T01:08:38.926+0000][5284][gc,stats    ]       Phase: Concurrent Mark                              43.888 / 44.267       45.710 / 77.269       45.710 / 77.269       45.710 / 77.269      ms
[2020-07-12T01:08:38.926+0000][5284][gc,stats    ]       Phase: Concurrent Mark Continue                      0.000 / 0.000         0.000 / 0.000         0.000 / 0.000         0.000 / 0.000       ms
[2020-07-12T01:08:38.926+0000][5284][gc,stats    ]       Phase: Concurrent Process Non-Strong References     23.208 / 23.703       20.663 / 28.010       20.663 / 28.010       20.663 / 28.010      ms
[2020-07-12T01:08:38.926+0000][5284][gc,stats    ]       Phase: Concurrent Relocate                           1.000 / 1.030         2.273 / 18.136        2.273 / 18.136        2.273 / 18.136      ms
[2020-07-12T01:08:38.926+0000][5284][gc,stats    ]       Phase: Concurrent Reset Relocation Set               0.004 / 0.004         0.004 / 0.015         0.004 / 0.015         0.004 / 0.015       ms
[2020-07-12T01:08:38.926+0000][5284][gc,stats    ]       Phase: Concurrent Select Relocation Set              0.986 / 0.994         1.150 / 5.622         1.150 / 5.622         1.150 / 5.622       ms
[2020-07-12T01:08:38.926+0000][5284][gc,stats    ]       Phase: Pause Mark End                                0.415 / 0.433         0.333 / 0.457         0.333 / 0.457         0.333 / 0.457       ms
[2020-07-12T01:08:38.926+0000][5284][gc,stats    ]       Phase: Pause Mark Start                              0.364 / 0.553         0.191 / 0.724         0.191 / 0.724         0.191 / 0.724       ms
[2020-07-12T01:08:38.926+0000][5284][gc,stats    ]       Phase: Pause Relocate Start                          0.130 / 0.155         0.167 / 1.014         0.167 / 1.014         0.167 / 1.014       ms
[2020-07-12T01:08:38.926+0000][5284][gc,stats    ]    Subphase: Concurrent Classes Purge                      0.543 / 0.568         0.585 / 1.236         0.585 / 1.236         0.585 / 1.236       ms
[2020-07-12T01:08:38.926+0000][5284][gc,stats    ]    Subphase: Concurrent Classes Unlink                    21.085 / 21.352       18.461 / 25.750       18.461 / 25.750       18.461 / 25.750      ms
[2020-07-12T01:08:38.926+0000][5284][gc,stats    ]    Subphase: Concurrent Mark                              43.310 / 43.727       45.074 / 76.517       45.074 / 76.517       45.074 / 76.517      ms
[2020-07-12T01:08:38.926+0000][5284][gc,stats    ]    Subphase: Concurrent Mark Idle                          0.000 / 0.000         0.000 / 0.000         0.000 / 0.000         0.000 / 0.000       ms
[2020-07-12T01:08:38.926+0000][5284][gc,stats    ]    Subphase: Concurrent Mark Try Flush                     0.125 / 0.143         0.124 / 1.569         0.124 / 1.569         0.124 / 1.569       ms
[2020-07-12T01:08:38.926+0000][5284][gc,stats    ]    Subphase: Concurrent Mark Try Terminate                 0.058 / 0.116         0.054 / 0.756         0.054 / 0.756         0.054 / 0.756       ms
[2020-07-12T01:08:38.926+0000][5284][gc,stats    ]    Subphase: Concurrent References Enqueue                 0.001 / 0.001         0.001 / 0.004         0.001 / 0.004         0.001 / 0.004       ms
[2020-07-12T01:08:38.926+0000][5284][gc,stats    ]    Subphase: Concurrent References Process                 0.466 / 0.533         0.485 / 1.144         0.485 / 1.144         0.485 / 1.144       ms
[2020-07-12T01:08:38.926+0000][5284][gc,stats    ]    Subphase: Concurrent Roots                              0.237 / 0.250         0.290 / 1.449         0.290 / 1.449         0.290 / 1.449       ms
[2020-07-12T01:08:38.926+0000][5284][gc,stats    ]    Subphase: Concurrent Roots ClassLoaderDataGraph         0.233 / 0.245         0.285 / 1.421         0.285 / 1.421         0.285 / 1.421       ms
[2020-07-12T01:08:38.926+0000][5284][gc,stats    ]    Subphase: Concurrent Roots JNIHandles                   0.003 / 0.003         0.003 / 0.012         0.003 / 0.012         0.003 / 0.012       ms
[2020-07-12T01:08:38.926+0000][5284][gc,stats    ]    Subphase: Concurrent Roots Setup                        0.162 / 0.172         0.166 / 0.363         0.166 / 0.363         0.166 / 0.363       ms
[2020-07-12T01:08:38.926+0000][5284][gc,stats    ]    Subphase: Concurrent Roots Teardown                     0.000 / 0.000         0.000 / 0.002         0.000 / 0.002         0.000 / 0.002       ms
[2020-07-12T01:08:38.926+0000][5284][gc,stats    ]    Subphase: Concurrent Roots VMHandles                    0.000 / 0.000         0.000 / 0.000         0.000 / 0.000         0.000 / 0.000       ms
[2020-07-12T01:08:38.926+0000][5284][gc,stats    ]    Subphase: Concurrent Weak Roots                         0.933 / 1.044         0.866 / 1.445         0.866 / 1.445         0.866 / 1.445       ms
[2020-07-12T01:08:38.926+0000][5284][gc,stats    ]    Subphase: Concurrent Weak Roots JNIWeakHandles          0.001 / 0.001         0.001 / 0.004         0.001 / 0.004         0.001 / 0.004       ms
[2020-07-12T01:08:38.926+0000][5284][gc,stats    ]    Subphase: Concurrent Weak Roots ResolvedMethodTable     0.100 / 0.105         0.092 / 0.181         0.092 / 0.181         0.092 / 0.181       ms
[2020-07-12T01:08:38.926+0000][5284][gc,stats    ]    Subphase: Concurrent Weak Roots StringTable             0.774 / 0.872         0.717 / 1.194         0.717 / 1.194         0.717 / 1.194       ms
[2020-07-12T01:08:38.926+0000][5284][gc,stats    ]    Subphase: Concurrent Weak Roots VMWeakHandles           0.057 / 0.063         0.053 / 0.067         0.053 / 0.067         0.053 / 0.067       ms
[2020-07-12T01:08:38.926+0000][5284][gc,stats    ]    Subphase: Pause Mark Try Complete                       0.145 / 0.145         0.139 / 0.181         0.139 / 0.181         0.139 / 0.181       ms
[2020-07-12T01:08:38.926+0000][5284][gc,stats    ]    Subphase: Pause Roots                                   0.031 / 0.127         0.042 / 0.936         0.042 / 0.936         0.042 / 0.936       ms
[2020-07-12T01:08:38.926+0000][5284][gc,stats    ]    Subphase: Pause Roots CodeCache                         0.000 / 0.000         0.000 / 0.000         0.000 / 0.000         0.000 / 0.000       ms
[2020-07-12T01:08:38.926+0000][5284][gc,stats    ]    Subphase: Pause Roots JVMTIExport                       0.002 / 0.002         0.002 / 0.007         0.002 / 0.007         0.002 / 0.007       ms
[2020-07-12T01:08:38.926+0000][5284][gc,stats    ]    Subphase: Pause Roots JVMTIWeakExport                   0.001 / 0.001         0.001 / 0.001         0.001 / 0.001         0.001 / 0.001       ms
[2020-07-12T01:08:38.926+0000][5284][gc,stats    ]    Subphase: Pause Roots Management                        0.001 / 0.001         0.001 / 0.003         0.001 / 0.003         0.001 / 0.003       ms
[2020-07-12T01:08:38.926+0000][5284][gc,stats    ]    Subphase: Pause Roots ObjectSynchronizer                0.000 / 0.000         0.000 / 0.001         0.000 / 0.001         0.000 / 0.001       ms
[2020-07-12T01:08:38.926+0000][5284][gc,stats    ]    Subphase: Pause Roots Setup                             0.000 / 0.000         0.000 / 0.001         0.000 / 0.001         0.000 / 0.001       ms
[2020-07-12T01:08:38.926+0000][5284][gc,stats    ]    Subphase: Pause Roots SystemDictionary                  0.008 / 0.010         0.010 / 0.042         0.010 / 0.042         0.010 / 0.042       ms
[2020-07-12T01:08:38.926+0000][5284][gc,stats    ]    Subphase: Pause Roots Teardown                          0.001 / 0.001         0.001 / 0.012         0.001 / 0.012         0.001 / 0.012       ms
[2020-07-12T01:08:38.926+0000][5284][gc,stats    ]    Subphase: Pause Roots Threads                           0.041 / 0.109         0.048 / 0.913         0.048 / 0.913         0.048 / 0.913       ms
[2020-07-12T01:08:38.926+0000][5284][gc,stats    ]    Subphase: Pause Roots Universe                          0.002 / 0.003         0.002 / 0.011         0.002 / 0.011         0.002 / 0.011       ms
[2020-07-12T01:08:38.926+0000][5284][gc,stats    ]    Subphase: Pause Weak Roots                              0.010 / 0.052         0.009 / 0.087         0.009 / 0.087         0.009 / 0.087       ms
[2020-07-12T01:08:38.926+0000][5284][gc,stats    ]    Subphase: Pause Weak Roots JFRWeak                      0.046 / 0.049         0.044 / 0.084         0.044 / 0.084         0.044 / 0.084       ms
[2020-07-12T01:08:38.926+0000][5284][gc,stats    ]    Subphase: Pause Weak Roots JVMTIWeakExport              0.001 / 0.001         0.001 / 0.001         0.001 / 0.001         0.001 / 0.001       ms
[2020-07-12T01:08:38.926+0000][5284][gc,stats    ]    Subphase: Pause Weak Roots Setup                        0.000 / 0.000         0.000 / 0.000         0.000 / 0.000         0.000 / 0.000       ms
[2020-07-12T01:08:38.926+0000][5284][gc,stats    ]    Subphase: Pause Weak Roots Teardown                     0.000 / 0.000         0.000 / 0.000         0.000 / 0.000         0.000 / 0.000       ms
[2020-07-12T01:08:38.926+0000][5284][gc,stats    ]      System: Java Threads                                     36 / 36               34 / 38               34 / 38               34 / 38          threads
[2020-07-12T01:08:38.926+0000][5284][gc,stats    ] =========================================================================================================================================================
[2020-07-12T01:08:39.723+0000][5284][gc,heap     ] GC(37) Heap before GC invocations=37 (full 37): ZHeap           used 526M, capacity 4096M, max capacity 4096M
[2020-07-12T01:08:39.724+0000][5284][gc,heap     ] GC(37)  Metaspace       used 79971K, capacity 82721K, committed 82756K, reserved 83968K
[2020-07-12T01:08:39.724+0000][5284][gc,start    ] GC(37) Garbage Collection (Proactive)
[2020-07-12T01:08:39.724+0000][5284][gc,phases   ] GC(37) Pause Mark Start 0.142ms
[2020-07-12T01:08:39.724+0000][5284][safepoint   ] Safepoint "ZMarkStart", Time since last: 925309107 ns, Reaching safepoint: 85828 ns, At safepoint: 162971 ns, Total: 248799 ns
[2020-07-12T01:08:39.770+0000][5284][gc,phases   ] GC(37) Concurrent Mark 46.352ms
[2020-07-12T01:08:39.771+0000][5284][gc,phases   ] GC(37) Pause Mark End 0.319ms
[2020-07-12T01:08:39.771+0000][5284][safepoint   ] Safepoint "ZMarkEnd", Time since last: 46444584 ns, Reaching safepoint: 100181 ns, At safepoint: 342891 ns, Total: 443072 ns
[2020-07-12T01:08:39.795+0000][5284][gc,phases   ] GC(37) Concurrent Process Non-Strong References 23.908ms
[2020-07-12T01:08:39.795+0000][5284][gc,phases   ] GC(37) Concurrent Reset Relocation Set 0.003ms
[2020-07-12T01:08:39.796+0000][5284][gc,phases   ] GC(37) Concurrent Select Relocation Set 0.969ms
[2020-07-12T01:08:39.796+0000][5284][gc,phases   ] GC(37) Pause Relocate Start 0.078ms
[2020-07-12T01:08:39.796+0000][5284][safepoint   ] Safepoint "ZRelocateStart", Time since last: 25000399 ns, Reaching safepoint: 76115 ns, At safepoint: 96486 ns, Total: 172601 ns
[2020-07-12T01:08:39.797+0000][5284][gc,phases   ] GC(37) Concurrent Relocate 1.046ms
[2020-07-12T01:08:39.797+0000][5284][gc,heap     ] GC(37) Heap after GC invocations=38 (full 38): ZHeap           used 94M, capacity 4096M, max capacity 4096M
[2020-07-12T01:08:39.797+0000][5284][gc,heap     ] GC(37)  Metaspace       used 79971K, capacity 82721K, committed 82756K, reserved 83968K
[2020-07-12T01:08:39.797+0000][5284][gc,load     ] GC(37) Load: 0.55/0.87/0.54
[2020-07-12T01:08:39.797+0000][5284][gc,mmu      ] GC(37) MMU: 2ms/49.3%, 5ms/79.7%, 10ms/89.9%, 20ms/94.9%, 50ms/97.3%, 100ms/98.3%
[2020-07-12T01:08:39.797+0000][5284][gc,marking  ] GC(37) Mark: 1 stripe(s), 2 proactive flush(es), 1 terminate flush(es), 1 completion(s), 0 continuation(s) 
[2020-07-12T01:08:39.797+0000][5284][gc,reloc    ] GC(37) Relocation: Successful, 1M relocated
[2020-07-12T01:08:39.797+0000][5284][gc,nmethod  ] GC(37) NMethods: 5401 registered, 276 unregistered
[2020-07-12T01:08:39.797+0000][5284][gc,metaspace] GC(37) Metaspace: 78M used, 80M capacity, 80M committed, 82M reserved
[2020-07-12T01:08:39.797+0000][5284][gc,ref      ] GC(37) Soft: 3917 encountered, 0 discovered, 0 enqueued
[2020-07-12T01:08:39.797+0000][5284][gc,ref      ] GC(37) Weak: 6634 encountered, 4296 discovered, 0 enqueued
[2020-07-12T01:08:39.797+0000][5284][gc,ref      ] GC(37) Final: 2 encountered, 0 discovered, 0 enqueued
[2020-07-12T01:08:39.797+0000][5284][gc,ref      ] GC(37) Phantom: 434 encountered, 293 discovered, 0 enqueued
[2020-07-12T01:08:39.797+0000][5284][gc,heap     ] GC(37) Min Capacity: 4096M(100%)
[2020-07-12T01:08:39.797+0000][5284][gc,heap     ] GC(37) Max Capacity: 4096M(100%)
[2020-07-12T01:08:39.797+0000][5284][gc,heap     ] GC(37) Soft Max Capacity: 4096M(100%)
[2020-07-12T01:08:39.797+0000][5284][gc,heap     ] GC(37)                Mark Start          Mark End        Relocate Start      Relocate End           High               Low         
[2020-07-12T01:08:39.797+0000][5284][gc,heap     ] GC(37)  Capacity:     4096M (100%)       4096M (100%)       4096M (100%)       4096M (100%)       4096M (100%)       4096M (100%)   
[2020-07-12T01:08:39.797+0000][5284][gc,heap     ] GC(37)   Reserve:       42M (1%)           42M (1%)           42M (1%)           42M (1%)           42M (1%)           42M (1%)     
[2020-07-12T01:08:39.797+0000][5284][gc,heap     ] GC(37)      Free:     3528M (86%)        3504M (86%)        3918M (96%)        3960M (97%)        3960M (97%)        3500M (85%)    
[2020-07-12T01:08:39.797+0000][5284][gc,heap     ] GC(37)      Used:      526M (13%)         550M (13%)         136M (3%)           94M (2%)          554M (14%)          94M (2%)     
[2020-07-12T01:08:39.797+0000][5284][gc,heap     ] GC(37)      Live:         -                28M (1%)           28M (1%)           28M (1%)             -                  -          
[2020-07-12T01:08:39.797+0000][5284][gc,heap     ] GC(37) Allocated:         -                24M (1%)           28M (1%)           34M (1%)             -                  -          
[2020-07-12T01:08:39.797+0000][5284][gc,heap     ] GC(37)   Garbage:         -               497M (12%)          79M (2%)           37M (1%)             -                  -          
[2020-07-12T01:08:39.797+0000][5284][gc,heap     ] GC(37) Reclaimed:         -                  -               418M (10%)         460M (11%)            -                  -          
[2020-07-12T01:08:39.797+0000][5284][gc          ] GC(37) Garbage Collection (Proactive) 526M(13%)->94M(2%)
[2020-07-12T01:08:43.724+0000][5284][gc,heap     ] GC(38) Heap before GC invocations=38 (full 38): ZHeap           used 538M, capacity 4096M, max capacity 4096M
[2020-07-12T01:08:43.724+0000][5284][gc,heap     ] GC(38)  Metaspace       used 79971K, capacity 82721K, committed 82756K, reserved 83968K
[2020-07-12T01:08:43.724+0000][5284][gc,start    ] GC(38) Garbage Collection (Proactive)
[2020-07-12T01:08:43.725+0000][5284][gc,phases   ] GC(38) Pause Mark Start 0.096ms
[2020-07-12T01:08:43.725+0000][5284][safepoint   ] Safepoint "ZMarkStart", Time since last: 3928474423 ns, Reaching safepoint: 66653 ns, At safepoint: 118130 ns, Total: 184783 ns
[2020-07-12T01:08:43.770+0000][5284][gc,phases   ] GC(38) Concurrent Mark 45.057ms
[2020-07-12T01:08:43.770+0000][5284][gc,phases   ] GC(38) Pause Mark End 0.288ms
[2020-07-12T01:08:43.770+0000][5284][safepoint   ] Safepoint "ZMarkEnd", Time since last: 45169260 ns, Reaching safepoint: 83229 ns, At safepoint: 309683 ns, Total: 392912 ns
[2020-07-12T01:08:43.794+0000][5284][gc,phases   ] GC(38) Concurrent Process Non-Strong References 23.507ms
[2020-07-12T01:08:43.794+0000][5284][gc,phases   ] GC(38) Concurrent Reset Relocation Set 0.003ms
[2020-07-12T01:08:43.795+0000][5284][gc,phases   ] GC(38) Concurrent Select Relocation Set 0.960ms
[2020-07-12T01:08:43.795+0000][5284][gc,phases   ] GC(38) Pause Relocate Start 0.089ms
[2020-07-12T01:08:43.795+0000][5284][safepoint   ] Safepoint "ZRelocateStart", Time since last: 24580752 ns, Reaching safepoint: 59301 ns, At safepoint: 108355 ns, Total: 167656 ns
[2020-07-12T01:08:43.796+0000][5284][gc,phases   ] GC(38) Concurrent Relocate 0.964ms
[2020-07-12T01:08:43.796+0000][5284][gc,heap     ] GC(38) Heap after GC invocations=39 (full 39): ZHeap           used 104M, capacity 4096M, max capacity 4096M
[2020-07-12T01:08:43.796+0000][5284][gc,heap     ] GC(38)  Metaspace       used 79971K, capacity 82721K, committed 82756K, reserved 83968K
[2020-07-12T01:08:43.796+0000][5284][gc,load     ] GC(38) Load: 0.51/0.85/0.53
[2020-07-12T01:08:43.796+0000][5284][gc,mmu      ] GC(38) MMU: 2ms/49.3%, 5ms/79.7%, 10ms/89.9%, 20ms/94.9%, 50ms/97.3%, 100ms/98.3%
[2020-07-12T01:08:43.796+0000][5284][gc,marking  ] GC(38) Mark: 1 stripe(s), 2 proactive flush(es), 1 terminate flush(es), 1 completion(s), 0 continuation(s) 
[2020-07-12T01:08:43.796+0000][5284][gc,reloc    ] GC(38) Relocation: Successful, 1M relocated
[2020-07-12T01:08:43.796+0000][5284][gc,nmethod  ] GC(38) NMethods: 5404 registered, 276 unregistered
[2020-07-12T01:08:43.796+0000][5284][gc,metaspace] GC(38) Metaspace: 78M used, 80M capacity, 80M committed, 82M reserved
[2020-07-12T01:08:43.796+0000][5284][gc,ref      ] GC(38) Soft: 3917 encountered, 0 discovered, 0 enqueued
[2020-07-12T01:08:43.796+0000][5284][gc,ref      ] GC(38) Weak: 6635 encountered, 4296 discovered, 0 enqueued
[2020-07-12T01:08:43.796+0000][5284][gc,ref      ] GC(38) Final: 2 encountered, 0 discovered, 0 enqueued
[2020-07-12T01:08:43.796+0000][5284][gc,ref      ] GC(38) Phantom: 434 encountered, 293 discovered, 0 enqueued
[2020-07-12T01:08:43.796+0000][5284][gc,heap     ] GC(38) Min Capacity: 4096M(100%)
[2020-07-12T01:08:43.796+0000][5284][gc,heap     ] GC(38) Max Capacity: 4096M(100%)
[2020-07-12T01:08:43.796+0000][5284][gc,heap     ] GC(38) Soft Max Capacity: 4096M(100%)
[2020-07-12T01:08:43.796+0000][5284][gc,heap     ] GC(38)                Mark Start          Mark End        Relocate Start      Relocate End           High               Low         
[2020-07-12T01:08:43.796+0000][5284][gc,heap     ] GC(38)  Capacity:     4096M (100%)       4096M (100%)       4096M (100%)       4096M (100%)       4096M (100%)       4096M (100%)   
[2020-07-12T01:08:43.796+0000][5284][gc,heap     ] GC(38)   Reserve:       42M (1%)           42M (1%)           42M (1%)           42M (1%)           42M (1%)           42M (1%)     
[2020-07-12T01:08:43.796+0000][5284][gc,heap     ] GC(38)      Free:     3516M (86%)        3488M (85%)        3912M (96%)        3950M (96%)        3950M (96%)        3480M (85%)    
[2020-07-12T01:08:43.796+0000][5284][gc,heap     ] GC(38)      Used:      538M (13%)         566M (14%)         142M (3%)          104M (3%)          574M (14%)         104M (3%)     
[2020-07-12T01:08:43.796+0000][5284][gc,heap     ] GC(38)      Live:         -                28M (1%)           28M (1%)           28M (1%)             -                  -          
[2020-07-12T01:08:43.796+0000][5284][gc,heap     ] GC(38) Allocated:         -                28M (1%)           38M (1%)           44M (1%)             -                  -          
[2020-07-12T01:08:43.796+0000][5284][gc,heap     ] GC(38)   Garbage:         -               509M (12%)          75M (2%)           37M (1%)             -                  -          
[2020-07-12T01:08:43.796+0000][5284][gc,heap     ] GC(38) Reclaimed:         -                  -               434M (11%)         472M (12%)            -                  -          
[2020-07-12T01:08:43.796+0000][5284][gc          ] GC(38) Garbage Collection (Proactive) 538M(13%)->104M(3%)
[2020-07-12T01:08:47.724+0000][5284][gc,heap     ] GC(39) Heap before GC invocations=39 (full 39): ZHeap           used 532M, capacity 4096M, max capacity 4096M
[2020-07-12T01:08:47.724+0000][5284][gc,heap     ] GC(39)  Metaspace       used 79972K, capacity 82721K, committed 82756K, reserved 83968K
[2020-07-12T01:08:47.724+0000][5284][gc,start    ] GC(39) Garbage Collection (Proactive)
[2020-07-12T01:08:47.724+0000][5284][gc,phases   ] GC(39) Pause Mark Start 0.120ms
[2020-07-12T01:08:47.724+0000][5284][safepoint   ] Safepoint "ZMarkStart", Time since last: 3928800011 ns, Reaching safepoint: 198417 ns, At safepoint: 146454 ns, Total: 344871 ns
[2020-07-12T01:08:47.770+0000][5284][gc,phases   ] GC(39) Concurrent Mark 46.039ms
[2020-07-12T01:08:47.771+0000][5284][gc,phases   ] GC(39) Pause Mark End 0.335ms
[2020-07-12T01:08:47.771+0000][5284][safepoint   ] Safepoint "ZMarkEnd", Time since last: 46196505 ns, Reaching safepoint: 86855 ns, At safepoint: 357765 ns, Total: 444620 ns
[2020-07-12T01:08:47.796+0000][5284][gc,phases   ] GC(39) Concurrent Process Non-Strong References 25.207ms
[2020-07-12T01:08:47.796+0000][5284][gc,phases   ] GC(39) Concurrent Reset Relocation Set 0.004ms
[2020-07-12T01:08:47.797+0000][5284][gc,phases   ] GC(39) Concurrent Select Relocation Set 1.006ms
[2020-07-12T01:08:47.797+0000][5284][gc,phases   ] GC(39) Pause Relocate Start 0.096ms
[2020-07-12T01:08:47.797+0000][5284][safepoint   ] Safepoint "ZRelocateStart", Time since last: 26364250 ns, Reaching safepoint: 89525 ns, At safepoint: 112346 ns, Total: 201871 ns
[2020-07-12T01:08:47.798+0000][5284][gc,phases   ] GC(39) Concurrent Relocate 1.105ms
[2020-07-12T01:08:47.798+0000][5284][gc,heap     ] GC(39) Heap after GC invocations=40 (full 40): ZHeap           used 98M, capacity 4096M, max capacity 4096M
[2020-07-12T01:08:47.798+0000][5284][gc,heap     ] GC(39)  Metaspace       used 79972K, capacity 82721K, committed 82756K, reserved 83968K
[2020-07-12T01:08:47.798+0000][5284][gc,load     ] GC(39) Load: 0.51/0.85/0.53
[2020-07-12T01:08:47.798+0000][5284][gc,mmu      ] GC(39) MMU: 2ms/49.3%, 5ms/79.7%, 10ms/89.9%, 20ms/94.9%, 50ms/97.3%, 100ms/98.3%
[2020-07-12T01:08:47.798+0000][5284][gc,marking  ] GC(39) Mark: 1 stripe(s), 2 proactive flush(es), 1 terminate flush(es), 1 completion(s), 0 continuation(s) 
[2020-07-12T01:08:47.798+0000][5284][gc,reloc    ] GC(39) Relocation: Successful, 1M relocated
[2020-07-12T01:08:47.798+0000][5284][gc,nmethod  ] GC(39) NMethods: 5405 registered, 276 unregistered
[2020-07-12T01:08:47.798+0000][5284][gc,metaspace] GC(39) Metaspace: 78M used, 80M capacity, 80M committed, 82M reserved
[2020-07-12T01:08:47.798+0000][5284][gc,ref      ] GC(39) Soft: 3917 encountered, 0 discovered, 0 enqueued
[2020-07-12T01:08:47.798+0000][5284][gc,ref      ] GC(39) Weak: 6636 encountered, 4311 discovered, 0 enqueued
[2020-07-12T01:08:47.798+0000][5284][gc,ref      ] GC(39) Final: 2 encountered, 0 discovered, 0 enqueued
[2020-07-12T01:08:47.798+0000][5284][gc,ref      ] GC(39) Phantom: 434 encountered, 293 discovered, 0 enqueued
[2020-07-12T01:08:47.798+0000][5284][gc,heap     ] GC(39) Min Capacity: 4096M(100%)
[2020-07-12T01:08:47.798+0000][5284][gc,heap     ] GC(39) Max Capacity: 4096M(100%)
[2020-07-12T01:08:47.798+0000][5284][gc,heap     ] GC(39) Soft Max Capacity: 4096M(100%)
[2020-07-12T01:08:47.799+0000][5284][gc,heap     ] GC(39)                Mark Start          Mark End        Relocate Start      Relocate End           High               Low         
[2020-07-12T01:08:47.799+0000][5284][gc,heap     ] GC(39)  Capacity:     4096M (100%)       4096M (100%)       4096M (100%)       4096M (100%)       4096M (100%)       4096M (100%)   
[2020-07-12T01:08:47.799+0000][5284][gc,heap     ] GC(39)   Reserve:       42M (1%)           42M (1%)           42M (1%)           42M (1%)           42M (1%)           42M (1%)     
[2020-07-12T01:08:47.799+0000][5284][gc,heap     ] GC(39)      Free:     3522M (86%)        3492M (85%)        3910M (95%)        3956M (97%)        3956M (97%)        3488M (85%)    
[2020-07-12T01:08:47.799+0000][5284][gc,heap     ] GC(39)      Used:      532M (13%)         562M (14%)         144M (4%)           98M (2%)          566M (14%)          98M (2%)     
[2020-07-12T01:08:47.799+0000][5284][gc,heap     ] GC(39)      Live:         -                28M (1%)           28M (1%)           28M (1%)             -                  -          
[2020-07-12T01:08:47.799+0000][5284][gc,heap     ] GC(39) Allocated:         -                30M (1%)           34M (1%)           38M (1%)             -                  -          
[2020-07-12T01:08:47.799+0000][5284][gc,heap     ] GC(39)   Garbage:         -               503M (12%)          81M (2%)           35M (1%)             -                  -          
[2020-07-12T01:08:47.799+0000][5284][gc,heap     ] GC(39) Reclaimed:         -                  -               422M (10%)         468M (11%)            -                  -          
[2020-07-12T01:08:47.799+0000][5284][gc          ] GC(39) Garbage Collection (Proactive) 532M(13%)->98M(2%)
[2020-07-12T01:08:48.924+0000][5284][gc,stats    ] === Garbage Collection Statistics =======================================================================================================================
[2020-07-12T01:08:48.924+0000][5284][gc,stats    ]                                                              Last 10s              Last 10m              Last 10h                Total
[2020-07-12T01:08:48.924+0000][5284][gc,stats    ]                                                              Avg / Max             Avg / Max             Avg / Max             Avg / Max
[2020-07-12T01:08:48.924+0000][5284][gc,stats    ]   Collector: Garbage Collection Cycle                     73.324 / 74.827       71.913 / 117.511      71.913 / 117.511      71.913 / 117.511     ms
[2020-07-12T01:08:48.924+0000][5284][gc,stats    ]  Contention: Mark Segment Reset Contention                     0 / 0                 0 / 0                 0 / 0                 0 / 0           ops/s
[2020-07-12T01:08:48.924+0000][5284][gc,stats    ]  Contention: Mark SeqNum Reset Contention                      0 / 0                 0 / 0                 0 / 0                 0 / 0           ops/s
[2020-07-12T01:08:48.924+0000][5284][gc,stats    ]  Contention: Relocation Contention                             0 / 2                 0 / 4                 0 / 4                 0 / 4           ops/s
[2020-07-12T01:08:48.924+0000][5284][gc,stats    ]    Critical: Allocation Stall                              0.000 / 0.000         0.000 / 0.000         0.000 / 0.000         0.000 / 0.000       ms
[2020-07-12T01:08:48.924+0000][5284][gc,stats    ]    Critical: Allocation Stall                                  0 / 0                 0 / 0                 0 / 0                 0 / 0           ops/s
[2020-07-12T01:08:48.924+0000][5284][gc,stats    ]    Critical: GC Locker Stall                               0.000 / 0.000         0.093 / 0.093         0.093 / 0.093         0.093 / 0.093       ms
[2020-07-12T01:08:48.924+0000][5284][gc,stats    ]    Critical: GC Locker Stall                                   0 / 0                 0 / 1                 0 / 1                 0 / 1           ops/s
[2020-07-12T01:08:48.924+0000][5284][gc,stats    ]      Memory: Allocation Rate                                 124 / 218             106 / 238             106 / 238             106 / 238         MB/s
[2020-07-12T01:08:48.924+0000][5284][gc,stats    ]      Memory: Heap Used After Mark                            559 / 566             541 / 1286            541 / 1286            541 / 1286        MB
[2020-07-12T01:08:48.924+0000][5284][gc,stats    ]      Memory: Heap Used After Relocation                       98 / 104              82 / 108              82 / 108              82 / 108         MB
[2020-07-12T01:08:48.924+0000][5284][gc,stats    ]      Memory: Heap Used Before Mark                           532 / 538             525 / 1270            525 / 1270            525 / 1270        MB
[2020-07-12T01:08:48.924+0000][5284][gc,stats    ]      Memory: Heap Used Before Relocation                     140 / 144             140 / 338             140 / 338             140 / 338         MB
[2020-07-12T01:08:48.924+0000][5284][gc,stats    ]      Memory: Out Of Memory                                     0 / 0                 0 / 0                 0 / 0                 0 / 0           ops/s
[2020-07-12T01:08:48.924+0000][5284][gc,stats    ]      Memory: Page Cache Flush                                  0 / 0                 0 / 0                 0 / 0                 0 / 0           MB/s
[2020-07-12T01:08:48.924+0000][5284][gc,stats    ]      Memory: Page Cache Hit L1                                62 / 111              50 / 121              50 / 121              50 / 121         ops/s
[2020-07-12T01:08:48.924+0000][5284][gc,stats    ]      Memory: Page Cache Hit L2                                 0 / 0                 0 / 0                 0 / 0                 0 / 0           ops/s
[2020-07-12T01:08:48.924+0000][5284][gc,stats    ]      Memory: Page Cache Hit L3                                 0 / 0                 3 / 96                3 / 96                3 / 96          ops/s
[2020-07-12T01:08:48.924+0000][5284][gc,stats    ]      Memory: Page Cache Miss                                   0 / 0                 0 / 0                 0 / 0                 0 / 0           ops/s
[2020-07-12T01:08:48.924+0000][5284][gc,stats    ]      Memory: Uncommit                                          0 / 0                 0 / 0                 0 / 0                 0 / 0           MB/s
[2020-07-12T01:08:48.924+0000][5284][gc,stats    ]      Memory: Undo Object Allocation Failed                     0 / 0                 0 / 0                 0 / 0                 0 / 0           ops/s
[2020-07-12T01:08:48.924+0000][5284][gc,stats    ]      Memory: Undo Object Allocation Succeeded                  0 / 2                 0 / 4                 0 / 4                 0 / 4           ops/s
[2020-07-12T01:08:48.924+0000][5284][gc,stats    ]      Memory: Undo Page Allocation                              0 / 0                 0 / 0                 0 / 0                 0 / 0           ops/s
[2020-07-12T01:08:48.924+0000][5284][gc,stats    ]       Phase: Concurrent Mark                              45.816 / 46.352       45.718 / 77.269       45.718 / 77.269       45.718 / 77.269      ms
[2020-07-12T01:08:48.924+0000][5284][gc,stats    ]       Phase: Concurrent Mark Continue                      0.000 / 0.000         0.000 / 0.000         0.000 / 0.000         0.000 / 0.000       ms
[2020-07-12T01:08:48.924+0000][5284][gc,stats    ]       Phase: Concurrent Process Non-Strong References     24.207 / 25.207       20.929 / 28.010       20.929 / 28.010       20.929 / 28.010      ms
[2020-07-12T01:08:48.924+0000][5284][gc,stats    ]       Phase: Concurrent Relocate                           1.038 / 1.105         2.180 / 18.136        2.180 / 18.136        2.180 / 18.136      ms
[2020-07-12T01:08:48.924+0000][5284][gc,stats    ]       Phase: Concurrent Reset Relocation Set               0.003 / 0.004         0.004 / 0.015         0.004 / 0.015         0.004 / 0.015       ms
[2020-07-12T01:08:48.924+0000][5284][gc,stats    ]       Phase: Concurrent Select Relocation Set              0.978 / 1.006         1.137 / 5.622         1.137 / 5.622         1.137 / 5.622       ms
[2020-07-12T01:08:48.924+0000][5284][gc,stats    ]       Phase: Pause Mark End                                0.314 / 0.335         0.332 / 0.457         0.332 / 0.457         0.332 / 0.457       ms
[2020-07-12T01:08:48.924+0000][5284][gc,stats    ]       Phase: Pause Mark Start                              0.119 / 0.142         0.185 / 0.724         0.185 / 0.724         0.185 / 0.724       ms
[2020-07-12T01:08:48.924+0000][5284][gc,stats    ]       Phase: Pause Relocate Start                          0.087 / 0.096         0.161 / 1.014         0.161 / 1.014         0.161 / 1.014       ms
[2020-07-12T01:08:48.924+0000][5284][gc,stats    ]    Subphase: Concurrent Classes Purge                      0.643 / 0.647         0.590 / 1.236         0.590 / 1.236         0.590 / 1.236       ms
[2020-07-12T01:08:48.924+0000][5284][gc,stats    ]    Subphase: Concurrent Classes Unlink                    21.971 / 22.967       18.724 / 25.750       18.724 / 25.750       18.724 / 25.750      ms
[2020-07-12T01:08:48.924+0000][5284][gc,stats    ]    Subphase: Concurrent Mark                              45.379 / 45.910       45.097 / 76.517       45.097 / 76.517       45.097 / 76.517      ms
[2020-07-12T01:08:48.924+0000][5284][gc,stats    ]    Subphase: Concurrent Mark Idle                          0.000 / 0.000         0.000 / 0.000         0.000 / 0.000         0.000 / 0.000       ms
[2020-07-12T01:08:48.924+0000][5284][gc,stats    ]    Subphase: Concurrent Mark Try Flush                     0.056 / 0.137         0.119 / 1.569         0.119 / 1.569         0.119 / 1.569       ms
[2020-07-12T01:08:48.924+0000][5284][gc,stats    ]    Subphase: Concurrent Mark Try Terminate                 0.025 / 0.118         0.052 / 0.756         0.052 / 0.756         0.052 / 0.756       ms
[2020-07-12T01:08:48.924+0000][5284][gc,stats    ]    Subphase: Concurrent References Enqueue                 0.000 / 0.000         0.001 / 0.004         0.001 / 0.004         0.001 / 0.004       ms
[2020-07-12T01:08:48.924+0000][5284][gc,stats    ]    Subphase: Concurrent References Process                 0.496 / 0.524         0.485 / 1.144         0.485 / 1.144         0.485 / 1.144       ms
[2020-07-12T01:08:48.924+0000][5284][gc,stats    ]    Subphase: Concurrent Roots                              0.190 / 0.218         0.283 / 1.449         0.283 / 1.449         0.283 / 1.449       ms
[2020-07-12T01:08:48.924+0000][5284][gc,stats    ]    Subphase: Concurrent Roots ClassLoaderDataGraph         0.186 / 0.214         0.277 / 1.421         0.277 / 1.421         0.277 / 1.421       ms
[2020-07-12T01:08:48.924+0000][5284][gc,stats    ]    Subphase: Concurrent Roots JNIHandles                   0.002 / 0.002         0.003 / 0.012         0.003 / 0.012         0.003 / 0.012       ms
[2020-07-12T01:08:48.924+0000][5284][gc,stats    ]    Subphase: Concurrent Roots Setup                        0.149 / 0.152         0.165 / 0.363         0.165 / 0.363         0.165 / 0.363       ms
[2020-07-12T01:08:48.924+0000][5284][gc,stats    ]    Subphase: Concurrent Roots Teardown                     0.000 / 0.000         0.000 / 0.002         0.000 / 0.002         0.000 / 0.002       ms
[2020-07-12T01:08:48.924+0000][5284][gc,stats    ]    Subphase: Concurrent Roots VMHandles                    0.000 / 0.000         0.000 / 0.000         0.000 / 0.000         0.000 / 0.000       ms
[2020-07-12T01:08:48.924+0000][5284][gc,stats    ]    Subphase: Concurrent Weak Roots                         0.869 / 0.911         0.866 / 1.445         0.866 / 1.445         0.866 / 1.445       ms
[2020-07-12T01:08:48.924+0000][5284][gc,stats    ]    Subphase: Concurrent Weak Roots JNIWeakHandles          0.001 / 0.001         0.001 / 0.004         0.001 / 0.004         0.001 / 0.004       ms
[2020-07-12T01:08:48.924+0000][5284][gc,stats    ]    Subphase: Concurrent Weak Roots ResolvedMethodTable     0.090 / 0.094         0.092 / 0.181         0.092 / 0.181         0.092 / 0.181       ms
[2020-07-12T01:08:48.924+0000][5284][gc,stats    ]    Subphase: Concurrent Weak Roots StringTable             0.716 / 0.766         0.717 / 1.194         0.717 / 1.194         0.717 / 1.194       ms
[2020-07-12T01:08:48.924+0000][5284][gc,stats    ]    Subphase: Concurrent Weak Roots VMWeakHandles           0.059 / 0.067         0.054 / 0.067         0.054 / 0.067         0.054 / 0.067       ms
[2020-07-12T01:08:48.924+0000][5284][gc,stats    ]    Subphase: Pause Mark Try Complete                       0.147 / 0.161         0.140 / 0.181         0.140 / 0.181         0.140 / 0.181       ms
[2020-07-12T01:08:48.924+0000][5284][gc,stats    ]    Subphase: Pause Roots                                   0.029 / 0.053         0.041 / 0.936         0.041 / 0.936         0.041 / 0.936       ms
[2020-07-12T01:08:48.924+0000][5284][gc,stats    ]    Subphase: Pause Roots CodeCache                         0.000 / 0.000         0.000 / 0.000         0.000 / 0.000         0.000 / 0.000       ms
[2020-07-12T01:08:48.924+0000][5284][gc,stats    ]    Subphase: Pause Roots JVMTIExport                       0.001 / 0.002         0.002 / 0.007         0.002 / 0.007         0.002 / 0.007       ms
[2020-07-12T01:08:48.924+0000][5284][gc,stats    ]    Subphase: Pause Roots JVMTIWeakExport                   0.000 / 0.000         0.001 / 0.001         0.001 / 0.001         0.001 / 0.001       ms
[2020-07-12T01:08:48.924+0000][5284][gc,stats    ]    Subphase: Pause Roots Management                        0.001 / 0.001         0.001 / 0.003         0.001 / 0.003         0.001 / 0.003       ms
[2020-07-12T01:08:48.924+0000][5284][gc,stats    ]    Subphase: Pause Roots ObjectSynchronizer                0.000 / 0.000         0.000 / 0.001         0.000 / 0.001         0.000 / 0.001       ms
[2020-07-12T01:08:48.924+0000][5284][gc,stats    ]    Subphase: Pause Roots Setup                             0.000 / 0.000         0.000 / 0.001         0.000 / 0.001         0.000 / 0.001       ms
[2020-07-12T01:08:48.924+0000][5284][gc,stats    ]    Subphase: Pause Roots SystemDictionary                  0.008 / 0.011         0.010 / 0.042         0.010 / 0.042         0.010 / 0.042       ms
[2020-07-12T01:08:48.924+0000][5284][gc,stats    ]    Subphase: Pause Roots Teardown                          0.001 / 0.001         0.001 / 0.012         0.001 / 0.012         0.001 / 0.012       ms
[2020-07-12T01:08:48.924+0000][5284][gc,stats    ]    Subphase: Pause Roots Threads                           0.031 / 0.047         0.047 / 0.913         0.047 / 0.913         0.047 / 0.913       ms
[2020-07-12T01:08:48.924+0000][5284][gc,stats    ]    Subphase: Pause Roots Universe                          0.002 / 0.003         0.002 / 0.011         0.002 / 0.011         0.002 / 0.011       ms
[2020-07-12T01:08:48.924+0000][5284][gc,stats    ]    Subphase: Pause Weak Roots                              0.008 / 0.045         0.009 / 0.087         0.009 / 0.087         0.009 / 0.087       ms
[2020-07-12T01:08:48.924+0000][5284][gc,stats    ]    Subphase: Pause Weak Roots JFRWeak                      0.040 / 0.043         0.043 / 0.084         0.043 / 0.084         0.043 / 0.084       ms
[2020-07-12T01:08:48.924+0000][5284][gc,stats    ]    Subphase: Pause Weak Roots JVMTIWeakExport              0.001 / 0.001         0.001 / 0.001         0.001 / 0.001         0.001 / 0.001       ms
[2020-07-12T01:08:48.924+0000][5284][gc,stats    ]    Subphase: Pause Weak Roots Setup                        0.000 / 0.000         0.000 / 0.000         0.000 / 0.000         0.000 / 0.000       ms
[2020-07-12T01:08:48.924+0000][5284][gc,stats    ]    Subphase: Pause Weak Roots Teardown                     0.000 / 0.000         0.000 / 0.000         0.000 / 0.000         0.000 / 0.000       ms
[2020-07-12T01:08:48.924+0000][5284][gc,stats    ]      System: Java Threads                                     36 / 36               34 / 38               34 / 38               34 / 38          threads
[2020-07-12T01:08:48.924+0000][5284][gc,stats    ] =========================================================================================================================================================
[2020-07-12T01:08:52.224+0000][5284][gc,heap     ] GC(40) Heap before GC invocations=40 (full 40): ZHeap           used 536M, capacity 4096M, max capacity 4096M
[2020-07-12T01:08:52.224+0000][5284][gc,heap     ] GC(40)  Metaspace       used 79972K, capacity 82721K, committed 82756K, reserved 83968K
[2020-07-12T01:08:52.224+0000][5284][gc,start    ] GC(40) Garbage Collection (Proactive)
[2020-07-12T01:08:52.224+0000][5284][gc,phases   ] GC(40) Pause Mark Start 0.092ms
[2020-07-12T01:08:52.224+0000][5284][safepoint   ] Safepoint "ZMarkStart", Time since last: 4426548010 ns, Reaching safepoint: 49100 ns, At safepoint: 114194 ns, Total: 163294 ns
[2020-07-12T01:08:52.269+0000][5284][gc,phases   ] GC(40) Concurrent Mark 45.081ms
[2020-07-12T01:08:52.270+0000][5284][gc,phases   ] GC(40) Pause Mark End 0.342ms
[2020-07-12T01:08:52.270+0000][5284][safepoint   ] Safepoint "ZMarkEnd", Time since last: 45218564 ns, Reaching safepoint: 128080 ns, At safepoint: 359270 ns, Total: 487350 ns
[2020-07-12T01:08:52.294+0000][5284][gc,phases   ] GC(40) Concurrent Process Non-Strong References 24.026ms
[2020-07-12T01:08:52.294+0000][5284][gc,phases   ] GC(40) Concurrent Reset Relocation Set 0.003ms
[2020-07-12T01:08:52.295+0000][5284][gc,phases   ] GC(40) Concurrent Select Relocation Set 0.983ms
[2020-07-12T01:08:52.295+0000][5284][gc,phases   ] GC(40) Pause Relocate Start 0.078ms
[2020-07-12T01:08:52.295+0000][5284][safepoint   ] Safepoint "ZRelocateStart", Time since last: 25173592 ns, Reaching safepoint: 149041 ns, At safepoint: 93215 ns, Total: 242256 ns
[2020-07-12T01:08:52.296+0000][5284][gc,phases   ] GC(40) Concurrent Relocate 0.853ms
[2020-07-12T01:08:52.296+0000][5284][gc,heap     ] GC(40) Heap after GC invocations=41 (full 41): ZHeap           used 88M, capacity 4096M, max capacity 4096M
[2020-07-12T01:08:52.296+0000][5284][gc,heap     ] GC(40)  Metaspace       used 79972K, capacity 82721K, committed 82756K, reserved 83968K
[2020-07-12T01:08:52.296+0000][5284][gc,load     ] GC(40) Load: 0.55/0.85/0.54
[2020-07-12T01:08:52.296+0000][5284][gc,mmu      ] GC(40) MMU: 2ms/49.3%, 5ms/79.7%, 10ms/89.9%, 20ms/94.9%, 50ms/97.3%, 100ms/98.3%
[2020-07-12T01:08:52.296+0000][5284][gc,marking  ] GC(40) Mark: 1 stripe(s), 2 proactive flush(es), 1 terminate flush(es), 1 completion(s), 0 continuation(s) 
[2020-07-12T01:08:52.296+0000][5284][gc,reloc    ] GC(40) Relocation: Successful, 1M relocated
[2020-07-12T01:08:52.296+0000][5284][gc,nmethod  ] GC(40) NMethods: 5405 registered, 276 unregistered
[2020-07-12T01:08:52.296+0000][5284][gc,metaspace] GC(40) Metaspace: 78M used, 80M capacity, 80M committed, 82M reserved
[2020-07-12T01:08:52.296+0000][5284][gc,ref      ] GC(40) Soft: 3917 encountered, 0 discovered, 0 enqueued
[2020-07-12T01:08:52.296+0000][5284][gc,ref      ] GC(40) Weak: 6635 encountered, 4310 discovered, 0 enqueued
[2020-07-12T01:08:52.296+0000][5284][gc,ref      ] GC(40) Final: 2 encountered, 0 discovered, 0 enqueued
[2020-07-12T01:08:52.296+0000][5284][gc,ref      ] GC(40) Phantom: 434 encountered, 293 discovered, 0 enqueued
[2020-07-12T01:08:52.296+0000][5284][gc,heap     ] GC(40) Min Capacity: 4096M(100%)
[2020-07-12T01:08:52.296+0000][5284][gc,heap     ] GC(40) Max Capacity: 4096M(100%)
[2020-07-12T01:08:52.296+0000][5284][gc,heap     ] GC(40) Soft Max Capacity: 4096M(100%)
[2020-07-12T01:08:52.296+0000][5284][gc,heap     ] GC(40)                Mark Start          Mark End        Relocate Start      Relocate End           High               Low         
[2020-07-12T01:08:52.296+0000][5284][gc,heap     ] GC(40)  Capacity:     4096M (100%)       4096M (100%)       4096M (100%)       4096M (100%)       4096M (100%)       4096M (100%)   
[2020-07-12T01:08:52.296+0000][5284][gc,heap     ] GC(40)   Reserve:       42M (1%)           42M (1%)           42M (1%)           42M (1%)           42M (1%)           42M (1%)     
[2020-07-12T01:08:52.296+0000][5284][gc,heap     ] GC(40)      Free:     3518M (86%)        3494M (85%)        3928M (96%)        3966M (97%)        3966M (97%)        3494M (85%)    
[2020-07-12T01:08:52.296+0000][5284][gc,heap     ] GC(40)      Used:      536M (13%)         560M (14%)         126M (3%)           88M (2%)          560M (14%)          88M (2%)     
[2020-07-12T01:08:52.296+0000][5284][gc,heap     ] GC(40)      Live:         -                28M (1%)           28M (1%)           28M (1%)             -                  -          
[2020-07-12T01:08:52.296+0000][5284][gc,heap     ] GC(40) Allocated:         -                24M (1%)           24M (1%)           28M (1%)             -                  -          
[2020-07-12T01:08:52.296+0000][5284][gc,heap     ] GC(40)   Garbage:         -               507M (12%)          73M (2%)           35M (1%)             -                  -          
[2020-07-12T01:08:52.296+0000][5284][gc,heap     ] GC(40) Reclaimed:         -                  -               434M (11%)         472M (12%)            -                  -          
[2020-07-12T01:08:52.296+0000][5284][gc          ] GC(40) Garbage Collection (Proactive) 536M(13%)->88M(2%)
[2020-07-12T01:08:53.820+0000][5284][safepoint   ] Safepoint "PrintThreads", Time since last: 1521520611 ns, Reaching safepoint: 467659 ns, At safepoint: 3083574 ns, Total: 3551233 ns
[2020-07-12T01:08:53.821+0000][5284][safepoint   ] Safepoint "PrintJNI", Time since last: 130555 ns, Reaching safepoint: 1095824 ns, At safepoint: 56874 ns, Total: 1152698 ns
[2020-07-12T01:08:53.822+0000][5284][safepoint   ] Safepoint "FindDeadlocks", Time since last: 123837 ns, Reaching safepoint: 408085 ns, At safepoint: 56860 ns, Total: 464945 ns
[2020-07-12T01:08:56.026+0000][5284][gc,heap     ] GC(41) Heap before GC invocations=41 (full 41): ZHeap           used 544M, capacity 4096M, max capacity 4096M
[2020-07-12T01:08:56.026+0000][5284][gc,heap     ] GC(41)  Metaspace       used 79973K, capacity 82721K, committed 82756K, reserved 83968K
[2020-07-12T01:08:56.026+0000][5284][gc,start    ] GC(41) Garbage Collection (Proactive)
[2020-07-12T01:08:56.026+0000][5284][gc,phases   ] GC(41) Pause Mark Start 0.133ms
[2020-07-12T01:08:56.026+0000][5284][safepoint   ] Safepoint "ZMarkStart", Time since last: 2203740915 ns, Reaching safepoint: 135562 ns, At safepoint: 150835 ns, Total: 286397 ns
[2020-07-12T01:08:56.070+0000][5284][gc,phases   ] GC(41) Concurrent Mark 43.656ms
[2020-07-12T01:08:56.070+0000][5284][gc,phases   ] GC(41) Pause Mark End 0.294ms
[2020-07-12T01:08:56.070+0000][5284][safepoint   ] Safepoint "ZMarkEnd", Time since last: 43796925 ns, Reaching safepoint: 73158 ns, At safepoint: 313232 ns, Total: 386390 ns
[2020-07-12T01:08:56.094+0000][5284][gc,phases   ] GC(41) Concurrent Process Non-Strong References 24.104ms
[2020-07-12T01:08:56.094+0000][5284][gc,phases   ] GC(41) Concurrent Reset Relocation Set 0.004ms
[2020-07-12T01:08:56.095+0000][5284][gc,phases   ] GC(41) Concurrent Select Relocation Set 0.994ms
[2020-07-12T01:08:56.096+0000][5284][gc,phases   ] GC(41) Pause Relocate Start 0.069ms
[2020-07-12T01:08:56.096+0000][5284][safepoint   ] Safepoint "ZRelocateStart", Time since last: 25225577 ns, Reaching safepoint: 66234 ns, At safepoint: 84488 ns, Total: 150722 ns
[2020-07-12T01:08:56.097+0000][5284][gc,phases   ] GC(41) Concurrent Relocate 0.965ms
[2020-07-12T01:08:56.097+0000][5284][gc,heap     ] GC(41) Heap after GC invocations=42 (full 42): ZHeap           used 72M, capacity 4096M, max capacity 4096M
[2020-07-12T01:08:56.097+0000][5284][gc,heap     ] GC(41)  Metaspace       used 79973K, capacity 82721K, committed 82756K, reserved 83968K
[2020-07-12T01:08:56.097+0000][5284][gc,load     ] GC(41) Load: 0.51/0.84/0.53
[2020-07-12T01:08:56.097+0000][5284][gc,mmu      ] GC(41) MMU: 2ms/49.3%, 5ms/79.7%, 10ms/89.9%, 20ms/94.9%, 50ms/97.3%, 100ms/98.3%
[2020-07-12T01:08:56.097+0000][5284][gc,marking  ] GC(41) Mark: 1 stripe(s), 2 proactive flush(es), 1 terminate flush(es), 1 completion(s), 0 continuation(s) 
[2020-07-12T01:08:56.097+0000][5284][gc,reloc    ] GC(41) Relocation: Successful, 1M relocated
[2020-07-12T01:08:56.097+0000][5284][gc,nmethod  ] GC(41) NMethods: 5410 registered, 276 unregistered
[2020-07-12T01:08:56.097+0000][5284][gc,metaspace] GC(41) Metaspace: 78M used, 80M capacity, 80M committed, 82M reserved
[2020-07-12T01:08:56.097+0000][5284][gc,ref      ] GC(41) Soft: 3917 encountered, 0 discovered, 0 enqueued
[2020-07-12T01:08:56.097+0000][5284][gc,ref      ] GC(41) Weak: 6635 encountered, 4296 discovered, 0 enqueued
[2020-07-12T01:08:56.097+0000][5284][gc,ref      ] GC(41) Final: 2 encountered, 0 discovered, 0 enqueued
[2020-07-12T01:08:56.097+0000][5284][gc,ref      ] GC(41) Phantom: 434 encountered, 293 discovered, 0 enqueued
[2020-07-12T01:08:56.097+0000][5284][gc,heap     ] GC(41) Min Capacity: 4096M(100%)
[2020-07-12T01:08:56.097+0000][5284][gc,heap     ] GC(41) Max Capacity: 4096M(100%)
[2020-07-12T01:08:56.097+0000][5284][gc,heap     ] GC(41) Soft Max Capacity: 4096M(100%)
[2020-07-12T01:08:56.097+0000][5284][gc,heap     ] GC(41)                Mark Start          Mark End        Relocate Start      Relocate End           High               Low         
[2020-07-12T01:08:56.097+0000][5284][gc,heap     ] GC(41)  Capacity:     4096M (100%)       4096M (100%)       4096M (100%)       4096M (100%)       4096M (100%)       4096M (100%)   
[2020-07-12T01:08:56.097+0000][5284][gc,heap     ] GC(41)   Reserve:       42M (1%)           42M (1%)           42M (1%)           42M (1%)           42M (1%)           42M (1%)     
[2020-07-12T01:08:56.097+0000][5284][gc,heap     ] GC(41)      Free:     3510M (86%)        3508M (86%)        3950M (96%)        3982M (97%)        3982M (97%)        3508M (86%)    
[2020-07-12T01:08:56.097+0000][5284][gc,heap     ] GC(41)      Used:      544M (13%)         546M (13%)         104M (3%)           72M (2%)          546M (13%)          72M (2%)     
[2020-07-12T01:08:56.097+0000][5284][gc,heap     ] GC(41)      Live:         -                28M (1%)           28M (1%)           28M (1%)             -                  -          
[2020-07-12T01:08:56.097+0000][5284][gc,heap     ] GC(41) Allocated:         -                 2M (0%)            2M (0%)           12M (0%)             -                  -          
[2020-07-12T01:08:56.097+0000][5284][gc,heap     ] GC(41)   Garbage:         -               515M (13%)          73M (2%)           41M (1%)             -                  -          
[2020-07-12T01:08:56.097+0000][5284][gc,heap     ] GC(41) Reclaimed:         -                  -               442M (11%)         474M (12%)            -                  -          
[2020-07-12T01:08:56.097+0000][5284][gc          ] GC(41) Garbage Collection (Proactive) 544M(13%)->72M(2%)
[2020-07-12T01:08:58.925+0000][5284][gc,stats    ] === Garbage Collection Statistics =======================================================================================================================
[2020-07-12T01:08:58.925+0000][5284][gc,stats    ]                                                              Last 10s              Last 10m              Last 10h                Total
[2020-07-12T01:08:58.925+0000][5284][gc,stats    ]                                                              Avg / Max             Avg / Max             Avg / Max             Avg / Max
[2020-07-12T01:08:58.925+0000][5284][gc,stats    ]   Collector: Garbage Collection Cycle                     71.646 / 72.308       71.901 / 117.511      71.901 / 117.511      71.901 / 117.511     ms
[2020-07-12T01:08:58.925+0000][5284][gc,stats    ]  Contention: Mark Segment Reset Contention                     0 / 0                 0 / 0                 0 / 0                 0 / 0           ops/s
[2020-07-12T01:08:58.925+0000][5284][gc,stats    ]  Contention: Mark SeqNum Reset Contention                      0 / 0                 0 / 0                 0 / 0                 0 / 0           ops/s
[2020-07-12T01:08:58.925+0000][5284][gc,stats    ]  Contention: Relocation Contention                             0 / 0                 0 / 4                 0 / 4                 0 / 4           ops/s
[2020-07-12T01:08:58.925+0000][5284][gc,stats    ]    Critical: Allocation Stall                              0.000 / 0.000         0.000 / 0.000         0.000 / 0.000         0.000 / 0.000       ms
[2020-07-12T01:08:58.925+0000][5284][gc,stats    ]    Critical: Allocation Stall                                  0 / 0                 0 / 0                 0 / 0                 0 / 0           ops/s
[2020-07-12T01:08:58.925+0000][5284][gc,stats    ]    Critical: GC Locker Stall                               0.000 / 0.000         0.093 / 0.093         0.093 / 0.093         0.093 / 0.093       ms
[2020-07-12T01:08:58.925+0000][5284][gc,stats    ]    Critical: GC Locker Stall                                   0 / 0                 0 / 1                 0 / 1                 0 / 1           ops/s
[2020-07-12T01:08:58.925+0000][5284][gc,stats    ]      Memory: Allocation Rate                                 115 / 206             106 / 238             106 / 238             106 / 238         MB/s
[2020-07-12T01:08:58.925+0000][5284][gc,stats    ]      Memory: Heap Used After Mark                            553 / 560             542 / 1286            542 / 1286            542 / 1286        MB
[2020-07-12T01:08:58.925+0000][5284][gc,stats    ]      Memory: Heap Used After Relocation                       80 / 88               82 / 108              82 / 108              82 / 108         MB
[2020-07-12T01:08:58.925+0000][5284][gc,stats    ]      Memory: Heap Used Before Mark                           540 / 544             526 / 1270            526 / 1270            526 / 1270        MB
[2020-07-12T01:08:58.925+0000][5284][gc,stats    ]      Memory: Heap Used Before Relocation                     115 / 126             138 / 338             138 / 338             138 / 338         MB
[2020-07-12T01:08:58.925+0000][5284][gc,stats    ]      Memory: Out Of Memory                                     0 / 0                 0 / 0                 0 / 0                 0 / 0           ops/s
[2020-07-12T01:08:58.925+0000][5284][gc,stats    ]      Memory: Page Cache Flush                                  0 / 0                 0 / 0                 0 / 0                 0 / 0           MB/s
[2020-07-12T01:08:58.925+0000][5284][gc,stats    ]      Memory: Page Cache Hit L1                                58 / 105              50 / 121              50 / 121              50 / 121         ops/s
[2020-07-12T01:08:58.925+0000][5284][gc,stats    ]      Memory: Page Cache Hit L2                                 0 / 0                 0 / 0                 0 / 0                 0 / 0           ops/s
[2020-07-12T01:08:58.925+0000][5284][gc,stats    ]      Memory: Page Cache Hit L3                                 0 / 0                 3 / 96                3 / 96                3 / 96          ops/s
[2020-07-12T01:08:58.925+0000][5284][gc,stats    ]      Memory: Page Cache Miss                                   0 / 0                 0 / 0                 0 / 0                 0 / 0           ops/s
[2020-07-12T01:08:58.925+0000][5284][gc,stats    ]      Memory: Uncommit                                          0 / 0                 0 / 0                 0 / 0                 0 / 0           MB/s
[2020-07-12T01:08:58.925+0000][5284][gc,stats    ]      Memory: Undo Object Allocation Failed                     0 / 0                 0 / 0                 0 / 0                 0 / 0           ops/s
[2020-07-12T01:08:58.925+0000][5284][gc,stats    ]      Memory: Undo Object Allocation Succeeded                  0 / 0                 0 / 4                 0 / 4                 0 / 4           ops/s
[2020-07-12T01:08:58.925+0000][5284][gc,stats    ]      Memory: Undo Page Allocation                              0 / 0                 0 / 0                 0 / 0                 0 / 0           ops/s
[2020-07-12T01:08:58.925+0000][5284][gc,stats    ]       Phase: Concurrent Mark                              44.369 / 45.081       45.654 / 77.269       45.654 / 77.269       45.654 / 77.269      ms
[2020-07-12T01:08:58.925+0000][5284][gc,stats    ]       Phase: Concurrent Mark Continue                      0.000 / 0.000         0.000 / 0.000         0.000 / 0.000         0.000 / 0.000       ms
[2020-07-12T01:08:58.925+0000][5284][gc,stats    ]       Phase: Concurrent Process Non-Strong References     24.065 / 24.104       21.078 / 28.010       21.078 / 28.010       21.078 / 28.010      ms
[2020-07-12T01:08:58.925+0000][5284][gc,stats    ]       Phase: Concurrent Relocate                           0.909 / 0.965         2.120 / 18.136        2.120 / 18.136        2.120 / 18.136      ms
[2020-07-12T01:08:58.925+0000][5284][gc,stats    ]       Phase: Concurrent Reset Relocation Set               0.004 / 0.004         0.004 / 0.015         0.004 / 0.015         0.004 / 0.015       ms
[2020-07-12T01:08:58.925+0000][5284][gc,stats    ]       Phase: Concurrent Select Relocation Set              0.989 / 0.994         1.130 / 5.622         1.130 / 5.622         1.130 / 5.622       ms
[2020-07-12T01:08:58.925+0000][5284][gc,stats    ]       Phase: Pause Mark End                                0.318 / 0.342         0.331 / 0.457         0.331 / 0.457         0.331 / 0.457       ms
[2020-07-12T01:08:58.925+0000][5284][gc,stats    ]       Phase: Pause Mark Start                              0.112 / 0.133         0.182 / 0.724         0.182 / 0.724         0.182 / 0.724       ms
[2020-07-12T01:08:58.925+0000][5284][gc,stats    ]       Phase: Pause Relocate Start                          0.073 / 0.078         0.157 / 1.014         0.157 / 1.014         0.157 / 1.014       ms
[2020-07-12T01:08:58.925+0000][5284][gc,stats    ]    Subphase: Concurrent Classes Purge                      0.674 / 0.755         0.594 / 1.236         0.594 / 1.236         0.594 / 1.236       ms
[2020-07-12T01:08:58.925+0000][5284][gc,stats    ]    Subphase: Concurrent Classes Unlink                    21.794 / 21.842       18.871 / 25.750       18.871 / 25.750       18.871 / 25.750      ms
[2020-07-12T01:08:58.925+0000][5284][gc,stats    ]    Subphase: Concurrent Mark                              43.793 / 44.463       45.035 / 76.517       45.035 / 76.517       45.035 / 76.517      ms
[2020-07-12T01:08:58.925+0000][5284][gc,stats    ]    Subphase: Concurrent Mark Idle                          0.000 / 0.000         0.000 / 0.000         0.000 / 0.000         0.000 / 0.000       ms
[2020-07-12T01:08:58.925+0000][5284][gc,stats    ]    Subphase: Concurrent Mark Try Flush                     0.185 / 0.596         0.122 / 1.569         0.122 / 1.569         0.122 / 1.569       ms
[2020-07-12T01:08:58.925+0000][5284][gc,stats    ]    Subphase: Concurrent Mark Try Terminate                 0.039 / 0.114         0.051 / 0.756         0.051 / 0.756         0.051 / 0.756       ms
[2020-07-12T01:08:58.925+0000][5284][gc,stats    ]    Subphase: Concurrent References Enqueue                 0.000 / 0.000         0.001 / 0.004         0.001 / 0.004         0.001 / 0.004       ms
[2020-07-12T01:08:58.925+0000][5284][gc,stats    ]    Subphase: Concurrent References Process                 0.454 / 0.458         0.484 / 1.144         0.484 / 1.144         0.484 / 1.144       ms
[2020-07-12T01:08:58.925+0000][5284][gc,stats    ]    Subphase: Concurrent Roots                              0.241 / 0.244         0.281 / 1.449         0.281 / 1.449         0.281 / 1.449       ms
[2020-07-12T01:08:58.925+0000][5284][gc,stats    ]    Subphase: Concurrent Roots ClassLoaderDataGraph         0.235 / 0.239         0.275 / 1.421         0.275 / 1.421         0.275 / 1.421       ms
[2020-07-12T01:08:58.925+0000][5284][gc,stats    ]    Subphase: Concurrent Roots JNIHandles                   0.004 / 0.004         0.003 / 0.012         0.003 / 0.012         0.003 / 0.012       ms
[2020-07-12T01:08:58.925+0000][5284][gc,stats    ]    Subphase: Concurrent Roots Setup                        0.161 / 0.167         0.165 / 0.363         0.165 / 0.363         0.165 / 0.363       ms
[2020-07-12T01:08:58.925+0000][5284][gc,stats    ]    Subphase: Concurrent Roots Teardown                     0.000 / 0.000         0.000 / 0.002         0.000 / 0.002         0.000 / 0.002       ms
[2020-07-12T01:08:58.925+0000][5284][gc,stats    ]    Subphase: Concurrent Roots VMHandles                    0.000 / 0.000         0.000 / 0.000         0.000 / 0.000         0.000 / 0.000       ms
[2020-07-12T01:08:58.925+0000][5284][gc,stats    ]    Subphase: Concurrent Weak Roots                         0.857 / 0.861         0.866 / 1.445         0.866 / 1.445         0.866 / 1.445       ms
[2020-07-12T01:08:58.925+0000][5284][gc,stats    ]    Subphase: Concurrent Weak Roots JNIWeakHandles          0.000 / 0.000         0.001 / 0.004         0.001 / 0.004         0.001 / 0.004       ms
[2020-07-12T01:08:58.925+0000][5284][gc,stats    ]    Subphase: Concurrent Weak Roots ResolvedMethodTable     0.089 / 0.096         0.092 / 0.181         0.092 / 0.181         0.092 / 0.181       ms
[2020-07-12T01:08:58.925+0000][5284][gc,stats    ]    Subphase: Concurrent Weak Roots StringTable             0.705 / 0.708         0.716 / 1.194         0.716 / 1.194         0.716 / 1.194       ms
[2020-07-12T01:08:58.925+0000][5284][gc,stats    ]    Subphase: Concurrent Weak Roots VMWeakHandles           0.059 / 0.065         0.054 / 0.067         0.054 / 0.067         0.054 / 0.067       ms
[2020-07-12T01:08:58.925+0000][5284][gc,stats    ]    Subphase: Pause Mark Try Complete                       0.146 / 0.148         0.140 / 0.181         0.140 / 0.181         0.140 / 0.181       ms
[2020-07-12T01:08:58.925+0000][5284][gc,stats    ]    Subphase: Pause Roots                                   0.029 / 0.080         0.040 / 0.936         0.040 / 0.936         0.040 / 0.936       ms
[2020-07-12T01:08:58.925+0000][5284][gc,stats    ]    Subphase: Pause Roots CodeCache                         0.000 / 0.000         0.000 / 0.000         0.000 / 0.000         0.000 / 0.000       ms
[2020-07-12T01:08:58.925+0000][5284][gc,stats    ]    Subphase: Pause Roots JVMTIExport                       0.001 / 0.002         0.002 / 0.007         0.002 / 0.007         0.002 / 0.007       ms
[2020-07-12T01:08:58.925+0000][5284][gc,stats    ]    Subphase: Pause Roots JVMTIWeakExport                   0.000 / 0.000         0.001 / 0.001         0.001 / 0.001         0.001 / 0.001       ms
[2020-07-12T01:08:58.925+0000][5284][gc,stats    ]    Subphase: Pause Roots Management                        0.001 / 0.001         0.001 / 0.003         0.001 / 0.003         0.001 / 0.003       ms
[2020-07-12T01:08:58.925+0000][5284][gc,stats    ]    Subphase: Pause Roots ObjectSynchronizer                0.000 / 0.000         0.000 / 0.001         0.000 / 0.001         0.000 / 0.001       ms
[2020-07-12T01:08:58.925+0000][5284][gc,stats    ]    Subphase: Pause Roots Setup                             0.000 / 0.000         0.000 / 0.001         0.000 / 0.001         0.000 / 0.001       ms
[2020-07-12T01:08:58.925+0000][5284][gc,stats    ]    Subphase: Pause Roots SystemDictionary                  0.009 / 0.012         0.010 / 0.042         0.010 / 0.042         0.010 / 0.042       ms
[2020-07-12T01:08:58.925+0000][5284][gc,stats    ]    Subphase: Pause Roots Teardown                          0.001 / 0.001         0.001 / 0.012         0.001 / 0.012         0.001 / 0.012       ms
[2020-07-12T01:08:58.925+0000][5284][gc,stats    ]    Subphase: Pause Roots Threads                           0.029 / 0.060         0.046 / 0.913         0.046 / 0.913         0.046 / 0.913       ms
[2020-07-12T01:08:58.925+0000][5284][gc,stats    ]    Subphase: Pause Roots Universe                          0.002 / 0.003         0.002 / 0.011         0.002 / 0.011         0.002 / 0.011       ms
[2020-07-12T01:08:58.925+0000][5284][gc,stats    ]    Subphase: Pause Weak Roots                              0.009 / 0.046         0.009 / 0.087         0.009 / 0.087         0.009 / 0.087       ms
[2020-07-12T01:08:58.925+0000][5284][gc,stats    ]    Subphase: Pause Weak Roots JFRWeak                      0.043 / 0.044         0.043 / 0.084         0.043 / 0.084         0.043 / 0.084       ms
[2020-07-12T01:08:58.925+0000][5284][gc,stats    ]    Subphase: Pause Weak Roots JVMTIWeakExport              0.001 / 0.001         0.001 / 0.001         0.001 / 0.001         0.001 / 0.001       ms
[2020-07-12T01:08:58.925+0000][5284][gc,stats    ]    Subphase: Pause Weak Roots Setup                        0.000 / 0.000         0.000 / 0.000         0.000 / 0.000         0.000 / 0.000       ms
[2020-07-12T01:08:58.925+0000][5284][gc,stats    ]    Subphase: Pause Weak Roots Teardown                     0.000 / 0.000         0.000 / 0.000         0.000 / 0.000         0.000 / 0.000       ms
[2020-07-12T01:08:58.925+0000][5284][gc,stats    ]      System: Java Threads                                     36 / 36               34 / 38               34 / 38               34 / 38          threads
[2020-07-12T01:08:58.925+0000][5284][gc,stats    ] =========================================================================================================================================================
[2020-07-12T01:08:59.724+0000][5284][gc,heap     ] GC(42) Heap before GC invocations=42 (full 42): ZHeap           used 530M, capacity 4096M, max capacity 4096M
[2020-07-12T01:08:59.724+0000][5284][gc,heap     ] GC(42)  Metaspace       used 79973K, capacity 82721K, committed 82756K, reserved 83968K
[2020-07-12T01:08:59.724+0000][5284][gc,start    ] GC(42) Garbage Collection (Proactive)
[2020-07-12T01:08:59.724+0000][5284][gc,phases   ] GC(42) Pause Mark Start 0.133ms
[2020-07-12T01:08:59.724+0000][5284][safepoint   ] Safepoint "ZMarkStart", Time since last: 3628366458 ns, Reaching safepoint: 105602 ns, At safepoint: 159844 ns, Total: 265446 ns
[2020-07-12T01:08:59.771+0000][5284][gc,phases   ] GC(42) Concurrent Mark 46.488ms
[2020-07-12T01:08:59.771+0000][5284][gc,phases   ] GC(42) Pause Mark End 0.343ms
[2020-07-12T01:08:59.771+0000][5284][safepoint   ] Safepoint "ZMarkEnd", Time since last: 46597427 ns, Reaching safepoint: 70134 ns, At safepoint: 358888 ns, Total: 429022 ns
[2020-07-12T01:08:59.795+0000][5284][gc,phases   ] GC(42) Concurrent Process Non-Strong References 24.048ms
[2020-07-12T01:08:59.795+0000][5284][gc,phases   ] GC(42) Concurrent Reset Relocation Set 0.003ms
[2020-07-12T01:08:59.796+0000][5284][gc,phases   ] GC(42) Concurrent Select Relocation Set 0.985ms
[2020-07-12T01:08:59.797+0000][5284][gc,phases   ] GC(42) Pause Relocate Start 0.073ms
[2020-07-12T01:08:59.797+0000][5284][safepoint   ] Safepoint "ZRelocateStart", Time since last: 25174273 ns, Reaching safepoint: 499119 ns, At safepoint: 88218 ns, Total: 587337 ns
[2020-07-12T01:08:59.799+0000][5284][gc,phases   ] GC(42) Concurrent Relocate 1.595ms
[2020-07-12T01:08:59.799+0000][5284][gc,heap     ] GC(42) Heap after GC invocations=43 (full 43): ZHeap           used 80M, capacity 4096M, max capacity 4096M
[2020-07-12T01:08:59.799+0000][5284][gc,heap     ] GC(42)  Metaspace       used 79973K, capacity 82721K, committed 82756K, reserved 83968K
[2020-07-12T01:08:59.799+0000][5284][gc,load     ] GC(42) Load: 0.46/0.83/0.53
[2020-07-12T01:08:59.799+0000][5284][gc,mmu      ] GC(42) MMU: 2ms/49.3%, 5ms/79.7%, 10ms/89.9%, 20ms/94.9%, 50ms/97.3%, 100ms/98.3%
[2020-07-12T01:08:59.799+0000][5284][gc,marking  ] GC(42) Mark: 1 stripe(s), 2 proactive flush(es), 1 terminate flush(es), 1 completion(s), 0 continuation(s) 
[2020-07-12T01:08:59.799+0000][5284][gc,reloc    ] GC(42) Relocation: Successful, 1M relocated
[2020-07-12T01:08:59.799+0000][5284][gc,nmethod  ] GC(42) NMethods: 5411 registered, 276 unregistered
[2020-07-12T01:08:59.799+0000][5284][gc,metaspace] GC(42) Metaspace: 78M used, 80M capacity, 80M committed, 82M reserved
[2020-07-12T01:08:59.799+0000][5284][gc,ref      ] GC(42) Soft: 3917 encountered, 0 discovered, 0 enqueued
[2020-07-12T01:08:59.799+0000][5284][gc,ref      ] GC(42) Weak: 6634 encountered, 4309 discovered, 0 enqueued
[2020-07-12T01:08:59.799+0000][5284][gc,ref      ] GC(42) Final: 2 encountered, 0 discovered, 0 enqueued
[2020-07-12T01:08:59.799+0000][5284][gc,ref      ] GC(42) Phantom: 434 encountered, 293 discovered, 0 enqueued
[2020-07-12T01:08:59.799+0000][5284][gc,heap     ] GC(42) Min Capacity: 4096M(100%)
[2020-07-12T01:08:59.799+0000][5284][gc,heap     ] GC(42) Max Capacity: 4096M(100%)
[2020-07-12T01:08:59.799+0000][5284][gc,heap     ] GC(42) Soft Max Capacity: 4096M(100%)
[2020-07-12T01:08:59.799+0000][5284][gc,heap     ] GC(42)                Mark Start          Mark End        Relocate Start      Relocate End           High               Low         
[2020-07-12T01:08:59.799+0000][5284][gc,heap     ] GC(42)  Capacity:     4096M (100%)       4096M (100%)       4096M (100%)       4096M (100%)       4096M (100%)       4096M (100%)   
[2020-07-12T01:08:59.799+0000][5284][gc,heap     ] GC(42)   Reserve:       42M (1%)           42M (1%)           42M (1%)           42M (1%)           42M (1%)           42M (1%)     
[2020-07-12T01:08:59.799+0000][5284][gc,heap     ] GC(42)      Free:     3524M (86%)        3508M (86%)        3932M (96%)        3974M (97%)        3974M (97%)        3508M (86%)    
[2020-07-12T01:08:59.799+0000][5284][gc,heap     ] GC(42)      Used:      530M (13%)         546M (13%)         122M (3%)           80M (2%)          546M (13%)          80M (2%)     
[2020-07-12T01:08:59.799+0000][5284][gc,heap     ] GC(42)      Live:         -                28M (1%)           28M (1%)           28M (1%)             -                  -          
[2020-07-12T01:08:59.799+0000][5284][gc,heap     ] GC(42) Allocated:         -                16M (0%)           16M (0%)           20M (0%)             -                  -          
[2020-07-12T01:08:59.799+0000][5284][gc,heap     ] GC(42)   Garbage:         -               501M (12%)          77M (2%)           35M (1%)             -                  -          
[2020-07-12T01:08:59.799+0000][5284][gc,heap     ] GC(42) Reclaimed:         -                  -               424M (10%)         466M (11%)            -                  -          
[2020-07-12T01:08:59.799+0000][5284][gc          ] GC(42) Garbage Collection (Proactive) 530M(13%)->80M(2%)
[2020-07-12T01:09:03.723+0000][5284][gc,heap     ] GC(43) Heap before GC invocations=43 (full 43): ZHeap           used 514M, capacity 4096M, max capacity 4096M
[2020-07-12T01:09:03.723+0000][5284][gc,heap     ] GC(43)  Metaspace       used 79973K, capacity 82721K, committed 82756K, reserved 83968K
[2020-07-12T01:09:03.723+0000][5284][gc,start    ] GC(43) Garbage Collection (Proactive)
[2020-07-12T01:09:03.724+0000][5284][gc,phases   ] GC(43) Pause Mark Start 0.139ms
[2020-07-12T01:09:03.724+0000][5284][safepoint   ] Safepoint "ZMarkStart", Time since last: 3926491974 ns, Reaching safepoint: 175616 ns, At safepoint: 164218 ns, Total: 339834 ns
[2020-07-12T01:09:03.770+0000][5284][gc,phases   ] GC(43) Concurrent Mark 45.846ms
[2020-07-12T01:09:03.770+0000][5284][gc,phases   ] GC(43) Pause Mark End 0.297ms
[2020-07-12T01:09:03.770+0000][5284][safepoint   ] Safepoint "ZMarkEnd", Time since last: 45980665 ns, Reaching safepoint: 66086 ns, At safepoint: 314140 ns, Total: 380226 ns
[2020-07-12T01:09:03.794+0000][5284][gc,phases   ] GC(43) Concurrent Process Non-Strong References 23.358ms
[2020-07-12T01:09:03.794+0000][5284][gc,phases   ] GC(43) Concurrent Reset Relocation Set 0.004ms
[2020-07-12T01:09:03.795+0000][5284][gc,phases   ] GC(43) Concurrent Select Relocation Set 0.974ms
[2020-07-12T01:09:03.795+0000][5284][gc,phases   ] GC(43) Pause Relocate Start 0.069ms
[2020-07-12T01:09:03.795+0000][5284][safepoint   ] Safepoint "ZRelocateStart", Time since last: 24498261 ns, Reaching safepoint: 59787 ns, At safepoint: 84150 ns, Total: 143937 ns
[2020-07-12T01:09:03.796+0000][5284][gc,phases   ] GC(43) Concurrent Relocate 1.031ms
[2020-07-12T01:09:03.796+0000][5284][gc,heap     ] GC(43) Heap after GC invocations=44 (full 44): ZHeap           used 90M, capacity 4096M, max capacity 4096M
[2020-07-12T01:09:03.796+0000][5284][gc,heap     ] GC(43)  Metaspace       used 79973K, capacity 82721K, committed 82756K, reserved 83968K
[2020-07-12T01:09:03.796+0000][5284][gc,load     ] GC(43) Load: 0.51/0.83/0.53
[2020-07-12T01:09:03.796+0000][5284][gc,mmu      ] GC(43) MMU: 2ms/49.3%, 5ms/79.7%, 10ms/89.9%, 20ms/94.9%, 50ms/97.3%, 100ms/98.3%
[2020-07-12T01:09:03.796+0000][5284][gc,marking  ] GC(43) Mark: 1 stripe(s), 2 proactive flush(es), 1 terminate flush(es), 1 completion(s), 0 continuation(s) 
[2020-07-12T01:09:03.796+0000][5284][gc,reloc    ] GC(43) Relocation: Successful, 1M relocated
[2020-07-12T01:09:03.796+0000][5284][gc,nmethod  ] GC(43) NMethods: 5411 registered, 276 unregistered
[2020-07-12T01:09:03.796+0000][5284][gc,metaspace] GC(43) Metaspace: 78M used, 80M capacity, 80M committed, 82M reserved
[2020-07-12T01:09:03.796+0000][5284][gc,ref      ] GC(43) Soft: 3917 encountered, 0 discovered, 0 enqueued
[2020-07-12T01:09:03.796+0000][5284][gc,ref      ] GC(43) Weak: 6636 encountered, 4311 discovered, 0 enqueued
[2020-07-12T01:09:03.796+0000][5284][gc,ref      ] GC(43) Final: 2 encountered, 0 discovered, 0 enqueued
[2020-07-12T01:09:03.796+0000][5284][gc,ref      ] GC(43) Phantom: 434 encountered, 293 discovered, 0 enqueued
[2020-07-12T01:09:03.796+0000][5284][gc,heap     ] GC(43) Min Capacity: 4096M(100%)
[2020-07-12T01:09:03.796+0000][5284][gc,heap     ] GC(43) Max Capacity: 4096M(100%)
[2020-07-12T01:09:03.796+0000][5284][gc,heap     ] GC(43) Soft Max Capacity: 4096M(100%)
[2020-07-12T01:09:03.796+0000][5284][gc,heap     ] GC(43)                Mark Start          Mark End        Relocate Start      Relocate End           High               Low         
[2020-07-12T01:09:03.796+0000][5284][gc,heap     ] GC(43)  Capacity:     4096M (100%)       4096M (100%)       4096M (100%)       4096M (100%)       4096M (100%)       4096M (100%)   
[2020-07-12T01:09:03.796+0000][5284][gc,heap     ] GC(43)   Reserve:       42M (1%)           42M (1%)           42M (1%)           42M (1%)           42M (1%)           42M (1%)     
[2020-07-12T01:09:03.796+0000][5284][gc,heap     ] GC(43)      Free:     3540M (86%)        3512M (86%)        3920M (96%)        3964M (97%)        3964M (97%)        3512M (86%)    
[2020-07-12T01:09:03.796+0000][5284][gc,heap     ] GC(43)      Used:      514M (13%)         542M (13%)         134M (3%)           90M (2%)          542M (13%)          90M (2%)     
[2020-07-12T01:09:03.796+0000][5284][gc,heap     ] GC(43)      Live:         -                28M (1%)           28M (1%)           28M (1%)             -                  -          
[2020-07-12T01:09:03.796+0000][5284][gc,heap     ] GC(43) Allocated:         -                28M (1%)           28M (1%)           30M (1%)             -                  -          
[2020-07-12T01:09:03.796+0000][5284][gc,heap     ] GC(43)   Garbage:         -               485M (12%)          77M (2%)           33M (1%)             -                  -          
[2020-07-12T01:09:03.796+0000][5284][gc,heap     ] GC(43) Reclaimed:         -                  -               408M (10%)         452M (11%)            -                  -          
[2020-07-12T01:09:03.796+0000][5284][gc          ] GC(43) Garbage Collection (Proactive) 514M(13%)->90M(2%)
[2020-07-12T01:09:04.796+0000][5284][safepoint   ] Safepoint "Cleanup", Time since last: 1000308879 ns, Reaching safepoint: 585712 ns, At safepoint: 18185 ns, Total: 603897 ns
[2020-07-12T01:09:07.723+0000][5284][gc,heap     ] GC(44) Heap before GC invocations=44 (full 44): ZHeap           used 510M, capacity 4096M, max capacity 4096M
[2020-07-12T01:09:07.723+0000][5284][gc,heap     ] GC(44)  Metaspace       used 79974K, capacity 82721K, committed 82756K, reserved 83968K
[2020-07-12T01:09:07.723+0000][5284][gc,start    ] GC(44) Garbage Collection (Proactive)
[2020-07-12T01:09:07.724+0000][5284][gc,phases   ] GC(44) Pause Mark Start 0.075ms
[2020-07-12T01:09:07.724+0000][5284][safepoint   ] Safepoint "ZMarkStart", Time since last: 2927773340 ns, Reaching safepoint: 52131 ns, At safepoint: 94241 ns, Total: 146372 ns
[2020-07-12T01:09:07.775+0000][5284][gc,phases   ] GC(44) Concurrent Mark 51.093ms
[2020-07-12T01:09:07.776+0000][5284][gc,phases   ] GC(44) Pause Mark End 0.320ms
[2020-07-12T01:09:07.776+0000][5284][safepoint   ] Safepoint "ZMarkEnd", Time since last: 51227743 ns, Reaching safepoint: 488245 ns, At safepoint: 343255 ns, Total: 831500 ns
[2020-07-12T01:09:07.804+0000][5284][gc,phases   ] GC(44) Concurrent Process Non-Strong References 28.653ms
[2020-07-12T01:09:07.804+0000][5284][gc,phases   ] GC(44) Concurrent Reset Relocation Set 0.003ms
[2020-07-12T01:09:07.806+0000][5284][gc,phases   ] GC(44) Concurrent Select Relocation Set 1.065ms
[2020-07-12T01:09:07.806+0000][5284][gc,phases   ] GC(44) Pause Relocate Start 0.080ms
[2020-07-12T01:09:07.806+0000][5284][safepoint   ] Safepoint "ZRelocateStart", Time since last: 29818315 ns, Reaching safepoint: 67845 ns, At safepoint: 98913 ns, Total: 166758 ns
[2020-07-12T01:09:07.807+0000][5284][gc,phases   ] GC(44) Concurrent Relocate 0.950ms
[2020-07-12T01:09:07.807+0000][5284][gc,heap     ] GC(44) Heap after GC invocations=45 (full 45): ZHeap           used 96M, capacity 4096M, max capacity 4096M
[2020-07-12T01:09:07.807+0000][5284][gc,heap     ] GC(44)  Metaspace       used 79974K, capacity 82721K, committed 82756K, reserved 83968K
[2020-07-12T01:09:07.807+0000][5284][gc,load     ] GC(44) Load: 0.51/0.83/0.53
[2020-07-12T01:09:07.807+0000][5284][gc,mmu      ] GC(44) MMU: 2ms/49.3%, 5ms/79.7%, 10ms/89.9%, 20ms/94.9%, 50ms/97.3%, 100ms/98.3%
[2020-07-12T01:09:07.807+0000][5284][gc,marking  ] GC(44) Mark: 1 stripe(s), 2 proactive flush(es), 1 terminate flush(es), 1 completion(s), 0 continuation(s) 
[2020-07-12T01:09:07.807+0000][5284][gc,reloc    ] GC(44) Relocation: Successful, 1M relocated
[2020-07-12T01:09:07.807+0000][5284][gc,nmethod  ] GC(44) NMethods: 5413 registered, 276 unregistered
[2020-07-12T01:09:07.807+0000][5284][gc,metaspace] GC(44) Metaspace: 78M used, 80M capacity, 80M committed, 82M reserved
[2020-07-12T01:09:07.807+0000][5284][gc,ref      ] GC(44) Soft: 3917 encountered, 0 discovered, 0 enqueued
[2020-07-12T01:09:07.807+0000][5284][gc,ref      ] GC(44) Weak: 6636 encountered, 4311 discovered, 0 enqueued
[2020-07-12T01:09:07.807+0000][5284][gc,ref      ] GC(44) Final: 2 encountered, 0 discovered, 0 enqueued
[2020-07-12T01:09:07.807+0000][5284][gc,ref      ] GC(44) Phantom: 434 encountered, 293 discovered, 0 enqueued
[2020-07-12T01:09:07.807+0000][5284][gc,heap     ] GC(44) Min Capacity: 4096M(100%)
[2020-07-12T01:09:07.807+0000][5284][gc,heap     ] GC(44) Max Capacity: 4096M(100%)
[2020-07-12T01:09:07.807+0000][5284][gc,heap     ] GC(44) Soft Max Capacity: 4096M(100%)
[2020-07-12T01:09:07.807+0000][5284][gc,heap     ] GC(44)                Mark Start          Mark End        Relocate Start      Relocate End           High               Low         
[2020-07-12T01:09:07.807+0000][5284][gc,heap     ] GC(44)  Capacity:     4096M (100%)       4096M (100%)       4096M (100%)       4096M (100%)       4096M (100%)       4096M (100%)   
[2020-07-12T01:09:07.807+0000][5284][gc,heap     ] GC(44)   Reserve:       42M (1%)           42M (1%)           42M (1%)           42M (1%)           42M (1%)           42M (1%)     
[2020-07-12T01:09:07.807+0000][5284][gc,heap     ] GC(44)      Free:     3544M (87%)        3522M (86%)        3920M (96%)        3958M (97%)        3958M (97%)        3512M (86%)    
[2020-07-12T01:09:07.807+0000][5284][gc,heap     ] GC(44)      Used:      510M (12%)         532M (13%)         134M (3%)           96M (2%)          542M (13%)          96M (2%)     
[2020-07-12T01:09:07.807+0000][5284][gc,heap     ] GC(44)      Live:         -                28M (1%)           28M (1%)           28M (1%)             -                  -          
[2020-07-12T01:09:07.807+0000][5284][gc,heap     ] GC(44) Allocated:         -                22M (1%)           32M (1%)           36M (1%)             -                  -          
[2020-07-12T01:09:07.807+0000][5284][gc,heap     ] GC(44)   Garbage:         -               481M (12%)          73M (2%)           35M (1%)             -                  -          
[2020-07-12T01:09:07.807+0000][5284][gc,heap     ] GC(44) Reclaimed:         -                  -               408M (10%)         446M (11%)            -                  -          
[2020-07-12T01:09:07.807+0000][5284][gc          ] GC(44) Garbage Collection (Proactive) 510M(12%)->96M(2%)
[2020-07-12T01:09:08.924+0000][5284][gc,stats    ] === Garbage Collection Statistics =======================================================================================================================
[2020-07-12T01:09:08.924+0000][5284][gc,stats    ]                                                              Last 10s              Last 10m              Last 10h                Total
[2020-07-12T01:09:08.924+0000][5284][gc,stats    ]                                                              Avg / Max             Avg / Max             Avg / Max             Avg / Max
[2020-07-12T01:09:08.924+0000][5284][gc,stats    ]   Collector: Garbage Collection Cycle                     76.856 / 83.282       72.231 / 117.511      72.231 / 117.511      72.231 / 117.511     ms
[2020-07-12T01:09:08.924+0000][5284][gc,stats    ]  Contention: Mark Segment Reset Contention                     0 / 0                 0 / 0                 0 / 0                 0 / 0           ops/s
[2020-07-12T01:09:08.924+0000][5284][gc,stats    ]  Contention: Mark SeqNum Reset Contention                      0 / 0                 0 / 0                 0 / 0                 0 / 0           ops/s
[2020-07-12T01:09:08.924+0000][5284][gc,stats    ]  Contention: Relocation Contention                             0 / 0                 0 / 4                 0 / 4                 0 / 4           ops/s
[2020-07-12T01:09:08.924+0000][5284][gc,stats    ]    Critical: Allocation Stall                              0.000 / 0.000         0.000 / 0.000         0.000 / 0.000         0.000 / 0.000       ms
[2020-07-12T01:09:08.924+0000][5284][gc,stats    ]    Critical: Allocation Stall                                  0 / 0                 0 / 0                 0 / 0                 0 / 0           ops/s
[2020-07-12T01:09:08.924+0000][5284][gc,stats    ]    Critical: GC Locker Stall                               0.000 / 0.000         0.093 / 0.093         0.093 / 0.093         0.093 / 0.093       ms
[2020-07-12T01:09:08.924+0000][5284][gc,stats    ]    Critical: GC Locker Stall                                   0 / 0                 0 / 1                 0 / 1                 0 / 1           ops/s
[2020-07-12T01:09:08.924+0000][5284][gc,stats    ]      Memory: Allocation Rate                                 116 / 154             107 / 238             107 / 238             107 / 238         MB/s
[2020-07-12T01:09:08.924+0000][5284][gc,stats    ]      Memory: Heap Used After Mark                            540 / 546             542 / 1286            542 / 1286            542 / 1286        MB
[2020-07-12T01:09:08.924+0000][5284][gc,stats    ]      Memory: Heap Used After Relocation                       88 / 96               82 / 108              82 / 108              82 / 108         MB
[2020-07-12T01:09:08.924+0000][5284][gc,stats    ]      Memory: Heap Used Before Mark                           518 / 530             525 / 1270            525 / 1270            525 / 1270        MB
[2020-07-12T01:09:08.924+0000][5284][gc,stats    ]      Memory: Heap Used Before Relocation                     130 / 134             138 / 338             138 / 338             138 / 338         MB
[2020-07-12T01:09:08.924+0000][5284][gc,stats    ]      Memory: Out Of Memory                                     0 / 0                 0 / 0                 0 / 0                 0 / 0           ops/s
[2020-07-12T01:09:08.924+0000][5284][gc,stats    ]      Memory: Page Cache Flush                                  0 / 0                 0 / 0                 0 / 0                 0 / 0           MB/s
[2020-07-12T01:09:08.924+0000][5284][gc,stats    ]      Memory: Page Cache Hit L1                                58 / 78               50 / 121              50 / 121              50 / 121         ops/s
[2020-07-12T01:09:08.924+0000][5284][gc,stats    ]      Memory: Page Cache Hit L2                                 0 / 0                 0 / 0                 0 / 0                 0 / 0           ops/s
[2020-07-12T01:09:08.924+0000][5284][gc,stats    ]      Memory: Page Cache Hit L3                                 0 / 0                 3 / 96                3 / 96                3 / 96          ops/s
[2020-07-12T01:09:08.924+0000][5284][gc,stats    ]      Memory: Page Cache Miss                                   0 / 0                 0 / 0                 0 / 0                 0 / 0           ops/s
[2020-07-12T01:09:08.924+0000][5284][gc,stats    ]      Memory: Uncommit                                          0 / 0                 0 / 0                 0 / 0                 0 / 0           MB/s
[2020-07-12T01:09:08.924+0000][5284][gc,stats    ]      Memory: Undo Object Allocation Failed                     0 / 0                 0 / 0                 0 / 0                 0 / 0           ops/s
[2020-07-12T01:09:08.924+0000][5284][gc,stats    ]      Memory: Undo Object Allocation Succeeded                  0 / 0                 0 / 4                 0 / 4                 0 / 4           ops/s
[2020-07-12T01:09:08.924+0000][5284][gc,stats    ]      Memory: Undo Page Allocation                              0 / 0                 0 / 0                 0 / 0                 0 / 0           ops/s
[2020-07-12T01:09:08.924+0000][5284][gc,stats    ]       Phase: Concurrent Mark                              47.809 / 51.093       45.798 / 77.269       45.798 / 77.269       45.798 / 77.269      ms
[2020-07-12T01:09:08.924+0000][5284][gc,stats    ]       Phase: Concurrent Mark Continue                      0.000 / 0.000         0.000 / 0.000         0.000 / 0.000         0.000 / 0.000       ms
[2020-07-12T01:09:08.924+0000][5284][gc,stats    ]       Phase: Concurrent Process Non-Strong References     25.353 / 28.653       21.363 / 28.653       21.363 / 28.653       21.363 / 28.653      ms
[2020-07-12T01:09:08.924+0000][5284][gc,stats    ]       Phase: Concurrent Relocate                           1.192 / 1.595         2.058 / 18.136        2.058 / 18.136        2.058 / 18.136      ms
[2020-07-12T01:09:08.924+0000][5284][gc,stats    ]       Phase: Concurrent Reset Relocation Set               0.003 / 0.004         0.004 / 0.015         0.004 / 0.015         0.004 / 0.015       ms
[2020-07-12T01:09:08.925+0000][5284][gc,stats    ]       Phase: Concurrent Select Relocation Set              1.008 / 1.065         1.122 / 5.622         1.122 / 5.622         1.122 / 5.622       ms
[2020-07-12T01:09:08.925+0000][5284][gc,stats    ]       Phase: Pause Mark End                                0.320 / 0.343         0.330 / 0.457         0.330 / 0.457         0.330 / 0.457       ms
[2020-07-12T01:09:08.925+0000][5284][gc,stats    ]       Phase: Pause Mark Start                              0.116 / 0.139         0.178 / 0.724         0.178 / 0.724         0.178 / 0.724       ms
[2020-07-12T01:09:08.925+0000][5284][gc,stats    ]       Phase: Pause Relocate Start                          0.074 / 0.080         0.151 / 1.014         0.151 / 1.014         0.151 / 1.014       ms
[2020-07-12T01:09:08.925+0000][5284][gc,stats    ]    Subphase: Concurrent Classes Purge                      0.499 / 0.676         0.587 / 1.236         0.587 / 1.236         0.587 / 1.236       ms
[2020-07-12T01:09:08.925+0000][5284][gc,stats    ]    Subphase: Concurrent Classes Unlink                    22.969 / 26.204       19.144 / 26.204       19.144 / 26.204       19.144 / 26.204      ms
[2020-07-12T01:09:08.925+0000][5284][gc,stats    ]    Subphase: Concurrent Mark                              47.189 / 50.486       45.179 / 76.517       45.179 / 76.517       45.179 / 76.517      ms
[2020-07-12T01:09:08.925+0000][5284][gc,stats    ]    Subphase: Concurrent Mark Idle                          0.000 / 0.000         0.000 / 0.000         0.000 / 0.000         0.000 / 0.000       ms
[2020-07-12T01:09:08.925+0000][5284][gc,stats    ]    Subphase: Concurrent Mark Try Flush                     0.138 / 0.250         0.123 / 1.569         0.123 / 1.569         0.123 / 1.569       ms
[2020-07-12T01:09:08.925+0000][5284][gc,stats    ]    Subphase: Concurrent Mark Try Terminate                 0.063 / 0.176         0.052 / 0.756         0.052 / 0.756         0.052 / 0.756       ms
[2020-07-12T01:09:08.925+0000][5284][gc,stats    ]    Subphase: Concurrent References Enqueue                 0.001 / 0.001         0.001 / 0.004         0.001 / 0.004         0.001 / 0.004       ms
[2020-07-12T01:09:08.925+0000][5284][gc,stats    ]    Subphase: Concurrent References Process                 0.698 / 0.982         0.498 / 1.144         0.498 / 1.144         0.498 / 1.144       ms
[2020-07-12T01:09:08.925+0000][5284][gc,stats    ]    Subphase: Concurrent Roots                              0.275 / 0.291         0.280 / 1.449         0.280 / 1.449         0.280 / 1.449       ms
[2020-07-12T01:09:08.925+0000][5284][gc,stats    ]    Subphase: Concurrent Roots ClassLoaderDataGraph         0.270 / 0.286         0.275 / 1.421         0.275 / 1.421         0.275 / 1.421       ms
[2020-07-12T01:09:08.925+0000][5284][gc,stats    ]    Subphase: Concurrent Roots JNIHandles                   0.003 / 0.003         0.003 / 0.012         0.003 / 0.012         0.003 / 0.012       ms
[2020-07-12T01:09:08.925+0000][5284][gc,stats    ]    Subphase: Concurrent Roots Setup                        0.181 / 0.221         0.166 / 0.363         0.166 / 0.363         0.166 / 0.363       ms
[2020-07-12T01:09:08.925+0000][5284][gc,stats    ]    Subphase: Concurrent Roots Teardown                     0.000 / 0.000         0.000 / 0.002         0.000 / 0.002         0.000 / 0.002       ms
[2020-07-12T01:09:08.925+0000][5284][gc,stats    ]    Subphase: Concurrent Roots VMHandles                    0.000 / 0.000         0.000 / 0.000         0.000 / 0.000         0.000 / 0.000       ms
[2020-07-12T01:09:08.925+0000][5284][gc,stats    ]    Subphase: Concurrent Weak Roots                         0.974 / 1.012         0.873 / 1.445         0.873 / 1.445         0.873 / 1.445       ms
[2020-07-12T01:09:08.925+0000][5284][gc,stats    ]    Subphase: Concurrent Weak Roots JNIWeakHandles          0.001 / 0.001         0.001 / 0.004         0.001 / 0.004         0.001 / 0.004       ms
[2020-07-12T01:09:08.925+0000][5284][gc,stats    ]    Subphase: Concurrent Weak Roots ResolvedMethodTable     0.094 / 0.098         0.092 / 0.181         0.092 / 0.181         0.092 / 0.181       ms
[2020-07-12T01:09:08.925+0000][5284][gc,stats    ]    Subphase: Concurrent Weak Roots StringTable             0.812 / 0.838         0.723 / 1.194         0.723 / 1.194         0.723 / 1.194       ms
[2020-07-12T01:09:08.925+0000][5284][gc,stats    ]    Subphase: Concurrent Weak Roots VMWeakHandles           0.064 / 0.071         0.054 / 0.071         0.054 / 0.071         0.054 / 0.071       ms
[2020-07-12T01:09:08.925+0000][5284][gc,stats    ]    Subphase: Pause Mark Try Complete                       0.137 / 0.175         0.140 / 0.181         0.140 / 0.181         0.140 / 0.181       ms
[2020-07-12T01:09:08.925+0000][5284][gc,stats    ]    Subphase: Pause Roots                                   0.032 / 0.074         0.040 / 0.936         0.040 / 0.936         0.040 / 0.936       ms
[2020-07-12T01:09:08.925+0000][5284][gc,stats    ]    Subphase: Pause Roots CodeCache                         0.000 / 0.000         0.000 / 0.000         0.000 / 0.000         0.000 / 0.000       ms
[2020-07-12T01:09:08.925+0000][5284][gc,stats    ]    Subphase: Pause Roots JVMTIExport                       0.001 / 0.002         0.002 / 0.007         0.002 / 0.007         0.002 / 0.007       ms
[2020-07-12T01:09:08.925+0000][5284][gc,stats    ]    Subphase: Pause Roots JVMTIWeakExport                   0.001 / 0.001         0.001 / 0.001         0.001 / 0.001         0.001 / 0.001       ms
[2020-07-12T01:09:08.925+0000][5284][gc,stats    ]    Subphase: Pause Roots Management                        0.001 / 0.001         0.001 / 0.003         0.001 / 0.003         0.001 / 0.003       ms
[2020-07-12T01:09:08.925+0000][5284][gc,stats    ]    Subphase: Pause Roots ObjectSynchronizer                0.000 / 0.001         0.000 / 0.001         0.000 / 0.001         0.000 / 0.001       ms
[2020-07-12T01:09:08.925+0000][5284][gc,stats    ]    Subphase: Pause Roots Setup                             0.000 / 0.001         0.000 / 0.001         0.000 / 0.001         0.000 / 0.001       ms
[2020-07-12T01:09:08.925+0000][5284][gc,stats    ]    Subphase: Pause Roots SystemDictionary                  0.009 / 0.010         0.010 / 0.042         0.010 / 0.042         0.010 / 0.042       ms
[2020-07-12T01:09:08.925+0000][5284][gc,stats    ]    Subphase: Pause Roots Teardown                          0.001 / 0.001         0.001 / 0.012         0.001 / 0.012         0.001 / 0.012       ms
[2020-07-12T01:09:08.925+0000][5284][gc,stats    ]    Subphase: Pause Roots Threads                           0.035 / 0.062         0.045 / 0.913         0.045 / 0.913         0.045 / 0.913       ms
[2020-07-12T01:09:08.925+0000][5284][gc,stats    ]    Subphase: Pause Roots Universe                          0.002 / 0.003         0.002 / 0.011         0.002 / 0.011         0.002 / 0.011       ms
[2020-07-12T01:09:08.925+0000][5284][gc,stats    ]    Subphase: Pause Weak Roots                              0.009 / 0.052         0.009 / 0.087         0.009 / 0.087         0.009 / 0.087       ms
[2020-07-12T01:09:08.925+0000][5284][gc,stats    ]    Subphase: Pause Weak Roots JFRWeak                      0.043 / 0.050         0.043 / 0.084         0.043 / 0.084         0.043 / 0.084       ms
[2020-07-12T01:09:08.925+0000][5284][gc,stats    ]    Subphase: Pause Weak Roots JVMTIWeakExport              0.001 / 0.001         0.001 / 0.001         0.001 / 0.001         0.001 / 0.001       ms
[2020-07-12T01:09:08.925+0000][5284][gc,stats    ]    Subphase: Pause Weak Roots Setup                        0.000 / 0.000         0.000 / 0.000         0.000 / 0.000         0.000 / 0.000       ms
[2020-07-12T01:09:08.925+0000][5284][gc,stats    ]    Subphase: Pause Weak Roots Teardown                     0.000 / 0.000         0.000 / 0.000         0.000 / 0.000         0.000 / 0.000       ms
[2020-07-12T01:09:08.925+0000][5284][gc,stats    ]      System: Java Threads                                     36 / 36               34 / 38               34 / 38               34 / 38          threads
[2020-07-12T01:09:08.925+0000][5284][gc,stats    ] =========================================================================================================================================================
[2020-07-12T01:09:12.224+0000][5284][gc,heap     ] GC(45) Heap before GC invocations=45 (full 45): ZHeap           used 562M, capacity 4096M, max capacity 4096M
[2020-07-12T01:09:12.224+0000][5284][gc,heap     ] GC(45)  Metaspace       used 79977K, capacity 82725K, committed 82756K, reserved 83968K
[2020-07-12T01:09:12.224+0000][5284][gc,start    ] GC(45) Garbage Collection (Proactive)
[2020-07-12T01:09:12.225+0000][5284][gc,phases   ] GC(45) Pause Mark Start 0.429ms
[2020-07-12T01:09:12.225+0000][5284][safepoint   ] Safepoint "ZMarkStart", Time since last: 4418489607 ns, Reaching safepoint: 544495 ns, At safepoint: 535166 ns, Total: 1079661 ns
[2020-07-12T01:09:12.289+0000][5284][gc,phases   ] GC(45) Concurrent Mark 62.969ms
[2020-07-12T01:09:12.289+0000][5284][gc,phases   ] GC(45) Pause Mark End 0.238ms
[2020-07-12T01:09:12.289+0000][5284][safepoint   ] Safepoint "ZMarkEnd", Time since last: 63270095 ns, Reaching safepoint: 71437 ns, At safepoint: 254259 ns, Total: 325696 ns
[2020-07-12T01:09:12.318+0000][5284][gc,phases   ] GC(45) Concurrent Process Non-Strong References 28.672ms
[2020-07-12T01:09:12.318+0000][5284][gc,phases   ] GC(45) Concurrent Reset Relocation Set 0.004ms
[2020-07-12T01:09:12.319+0000][5284][gc,phases   ] GC(45) Concurrent Select Relocation Set 0.991ms
[2020-07-12T01:09:12.319+0000][5284][gc,phases   ] GC(45) Pause Relocate Start 0.095ms
[2020-07-12T01:09:12.319+0000][5284][safepoint   ] Safepoint "ZRelocateStart", Time since last: 29826588 ns, Reaching safepoint: 75172 ns, At safepoint: 110014 ns, Total: 185186 ns
[2020-07-12T01:09:12.320+0000][5284][gc,phases   ] GC(45) Concurrent Relocate 0.959ms
[2020-07-12T01:09:12.320+0000][5284][gc,heap     ] GC(45) Heap after GC invocations=46 (full 46): ZHeap           used 68M, capacity 4096M, max capacity 4096M
[2020-07-12T01:09:12.320+0000][5284][gc,heap     ] GC(45)  Metaspace       used 79977K, capacity 82725K, committed 82756K, reserved 83968K
[2020-07-12T01:09:12.320+0000][5284][gc,load     ] GC(45) Load: 0.63/0.85/0.54
[2020-07-12T01:09:12.320+0000][5284][gc,mmu      ] GC(45) MMU: 2ms/49.3%, 5ms/79.7%, 10ms/89.9%, 20ms/94.9%, 50ms/97.3%, 100ms/98.3%
[2020-07-12T01:09:12.320+0000][5284][gc,marking  ] GC(45) Mark: 1 stripe(s), 2 proactive flush(es), 1 terminate flush(es), 1 completion(s), 0 continuation(s) 
[2020-07-12T01:09:12.320+0000][5284][gc,reloc    ] GC(45) Relocation: Successful, 1M relocated
[2020-07-12T01:09:12.320+0000][5284][gc,nmethod  ] GC(45) NMethods: 5414 registered, 276 unregistered
[2020-07-12T01:09:12.320+0000][5284][gc,metaspace] GC(45) Metaspace: 78M used, 80M capacity, 80M committed, 82M reserved
[2020-07-12T01:09:12.320+0000][5284][gc,ref      ] GC(45) Soft: 3917 encountered, 0 discovered, 0 enqueued
[2020-07-12T01:09:12.320+0000][5284][gc,ref      ] GC(45) Weak: 6635 encountered, 4310 discovered, 0 enqueued
[2020-07-12T01:09:12.320+0000][5284][gc,ref      ] GC(45) Final: 2 encountered, 0 discovered, 0 enqueued
[2020-07-12T01:09:12.320+0000][5284][gc,ref      ] GC(45) Phantom: 434 encountered, 293 discovered, 0 enqueued
[2020-07-12T01:09:12.320+0000][5284][gc,heap     ] GC(45) Min Capacity: 4096M(100%)
[2020-07-12T01:09:12.320+0000][5284][gc,heap     ] GC(45) Max Capacity: 4096M(100%)
[2020-07-12T01:09:12.320+0000][5284][gc,heap     ] GC(45) Soft Max Capacity: 4096M(100%)
[2020-07-12T01:09:12.320+0000][5284][gc,heap     ] GC(45)                Mark Start          Mark End        Relocate Start      Relocate End           High               Low         
[2020-07-12T01:09:12.320+0000][5284][gc,heap     ] GC(45)  Capacity:     4096M (100%)       4096M (100%)       4096M (100%)       4096M (100%)       4096M (100%)       4096M (100%)   
[2020-07-12T01:09:12.320+0000][5284][gc,heap     ] GC(45)   Reserve:       42M (1%)           42M (1%)           42M (1%)           42M (1%)           42M (1%)           42M (1%)     
[2020-07-12T01:09:12.320+0000][5284][gc,heap     ] GC(45)      Free:     3492M (85%)        3490M (85%)        3948M (96%)        3986M (97%)        3986M (97%)        3490M (85%)    
[2020-07-12T01:09:12.320+0000][5284][gc,heap     ] GC(45)      Used:      562M (14%)         564M (14%)         106M (3%)           68M (2%)          564M (14%)          68M (2%)     
[2020-07-12T01:09:12.320+0000][5284][gc,heap     ] GC(45)      Live:         -                28M (1%)           28M (1%)           28M (1%)             -                  -          
[2020-07-12T01:09:12.320+0000][5284][gc,heap     ] GC(45) Allocated:         -                 2M (0%)            2M (0%)            8M (0%)             -                  -          
[2020-07-12T01:09:12.320+0000][5284][gc,heap     ] GC(45)   Garbage:         -               533M (13%)          75M (2%)           37M (1%)             -                  -          
[2020-07-12T01:09:12.320+0000][5284][gc,heap     ] GC(45) Reclaimed:         -                  -               458M (11%)         496M (12%)            -                  -          
[2020-07-12T01:09:12.320+0000][5284][gc          ] GC(45) Garbage Collection (Proactive) 562M(14%)->68M(2%)
[2020-07-12T01:09:17.327+0000][5284][safepoint   ] Safepoint "Cleanup", Time since last: 5008000562 ns, Reaching safepoint: 104952 ns, At safepoint: 2397 ns, Total: 107349 ns
[2020-07-12T01:09:17.524+0000][5284][gc,heap     ] GC(46) Heap before GC invocations=46 (full 46): ZHeap           used 652M, capacity 4096M, max capacity 4096M
[2020-07-12T01:09:17.524+0000][5284][gc,heap     ] GC(46)  Metaspace       used 79978K, capacity 82725K, committed 82756K, reserved 83968K
[2020-07-12T01:09:17.524+0000][5284][gc,start    ] GC(46) Garbage Collection (Proactive)
[2020-07-12T01:09:17.524+0000][5284][gc,phases   ] GC(46) Pause Mark Start 0.101ms
[2020-07-12T01:09:17.524+0000][5284][safepoint   ] Safepoint "ZMarkStart", Time since last: 196756765 ns, Reaching safepoint: 61062 ns, At safepoint: 121648 ns, Total: 182710 ns
[2020-07-12T01:09:17.569+0000][5284][gc,phases   ] GC(46) Concurrent Mark 45.431ms
[2020-07-12T01:09:17.570+0000][5284][gc,phases   ] GC(46) Pause Mark End 0.230ms
[2020-07-12T01:09:17.570+0000][5284][safepoint   ] Safepoint "ZMarkEnd", Time since last: 45565863 ns, Reaching safepoint: 141527 ns, At safepoint: 254067 ns, Total: 395594 ns
[2020-07-12T01:09:17.595+0000][5284][gc,phases   ] GC(46) Concurrent Process Non-Strong References 24.933ms
[2020-07-12T01:09:17.595+0000][5284][gc,phases   ] GC(46) Concurrent Reset Relocation Set 0.003ms
[2020-07-12T01:09:17.596+0000][5284][gc,phases   ] GC(46) Concurrent Select Relocation Set 0.984ms
[2020-07-12T01:09:17.596+0000][5284][gc,phases   ] GC(46) Pause Relocate Start 0.078ms
[2020-07-12T01:09:17.596+0000][5284][safepoint   ] Safepoint "ZRelocateStart", Time since last: 26038056 ns, Reaching safepoint: 155654 ns, At safepoint: 97018 ns, Total: 252672 ns
[2020-07-12T01:09:17.597+0000][5284][gc,phases   ] GC(46) Concurrent Relocate 1.165ms
[2020-07-12T01:09:17.597+0000][5284][gc,heap     ] GC(46) Heap after GC invocations=47 (full 47): ZHeap           used 102M, capacity 4096M, max capacity 4096M
[2020-07-12T01:09:17.597+0000][5284][gc,heap     ] GC(46)  Metaspace       used 79978K, capacity 82725K, committed 82756K, reserved 83968K
[2020-07-12T01:09:17.597+0000][5284][gc,load     ] GC(46) Load: 0.66/0.85/0.54
[2020-07-12T01:09:17.597+0000][5284][gc,mmu      ] GC(46) MMU: 2ms/49.3%, 5ms/79.7%, 10ms/89.9%, 20ms/94.9%, 50ms/97.3%, 100ms/98.3%
[2020-07-12T01:09:17.597+0000][5284][gc,marking  ] GC(46) Mark: 1 stripe(s), 2 proactive flush(es), 1 terminate flush(es), 1 completion(s), 0 continuation(s) 
[2020-07-12T01:09:17.597+0000][5284][gc,reloc    ] GC(46) Relocation: Successful, 1M relocated
[2020-07-12T01:09:17.597+0000][5284][gc,nmethod  ] GC(46) NMethods: 5419 registered, 276 unregistered
[2020-07-12T01:09:17.597+0000][5284][gc,metaspace] GC(46) Metaspace: 78M used, 80M capacity, 80M committed, 82M reserved
[2020-07-12T01:09:17.597+0000][5284][gc,ref      ] GC(46) Soft: 3917 encountered, 0 discovered, 0 enqueued
[2020-07-12T01:09:17.597+0000][5284][gc,ref      ] GC(46) Weak: 6636 encountered, 4306 discovered, 0 enqueued
[2020-07-12T01:09:17.597+0000][5284][gc,ref      ] GC(46) Final: 2 encountered, 0 discovered, 0 enqueued
[2020-07-12T01:09:17.597+0000][5284][gc,ref      ] GC(46) Phantom: 434 encountered, 293 discovered, 0 enqueued
[2020-07-12T01:09:17.597+0000][5284][gc,heap     ] GC(46) Min Capacity: 4096M(100%)
[2020-07-12T01:09:17.598+0000][5284][gc,heap     ] GC(46) Max Capacity: 4096M(100%)
[2020-07-12T01:09:17.598+0000][5284][gc,heap     ] GC(46) Soft Max Capacity: 4096M(100%)
[2020-07-12T01:09:17.598+0000][5284][gc,heap     ] GC(46)                Mark Start          Mark End        Relocate Start      Relocate End           High               Low         
[2020-07-12T01:09:17.598+0000][5284][gc,heap     ] GC(46)  Capacity:     4096M (100%)       4096M (100%)       4096M (100%)       4096M (100%)       4096M (100%)       4096M (100%)   
[2020-07-12T01:09:17.598+0000][5284][gc,heap     ] GC(46)   Reserve:       42M (1%)           42M (1%)           42M (1%)           42M (1%)           42M (1%)           42M (1%)     
[2020-07-12T01:09:17.598+0000][5284][gc,heap     ] GC(46)      Free:     3402M (83%)        3374M (82%)        3910M (95%)        3952M (96%)        3952M (96%)        3364M (82%)    
[2020-07-12T01:09:17.598+0000][5284][gc,heap     ] GC(46)      Used:      652M (16%)         680M (17%)         144M (4%)          102M (2%)          690M (17%)         102M (2%)     
[2020-07-12T01:09:17.598+0000][5284][gc,heap     ] GC(46)      Live:         -                28M (1%)           28M (1%)           28M (1%)             -                  -          
[2020-07-12T01:09:17.598+0000][5284][gc,heap     ] GC(46) Allocated:         -                28M (1%)           38M (1%)           42M (1%)             -                  -          
[2020-07-12T01:09:17.598+0000][5284][gc,heap     ] GC(46)   Garbage:         -               623M (15%)          77M (2%)           35M (1%)             -                  -          
[2020-07-12T01:09:17.598+0000][5284][gc,heap     ] GC(46) Reclaimed:         -                  -               546M (13%)         588M (14%)            -                  -          
[2020-07-12T01:09:17.598+0000][5284][gc          ] GC(46) Garbage Collection (Proactive) 652M(16%)->102M(2%)
[2020-07-12T01:09:18.598+0000][5284][safepoint   ] Safepoint "Cleanup", Time since last: 1000138047 ns, Reaching safepoint: 1356531 ns, At safepoint: 8364 ns, Total: 1364895 ns
[2020-07-12T01:09:18.925+0000][5284][gc,stats    ] === Garbage Collection Statistics =======================================================================================================================
[2020-07-12T01:09:18.925+0000][5284][gc,stats    ]                                                              Last 10s              Last 10m              Last 10h                Total
[2020-07-12T01:09:18.925+0000][5284][gc,stats    ]                                                              Avg / Max             Avg / Max             Avg / Max             Avg / Max
[2020-07-12T01:09:18.925+0000][5284][gc,stats    ]   Collector: Garbage Collection Cycle                     84.924 / 96.076       72.771 / 117.511      72.771 / 117.511      72.771 / 117.511     ms
[2020-07-12T01:09:18.925+0000][5284][gc,stats    ]  Contention: Mark Segment Reset Contention                     0 / 0                 0 / 0                 0 / 0                 0 / 0           ops/s
[2020-07-12T01:09:18.925+0000][5284][gc,stats    ]  Contention: Mark SeqNum Reset Contention                      0 / 0                 0 / 0                 0 / 0                 0 / 0           ops/s
[2020-07-12T01:09:18.925+0000][5284][gc,stats    ]  Contention: Relocation Contention                             0 / 0                 0 / 4                 0 / 4                 0 / 4           ops/s
[2020-07-12T01:09:18.925+0000][5284][gc,stats    ]    Critical: Allocation Stall                              0.000 / 0.000         0.000 / 0.000         0.000 / 0.000         0.000 / 0.000       ms
[2020-07-12T01:09:18.925+0000][5284][gc,stats    ]    Critical: Allocation Stall                                  0 / 0                 0 / 0                 0 / 0                 0 / 0           ops/s
[2020-07-12T01:09:18.925+0000][5284][gc,stats    ]    Critical: GC Locker Stall                               0.000 / 0.000         0.093 / 0.093         0.093 / 0.093         0.093 / 0.093       ms
[2020-07-12T01:09:18.925+0000][5284][gc,stats    ]    Critical: GC Locker Stall                                   0 / 0                 0 / 1                 0 / 1                 0 / 1           ops/s
[2020-07-12T01:09:18.925+0000][5284][gc,stats    ]      Memory: Allocation Rate                                 115 / 124             107 / 238             107 / 238             107 / 238         MB/s
[2020-07-12T01:09:18.925+0000][5284][gc,stats    ]      Memory: Heap Used After Mark                            622 / 680             545 / 1286            545 / 1286            545 / 1286        MB
[2020-07-12T01:09:18.925+0000][5284][gc,stats    ]      Memory: Heap Used After Relocation                       85 / 102              82 / 108              82 / 108              82 / 108         MB
[2020-07-12T01:09:18.925+0000][5284][gc,stats    ]      Memory: Heap Used Before Mark                           607 / 652             529 / 1270            529 / 1270            529 / 1270        MB
[2020-07-12T01:09:18.925+0000][5284][gc,stats    ]      Memory: Heap Used Before Relocation                     125 / 144             137 / 338             137 / 338             137 / 338         MB
[2020-07-12T01:09:18.925+0000][5284][gc,stats    ]      Memory: Out Of Memory                                     0 / 0                 0 / 0                 0 / 0                 0 / 0           ops/s
[2020-07-12T01:09:18.925+0000][5284][gc,stats    ]      Memory: Page Cache Flush                                  0 / 0                 0 / 0                 0 / 0                 0 / 0           MB/s
[2020-07-12T01:09:18.925+0000][5284][gc,stats    ]      Memory: Page Cache Hit L1                                58 / 65               51 / 121              51 / 121              51 / 121         ops/s
[2020-07-12T01:09:18.925+0000][5284][gc,stats    ]      Memory: Page Cache Hit L2                                 0 / 0                 0 / 0                 0 / 0                 0 / 0           ops/s
[2020-07-12T01:09:18.925+0000][5284][gc,stats    ]      Memory: Page Cache Hit L3                                 0 / 0                 3 / 96                3 / 96                3 / 96          ops/s
[2020-07-12T01:09:18.925+0000][5284][gc,stats    ]      Memory: Page Cache Miss                                   0 / 0                 0 / 0                 0 / 0                 0 / 0           ops/s
[2020-07-12T01:09:18.925+0000][5284][gc,stats    ]      Memory: Uncommit                                          0 / 0                 0 / 0                 0 / 0                 0 / 0           MB/s
[2020-07-12T01:09:18.925+0000][5284][gc,stats    ]      Memory: Undo Object Allocation Failed                     0 / 0                 0 / 0                 0 / 0                 0 / 0           ops/s
[2020-07-12T01:09:18.925+0000][5284][gc,stats    ]      Memory: Undo Object Allocation Succeeded                  0 / 0                 0 / 4                 0 / 4                 0 / 4           ops/s
[2020-07-12T01:09:18.925+0000][5284][gc,stats    ]      Memory: Undo Page Allocation                              0 / 0                 0 / 0                 0 / 0                 0 / 0           ops/s
[2020-07-12T01:09:18.925+0000][5284][gc,stats    ]       Phase: Concurrent Mark                              54.200 / 62.969       46.155 / 77.269       46.155 / 77.269       46.155 / 77.269      ms
[2020-07-12T01:09:18.925+0000][5284][gc,stats    ]       Phase: Concurrent Mark Continue                      0.000 / 0.000         0.000 / 0.000         0.000 / 0.000         0.000 / 0.000       ms
[2020-07-12T01:09:18.925+0000][5284][gc,stats    ]       Phase: Concurrent Process Non-Strong References     26.803 / 28.672       21.595 / 28.672       21.595 / 28.672       21.595 / 28.672      ms
[2020-07-12T01:09:18.925+0000][5284][gc,stats    ]       Phase: Concurrent Relocate                           1.062 / 1.165         2.016 / 18.136        2.016 / 18.136        2.016 / 18.136      ms
[2020-07-12T01:09:18.925+0000][5284][gc,stats    ]       Phase: Concurrent Reset Relocation Set               0.003 / 0.004         0.004 / 0.015         0.004 / 0.015         0.004 / 0.015       ms
[2020-07-12T01:09:18.925+0000][5284][gc,stats    ]       Phase: Concurrent Select Relocation Set              0.988 / 0.991         1.116 / 5.622         1.116 / 5.622         1.116 / 5.622       ms
[2020-07-12T01:09:18.925+0000][5284][gc,stats    ]       Phase: Pause Mark End                                0.234 / 0.238         0.326 / 0.457         0.326 / 0.457         0.326 / 0.457       ms
[2020-07-12T01:09:18.925+0000][5284][gc,stats    ]       Phase: Pause Mark Start                              0.265 / 0.429         0.181 / 0.724         0.181 / 0.724         0.181 / 0.724       ms
[2020-07-12T01:09:18.925+0000][5284][gc,stats    ]       Phase: Pause Relocate Start                          0.086 / 0.095         0.149 / 1.014         0.149 / 1.014         0.149 / 1.014       ms
[2020-07-12T01:09:18.925+0000][5284][gc,stats    ]    Subphase: Concurrent Classes Purge                      0.625 / 0.633         0.589 / 1.236         0.589 / 1.236         0.589 / 1.236       ms
[2020-07-12T01:09:18.925+0000][5284][gc,stats    ]    Subphase: Concurrent Classes Unlink                    22.154 / 22.958       19.272 / 26.204       19.272 / 26.204       19.272 / 26.204      ms
[2020-07-12T01:09:18.925+0000][5284][gc,stats    ]    Subphase: Concurrent Mark                              52.539 / 60.473       45.492 / 76.517       45.492 / 76.517       45.492 / 76.517      ms
[2020-07-12T01:09:18.925+0000][5284][gc,stats    ]    Subphase: Concurrent Mark Idle                          0.000 / 0.000         0.000 / 0.000         0.000 / 0.000         0.000 / 0.000       ms
[2020-07-12T01:09:18.925+0000][5284][gc,stats    ]    Subphase: Concurrent Mark Try Flush                     0.063 / 0.109         0.120 / 1.569         0.120 / 1.569         0.120 / 1.569       ms
[2020-07-12T01:09:18.925+0000][5284][gc,stats    ]    Subphase: Concurrent Mark Try Terminate                 0.032 / 0.104         0.051 / 0.756         0.051 / 0.756         0.051 / 0.756       ms
[2020-07-12T01:09:18.925+0000][5284][gc,stats    ]    Subphase: Concurrent References Enqueue                 0.000 / 0.000         0.001 / 0.004         0.001 / 0.004         0.001 / 0.004       ms
[2020-07-12T01:09:18.925+0000][5284][gc,stats    ]    Subphase: Concurrent References Process                 0.445 / 0.448         0.496 / 1.144         0.496 / 1.144         0.496 / 1.144       ms
[2020-07-12T01:09:18.925+0000][5284][gc,stats    ]    Subphase: Concurrent Roots                              0.795 / 1.310         0.302 / 1.449         0.302 / 1.449         0.302 / 1.449       ms
[2020-07-12T01:09:18.925+0000][5284][gc,stats    ]    Subphase: Concurrent Roots ClassLoaderDataGraph         0.780 / 1.287         0.296 / 1.421         0.296 / 1.421         0.296 / 1.421       ms
[2020-07-12T01:09:18.925+0000][5284][gc,stats    ]    Subphase: Concurrent Roots JNIHandles                   0.007 / 0.012         0.003 / 0.012         0.003 / 0.012         0.003 / 0.012       ms
[2020-07-12T01:09:18.925+0000][5284][gc,stats    ]    Subphase: Concurrent Roots Setup                        0.314 / 0.465         0.172 / 0.465         0.172 / 0.465         0.172 / 0.465       ms
[2020-07-12T01:09:18.925+0000][5284][gc,stats    ]    Subphase: Concurrent Roots Teardown                     0.001 / 0.001         0.000 / 0.002         0.000 / 0.002         0.000 / 0.002       ms
[2020-07-12T01:09:18.925+0000][5284][gc,stats    ]    Subphase: Concurrent Roots VMHandles                    0.000 / 0.000         0.000 / 0.000         0.000 / 0.000         0.000 / 0.000       ms
[2020-07-12T01:09:18.925+0000][5284][gc,stats    ]    Subphase: Concurrent Weak Roots                         0.825 / 0.850         0.871 / 1.445         0.871 / 1.445         0.871 / 1.445       ms
[2020-07-12T01:09:18.925+0000][5284][gc,stats    ]    Subphase: Concurrent Weak Roots JNIWeakHandles          0.001 / 0.001         0.001 / 0.004         0.001 / 0.004         0.001 / 0.004       ms
[2020-07-12T01:09:18.925+0000][5284][gc,stats    ]    Subphase: Concurrent Weak Roots ResolvedMethodTable     0.087 / 0.091         0.092 / 0.181         0.092 / 0.181         0.092 / 0.181       ms
[2020-07-12T01:09:18.925+0000][5284][gc,stats    ]    Subphase: Concurrent Weak Roots StringTable             0.682 / 0.713         0.721 / 1.194         0.721 / 1.194         0.721 / 1.194       ms
[2020-07-12T01:09:18.925+0000][5284][gc,stats    ]    Subphase: Concurrent Weak Roots VMWeakHandles           0.052 / 0.053         0.054 / 0.071         0.054 / 0.071         0.054 / 0.071       ms
[2020-07-12T01:09:18.925+0000][5284][gc,stats    ]    Subphase: Pause Mark Try Complete                       0.118 / 0.151         0.139 / 0.181         0.139 / 0.181         0.139 / 0.181       ms
[2020-07-12T01:09:18.925+0000][5284][gc,stats    ]    Subphase: Pause Roots                                   0.053 / 0.201         0.040 / 0.936         0.040 / 0.936         0.040 / 0.936       ms
[2020-07-12T01:09:18.925+0000][5284][gc,stats    ]    Subphase: Pause Roots CodeCache                         0.000 / 0.000         0.000 / 0.000         0.000 / 0.000         0.000 / 0.000       ms
[2020-07-12T01:09:18.925+0000][5284][gc,stats    ]    Subphase: Pause Roots JVMTIExport                       0.003 / 0.007         0.002 / 0.007         0.002 / 0.007         0.002 / 0.007       ms
[2020-07-12T01:09:18.925+0000][5284][gc,stats    ]    Subphase: Pause Roots JVMTIWeakExport                   0.001 / 0.001         0.001 / 0.001         0.001 / 0.001         0.001 / 0.001       ms
[2020-07-12T01:09:18.925+0000][5284][gc,stats    ]    Subphase: Pause Roots Management                        0.001 / 0.003         0.001 / 0.003         0.001 / 0.003         0.001 / 0.003       ms
[2020-07-12T01:09:18.925+0000][5284][gc,stats    ]    Subphase: Pause Roots ObjectSynchronizer                0.000 / 0.001         0.000 / 0.001         0.000 / 0.001         0.000 / 0.001       ms
[2020-07-12T01:09:18.925+0000][5284][gc,stats    ]    Subphase: Pause Roots Setup                             0.001 / 0.002         0.000 / 0.002         0.000 / 0.002         0.000 / 0.002       ms
[2020-07-12T01:09:18.925+0000][5284][gc,stats    ]    Subphase: Pause Roots SystemDictionary                  0.013 / 0.030         0.010 / 0.042         0.010 / 0.042         0.010 / 0.042       ms
[2020-07-12T01:09:18.925+0000][5284][gc,stats    ]    Subphase: Pause Roots Teardown                          0.002 / 0.005         0.001 / 0.012         0.001 / 0.012         0.001 / 0.012       ms
[2020-07-12T01:09:18.925+0000][5284][gc,stats    ]    Subphase: Pause Roots Threads                           0.051 / 0.172         0.045 / 0.913         0.045 / 0.913         0.045 / 0.913       ms
[2020-07-12T01:09:18.925+0000][5284][gc,stats    ]    Subphase: Pause Roots Universe                          0.004 / 0.010         0.002 / 0.011         0.002 / 0.011         0.002 / 0.011       ms
[2020-07-12T01:09:18.925+0000][5284][gc,stats    ]    Subphase: Pause Weak Roots                              0.009 / 0.047         0.009 / 0.087         0.009 / 0.087         0.009 / 0.087       ms
[2020-07-12T01:09:18.925+0000][5284][gc,stats    ]    Subphase: Pause Weak Roots JFRWeak                      0.043 / 0.045         0.043 / 0.084         0.043 / 0.084         0.043 / 0.084       ms
[2020-07-12T01:09:18.925+0000][5284][gc,stats    ]    Subphase: Pause Weak Roots JVMTIWeakExport              0.001 / 0.001         0.001 / 0.001         0.001 / 0.001         0.001 / 0.001       ms
[2020-07-12T01:09:18.925+0000][5284][gc,stats    ]    Subphase: Pause Weak Roots Setup                        0.000 / 0.000         0.000 / 0.000         0.000 / 0.000         0.000 / 0.000       ms
[2020-07-12T01:09:18.925+0000][5284][gc,stats    ]    Subphase: Pause Weak Roots Teardown                     0.000 / 0.000         0.000 / 0.000         0.000 / 0.000         0.000 / 0.000       ms
[2020-07-12T01:09:18.925+0000][5284][gc,stats    ]      System: Java Threads                                     36 / 36               34 / 38               34 / 38               34 / 38          threads
[2020-07-12T01:09:18.925+0000][5284][gc,stats    ] =========================================================================================================================================================
[2020-07-12T01:09:22.324+0000][5284][gc,heap     ] GC(47) Heap before GC invocations=47 (full 47): ZHeap           used 636M, capacity 4096M, max capacity 4096M
[2020-07-12T01:09:22.324+0000][5284][gc,heap     ] GC(47)  Metaspace       used 79979K, capacity 82725K, committed 82756K, reserved 83968K
[2020-07-12T01:09:22.324+0000][5284][gc,start    ] GC(47) Garbage Collection (Proactive)
[2020-07-12T01:09:22.324+0000][5284][gc,phases   ] GC(47) Pause Mark Start 0.084ms
[2020-07-12T01:09:22.324+0000][5284][safepoint   ] Safepoint "ZMarkStart", Time since last: 3726391441 ns, Reaching safepoint: 81881 ns, At safepoint: 101580 ns, Total: 183461 ns
[2020-07-12T01:09:22.369+0000][5284][gc,phases   ] GC(47) Concurrent Mark 44.410ms
[2020-07-12T01:09:22.369+0000][5284][gc,phases   ] GC(47) Pause Mark End 0.303ms
[2020-07-12T01:09:22.369+0000][5284][safepoint   ] Safepoint "ZMarkEnd", Time since last: 44484100 ns, Reaching safepoint: 77191 ns, At safepoint: 321715 ns, Total: 398906 ns
[2020-07-12T01:09:22.393+0000][5284][gc,phases   ] GC(47) Concurrent Process Non-Strong References 24.283ms
[2020-07-12T01:09:22.394+0000][5284][gc,phases   ] GC(47) Concurrent Reset Relocation Set 0.004ms
[2020-07-12T01:09:22.395+0000][5284][gc,phases   ] GC(47) Concurrent Select Relocation Set 1.001ms
[2020-07-12T01:09:22.395+0000][5284][gc,phases   ] GC(47) Pause Relocate Start 0.156ms
[2020-07-12T01:09:22.395+0000][5284][safepoint   ] Safepoint "ZRelocateStart", Time since last: 25436693 ns, Reaching safepoint: 70133 ns, At safepoint: 244231 ns, Total: 314364 ns
[2020-07-12T01:09:22.396+0000][5284][gc,phases   ] GC(47) Concurrent Relocate 0.938ms
[2020-07-12T01:09:22.396+0000][5284][gc,heap     ] GC(47) Heap after GC invocations=48 (full 48): ZHeap           used 72M, capacity 4096M, max capacity 4096M
[2020-07-12T01:09:22.396+0000][5284][gc,heap     ] GC(47)  Metaspace       used 79979K, capacity 82725K, committed 82756K, reserved 83968K
[2020-07-12T01:09:22.396+0000][5284][gc,load     ] GC(47) Load: 0.60/0.84/0.54
[2020-07-12T01:09:22.396+0000][5284][gc,mmu      ] GC(47) MMU: 2ms/49.3%, 5ms/79.7%, 10ms/89.9%, 20ms/94.9%, 50ms/97.3%, 100ms/98.3%
[2020-07-12T01:09:22.396+0000][5284][gc,marking  ] GC(47) Mark: 1 stripe(s), 2 proactive flush(es), 1 terminate flush(es), 1 completion(s), 0 continuation(s) 
[2020-07-12T01:09:22.396+0000][5284][gc,reloc    ] GC(47) Relocation: Successful, 1M relocated
[2020-07-12T01:09:22.396+0000][5284][gc,nmethod  ] GC(47) NMethods: 5423 registered, 276 unregistered
[2020-07-12T01:09:22.396+0000][5284][gc,metaspace] GC(47) Metaspace: 78M used, 80M capacity, 80M committed, 82M reserved
[2020-07-12T01:09:22.396+0000][5284][gc,ref      ] GC(47) Soft: 3917 encountered, 0 discovered, 0 enqueued
[2020-07-12T01:09:22.396+0000][5284][gc,ref      ] GC(47) Weak: 6638 encountered, 4313 discovered, 0 enqueued
[2020-07-12T01:09:22.396+0000][5284][gc,ref      ] GC(47) Final: 2 encountered, 0 discovered, 0 enqueued
[2020-07-12T01:09:22.396+0000][5284][gc,ref      ] GC(47) Phantom: 434 encountered, 293 discovered, 0 enqueued
[2020-07-12T01:09:22.396+0000][5284][gc,heap     ] GC(47) Min Capacity: 4096M(100%)
[2020-07-12T01:09:22.396+0000][5284][gc,heap     ] GC(47) Max Capacity: 4096M(100%)
[2020-07-12T01:09:22.396+0000][5284][gc,heap     ] GC(47) Soft Max Capacity: 4096M(100%)
[2020-07-12T01:09:22.396+0000][5284][gc,heap     ] GC(47)                Mark Start          Mark End        Relocate Start      Relocate End           High               Low         
[2020-07-12T01:09:22.396+0000][5284][gc,heap     ] GC(47)  Capacity:     4096M (100%)       4096M (100%)       4096M (100%)       4096M (100%)       4096M (100%)       4096M (100%)   
[2020-07-12T01:09:22.396+0000][5284][gc,heap     ] GC(47)   Reserve:       42M (1%)           42M (1%)           42M (1%)           42M (1%)           42M (1%)           42M (1%)     
[2020-07-12T01:09:22.396+0000][5284][gc,heap     ] GC(47)      Free:     3418M (83%)        3416M (83%)        3944M (96%)        3982M (97%)        3982M (97%)        3416M (83%)    
[2020-07-12T01:09:22.396+0000][5284][gc,heap     ] GC(47)      Used:      636M (16%)         638M (16%)         110M (3%)           72M (2%)          638M (16%)          72M (2%)     
[2020-07-12T01:09:22.396+0000][5284][gc,heap     ] GC(47)      Live:         -                28M (1%)           28M (1%)           28M (1%)             -                  -          
[2020-07-12T01:09:22.396+0000][5284][gc,heap     ] GC(47) Allocated:         -                 2M (0%)            2M (0%)           12M (0%)             -                  -          
[2020-07-12T01:09:22.396+0000][5284][gc,heap     ] GC(47)   Garbage:         -               607M (15%)          79M (2%)           41M (1%)             -                  -          
[2020-07-12T01:09:22.396+0000][5284][gc,heap     ] GC(47) Reclaimed:         -                  -               528M (13%)         566M (14%)            -                  -          
[2020-07-12T01:09:22.396+0000][5284][gc          ] GC(47) Garbage Collection (Proactive) 636M(16%)->72M(2%)
[2020-07-12T01:09:23.964+0000][5284][safepoint   ] Safepoint "ClassLoaderStatsOperation", Time since last: 1567399896 ns, Reaching safepoint: 68869 ns, At safepoint: 1187697 ns, Total: 1256566 ns
[2020-07-12T01:09:23.972+0000][5284][safepoint   ] Safepoint "JFRCheckpoint", Time since last: 7046903 ns, Reaching safepoint: 55032 ns, At safepoint: 1053555 ns, Total: 1108587 ns
[2020-07-12T01:09:23.984+0000][5284][safepoint   ] Safepoint "ClassLoaderStatsOperation", Time since last: 11536137 ns, Reaching safepoint: 50274 ns, At safepoint: 1154308 ns, Total: 1204582 ns
[2020-07-12T01:09:24.988+0000][5284][safepoint   ] Safepoint "Cleanup", Time since last: 1003092417 ns, Reaching safepoint: 86596 ns, At safepoint: 1648 ns, Total: 88244 ns
[2020-07-12T01:09:25.988+0000][5284][safepoint   ] Safepoint "Cleanup", Time since last: 1000173179 ns, Reaching safepoint: 77877 ns, At safepoint: 1691 ns, Total: 79568 ns
[2020-07-12T01:09:26.623+0000][5284][gc,heap     ] GC(48) Heap before GC invocations=48 (full 48): ZHeap           used 630M, capacity 4096M, max capacity 4096M
[2020-07-12T01:09:26.623+0000][5284][gc,heap     ] GC(48)  Metaspace       used 80092K, capacity 82820K, committed 83012K, reserved 83968K
[2020-07-12T01:09:26.623+0000][5284][gc,start    ] GC(48) Garbage Collection (Proactive)
[2020-07-12T01:09:26.625+0000][5284][gc,phases   ] GC(48) Pause Mark Start 0.174ms
[2020-07-12T01:09:26.625+0000][5284][safepoint   ] Safepoint "ZMarkStart", Time since last: 635600693 ns, Reaching safepoint: 1213971 ns, At safepoint: 196662 ns, Total: 1410633 ns
[2020-07-12T01:09:26.673+0000][5284][gc,phases   ] GC(48) Concurrent Mark 46.832ms
[2020-07-12T01:09:26.673+0000][5284][gc,phases   ] GC(48) Pause Mark End 0.308ms
[2020-07-12T01:09:26.673+0000][5284][safepoint   ] Safepoint "ZMarkEnd", Time since last: 47744660 ns, Reaching safepoint: 298443 ns, At safepoint: 329336 ns, Total: 627779 ns
[2020-07-12T01:09:26.711+0000][5284][gc,phases   ] GC(48) Concurrent Process Non-Strong References 37.730ms
[2020-07-12T01:09:26.711+0000][5284][gc,phases   ] GC(48) Concurrent Reset Relocation Set 0.004ms
[2020-07-12T01:09:26.712+0000][5284][gc,phases   ] GC(48) Concurrent Select Relocation Set 0.989ms
[2020-07-12T01:09:26.712+0000][5284][gc,phases   ] GC(48) Pause Relocate Start 0.094ms
[2020-07-12T01:09:26.712+0000][5284][safepoint   ] Safepoint "ZRelocateStart", Time since last: 38844984 ns, Reaching safepoint: 53847 ns, At safepoint: 114851 ns, Total: 168698 ns
[2020-07-12T01:09:26.714+0000][5284][gc,phases   ] GC(48) Concurrent Relocate 1.710ms
[2020-07-12T01:09:26.714+0000][5284][gc,heap     ] GC(48) Heap after GC invocations=49 (full 49): ZHeap           used 108M, capacity 4096M, max capacity 4096M
[2020-07-12T01:09:26.714+0000][5284][gc,heap     ] GC(48)  Metaspace       used 80092K, capacity 82820K, committed 83012K, reserved 83968K
[2020-07-12T01:09:26.714+0000][5284][gc,load     ] GC(48) Load: 0.64/0.84/0.54
[2020-07-12T01:09:26.714+0000][5284][gc,mmu      ] GC(48) MMU: 2ms/49.3%, 5ms/79.7%, 10ms/89.9%, 20ms/94.9%, 50ms/97.3%, 100ms/98.3%
[2020-07-12T01:09:26.714+0000][5284][gc,marking  ] GC(48) Mark: 1 stripe(s), 2 proactive flush(es), 1 terminate flush(es), 1 completion(s), 0 continuation(s) 
[2020-07-12T01:09:26.714+0000][5284][gc,reloc    ] GC(48) Relocation: Successful, 2M relocated
[2020-07-12T01:09:26.714+0000][5284][gc,nmethod  ] GC(48) NMethods: 5472 registered, 0 unregistered
[2020-07-12T01:09:26.714+0000][5284][gc,metaspace] GC(48) Metaspace: 78M used, 80M capacity, 81M committed, 82M reserved
[2020-07-12T01:09:26.714+0000][5284][gc,ref      ] GC(48) Soft: 3922 encountered, 0 discovered, 0 enqueued
[2020-07-12T01:09:26.714+0000][5284][gc,ref      ] GC(48) Weak: 6663 encountered, 4338 discovered, 6 enqueued
[2020-07-12T01:09:26.714+0000][5284][gc,ref      ] GC(48) Final: 4 encountered, 1 discovered, 1 enqueued
[2020-07-12T01:09:26.714+0000][5284][gc,ref      ] GC(48) Phantom: 445 encountered, 304 discovered, 10 enqueued
[2020-07-12T01:09:26.714+0000][5284][gc,heap     ] GC(48) Min Capacity: 4096M(100%)
[2020-07-12T01:09:26.714+0000][5284][gc,heap     ] GC(48) Max Capacity: 4096M(100%)
[2020-07-12T01:09:26.714+0000][5284][gc,heap     ] GC(48) Soft Max Capacity: 4096M(100%)
[2020-07-12T01:09:26.714+0000][5284][gc,heap     ] GC(48)                Mark Start          Mark End        Relocate Start      Relocate End           High               Low         
[2020-07-12T01:09:26.714+0000][5284][gc,heap     ] GC(48)  Capacity:     4096M (100%)       4096M (100%)       4096M (100%)       4096M (100%)       4096M (100%)       4096M (100%)   
[2020-07-12T01:09:26.714+0000][5284][gc,heap     ] GC(48)   Reserve:       42M (1%)           42M (1%)           42M (1%)           42M (1%)           42M (1%)           42M (1%)     
[2020-07-12T01:09:26.714+0000][5284][gc,heap     ] GC(48)      Free:     3424M (84%)        3394M (83%)        3862M (94%)        3946M (96%)        3946M (96%)        3382M (83%)    
[2020-07-12T01:09:26.714+0000][5284][gc,heap     ] GC(48)      Used:      630M (15%)         660M (16%)         192M (5%)          108M (3%)          672M (16%)         108M (3%)     
[2020-07-12T01:09:26.714+0000][5284][gc,heap     ] GC(48)      Live:         -                28M (1%)           28M (1%)           28M (1%)             -                  -          
[2020-07-12T01:09:26.714+0000][5284][gc,heap     ] GC(48) Allocated:         -                30M (1%)           42M (1%)           80M (2%)             -                  -          
[2020-07-12T01:09:26.714+0000][5284][gc,heap     ] GC(48)   Garbage:         -               601M (15%)         121M (3%)           37M (1%)             -                  -          
[2020-07-12T01:09:26.714+0000][5284][gc,heap     ] GC(48) Reclaimed:         -                  -               480M (12%)         564M (14%)            -                  -          
[2020-07-12T01:09:26.714+0000][5284][gc          ] GC(48) Garbage Collection (Proactive) 630M(15%)->108M(3%)
[2020-07-12T01:09:28.924+0000][5284][gc,stats    ] === Garbage Collection Statistics =======================================================================================================================
[2020-07-12T01:09:28.924+0000][5284][gc,stats    ]                                                              Last 10s              Last 10m              Last 10h                Total
[2020-07-12T01:09:28.924+0000][5284][gc,stats    ]                                                              Avg / Max             Avg / Max             Avg / Max             Avg / Max
[2020-07-12T01:09:28.924+0000][5284][gc,stats    ]   Collector: Garbage Collection Cycle                     81.322 / 90.668       73.120 / 117.511      73.120 / 117.511      73.120 / 117.511     ms
[2020-07-12T01:09:28.924+0000][5284][gc,stats    ]  Contention: Mark Segment Reset Contention                     0 / 0                 0 / 0                 0 / 0                 0 / 0           ops/s
[2020-07-12T01:09:28.924+0000][5284][gc,stats    ]  Contention: Mark SeqNum Reset Contention                      0 / 0                 0 / 0                 0 / 0                 0 / 0           ops/s
[2020-07-12T01:09:28.924+0000][5284][gc,stats    ]  Contention: Relocation Contention                             0 / 0                 0 / 4                 0 / 4                 0 / 4           ops/s
[2020-07-12T01:09:28.924+0000][5284][gc,stats    ]    Critical: Allocation Stall                              0.000 / 0.000         0.000 / 0.000         0.000 / 0.000         0.000 / 0.000       ms
[2020-07-12T01:09:28.924+0000][5284][gc,stats    ]    Critical: Allocation Stall                                  0 / 0                 0 / 0                 0 / 0                 0 / 0           ops/s
[2020-07-12T01:09:28.924+0000][5284][gc,stats    ]    Critical: GC Locker Stall                               0.000 / 0.000         0.093 / 0.093         0.093 / 0.093         0.093 / 0.093       ms
[2020-07-12T01:09:28.924+0000][5284][gc,stats    ]    Critical: GC Locker Stall                                   0 / 0                 0 / 1                 0 / 1                 0 / 1           ops/s
[2020-07-12T01:09:28.924+0000][5284][gc,stats    ]      Memory: Allocation Rate                                 119 / 146             108 / 238             108 / 238             108 / 238         MB/s
[2020-07-12T01:09:28.924+0000][5284][gc,stats    ]      Memory: Heap Used After Mark                            649 / 660             549 / 1286            549 / 1286            549 / 1286        MB
[2020-07-12T01:09:28.924+0000][5284][gc,stats    ]      Memory: Heap Used After Relocation                       90 / 108              82 / 108              82 / 108              82 / 108         MB
[2020-07-12T01:09:28.924+0000][5284][gc,stats    ]      Memory: Heap Used Before Mark                           633 / 636             533 / 1270            533 / 1270            533 / 1270        MB
[2020-07-12T01:09:28.924+0000][5284][gc,stats    ]      Memory: Heap Used Before Relocation                     151 / 192             138 / 338             138 / 338             138 / 338         MB
[2020-07-12T01:09:28.924+0000][5284][gc,stats    ]      Memory: Out Of Memory                                     0 / 0                 0 / 0                 0 / 0                 0 / 0           ops/s
[2020-07-12T01:09:28.924+0000][5284][gc,stats    ]      Memory: Page Cache Flush                                  0 / 0                 0 / 0                 0 / 0                 0 / 0           MB/s
[2020-07-12T01:09:28.924+0000][5284][gc,stats    ]      Memory: Page Cache Hit L1                                58 / 66               51 / 121              51 / 121              51 / 121         ops/s
[2020-07-12T01:09:28.924+0000][5284][gc,stats    ]      Memory: Page Cache Hit L2                                 0 / 0                 0 / 0                 0 / 0                 0 / 0           ops/s
[2020-07-12T01:09:28.924+0000][5284][gc,stats    ]      Memory: Page Cache Hit L3                                 0 / 1                 2 / 96                2 / 96                2 / 96          ops/s
[2020-07-12T01:09:28.924+0000][5284][gc,stats    ]      Memory: Page Cache Miss                                   0 / 0                 0 / 0                 0 / 0                 0 / 0           ops/s
[2020-07-12T01:09:28.924+0000][5284][gc,stats    ]      Memory: Uncommit                                          0 / 0                 0 / 0                 0 / 0                 0 / 0           MB/s
[2020-07-12T01:09:28.924+0000][5284][gc,stats    ]      Memory: Undo Object Allocation Failed                     0 / 0                 0 / 0                 0 / 0                 0 / 0           ops/s
[2020-07-12T01:09:28.924+0000][5284][gc,stats    ]      Memory: Undo Object Allocation Succeeded                  0 / 0                 0 / 4                 0 / 4                 0 / 4           ops/s
[2020-07-12T01:09:28.924+0000][5284][gc,stats    ]      Memory: Undo Page Allocation                              0 / 0                 0 / 0                 0 / 0                 0 / 0           ops/s
[2020-07-12T01:09:28.924+0000][5284][gc,stats    ]       Phase: Concurrent Mark                              45.621 / 46.832       46.133 / 77.269       46.133 / 77.269       46.133 / 77.269      ms
[2020-07-12T01:09:28.924+0000][5284][gc,stats    ]       Phase: Concurrent Mark Continue                      0.000 / 0.000         0.000 / 0.000         0.000 / 0.000         0.000 / 0.000       ms
[2020-07-12T01:09:28.924+0000][5284][gc,stats    ]       Phase: Concurrent Process Non-Strong References     31.007 / 37.730       21.979 / 37.730       21.979 / 37.730       21.979 / 37.730      ms
[2020-07-12T01:09:28.924+0000][5284][gc,stats    ]       Phase: Concurrent Relocate                           1.324 / 1.710         1.987 / 18.136        1.987 / 18.136        1.987 / 18.136      ms
[2020-07-12T01:09:28.924+0000][5284][gc,stats    ]       Phase: Concurrent Reset Relocation Set               0.004 / 0.004         0.004 / 0.015         0.004 / 0.015         0.004 / 0.015       ms
[2020-07-12T01:09:28.924+0000][5284][gc,stats    ]       Phase: Concurrent Select Relocation Set              0.995 / 1.001         1.111 / 5.622         1.111 / 5.622         1.111 / 5.622       ms
[2020-07-12T01:09:28.924+0000][5284][gc,stats    ]       Phase: Pause Mark End                                0.305 / 0.308         0.325 / 0.457         0.325 / 0.457         0.325 / 0.457       ms
[2020-07-12T01:09:28.924+0000][5284][gc,stats    ]       Phase: Pause Mark Start                              0.129 / 0.174         0.179 / 0.724         0.179 / 0.724         0.179 / 0.724       ms
[2020-07-12T01:09:28.924+0000][5284][gc,stats    ]       Phase: Pause Relocate Start                          0.125 / 0.156         0.148 / 1.014         0.148 / 1.014         0.148 / 1.014       ms
[2020-07-12T01:09:28.924+0000][5284][gc,stats    ]    Subphase: Concurrent Classes Purge                      4.785 / 8.877         0.760 / 8.877         0.760 / 8.877         0.760 / 8.877       ms
[2020-07-12T01:09:28.924+0000][5284][gc,stats    ]    Subphase: Concurrent Classes Unlink                    24.697 / 27.376       19.493 / 27.376       19.493 / 27.376       19.493 / 27.376      ms
[2020-07-12T01:09:28.924+0000][5284][gc,stats    ]    Subphase: Concurrent Mark                              45.025 / 46.345       45.473 / 76.517       45.473 / 76.517       45.473 / 76.517      ms
[2020-07-12T01:09:28.924+0000][5284][gc,stats    ]    Subphase: Concurrent Mark Idle                          0.000 / 0.000         0.000 / 0.000         0.000 / 0.000         0.000 / 0.000       ms
[2020-07-12T01:09:28.924+0000][5284][gc,stats    ]    Subphase: Concurrent Mark Try Flush                     0.154 / 0.405         0.122 / 1.569         0.122 / 1.569         0.122 / 1.569       ms
[2020-07-12T01:09:28.924+0000][5284][gc,stats    ]    Subphase: Concurrent Mark Try Terminate                 0.131 / 0.407         0.055 / 0.756         0.055 / 0.756         0.055 / 0.756       ms
[2020-07-12T01:09:28.924+0000][5284][gc,stats    ]    Subphase: Concurrent References Enqueue                 0.002 / 0.004         0.001 / 0.004         0.001 / 0.004         0.001 / 0.004       ms
[2020-07-12T01:09:28.924+0000][5284][gc,stats    ]    Subphase: Concurrent References Process                 0.471 / 0.486         0.495 / 1.144         0.495 / 1.144         0.495 / 1.144       ms
[2020-07-12T01:09:28.924+0000][5284][gc,stats    ]    Subphase: Concurrent Roots                              0.286 / 0.330         0.302 / 1.449         0.302 / 1.449         0.302 / 1.449       ms
[2020-07-12T01:09:28.924+0000][5284][gc,stats    ]    Subphase: Concurrent Roots ClassLoaderDataGraph         0.281 / 0.325         0.296 / 1.421         0.296 / 1.421         0.296 / 1.421       ms
[2020-07-12T01:09:28.924+0000][5284][gc,stats    ]    Subphase: Concurrent Roots JNIHandles                   0.003 / 0.003         0.003 / 0.012         0.003 / 0.012         0.003 / 0.012       ms
[2020-07-12T01:09:28.924+0000][5284][gc,stats    ]    Subphase: Concurrent Roots Setup                        0.181 / 0.186         0.172 / 0.465         0.172 / 0.465         0.172 / 0.465       ms
[2020-07-12T01:09:28.924+0000][5284][gc,stats    ]    Subphase: Concurrent Roots Teardown                     0.000 / 0.000         0.000 / 0.002         0.000 / 0.002         0.000 / 0.002       ms
[2020-07-12T01:09:28.924+0000][5284][gc,stats    ]    Subphase: Concurrent Roots VMHandles                    0.000 / 0.000         0.000 / 0.000         0.000 / 0.000         0.000 / 0.000       ms
[2020-07-12T01:09:28.924+0000][5284][gc,stats    ]    Subphase: Concurrent Weak Roots                         0.891 / 0.973         0.872 / 1.445         0.872 / 1.445         0.872 / 1.445       ms
[2020-07-12T01:09:28.924+0000][5284][gc,stats    ]    Subphase: Concurrent Weak Roots JNIWeakHandles          0.001 / 0.001         0.001 / 0.004         0.001 / 0.004         0.001 / 0.004       ms
[2020-07-12T01:09:28.924+0000][5284][gc,stats    ]    Subphase: Concurrent Weak Roots ResolvedMethodTable     0.094 / 0.096         0.092 / 0.181         0.092 / 0.181         0.092 / 0.181       ms
[2020-07-12T01:09:28.924+0000][5284][gc,stats    ]    Subphase: Concurrent Weak Roots StringTable             0.744 / 0.805         0.722 / 1.194         0.722 / 1.194         0.722 / 1.194       ms
[2020-07-12T01:09:28.924+0000][5284][gc,stats    ]    Subphase: Concurrent Weak Roots VMWeakHandles           0.050 / 0.073         0.054 / 0.073         0.054 / 0.073         0.054 / 0.073       ms
[2020-07-12T01:09:28.924+0000][5284][gc,stats    ]    Subphase: Pause Mark Try Complete                       0.155 / 0.163         0.139 / 0.181         0.139 / 0.181         0.139 / 0.181       ms
[2020-07-12T01:09:28.924+0000][5284][gc,stats    ]    Subphase: Pause Roots                                   0.032 / 0.068         0.040 / 0.936         0.040 / 0.936         0.040 / 0.936       ms
[2020-07-12T01:09:28.924+0000][5284][gc,stats    ]    Subphase: Pause Roots CodeCache                         0.000 / 0.000         0.000 / 0.000         0.000 / 0.000         0.000 / 0.000       ms
[2020-07-12T01:09:28.924+0000][5284][gc,stats    ]    Subphase: Pause Roots JVMTIExport                       0.001 / 0.002         0.002 / 0.007         0.002 / 0.007         0.002 / 0.007       ms
[2020-07-12T01:09:28.924+0000][5284][gc,stats    ]    Subphase: Pause Roots JVMTIWeakExport                   0.001 / 0.001         0.001 / 0.001         0.001 / 0.001         0.001 / 0.001       ms
[2020-07-12T01:09:28.924+0000][5284][gc,stats    ]    Subphase: Pause Roots Management                        0.001 / 0.001         0.001 / 0.003         0.001 / 0.003         0.001 / 0.003       ms
[2020-07-12T01:09:28.924+0000][5284][gc,stats    ]    Subphase: Pause Roots ObjectSynchronizer                0.000 / 0.001         0.000 / 0.001         0.000 / 0.001         0.000 / 0.001       ms
[2020-07-12T01:09:28.924+0000][5284][gc,stats    ]    Subphase: Pause Roots Setup                             0.009 / 0.036         0.001 / 0.036         0.001 / 0.036         0.001 / 0.036       ms
[2020-07-12T01:09:28.924+0000][5284][gc,stats    ]    Subphase: Pause Roots SystemDictionary                  0.009 / 0.011         0.010 / 0.042         0.010 / 0.042         0.010 / 0.042       ms
[2020-07-12T01:09:28.924+0000][5284][gc,stats    ]    Subphase: Pause Roots Teardown                          0.001 / 0.001         0.001 / 0.012         0.001 / 0.012         0.001 / 0.012       ms
[2020-07-12T01:09:28.924+0000][5284][gc,stats    ]    Subphase: Pause Roots Threads                           0.027 / 0.052         0.044 / 0.913         0.044 / 0.913         0.044 / 0.913       ms
[2020-07-12T01:09:28.924+0000][5284][gc,stats    ]    Subphase: Pause Roots Universe                          0.002 / 0.003         0.002 / 0.011         0.002 / 0.011         0.002 / 0.011       ms
[2020-07-12T01:09:28.924+0000][5284][gc,stats    ]    Subphase: Pause Weak Roots                              0.009 / 0.046         0.009 / 0.087         0.009 / 0.087         0.009 / 0.087       ms
[2020-07-12T01:09:28.924+0000][5284][gc,stats    ]    Subphase: Pause Weak Roots JFRWeak                      0.042 / 0.044         0.043 / 0.084         0.043 / 0.084         0.043 / 0.084       ms
[2020-07-12T01:09:28.924+0000][5284][gc,stats    ]    Subphase: Pause Weak Roots JVMTIWeakExport              0.001 / 0.001         0.001 / 0.001         0.001 / 0.001         0.001 / 0.001       ms
[2020-07-12T01:09:28.924+0000][5284][gc,stats    ]    Subphase: Pause Weak Roots Setup                        0.000 / 0.000         0.000 / 0.000         0.000 / 0.000         0.000 / 0.000       ms
[2020-07-12T01:09:28.924+0000][5284][gc,stats    ]    Subphase: Pause Weak Roots Teardown                     0.000 / 0.000         0.000 / 0.000         0.000 / 0.000         0.000 / 0.000       ms
[2020-07-12T01:09:28.924+0000][5284][gc,stats    ]      System: Java Threads                                     36 / 37               34 / 38               34 / 38               34 / 38          threads
[2020-07-12T01:09:28.924+0000][5284][gc,stats    ] =========================================================================================================================================================
[2020-07-12T01:09:31.724+0000][5284][gc,heap     ] GC(49) Heap before GC invocations=49 (full 49): ZHeap           used 684M, capacity 4096M, max capacity 4096M
[2020-07-12T01:09:31.724+0000][5284][gc,heap     ] GC(49)  Metaspace       used 80093K, capacity 82820K, committed 83012K, reserved 83968K
[2020-07-12T01:09:31.724+0000][5284][gc,start    ] GC(49) Garbage Collection (Proactive)
[2020-07-12T01:09:31.724+0000][5284][gc,phases   ] GC(49) Pause Mark Start 0.142ms
[2020-07-12T01:09:31.724+0000][5284][safepoint   ] Safepoint "ZMarkStart", Time since last: 5011381469 ns, Reaching safepoint: 60389 ns, At safepoint: 165907 ns, Total: 226296 ns
[2020-07-12T01:09:31.769+0000][5284][gc,phases   ] GC(49) Concurrent Mark 45.272ms
[2020-07-12T01:09:31.770+0000][5284][gc,phases   ] GC(49) Pause Mark End 0.403ms
[2020-07-12T01:09:31.770+0000][5284][safepoint   ] Safepoint "ZMarkEnd", Time since last: 45403911 ns, Reaching safepoint: 72519 ns, At safepoint: 421116 ns, Total: 493635 ns
[2020-07-12T01:09:31.796+0000][5284][gc,phases   ] GC(49) Concurrent Process Non-Strong References 26.005ms
[2020-07-12T01:09:31.796+0000][5284][gc,phases   ] GC(49) Concurrent Reset Relocation Set 0.005ms
[2020-07-12T01:09:31.797+0000][5284][gc,phases   ] GC(49) Concurrent Select Relocation Set 1.135ms
[2020-07-12T01:09:31.797+0000][5284][gc,phases   ] GC(49) Pause Relocate Start 0.121ms
[2020-07-12T01:09:31.797+0000][5284][safepoint   ] Safepoint "ZRelocateStart", Time since last: 27299641 ns, Reaching safepoint: 89156 ns, At safepoint: 137433 ns, Total: 226589 ns
[2020-07-12T01:09:31.799+0000][5284][gc,phases   ] GC(49) Concurrent Relocate 1.342ms
[2020-07-12T01:09:31.799+0000][5284][gc,heap     ] GC(49) Heap after GC invocations=50 (full 50): ZHeap           used 86M, capacity 4096M, max capacity 4096M
[2020-07-12T01:09:31.799+0000][5284][gc,heap     ] GC(49)  Metaspace       used 80093K, capacity 82820K, committed 83012K, reserved 83968K
[2020-07-12T01:09:31.799+0000][5284][gc,load     ] GC(49) Load: 0.67/0.84/0.55
[2020-07-12T01:09:31.799+0000][5284][gc,mmu      ] GC(49) MMU: 2ms/49.3%, 5ms/79.7%, 10ms/89.9%, 20ms/94.9%, 50ms/97.3%, 100ms/98.3%
[2020-07-12T01:09:31.799+0000][5284][gc,marking  ] GC(49) Mark: 1 stripe(s), 2 proactive flush(es), 1 terminate flush(es), 1 completion(s), 0 continuation(s) 
[2020-07-12T01:09:31.799+0000][5284][gc,reloc    ] GC(49) Relocation: Successful, 1M relocated
[2020-07-12T01:09:31.799+0000][5284][gc,nmethod  ] GC(49) NMethods: 5475 registered, 0 unregistered
[2020-07-12T01:09:31.799+0000][5284][gc,metaspace] GC(49) Metaspace: 78M used, 80M capacity, 81M committed, 82M reserved
[2020-07-12T01:09:31.799+0000][5284][gc,ref      ] GC(49) Soft: 3922 encountered, 0 discovered, 0 enqueued
[2020-07-12T01:09:31.799+0000][5284][gc,ref      ] GC(49) Weak: 6657 encountered, 4332 discovered, 0 enqueued
[2020-07-12T01:09:31.799+0000][5284][gc,ref      ] GC(49) Final: 3 encountered, 0 discovered, 0 enqueued
[2020-07-12T01:09:31.799+0000][5284][gc,ref      ] GC(49) Phantom: 435 encountered, 294 discovered, 0 enqueued
[2020-07-12T01:09:31.799+0000][5284][gc,heap     ] GC(49) Min Capacity: 4096M(100%)
[2020-07-12T01:09:31.799+0000][5284][gc,heap     ] GC(49) Max Capacity: 4096M(100%)
[2020-07-12T01:09:31.799+0000][5284][gc,heap     ] GC(49) Soft Max Capacity: 4096M(100%)
[2020-07-12T01:09:31.799+0000][5284][gc,heap     ] GC(49)                Mark Start          Mark End        Relocate Start      Relocate End           High               Low         
[2020-07-12T01:09:31.799+0000][5284][gc,heap     ] GC(49)  Capacity:     4096M (100%)       4096M (100%)       4096M (100%)       4096M (100%)       4096M (100%)       4096M (100%)   
[2020-07-12T01:09:31.799+0000][5284][gc,heap     ] GC(49)   Reserve:       42M (1%)           42M (1%)           42M (1%)           42M (1%)           42M (1%)           42M (1%)     
[2020-07-12T01:09:31.799+0000][5284][gc,heap     ] GC(49)      Free:     3370M (82%)        3348M (82%)        3916M (96%)        3968M (97%)        3968M (97%)        3348M (82%)    
[2020-07-12T01:09:31.799+0000][5284][gc,heap     ] GC(49)      Used:      684M (17%)         706M (17%)         138M (3%)           86M (2%)          706M (17%)          86M (2%)     
[2020-07-12T01:09:31.799+0000][5284][gc,heap     ] GC(49)      Live:         -                28M (1%)           28M (1%)           28M (1%)             -                  -          
[2020-07-12T01:09:31.799+0000][5284][gc,heap     ] GC(49) Allocated:         -                22M (1%)           22M (1%)           26M (1%)             -                  -          
[2020-07-12T01:09:31.799+0000][5284][gc,heap     ] GC(49)   Garbage:         -               655M (16%)          87M (2%)           35M (1%)             -                  -          
[2020-07-12T01:09:31.799+0000][5284][gc,heap     ] GC(49) Reclaimed:         -                  -               568M (14%)         620M (15%)            -                  -          
[2020-07-12T01:09:31.799+0000][5284][gc          ] GC(49) Garbage Collection (Proactive) 684M(17%)->86M(2%)
[2020-07-12T01:09:36.224+0000][5284][gc,heap     ] GC(50) Heap before GC invocations=50 (full 50): ZHeap           used 538M, capacity 4096M, max capacity 4096M
[2020-07-12T01:09:36.224+0000][5284][gc,heap     ] GC(50)  Metaspace       used 80093K, capacity 82820K, committed 83012K, reserved 83968K
[2020-07-12T01:09:36.224+0000][5284][gc,start    ] GC(50) Garbage Collection (Proactive)
[2020-07-12T01:09:36.225+0000][5284][gc,phases   ] GC(50) Pause Mark Start 0.159ms
[2020-07-12T01:09:36.225+0000][5284][safepoint   ] Safepoint "ZMarkStart", Time since last: 4427025501 ns, Reaching safepoint: 107252 ns, At safepoint: 179249 ns, Total: 286501 ns
[2020-07-12T01:09:36.276+0000][5284][gc,phases   ] GC(50) Concurrent Mark 51.460ms
[2020-07-12T01:09:36.277+0000][5284][gc,phases   ] GC(50) Pause Mark End 0.424ms
[2020-07-12T01:09:36.277+0000][5284][safepoint   ] Safepoint "ZMarkEnd", Time since last: 51545567 ns, Reaching safepoint: 74983 ns, At safepoint: 440727 ns, Total: 515710 ns
[2020-07-12T01:09:36.303+0000][5284][gc,phases   ] GC(50) Concurrent Process Non-Strong References 26.439ms
[2020-07-12T01:09:36.303+0000][5284][gc,phases   ] GC(50) Concurrent Reset Relocation Set 0.004ms
[2020-07-12T01:09:36.304+0000][5284][gc,phases   ] GC(50) Concurrent Select Relocation Set 1.010ms
[2020-07-12T01:09:36.305+0000][5284][gc,phases   ] GC(50) Pause Relocate Start 0.145ms
[2020-07-12T01:09:36.305+0000][5284][safepoint   ] Safepoint "ZRelocateStart", Time since last: 27614896 ns, Reaching safepoint: 62914 ns, At safepoint: 163205 ns, Total: 226119 ns
[2020-07-12T01:09:36.306+0000][5284][gc,phases   ] GC(50) Concurrent Relocate 1.433ms
[2020-07-12T01:09:36.306+0000][5284][gc,heap     ] GC(50) Heap after GC invocations=51 (full 51): ZHeap           used 68M, capacity 4096M, max capacity 4096M
[2020-07-12T01:09:36.306+0000][5284][gc,heap     ] GC(50)  Metaspace       used 80093K, capacity 82820K, committed 83012K, reserved 83968K
[2020-07-12T01:09:36.306+0000][5284][gc,load     ] GC(50) Load: 0.77/0.86/0.55
[2020-07-12T01:09:36.306+0000][5284][gc,mmu      ] GC(50) MMU: 2ms/49.3%, 5ms/79.7%, 10ms/89.9%, 20ms/94.9%, 50ms/97.3%, 100ms/98.3%
[2020-07-12T01:09:36.306+0000][5284][gc,marking  ] GC(50) Mark: 1 stripe(s), 2 proactive flush(es), 1 terminate flush(es), 1 completion(s), 0 continuation(s) 
[2020-07-12T01:09:36.306+0000][5284][gc,reloc    ] GC(50) Relocation: Successful, 1M relocated
[2020-07-12T01:09:36.306+0000][5284][gc,nmethod  ] GC(50) NMethods: 5476 registered, 0 unregistered
[2020-07-12T01:09:36.306+0000][5284][gc,metaspace] GC(50) Metaspace: 78M used, 80M capacity, 81M committed, 82M reserved
[2020-07-12T01:09:36.306+0000][5284][gc,ref      ] GC(50) Soft: 3922 encountered, 0 discovered, 0 enqueued
[2020-07-12T01:09:36.306+0000][5284][gc,ref      ] GC(50) Weak: 6657 encountered, 4332 discovered, 0 enqueued
[2020-07-12T01:09:36.306+0000][5284][gc,ref      ] GC(50) Final: 3 encountered, 0 discovered, 0 enqueued
[2020-07-12T01:09:36.306+0000][5284][gc,ref      ] GC(50) Phantom: 435 encountered, 294 discovered, 0 enqueued
[2020-07-12T01:09:36.306+0000][5284][gc,heap     ] GC(50) Min Capacity: 4096M(100%)
[2020-07-12T01:09:36.306+0000][5284][gc,heap     ] GC(50) Max Capacity: 4096M(100%)
[2020-07-12T01:09:36.306+0000][5284][gc,heap     ] GC(50) Soft Max Capacity: 4096M(100%)
[2020-07-12T01:09:36.306+0000][5284][gc,heap     ] GC(50)                Mark Start          Mark End        Relocate Start      Relocate End           High               Low         
[2020-07-12T01:09:36.306+0000][5284][gc,heap     ] GC(50)  Capacity:     4096M (100%)       4096M (100%)       4096M (100%)       4096M (100%)       4096M (100%)       4096M (100%)   
[2020-07-12T01:09:36.306+0000][5284][gc,heap     ] GC(50)   Reserve:       42M (1%)           42M (1%)           42M (1%)           42M (1%)           42M (1%)           42M (1%)     
[2020-07-12T01:09:36.306+0000][5284][gc,heap     ] GC(50)      Free:     3516M (86%)        3514M (86%)        3946M (96%)        3986M (97%)        3986M (97%)        3514M (86%)    
[2020-07-12T01:09:36.306+0000][5284][gc,heap     ] GC(50)      Used:      538M (13%)         540M (13%)         108M (3%)           68M (2%)          540M (13%)          68M (2%)     
[2020-07-12T01:09:36.306+0000][5284][gc,heap     ] GC(50)      Live:         -                28M (1%)           28M (1%)           28M (1%)             -                  -          
[2020-07-12T01:09:36.306+0000][5284][gc,heap     ] GC(50) Allocated:         -                 2M (0%)            2M (0%)            8M (0%)             -                  -          
[2020-07-12T01:09:36.306+0000][5284][gc,heap     ] GC(50)   Garbage:         -               509M (12%)          77M (2%)           37M (1%)             -                  -          
[2020-07-12T01:09:36.306+0000][5284][gc,heap     ] GC(50) Reclaimed:         -                  -               432M (11%)         472M (12%)            -                  -          
[2020-07-12T01:09:36.306+0000][5284][gc          ] GC(50) Garbage Collection (Proactive) 538M(13%)->68M(2%)
[2020-07-12T01:09:38.923+0000][5284][gc,stats    ] === Garbage Collection Statistics =======================================================================================================================
[2020-07-12T01:09:38.923+0000][5284][gc,stats    ]                                                              Last 10s              Last 10m              Last 10h                Total
[2020-07-12T01:09:38.923+0000][5284][gc,stats    ]                                                              Avg / Max             Avg / Max             Avg / Max             Avg / Max
[2020-07-12T01:09:38.923+0000][5284][gc,stats    ]   Collector: Garbage Collection Cycle                     78.511 / 81.870       73.332 / 117.511      73.332 / 117.511      73.332 / 117.511     ms
[2020-07-12T01:09:38.923+0000][5284][gc,stats    ]  Contention: Mark Segment Reset Contention                     0 / 0                 0 / 0                 0 / 0                 0 / 0           ops/s
[2020-07-12T01:09:38.923+0000][5284][gc,stats    ]  Contention: Mark SeqNum Reset Contention                      0 / 0                 0 / 0                 0 / 0                 0 / 0           ops/s
[2020-07-12T01:09:38.923+0000][5284][gc,stats    ]  Contention: Relocation Contention                             0 / 0                 0 / 4                 0 / 4                 0 / 4           ops/s
[2020-07-12T01:09:38.923+0000][5284][gc,stats    ]    Critical: Allocation Stall                              0.000 / 0.000         0.000 / 0.000         0.000 / 0.000         0.000 / 0.000       ms
[2020-07-12T01:09:38.923+0000][5284][gc,stats    ]    Critical: Allocation Stall                                  0 / 0                 0 / 0                 0 / 0                 0 / 0           ops/s
[2020-07-12T01:09:38.923+0000][5284][gc,stats    ]    Critical: GC Locker Stall                               0.000 / 0.000         0.093 / 0.093         0.093 / 0.093         0.093 / 0.093       ms
[2020-07-12T01:09:38.923+0000][5284][gc,stats    ]    Critical: GC Locker Stall                                   0 / 0                 0 / 1                 0 / 1                 0 / 1           ops/s
[2020-07-12T01:09:38.923+0000][5284][gc,stats    ]      Memory: Allocation Rate                                 112 / 126             108 / 238             108 / 238             108 / 238         MB/s
[2020-07-12T01:09:38.923+0000][5284][gc,stats    ]      Memory: Heap Used After Mark                            623 / 706             552 / 1286            552 / 1286            552 / 1286        MB
[2020-07-12T01:09:38.924+0000][5284][gc,stats    ]      Memory: Heap Used After Relocation                       77 / 86               82 / 108              82 / 108              82 / 108         MB
[2020-07-12T01:09:38.924+0000][5284][gc,stats    ]      Memory: Heap Used Before Mark                           611 / 684             536 / 1270            536 / 1270            536 / 1270        MB
[2020-07-12T01:09:38.924+0000][5284][gc,stats    ]      Memory: Heap Used Before Relocation                     123 / 138             137 / 338             137 / 338             137 / 338         MB
[2020-07-12T01:09:38.924+0000][5284][gc,stats    ]      Memory: Out Of Memory                                     0 / 0                 0 / 0                 0 / 0                 0 / 0           ops/s
[2020-07-12T01:09:38.924+0000][5284][gc,stats    ]      Memory: Page Cache Flush                                  0 / 0                 0 / 0                 0 / 0                 0 / 0           MB/s
[2020-07-12T01:09:38.924+0000][5284][gc,stats    ]      Memory: Page Cache Hit L1                                56 / 66               51 / 121              51 / 121              51 / 121         ops/s
[2020-07-12T01:09:38.924+0000][5284][gc,stats    ]      Memory: Page Cache Hit L2                                 0 / 0                 0 / 0                 0 / 0                 0 / 0           ops/s
[2020-07-12T01:09:38.924+0000][5284][gc,stats    ]      Memory: Page Cache Hit L3                                 0 / 0                 2 / 96                2 / 96                2 / 96          ops/s
[2020-07-12T01:09:38.924+0000][5284][gc,stats    ]      Memory: Page Cache Miss                                   0 / 0                 0 / 0                 0 / 0                 0 / 0           ops/s
[2020-07-12T01:09:38.924+0000][5284][gc,stats    ]      Memory: Uncommit                                          0 / 0                 0 / 0                 0 / 0                 0 / 0           MB/s
[2020-07-12T01:09:38.924+0000][5284][gc,stats    ]      Memory: Undo Object Allocation Failed                     0 / 0                 0 / 0                 0 / 0                 0 / 0           ops/s
[2020-07-12T01:09:38.924+0000][5284][gc,stats    ]      Memory: Undo Object Allocation Succeeded                  0 / 0                 0 / 4                 0 / 4                 0 / 4           ops/s
[2020-07-12T01:09:38.924+0000][5284][gc,stats    ]      Memory: Undo Page Allocation                              0 / 0                 0 / 0                 0 / 0                 0 / 0           ops/s
[2020-07-12T01:09:38.924+0000][5284][gc,stats    ]       Phase: Concurrent Mark                              48.366 / 51.460       46.221 / 77.269       46.221 / 77.269       46.221 / 77.269      ms
[2020-07-12T01:09:38.924+0000][5284][gc,stats    ]       Phase: Concurrent Mark Continue                      0.000 / 0.000         0.000 / 0.000         0.000 / 0.000         0.000 / 0.000       ms
[2020-07-12T01:09:38.924+0000][5284][gc,stats    ]       Phase: Concurrent Process Non-Strong References     26.222 / 26.439       22.145 / 37.730       22.145 / 37.730       22.145 / 37.730      ms
[2020-07-12T01:09:38.924+0000][5284][gc,stats    ]       Phase: Concurrent Relocate                           1.387 / 1.433         1.964 / 18.136        1.964 / 18.136        1.964 / 18.136      ms
[2020-07-12T01:09:38.924+0000][5284][gc,stats    ]       Phase: Concurrent Reset Relocation Set               0.005 / 0.005         0.004 / 0.015         0.004 / 0.015         0.004 / 0.015       ms
[2020-07-12T01:09:38.924+0000][5284][gc,stats    ]       Phase: Concurrent Select Relocation Set              1.073 / 1.135         1.110 / 5.622         1.110 / 5.622         1.110 / 5.622       ms
[2020-07-12T01:09:38.924+0000][5284][gc,stats    ]       Phase: Pause Mark End                                0.413 / 0.424         0.329 / 0.457         0.329 / 0.457         0.329 / 0.457       ms
[2020-07-12T01:09:38.924+0000][5284][gc,stats    ]       Phase: Pause Mark Start                              0.150 / 0.159         0.178 / 0.724         0.178 / 0.724         0.178 / 0.724       ms
[2020-07-12T01:09:38.924+0000][5284][gc,stats    ]       Phase: Pause Relocate Start                          0.133 / 0.145         0.147 / 1.014         0.147 / 1.014         0.147 / 1.014       ms
[2020-07-12T01:09:38.924+0000][5284][gc,stats    ]    Subphase: Concurrent Classes Purge                      0.773 / 0.802         0.761 / 8.877         0.761 / 8.877         0.761 / 8.877       ms
[2020-07-12T01:09:38.924+0000][5284][gc,stats    ]    Subphase: Concurrent Classes Unlink                    23.852 / 24.131       19.664 / 27.376       19.664 / 27.376       19.664 / 27.376      ms
[2020-07-12T01:09:38.924+0000][5284][gc,stats    ]    Subphase: Concurrent Mark                              47.795 / 50.907       45.564 / 76.517       45.564 / 76.517       45.564 / 76.517      ms
[2020-07-12T01:09:38.924+0000][5284][gc,stats    ]    Subphase: Concurrent Mark Idle                          0.000 / 0.000         0.000 / 0.000         0.000 / 0.000         0.000 / 0.000       ms
[2020-07-12T01:09:38.924+0000][5284][gc,stats    ]    Subphase: Concurrent Mark Try Flush                     0.120 / 0.127         0.122 / 1.569         0.122 / 1.569         0.122 / 1.569       ms
[2020-07-12T01:09:38.924+0000][5284][gc,stats    ]    Subphase: Concurrent Mark Try Terminate                 0.060 / 0.127         0.055 / 0.756         0.055 / 0.756         0.055 / 0.756       ms
[2020-07-12T01:09:38.924+0000][5284][gc,stats    ]    Subphase: Concurrent References Enqueue                 0.000 / 0.000         0.001 / 0.004         0.001 / 0.004         0.001 / 0.004       ms
[2020-07-12T01:09:38.924+0000][5284][gc,stats    ]    Subphase: Concurrent References Process                 0.447 / 0.491         0.493 / 1.144         0.493 / 1.144         0.493 / 1.144       ms
[2020-07-12T01:09:38.924+0000][5284][gc,stats    ]    Subphase: Concurrent Roots                              0.250 / 0.270         0.300 / 1.449         0.300 / 1.449         0.300 / 1.449       ms
[2020-07-12T01:09:38.924+0000][5284][gc,stats    ]    Subphase: Concurrent Roots ClassLoaderDataGraph         0.244 / 0.265         0.294 / 1.421         0.294 / 1.421         0.294 / 1.421       ms
[2020-07-12T01:09:38.924+0000][5284][gc,stats    ]    Subphase: Concurrent Roots JNIHandles                   0.003 / 0.003         0.003 / 0.012         0.003 / 0.012         0.003 / 0.012       ms
[2020-07-12T01:09:38.924+0000][5284][gc,stats    ]    Subphase: Concurrent Roots Setup                        0.164 / 0.170         0.172 / 0.465         0.172 / 0.465         0.172 / 0.465       ms
[2020-07-12T01:09:38.924+0000][5284][gc,stats    ]    Subphase: Concurrent Roots Teardown                     0.000 / 0.000         0.000 / 0.002         0.000 / 0.002         0.000 / 0.002       ms
[2020-07-12T01:09:38.924+0000][5284][gc,stats    ]    Subphase: Concurrent Roots VMHandles                    0.000 / 0.000         0.000 / 0.000         0.000 / 0.000         0.000 / 0.000       ms
[2020-07-12T01:09:38.924+0000][5284][gc,stats    ]    Subphase: Concurrent Weak Roots                         0.914 / 1.010         0.873 / 1.445         0.873 / 1.445         0.873 / 1.445       ms
[2020-07-12T01:09:38.924+0000][5284][gc,stats    ]    Subphase: Concurrent Weak Roots JNIWeakHandles          0.001 / 0.001         0.001 / 0.004         0.001 / 0.004         0.001 / 0.004       ms
[2020-07-12T01:09:38.924+0000][5284][gc,stats    ]    Subphase: Concurrent Weak Roots ResolvedMethodTable     0.103 / 0.103         0.092 / 0.181         0.092 / 0.181         0.092 / 0.181       ms
[2020-07-12T01:09:38.924+0000][5284][gc,stats    ]    Subphase: Concurrent Weak Roots StringTable             0.753 / 0.848         0.723 / 1.194         0.723 / 1.194         0.723 / 1.194       ms
[2020-07-12T01:09:38.924+0000][5284][gc,stats    ]    Subphase: Concurrent Weak Roots VMWeakHandles           0.053 / 0.054         0.054 / 0.073         0.054 / 0.073         0.054 / 0.073       ms
[2020-07-12T01:09:38.924+0000][5284][gc,stats    ]    Subphase: Pause Mark Try Complete                       0.183 / 0.203         0.141 / 0.203         0.141 / 0.203         0.141 / 0.203       ms
[2020-07-12T01:09:38.924+0000][5284][gc,stats    ]    Subphase: Pause Roots                                   0.036 / 0.099         0.040 / 0.936         0.040 / 0.936         0.040 / 0.936       ms
[2020-07-12T01:09:38.924+0000][5284][gc,stats    ]    Subphase: Pause Roots CodeCache                         0.000 / 0.000         0.000 / 0.000         0.000 / 0.000         0.000 / 0.000       ms
[2020-07-12T01:09:38.924+0000][5284][gc,stats    ]    Subphase: Pause Roots JVMTIExport                       0.002 / 0.002         0.002 / 0.007         0.002 / 0.007         0.002 / 0.007       ms
[2020-07-12T01:09:38.924+0000][5284][gc,stats    ]    Subphase: Pause Roots JVMTIWeakExport                   0.001 / 0.001         0.001 / 0.001         0.001 / 0.001         0.001 / 0.001       ms
[2020-07-12T01:09:38.924+0000][5284][gc,stats    ]    Subphase: Pause Roots Management                        0.001 / 0.001         0.001 / 0.003         0.001 / 0.003         0.001 / 0.003       ms
[2020-07-12T01:09:38.924+0000][5284][gc,stats    ]    Subphase: Pause Roots ObjectSynchronizer                0.000 / 0.000         0.000 / 0.001         0.000 / 0.001         0.000 / 0.001       ms
[2020-07-12T01:09:38.924+0000][5284][gc,stats    ]    Subphase: Pause Roots Setup                             0.000 / 0.001         0.001 / 0.036         0.001 / 0.036         0.001 / 0.036       ms
[2020-07-12T01:09:38.924+0000][5284][gc,stats    ]    Subphase: Pause Roots SystemDictionary                  0.014 / 0.024         0.010 / 0.042         0.010 / 0.042         0.010 / 0.042       ms
[2020-07-12T01:09:38.924+0000][5284][gc,stats    ]    Subphase: Pause Roots Teardown                          0.001 / 0.001         0.001 / 0.012         0.001 / 0.012         0.001 / 0.012       ms
[2020-07-12T01:09:38.924+0000][5284][gc,stats    ]    Subphase: Pause Roots Threads                           0.033 / 0.091         0.044 / 0.913         0.044 / 0.913         0.044 / 0.913       ms
[2020-07-12T01:09:38.924+0000][5284][gc,stats    ]    Subphase: Pause Roots Universe                          0.002 / 0.003         0.002 / 0.011         0.002 / 0.011         0.002 / 0.011       ms
[2020-07-12T01:09:38.924+0000][5284][gc,stats    ]    Subphase: Pause Weak Roots                              0.012 / 0.059         0.009 / 0.087         0.009 / 0.087         0.009 / 0.087       ms
[2020-07-12T01:09:38.924+0000][5284][gc,stats    ]    Subphase: Pause Weak Roots JFRWeak                      0.054 / 0.056         0.044 / 0.084         0.044 / 0.084         0.044 / 0.084       ms
[2020-07-12T01:09:38.924+0000][5284][gc,stats    ]    Subphase: Pause Weak Roots JVMTIWeakExport              0.001 / 0.001         0.001 / 0.001         0.001 / 0.001         0.001 / 0.001       ms
[2020-07-12T01:09:38.924+0000][5284][gc,stats    ]    Subphase: Pause Weak Roots Setup                        0.000 / 0.000         0.000 / 0.000         0.000 / 0.000         0.000 / 0.000       ms
[2020-07-12T01:09:38.924+0000][5284][gc,stats    ]    Subphase: Pause Weak Roots Teardown                     0.000 / 0.000         0.000 / 0.000         0.000 / 0.000         0.000 / 0.000       ms
[2020-07-12T01:09:38.924+0000][5284][gc,stats    ]      System: Java Threads                                     37 / 37               34 / 38               34 / 38               34 / 38          threads
[2020-07-12T01:09:38.924+0000][5284][gc,stats    ] =========================================================================================================================================================
[2020-07-12T01:09:40.624+0000][5284][gc,heap     ] GC(51) Heap before GC invocations=51 (full 51): ZHeap           used 574M, capacity 4096M, max capacity 4096M
[2020-07-12T01:09:40.624+0000][5284][gc,heap     ] GC(51)  Metaspace       used 80094K, capacity 82820K, committed 83012K, reserved 83968K
[2020-07-12T01:09:40.624+0000][5284][gc,start    ] GC(51) Garbage Collection (Proactive)
[2020-07-12T01:09:40.625+0000][5284][gc,phases   ] GC(51) Pause Mark Start 0.118ms
[2020-07-12T01:09:40.625+0000][5284][safepoint   ] Safepoint "ZMarkStart", Time since last: 4319725793 ns, Reaching safepoint: 481295 ns, At safepoint: 141798 ns, Total: 623093 ns
[2020-07-12T01:09:40.687+0000][5284][gc,phases   ] GC(51) Concurrent Mark 61.704ms
[2020-07-12T01:09:40.687+0000][5284][gc,phases   ] GC(51) Pause Mark End 0.323ms
[2020-07-12T01:09:40.687+0000][5284][safepoint   ] Safepoint "ZMarkEnd", Time since last: 61794282 ns, Reaching safepoint: 46812 ns, At safepoint: 347283 ns, Total: 394095 ns
[2020-07-12T01:09:40.722+0000][5284][gc,phases   ] GC(51) Concurrent Process Non-Strong References 35.040ms
[2020-07-12T01:09:40.722+0000][5284][gc,phases   ] GC(51) Concurrent Reset Relocation Set 0.003ms
[2020-07-12T01:09:40.723+0000][5284][gc,phases   ] GC(51) Concurrent Select Relocation Set 1.015ms
[2020-07-12T01:09:40.724+0000][5284][gc,phases   ] GC(51) Pause Relocate Start 0.096ms
[2020-07-12T01:09:40.724+0000][5284][safepoint   ] Safepoint "ZRelocateStart", Time since last: 36170735 ns, Reaching safepoint: 302057 ns, At safepoint: 118165 ns, Total: 420222 ns
[2020-07-12T01:09:40.725+0000][5284][gc,phases   ] GC(51) Concurrent Relocate 1.372ms
[2020-07-12T01:09:40.725+0000][5284][gc,heap     ] GC(51) Heap after GC invocations=52 (full 52): ZHeap           used 104M, capacity 4096M, max capacity 4096M
[2020-07-12T01:09:40.725+0000][5284][gc,heap     ] GC(51)  Metaspace       used 80094K, capacity 82820K, committed 83012K, reserved 83968K
[2020-07-12T01:09:40.725+0000][5284][gc,load     ] GC(51) Load: 0.71/0.85/0.55
[2020-07-12T01:09:40.725+0000][5284][gc,mmu      ] GC(51) MMU: 2ms/49.3%, 5ms/79.7%, 10ms/89.9%, 20ms/94.9%, 50ms/97.3%, 100ms/98.3%
[2020-07-12T01:09:40.725+0000][5284][gc,marking  ] GC(51) Mark: 1 stripe(s), 2 proactive flush(es), 1 terminate flush(es), 1 completion(s), 0 continuation(s) 
[2020-07-12T01:09:40.725+0000][5284][gc,reloc    ] GC(51) Relocation: Successful, 1M relocated
[2020-07-12T01:09:40.725+0000][5284][gc,nmethod  ] GC(51) NMethods: 5478 registered, 0 unregistered
[2020-07-12T01:09:40.725+0000][5284][gc,metaspace] GC(51) Metaspace: 78M used, 80M capacity, 81M committed, 82M reserved
[2020-07-12T01:09:40.725+0000][5284][gc,ref      ] GC(51) Soft: 3922 encountered, 0 discovered, 0 enqueued
[2020-07-12T01:09:40.725+0000][5284][gc,ref      ] GC(51) Weak: 6656 encountered, 4326 discovered, 0 enqueued
[2020-07-12T01:09:40.725+0000][5284][gc,ref      ] GC(51) Final: 3 encountered, 0 discovered, 0 enqueued
[2020-07-12T01:09:40.725+0000][5284][gc,ref      ] GC(51) Phantom: 435 encountered, 294 discovered, 0 enqueued
[2020-07-12T01:09:40.725+0000][5284][gc,heap     ] GC(51) Min Capacity: 4096M(100%)
[2020-07-12T01:09:40.725+0000][5284][gc,heap     ] GC(51) Max Capacity: 4096M(100%)
[2020-07-12T01:09:40.725+0000][5284][gc,heap     ] GC(51) Soft Max Capacity: 4096M(100%)
[2020-07-12T01:09:40.725+0000][5284][gc,heap     ] GC(51)                Mark Start          Mark End        Relocate Start      Relocate End           High               Low         
[2020-07-12T01:09:40.725+0000][5284][gc,heap     ] GC(51)  Capacity:     4096M (100%)       4096M (100%)       4096M (100%)       4096M (100%)       4096M (100%)       4096M (100%)   
[2020-07-12T01:09:40.725+0000][5284][gc,heap     ] GC(51)   Reserve:       42M (1%)           42M (1%)           42M (1%)           42M (1%)           42M (1%)           42M (1%)     
[2020-07-12T01:09:40.725+0000][5284][gc,heap     ] GC(51)      Free:     3480M (85%)        3452M (84%)        3912M (96%)        3950M (96%)        3950M (96%)        3442M (84%)    
[2020-07-12T01:09:40.725+0000][5284][gc,heap     ] GC(51)      Used:      574M (14%)         602M (15%)         142M (3%)          104M (3%)          612M (15%)         104M (3%)     
[2020-07-12T01:09:40.725+0000][5284][gc,heap     ] GC(51)      Live:         -                28M (1%)           28M (1%)           28M (1%)             -                  -          
[2020-07-12T01:09:40.725+0000][5284][gc,heap     ] GC(51) Allocated:         -                28M (1%)           38M (1%)           44M (1%)             -                  -          
[2020-07-12T01:09:40.725+0000][5284][gc,heap     ] GC(51)   Garbage:         -               545M (13%)          75M (2%)           37M (1%)             -                  -          
[2020-07-12T01:09:40.725+0000][5284][gc,heap     ] GC(51) Reclaimed:         -                  -               470M (11%)         508M (12%)            -                  -          
[2020-07-12T01:09:40.725+0000][5284][gc          ] GC(51) Garbage Collection (Proactive) 574M(14%)->104M(3%)
[2020-07-12T01:09:46.224+0000][5284][gc,heap     ] GC(52) Heap before GC invocations=52 (full 52): ZHeap           used 716M, capacity 4096M, max capacity 4096M
[2020-07-12T01:09:46.224+0000][5284][gc,heap     ] GC(52)  Metaspace       used 80095K, capacity 82884K, committed 83012K, reserved 83968K
[2020-07-12T01:09:46.224+0000][5284][gc,start    ] GC(52) Garbage Collection (Proactive)
[2020-07-12T01:09:46.226+0000][5284][gc,phases   ] GC(52) Pause Mark Start 0.351ms
[2020-07-12T01:09:46.226+0000][5284][safepoint   ] Safepoint "ZMarkStart", Time since last: 5500547275 ns, Reaching safepoint: 980541 ns, At safepoint: 478147 ns, Total: 1458688 ns
[2020-07-12T01:09:46.276+0000][5284][gc,phases   ] GC(52) Concurrent Mark 50.165ms
[2020-07-12T01:09:46.277+0000][5284][gc,phases   ] GC(52) Pause Mark End 0.361ms
[2020-07-12T01:09:46.277+0000][5284][safepoint   ] Safepoint "ZMarkEnd", Time since last: 50725629 ns, Reaching safepoint: 132467 ns, At safepoint: 380841 ns, Total: 513308 ns
[2020-07-12T01:09:46.304+0000][5284][gc,phases   ] GC(52) Concurrent Process Non-Strong References 27.242ms
[2020-07-12T01:09:46.304+0000][5284][gc,phases   ] GC(52) Concurrent Reset Relocation Set 0.003ms
[2020-07-12T01:09:46.305+0000][5284][gc,phases   ] GC(52) Concurrent Select Relocation Set 1.058ms
[2020-07-12T01:09:46.305+0000][5284][gc,phases   ] GC(52) Pause Relocate Start 0.084ms
[2020-07-12T01:09:46.305+0000][5284][safepoint   ] Safepoint "ZRelocateStart", Time since last: 28394414 ns, Reaching safepoint: 72746 ns, At safepoint: 102853 ns, Total: 175599 ns
[2020-07-12T01:09:46.307+0000][5284][gc,phases   ] GC(52) Concurrent Relocate 1.565ms
[2020-07-12T01:09:46.307+0000][5284][gc,heap     ] GC(52) Heap after GC invocations=53 (full 53): ZHeap           used 72M, capacity 4096M, max capacity 4096M
[2020-07-12T01:09:46.307+0000][5284][gc,heap     ] GC(52)  Metaspace       used 80095K, capacity 82884K, committed 83012K, reserved 83968K
[2020-07-12T01:09:46.307+0000][5284][gc,load     ] GC(52) Load: 0.89/0.88/0.56
[2020-07-12T01:09:46.307+0000][5284][gc,mmu      ] GC(52) MMU: 2ms/49.3%, 5ms/79.7%, 10ms/89.9%, 20ms/94.9%, 50ms/97.3%, 100ms/98.3%
[2020-07-12T01:09:46.307+0000][5284][gc,marking  ] GC(52) Mark: 1 stripe(s), 2 proactive flush(es), 1 terminate flush(es), 1 completion(s), 0 continuation(s) 
[2020-07-12T01:09:46.307+0000][5284][gc,reloc    ] GC(52) Relocation: Successful, 1M relocated
[2020-07-12T01:09:46.307+0000][5284][gc,nmethod  ] GC(52) NMethods: 5480 registered, 0 unregistered
[2020-07-12T01:09:46.307+0000][5284][gc,metaspace] GC(52) Metaspace: 78M used, 80M capacity, 81M committed, 82M reserved
[2020-07-12T01:09:46.307+0000][5284][gc,ref      ] GC(52) Soft: 3922 encountered, 0 discovered, 0 enqueued
[2020-07-12T01:09:46.307+0000][5284][gc,ref      ] GC(52) Weak: 6659 encountered, 4334 discovered, 0 enqueued
[2020-07-12T01:09:46.307+0000][5284][gc,ref      ] GC(52) Final: 3 encountered, 0 discovered, 0 enqueued
[2020-07-12T01:09:46.307+0000][5284][gc,ref      ] GC(52) Phantom: 435 encountered, 294 discovered, 0 enqueued
[2020-07-12T01:09:46.307+0000][5284][gc,heap     ] GC(52) Min Capacity: 4096M(100%)
[2020-07-12T01:09:46.307+0000][5284][gc,heap     ] GC(52) Max Capacity: 4096M(100%)
[2020-07-12T01:09:46.307+0000][5284][gc,heap     ] GC(52) Soft Max Capacity: 4096M(100%)
[2020-07-12T01:09:46.307+0000][5284][gc,heap     ] GC(52)                Mark Start          Mark End        Relocate Start      Relocate End           High               Low         
[2020-07-12T01:09:46.307+0000][5284][gc,heap     ] GC(52)  Capacity:     4096M (100%)       4096M (100%)       4096M (100%)       4096M (100%)       4096M (100%)       4096M (100%)   
[2020-07-12T01:09:46.307+0000][5284][gc,heap     ] GC(52)   Reserve:       42M (1%)           42M (1%)           42M (1%)           42M (1%)           42M (1%)           42M (1%)     
[2020-07-12T01:09:46.307+0000][5284][gc,heap     ] GC(52)      Free:     3338M (81%)        3336M (81%)        3948M (96%)        3982M (97%)        3982M (97%)        3336M (81%)    
[2020-07-12T01:09:46.307+0000][5284][gc,heap     ] GC(52)      Used:      716M (17%)         718M (18%)         106M (3%)           72M (2%)          718M (18%)          72M (2%)     
[2020-07-12T01:09:46.307+0000][5284][gc,heap     ] GC(52)      Live:         -                28M (1%)           28M (1%)           28M (1%)             -                  -          
[2020-07-12T01:09:46.307+0000][5284][gc,heap     ] GC(52) Allocated:         -                 2M (0%)            2M (0%)           12M (0%)             -                  -          
[2020-07-12T01:09:46.307+0000][5284][gc,heap     ] GC(52)   Garbage:         -               687M (17%)          75M (2%)           41M (1%)             -                  -          
[2020-07-12T01:09:46.307+0000][5284][gc,heap     ] GC(52) Reclaimed:         -                  -               612M (15%)         646M (16%)            -                  -          
[2020-07-12T01:09:46.307+0000][5284][gc          ] GC(52) Garbage Collection (Proactive) 716M(17%)->72M(2%)
[2020-07-12T01:09:48.924+0000][5284][gc,stats    ] === Garbage Collection Statistics =======================================================================================================================
[2020-07-12T01:09:48.924+0000][5284][gc,stats    ]                                                              Last 10s              Last 10m              Last 10h                Total
[2020-07-12T01:09:48.924+0000][5284][gc,stats    ]                                                              Avg / Max             Avg / Max             Avg / Max             Avg / Max
[2020-07-12T01:09:48.924+0000][5284][gc,stats    ]   Collector: Garbage Collection Cycle                     92.006 / 100.887      74.036 / 117.511      74.036 / 117.511      74.036 / 117.511     ms
[2020-07-12T01:09:48.924+0000][5284][gc,stats    ]  Contention: Mark Segment Reset Contention                     0 / 0                 0 / 0                 0 / 0                 0 / 0           ops/s
[2020-07-12T01:09:48.924+0000][5284][gc,stats    ]  Contention: Mark SeqNum Reset Contention                      0 / 0                 0 / 0                 0 / 0                 0 / 0           ops/s
[2020-07-12T01:09:48.924+0000][5284][gc,stats    ]  Contention: Relocation Contention                             0 / 0                 0 / 4                 0 / 4                 0 / 4           ops/s
[2020-07-12T01:09:48.924+0000][5284][gc,stats    ]    Critical: Allocation Stall                              0.000 / 0.000         0.000 / 0.000         0.000 / 0.000         0.000 / 0.000       ms
[2020-07-12T01:09:48.924+0000][5284][gc,stats    ]    Critical: Allocation Stall                                  0 / 0                 0 / 0                 0 / 0                 0 / 0           ops/s
[2020-07-12T01:09:48.924+0000][5284][gc,stats    ]    Critical: GC Locker Stall                               0.000 / 0.000         0.093 / 0.093         0.093 / 0.093         0.093 / 0.093       ms
[2020-07-12T01:09:48.924+0000][5284][gc,stats    ]    Critical: GC Locker Stall                                   0 / 0                 0 / 1                 0 / 1                 0 / 1           ops/s
[2020-07-12T01:09:48.924+0000][5284][gc,stats    ]      Memory: Allocation Rate                                 118 / 142             109 / 238             109 / 238             109 / 238         MB/s
[2020-07-12T01:09:48.924+0000][5284][gc,stats    ]      Memory: Heap Used After Mark                            660 / 718             556 / 1286            556 / 1286            556 / 1286        MB
[2020-07-12T01:09:48.924+0000][5284][gc,stats    ]      Memory: Heap Used After Relocation                       88 / 104              82 / 108              82 / 108              82 / 108         MB
[2020-07-12T01:09:48.924+0000][5284][gc,stats    ]      Memory: Heap Used Before Mark                           645 / 716             540 / 1270            540 / 1270            540 / 1270        MB
[2020-07-12T01:09:48.924+0000][5284][gc,stats    ]      Memory: Heap Used Before Relocation                     124 / 142             137 / 338             137 / 338             137 / 338         MB
[2020-07-12T01:09:48.924+0000][5284][gc,stats    ]      Memory: Out Of Memory                                     0 / 0                 0 / 0                 0 / 0                 0 / 0           ops/s
[2020-07-12T01:09:48.924+0000][5284][gc,stats    ]      Memory: Page Cache Flush                                  0 / 0                 0 / 0                 0 / 0                 0 / 0           MB/s
[2020-07-12T01:09:48.924+0000][5284][gc,stats    ]      Memory: Page Cache Hit L1                                60 / 71               52 / 121              52 / 121              52 / 121         ops/s
[2020-07-12T01:09:48.924+0000][5284][gc,stats    ]      Memory: Page Cache Hit L2                                 0 / 0                 0 / 0                 0 / 0                 0 / 0           ops/s
[2020-07-12T01:09:48.924+0000][5284][gc,stats    ]      Memory: Page Cache Hit L3                                 0 / 0                 2 / 96                2 / 96                2 / 96          ops/s
[2020-07-12T01:09:48.924+0000][5284][gc,stats    ]      Memory: Page Cache Miss                                   0 / 0                 0 / 0                 0 / 0                 0 / 0           ops/s
[2020-07-12T01:09:48.924+0000][5284][gc,stats    ]      Memory: Uncommit                                          0 / 0                 0 / 0                 0 / 0                 0 / 0           MB/s
[2020-07-12T01:09:48.924+0000][5284][gc,stats    ]      Memory: Undo Object Allocation Failed                     0 / 0                 0 / 0                 0 / 0                 0 / 0           ops/s
[2020-07-12T01:09:48.924+0000][5284][gc,stats    ]      Memory: Undo Object Allocation Succeeded                  0 / 0                 0 / 4                 0 / 4                 0 / 4           ops/s
[2020-07-12T01:09:48.924+0000][5284][gc,stats    ]      Memory: Undo Page Allocation                              0 / 0                 0 / 0                 0 / 0                 0 / 0           ops/s
[2020-07-12T01:09:48.924+0000][5284][gc,stats    ]       Phase: Concurrent Mark                              55.935 / 61.704       46.588 / 77.269       46.588 / 77.269       46.588 / 77.269      ms
[2020-07-12T01:09:48.924+0000][5284][gc,stats    ]       Phase: Concurrent Mark Continue                      0.000 / 0.000         0.000 / 0.000         0.000 / 0.000         0.000 / 0.000       ms
[2020-07-12T01:09:48.924+0000][5284][gc,stats    ]       Phase: Concurrent Process Non-Strong References     31.141 / 35.040       22.485 / 37.730       22.485 / 37.730       22.485 / 37.730      ms
[2020-07-12T01:09:48.924+0000][5284][gc,stats    ]       Phase: Concurrent Relocate                           1.468 / 1.565         1.945 / 18.136        1.945 / 18.136        1.945 / 18.136      ms
[2020-07-12T01:09:48.924+0000][5284][gc,stats    ]       Phase: Concurrent Reset Relocation Set               0.003 / 0.003         0.004 / 0.015         0.004 / 0.015         0.004 / 0.015       ms
[2020-07-12T01:09:48.924+0000][5284][gc,stats    ]       Phase: Concurrent Select Relocation Set              1.037 / 1.058         1.107 / 5.622         1.107 / 5.622         1.107 / 5.622       ms
[2020-07-12T01:09:48.924+0000][5284][gc,stats    ]       Phase: Pause Mark End                                0.342 / 0.361         0.329 / 0.457         0.329 / 0.457         0.329 / 0.457       ms
[2020-07-12T01:09:48.924+0000][5284][gc,stats    ]       Phase: Pause Mark Start                              0.234 / 0.351         0.180 / 0.724         0.180 / 0.724         0.180 / 0.724       ms
[2020-07-12T01:09:48.924+0000][5284][gc,stats    ]       Phase: Pause Relocate Start                          0.090 / 0.096         0.145 / 1.014         0.145 / 1.014         0.145 / 1.014       ms
[2020-07-12T01:09:48.924+0000][5284][gc,stats    ]    Subphase: Concurrent Classes Purge                      0.859 / 0.882         0.764 / 8.877         0.764 / 8.877         0.764 / 8.877       ms
[2020-07-12T01:09:48.924+0000][5284][gc,stats    ]    Subphase: Concurrent Classes Unlink                    28.441 / 32.180       19.995 / 32.180       19.995 / 32.180       19.995 / 32.180      ms
[2020-07-12T01:09:48.924+0000][5284][gc,stats    ]    Subphase: Concurrent Mark                              55.048 / 60.891       45.922 / 76.517       45.922 / 76.517       45.922 / 76.517      ms
[2020-07-12T01:09:48.924+0000][5284][gc,stats    ]    Subphase: Concurrent Mark Idle                          0.000 / 0.000         0.000 / 0.000         0.000 / 0.000         0.000 / 0.000       ms
[2020-07-12T01:09:48.924+0000][5284][gc,stats    ]    Subphase: Concurrent Mark Try Flush                     0.067 / 0.083         0.120 / 1.569         0.120 / 1.569         0.120 / 1.569       ms
[2020-07-12T01:09:48.924+0000][5284][gc,stats    ]    Subphase: Concurrent Mark Try Terminate                 0.030 / 0.068         0.054 / 0.756         0.054 / 0.756         0.054 / 0.756       ms
[2020-07-12T01:09:48.924+0000][5284][gc,stats    ]    Subphase: Concurrent References Enqueue                 0.001 / 0.001         0.001 / 0.004         0.001 / 0.004         0.001 / 0.004       ms
[2020-07-12T01:09:48.924+0000][5284][gc,stats    ]    Subphase: Concurrent References Process                 0.641 / 0.735         0.499 / 1.144         0.499 / 1.144         0.499 / 1.144       ms
[2020-07-12T01:09:48.924+0000][5284][gc,stats    ]    Subphase: Concurrent Roots                              0.428 / 0.589         0.305 / 1.449         0.305 / 1.449         0.305 / 1.449       ms
[2020-07-12T01:09:48.924+0000][5284][gc,stats    ]    Subphase: Concurrent Roots ClassLoaderDataGraph         0.420 / 0.580         0.299 / 1.421         0.299 / 1.421         0.299 / 1.421       ms
[2020-07-12T01:09:48.924+0000][5284][gc,stats    ]    Subphase: Concurrent Roots JNIHandles                   0.005 / 0.006         0.003 / 0.012         0.003 / 0.012         0.003 / 0.012       ms
[2020-07-12T01:09:48.924+0000][5284][gc,stats    ]    Subphase: Concurrent Roots Setup                        0.184 / 0.214         0.173 / 0.465         0.173 / 0.465         0.173 / 0.465       ms
[2020-07-12T01:09:48.924+0000][5284][gc,stats    ]    Subphase: Concurrent Roots Teardown                     0.000 / 0.000         0.000 / 0.002         0.000 / 0.002         0.000 / 0.002       ms
[2020-07-12T01:09:48.924+0000][5284][gc,stats    ]    Subphase: Concurrent Roots VMHandles                    0.000 / 0.000         0.000 / 0.000         0.000 / 0.000         0.000 / 0.000       ms
[2020-07-12T01:09:48.924+0000][5284][gc,stats    ]    Subphase: Concurrent Weak Roots                         1.010 / 1.035         0.879 / 1.445         0.879 / 1.445         0.879 / 1.445       ms
[2020-07-12T01:09:48.924+0000][5284][gc,stats    ]    Subphase: Concurrent Weak Roots JNIWeakHandles          0.001 / 0.001         0.001 / 0.004         0.001 / 0.004         0.001 / 0.004       ms
[2020-07-12T01:09:48.924+0000][5284][gc,stats    ]    Subphase: Concurrent Weak Roots ResolvedMethodTable     0.095 / 0.098         0.092 / 0.181         0.092 / 0.181         0.092 / 0.181       ms
[2020-07-12T01:09:48.924+0000][5284][gc,stats    ]    Subphase: Concurrent Weak Roots StringTable             0.837 / 0.869         0.728 / 1.194         0.728 / 1.194         0.728 / 1.194       ms
[2020-07-12T01:09:48.924+0000][5284][gc,stats    ]    Subphase: Concurrent Weak Roots VMWeakHandles           0.073 / 0.082         0.055 / 0.082         0.055 / 0.082         0.055 / 0.082       ms
[2020-07-12T01:09:48.924+0000][5284][gc,stats    ]    Subphase: Pause Mark Try Complete                       0.175 / 0.184         0.142 / 0.203         0.142 / 0.203         0.142 / 0.203       ms
[2020-07-12T01:09:48.924+0000][5284][gc,stats    ]    Subphase: Pause Roots                                   0.048 / 0.132         0.040 / 0.936         0.040 / 0.936         0.040 / 0.936       ms
[2020-07-12T01:09:48.924+0000][5284][gc,stats    ]    Subphase: Pause Roots CodeCache                         0.000 / 0.000         0.000 / 0.000         0.000 / 0.000         0.000 / 0.000       ms
[2020-07-12T01:09:48.924+0000][5284][gc,stats    ]    Subphase: Pause Roots JVMTIExport                       0.002 / 0.004         0.002 / 0.007         0.002 / 0.007         0.002 / 0.007       ms
[2020-07-12T01:09:48.924+0000][5284][gc,stats    ]    Subphase: Pause Roots JVMTIWeakExport                   0.000 / 0.001         0.001 / 0.001         0.001 / 0.001         0.001 / 0.001       ms
[2020-07-12T01:09:48.924+0000][5284][gc,stats    ]    Subphase: Pause Roots Management                        0.001 / 0.002         0.001 / 0.003         0.001 / 0.003         0.001 / 0.003       ms
[2020-07-12T01:09:48.924+0000][5284][gc,stats    ]    Subphase: Pause Roots ObjectSynchronizer                0.000 / 0.000         0.000 / 0.001         0.000 / 0.001         0.000 / 0.001       ms
[2020-07-12T01:09:48.924+0000][5284][gc,stats    ]    Subphase: Pause Roots Setup                             0.001 / 0.001         0.001 / 0.036         0.001 / 0.036         0.001 / 0.036       ms
[2020-07-12T01:09:48.924+0000][5284][gc,stats    ]    Subphase: Pause Roots SystemDictionary                  0.017 / 0.024         0.010 / 0.042         0.010 / 0.042         0.010 / 0.042       ms
[2020-07-12T01:09:48.924+0000][5284][gc,stats    ]    Subphase: Pause Roots Teardown                          0.002 / 0.002         0.001 / 0.012         0.001 / 0.012         0.001 / 0.012       ms
[2020-07-12T01:09:48.924+0000][5284][gc,stats    ]    Subphase: Pause Roots Threads                           0.044 / 0.099         0.044 / 0.913         0.044 / 0.913         0.044 / 0.913       ms
[2020-07-12T01:09:48.924+0000][5284][gc,stats    ]    Subphase: Pause Roots Universe                          0.003 / 0.006         0.002 / 0.011         0.002 / 0.011         0.002 / 0.011       ms
[2020-07-12T01:09:48.924+0000][5284][gc,stats    ]    Subphase: Pause Weak Roots                              0.010 / 0.054         0.009 / 0.087         0.009 / 0.087         0.009 / 0.087       ms
[2020-07-12T01:09:48.924+0000][5284][gc,stats    ]    Subphase: Pause Weak Roots JFRWeak                      0.049 / 0.051         0.044 / 0.084         0.044 / 0.084         0.044 / 0.084       ms
[2020-07-12T01:09:48.924+0000][5284][gc,stats    ]    Subphase: Pause Weak Roots JVMTIWeakExport              0.001 / 0.001         0.001 / 0.001         0.001 / 0.001         0.001 / 0.001       ms
[2020-07-12T01:09:48.924+0000][5284][gc,stats    ]    Subphase: Pause Weak Roots Setup                        0.000 / 0.000         0.000 / 0.000         0.000 / 0.000         0.000 / 0.000       ms
[2020-07-12T01:09:48.924+0000][5284][gc,stats    ]    Subphase: Pause Weak Roots Teardown                     0.000 / 0.000         0.000 / 0.000         0.000 / 0.000         0.000 / 0.000       ms
[2020-07-12T01:09:48.924+0000][5284][gc,stats    ]      System: Java Threads                                     37 / 37               35 / 38               35 / 38               35 / 38          threads
[2020-07-12T01:09:48.924+0000][5284][gc,stats    ] =========================================================================================================================================================
[2020-07-12T01:09:51.223+0000][5284][gc,heap     ] GC(53) Heap before GC invocations=53 (full 53): ZHeap           used 650M, capacity 4096M, max capacity 4096M
[2020-07-12T01:09:51.223+0000][5284][gc,heap     ] GC(53)  Metaspace       used 80095K, capacity 82884K, committed 83012K, reserved 83968K
[2020-07-12T01:09:51.224+0000][5284][gc,start    ] GC(53) Garbage Collection (Proactive)
[2020-07-12T01:09:51.224+0000][5284][gc,phases   ] GC(53) Pause Mark Start 0.128ms
[2020-07-12T01:09:51.224+0000][5284][safepoint   ] Safepoint "ZMarkStart", Time since last: 4918116036 ns, Reaching safepoint: 209021 ns, At safepoint: 154557 ns, Total: 363578 ns
[2020-07-12T01:09:51.277+0000][5284][gc,phases   ] GC(53) Concurrent Mark 53.355ms
[2020-07-12T01:09:51.278+0000][5284][gc,phases   ] GC(53) Pause Mark End 0.356ms
[2020-07-12T01:09:51.278+0000][5284][safepoint   ] Safepoint "ZMarkEnd", Time since last: 53444720 ns, Reaching safepoint: 83654 ns, At safepoint: 385308 ns, Total: 468962 ns
[2020-07-12T01:09:51.306+0000][5284][gc,phases   ] GC(53) Concurrent Process Non-Strong References 28.169ms
[2020-07-12T01:09:51.306+0000][5284][gc,phases   ] GC(53) Concurrent Reset Relocation Set 0.003ms
[2020-07-12T01:09:51.307+0000][5284][gc,phases   ] GC(53) Concurrent Select Relocation Set 1.043ms
[2020-07-12T01:09:51.307+0000][5284][gc,phases   ] GC(53) Pause Relocate Start 0.107ms
[2020-07-12T01:09:51.307+0000][5284][safepoint   ] Safepoint "ZRelocateStart", Time since last: 29327421 ns, Reaching safepoint: 81012 ns, At safepoint: 127895 ns, Total: 208907 ns
[2020-07-12T01:09:51.309+0000][5284][gc,phases   ] GC(53) Concurrent Relocate 1.367ms
[2020-07-12T01:09:51.309+0000][5284][gc,heap     ] GC(53) Heap after GC invocations=54 (full 54): ZHeap           used 70M, capacity 4096M, max capacity 4096M
[2020-07-12T01:09:51.309+0000][5284][gc,heap     ] GC(53)  Metaspace       used 80095K, capacity 82884K, committed 83012K, reserved 83968K
[2020-07-12T01:09:51.309+0000][5284][gc,load     ] GC(53) Load: 0.98/0.90/0.57
[2020-07-12T01:09:51.309+0000][5284][gc,mmu      ] GC(53) MMU: 2ms/49.3%, 5ms/79.7%, 10ms/89.9%, 20ms/94.9%, 50ms/97.3%, 100ms/98.3%
[2020-07-12T01:09:51.309+0000][5284][gc,marking  ] GC(53) Mark: 1 stripe(s), 2 proactive flush(es), 1 terminate flush(es), 1 completion(s), 0 continuation(s) 
[2020-07-12T01:09:51.309+0000][5284][gc,reloc    ] GC(53) Relocation: Successful, 1M relocated
[2020-07-12T01:09:51.309+0000][5284][gc,nmethod  ] GC(53) NMethods: 5483 registered, 0 unregistered
[2020-07-12T01:09:51.309+0000][5284][gc,metaspace] GC(53) Metaspace: 78M used, 80M capacity, 81M committed, 82M reserved
[2020-07-12T01:09:51.309+0000][5284][gc,ref      ] GC(53) Soft: 3922 encountered, 0 discovered, 0 enqueued
[2020-07-12T01:09:51.309+0000][5284][gc,ref      ] GC(53) Weak: 6657 encountered, 4333 discovered, 0 enqueued
[2020-07-12T01:09:51.309+0000][5284][gc,ref      ] GC(53) Final: 3 encountered, 0 discovered, 0 enqueued
[2020-07-12T01:09:51.309+0000][5284][gc,ref      ] GC(53) Phantom: 435 encountered, 294 discovered, 0 enqueued
[2020-07-12T01:09:51.309+0000][5284][gc,heap     ] GC(53) Min Capacity: 4096M(100%)
[2020-07-12T01:09:51.309+0000][5284][gc,heap     ] GC(53) Max Capacity: 4096M(100%)
[2020-07-12T01:09:51.309+0000][5284][gc,heap     ] GC(53) Soft Max Capacity: 4096M(100%)
[2020-07-12T01:09:51.309+0000][5284][gc,heap     ] GC(53)                Mark Start          Mark End        Relocate Start      Relocate End           High               Low         
[2020-07-12T01:09:51.309+0000][5284][gc,heap     ] GC(53)  Capacity:     4096M (100%)       4096M (100%)       4096M (100%)       4096M (100%)       4096M (100%)       4096M (100%)   
[2020-07-12T01:09:51.309+0000][5284][gc,heap     ] GC(53)   Reserve:       42M (1%)           42M (1%)           42M (1%)           42M (1%)           42M (1%)           42M (1%)     
[2020-07-12T01:09:51.309+0000][5284][gc,heap     ] GC(53)      Free:     3404M (83%)        3402M (83%)        3946M (96%)        3984M (97%)        3984M (97%)        3402M (83%)    
[2020-07-12T01:09:51.309+0000][5284][gc,heap     ] GC(53)      Used:      650M (16%)         652M (16%)         108M (3%)           70M (2%)          652M (16%)          70M (2%)     
[2020-07-12T01:09:51.309+0000][5284][gc,heap     ] GC(53)      Live:         -                28M (1%)           28M (1%)           28M (1%)             -                  -          
[2020-07-12T01:09:51.309+0000][5284][gc,heap     ] GC(53) Allocated:         -                 2M (0%)            2M (0%)           10M (0%)             -                  -          
[2020-07-12T01:09:51.309+0000][5284][gc,heap     ] GC(53)   Garbage:         -               621M (15%)          77M (2%)           39M (1%)             -                  -          
[2020-07-12T01:09:51.309+0000][5284][gc,heap     ] GC(53) Reclaimed:         -                  -               544M (13%)         582M (14%)            -                  -          
[2020-07-12T01:09:51.309+0000][5284][gc          ] GC(53) Garbage Collection (Proactive) 650M(16%)->70M(2%)
[2020-07-12T01:09:53.821+0000][5284][safepoint   ] Safepoint "PrintThreads", Time since last: 2513229892 ns, Reaching safepoint: 71110 ns, At safepoint: 622115 ns, Total: 693225 ns
[2020-07-12T01:09:53.822+0000][5284][safepoint   ] Safepoint "PrintJNI", Time since last: 78599 ns, Reaching safepoint: 600885 ns, At safepoint: 8539 ns, Total: 609424 ns
[2020-07-12T01:09:53.822+0000][5284][safepoint   ] Safepoint "FindDeadlocks", Time since last: 23462 ns, Reaching safepoint: 440889 ns, At safepoint: 12654 ns, Total: 453543 ns
[2020-07-12T01:09:55.824+0000][5284][safepoint   ] Safepoint "Cleanup", Time since last: 2000955331 ns, Reaching safepoint: 90593 ns, At safepoint: 7580 ns, Total: 98173 ns
[2020-07-12T01:09:55.924+0000][5284][gc,heap     ] GC(54) Heap before GC invocations=54 (full 54): ZHeap           used 636M, capacity 4096M, max capacity 4096M
[2020-07-12T01:09:55.924+0000][5284][gc,heap     ] GC(54)  Metaspace       used 80102K, capacity 82888K, committed 83012K, reserved 83968K
[2020-07-12T01:09:55.924+0000][5284][gc,start    ] GC(54) Garbage Collection (Proactive)
[2020-07-12T01:09:55.924+0000][5284][gc,phases   ] GC(54) Pause Mark Start 0.158ms
[2020-07-12T01:09:55.924+0000][5284][safepoint   ] Safepoint "ZMarkStart", Time since last: 100451987 ns, Reaching safepoint: 197372 ns, At safepoint: 190872 ns, Total: 388244 ns
[2020-07-12T01:09:55.972+0000][5284][gc,phases   ] GC(54) Concurrent Mark 47.852ms
[2020-07-12T01:09:55.973+0000][5284][gc,phases   ] GC(54) Pause Mark End 0.347ms
[2020-07-12T01:09:55.973+0000][5284][safepoint   ] Safepoint "ZMarkEnd", Time since last: 47938407 ns, Reaching safepoint: 78925 ns, At safepoint: 369666 ns, Total: 448591 ns
[2020-07-12T01:09:55.999+0000][5284][gc,phases   ] GC(54) Concurrent Process Non-Strong References 26.377ms
[2020-07-12T01:09:55.999+0000][5284][gc,phases   ] GC(54) Concurrent Reset Relocation Set 0.005ms
[2020-07-12T01:09:56.000+0000][5284][gc,phases   ] GC(54) Concurrent Select Relocation Set 1.058ms
[2020-07-12T01:09:56.001+0000][5284][gc,phases   ] GC(54) Pause Relocate Start 0.148ms
[2020-07-12T01:09:56.001+0000][5284][safepoint   ] Safepoint "ZRelocateStart", Time since last: 27557657 ns, Reaching safepoint: 76256 ns, At safepoint: 169240 ns, Total: 245496 ns
[2020-07-12T01:09:56.002+0000][5284][gc,phases   ] GC(54) Concurrent Relocate 1.694ms
[2020-07-12T01:09:56.002+0000][5284][gc,heap     ] GC(54) Heap after GC invocations=55 (full 55): ZHeap           used 86M, capacity 4096M, max capacity 4096M
[2020-07-12T01:09:56.002+0000][5284][gc,heap     ] GC(54)  Metaspace       used 80103K, capacity 82888K, committed 83012K, reserved 83968K
[2020-07-12T01:09:56.002+0000][5284][gc,load     ] GC(54) Load: 2.35/1.19/0.67
[2020-07-12T01:09:56.002+0000][5284][gc,mmu      ] GC(54) MMU: 2ms/49.3%, 5ms/79.7%, 10ms/89.9%, 20ms/94.9%, 50ms/97.3%, 100ms/98.3%
[2020-07-12T01:09:56.002+0000][5284][gc,marking  ] GC(54) Mark: 1 stripe(s), 2 proactive flush(es), 1 terminate flush(es), 1 completion(s), 0 continuation(s) 
[2020-07-12T01:09:56.002+0000][5284][gc,reloc    ] GC(54) Relocation: Successful, 1M relocated
[2020-07-12T01:09:56.002+0000][5284][gc,nmethod  ] GC(54) NMethods: 5491 registered, 0 unregistered
[2020-07-12T01:09:56.002+0000][5284][gc,metaspace] GC(54) Metaspace: 78M used, 80M capacity, 81M committed, 82M reserved
[2020-07-12T01:09:56.002+0000][5284][gc,ref      ] GC(54) Soft: 3922 encountered, 0 discovered, 0 enqueued
[2020-07-12T01:09:56.002+0000][5284][gc,ref      ] GC(54) Weak: 6657 encountered, 4318 discovered, 0 enqueued
[2020-07-12T01:09:56.002+0000][5284][gc,ref      ] GC(54) Final: 3 encountered, 0 discovered, 0 enqueued
[2020-07-12T01:09:56.002+0000][5284][gc,ref      ] GC(54) Phantom: 435 encountered, 294 discovered, 0 enqueued
[2020-07-12T01:09:56.002+0000][5284][gc,heap     ] GC(54) Min Capacity: 4096M(100%)
[2020-07-12T01:09:56.002+0000][5284][gc,heap     ] GC(54) Max Capacity: 4096M(100%)
[2020-07-12T01:09:56.002+0000][5284][gc,heap     ] GC(54) Soft Max Capacity: 4096M(100%)
[2020-07-12T01:09:56.002+0000][5284][gc,heap     ] GC(54)                Mark Start          Mark End        Relocate Start      Relocate End           High               Low         
[2020-07-12T01:09:56.002+0000][5284][gc,heap     ] GC(54)  Capacity:     4096M (100%)       4096M (100%)       4096M (100%)       4096M (100%)       4096M (100%)       4096M (100%)   
[2020-07-12T01:09:56.003+0000][5284][gc,heap     ] GC(54)   Reserve:       42M (1%)           42M (1%)           42M (1%)           42M (1%)           42M (1%)           42M (1%)     
[2020-07-12T01:09:56.003+0000][5284][gc,heap     ] GC(54)      Free:     3418M (83%)        3396M (83%)        3922M (96%)        3968M (97%)        3968M (97%)        3396M (83%)    
[2020-07-12T01:09:56.003+0000][5284][gc,heap     ] GC(54)      Used:      636M (16%)         658M (16%)         132M (3%)           86M (2%)          658M (16%)          86M (2%)     
[2020-07-12T01:09:56.003+0000][5284][gc,heap     ] GC(54)      Live:         -                28M (1%)           28M (1%)           28M (1%)             -                  -          
[2020-07-12T01:09:56.003+0000][5284][gc,heap     ] GC(54) Allocated:         -                22M (1%)           22M (1%)           26M (1%)             -                  -          
[2020-07-12T01:09:56.003+0000][5284][gc,heap     ] GC(54)   Garbage:         -               607M (15%)          81M (2%)           35M (1%)             -                  -          
[2020-07-12T01:09:56.003+0000][5284][gc,heap     ] GC(54) Reclaimed:         -                  -               526M (13%)         572M (14%)            -                  -          
[2020-07-12T01:09:56.003+0000][5284][gc          ] GC(54) Garbage Collection (Proactive) 636M(16%)->86M(2%)
[2020-07-12T01:09:58.924+0000][5284][gc,stats    ] === Garbage Collection Statistics =======================================================================================================================
[2020-07-12T01:09:58.924+0000][5284][gc,stats    ]                                                              Last 10s              Last 10m              Last 10h                Total
[2020-07-12T01:09:58.924+0000][5284][gc,stats    ]                                                              Avg / Max             Avg / Max             Avg / Max             Avg / Max
[2020-07-12T01:09:58.924+0000][5284][gc,stats    ]   Collector: Garbage Collection Cycle                     81.891 / 85.354       74.322 / 117.511      74.322 / 117.511      74.322 / 117.511     ms
[2020-07-12T01:09:58.924+0000][5284][gc,stats    ]  Contention: Mark Segment Reset Contention                     0 / 0                 0 / 0                 0 / 0                 0 / 0           ops/s
[2020-07-12T01:09:58.924+0000][5284][gc,stats    ]  Contention: Mark SeqNum Reset Contention                      0 / 0                 0 / 0                 0 / 0                 0 / 0           ops/s
[2020-07-12T01:09:58.924+0000][5284][gc,stats    ]  Contention: Relocation Contention                             0 / 0                 0 / 4                 0 / 4                 0 / 4           ops/s
[2020-07-12T01:09:58.924+0000][5284][gc,stats    ]    Critical: Allocation Stall                              0.000 / 0.000         0.000 / 0.000         0.000 / 0.000         0.000 / 0.000       ms
[2020-07-12T01:09:58.924+0000][5284][gc,stats    ]    Critical: Allocation Stall                                  0 / 0                 0 / 0                 0 / 0                 0 / 0           ops/s
[2020-07-12T01:09:58.924+0000][5284][gc,stats    ]    Critical: GC Locker Stall                               0.000 / 0.000         0.093 / 0.093         0.093 / 0.093         0.093 / 0.093       ms
[2020-07-12T01:09:58.924+0000][5284][gc,stats    ]    Critical: GC Locker Stall                                   0 / 0                 0 / 1                 0 / 1                 0 / 1           ops/s
[2020-07-12T01:09:58.924+0000][5284][gc,stats    ]      Memory: Allocation Rate                                 116 / 224             109 / 238             109 / 238             109 / 238         MB/s
[2020-07-12T01:09:58.924+0000][5284][gc,stats    ]      Memory: Heap Used After Mark                            655 / 658             560 / 1286            560 / 1286            560 / 1286        MB
[2020-07-12T01:09:58.924+0000][5284][gc,stats    ]      Memory: Heap Used After Relocation                       78 / 86               82 / 108              82 / 108              82 / 108         MB
[2020-07-12T01:09:58.924+0000][5284][gc,stats    ]      Memory: Heap Used Before Mark                           643 / 650             544 / 1270            544 / 1270            544 / 1270        MB
[2020-07-12T01:09:58.924+0000][5284][gc,stats    ]      Memory: Heap Used Before Relocation                     120 / 132             136 / 338             136 / 338             136 / 338         MB
[2020-07-12T01:09:58.924+0000][5284][gc,stats    ]      Memory: Out Of Memory                                     0 / 0                 0 / 0                 0 / 0                 0 / 0           ops/s
[2020-07-12T01:09:58.924+0000][5284][gc,stats    ]      Memory: Page Cache Flush                                  0 / 0                 0 / 0                 0 / 0                 0 / 0           MB/s
[2020-07-12T01:09:58.924+0000][5284][gc,stats    ]      Memory: Page Cache Hit L1                                58 / 112              52 / 121              52 / 121              52 / 121         ops/s
[2020-07-12T01:09:58.924+0000][5284][gc,stats    ]      Memory: Page Cache Hit L2                                 0 / 0                 0 / 0                 0 / 0                 0 / 0           ops/s
[2020-07-12T01:09:58.924+0000][5284][gc,stats    ]      Memory: Page Cache Hit L3                                 0 / 0                 2 / 96                2 / 96                2 / 96          ops/s
[2020-07-12T01:09:58.924+0000][5284][gc,stats    ]      Memory: Page Cache Miss                                   0 / 0                 0 / 0                 0 / 0                 0 / 0           ops/s
[2020-07-12T01:09:58.924+0000][5284][gc,stats    ]      Memory: Uncommit                                          0 / 0                 0 / 0                 0 / 0                 0 / 0           MB/s
[2020-07-12T01:09:58.924+0000][5284][gc,stats    ]      Memory: Undo Object Allocation Failed                     0 / 0                 0 / 0                 0 / 0                 0 / 0           ops/s
[2020-07-12T01:09:58.924+0000][5284][gc,stats    ]      Memory: Undo Object Allocation Succeeded                  0 / 0                 0 / 4                 0 / 4                 0 / 4           ops/s
[2020-07-12T01:09:58.924+0000][5284][gc,stats    ]      Memory: Undo Page Allocation                              0 / 0                 0 / 0                 0 / 0                 0 / 0           ops/s
[2020-07-12T01:09:58.924+0000][5284][gc,stats    ]       Phase: Concurrent Mark                              50.604 / 53.355       46.734 / 77.269       46.734 / 77.269       46.734 / 77.269      ms
[2020-07-12T01:09:58.924+0000][5284][gc,stats    ]       Phase: Concurrent Mark Continue                      0.000 / 0.000         0.000 / 0.000         0.000 / 0.000         0.000 / 0.000       ms
[2020-07-12T01:09:58.924+0000][5284][gc,stats    ]       Phase: Concurrent Process Non-Strong References     27.273 / 28.169       22.659 / 37.730       22.659 / 37.730       22.659 / 37.730      ms
[2020-07-12T01:09:58.924+0000][5284][gc,stats    ]       Phase: Concurrent Relocate                           1.531 / 1.694         1.930 / 18.136        1.930 / 18.136        1.930 / 18.136      ms
[2020-07-12T01:09:58.924+0000][5284][gc,stats    ]       Phase: Concurrent Reset Relocation Set               0.004 / 0.005         0.004 / 0.015         0.004 / 0.015         0.004 / 0.015       ms
[2020-07-12T01:09:58.924+0000][5284][gc,stats    ]       Phase: Concurrent Select Relocation Set              1.051 / 1.058         1.105 / 5.622         1.105 / 5.622         1.105 / 5.622       ms
[2020-07-12T01:09:58.924+0000][5284][gc,stats    ]       Phase: Pause Mark End                                0.351 / 0.356         0.330 / 0.457         0.330 / 0.457         0.330 / 0.457       ms
[2020-07-12T01:09:58.924+0000][5284][gc,stats    ]       Phase: Pause Mark Start                              0.143 / 0.158         0.179 / 0.724         0.179 / 0.724         0.179 / 0.724       ms
[2020-07-12T01:09:58.924+0000][5284][gc,stats    ]       Phase: Pause Relocate Start                          0.128 / 0.148         0.144 / 1.014         0.144 / 1.014         0.144 / 1.014       ms
[2020-07-12T01:09:58.924+0000][5284][gc,stats    ]    Subphase: Concurrent Classes Purge                      0.775 / 0.801         0.765 / 8.877         0.765 / 8.877         0.765 / 8.877       ms
[2020-07-12T01:09:58.924+0000][5284][gc,stats    ]    Subphase: Concurrent Classes Unlink                    24.681 / 25.727       20.166 / 32.180       20.166 / 32.180       20.166 / 32.180      ms
[2020-07-12T01:09:58.924+0000][5284][gc,stats    ]    Subphase: Concurrent Mark                              48.918 / 50.872       46.031 / 76.517       46.031 / 76.517       46.031 / 76.517      ms
[2020-07-12T01:09:58.924+0000][5284][gc,stats    ]    Subphase: Concurrent Mark Idle                          0.000 / 0.000         0.000 / 0.000         0.000 / 0.000         0.000 / 0.000       ms
[2020-07-12T01:09:58.924+0000][5284][gc,stats    ]    Subphase: Concurrent Mark Try Flush                     0.069 / 0.106         0.118 / 1.569         0.118 / 1.569         0.118 / 1.569       ms
[2020-07-12T01:09:58.924+0000][5284][gc,stats    ]    Subphase: Concurrent Mark Try Terminate                 0.028 / 0.064         0.053 / 0.756         0.053 / 0.756         0.053 / 0.756       ms
[2020-07-12T01:09:58.924+0000][5284][gc,stats    ]    Subphase: Concurrent References Enqueue                 0.000 / 0.000         0.001 / 0.004         0.001 / 0.004         0.001 / 0.004       ms
[2020-07-12T01:09:58.924+0000][5284][gc,stats    ]    Subphase: Concurrent References Process                 0.749 / 0.908         0.508 / 1.144         0.508 / 1.144         0.508 / 1.144       ms
[2020-07-12T01:09:58.924+0000][5284][gc,stats    ]    Subphase: Concurrent Roots                              0.359 / 0.370         0.306 / 1.449         0.306 / 1.449         0.306 / 1.449       ms
[2020-07-12T01:09:58.924+0000][5284][gc,stats    ]    Subphase: Concurrent Roots ClassLoaderDataGraph         0.352 / 0.362         0.301 / 1.421         0.301 / 1.421         0.301 / 1.421       ms
[2020-07-12T01:09:58.924+0000][5284][gc,stats    ]    Subphase: Concurrent Roots JNIHandles                   0.005 / 0.006         0.004 / 0.012         0.004 / 0.012         0.004 / 0.012       ms
[2020-07-12T01:09:58.924+0000][5284][gc,stats    ]    Subphase: Concurrent Roots Setup                        0.342 / 0.417         0.179 / 0.465         0.179 / 0.465         0.179 / 0.465       ms
[2020-07-12T01:09:58.924+0000][5284][gc,stats    ]    Subphase: Concurrent Roots Teardown                     0.000 / 0.000         0.000 / 0.002         0.000 / 0.002         0.000 / 0.002       ms
[2020-07-12T01:09:58.924+0000][5284][gc,stats    ]    Subphase: Concurrent Roots VMHandles                    0.000 / 0.000         0.000 / 0.000         0.000 / 0.000         0.000 / 0.000       ms
[2020-07-12T01:09:58.924+0000][5284][gc,stats    ]    Subphase: Concurrent Weak Roots                         0.911 / 0.993         0.880 / 1.445         0.880 / 1.445         0.880 / 1.445       ms
[2020-07-12T01:09:58.924+0000][5284][gc,stats    ]    Subphase: Concurrent Weak Roots JNIWeakHandles          0.001 / 0.001         0.001 / 0.004         0.001 / 0.004         0.001 / 0.004       ms
[2020-07-12T01:09:58.924+0000][5284][gc,stats    ]    Subphase: Concurrent Weak Roots ResolvedMethodTable     0.097 / 0.099         0.092 / 0.181         0.092 / 0.181         0.092 / 0.181       ms
[2020-07-12T01:09:58.924+0000][5284][gc,stats    ]    Subphase: Concurrent Weak Roots StringTable             0.751 / 0.829         0.728 / 1.194         0.728 / 1.194         0.728 / 1.194       ms
[2020-07-12T01:09:58.924+0000][5284][gc,stats    ]    Subphase: Concurrent Weak Roots VMWeakHandles           0.060 / 0.066         0.055 / 0.082         0.055 / 0.082         0.055 / 0.082       ms
[2020-07-12T01:09:58.925+0000][5284][gc,stats    ]    Subphase: Pause Mark Try Complete                       0.179 / 0.181         0.144 / 0.203         0.144 / 0.203         0.144 / 0.203       ms
[2020-07-12T01:09:58.925+0000][5284][gc,stats    ]    Subphase: Pause Roots                                   0.049 / 0.088         0.040 / 0.936         0.040 / 0.936         0.040 / 0.936       ms
[2020-07-12T01:09:58.925+0000][5284][gc,stats    ]    Subphase: Pause Roots CodeCache                         0.000 / 0.000         0.000 / 0.000         0.000 / 0.000         0.000 / 0.000       ms
[2020-07-12T01:09:58.925+0000][5284][gc,stats    ]    Subphase: Pause Roots JVMTIExport                       0.002 / 0.003         0.002 / 0.007         0.002 / 0.007         0.002 / 0.007       ms
[2020-07-12T01:09:58.925+0000][5284][gc,stats    ]    Subphase: Pause Roots JVMTIWeakExport                   0.001 / 0.001         0.001 / 0.001         0.001 / 0.001         0.001 / 0.001       ms
[2020-07-12T01:09:58.925+0000][5284][gc,stats    ]    Subphase: Pause Roots Management                        0.001 / 0.001         0.001 / 0.003         0.001 / 0.003         0.001 / 0.003       ms
[2020-07-12T01:09:58.925+0000][5284][gc,stats    ]    Subphase: Pause Roots ObjectSynchronizer                0.000 / 0.000         0.000 / 0.001         0.000 / 0.001         0.000 / 0.001       ms
[2020-07-12T01:09:58.925+0000][5284][gc,stats    ]    Subphase: Pause Roots Setup                             0.001 / 0.001         0.001 / 0.036         0.001 / 0.036         0.001 / 0.036       ms
[2020-07-12T01:09:58.925+0000][5284][gc,stats    ]    Subphase: Pause Roots SystemDictionary                  0.025 / 0.037         0.011 / 0.042         0.011 / 0.042         0.011 / 0.042       ms
[2020-07-12T01:09:58.925+0000][5284][gc,stats    ]    Subphase: Pause Roots Teardown                          0.001 / 0.002         0.001 / 0.012         0.001 / 0.012         0.001 / 0.012       ms
[2020-07-12T01:09:58.925+0000][5284][gc,stats    ]    Subphase: Pause Roots Threads                           0.050 / 0.081         0.044 / 0.913         0.044 / 0.913         0.044 / 0.913       ms
[2020-07-12T01:09:58.925+0000][5284][gc,stats    ]    Subphase: Pause Roots Universe                          0.005 / 0.010         0.002 / 0.011         0.002 / 0.011         0.002 / 0.011       ms
[2020-07-12T01:09:58.925+0000][5284][gc,stats    ]    Subphase: Pause Weak Roots                              0.013 / 0.071         0.009 / 0.087         0.009 / 0.087         0.009 / 0.087       ms
[2020-07-12T01:09:58.925+0000][5284][gc,stats    ]    Subphase: Pause Weak Roots JFRWeak                      0.060 / 0.070         0.045 / 0.084         0.045 / 0.084         0.045 / 0.084       ms
[2020-07-12T01:09:58.925+0000][5284][gc,stats    ]    Subphase: Pause Weak Roots JVMTIWeakExport              0.001 / 0.001         0.001 / 0.001         0.001 / 0.001         0.001 / 0.001       ms
[2020-07-12T01:09:58.925+0000][5284][gc,stats    ]    Subphase: Pause Weak Roots Setup                        0.000 / 0.000         0.000 / 0.000         0.000 / 0.000         0.000 / 0.000       ms
[2020-07-12T01:09:58.925+0000][5284][gc,stats    ]    Subphase: Pause Weak Roots Teardown                     0.000 / 0.000         0.000 / 0.000         0.000 / 0.000         0.000 / 0.000       ms
[2020-07-12T01:09:58.925+0000][5284][gc,stats    ]      System: Java Threads                                     37 / 37               35 / 38               35 / 38               35 / 38          threads
[2020-07-12T01:09:58.925+0000][5284][gc,stats    ] =========================================================================================================================================================
[2020-07-12T01:09:59.003+0000][5284][safepoint   ] Safepoint "Cleanup", Time since last: 3002394755 ns, Reaching safepoint: 100641 ns, At safepoint: 2671 ns, Total: 103312 ns
[2020-07-12T01:10:00.334+0000][5284][gc,heap     ] GC(55) Heap before GC invocations=55 (full 55): ZHeap           used 542M, capacity 4096M, max capacity 4096M
[2020-07-12T01:10:00.334+0000][5284][gc,heap     ] GC(55)  Metaspace       used 80109K, capacity 82888K, committed 83012K, reserved 83968K
[2020-07-12T01:10:00.334+0000][5284][gc,start    ] GC(55) Garbage Collection (Proactive)
[2020-07-12T01:10:00.334+0000][5284][gc,phases   ] GC(55) Pause Mark Start 0.201ms
[2020-07-12T01:10:00.334+0000][5284][safepoint   ] Safepoint "ZMarkStart", Time since last: 1330731229 ns, Reaching safepoint: 91743 ns, At safepoint: 226244 ns, Total: 317987 ns
[2020-07-12T01:10:00.382+0000][5284][gc,phases   ] GC(55) Concurrent Mark 47.346ms
[2020-07-12T01:10:00.382+0000][5284][gc,phases   ] GC(55) Pause Mark End 0.371ms
[2020-07-12T01:10:00.382+0000][5284][safepoint   ] Safepoint "ZMarkEnd", Time since last: 47461998 ns, Reaching safepoint: 75170 ns, At safepoint: 395597 ns, Total: 470767 ns
[2020-07-12T01:10:00.409+0000][5284][gc,phases   ] GC(55) Concurrent Process Non-Strong References 27.302ms
[2020-07-12T01:10:00.409+0000][5284][gc,phases   ] GC(55) Concurrent Reset Relocation Set 0.004ms
[2020-07-12T01:10:00.410+0000][5284][gc,phases   ] GC(55) Concurrent Select Relocation Set 1.006ms
[2020-07-12T01:10:00.411+0000][5284][gc,phases   ] GC(55) Pause Relocate Start 0.118ms
[2020-07-12T01:10:00.411+0000][5284][safepoint   ] Safepoint "ZRelocateStart", Time since last: 28480847 ns, Reaching safepoint: 65155 ns, At safepoint: 140726 ns, Total: 205881 ns
[2020-07-12T01:10:00.412+0000][5284][gc,phases   ] GC(55) Concurrent Relocate 1.331ms
[2020-07-12T01:10:00.412+0000][5284][gc,heap     ] GC(55) Heap after GC invocations=56 (full 56): ZHeap           used 68M, capacity 4096M, max capacity 4096M
[2020-07-12T01:10:00.412+0000][5284][gc,heap     ] GC(55)  Metaspace       used 80109K, capacity 82888K, committed 83012K, reserved 83968K
[2020-07-12T01:10:00.412+0000][5284][gc,load     ] GC(55) Load: 2.24/1.18/0.67
[2020-07-12T01:10:00.412+0000][5284][gc,mmu      ] GC(55) MMU: 2ms/49.3%, 5ms/79.7%, 10ms/89.9%, 20ms/94.9%, 50ms/97.3%, 100ms/98.3%
[2020-07-12T01:10:00.412+0000][5284][gc,marking  ] GC(55) Mark: 1 stripe(s), 2 proactive flush(es), 1 terminate flush(es), 1 completion(s), 0 continuation(s) 
[2020-07-12T01:10:00.412+0000][5284][gc,reloc    ] GC(55) Relocation: Successful, 1M relocated
[2020-07-12T01:10:00.412+0000][5284][gc,nmethod  ] GC(55) NMethods: 5497 registered, 0 unregistered
[2020-07-12T01:10:00.412+0000][5284][gc,metaspace] GC(55) Metaspace: 78M used, 80M capacity, 81M committed, 82M reserved
[2020-07-12T01:10:00.412+0000][5284][gc,ref      ] GC(55) Soft: 3922 encountered, 0 discovered, 0 enqueued
[2020-07-12T01:10:00.412+0000][5284][gc,ref      ] GC(55) Weak: 6656 encountered, 4331 discovered, 0 enqueued
[2020-07-12T01:10:00.412+0000][5284][gc,ref      ] GC(55) Final: 3 encountered, 0 discovered, 0 enqueued
[2020-07-12T01:10:00.412+0000][5284][gc,ref      ] GC(55) Phantom: 435 encountered, 294 discovered, 0 enqueued
[2020-07-12T01:10:00.412+0000][5284][gc,heap     ] GC(55) Min Capacity: 4096M(100%)
[2020-07-12T01:10:00.412+0000][5284][gc,heap     ] GC(55) Max Capacity: 4096M(100%)
[2020-07-12T01:10:00.412+0000][5284][gc,heap     ] GC(55) Soft Max Capacity: 4096M(100%)
[2020-07-12T01:10:00.412+0000][5284][gc,heap     ] GC(55)                Mark Start          Mark End        Relocate Start      Relocate End           High               Low         
[2020-07-12T01:10:00.412+0000][5284][gc,heap     ] GC(55)  Capacity:     4096M (100%)       4096M (100%)       4096M (100%)       4096M (100%)       4096M (100%)       4096M (100%)   
[2020-07-12T01:10:00.412+0000][5284][gc,heap     ] GC(55)   Reserve:       42M (1%)           42M (1%)           42M (1%)           42M (1%)           42M (1%)           42M (1%)     
[2020-07-12T01:10:00.412+0000][5284][gc,heap     ] GC(55)      Free:     3512M (86%)        3510M (86%)        3948M (96%)        3986M (97%)        3986M (97%)        3510M (86%)    
[2020-07-12T01:10:00.412+0000][5284][gc,heap     ] GC(55)      Used:      542M (13%)         544M (13%)         106M (3%)           68M (2%)          544M (13%)          68M (2%)     
[2020-07-12T01:10:00.412+0000][5284][gc,heap     ] GC(55)      Live:         -                28M (1%)           28M (1%)           28M (1%)             -                  -          
[2020-07-12T01:10:00.412+0000][5284][gc,heap     ] GC(55) Allocated:         -                 2M (0%)            2M (0%)            8M (0%)             -                  -          
[2020-07-12T01:10:00.412+0000][5284][gc,heap     ] GC(55)   Garbage:         -               513M (13%)          75M (2%)           37M (1%)             -                  -          
[2020-07-12T01:10:00.412+0000][5284][gc,heap     ] GC(55) Reclaimed:         -                  -               438M (11%)         476M (12%)            -                  -          
[2020-07-12T01:10:00.412+0000][5284][gc          ] GC(55) Garbage Collection (Proactive) 542M(13%)->68M(2%)
[2020-07-12T01:10:03.413+0000][5284][safepoint   ] Safepoint "Cleanup", Time since last: 3002429057 ns, Reaching safepoint: 66418 ns, At safepoint: 4695 ns, Total: 71113 ns
[2020-07-12T01:10:04.523+0000][5284][gc,heap     ] GC(56) Heap before GC invocations=56 (full 56): ZHeap           used 544M, capacity 4096M, max capacity 4096M
[2020-07-12T01:10:04.523+0000][5284][gc,heap     ] GC(56)  Metaspace       used 80115K, capacity 82888K, committed 83012K, reserved 83968K
[2020-07-12T01:10:04.523+0000][5284][gc,start    ] GC(56) Garbage Collection (Proactive)
[2020-07-12T01:10:04.524+0000][5284][gc,phases   ] GC(56) Pause Mark Start 0.169ms
[2020-07-12T01:10:04.524+0000][5284][safepoint   ] Safepoint "ZMarkStart", Time since last: 1110114090 ns, Reaching safepoint: 121503 ns, At safepoint: 193103 ns, Total: 314606 ns
[2020-07-12T01:10:04.574+0000][5284][gc,phases   ] GC(56) Concurrent Mark 50.333ms
[2020-07-12T01:10:04.575+0000][5284][gc,phases   ] GC(56) Pause Mark End 0.366ms
[2020-07-12T01:10:04.575+0000][5284][safepoint   ] Safepoint "ZMarkEnd", Time since last: 50563357 ns, Reaching safepoint: 141614 ns, At safepoint: 394766 ns, Total: 536380 ns
[2020-07-12T01:10:04.608+0000][5284][gc,phases   ] GC(56) Concurrent Process Non-Strong References 33.267ms
[2020-07-12T01:10:04.608+0000][5284][gc,phases   ] GC(56) Concurrent Reset Relocation Set 0.004ms
[2020-07-12T01:10:04.609+0000][5284][gc,phases   ] GC(56) Concurrent Select Relocation Set 1.216ms
[2020-07-12T01:10:04.610+0000][5284][gc,phases   ] GC(56) Pause Relocate Start 0.155ms
[2020-07-12T01:10:04.610+0000][5284][safepoint   ] Safepoint "ZRelocateStart", Time since last: 34577538 ns, Reaching safepoint: 133492 ns, At safepoint: 174819 ns, Total: 308311 ns
[2020-07-12T01:10:04.611+0000][5284][gc,phases   ] GC(56) Concurrent Relocate 1.680ms
[2020-07-12T01:10:04.611+0000][5284][gc,heap     ] GC(56) Heap after GC invocations=57 (full 57): ZHeap           used 102M, capacity 4096M, max capacity 4096M
[2020-07-12T01:10:04.611+0000][5284][gc,heap     ] GC(56)  Metaspace       used 80115K, capacity 82888K, committed 83012K, reserved 83968K
[2020-07-12T01:10:04.611+0000][5284][gc,load     ] GC(56) Load: 2.38/1.23/0.69
[2020-07-12T01:10:04.611+0000][5284][gc,mmu      ] GC(56) MMU: 2ms/49.3%, 5ms/79.7%, 10ms/89.9%, 20ms/94.9%, 50ms/97.3%, 100ms/98.3%
[2020-07-12T01:10:04.611+0000][5284][gc,marking  ] GC(56) Mark: 1 stripe(s), 2 proactive flush(es), 1 terminate flush(es), 1 completion(s), 0 continuation(s) 
[2020-07-12T01:10:04.611+0000][5284][gc,reloc    ] GC(56) Relocation: Successful, 1M relocated
[2020-07-12T01:10:04.611+0000][5284][gc,nmethod  ] GC(56) NMethods: 5505 registered, 0 unregistered
[2020-07-12T01:10:04.611+0000][5284][gc,metaspace] GC(56) Metaspace: 78M used, 80M capacity, 81M committed, 82M reserved
[2020-07-12T01:10:04.611+0000][5284][gc,ref      ] GC(56) Soft: 3922 encountered, 0 discovered, 0 enqueued
[2020-07-12T01:10:04.611+0000][5284][gc,ref      ] GC(56) Weak: 6656 encountered, 4332 discovered, 0 enqueued
[2020-07-12T01:10:04.611+0000][5284][gc,ref      ] GC(56) Final: 3 encountered, 0 discovered, 0 enqueued
[2020-07-12T01:10:04.611+0000][5284][gc,ref      ] GC(56) Phantom: 435 encountered, 294 discovered, 0 enqueued
[2020-07-12T01:10:04.611+0000][5284][gc,heap     ] GC(56) Min Capacity: 4096M(100%)
[2020-07-12T01:10:04.611+0000][5284][gc,heap     ] GC(56) Max Capacity: 4096M(100%)
[2020-07-12T01:10:04.611+0000][5284][gc,heap     ] GC(56) Soft Max Capacity: 4096M(100%)
[2020-07-12T01:10:04.611+0000][5284][gc,heap     ] GC(56)                Mark Start          Mark End        Relocate Start      Relocate End           High               Low         
[2020-07-12T01:10:04.611+0000][5284][gc,heap     ] GC(56)  Capacity:     4096M (100%)       4096M (100%)       4096M (100%)       4096M (100%)       4096M (100%)       4096M (100%)   
[2020-07-12T01:10:04.611+0000][5284][gc,heap     ] GC(56)   Reserve:       42M (1%)           42M (1%)           42M (1%)           42M (1%)           42M (1%)           42M (1%)     
[2020-07-12T01:10:04.611+0000][5284][gc,heap     ] GC(56)      Free:     3510M (86%)        3486M (85%)        3920M (96%)        3952M (96%)        3952M (96%)        3476M (85%)    
[2020-07-12T01:10:04.611+0000][5284][gc,heap     ] GC(56)      Used:      544M (13%)         568M (14%)         134M (3%)          102M (2%)          578M (14%)         102M (2%)     
[2020-07-12T01:10:04.611+0000][5284][gc,heap     ] GC(56)      Live:         -                28M (1%)           28M (1%)           28M (1%)             -                  -          
[2020-07-12T01:10:04.611+0000][5284][gc,heap     ] GC(56) Allocated:         -                24M (1%)           36M (1%)           42M (1%)             -                  -          
[2020-07-12T01:10:04.611+0000][5284][gc,heap     ] GC(56)   Garbage:         -               515M (13%)          69M (2%)           37M (1%)             -                  -          
[2020-07-12T01:10:04.611+0000][5284][gc,heap     ] GC(56) Reclaimed:         -                  -               446M (11%)         478M (12%)            -                  -          
[2020-07-12T01:10:04.611+0000][5284][gc          ] GC(56) Garbage Collection (Proactive) 544M(13%)->102M(2%)
[2020-07-12T01:10:05.610+0000][5284][safepoint   ] Safepoint "Cleanup", Time since last: 1000041735 ns, Reaching safepoint: 67874 ns, At safepoint: 6090 ns, Total: 73964 ns
[2020-07-12T01:10:07.610+0000][5284][safepoint   ] Safepoint "Cleanup", Time since last: 2000242949 ns, Reaching safepoint: 56559 ns, At safepoint: 1466 ns, Total: 58025 ns
[2020-07-12T01:10:08.924+0000][5284][gc,stats    ] === Garbage Collection Statistics =======================================================================================================================
[2020-07-12T01:10:08.924+0000][5284][gc,stats    ]                                                              Last 10s              Last 10m              Last 10h                Total
[2020-07-12T01:10:08.924+0000][5284][gc,stats    ]                                                              Avg / Max             Avg / Max             Avg / Max             Avg / Max
[2020-07-12T01:10:08.924+0000][5284][gc,stats    ]   Collector: Garbage Collection Cycle                     83.281 / 88.097       74.636 / 117.511      74.636 / 117.511      74.636 / 117.511     ms
[2020-07-12T01:10:08.924+0000][5284][gc,stats    ]  Contention: Mark Segment Reset Contention                     0 / 0                 0 / 0                 0 / 0                 0 / 0           ops/s
[2020-07-12T01:10:08.924+0000][5284][gc,stats    ]  Contention: Mark SeqNum Reset Contention                      0 / 0                 0 / 0                 0 / 0                 0 / 0           ops/s
[2020-07-12T01:10:08.924+0000][5284][gc,stats    ]  Contention: Relocation Contention                             0 / 0                 0 / 4                 0 / 4                 0 / 4           ops/s
[2020-07-12T01:10:08.924+0000][5284][gc,stats    ]    Critical: Allocation Stall                              0.000 / 0.000         0.000 / 0.000         0.000 / 0.000         0.000 / 0.000       ms
[2020-07-12T01:10:08.924+0000][5284][gc,stats    ]    Critical: Allocation Stall                                  0 / 0                 0 / 0                 0 / 0                 0 / 0           ops/s
[2020-07-12T01:10:08.924+0000][5284][gc,stats    ]    Critical: GC Locker Stall                               0.000 / 0.000         0.093 / 0.093         0.093 / 0.093         0.093 / 0.093       ms
[2020-07-12T01:10:08.924+0000][5284][gc,stats    ]    Critical: GC Locker Stall                                   0 / 0                 0 / 1                 0 / 1                 0 / 1           ops/s
[2020-07-12T01:10:08.924+0000][5284][gc,stats    ]      Memory: Allocation Rate                                 115 / 124             109 / 238             109 / 238             109 / 238         MB/s
[2020-07-12T01:10:08.924+0000][5284][gc,stats    ]      Memory: Heap Used After Mark                            556 / 568             560 / 1286            560 / 1286            560 / 1286        MB
[2020-07-12T01:10:08.924+0000][5284][gc,stats    ]      Memory: Heap Used After Relocation                       85 / 102              82 / 108              82 / 108              82 / 108         MB
[2020-07-12T01:10:08.924+0000][5284][gc,stats    ]      Memory: Heap Used Before Mark                           543 / 544             544 / 1270            544 / 1270            544 / 1270        MB
[2020-07-12T01:10:08.924+0000][5284][gc,stats    ]      Memory: Heap Used Before Relocation                     120 / 134             135 / 338             135 / 338             135 / 338         MB
[2020-07-12T01:10:08.924+0000][5284][gc,stats    ]      Memory: Out Of Memory                                     0 / 0                 0 / 0                 0 / 0                 0 / 0           ops/s
[2020-07-12T01:10:08.924+0000][5284][gc,stats    ]      Memory: Page Cache Flush                                  0 / 0                 0 / 0                 0 / 0                 0 / 0           MB/s
[2020-07-12T01:10:08.924+0000][5284][gc,stats    ]      Memory: Page Cache Hit L1                                58 / 65               52 / 121              52 / 121              52 / 121         ops/s
[2020-07-12T01:10:08.924+0000][5284][gc,stats    ]      Memory: Page Cache Hit L2                                 0 / 0                 0 / 0                 0 / 0                 0 / 0           ops/s
[2020-07-12T01:10:08.924+0000][5284][gc,stats    ]      Memory: Page Cache Hit L3                                 0 / 0                 2 / 96                2 / 96                2 / 96          ops/s
[2020-07-12T01:10:08.924+0000][5284][gc,stats    ]      Memory: Page Cache Miss                                   0 / 0                 0 / 0                 0 / 0                 0 / 0           ops/s
[2020-07-12T01:10:08.924+0000][5284][gc,stats    ]      Memory: Uncommit                                          0 / 0                 0 / 0                 0 / 0                 0 / 0           MB/s
[2020-07-12T01:10:08.924+0000][5284][gc,stats    ]      Memory: Undo Object Allocation Failed                     0 / 0                 0 / 0                 0 / 0                 0 / 0           ops/s
[2020-07-12T01:10:08.924+0000][5284][gc,stats    ]      Memory: Undo Object Allocation Succeeded                  0 / 0                 0 / 4                 0 / 4                 0 / 4           ops/s
[2020-07-12T01:10:08.924+0000][5284][gc,stats    ]      Memory: Undo Page Allocation                              0 / 0                 0 / 0                 0 / 0                 0 / 0           ops/s
[2020-07-12T01:10:08.924+0000][5284][gc,stats    ]       Phase: Concurrent Mark                              48.839 / 50.333       46.807 / 77.269       46.807 / 77.269       46.807 / 77.269      ms
[2020-07-12T01:10:08.924+0000][5284][gc,stats    ]       Phase: Concurrent Mark Continue                      0.000 / 0.000         0.000 / 0.000         0.000 / 0.000         0.000 / 0.000       ms
[2020-07-12T01:10:08.924+0000][5284][gc,stats    ]       Phase: Concurrent Process Non-Strong References     30.284 / 33.267       22.926 / 37.730       22.926 / 37.730       22.926 / 37.730      ms
[2020-07-12T01:10:08.924+0000][5284][gc,stats    ]       Phase: Concurrent Relocate                           1.506 / 1.680         1.915 / 18.136        1.915 / 18.136        1.915 / 18.136      ms
[2020-07-12T01:10:08.924+0000][5284][gc,stats    ]       Phase: Concurrent Reset Relocation Set               0.004 / 0.004         0.004 / 0.015         0.004 / 0.015         0.004 / 0.015       ms
[2020-07-12T01:10:08.924+0000][5284][gc,stats    ]       Phase: Concurrent Select Relocation Set              1.111 / 1.216         1.105 / 5.622         1.105 / 5.622         1.105 / 5.622       ms
[2020-07-12T01:10:08.924+0000][5284][gc,stats    ]       Phase: Pause Mark End                                0.369 / 0.371         0.331 / 0.457         0.331 / 0.457         0.331 / 0.457       ms
[2020-07-12T01:10:08.924+0000][5284][gc,stats    ]       Phase: Pause Mark Start                              0.185 / 0.201         0.179 / 0.724         0.179 / 0.724         0.179 / 0.724       ms
[2020-07-12T01:10:08.924+0000][5284][gc,stats    ]       Phase: Pause Relocate Start                          0.137 / 0.155         0.144 / 1.014         0.144 / 1.014         0.144 / 1.014       ms
[2020-07-12T01:10:08.924+0000][5284][gc,stats    ]    Subphase: Concurrent Classes Purge                      0.874 / 1.015         0.769 / 8.877         0.769 / 8.877         0.769 / 8.877       ms
[2020-07-12T01:10:08.924+0000][5284][gc,stats    ]    Subphase: Concurrent Classes Unlink                    27.559 / 30.798       20.425 / 32.180       20.425 / 32.180       20.425 / 32.180      ms
[2020-07-12T01:10:08.924+0000][5284][gc,stats    ]    Subphase: Concurrent Mark                              48.181 / 49.692       46.106 / 76.517       46.106 / 76.517       46.106 / 76.517      ms
[2020-07-12T01:10:08.924+0000][5284][gc,stats    ]    Subphase: Concurrent Mark Idle                          0.000 / 0.000         0.000 / 0.000         0.000 / 0.000         0.000 / 0.000       ms
[2020-07-12T01:10:08.924+0000][5284][gc,stats    ]    Subphase: Concurrent Mark Try Flush                     0.085 / 0.100         0.117 / 1.569         0.117 / 1.569         0.117 / 1.569       ms
[2020-07-12T01:10:08.924+0000][5284][gc,stats    ]    Subphase: Concurrent Mark Try Terminate                 0.047 / 0.101         0.053 / 0.756         0.053 / 0.756         0.053 / 0.756       ms
[2020-07-12T01:10:08.924+0000][5284][gc,stats    ]    Subphase: Concurrent References Enqueue                 0.000 / 0.000         0.001 / 0.004         0.001 / 0.004         0.001 / 0.004       ms
[2020-07-12T01:10:08.924+0000][5284][gc,stats    ]    Subphase: Concurrent References Process                 0.686 / 0.885         0.514 / 1.144         0.514 / 1.144         0.514 / 1.144       ms
[2020-07-12T01:10:08.924+0000][5284][gc,stats    ]    Subphase: Concurrent Roots                              0.279 / 0.282         0.306 / 1.449         0.306 / 1.449         0.306 / 1.449       ms
[2020-07-12T01:10:08.924+0000][5284][gc,stats    ]    Subphase: Concurrent Roots ClassLoaderDataGraph         0.273 / 0.277         0.300 / 1.421         0.300 / 1.421         0.300 / 1.421       ms
[2020-07-12T01:10:08.924+0000][5284][gc,stats    ]    Subphase: Concurrent Roots JNIHandles                   0.004 / 0.004         0.004 / 0.012         0.004 / 0.012         0.004 / 0.012       ms
[2020-07-12T01:10:08.924+0000][5284][gc,stats    ]    Subphase: Concurrent Roots Setup                        0.174 / 0.186         0.179 / 0.465         0.179 / 0.465         0.179 / 0.465       ms
[2020-07-12T01:10:08.924+0000][5284][gc,stats    ]    Subphase: Concurrent Roots Teardown                     0.000 / 0.000         0.000 / 0.002         0.000 / 0.002         0.000 / 0.002       ms
[2020-07-12T01:10:08.924+0000][5284][gc,stats    ]    Subphase: Concurrent Roots VMHandles                    0.000 / 0.000         0.000 / 0.000         0.000 / 0.000         0.000 / 0.000       ms
[2020-07-12T01:10:08.924+0000][5284][gc,stats    ]    Subphase: Concurrent Weak Roots                         0.917 / 1.003         0.881 / 1.445         0.881 / 1.445         0.881 / 1.445       ms
[2020-07-12T01:10:08.924+0000][5284][gc,stats    ]    Subphase: Concurrent Weak Roots JNIWeakHandles          0.001 / 0.001         0.001 / 0.004         0.001 / 0.004         0.001 / 0.004       ms
[2020-07-12T01:10:08.924+0000][5284][gc,stats    ]    Subphase: Concurrent Weak Roots ResolvedMethodTable     0.098 / 0.101         0.093 / 0.181         0.093 / 0.181         0.093 / 0.181       ms
[2020-07-12T01:10:08.924+0000][5284][gc,stats    ]    Subphase: Concurrent Weak Roots StringTable             0.759 / 0.847         0.729 / 1.194         0.729 / 1.194         0.729 / 1.194       ms
[2020-07-12T01:10:08.924+0000][5284][gc,stats    ]    Subphase: Concurrent Weak Roots VMWeakHandles           0.056 / 0.057         0.055 / 0.082         0.055 / 0.082         0.055 / 0.082       ms
[2020-07-12T01:10:08.924+0000][5284][gc,stats    ]    Subphase: Pause Mark Try Complete                       0.177 / 0.188         0.145 / 0.203         0.145 / 0.203         0.145 / 0.203       ms
[2020-07-12T01:10:08.924+0000][5284][gc,stats    ]    Subphase: Pause Roots                                   0.036 / 0.108         0.040 / 0.936         0.040 / 0.936         0.040 / 0.936       ms
[2020-07-12T01:10:08.924+0000][5284][gc,stats    ]    Subphase: Pause Roots CodeCache                         0.000 / 0.000         0.000 / 0.000         0.000 / 0.000         0.000 / 0.000       ms
[2020-07-12T01:10:08.924+0000][5284][gc,stats    ]    Subphase: Pause Roots JVMTIExport                       0.002 / 0.002         0.002 / 0.007         0.002 / 0.007         0.002 / 0.007       ms
[2020-07-12T01:10:08.924+0000][5284][gc,stats    ]    Subphase: Pause Roots JVMTIWeakExport                   0.001 / 0.001         0.001 / 0.001         0.001 / 0.001         0.001 / 0.001       ms
[2020-07-12T01:10:08.924+0000][5284][gc,stats    ]    Subphase: Pause Roots Management                        0.001 / 0.001         0.001 / 0.003         0.001 / 0.003         0.001 / 0.003       ms
[2020-07-12T01:10:08.924+0000][5284][gc,stats    ]    Subphase: Pause Roots ObjectSynchronizer                0.000 / 0.000         0.000 / 0.001         0.000 / 0.001         0.000 / 0.001       ms
[2020-07-12T01:10:08.924+0000][5284][gc,stats    ]    Subphase: Pause Roots Setup                             0.000 / 0.000         0.001 / 0.036         0.001 / 0.036         0.001 / 0.036       ms
[2020-07-12T01:10:08.924+0000][5284][gc,stats    ]    Subphase: Pause Roots SystemDictionary                  0.010 / 0.011         0.011 / 0.042         0.011 / 0.042         0.011 / 0.042       ms
[2020-07-12T01:10:08.924+0000][5284][gc,stats    ]    Subphase: Pause Roots Teardown                          0.001 / 0.002         0.001 / 0.012         0.001 / 0.012         0.001 / 0.012       ms
[2020-07-12T01:10:08.924+0000][5284][gc,stats    ]    Subphase: Pause Roots Threads                           0.047 / 0.091         0.044 / 0.913         0.044 / 0.913         0.044 / 0.913       ms
[2020-07-12T01:10:08.924+0000][5284][gc,stats    ]    Subphase: Pause Roots Universe                          0.004 / 0.010         0.002 / 0.011         0.002 / 0.011         0.002 / 0.011       ms
[2020-07-12T01:10:08.924+0000][5284][gc,stats    ]    Subphase: Pause Weak Roots                              0.011 / 0.069         0.009 / 0.087         0.009 / 0.087         0.009 / 0.087       ms
[2020-07-12T01:10:08.924+0000][5284][gc,stats    ]    Subphase: Pause Weak Roots JFRWeak                      0.052 / 0.066         0.045 / 0.084         0.045 / 0.084         0.045 / 0.084       ms
[2020-07-12T01:10:08.924+0000][5284][gc,stats    ]    Subphase: Pause Weak Roots JVMTIWeakExport              0.001 / 0.001         0.001 / 0.001         0.001 / 0.001         0.001 / 0.001       ms
[2020-07-12T01:10:08.924+0000][5284][gc,stats    ]    Subphase: Pause Weak Roots Setup                        0.000 / 0.000         0.000 / 0.000         0.000 / 0.000         0.000 / 0.000       ms
[2020-07-12T01:10:08.924+0000][5284][gc,stats    ]    Subphase: Pause Weak Roots Teardown                     0.000 / 0.000         0.000 / 0.000         0.000 / 0.000         0.000 / 0.000       ms
[2020-07-12T01:10:08.924+0000][5284][gc,stats    ]      System: Java Threads                                     37 / 37               35 / 38               35 / 38               35 / 38          threads
[2020-07-12T01:10:08.924+0000][5284][gc,stats    ] =========================================================================================================================================================
[2020-07-12T01:10:09.225+0000][5284][gc,heap     ] GC(57) Heap before GC invocations=57 (full 57): ZHeap           used 632M, capacity 4096M, max capacity 4096M
[2020-07-12T01:10:09.225+0000][5284][gc,heap     ] GC(57)  Metaspace       used 80117K, capacity 82892K, committed 83012K, reserved 83968K
[2020-07-12T01:10:09.225+0000][5284][gc,start    ] GC(57) Garbage Collection (Proactive)
[2020-07-12T01:10:09.225+0000][5284][gc,phases   ] GC(57) Pause Mark Start 0.182ms
[2020-07-12T01:10:09.225+0000][5284][safepoint   ] Safepoint "ZMarkStart", Time since last: 1615021935 ns, Reaching safepoint: 75853 ns, At safepoint: 204379 ns, Total: 280232 ns
[2020-07-12T01:10:09.272+0000][5284][gc,phases   ] GC(57) Concurrent Mark 46.800ms
[2020-07-12T01:10:09.273+0000][5284][gc,phases   ] GC(57) Pause Mark End 0.391ms
[2020-07-12T01:10:09.273+0000][5284][safepoint   ] Safepoint "ZMarkEnd", Time since last: 46957535 ns, Reaching safepoint: 80389 ns, At safepoint: 414113 ns, Total: 494502 ns
[2020-07-12T01:10:09.299+0000][5284][gc,phases   ] GC(57) Concurrent Process Non-Strong References 26.467ms
[2020-07-12T01:10:09.299+0000][5284][gc,phases   ] GC(57) Concurrent Reset Relocation Set 0.004ms
[2020-07-12T01:10:09.300+0000][5284][gc,phases   ] GC(57) Concurrent Select Relocation Set 1.022ms
[2020-07-12T01:10:09.301+0000][5284][gc,phases   ] GC(57) Pause Relocate Start 0.164ms
[2020-07-12T01:10:09.301+0000][5284][safepoint   ] Safepoint "ZRelocateStart", Time since last: 27655504 ns, Reaching safepoint: 81991 ns, At safepoint: 182825 ns, Total: 264816 ns
[2020-07-12T01:10:09.302+0000][5284][gc,phases   ] GC(57) Concurrent Relocate 1.295ms
[2020-07-12T01:10:09.302+0000][5284][gc,heap     ] GC(57) Heap after GC invocations=58 (full 58): ZHeap           used 68M, capacity 4096M, max capacity 4096M
[2020-07-12T01:10:09.302+0000][5284][gc,heap     ] GC(57)  Metaspace       used 80117K, capacity 82892K, committed 83012K, reserved 83968K
[2020-07-12T01:10:09.302+0000][5284][gc,load     ] GC(57) Load: 2.27/1.23/0.69
[2020-07-12T01:10:09.302+0000][5284][gc,mmu      ] GC(57) MMU: 2ms/49.3%, 5ms/79.7%, 10ms/89.9%, 20ms/94.9%, 50ms/97.3%, 100ms/98.3%
[2020-07-12T01:10:09.302+0000][5284][gc,marking  ] GC(57) Mark: 1 stripe(s), 2 proactive flush(es), 1 terminate flush(es), 1 completion(s), 0 continuation(s) 
[2020-07-12T01:10:09.302+0000][5284][gc,reloc    ] GC(57) Relocation: Successful, 1M relocated
[2020-07-12T01:10:09.302+0000][5284][gc,nmethod  ] GC(57) NMethods: 5508 registered, 0 unregistered
[2020-07-12T01:10:09.302+0000][5284][gc,metaspace] GC(57) Metaspace: 78M used, 80M capacity, 81M committed, 82M reserved
[2020-07-12T01:10:09.302+0000][5284][gc,ref      ] GC(57) Soft: 3922 encountered, 0 discovered, 0 enqueued
[2020-07-12T01:10:09.302+0000][5284][gc,ref      ] GC(57) Weak: 6656 encountered, 4331 discovered, 0 enqueued
[2020-07-12T01:10:09.302+0000][5284][gc,ref      ] GC(57) Final: 3 encountered, 0 discovered, 0 enqueued
[2020-07-12T01:10:09.302+0000][5284][gc,ref      ] GC(57) Phantom: 435 encountered, 294 discovered, 0 enqueued
[2020-07-12T01:10:09.302+0000][5284][gc,heap     ] GC(57) Min Capacity: 4096M(100%)
[2020-07-12T01:10:09.302+0000][5284][gc,heap     ] GC(57) Max Capacity: 4096M(100%)
[2020-07-12T01:10:09.302+0000][5284][gc,heap     ] GC(57) Soft Max Capacity: 4096M(100%)
[2020-07-12T01:10:09.302+0000][5284][gc,heap     ] GC(57)                Mark Start          Mark End        Relocate Start      Relocate End           High               Low         
[2020-07-12T01:10:09.302+0000][5284][gc,heap     ] GC(57)  Capacity:     4096M (100%)       4096M (100%)       4096M (100%)       4096M (100%)       4096M (100%)       4096M (100%)   
[2020-07-12T01:10:09.302+0000][5284][gc,heap     ] GC(57)   Reserve:       42M (1%)           42M (1%)           42M (1%)           42M (1%)           42M (1%)           42M (1%)     
[2020-07-12T01:10:09.302+0000][5284][gc,heap     ] GC(57)      Free:     3422M (84%)        3420M (83%)        3946M (96%)        3986M (97%)        3986M (97%)        3420M (83%)    
[2020-07-12T01:10:09.302+0000][5284][gc,heap     ] GC(57)      Used:      632M (15%)         634M (15%)         108M (3%)           68M (2%)          634M (15%)          68M (2%)     
[2020-07-12T01:10:09.302+0000][5284][gc,heap     ] GC(57)      Live:         -                28M (1%)           28M (1%)           28M (1%)             -                  -          
[2020-07-12T01:10:09.302+0000][5284][gc,heap     ] GC(57) Allocated:         -                 2M (0%)            2M (0%)            8M (0%)             -                  -          
[2020-07-12T01:10:09.302+0000][5284][gc,heap     ] GC(57)   Garbage:         -               603M (15%)          77M (2%)           37M (1%)             -                  -          
[2020-07-12T01:10:09.302+0000][5284][gc,heap     ] GC(57) Reclaimed:         -                  -               526M (13%)         566M (14%)            -                  -          
[2020-07-12T01:10:09.302+0000][5284][gc          ] GC(57) Garbage Collection (Proactive) 632M(15%)->68M(2%)
[2020-07-12T01:10:12.302+0000][5284][safepoint   ] Safepoint "Cleanup", Time since last: 3001465887 ns, Reaching safepoint: 93347 ns, At safepoint: 6115 ns, Total: 99462 ns
[2020-07-12T01:10:13.624+0000][5284][gc,heap     ] GC(58) Heap before GC invocations=58 (full 58): ZHeap           used 576M, capacity 4096M, max capacity 4096M
[2020-07-12T01:10:13.624+0000][5284][gc,heap     ] GC(58)  Metaspace       used 80126K, capacity 82893K, committed 83012K, reserved 83968K
[2020-07-12T01:10:13.624+0000][5284][gc,start    ] GC(58) Garbage Collection (Proactive)
[2020-07-12T01:10:13.624+0000][5284][gc,phases   ] GC(58) Pause Mark Start 0.134ms
[2020-07-12T01:10:13.624+0000][5284][safepoint   ] Safepoint "ZMarkStart", Time since last: 1321679055 ns, Reaching safepoint: 103942 ns, At safepoint: 162154 ns, Total: 266096 ns
[2020-07-12T01:10:13.675+0000][5284][gc,phases   ] GC(58) Concurrent Mark 50.692ms
[2020-07-12T01:10:13.675+0000][5284][gc,phases   ] GC(58) Pause Mark End 0.295ms
[2020-07-12T01:10:13.675+0000][5284][safepoint   ] Safepoint "ZMarkEnd", Time since last: 50764924 ns, Reaching safepoint: 65420 ns, At safepoint: 321013 ns, Total: 386433 ns
[2020-07-12T01:10:13.703+0000][5284][gc,phases   ] GC(58) Concurrent Process Non-Strong References 27.102ms
[2020-07-12T01:10:13.703+0000][5284][gc,phases   ] GC(58) Concurrent Reset Relocation Set 0.003ms
[2020-07-12T01:10:13.704+0000][5284][gc,phases   ] GC(58) Concurrent Select Relocation Set 1.033ms
[2020-07-12T01:10:13.704+0000][5284][gc,phases   ] GC(58) Pause Relocate Start 0.125ms
[2020-07-12T01:10:13.704+0000][5284][safepoint   ] Safepoint "ZRelocateStart", Time since last: 28254659 ns, Reaching safepoint: 133111 ns, At safepoint: 148240 ns, Total: 281351 ns
[2020-07-12T01:10:13.705+0000][5284][gc,phases   ] GC(58) Concurrent Relocate 1.338ms
[2020-07-12T01:10:13.705+0000][5284][gc,heap     ] GC(58) Heap after GC invocations=59 (full 59): ZHeap           used 116M, capacity 4096M, max capacity 4096M
[2020-07-12T01:10:13.705+0000][5284][gc,heap     ] GC(58)  Metaspace       used 80126K, capacity 82893K, committed 83012K, reserved 83968K
[2020-07-12T01:10:13.705+0000][5284][gc,load     ] GC(58) Load: 2.25/1.24/0.69
[2020-07-12T01:10:13.705+0000][5284][gc,mmu      ] GC(58) MMU: 2ms/49.3%, 5ms/79.7%, 10ms/89.9%, 20ms/94.9%, 50ms/97.3%, 100ms/98.3%
[2020-07-12T01:10:13.705+0000][5284][gc,marking  ] GC(58) Mark: 1 stripe(s), 2 proactive flush(es), 1 terminate flush(es), 1 completion(s), 0 continuation(s) 
[2020-07-12T01:10:13.705+0000][5284][gc,reloc    ] GC(58) Relocation: Successful, 1M relocated
[2020-07-12T01:10:13.705+0000][5284][gc,nmethod  ] GC(58) NMethods: 5513 registered, 0 unregistered
[2020-07-12T01:10:13.705+0000][5284][gc,metaspace] GC(58) Metaspace: 78M used, 80M capacity, 81M committed, 82M reserved
[2020-07-12T01:10:13.705+0000][5284][gc,ref      ] GC(58) Soft: 3922 encountered, 0 discovered, 0 enqueued
[2020-07-12T01:10:13.705+0000][5284][gc,ref      ] GC(58) Weak: 6655 encountered, 4333 discovered, 0 enqueued
[2020-07-12T01:10:13.705+0000][5284][gc,ref      ] GC(58) Final: 3 encountered, 0 discovered, 0 enqueued
[2020-07-12T01:10:13.705+0000][5284][gc,ref      ] GC(58) Phantom: 435 encountered, 294 discovered, 0 enqueued
[2020-07-12T01:10:13.705+0000][5284][gc,heap     ] GC(58) Min Capacity: 4096M(100%)
[2020-07-12T01:10:13.705+0000][5284][gc,heap     ] GC(58) Max Capacity: 4096M(100%)
[2020-07-12T01:10:13.705+0000][5284][gc,heap     ] GC(58) Soft Max Capacity: 4096M(100%)
[2020-07-12T01:10:13.705+0000][5284][gc,heap     ] GC(58)                Mark Start          Mark End        Relocate Start      Relocate End           High               Low         
[2020-07-12T01:10:13.705+0000][5284][gc,heap     ] GC(58)  Capacity:     4096M (100%)       4096M (100%)       4096M (100%)       4096M (100%)       4096M (100%)       4096M (100%)   
[2020-07-12T01:10:13.705+0000][5284][gc,heap     ] GC(58)   Reserve:       42M (1%)           42M (1%)           42M (1%)           42M (1%)           42M (1%)           42M (1%)     
[2020-07-12T01:10:13.705+0000][5284][gc,heap     ] GC(58)      Free:     3478M (85%)        3442M (84%)        3906M (95%)        3938M (96%)        3938M (96%)        3428M (84%)    
[2020-07-12T01:10:13.705+0000][5284][gc,heap     ] GC(58)      Used:      576M (14%)         612M (15%)         148M (4%)          116M (3%)          626M (15%)         116M (3%)     
[2020-07-12T01:10:13.705+0000][5284][gc,heap     ] GC(58)      Live:         -                28M (1%)           28M (1%)           28M (1%)             -                  -          
[2020-07-12T01:10:13.706+0000][5284][gc,heap     ] GC(58) Allocated:         -                36M (1%)           50M (1%)           56M (1%)             -                  -          
[2020-07-12T01:10:13.706+0000][5284][gc,heap     ] GC(58)   Garbage:         -               547M (13%)          69M (2%)           37M (1%)             -                  -          
[2020-07-12T01:10:13.706+0000][5284][gc,heap     ] GC(58) Reclaimed:         -                  -               478M (12%)         510M (12%)            -                  -          
[2020-07-12T01:10:13.706+0000][5284][gc          ] GC(58) Garbage Collection (Proactive) 576M(14%)->116M(3%)
[2020-07-12T01:10:16.704+0000][5284][safepoint   ] Safepoint "Cleanup", Time since last: 3000327263 ns, Reaching safepoint: 95143 ns, At safepoint: 26876 ns, Total: 122019 ns
[2020-07-12T01:10:17.705+0000][5284][safepoint   ] Safepoint "Cleanup", Time since last: 1000260515 ns, Reaching safepoint: 80234 ns, At safepoint: 6865 ns, Total: 87099 ns
[2020-07-12T01:10:17.924+0000][5284][gc,heap     ] GC(59) Heap before GC invocations=59 (full 59): ZHeap           used 596M, capacity 4096M, max capacity 4096M
[2020-07-12T01:10:17.924+0000][5284][gc,heap     ] GC(59)  Metaspace       used 80137K, capacity 82893K, committed 83012K, reserved 83968K
[2020-07-12T01:10:17.924+0000][5284][gc,start    ] GC(59) Garbage Collection (Proactive)
[2020-07-12T01:10:17.925+0000][5284][gc,phases   ] GC(59) Pause Mark Start 0.134ms
[2020-07-12T01:10:17.925+0000][5284][safepoint   ] Safepoint "ZMarkStart", Time since last: 219792720 ns, Reaching safepoint: 84510 ns, At safepoint: 153076 ns, Total: 237586 ns
[2020-07-12T01:10:17.969+0000][5284][gc,phases   ] GC(59) Concurrent Mark 44.547ms
[2020-07-12T01:10:17.970+0000][5284][gc,phases   ] GC(59) Pause Mark End 0.371ms
[2020-07-12T01:10:17.970+0000][5284][safepoint   ] Safepoint "ZMarkEnd", Time since last: 44688903 ns, Reaching safepoint: 79787 ns, At safepoint: 391952 ns, Total: 471739 ns
[2020-07-12T01:10:17.997+0000][5284][gc,phases   ] GC(59) Concurrent Process Non-Strong References 27.017ms
[2020-07-12T01:10:17.997+0000][5284][gc,phases   ] GC(59) Concurrent Reset Relocation Set 0.003ms
[2020-07-12T01:10:17.998+0000][5284][gc,phases   ] GC(59) Concurrent Select Relocation Set 1.016ms
[2020-07-12T01:10:17.998+0000][5284][gc,phases   ] GC(59) Pause Relocate Start 0.122ms
[2020-07-12T01:10:17.998+0000][5284][safepoint   ] Safepoint "ZRelocateStart", Time since last: 28203398 ns, Reaching safepoint: 90999 ns, At safepoint: 138287 ns, Total: 229286 ns
[2020-07-12T01:10:18.000+0000][5284][gc,phases   ] GC(59) Concurrent Relocate 1.403ms
[2020-07-12T01:10:18.000+0000][5284][gc,heap     ] GC(59) Heap after GC invocations=60 (full 60): ZHeap           used 70M, capacity 4096M, max capacity 4096M
[2020-07-12T01:10:18.000+0000][5284][gc,heap     ] GC(59)  Metaspace       used 80137K, capacity 82893K, committed 83012K, reserved 83968K
[2020-07-12T01:10:18.000+0000][5284][gc,load     ] GC(59) Load: 2.25/1.24/0.69
[2020-07-12T01:10:18.000+0000][5284][gc,mmu      ] GC(59) MMU: 2ms/49.3%, 5ms/79.7%, 10ms/89.9%, 20ms/94.9%, 50ms/97.3%, 100ms/98.3%
[2020-07-12T01:10:18.000+0000][5284][gc,marking  ] GC(59) Mark: 1 stripe(s), 2 proactive flush(es), 1 terminate flush(es), 1 completion(s), 0 continuation(s) 
[2020-07-12T01:10:18.000+0000][5284][gc,reloc    ] GC(59) Relocation: Successful, 1M relocated
[2020-07-12T01:10:18.000+0000][5284][gc,nmethod  ] GC(59) NMethods: 5520 registered, 0 unregistered
[2020-07-12T01:10:18.000+0000][5284][gc,metaspace] GC(59) Metaspace: 78M used, 80M capacity, 81M committed, 82M reserved
[2020-07-12T01:10:18.000+0000][5284][gc,ref      ] GC(59) Soft: 3922 encountered, 0 discovered, 0 enqueued
[2020-07-12T01:10:18.000+0000][5284][gc,ref      ] GC(59) Weak: 6656 encountered, 4329 discovered, 0 enqueued
[2020-07-12T01:10:18.000+0000][5284][gc,ref      ] GC(59) Final: 3 encountered, 0 discovered, 0 enqueued
[2020-07-12T01:10:18.000+0000][5284][gc,ref      ] GC(59) Phantom: 435 encountered, 294 discovered, 0 enqueued
[2020-07-12T01:10:18.000+0000][5284][gc,heap     ] GC(59) Min Capacity: 4096M(100%)
[2020-07-12T01:10:18.000+0000][5284][gc,heap     ] GC(59) Max Capacity: 4096M(100%)
[2020-07-12T01:10:18.000+0000][5284][gc,heap     ] GC(59) Soft Max Capacity: 4096M(100%)
[2020-07-12T01:10:18.000+0000][5284][gc,heap     ] GC(59)                Mark Start          Mark End        Relocate Start      Relocate End           High               Low         
[2020-07-12T01:10:18.000+0000][5284][gc,heap     ] GC(59)  Capacity:     4096M (100%)       4096M (100%)       4096M (100%)       4096M (100%)       4096M (100%)       4096M (100%)   
[2020-07-12T01:10:18.000+0000][5284][gc,heap     ] GC(59)   Reserve:       42M (1%)           42M (1%)           42M (1%)           42M (1%)           42M (1%)           42M (1%)     
[2020-07-12T01:10:18.000+0000][5284][gc,heap     ] GC(59)      Free:     3458M (84%)        3456M (84%)        3942M (96%)        3984M (97%)        3984M (97%)        3456M (84%)    
[2020-07-12T01:10:18.000+0000][5284][gc,heap     ] GC(59)      Used:      596M (15%)         598M (15%)         112M (3%)           70M (2%)          598M (15%)          70M (2%)     
[2020-07-12T01:10:18.000+0000][5284][gc,heap     ] GC(59)      Live:         -                28M (1%)           28M (1%)           28M (1%)             -                  -          
[2020-07-12T01:10:18.000+0000][5284][gc,heap     ] GC(59) Allocated:         -                 2M (0%)            2M (0%)           10M (0%)             -                  -          
[2020-07-12T01:10:18.000+0000][5284][gc,heap     ] GC(59)   Garbage:         -               567M (14%)          81M (2%)           39M (1%)             -                  -          
[2020-07-12T01:10:18.000+0000][5284][gc,heap     ] GC(59) Reclaimed:         -                  -               486M (12%)         528M (13%)            -                  -          
[2020-07-12T01:10:18.000+0000][5284][gc          ] GC(59) Garbage Collection (Proactive) 596M(15%)->70M(2%)
[2020-07-12T01:10:18.925+0000][5284][gc,stats    ] === Garbage Collection Statistics =======================================================================================================================
[2020-07-12T01:10:18.925+0000][5284][gc,stats    ]                                                              Last 10s              Last 10m              Last 10h                Total
[2020-07-12T01:10:18.925+0000][5284][gc,stats    ]                                                              Avg / Max             Avg / Max             Avg / Max             Avg / Max
[2020-07-12T01:10:18.925+0000][5284][gc,stats    ]   Collector: Garbage Collection Cycle                     78.003 / 81.429       74.805 / 117.511      74.805 / 117.511      74.805 / 117.511     ms
[2020-07-12T01:10:18.925+0000][5284][gc,stats    ]  Contention: Mark Segment Reset Contention                     0 / 0                 0 / 0                 0 / 0                 0 / 0           ops/s
[2020-07-12T01:10:18.925+0000][5284][gc,stats    ]  Contention: Mark SeqNum Reset Contention                      0 / 0                 0 / 0                 0 / 0                 0 / 0           ops/s
[2020-07-12T01:10:18.925+0000][5284][gc,stats    ]  Contention: Relocation Contention                             1 / 11                0 / 11                0 / 11                0 / 11          ops/s
[2020-07-12T01:10:18.925+0000][5284][gc,stats    ]    Critical: Allocation Stall                              0.000 / 0.000         0.000 / 0.000         0.000 / 0.000         0.000 / 0.000       ms
[2020-07-12T01:10:18.925+0000][5284][gc,stats    ]    Critical: Allocation Stall                                  0 / 0                 0 / 0                 0 / 0                 0 / 0           ops/s
[2020-07-12T01:10:18.925+0000][5284][gc,stats    ]    Critical: GC Locker Stall                               0.000 / 0.000         0.093 / 0.093         0.093 / 0.093         0.093 / 0.093       ms
[2020-07-12T01:10:18.925+0000][5284][gc,stats    ]    Critical: GC Locker Stall                                   0 / 0                 0 / 1                 0 / 1                 0 / 1           ops/s
[2020-07-12T01:10:18.925+0000][5284][gc,stats    ]      Memory: Allocation Rate                                 116 / 130             109 / 238             109 / 238             109 / 238         MB/s
[2020-07-12T01:10:18.925+0000][5284][gc,stats    ]      Memory: Heap Used After Mark                            614 / 634             562 / 1286            562 / 1286            562 / 1286        MB
[2020-07-12T01:10:18.925+0000][5284][gc,stats    ]      Memory: Heap Used After Relocation                       84 / 116              82 / 116              82 / 116              82 / 116         MB
[2020-07-12T01:10:18.925+0000][5284][gc,stats    ]      Memory: Heap Used Before Mark                           601 / 632             547 / 1270            547 / 1270            547 / 1270        MB
[2020-07-12T01:10:18.925+0000][5284][gc,stats    ]      Memory: Heap Used Before Relocation                     122 / 148             135 / 338             135 / 338             135 / 338         MB
[2020-07-12T01:10:18.925+0000][5284][gc,stats    ]      Memory: Out Of Memory                                     0 / 0                 0 / 0                 0 / 0                 0 / 0           ops/s
[2020-07-12T01:10:18.925+0000][5284][gc,stats    ]      Memory: Page Cache Flush                                  0 / 0                 0 / 0                 0 / 0                 0 / 0           MB/s
[2020-07-12T01:10:18.925+0000][5284][gc,stats    ]      Memory: Page Cache Hit L1                                59 / 67               52 / 121              52 / 121              52 / 121         ops/s
[2020-07-12T01:10:18.925+0000][5284][gc,stats    ]      Memory: Page Cache Hit L2                                 0 / 0                 0 / 0                 0 / 0                 0 / 0           ops/s
[2020-07-12T01:10:18.925+0000][5284][gc,stats    ]      Memory: Page Cache Hit L3                                 0 / 0                 2 / 96                2 / 96                2 / 96          ops/s
[2020-07-12T01:10:18.925+0000][5284][gc,stats    ]      Memory: Page Cache Miss                                   0 / 0                 0 / 0                 0 / 0                 0 / 0           ops/s
[2020-07-12T01:10:18.925+0000][5284][gc,stats    ]      Memory: Uncommit                                          0 / 0                 0 / 0                 0 / 0                 0 / 0           MB/s
[2020-07-12T01:10:18.925+0000][5284][gc,stats    ]      Memory: Undo Object Allocation Failed                     0 / 0                 0 / 0                 0 / 0                 0 / 0           ops/s
[2020-07-12T01:10:18.925+0000][5284][gc,stats    ]      Memory: Undo Object Allocation Succeeded                  1 / 11                0 / 11                0 / 11                0 / 11          ops/s
[2020-07-12T01:10:18.925+0000][5284][gc,stats    ]      Memory: Undo Page Allocation                              0 / 0                 0 / 0                 0 / 0                 0 / 0           ops/s
[2020-07-12T01:10:18.925+0000][5284][gc,stats    ]       Phase: Concurrent Mark                              47.347 / 50.692       46.834 / 77.269       46.834 / 77.269       46.834 / 77.269      ms
[2020-07-12T01:10:18.925+0000][5284][gc,stats    ]       Phase: Concurrent Mark Continue                      0.000 / 0.000         0.000 / 0.000         0.000 / 0.000         0.000 / 0.000       ms
[2020-07-12T01:10:18.925+0000][5284][gc,stats    ]       Phase: Concurrent Process Non-Strong References     26.862 / 27.102       23.123 / 37.730       23.123 / 37.730       23.123 / 37.730      ms
[2020-07-12T01:10:18.925+0000][5284][gc,stats    ]       Phase: Concurrent Relocate                           1.345 / 1.403         1.887 / 18.136        1.887 / 18.136        1.887 / 18.136      ms
[2020-07-12T01:10:18.925+0000][5284][gc,stats    ]       Phase: Concurrent Reset Relocation Set               0.003 / 0.004         0.004 / 0.015         0.004 / 0.015         0.004 / 0.015       ms
[2020-07-12T01:10:18.925+0000][5284][gc,stats    ]       Phase: Concurrent Select Relocation Set              1.023 / 1.033         1.101 / 5.622         1.101 / 5.622         1.101 / 5.622       ms
[2020-07-12T01:10:18.925+0000][5284][gc,stats    ]       Phase: Pause Mark End                                0.352 / 0.391         0.332 / 0.457         0.332 / 0.457         0.332 / 0.457       ms
[2020-07-12T01:10:18.925+0000][5284][gc,stats    ]       Phase: Pause Mark Start                              0.150 / 0.182         0.178 / 0.724         0.178 / 0.724         0.178 / 0.724       ms
[2020-07-12T01:10:18.925+0000][5284][gc,stats    ]       Phase: Pause Relocate Start                          0.137 / 0.164         0.144 / 1.014         0.144 / 1.014         0.144 / 1.014       ms
[2020-07-12T01:10:18.925+0000][5284][gc,stats    ]    Subphase: Concurrent Classes Purge                      0.757 / 0.837         0.768 / 8.877         0.768 / 8.877         0.768 / 8.877       ms
[2020-07-12T01:10:18.925+0000][5284][gc,stats    ]    Subphase: Concurrent Classes Unlink                    24.494 / 24.805       20.629 / 32.180       20.629 / 32.180       20.629 / 32.180      ms
[2020-07-12T01:10:18.925+0000][5284][gc,stats    ]    Subphase: Concurrent Mark                              46.693 / 50.003       46.136 / 76.517       46.136 / 76.517       46.136 / 76.517      ms
[2020-07-12T01:10:18.925+0000][5284][gc,stats    ]    Subphase: Concurrent Mark Idle                          0.000 / 0.000         0.000 / 0.000         0.000 / 0.000         0.000 / 0.000       ms
[2020-07-12T01:10:18.925+0000][5284][gc,stats    ]    Subphase: Concurrent Mark Try Flush                     0.089 / 0.142         0.115 / 1.569         0.115 / 1.569         0.115 / 1.569       ms
[2020-07-12T01:10:18.925+0000][5284][gc,stats    ]    Subphase: Concurrent Mark Try Terminate                 0.042 / 0.122         0.052 / 0.756         0.052 / 0.756         0.052 / 0.756       ms
[2020-07-12T01:10:18.925+0000][5284][gc,stats    ]    Subphase: Concurrent References Enqueue                 0.000 / 0.000         0.001 / 0.004         0.001 / 0.004         0.001 / 0.004       ms
[2020-07-12T01:10:18.925+0000][5284][gc,stats    ]    Subphase: Concurrent References Process                 0.526 / 0.578         0.515 / 1.144         0.515 / 1.144         0.515 / 1.144       ms
[2020-07-12T01:10:18.925+0000][5284][gc,stats    ]    Subphase: Concurrent Roots                              0.270 / 0.329         0.304 / 1.449         0.304 / 1.449         0.304 / 1.449       ms
[2020-07-12T01:10:18.925+0000][5284][gc,stats    ]    Subphase: Concurrent Roots ClassLoaderDataGraph         0.265 / 0.324         0.298 / 1.421         0.298 / 1.421         0.298 / 1.421       ms
[2020-07-12T01:10:18.925+0000][5284][gc,stats    ]    Subphase: Concurrent Roots JNIHandles                   0.004 / 0.004         0.004 / 0.012         0.004 / 0.012         0.004 / 0.012       ms
[2020-07-12T01:10:18.925+0000][5284][gc,stats    ]    Subphase: Concurrent Roots Setup                        0.194 / 0.229         0.179 / 0.465         0.179 / 0.465         0.179 / 0.465       ms
[2020-07-12T01:10:18.925+0000][5284][gc,stats    ]    Subphase: Concurrent Roots Teardown                     0.000 / 0.000         0.000 / 0.002         0.000 / 0.002         0.000 / 0.002       ms
[2020-07-12T01:10:18.925+0000][5284][gc,stats    ]    Subphase: Concurrent Roots VMHandles                    0.000 / 0.000         0.000 / 0.000         0.000 / 0.000         0.000 / 0.000       ms
[2020-07-12T01:10:18.925+0000][5284][gc,stats    ]    Subphase: Concurrent Weak Roots                         0.884 / 0.935         0.881 / 1.445         0.881 / 1.445         0.881 / 1.445       ms
[2020-07-12T01:10:18.925+0000][5284][gc,stats    ]    Subphase: Concurrent Weak Roots JNIWeakHandles          0.000 / 0.001         0.001 / 0.004         0.001 / 0.004         0.001 / 0.004       ms
[2020-07-12T01:10:18.925+0000][5284][gc,stats    ]    Subphase: Concurrent Weak Roots ResolvedMethodTable     0.090 / 0.097         0.092 / 0.181         0.092 / 0.181         0.092 / 0.181       ms
[2020-07-12T01:10:18.925+0000][5284][gc,stats    ]    Subphase: Concurrent Weak Roots StringTable             0.734 / 0.779         0.730 / 1.194         0.730 / 1.194         0.730 / 1.194       ms
[2020-07-12T01:10:18.925+0000][5284][gc,stats    ]    Subphase: Concurrent Weak Roots VMWeakHandles           0.056 / 0.063         0.055 / 0.082         0.055 / 0.082         0.055 / 0.082       ms
[2020-07-12T01:10:18.925+0000][5284][gc,stats    ]    Subphase: Pause Mark Try Complete                       0.170 / 0.186         0.146 / 0.203         0.146 / 0.203         0.146 / 0.203       ms
[2020-07-12T01:10:18.925+0000][5284][gc,stats    ]    Subphase: Pause Roots                                   0.035 / 0.087         0.040 / 0.936         0.040 / 0.936         0.040 / 0.936       ms
[2020-07-12T01:10:18.925+0000][5284][gc,stats    ]    Subphase: Pause Roots CodeCache                         0.000 / 0.000         0.000 / 0.000         0.000 / 0.000         0.000 / 0.000       ms
[2020-07-12T01:10:18.925+0000][5284][gc,stats    ]    Subphase: Pause Roots JVMTIExport                       0.002 / 0.002         0.002 / 0.007         0.002 / 0.007         0.002 / 0.007       ms
[2020-07-12T01:10:18.925+0000][5284][gc,stats    ]    Subphase: Pause Roots JVMTIWeakExport                   0.001 / 0.001         0.001 / 0.001         0.001 / 0.001         0.001 / 0.001       ms
[2020-07-12T01:10:18.925+0000][5284][gc,stats    ]    Subphase: Pause Roots Management                        0.001 / 0.001         0.001 / 0.003         0.001 / 0.003         0.001 / 0.003       ms
[2020-07-12T01:10:18.925+0000][5284][gc,stats    ]    Subphase: Pause Roots ObjectSynchronizer                0.000 / 0.000         0.000 / 0.001         0.000 / 0.001         0.000 / 0.001       ms
[2020-07-12T01:10:18.925+0000][5284][gc,stats    ]    Subphase: Pause Roots Setup                             0.000 / 0.001         0.001 / 0.036         0.001 / 0.036         0.001 / 0.036       ms
[2020-07-12T01:10:18.925+0000][5284][gc,stats    ]    Subphase: Pause Roots SystemDictionary                  0.012 / 0.023         0.011 / 0.042         0.011 / 0.042         0.011 / 0.042       ms
[2020-07-12T01:10:18.925+0000][5284][gc,stats    ]    Subphase: Pause Roots Teardown                          0.001 / 0.002         0.001 / 0.012         0.001 / 0.012         0.001 / 0.012       ms
[2020-07-12T01:10:18.925+0000][5284][gc,stats    ]    Subphase: Pause Roots Threads                           0.046 / 0.070         0.044 / 0.913         0.044 / 0.913         0.044 / 0.913       ms
[2020-07-12T01:10:18.925+0000][5284][gc,stats    ]    Subphase: Pause Roots Universe                          0.002 / 0.003         0.002 / 0.011         0.002 / 0.011         0.002 / 0.011       ms
[2020-07-12T01:10:18.925+0000][5284][gc,stats    ]    Subphase: Pause Weak Roots                              0.009 / 0.055         0.009 / 0.087         0.009 / 0.087         0.009 / 0.087       ms
[2020-07-12T01:10:18.925+0000][5284][gc,stats    ]    Subphase: Pause Weak Roots JFRWeak                      0.045 / 0.053         0.045 / 0.084         0.045 / 0.084         0.045 / 0.084       ms
[2020-07-12T01:10:18.925+0000][5284][gc,stats    ]    Subphase: Pause Weak Roots JVMTIWeakExport              0.001 / 0.001         0.001 / 0.001         0.001 / 0.001         0.001 / 0.001       ms
[2020-07-12T01:10:18.925+0000][5284][gc,stats    ]    Subphase: Pause Weak Roots Setup                        0.000 / 0.000         0.000 / 0.000         0.000 / 0.000         0.000 / 0.000       ms
[2020-07-12T01:10:18.925+0000][5284][gc,stats    ]    Subphase: Pause Weak Roots Teardown                     0.000 / 0.000         0.000 / 0.000         0.000 / 0.000         0.000 / 0.000       ms
[2020-07-12T01:10:18.925+0000][5284][gc,stats    ]      System: Java Threads                                     37 / 37               35 / 38               35 / 38               35 / 38          threads
[2020-07-12T01:10:18.925+0000][5284][gc,stats    ] =========================================================================================================================================================
[2020-07-12T01:10:21.999+0000][5284][safepoint   ] Safepoint "Cleanup", Time since last: 4000975085 ns, Reaching safepoint: 92463 ns, At safepoint: 3283 ns, Total: 95746 ns
[2020-07-12T01:10:22.124+0000][5284][gc,heap     ] GC(60) Heap before GC invocations=60 (full 60): ZHeap           used 534M, capacity 4096M, max capacity 4096M
[2020-07-12T01:10:22.124+0000][5284][gc,heap     ] GC(60)  Metaspace       used 80144K, capacity 82893K, committed 83012K, reserved 83968K
[2020-07-12T01:10:22.124+0000][5284][gc,start    ] GC(60) Garbage Collection (Proactive)
[2020-07-12T01:10:22.124+0000][5284][gc,phases   ] GC(60) Pause Mark Start 0.138ms
[2020-07-12T01:10:22.124+0000][5284][safepoint   ] Safepoint "ZMarkStart", Time since last: 124763808 ns, Reaching safepoint: 78763 ns, At safepoint: 206483 ns, Total: 285246 ns
[2020-07-12T01:10:22.171+0000][5284][gc,phases   ] GC(60) Concurrent Mark 46.728ms
[2020-07-12T01:10:22.172+0000][5284][gc,phases   ] GC(60) Pause Mark End 0.365ms
[2020-07-12T01:10:22.172+0000][5284][safepoint   ] Safepoint "ZMarkEnd", Time since last: 46824052 ns, Reaching safepoint: 96589 ns, At safepoint: 387655 ns, Total: 484244 ns
[2020-07-12T01:10:22.203+0000][5284][gc,phases   ] GC(60) Concurrent Process Non-Strong References 31.356ms
[2020-07-12T01:10:22.203+0000][5284][gc,phases   ] GC(60) Concurrent Reset Relocation Set 0.003ms
[2020-07-12T01:10:22.204+0000][5284][gc,phases   ] GC(60) Concurrent Select Relocation Set 0.986ms
[2020-07-12T01:10:22.205+0000][5284][gc,phases   ] GC(60) Pause Relocate Start 0.195ms
[2020-07-12T01:10:22.205+0000][5284][safepoint   ] Safepoint "ZRelocateStart", Time since last: 32474714 ns, Reaching safepoint: 116476 ns, At safepoint: 215563 ns, Total: 332039 ns
[2020-07-12T01:10:22.206+0000][5284][gc,phases   ] GC(60) Concurrent Relocate 1.446ms
[2020-07-12T01:10:22.206+0000][5284][gc,heap     ] GC(60) Heap after GC invocations=61 (full 61): ZHeap           used 70M, capacity 4096M, max capacity 4096M
[2020-07-12T01:10:22.206+0000][5284][gc,heap     ] GC(60)  Metaspace       used 80144K, capacity 82893K, committed 83012K, reserved 83968K
[2020-07-12T01:10:22.206+0000][5284][gc,load     ] GC(60) Load: 2.15/1.24/0.70
[2020-07-12T01:10:22.206+0000][5284][gc,mmu      ] GC(60) MMU: 2ms/49.3%, 5ms/79.7%, 10ms/89.9%, 20ms/94.9%, 50ms/97.3%, 100ms/98.3%
[2020-07-12T01:10:22.206+0000][5284][gc,marking  ] GC(60) Mark: 1 stripe(s), 2 proactive flush(es), 1 terminate flush(es), 1 completion(s), 0 continuation(s) 
[2020-07-12T01:10:22.206+0000][5284][gc,reloc    ] GC(60) Relocation: Successful, 1M relocated
[2020-07-12T01:10:22.206+0000][5284][gc,nmethod  ] GC(60) NMethods: 5532 registered, 0 unregistered
[2020-07-12T01:10:22.206+0000][5284][gc,metaspace] GC(60) Metaspace: 78M used, 80M capacity, 81M committed, 82M reserved
[2020-07-12T01:10:22.206+0000][5284][gc,ref      ] GC(60) Soft: 3922 encountered, 0 discovered, 0 enqueued
[2020-07-12T01:10:22.206+0000][5284][gc,ref      ] GC(60) Weak: 6656 encountered, 4332 discovered, 0 enqueued
[2020-07-12T01:10:22.206+0000][5284][gc,ref      ] GC(60) Final: 3 encountered, 0 discovered, 0 enqueued
[2020-07-12T01:10:22.206+0000][5284][gc,ref      ] GC(60) Phantom: 435 encountered, 294 discovered, 0 enqueued
[2020-07-12T01:10:22.206+0000][5284][gc,heap     ] GC(60) Min Capacity: 4096M(100%)
[2020-07-12T01:10:22.206+0000][5284][gc,heap     ] GC(60) Max Capacity: 4096M(100%)
[2020-07-12T01:10:22.206+0000][5284][gc,heap     ] GC(60) Soft Max Capacity: 4096M(100%)
[2020-07-12T01:10:22.206+0000][5284][gc,heap     ] GC(60)                Mark Start          Mark End        Relocate Start      Relocate End           High               Low         
[2020-07-12T01:10:22.206+0000][5284][gc,heap     ] GC(60)  Capacity:     4096M (100%)       4096M (100%)       4096M (100%)       4096M (100%)       4096M (100%)       4096M (100%)   
[2020-07-12T01:10:22.206+0000][5284][gc,heap     ] GC(60)   Reserve:       42M (1%)           42M (1%)           42M (1%)           42M (1%)           42M (1%)           42M (1%)     
[2020-07-12T01:10:22.206+0000][5284][gc,heap     ] GC(60)      Free:     3520M (86%)        3518M (86%)        3942M (96%)        3984M (97%)        3984M (97%)        3518M (86%)    
[2020-07-12T01:10:22.206+0000][5284][gc,heap     ] GC(60)      Used:      534M (13%)         536M (13%)         112M (3%)           70M (2%)          536M (13%)          70M (2%)     
[2020-07-12T01:10:22.206+0000][5284][gc,heap     ] GC(60)      Live:         -                28M (1%)           28M (1%)           28M (1%)             -                  -          
[2020-07-12T01:10:22.206+0000][5284][gc,heap     ] GC(60) Allocated:         -                 2M (0%)            2M (0%)           10M (0%)             -                  -          
[2020-07-12T01:10:22.206+0000][5284][gc,heap     ] GC(60)   Garbage:         -               505M (12%)          81M (2%)           39M (1%)             -                  -          
[2020-07-12T01:10:22.206+0000][5284][gc,heap     ] GC(60) Reclaimed:         -                  -               424M (10%)         466M (11%)            -                  -          
[2020-07-12T01:10:22.206+0000][5284][gc          ] GC(60) Garbage Collection (Proactive) 534M(13%)->70M(2%)
[2020-07-12T01:10:25.206+0000][5284][safepoint   ] Safepoint "Cleanup", Time since last: 3001013535 ns, Reaching safepoint: 80791 ns, At safepoint: 3186 ns, Total: 83977 ns
[2020-07-12T01:10:26.206+0000][5284][safepoint   ] Safepoint "Cleanup", Time since last: 1000159327 ns, Reaching safepoint: 68988 ns, At safepoint: 1995 ns, Total: 70983 ns
[2020-07-12T01:10:26.424+0000][5284][gc,heap     ] GC(61) Heap before GC invocations=61 (full 61): ZHeap           used 534M, capacity 4096M, max capacity 4096M
[2020-07-12T01:10:26.424+0000][5284][gc,heap     ] GC(61)  Metaspace       used 80165K, capacity 82897K, committed 83012K, reserved 83968K
[2020-07-12T01:10:26.424+0000][5284][gc,start    ] GC(61) Garbage Collection (Proactive)
[2020-07-12T01:10:26.424+0000][5284][gc,phases   ] GC(61) Pause Mark Start 0.108ms
[2020-07-12T01:10:26.424+0000][5284][safepoint   ] Safepoint "ZMarkStart", Time since last: 217982959 ns, Reaching safepoint: 83159 ns, At safepoint: 127873 ns, Total: 211032 ns
[2020-07-12T01:10:26.475+0000][5284][gc,phases   ] GC(61) Concurrent Mark 51.109ms
[2020-07-12T01:10:26.476+0000][5284][gc,phases   ] GC(61) Pause Mark End 0.287ms
[2020-07-12T01:10:26.476+0000][5284][safepoint   ] Safepoint "ZMarkEnd", Time since last: 51222738 ns, Reaching safepoint: 52968 ns, At safepoint: 308377 ns, Total: 361345 ns
[2020-07-12T01:10:26.509+0000][5284][gc,phases   ] GC(61) Concurrent Process Non-Strong References 33.453ms
[2020-07-12T01:10:26.509+0000][5284][gc,phases   ] GC(61) Concurrent Reset Relocation Set 0.004ms
[2020-07-12T01:10:26.510+0000][5284][gc,phases   ] GC(61) Concurrent Select Relocation Set 0.989ms
[2020-07-12T01:10:26.510+0000][5284][gc,phases   ] GC(61) Pause Relocate Start 0.090ms
[2020-07-12T01:10:26.510+0000][5284][safepoint   ] Safepoint "ZRelocateStart", Time since last: 34548574 ns, Reaching safepoint: 64920 ns, At safepoint: 111564 ns, Total: 176484 ns
[2020-07-12T01:10:26.512+0000][5284][gc,phases   ] GC(61) Concurrent Relocate 1.340ms
[2020-07-12T01:10:26.512+0000][5284][gc,heap     ] GC(61) Heap after GC invocations=62 (full 62): ZHeap           used 76M, capacity 4096M, max capacity 4096M
[2020-07-12T01:10:26.512+0000][5284][gc,heap     ] GC(61)  Metaspace       used 80175K, capacity 82897K, committed 83012K, reserved 83968K
[2020-07-12T01:10:26.512+0000][5284][gc,load     ] GC(61) Load: 2.13/1.25/0.70
[2020-07-12T01:10:26.512+0000][5284][gc,mmu      ] GC(61) MMU: 2ms/49.3%, 5ms/79.7%, 10ms/89.9%, 20ms/94.9%, 50ms/97.3%, 100ms/98.3%
[2020-07-12T01:10:26.512+0000][5284][gc,marking  ] GC(61) Mark: 1 stripe(s), 2 proactive flush(es), 1 terminate flush(es), 1 completion(s), 0 continuation(s) 
[2020-07-12T01:10:26.512+0000][5284][gc,reloc    ] GC(61) Relocation: Successful, 1M relocated
[2020-07-12T01:10:26.512+0000][5284][gc,nmethod  ] GC(61) NMethods: 5555 registered, 0 unregistered
[2020-07-12T01:10:26.512+0000][5284][gc,metaspace] GC(61) Metaspace: 78M used, 80M capacity, 81M committed, 82M reserved
[2020-07-12T01:10:26.512+0000][5284][gc,ref      ] GC(61) Soft: 3922 encountered, 0 discovered, 0 enqueued
[2020-07-12T01:10:26.512+0000][5284][gc,ref      ] GC(61) Weak: 6657 encountered, 4332 discovered, 0 enqueued
[2020-07-12T01:10:26.512+0000][5284][gc,ref      ] GC(61) Final: 3 encountered, 0 discovered, 0 enqueued
[2020-07-12T01:10:26.512+0000][5284][gc,ref      ] GC(61) Phantom: 435 encountered, 294 discovered, 0 enqueued
[2020-07-12T01:10:26.512+0000][5284][gc,heap     ] GC(61) Min Capacity: 4096M(100%)
[2020-07-12T01:10:26.512+0000][5284][gc,heap     ] GC(61) Max Capacity: 4096M(100%)
[2020-07-12T01:10:26.512+0000][5284][gc,heap     ] GC(61) Soft Max Capacity: 4096M(100%)
[2020-07-12T01:10:26.512+0000][5284][gc,heap     ] GC(61)                Mark Start          Mark End        Relocate Start      Relocate End           High               Low         
[2020-07-12T01:10:26.512+0000][5284][gc,heap     ] GC(61)  Capacity:     4096M (100%)       4096M (100%)       4096M (100%)       4096M (100%)       4096M (100%)       4096M (100%)   
[2020-07-12T01:10:26.512+0000][5284][gc,heap     ] GC(61)   Reserve:       42M (1%)           42M (1%)           42M (1%)           42M (1%)           42M (1%)           42M (1%)     
[2020-07-12T01:10:26.512+0000][5284][gc,heap     ] GC(61)      Free:     3520M (86%)        3518M (86%)        3936M (96%)        3978M (97%)        3978M (97%)        3506M (86%)    
[2020-07-12T01:10:26.512+0000][5284][gc,heap     ] GC(61)      Used:      534M (13%)         536M (13%)         118M (3%)           76M (2%)          548M (13%)          76M (2%)     
[2020-07-12T01:10:26.512+0000][5284][gc,heap     ] GC(61)      Live:         -                28M (1%)           28M (1%)           28M (1%)             -                  -          
[2020-07-12T01:10:26.512+0000][5284][gc,heap     ] GC(61) Allocated:         -                 2M (0%)           14M (0%)           16M (0%)             -                  -          
[2020-07-12T01:10:26.512+0000][5284][gc,heap     ] GC(61)   Garbage:         -               505M (12%)          75M (2%)           33M (1%)             -                  -          
[2020-07-12T01:10:26.512+0000][5284][gc,heap     ] GC(61) Reclaimed:         -                  -               430M (10%)         472M (12%)            -                  -          
[2020-07-12T01:10:26.512+0000][5284][gc          ] GC(61) Garbage Collection (Proactive) 534M(13%)->76M(2%)
[2020-07-12T01:10:27.511+0000][5284][safepoint   ] Safepoint "Cleanup", Time since last: 1000273002 ns, Reaching safepoint: 69378 ns, At safepoint: 3781 ns, Total: 73159 ns
[2020-07-12T01:10:28.513+0000][5284][safepoint   ] Safepoint "Cleanup", Time since last: 1000150229 ns, Reaching safepoint: 1760585 ns, At safepoint: 5078 ns, Total: 1765663 ns
[2020-07-12T01:10:28.924+0000][5284][gc,stats    ] === Garbage Collection Statistics =======================================================================================================================
[2020-07-12T01:10:28.924+0000][5284][gc,stats    ]                                                              Last 10s              Last 10m              Last 10h                Total
[2020-07-12T01:10:28.924+0000][5284][gc,stats    ]                                                              Avg / Max             Avg / Max             Avg / Max             Avg / Max
[2020-07-12T01:10:28.924+0000][5284][gc,stats    ]   Collector: Garbage Collection Cycle                     84.988 / 87.992       75.133 / 117.511      75.133 / 117.511      75.133 / 117.511     ms
[2020-07-12T01:10:28.924+0000][5284][gc,stats    ]  Contention: Mark Segment Reset Contention                     0 / 0                 0 / 0                 0 / 0                 0 / 0           ops/s
[2020-07-12T01:10:28.924+0000][5284][gc,stats    ]  Contention: Mark SeqNum Reset Contention                      0 / 0                 0 / 0                 0 / 0                 0 / 0           ops/s
[2020-07-12T01:10:28.925+0000][5284][gc,stats    ]  Contention: Relocation Contention                             0 / 0                 0 / 11                0 / 11                0 / 11          ops/s
[2020-07-12T01:10:28.925+0000][5284][gc,stats    ]    Critical: Allocation Stall                              0.000 / 0.000         0.000 / 0.000         0.000 / 0.000         0.000 / 0.000       ms
[2020-07-12T01:10:28.925+0000][5284][gc,stats    ]    Critical: Allocation Stall                                  0 / 0                 0 / 0                 0 / 0                 0 / 0           ops/s
[2020-07-12T01:10:28.925+0000][5284][gc,stats    ]    Critical: GC Locker Stall                               0.000 / 0.000         0.093 / 0.093         0.093 / 0.093         0.093 / 0.093       ms
[2020-07-12T01:10:28.925+0000][5284][gc,stats    ]    Critical: GC Locker Stall                                   0 / 0                 0 / 1                 0 / 1                 0 / 1           ops/s
[2020-07-12T01:10:28.925+0000][5284][gc,stats    ]      Memory: Allocation Rate                                 115 / 126             110 / 238             110 / 238             110 / 238         MB/s
[2020-07-12T01:10:28.925+0000][5284][gc,stats    ]      Memory: Heap Used After Mark                            536 / 536             562 / 1286            562 / 1286            562 / 1286        MB
[2020-07-12T01:10:28.925+0000][5284][gc,stats    ]      Memory: Heap Used After Relocation                       73 / 76               82 / 116              82 / 116              82 / 116         MB
[2020-07-12T01:10:28.925+0000][5284][gc,stats    ]      Memory: Heap Used Before Mark                           534 / 534             546 / 1270            546 / 1270            546 / 1270        MB
[2020-07-12T01:10:28.925+0000][5284][gc,stats    ]      Memory: Heap Used Before Relocation                     115 / 118             134 / 338             134 / 338             134 / 338         MB
[2020-07-12T01:10:28.925+0000][5284][gc,stats    ]      Memory: Out Of Memory                                     0 / 0                 0 / 0                 0 / 0                 0 / 0           ops/s
[2020-07-12T01:10:28.925+0000][5284][gc,stats    ]      Memory: Page Cache Flush                                  0 / 0                 0 / 0                 0 / 0                 0 / 0           MB/s
[2020-07-12T01:10:28.925+0000][5284][gc,stats    ]      Memory: Page Cache Hit L1                                58 / 67               53 / 121              53 / 121              53 / 121         ops/s
[2020-07-12T01:10:28.925+0000][5284][gc,stats    ]      Memory: Page Cache Hit L2                                 0 / 0                 0 / 0                 0 / 0                 0 / 0           ops/s
[2020-07-12T01:10:28.925+0000][5284][gc,stats    ]      Memory: Page Cache Hit L3                                 0 / 0                 2 / 96                2 / 96                2 / 96          ops/s
[2020-07-12T01:10:28.925+0000][5284][gc,stats    ]      Memory: Page Cache Miss                                   0 / 0                 0 / 0                 0 / 0                 0 / 0           ops/s
[2020-07-12T01:10:28.925+0000][5284][gc,stats    ]      Memory: Uncommit                                          0 / 0                 0 / 0                 0 / 0                 0 / 0           MB/s
[2020-07-12T01:10:28.925+0000][5284][gc,stats    ]      Memory: Undo Object Allocation Failed                     0 / 0                 0 / 0                 0 / 0                 0 / 0           ops/s
[2020-07-12T01:10:28.925+0000][5284][gc,stats    ]      Memory: Undo Object Allocation Succeeded                  0 / 0                 0 / 11                0 / 11                0 / 11          ops/s
[2020-07-12T01:10:28.925+0000][5284][gc,stats    ]      Memory: Undo Page Allocation                              0 / 0                 0 / 0                 0 / 0                 0 / 0           ops/s
[2020-07-12T01:10:28.925+0000][5284][gc,stats    ]       Phase: Concurrent Mark                              48.919 / 51.109       46.902 / 77.269       46.902 / 77.269       46.902 / 77.269      ms
[2020-07-12T01:10:28.925+0000][5284][gc,stats    ]       Phase: Concurrent Mark Continue                      0.000 / 0.000         0.000 / 0.000         0.000 / 0.000         0.000 / 0.000       ms
[2020-07-12T01:10:28.925+0000][5284][gc,stats    ]       Phase: Concurrent Process Non-Strong References     32.405 / 33.453       23.423 / 37.730       23.423 / 37.730       23.423 / 37.730      ms
[2020-07-12T01:10:28.925+0000][5284][gc,stats    ]       Phase: Concurrent Relocate                           1.393 / 1.446         1.871 / 18.136        1.871 / 18.136        1.871 / 18.136      ms
[2020-07-12T01:10:28.925+0000][5284][gc,stats    ]       Phase: Concurrent Reset Relocation Set               0.004 / 0.004         0.004 / 0.015         0.004 / 0.015         0.004 / 0.015       ms
[2020-07-12T01:10:28.925+0000][5284][gc,stats    ]       Phase: Concurrent Select Relocation Set              0.987 / 0.989         1.097 / 5.622         1.097 / 5.622         1.097 / 5.622       ms
[2020-07-12T01:10:28.925+0000][5284][gc,stats    ]       Phase: Pause Mark End                                0.326 / 0.365         0.332 / 0.457         0.332 / 0.457         0.332 / 0.457       ms
[2020-07-12T01:10:28.925+0000][5284][gc,stats    ]       Phase: Pause Mark Start                              0.123 / 0.138         0.176 / 0.724         0.176 / 0.724         0.176 / 0.724       ms
[2020-07-12T01:10:28.925+0000][5284][gc,stats    ]       Phase: Pause Relocate Start                          0.142 / 0.195         0.144 / 1.014         0.144 / 1.014         0.144 / 1.014       ms
[2020-07-12T01:10:28.925+0000][5284][gc,stats    ]    Subphase: Concurrent Classes Purge                      0.814 / 0.927         0.769 / 8.877         0.769 / 8.877         0.769 / 8.877       ms
[2020-07-12T01:10:28.925+0000][5284][gc,stats    ]    Subphase: Concurrent Classes Unlink                    29.454 / 30.340       20.913 / 32.180       20.913 / 32.180       20.913 / 32.180      ms
[2020-07-12T01:10:28.925+0000][5284][gc,stats    ]    Subphase: Concurrent Mark                              48.076 / 50.089       46.198 / 76.517       46.198 / 76.517       46.198 / 76.517      ms
[2020-07-12T01:10:28.925+0000][5284][gc,stats    ]    Subphase: Concurrent Mark Idle                          0.000 / 0.000         0.000 / 0.000         0.000 / 0.000         0.000 / 0.000       ms
[2020-07-12T01:10:28.925+0000][5284][gc,stats    ]    Subphase: Concurrent Mark Try Flush                     0.052 / 0.138         0.113 / 1.569         0.113 / 1.569         0.113 / 1.569       ms
[2020-07-12T01:10:28.925+0000][5284][gc,stats    ]    Subphase: Concurrent Mark Try Terminate                 0.017 / 0.055         0.051 / 0.756         0.051 / 0.756         0.051 / 0.756       ms
[2020-07-12T01:10:28.925+0000][5284][gc,stats    ]    Subphase: Concurrent References Enqueue                 0.000 / 0.000         0.001 / 0.004         0.001 / 0.004         0.001 / 0.004       ms
[2020-07-12T01:10:28.925+0000][5284][gc,stats    ]    Subphase: Concurrent References Process                 0.708 / 0.886         0.521 / 1.144         0.521 / 1.144         0.521 / 1.144       ms
[2020-07-12T01:10:28.925+0000][5284][gc,stats    ]    Subphase: Concurrent Roots                              0.278 / 0.303         0.303 / 1.449         0.303 / 1.449         0.303 / 1.449       ms
[2020-07-12T01:10:28.925+0000][5284][gc,stats    ]    Subphase: Concurrent Roots ClassLoaderDataGraph         0.272 / 0.297         0.297 / 1.421         0.297 / 1.421         0.297 / 1.421       ms
[2020-07-12T01:10:28.925+0000][5284][gc,stats    ]    Subphase: Concurrent Roots JNIHandles                   0.004 / 0.004         0.004 / 0.012         0.004 / 0.012         0.004 / 0.012       ms
[2020-07-12T01:10:28.925+0000][5284][gc,stats    ]    Subphase: Concurrent Roots Setup                        0.305 / 0.384         0.183 / 0.465         0.183 / 0.465         0.183 / 0.465       ms
[2020-07-12T01:10:28.925+0000][5284][gc,stats    ]    Subphase: Concurrent Roots Teardown                     0.000 / 0.000         0.000 / 0.002         0.000 / 0.002         0.000 / 0.002       ms
[2020-07-12T01:10:28.925+0000][5284][gc,stats    ]    Subphase: Concurrent Roots VMHandles                    0.000 / 0.000         0.000 / 0.000         0.000 / 0.000         0.000 / 0.000       ms
[2020-07-12T01:10:28.925+0000][5284][gc,stats    ]    Subphase: Concurrent Weak Roots                         1.276 / 1.534         0.894 / 1.534         0.894 / 1.534         0.894 / 1.534       ms
[2020-07-12T01:10:28.925+0000][5284][gc,stats    ]    Subphase: Concurrent Weak Roots JNIWeakHandles          0.001 / 0.001         0.001 / 0.004         0.001 / 0.004         0.001 / 0.004       ms
[2020-07-12T01:10:28.925+0000][5284][gc,stats    ]    Subphase: Concurrent Weak Roots ResolvedMethodTable     0.110 / 0.132         0.093 / 0.181         0.093 / 0.181         0.093 / 0.181       ms
[2020-07-12T01:10:28.925+0000][5284][gc,stats    ]    Subphase: Concurrent Weak Roots StringTable             1.089 / 1.341         0.741 / 1.341         0.741 / 1.341         0.741 / 1.341       ms
[2020-07-12T01:10:28.925+0000][5284][gc,stats    ]    Subphase: Concurrent Weak Roots VMWeakHandles           0.071 / 0.088         0.056 / 0.088         0.056 / 0.088         0.056 / 0.088       ms
[2020-07-12T01:10:28.925+0000][5284][gc,stats    ]    Subphase: Pause Mark Try Complete                       0.173 / 0.174         0.147 / 0.203         0.147 / 0.203         0.147 / 0.203       ms
[2020-07-12T01:10:28.925+0000][5284][gc,stats    ]    Subphase: Pause Roots                                   0.041 / 0.124         0.040 / 0.936         0.040 / 0.936         0.040 / 0.936       ms
[2020-07-12T01:10:28.925+0000][5284][gc,stats    ]    Subphase: Pause Roots CodeCache                         0.000 / 0.000         0.000 / 0.000         0.000 / 0.000         0.000 / 0.000       ms
[2020-07-12T01:10:28.925+0000][5284][gc,stats    ]    Subphase: Pause Roots JVMTIExport                       0.002 / 0.002         0.002 / 0.007         0.002 / 0.007         0.002 / 0.007       ms
[2020-07-12T01:10:28.925+0000][5284][gc,stats    ]    Subphase: Pause Roots JVMTIWeakExport                   0.001 / 0.001         0.001 / 0.001         0.001 / 0.001         0.001 / 0.001       ms
[2020-07-12T01:10:28.925+0000][5284][gc,stats    ]    Subphase: Pause Roots Management                        0.001 / 0.001         0.001 / 0.003         0.001 / 0.003         0.001 / 0.003       ms
[2020-07-12T01:10:28.925+0000][5284][gc,stats    ]    Subphase: Pause Roots ObjectSynchronizer                0.000 / 0.000         0.000 / 0.001         0.000 / 0.001         0.000 / 0.001       ms
[2020-07-12T01:10:28.925+0000][5284][gc,stats    ]    Subphase: Pause Roots Setup                             0.001 / 0.001         0.001 / 0.036         0.001 / 0.036         0.001 / 0.036       ms
[2020-07-12T01:10:28.925+0000][5284][gc,stats    ]    Subphase: Pause Roots SystemDictionary                  0.011 / 0.012         0.011 / 0.042         0.011 / 0.042         0.011 / 0.042       ms
[2020-07-12T01:10:28.925+0000][5284][gc,stats    ]    Subphase: Pause Roots Teardown                          0.004 / 0.013         0.001 / 0.013         0.001 / 0.013         0.001 / 0.013       ms
[2020-07-12T01:10:28.925+0000][5284][gc,stats    ]    Subphase: Pause Roots Threads                           0.053 / 0.122         0.045 / 0.913         0.045 / 0.913         0.045 / 0.913       ms
[2020-07-12T01:10:28.925+0000][5284][gc,stats    ]    Subphase: Pause Roots Universe                          0.002 / 0.003         0.002 / 0.011         0.002 / 0.011         0.002 / 0.011       ms
[2020-07-12T01:10:28.925+0000][5284][gc,stats    ]    Subphase: Pause Weak Roots                              0.012 / 0.071         0.010 / 0.087         0.010 / 0.087         0.010 / 0.087       ms
[2020-07-12T01:10:28.925+0000][5284][gc,stats    ]    Subphase: Pause Weak Roots JFRWeak                      0.055 / 0.068         0.045 / 0.084         0.045 / 0.084         0.045 / 0.084       ms
[2020-07-12T01:10:28.925+0000][5284][gc,stats    ]    Subphase: Pause Weak Roots JVMTIWeakExport              0.001 / 0.001         0.001 / 0.001         0.001 / 0.001         0.001 / 0.001       ms
[2020-07-12T01:10:28.925+0000][5284][gc,stats    ]    Subphase: Pause Weak Roots Setup                        0.001 / 0.001         0.000 / 0.001         0.000 / 0.001         0.000 / 0.001       ms
[2020-07-12T01:10:28.925+0000][5284][gc,stats    ]    Subphase: Pause Weak Roots Teardown                     0.000 / 0.000         0.000 / 0.000         0.000 / 0.000         0.000 / 0.000       ms
[2020-07-12T01:10:28.925+0000][5284][gc,stats    ]      System: Java Threads                                     37 / 37               35 / 38               35 / 38               35 / 38          threads
[2020-07-12T01:10:28.925+0000][5284][gc,stats    ] =========================================================================================================================================================
[2020-07-12T01:10:29.513+0000][5284][safepoint   ] Safepoint "Cleanup", Time since last: 1000116920 ns, Reaching safepoint: 61644 ns, At safepoint: 5732 ns, Total: 67376 ns
[2020-07-12T01:10:30.514+0000][5284][safepoint   ] Safepoint "Cleanup", Time since last: 1000234463 ns, Reaching safepoint: 605668 ns, At safepoint: 8447 ns, Total: 614115 ns
[2020-07-12T01:10:31.124+0000][5284][gc,heap     ] GC(62) Heap before GC invocations=62 (full 62): ZHeap           used 640M, capacity 4096M, max capacity 4096M
[2020-07-12T01:10:31.124+0000][5284][gc,heap     ] GC(62)  Metaspace       used 80217K, capacity 83025K, committed 83268K, reserved 83968K
[2020-07-12T01:10:31.124+0000][5284][gc,start    ] GC(62) Garbage Collection (Proactive)
[2020-07-12T01:10:31.125+0000][5284][gc,phases   ] GC(62) Pause Mark Start 0.197ms
[2020-07-12T01:10:31.125+0000][5284][safepoint   ] Safepoint "ZMarkStart", Time since last: 610548358 ns, Reaching safepoint: 171743 ns, At safepoint: 281571 ns, Total: 453314 ns
[2020-07-12T01:10:31.172+0000][5284][gc,phases   ] GC(62) Concurrent Mark 46.890ms
[2020-07-12T01:10:31.172+0000][5284][gc,phases   ] GC(62) Pause Mark End 0.313ms
[2020-07-12T01:10:31.172+0000][5284][safepoint   ] Safepoint "ZMarkEnd", Time since last: 47028181 ns, Reaching safepoint: 100301 ns, At safepoint: 335105 ns, Total: 435406 ns
[2020-07-12T01:10:31.200+0000][5284][gc,phases   ] GC(62) Concurrent Process Non-Strong References 27.393ms
[2020-07-12T01:10:31.200+0000][5284][gc,phases   ] GC(62) Concurrent Reset Relocation Set 0.004ms
[2020-07-12T01:10:31.201+0000][5284][gc,phases   ] GC(62) Concurrent Select Relocation Set 1.010ms
[2020-07-12T01:10:31.201+0000][5284][gc,phases   ] GC(62) Pause Relocate Start 0.095ms
[2020-07-12T01:10:31.201+0000][5284][safepoint   ] Safepoint "ZRelocateStart", Time since last: 28609466 ns, Reaching safepoint: 147328 ns, At safepoint: 114712 ns, Total: 262040 ns
[2020-07-12T01:10:31.202+0000][5284][gc,phases   ] GC(62) Concurrent Relocate 1.298ms
[2020-07-12T01:10:31.202+0000][5284][gc,heap     ] GC(62) Heap after GC invocations=63 (full 63): ZHeap           used 68M, capacity 4096M, max capacity 4096M
[2020-07-12T01:10:31.202+0000][5284][gc,heap     ] GC(62)  Metaspace       used 80217K, capacity 83025K, committed 83268K, reserved 83968K
[2020-07-12T01:10:31.202+0000][5284][gc,load     ] GC(62) Load: 1.96/1.23/0.70
[2020-07-12T01:10:31.202+0000][5284][gc,mmu      ] GC(62) MMU: 2ms/49.3%, 5ms/79.7%, 10ms/89.9%, 20ms/94.9%, 50ms/97.3%, 100ms/98.3%
[2020-07-12T01:10:31.202+0000][5284][gc,marking  ] GC(62) Mark: 1 stripe(s), 2 proactive flush(es), 1 terminate flush(es), 1 completion(s), 0 continuation(s) 
[2020-07-12T01:10:31.202+0000][5284][gc,reloc    ] GC(62) Relocation: Successful, 1M relocated
[2020-07-12T01:10:31.202+0000][5284][gc,nmethod  ] GC(62) NMethods: 5577 registered, 0 unregistered
[2020-07-12T01:10:31.202+0000][5284][gc,metaspace] GC(62) Metaspace: 78M used, 81M capacity, 81M committed, 82M reserved
[2020-07-12T01:10:31.202+0000][5284][gc,ref      ] GC(62) Soft: 3922 encountered, 0 discovered, 0 enqueued
[2020-07-12T01:10:31.202+0000][5284][gc,ref      ] GC(62) Weak: 6657 encountered, 4332 discovered, 0 enqueued
[2020-07-12T01:10:31.202+0000][5284][gc,ref      ] GC(62) Final: 3 encountered, 0 discovered, 0 enqueued
[2020-07-12T01:10:31.202+0000][5284][gc,ref      ] GC(62) Phantom: 435 encountered, 294 discovered, 0 enqueued
[2020-07-12T01:10:31.202+0000][5284][gc,heap     ] GC(62) Min Capacity: 4096M(100%)
[2020-07-12T01:10:31.202+0000][5284][gc,heap     ] GC(62) Max Capacity: 4096M(100%)
[2020-07-12T01:10:31.203+0000][5284][gc,heap     ] GC(62) Soft Max Capacity: 4096M(100%)
[2020-07-12T01:10:31.203+0000][5284][gc,heap     ] GC(62)                Mark Start          Mark End        Relocate Start      Relocate End           High               Low         
[2020-07-12T01:10:31.203+0000][5284][gc,heap     ] GC(62)  Capacity:     4096M (100%)       4096M (100%)       4096M (100%)       4096M (100%)       4096M (100%)       4096M (100%)   
[2020-07-12T01:10:31.203+0000][5284][gc,heap     ] GC(62)   Reserve:       42M (1%)           42M (1%)           42M (1%)           42M (1%)           42M (1%)           42M (1%)     
[2020-07-12T01:10:31.203+0000][5284][gc,heap     ] GC(62)      Free:     3414M (83%)        3412M (83%)        3940M (96%)        3986M (97%)        3986M (97%)        3412M (83%)    
[2020-07-12T01:10:31.203+0000][5284][gc,heap     ] GC(62)      Used:      640M (16%)         642M (16%)         114M (3%)           68M (2%)          642M (16%)          68M (2%)     
[2020-07-12T01:10:31.203+0000][5284][gc,heap     ] GC(62)      Live:         -                28M (1%)           28M (1%)           28M (1%)             -                  -          
[2020-07-12T01:10:31.203+0000][5284][gc,heap     ] GC(62) Allocated:         -                 2M (0%)            2M (0%)            8M (0%)             -                  -          
[2020-07-12T01:10:31.203+0000][5284][gc,heap     ] GC(62)   Garbage:         -               611M (15%)          83M (2%)           37M (1%)             -                  -          
[2020-07-12T01:10:31.203+0000][5284][gc,heap     ] GC(62) Reclaimed:         -                  -               528M (13%)         574M (14%)            -                  -          
[2020-07-12T01:10:31.203+0000][5284][gc          ] GC(62) Garbage Collection (Proactive) 640M(16%)->68M(2%)
[2020-07-12T01:10:32.202+0000][5284][safepoint   ] Safepoint "Cleanup", Time since last: 1000303066 ns, Reaching safepoint: 165279 ns, At safepoint: 7147 ns, Total: 172426 ns
[2020-07-12T01:10:33.202+0000][5284][safepoint   ] Safepoint "Cleanup", Time since last: 1000478912 ns, Reaching safepoint: 156317 ns, At safepoint: 3200 ns, Total: 159517 ns
[2020-07-12T01:10:34.203+0000][5284][safepoint   ] Safepoint "Cleanup", Time since last: 1000670095 ns, Reaching safepoint: 148401 ns, At safepoint: 3209 ns, Total: 151610 ns
[2020-07-12T01:10:35.205+0000][5284][safepoint   ] Safepoint "Cleanup", Time since last: 1001572394 ns, Reaching safepoint: 135325 ns, At safepoint: 6666 ns, Total: 141991 ns
[2020-07-12T01:10:35.683+0000][5284][gc,heap     ] GC(63) Heap before GC invocations=63 (full 63): ZHeap           used 534M, capacity 4096M, max capacity 4096M
[2020-07-12T01:10:35.683+0000][5284][gc,heap     ] GC(63)  Metaspace       used 80220K, capacity 83025K, committed 83268K, reserved 83968K
[2020-07-12T01:10:35.683+0000][5284][gc,start    ] GC(63) Garbage Collection (Proactive)
[2020-07-12T01:10:35.684+0000][5284][gc,phases   ] GC(63) Pause Mark Start 0.471ms
[2020-07-12T01:10:35.684+0000][5284][safepoint   ] Safepoint "ZMarkStart", Time since last: 478274283 ns, Reaching safepoint: 195058 ns, At safepoint: 554856 ns, Total: 749914 ns
[2020-07-12T01:10:35.751+0000][5284][gc,phases   ] GC(63) Concurrent Mark 66.834ms
[2020-07-12T01:10:35.752+0000][5284][gc,phases   ] GC(63) Pause Mark End 0.318ms
[2020-07-12T01:10:35.752+0000][5284][safepoint   ] Safepoint "ZMarkEnd", Time since last: 67001868 ns, Reaching safepoint: 1243726 ns, At safepoint: 342053 ns, Total: 1585779 ns
[2020-07-12T01:10:35.785+0000][5284][gc,phases   ] GC(63) Concurrent Process Non-Strong References 32.356ms
[2020-07-12T01:10:35.785+0000][5284][gc,phases   ] GC(63) Concurrent Reset Relocation Set 0.005ms
[2020-07-12T01:10:35.786+0000][5284][gc,phases   ] GC(63) Concurrent Select Relocation Set 0.990ms
[2020-07-12T01:10:35.786+0000][5284][gc,phases   ] GC(63) Pause Relocate Start 0.098ms
[2020-07-12T01:10:35.786+0000][5284][safepoint   ] Safepoint "ZRelocateStart", Time since last: 33522574 ns, Reaching safepoint: 195932 ns, At safepoint: 123043 ns, Total: 318975 ns
[2020-07-12T01:10:35.788+0000][5284][gc,phases   ] GC(63) Concurrent Relocate 1.421ms
[2020-07-12T01:10:35.788+0000][5284][gc,heap     ] GC(63) Heap after GC invocations=64 (full 64): ZHeap           used 106M, capacity 4096M, max capacity 4096M
[2020-07-12T01:10:35.788+0000][5284][gc,heap     ] GC(63)  Metaspace       used 80220K, capacity 83025K, committed 83268K, reserved 83968K
[2020-07-12T01:10:35.788+0000][5284][gc,load     ] GC(63) Load: 2.21/1.29/0.72
[2020-07-12T01:10:35.788+0000][5284][gc,mmu      ] GC(63) MMU: 2ms/49.3%, 5ms/79.7%, 10ms/89.9%, 20ms/94.9%, 50ms/97.3%, 100ms/98.3%
[2020-07-12T01:10:35.788+0000][5284][gc,marking  ] GC(63) Mark: 1 stripe(s), 2 proactive flush(es), 1 terminate flush(es), 1 completion(s), 0 continuation(s) 
[2020-07-12T01:10:35.788+0000][5284][gc,reloc    ] GC(63) Relocation: Successful, 1M relocated
[2020-07-12T01:10:35.788+0000][5284][gc,nmethod  ] GC(63) NMethods: 5590 registered, 0 unregistered
[2020-07-12T01:10:35.788+0000][5284][gc,metaspace] GC(63) Metaspace: 78M used, 81M capacity, 81M committed, 82M reserved
[2020-07-12T01:10:35.788+0000][5284][gc,ref      ] GC(63) Soft: 3922 encountered, 0 discovered, 0 enqueued
[2020-07-12T01:10:35.788+0000][5284][gc,ref      ] GC(63) Weak: 6656 encountered, 4322 discovered, 0 enqueued
[2020-07-12T01:10:35.788+0000][5284][gc,ref      ] GC(63) Final: 3 encountered, 0 discovered, 0 enqueued
[2020-07-12T01:10:35.788+0000][5284][gc,ref      ] GC(63) Phantom: 435 encountered, 294 discovered, 0 enqueued
[2020-07-12T01:10:35.788+0000][5284][gc,heap     ] GC(63) Min Capacity: 4096M(100%)
[2020-07-12T01:10:35.788+0000][5284][gc,heap     ] GC(63) Max Capacity: 4096M(100%)
[2020-07-12T01:10:35.788+0000][5284][gc,heap     ] GC(63) Soft Max Capacity: 4096M(100%)
[2020-07-12T01:10:35.788+0000][5284][gc,heap     ] GC(63)                Mark Start          Mark End        Relocate Start      Relocate End           High               Low         
[2020-07-12T01:10:35.788+0000][5284][gc,heap     ] GC(63)  Capacity:     4096M (100%)       4096M (100%)       4096M (100%)       4096M (100%)       4096M (100%)       4096M (100%)   
[2020-07-12T01:10:35.788+0000][5284][gc,heap     ] GC(63)   Reserve:       42M (1%)           42M (1%)           42M (1%)           42M (1%)           42M (1%)           42M (1%)     
[2020-07-12T01:10:35.788+0000][5284][gc,heap     ] GC(63)      Free:     3520M (86%)        3490M (85%)        3918M (96%)        3948M (96%)        3948M (96%)        3478M (85%)    
[2020-07-12T01:10:35.788+0000][5284][gc,heap     ] GC(63)      Used:      534M (13%)         564M (14%)         136M (3%)          106M (3%)          576M (14%)         106M (3%)     
[2020-07-12T01:10:35.788+0000][5284][gc,heap     ] GC(63)      Live:         -                28M (1%)           28M (1%)           28M (1%)             -                  -          
[2020-07-12T01:10:35.788+0000][5284][gc,heap     ] GC(63) Allocated:         -                30M (1%)           42M (1%)           46M (1%)             -                  -          
[2020-07-12T01:10:35.788+0000][5284][gc,heap     ] GC(63)   Garbage:         -               505M (12%)          65M (2%)           35M (1%)             -                  -          
[2020-07-12T01:10:35.788+0000][5284][gc,heap     ] GC(63) Reclaimed:         -                  -               440M (11%)         470M (11%)            -                  -          
[2020-07-12T01:10:35.788+0000][5284][gc          ] GC(63) Garbage Collection (Proactive) 534M(13%)->106M(3%)
[2020-07-12T01:10:36.787+0000][5284][safepoint   ] Safepoint "Cleanup", Time since last: 1000244197 ns, Reaching safepoint: 175788 ns, At safepoint: 5604 ns, Total: 181392 ns
[2020-07-12T01:10:37.787+0000][5284][safepoint   ] Safepoint "Cleanup", Time since last: 1000325774 ns, Reaching safepoint: 71263 ns, At safepoint: 2998 ns, Total: 74261 ns
[2020-07-12T01:10:38.789+0000][5284][safepoint   ] Safepoint "Cleanup", Time since last: 1001098375 ns, Reaching safepoint: 579500 ns, At safepoint: 15633 ns, Total: 595133 ns
[2020-07-12T01:10:38.925+0000][5284][gc,stats    ] === Garbage Collection Statistics =======================================================================================================================
[2020-07-12T01:10:38.925+0000][5284][gc,stats    ]                                                              Last 10s              Last 10m              Last 10h                Total
[2020-07-12T01:10:38.925+0000][5284][gc,stats    ]                                                              Avg / Max             Avg / Max             Avg / Max             Avg / Max
[2020-07-12T01:10:38.925+0000][5284][gc,stats    ]   Collector: Garbage Collection Cycle                     91.586 / 104.912      75.647 / 117.511      75.647 / 117.511      75.647 / 117.511     ms
[2020-07-12T01:10:38.925+0000][5284][gc,stats    ]  Contention: Mark Segment Reset Contention                     0 / 0                 0 / 0                 0 / 0                 0 / 0           ops/s
[2020-07-12T01:10:38.925+0000][5284][gc,stats    ]  Contention: Mark SeqNum Reset Contention                      0 / 0                 0 / 0                 0 / 0                 0 / 0           ops/s
[2020-07-12T01:10:38.925+0000][5284][gc,stats    ]  Contention: Relocation Contention                             0 / 1                 0 / 11                0 / 11                0 / 11          ops/s
[2020-07-12T01:10:38.925+0000][5284][gc,stats    ]    Critical: Allocation Stall                              0.000 / 0.000         0.000 / 0.000         0.000 / 0.000         0.000 / 0.000       ms
[2020-07-12T01:10:38.925+0000][5284][gc,stats    ]    Critical: Allocation Stall                                  0 / 0                 0 / 0                 0 / 0                 0 / 0           ops/s
[2020-07-12T01:10:38.925+0000][5284][gc,stats    ]    Critical: GC Locker Stall                               0.000 / 0.000         0.093 / 0.093         0.093 / 0.093         0.093 / 0.093       ms
[2020-07-12T01:10:38.925+0000][5284][gc,stats    ]    Critical: GC Locker Stall                                   0 / 0                 0 / 1                 0 / 1                 0 / 1           ops/s
[2020-07-12T01:10:38.925+0000][5284][gc,stats    ]      Memory: Allocation Rate                                 115 / 142             110 / 238             110 / 238             110 / 238         MB/s
[2020-07-12T01:10:38.925+0000][5284][gc,stats    ]      Memory: Heap Used After Mark                            603 / 642             563 / 1286            563 / 1286            563 / 1286        MB
[2020-07-12T01:10:38.925+0000][5284][gc,stats    ]      Memory: Heap Used After Relocation                       87 / 106              82 / 116              82 / 116              82 / 116         MB
[2020-07-12T01:10:38.925+0000][5284][gc,stats    ]      Memory: Heap Used Before Mark                           587 / 640             547 / 1270            547 / 1270            547 / 1270        MB
[2020-07-12T01:10:38.925+0000][5284][gc,stats    ]      Memory: Heap Used Before Relocation                     125 / 136             134 / 338             134 / 338             134 / 338         MB
[2020-07-12T01:10:38.925+0000][5284][gc,stats    ]      Memory: Out Of Memory                                     0 / 0                 0 / 0                 0 / 0                 0 / 0           ops/s
[2020-07-12T01:10:38.925+0000][5284][gc,stats    ]      Memory: Page Cache Flush                                  0 / 0                 0 / 0                 0 / 0                 0 / 0           MB/s
[2020-07-12T01:10:38.925+0000][5284][gc,stats    ]      Memory: Page Cache Hit L1                                58 / 71               53 / 121              53 / 121              53 / 121         ops/s
[2020-07-12T01:10:38.925+0000][5284][gc,stats    ]      Memory: Page Cache Hit L2                                 0 / 0                 0 / 0                 0 / 0                 0 / 0           ops/s
[2020-07-12T01:10:38.925+0000][5284][gc,stats    ]      Memory: Page Cache Hit L3                                 0 / 0                 2 / 96                2 / 96                2 / 96          ops/s
[2020-07-12T01:10:38.925+0000][5284][gc,stats    ]      Memory: Page Cache Miss                                   0 / 0                 0 / 0                 0 / 0                 0 / 0           ops/s
[2020-07-12T01:10:38.925+0000][5284][gc,stats    ]      Memory: Uncommit                                          0 / 0                 0 / 0                 0 / 0                 0 / 0           MB/s
[2020-07-12T01:10:38.925+0000][5284][gc,stats    ]      Memory: Undo Object Allocation Failed                     0 / 0                 0 / 0                 0 / 0                 0 / 0           ops/s
[2020-07-12T01:10:38.925+0000][5284][gc,stats    ]      Memory: Undo Object Allocation Succeeded                  0 / 1                 0 / 11                0 / 11                0 / 11          ops/s
[2020-07-12T01:10:38.925+0000][5284][gc,stats    ]      Memory: Undo Page Allocation                              0 / 0                 0 / 0                 0 / 0                 0 / 0           ops/s
[2020-07-12T01:10:38.925+0000][5284][gc,stats    ]       Phase: Concurrent Mark                              56.862 / 66.834       47.213 / 77.269       47.213 / 77.269       47.213 / 77.269      ms
[2020-07-12T01:10:38.925+0000][5284][gc,stats    ]       Phase: Concurrent Mark Continue                      0.000 / 0.000         0.000 / 0.000         0.000 / 0.000         0.000 / 0.000       ms
[2020-07-12T01:10:38.925+0000][5284][gc,stats    ]       Phase: Concurrent Process Non-Strong References     29.875 / 32.356       23.624 / 37.730       23.624 / 37.730       23.624 / 37.730      ms
[2020-07-12T01:10:38.925+0000][5284][gc,stats    ]       Phase: Concurrent Relocate                           1.359 / 1.421         1.855 / 18.136        1.855 / 18.136        1.855 / 18.136      ms
[2020-07-12T01:10:38.925+0000][5284][gc,stats    ]       Phase: Concurrent Reset Relocation Set               0.004 / 0.005         0.004 / 0.015         0.004 / 0.015         0.004 / 0.015       ms
[2020-07-12T01:10:38.925+0000][5284][gc,stats    ]       Phase: Concurrent Select Relocation Set              1.000 / 1.010         1.094 / 5.622         1.094 / 5.622         1.094 / 5.622       ms
[2020-07-12T01:10:38.925+0000][5284][gc,stats    ]       Phase: Pause Mark End                                0.315 / 0.318         0.332 / 0.457         0.332 / 0.457         0.332 / 0.457       ms
[2020-07-12T01:10:38.925+0000][5284][gc,stats    ]       Phase: Pause Mark Start                              0.334 / 0.471         0.181 / 0.724         0.181 / 0.724         0.181 / 0.724       ms
[2020-07-12T01:10:38.925+0000][5284][gc,stats    ]       Phase: Pause Relocate Start                          0.096 / 0.098         0.142 / 1.014         0.142 / 1.014         0.142 / 1.014       ms
[2020-07-12T01:10:38.925+0000][5284][gc,stats    ]    Subphase: Concurrent Classes Purge                      0.939 / 1.161         0.775 / 8.877         0.775 / 8.877         0.775 / 8.877       ms
[2020-07-12T01:10:38.925+0000][5284][gc,stats    ]    Subphase: Concurrent Classes Unlink                    27.315 / 29.620       21.113 / 32.180       21.113 / 32.180       21.113 / 32.180      ms
[2020-07-12T01:10:38.925+0000][5284][gc,stats    ]    Subphase: Concurrent Mark                              55.626 / 65.145       46.493 / 76.517       46.493 / 76.517       46.493 / 76.517      ms
[2020-07-12T01:10:38.925+0000][5284][gc,stats    ]    Subphase: Concurrent Mark Idle                          0.000 / 0.000         0.000 / 0.000         0.000 / 0.000         0.000 / 0.000       ms
[2020-07-12T01:10:38.925+0000][5284][gc,stats    ]    Subphase: Concurrent Mark Try Flush                     0.102 / 0.266         0.113 / 1.569         0.113 / 1.569         0.113 / 1.569       ms
[2020-07-12T01:10:38.925+0000][5284][gc,stats    ]    Subphase: Concurrent Mark Try Terminate                 0.024 / 0.052         0.050 / 0.756         0.050 / 0.756         0.050 / 0.756       ms
[2020-07-12T01:10:38.925+0000][5284][gc,stats    ]    Subphase: Concurrent References Enqueue                 0.000 / 0.000         0.001 / 0.004         0.001 / 0.004         0.001 / 0.004       ms
[2020-07-12T01:10:38.925+0000][5284][gc,stats    ]    Subphase: Concurrent References Process                 0.476 / 0.479         0.519 / 1.144         0.519 / 1.144         0.519 / 1.144       ms
[2020-07-12T01:10:38.925+0000][5284][gc,stats    ]    Subphase: Concurrent Roots                              0.644 / 0.939         0.314 / 1.449         0.314 / 1.449         0.314 / 1.449       ms
[2020-07-12T01:10:38.925+0000][5284][gc,stats    ]    Subphase: Concurrent Roots ClassLoaderDataGraph         0.631 / 0.921         0.307 / 1.421         0.307 / 1.421         0.307 / 1.421       ms
[2020-07-12T01:10:38.925+0000][5284][gc,stats    ]    Subphase: Concurrent Roots JNIHandles                   0.007 / 0.009         0.004 / 0.012         0.004 / 0.012         0.004 / 0.012       ms
[2020-07-12T01:10:38.925+0000][5284][gc,stats    ]    Subphase: Concurrent Roots Setup                        0.263 / 0.334         0.186 / 0.465         0.186 / 0.465         0.186 / 0.465       ms
[2020-07-12T01:10:38.925+0000][5284][gc,stats    ]    Subphase: Concurrent Roots Teardown                     0.001 / 0.001         0.000 / 0.002         0.000 / 0.002         0.000 / 0.002       ms
[2020-07-12T01:10:38.925+0000][5284][gc,stats    ]    Subphase: Concurrent Roots VMHandles                    0.000 / 0.000         0.000 / 0.000         0.000 / 0.000         0.000 / 0.000       ms
[2020-07-12T01:10:38.925+0000][5284][gc,stats    ]    Subphase: Concurrent Weak Roots                         0.928 / 0.948         0.895 / 1.534         0.895 / 1.534         0.895 / 1.534       ms
[2020-07-12T01:10:38.925+0000][5284][gc,stats    ]    Subphase: Concurrent Weak Roots JNIWeakHandles          0.001 / 0.001         0.001 / 0.004         0.001 / 0.004         0.001 / 0.004       ms
[2020-07-12T01:10:38.925+0000][5284][gc,stats    ]    Subphase: Concurrent Weak Roots ResolvedMethodTable     0.100 / 0.106         0.093 / 0.181         0.093 / 0.181         0.093 / 0.181       ms
[2020-07-12T01:10:38.925+0000][5284][gc,stats    ]    Subphase: Concurrent Weak Roots StringTable             0.762 / 0.797         0.742 / 1.341         0.742 / 1.341         0.742 / 1.341       ms
[2020-07-12T01:10:38.925+0000][5284][gc,stats    ]    Subphase: Concurrent Weak Roots VMWeakHandles           0.062 / 0.070         0.056 / 0.088         0.056 / 0.088         0.056 / 0.088       ms
[2020-07-12T01:10:38.925+0000][5284][gc,stats    ]    Subphase: Pause Mark Try Complete                       0.159 / 0.161         0.147 / 0.203         0.147 / 0.203         0.147 / 0.203       ms
[2020-07-12T01:10:38.925+0000][5284][gc,stats    ]    Subphase: Pause Roots                                   0.059 / 0.264         0.040 / 0.936         0.040 / 0.936         0.040 / 0.936       ms
[2020-07-12T01:10:38.925+0000][5284][gc,stats    ]    Subphase: Pause Roots CodeCache                         0.000 / 0.000         0.000 / 0.000         0.000 / 0.000         0.000 / 0.000       ms
[2020-07-12T01:10:38.925+0000][5284][gc,stats    ]    Subphase: Pause Roots JVMTIExport                       0.002 / 0.003         0.002 / 0.007         0.002 / 0.007         0.002 / 0.007       ms
[2020-07-12T01:10:38.925+0000][5284][gc,stats    ]    Subphase: Pause Roots JVMTIWeakExport                   0.001 / 0.001         0.001 / 0.001         0.001 / 0.001         0.001 / 0.001       ms
[2020-07-12T01:10:38.925+0000][5284][gc,stats    ]    Subphase: Pause Roots Management                        0.001 / 0.002         0.001 / 0.003         0.001 / 0.003         0.001 / 0.003       ms
[2020-07-12T01:10:38.925+0000][5284][gc,stats    ]    Subphase: Pause Roots ObjectSynchronizer                0.000 / 0.000         0.000 / 0.001         0.000 / 0.001         0.000 / 0.001       ms
[2020-07-12T01:10:38.925+0000][5284][gc,stats    ]    Subphase: Pause Roots Setup                             0.001 / 0.001         0.001 / 0.036         0.001 / 0.036         0.001 / 0.036       ms
[2020-07-12T01:10:38.925+0000][5284][gc,stats    ]    Subphase: Pause Roots SystemDictionary                  0.016 / 0.031         0.011 / 0.042         0.011 / 0.042         0.011 / 0.042       ms
[2020-07-12T01:10:38.925+0000][5284][gc,stats    ]    Subphase: Pause Roots Teardown                          0.002 / 0.004         0.001 / 0.013         0.001 / 0.013         0.001 / 0.013       ms
[2020-07-12T01:10:38.925+0000][5284][gc,stats    ]    Subphase: Pause Roots Threads                           0.087 / 0.210         0.046 / 0.913         0.046 / 0.913         0.046 / 0.913       ms
[2020-07-12T01:10:38.925+0000][5284][gc,stats    ]    Subphase: Pause Roots Universe                          0.003 / 0.008         0.002 / 0.011         0.002 / 0.011         0.002 / 0.011       ms
[2020-07-12T01:10:38.925+0000][5284][gc,stats    ]    Subphase: Pause Weak Roots                              0.009 / 0.045         0.010 / 0.087         0.010 / 0.087         0.010 / 0.087       ms
[2020-07-12T01:10:38.925+0000][5284][gc,stats    ]    Subphase: Pause Weak Roots JFRWeak                      0.042 / 0.043         0.045 / 0.084         0.045 / 0.084         0.045 / 0.084       ms
[2020-07-12T01:10:38.925+0000][5284][gc,stats    ]    Subphase: Pause Weak Roots JVMTIWeakExport              0.001 / 0.001         0.001 / 0.001         0.001 / 0.001         0.001 / 0.001       ms
[2020-07-12T01:10:38.925+0000][5284][gc,stats    ]    Subphase: Pause Weak Roots Setup                        0.000 / 0.000         0.000 / 0.001         0.000 / 0.001         0.000 / 0.001       ms
[2020-07-12T01:10:38.925+0000][5284][gc,stats    ]    Subphase: Pause Weak Roots Teardown                     0.000 / 0.000         0.000 / 0.000         0.000 / 0.000         0.000 / 0.000       ms
[2020-07-12T01:10:38.925+0000][5284][gc,stats    ]      System: Java Threads                                     37 / 37               35 / 38               35 / 38               35 / 38          threads
[2020-07-12T01:10:38.925+0000][5284][gc,stats    ] =========================================================================================================================================================
[2020-07-12T01:10:39.789+0000][5284][safepoint   ] Safepoint "Cleanup", Time since last: 1000225024 ns, Reaching safepoint: 56435 ns, At safepoint: 1451 ns, Total: 57886 ns
[2020-07-12T01:10:40.791+0000][5284][safepoint   ] Safepoint "Cleanup", Time since last: 1000083531 ns, Reaching safepoint: 1999475 ns, At safepoint: 8983 ns, Total: 2008458 ns
[2020-07-12T01:10:41.624+0000][5284][gc,heap     ] GC(64) Heap before GC invocations=64 (full 64): ZHeap           used 820M, capacity 4096M, max capacity 4096M
[2020-07-12T01:10:41.624+0000][5284][gc,heap     ] GC(64)  Metaspace       used 80222K, capacity 83025K, committed 83268K, reserved 83968K
[2020-07-12T01:10:41.624+0000][5284][gc,start    ] GC(64) Garbage Collection (Proactive)
[2020-07-12T01:10:41.625+0000][5284][gc,phases   ] GC(64) Pause Mark Start 0.133ms
[2020-07-12T01:10:41.625+0000][5284][safepoint   ] Safepoint "ZMarkStart", Time since last: 833099370 ns, Reaching safepoint: 1122017 ns, At safepoint: 159044 ns, Total: 1281061 ns
[2020-07-12T01:10:41.676+0000][5284][gc,phases   ] GC(64) Concurrent Mark 50.906ms
[2020-07-12T01:10:41.678+0000][5284][gc,phases   ] GC(64) Pause Mark End 0.363ms
[2020-07-12T01:10:41.678+0000][5284][safepoint   ] Safepoint "ZMarkEnd", Time since last: 51020077 ns, Reaching safepoint: 1350294 ns, At safepoint: 392973 ns, Total: 1743267 ns
[2020-07-12T01:10:41.709+0000][5284][gc,phases   ] GC(64) Concurrent Process Non-Strong References 30.681ms
[2020-07-12T01:10:41.709+0000][5284][gc,phases   ] GC(64) Concurrent Reset Relocation Set 0.003ms
[2020-07-12T01:10:41.710+0000][5284][gc,phases   ] GC(64) Concurrent Select Relocation Set 1.055ms
[2020-07-12T01:10:41.711+0000][5284][gc,phases   ] GC(64) Pause Relocate Start 0.088ms
[2020-07-12T01:10:41.711+0000][5284][safepoint   ] Safepoint "ZRelocateStart", Time since last: 31878902 ns, Reaching safepoint: 1005861 ns, At safepoint: 107749 ns, Total: 1113610 ns
[2020-07-12T01:10:41.713+0000][5284][gc,phases   ] GC(64) Concurrent Relocate 1.397ms
[2020-07-12T01:10:41.713+0000][5284][gc,heap     ] GC(64) Heap after GC invocations=65 (full 65): ZHeap           used 110M, capacity 4096M, max capacity 4096M
[2020-07-12T01:10:41.713+0000][5284][gc,heap     ] GC(64)  Metaspace       used 80222K, capacity 83025K, committed 83268K, reserved 83968K
[2020-07-12T01:10:41.713+0000][5284][gc,load     ] GC(64) Load: 2.27/1.32/0.74
[2020-07-12T01:10:41.713+0000][5284][gc,mmu      ] GC(64) MMU: 2ms/49.3%, 5ms/79.7%, 10ms/89.9%, 20ms/94.9%, 50ms/97.3%, 100ms/98.3%
[2020-07-12T01:10:41.713+0000][5284][gc,marking  ] GC(64) Mark: 1 stripe(s), 2 proactive flush(es), 1 terminate flush(es), 1 completion(s), 0 continuation(s) 
[2020-07-12T01:10:41.713+0000][5284][gc,reloc    ] GC(64) Relocation: Successful, 1M relocated
[2020-07-12T01:10:41.713+0000][5284][gc,nmethod  ] GC(64) NMethods: 5599 registered, 0 unregistered
[2020-07-12T01:10:41.713+0000][5284][gc,metaspace] GC(64) Metaspace: 78M used, 81M capacity, 81M committed, 82M reserved
[2020-07-12T01:10:41.713+0000][5284][gc,ref      ] GC(64) Soft: 3922 encountered, 0 discovered, 0 enqueued
[2020-07-12T01:10:41.713+0000][5284][gc,ref      ] GC(64) Weak: 6657 encountered, 4335 discovered, 0 enqueued
[2020-07-12T01:10:41.713+0000][5284][gc,ref      ] GC(64) Final: 3 encountered, 0 discovered, 0 enqueued
[2020-07-12T01:10:41.713+0000][5284][gc,ref      ] GC(64) Phantom: 435 encountered, 294 discovered, 0 enqueued
[2020-07-12T01:10:41.713+0000][5284][gc,heap     ] GC(64) Min Capacity: 4096M(100%)
[2020-07-12T01:10:41.713+0000][5284][gc,heap     ] GC(64) Max Capacity: 4096M(100%)
[2020-07-12T01:10:41.713+0000][5284][gc,heap     ] GC(64) Soft Max Capacity: 4096M(100%)
[2020-07-12T01:10:41.713+0000][5284][gc,heap     ] GC(64)                Mark Start          Mark End        Relocate Start      Relocate End           High               Low         
[2020-07-12T01:10:41.713+0000][5284][gc,heap     ] GC(64)  Capacity:     4096M (100%)       4096M (100%)       4096M (100%)       4096M (100%)       4096M (100%)       4096M (100%)   
[2020-07-12T01:10:41.713+0000][5284][gc,heap     ] GC(64)   Reserve:       42M (1%)           42M (1%)           42M (1%)           42M (1%)           42M (1%)           42M (1%)     
[2020-07-12T01:10:41.713+0000][5284][gc,heap     ] GC(64)      Free:     3234M (79%)        3206M (78%)        3886M (95%)        3944M (96%)        3944M (96%)        3190M (78%)    
[2020-07-12T01:10:41.713+0000][5284][gc,heap     ] GC(64)      Used:      820M (20%)         848M (21%)         168M (4%)          110M (3%)          864M (21%)         110M (3%)     
[2020-07-12T01:10:41.713+0000][5284][gc,heap     ] GC(64)      Live:         -                28M (1%)           28M (1%)           28M (1%)             -                  -          
[2020-07-12T01:10:41.713+0000][5284][gc,heap     ] GC(64) Allocated:         -                28M (1%)           44M (1%)           50M (1%)             -                  -          
[2020-07-12T01:10:41.713+0000][5284][gc,heap     ] GC(64)   Garbage:         -               791M (19%)          95M (2%)           37M (1%)             -                  -          
[2020-07-12T01:10:41.713+0000][5284][gc,heap     ] GC(64) Reclaimed:         -                  -               696M (17%)         754M (18%)            -                  -          
[2020-07-12T01:10:41.713+0000][5284][gc          ] GC(64) Garbage Collection (Proactive) 820M(20%)->110M(3%)
[2020-07-12T01:10:42.711+0000][5284][safepoint   ] Safepoint "Cleanup", Time since last: 1000214243 ns, Reaching safepoint: 67734 ns, At safepoint: 1944 ns, Total: 69678 ns
[2020-07-12T01:10:43.713+0000][5284][safepoint   ] Safepoint "Cleanup", Time since last: 1000081817 ns, Reaching safepoint: 1097286 ns, At safepoint: 4297 ns, Total: 1101583 ns
[2020-07-12T01:10:44.713+0000][5284][safepoint   ] Safepoint "Cleanup", Time since last: 1000116769 ns, Reaching safepoint: 62026 ns, At safepoint: 4703 ns, Total: 66729 ns
[2020-07-12T01:10:45.713+0000][5284][safepoint   ] Safepoint "Cleanup", Time since last: 1000108789 ns, Reaching safepoint: 75290 ns, At safepoint: 4265 ns, Total: 79555 ns
[2020-07-12T01:10:46.713+0000][5284][safepoint   ] Safepoint "Cleanup", Time since last: 1000154278 ns, Reaching safepoint: 158776 ns, At safepoint: 8806 ns, Total: 167582 ns
[2020-07-12T01:10:46.925+0000][5284][gc,heap     ] GC(65) Heap before GC invocations=65 (full 65): ZHeap           used 698M, capacity 4096M, max capacity 4096M
[2020-07-12T01:10:46.925+0000][5284][gc,heap     ] GC(65)  Metaspace       used 80227K, capacity 83029K, committed 83268K, reserved 83968K
[2020-07-12T01:10:46.925+0000][5284][gc,start    ] GC(65) Garbage Collection (Proactive)
[2020-07-12T01:10:46.925+0000][5284][gc,phases   ] GC(65) Pause Mark Start 0.281ms
[2020-07-12T01:10:46.925+0000][5284][safepoint   ] Safepoint "ZMarkStart", Time since last: 211500407 ns, Reaching safepoint: 197448 ns, At safepoint: 342618 ns, Total: 540066 ns
[2020-07-12T01:10:46.981+0000][5284][gc,phases   ] GC(65) Concurrent Mark 55.395ms
[2020-07-12T01:10:46.981+0000][5284][gc,phases   ] GC(65) Pause Mark End 0.283ms
[2020-07-12T01:10:46.981+0000][5284][safepoint   ] Safepoint "ZMarkEnd", Time since last: 55535268 ns, Reaching safepoint: 63436 ns, At safepoint: 302859 ns, Total: 366295 ns
[2020-07-12T01:10:47.010+0000][5284][gc,phases   ] GC(65) Concurrent Process Non-Strong References 28.886ms
[2020-07-12T01:10:47.010+0000][5284][gc,phases   ] GC(65) Concurrent Reset Relocation Set 0.005ms
[2020-07-12T01:10:47.011+0000][5284][gc,phases   ] GC(65) Concurrent Select Relocation Set 1.023ms
[2020-07-12T01:10:47.012+0000][5284][gc,phases   ] GC(65) Pause Relocate Start 0.105ms
[2020-07-12T01:10:47.012+0000][5284][safepoint   ] Safepoint "ZRelocateStart", Time since last: 30051098 ns, Reaching safepoint: 53202 ns, At safepoint: 130354 ns, Total: 183556 ns
[2020-07-12T01:10:47.013+0000][5284][gc,phases   ] GC(65) Concurrent Relocate 1.262ms
[2020-07-12T01:10:47.013+0000][5284][gc,heap     ] GC(65) Heap after GC invocations=66 (full 66): ZHeap           used 68M, capacity 4096M, max capacity 4096M
[2020-07-12T01:10:47.013+0000][5284][gc,heap     ] GC(65)  Metaspace       used 80227K, capacity 83029K, committed 83268K, reserved 83968K
[2020-07-12T01:10:47.013+0000][5284][gc,load     ] GC(65) Load: 2.41/1.36/0.75
[2020-07-12T01:10:47.013+0000][5284][gc,mmu      ] GC(65) MMU: 2ms/49.3%, 5ms/79.7%, 10ms/89.9%, 20ms/94.9%, 50ms/97.3%, 100ms/98.3%
[2020-07-12T01:10:47.013+0000][5284][gc,marking  ] GC(65) Mark: 1 stripe(s), 2 proactive flush(es), 1 terminate flush(es), 1 completion(s), 0 continuation(s) 
[2020-07-12T01:10:47.013+0000][5284][gc,reloc    ] GC(65) Relocation: Successful, 1M relocated
[2020-07-12T01:10:47.013+0000][5284][gc,nmethod  ] GC(65) NMethods: 5600 registered, 0 unregistered
[2020-07-12T01:10:47.013+0000][5284][gc,metaspace] GC(65) Metaspace: 78M used, 81M capacity, 81M committed, 82M reserved
[2020-07-12T01:10:47.013+0000][5284][gc,ref      ] GC(65) Soft: 3922 encountered, 0 discovered, 0 enqueued
[2020-07-12T01:10:47.013+0000][5284][gc,ref      ] GC(65) Weak: 6657 encountered, 4332 discovered, 0 enqueued
[2020-07-12T01:10:47.013+0000][5284][gc,ref      ] GC(65) Final: 3 encountered, 0 discovered, 0 enqueued
[2020-07-12T01:10:47.013+0000][5284][gc,ref      ] GC(65) Phantom: 435 encountered, 294 discovered, 0 enqueued
[2020-07-12T01:10:47.013+0000][5284][gc,heap     ] GC(65) Min Capacity: 4096M(100%)
[2020-07-12T01:10:47.013+0000][5284][gc,heap     ] GC(65) Max Capacity: 4096M(100%)
[2020-07-12T01:10:47.013+0000][5284][gc,heap     ] GC(65) Soft Max Capacity: 4096M(100%)
[2020-07-12T01:10:47.013+0000][5284][gc,heap     ] GC(65)                Mark Start          Mark End        Relocate Start      Relocate End           High               Low         
[2020-07-12T01:10:47.013+0000][5284][gc,heap     ] GC(65)  Capacity:     4096M (100%)       4096M (100%)       4096M (100%)       4096M (100%)       4096M (100%)       4096M (100%)   
[2020-07-12T01:10:47.013+0000][5284][gc,heap     ] GC(65)   Reserve:       42M (1%)           42M (1%)           42M (1%)           42M (1%)           42M (1%)           42M (1%)     
[2020-07-12T01:10:47.013+0000][5284][gc,heap     ] GC(65)      Free:     3356M (82%)        3354M (82%)        3938M (96%)        3986M (97%)        3986M (97%)        3354M (82%)    
[2020-07-12T01:10:47.013+0000][5284][gc,heap     ] GC(65)      Used:      698M (17%)         700M (17%)         116M (3%)           68M (2%)          700M (17%)          68M (2%)     
[2020-07-12T01:10:47.013+0000][5284][gc,heap     ] GC(65)      Live:         -                28M (1%)           28M (1%)           28M (1%)             -                  -          
[2020-07-12T01:10:47.013+0000][5284][gc,heap     ] GC(65) Allocated:         -                 2M (0%)            2M (0%)            8M (0%)             -                  -          
[2020-07-12T01:10:47.013+0000][5284][gc,heap     ] GC(65)   Garbage:         -               669M (16%)          85M (2%)           37M (1%)             -                  -          
[2020-07-12T01:10:47.013+0000][5284][gc,heap     ] GC(65) Reclaimed:         -                  -               584M (14%)         632M (15%)            -                  -          
[2020-07-12T01:10:47.013+0000][5284][gc          ] GC(65) Garbage Collection (Proactive) 698M(17%)->68M(2%)
[2020-07-12T01:10:48.012+0000][5284][safepoint   ] Safepoint "Cleanup", Time since last: 1000496502 ns, Reaching safepoint: 77668 ns, At safepoint: 2057 ns, Total: 79725 ns
[2020-07-12T01:10:48.925+0000][5284][gc,stats    ] === Garbage Collection Statistics =======================================================================================================================
[2020-07-12T01:10:48.925+0000][5284][gc,stats    ]                                                              Last 10s              Last 10m              Last 10h                Total
[2020-07-12T01:10:48.925+0000][5284][gc,stats    ]                                                              Avg / Max             Avg / Max             Avg / Max             Avg / Max
[2020-07-12T01:10:48.925+0000][5284][gc,stats    ]   Collector: Garbage Collection Cycle                     88.450 / 88.614       76.035 / 117.511      76.035 / 117.511      76.035 / 117.511     ms
[2020-07-12T01:10:48.925+0000][5284][gc,stats    ]  Contention: Mark Segment Reset Contention                     0 / 0                 0 / 0                 0 / 0                 0 / 0           ops/s
[2020-07-12T01:10:48.925+0000][5284][gc,stats    ]  Contention: Mark SeqNum Reset Contention                      0 / 0                 0 / 0                 0 / 0                 0 / 0           ops/s
[2020-07-12T01:10:48.925+0000][5284][gc,stats    ]  Contention: Relocation Contention                             0 / 0                 0 / 11                0 / 11                0 / 11          ops/s
[2020-07-12T01:10:48.925+0000][5284][gc,stats    ]    Critical: Allocation Stall                              0.000 / 0.000         0.000 / 0.000         0.000 / 0.000         0.000 / 0.000       ms
[2020-07-12T01:10:48.925+0000][5284][gc,stats    ]    Critical: Allocation Stall                                  0 / 0                 0 / 0                 0 / 0                 0 / 0           ops/s
[2020-07-12T01:10:48.925+0000][5284][gc,stats    ]    Critical: GC Locker Stall                               0.000 / 0.000         0.093 / 0.093         0.093 / 0.093         0.093 / 0.093       ms
[2020-07-12T01:10:48.925+0000][5284][gc,stats    ]    Critical: GC Locker Stall                                   0 / 0                 0 / 1                 0 / 1                 0 / 1           ops/s
[2020-07-12T01:10:48.925+0000][5284][gc,stats    ]      Memory: Allocation Rate                                 116 / 130             110 / 238             110 / 238             110 / 238         MB/s
[2020-07-12T01:10:48.925+0000][5284][gc,stats    ]      Memory: Heap Used After Mark                            774 / 848             569 / 1286            569 / 1286            569 / 1286        MB
[2020-07-12T01:10:48.925+0000][5284][gc,stats    ]      Memory: Heap Used After Relocation                       89 / 110              82 / 116              82 / 116              82 / 116         MB
[2020-07-12T01:10:48.925+0000][5284][gc,stats    ]      Memory: Heap Used Before Mark                           759 / 820             554 / 1270            554 / 1270            554 / 1270        MB
[2020-07-12T01:10:48.925+0000][5284][gc,stats    ]      Memory: Heap Used Before Relocation                     142 / 168             134 / 338             134 / 338             134 / 338         MB
[2020-07-12T01:10:48.925+0000][5284][gc,stats    ]      Memory: Out Of Memory                                     0 / 0                 0 / 0                 0 / 0                 0 / 0           ops/s
[2020-07-12T01:10:48.925+0000][5284][gc,stats    ]      Memory: Page Cache Flush                                  0 / 0                 0 / 0                 0 / 0                 0 / 0           MB/s
[2020-07-12T01:10:48.925+0000][5284][gc,stats    ]      Memory: Page Cache Hit L1                                58 / 68               53 / 121              53 / 121              53 / 121         ops/s
[2020-07-12T01:10:48.925+0000][5284][gc,stats    ]      Memory: Page Cache Hit L2                                 0 / 0                 0 / 0                 0 / 0                 0 / 0           ops/s
[2020-07-12T01:10:48.925+0000][5284][gc,stats    ]      Memory: Page Cache Hit L3                                 0 / 0                 2 / 96                2 / 96                2 / 96          ops/s
[2020-07-12T01:10:48.925+0000][5284][gc,stats    ]      Memory: Page Cache Miss                                   0 / 0                 0 / 0                 0 / 0                 0 / 0           ops/s
[2020-07-12T01:10:48.925+0000][5284][gc,stats    ]      Memory: Uncommit                                          0 / 0                 0 / 0                 0 / 0                 0 / 0           MB/s
[2020-07-12T01:10:48.925+0000][5284][gc,stats    ]      Memory: Undo Object Allocation Failed                     0 / 0                 0 / 0                 0 / 0                 0 / 0           ops/s
[2020-07-12T01:10:48.925+0000][5284][gc,stats    ]      Memory: Undo Object Allocation Succeeded                  0 / 0                 0 / 11                0 / 11                0 / 11          ops/s
[2020-07-12T01:10:48.925+0000][5284][gc,stats    ]      Memory: Undo Page Allocation                              0 / 0                 0 / 0                 0 / 0                 0 / 0           ops/s
[2020-07-12T01:10:48.925+0000][5284][gc,stats    ]       Phase: Concurrent Mark                              53.151 / 55.395       47.393 / 77.269       47.393 / 77.269       47.393 / 77.269      ms
[2020-07-12T01:10:48.925+0000][5284][gc,stats    ]       Phase: Concurrent Mark Continue                      0.000 / 0.000         0.000 / 0.000         0.000 / 0.000         0.000 / 0.000       ms
[2020-07-12T01:10:48.925+0000][5284][gc,stats    ]       Phase: Concurrent Process Non-Strong References     29.783 / 30.681       23.811 / 37.730       23.811 / 37.730       23.811 / 37.730      ms
[2020-07-12T01:10:48.925+0000][5284][gc,stats    ]       Phase: Concurrent Relocate                           1.330 / 1.397         1.839 / 18.136        1.839 / 18.136        1.839 / 18.136      ms
[2020-07-12T01:10:48.925+0000][5284][gc,stats    ]       Phase: Concurrent Reset Relocation Set               0.004 / 0.005         0.004 / 0.015         0.004 / 0.015         0.004 / 0.015       ms
[2020-07-12T01:10:48.925+0000][5284][gc,stats    ]       Phase: Concurrent Select Relocation Set              1.039 / 1.055         1.092 / 5.622         1.092 / 5.622         1.092 / 5.622       ms
[2020-07-12T01:10:48.925+0000][5284][gc,stats    ]       Phase: Pause Mark End                                0.323 / 0.363         0.331 / 0.457         0.331 / 0.457         0.331 / 0.457       ms
[2020-07-12T01:10:48.925+0000][5284][gc,stats    ]       Phase: Pause Mark Start                              0.207 / 0.281         0.182 / 0.724         0.182 / 0.724         0.182 / 0.724       ms
[2020-07-12T01:10:48.925+0000][5284][gc,stats    ]       Phase: Pause Relocate Start                          0.097 / 0.105         0.141 / 1.014         0.141 / 1.014         0.141 / 1.014       ms
[2020-07-12T01:10:48.925+0000][5284][gc,stats    ]    Subphase: Concurrent Classes Purge                      0.818 / 0.858         0.776 / 8.877         0.776 / 8.877         0.776 / 8.877       ms
[2020-07-12T01:10:48.925+0000][5284][gc,stats    ]    Subphase: Concurrent Classes Unlink                    27.352 / 28.145       21.302 / 32.180       21.302 / 32.180       21.302 / 32.180      ms
[2020-07-12T01:10:48.925+0000][5284][gc,stats    ]    Subphase: Concurrent Mark                              52.200 / 54.053       46.666 / 76.517       46.666 / 76.517       46.666 / 76.517      ms
[2020-07-12T01:10:48.925+0000][5284][gc,stats    ]    Subphase: Concurrent Mark Idle                          0.000 / 0.000         0.000 / 0.000         0.000 / 0.000         0.000 / 0.000       ms
[2020-07-12T01:10:48.925+0000][5284][gc,stats    ]    Subphase: Concurrent Mark Try Flush                     0.074 / 0.181         0.112 / 1.569         0.112 / 1.569         0.112 / 1.569       ms
[2020-07-12T01:10:48.925+0000][5284][gc,stats    ]    Subphase: Concurrent Mark Try Terminate                 0.021 / 0.072         0.049 / 0.756         0.049 / 0.756         0.049 / 0.756       ms
[2020-07-12T01:10:48.925+0000][5284][gc,stats    ]    Subphase: Concurrent References Enqueue                 0.000 / 0.000         0.001 / 0.004         0.001 / 0.004         0.001 / 0.004       ms
[2020-07-12T01:10:48.925+0000][5284][gc,stats    ]    Subphase: Concurrent References Process                 0.485 / 0.494         0.518 / 1.144         0.518 / 1.144         0.518 / 1.144       ms
[2020-07-12T01:10:48.925+0000][5284][gc,stats    ]    Subphase: Concurrent Roots                              0.416 / 0.600         0.317 / 1.449         0.317 / 1.449         0.317 / 1.449       ms
[2020-07-12T01:10:48.925+0000][5284][gc,stats    ]    Subphase: Concurrent Roots ClassLoaderDataGraph         0.407 / 0.587         0.310 / 1.421         0.310 / 1.421         0.310 / 1.421       ms
[2020-07-12T01:10:48.925+0000][5284][gc,stats    ]    Subphase: Concurrent Roots JNIHandles                   0.005 / 0.007         0.004 / 0.012         0.004 / 0.012         0.004 / 0.012       ms
[2020-07-12T01:10:48.925+0000][5284][gc,stats    ]    Subphase: Concurrent Roots Setup                        0.220 / 0.289         0.187 / 0.465         0.187 / 0.465         0.187 / 0.465       ms
[2020-07-12T01:10:48.925+0000][5284][gc,stats    ]    Subphase: Concurrent Roots Teardown                     0.000 / 0.001         0.000 / 0.002         0.000 / 0.002         0.000 / 0.002       ms
[2020-07-12T01:10:48.925+0000][5284][gc,stats    ]    Subphase: Concurrent Roots VMHandles                    0.000 / 0.000         0.000 / 0.000         0.000 / 0.000         0.000 / 0.000       ms
[2020-07-12T01:10:48.925+0000][5284][gc,stats    ]    Subphase: Concurrent Weak Roots                         0.881 / 0.988         0.895 / 1.534         0.895 / 1.534         0.895 / 1.534       ms
[2020-07-12T01:10:48.925+0000][5284][gc,stats    ]    Subphase: Concurrent Weak Roots JNIWeakHandles          0.001 / 0.001         0.001 / 0.004         0.001 / 0.004         0.001 / 0.004       ms
[2020-07-12T01:10:48.925+0000][5284][gc,stats    ]    Subphase: Concurrent Weak Roots ResolvedMethodTable     0.095 / 0.096         0.093 / 0.181         0.093 / 0.181         0.093 / 0.181       ms
[2020-07-12T01:10:48.925+0000][5284][gc,stats    ]    Subphase: Concurrent Weak Roots StringTable             0.730 / 0.830         0.742 / 1.341         0.742 / 1.341         0.742 / 1.341       ms
[2020-07-12T01:10:48.925+0000][5284][gc,stats    ]    Subphase: Concurrent Weak Roots VMWeakHandles           0.052 / 0.057         0.056 / 0.088         0.056 / 0.088         0.056 / 0.088       ms
[2020-07-12T01:10:48.925+0000][5284][gc,stats    ]    Subphase: Pause Mark Try Complete                       0.165 / 0.172         0.148 / 0.203         0.148 / 0.203         0.148 / 0.203       ms
[2020-07-12T01:10:48.925+0000][5284][gc,stats    ]    Subphase: Pause Roots                                   0.038 / 0.163         0.040 / 0.936         0.040 / 0.936         0.040 / 0.936       ms
[2020-07-12T01:10:48.925+0000][5284][gc,stats    ]    Subphase: Pause Roots CodeCache                         0.000 / 0.000         0.000 / 0.000         0.000 / 0.000         0.000 / 0.000       ms
[2020-07-12T01:10:48.925+0000][5284][gc,stats    ]    Subphase: Pause Roots JVMTIExport                       0.002 / 0.004         0.002 / 0.007         0.002 / 0.007         0.002 / 0.007       ms
[2020-07-12T01:10:48.925+0000][5284][gc,stats    ]    Subphase: Pause Roots JVMTIWeakExport                   0.001 / 0.001         0.001 / 0.001         0.001 / 0.001         0.001 / 0.001       ms
[2020-07-12T01:10:48.925+0000][5284][gc,stats    ]    Subphase: Pause Roots Management                        0.001 / 0.001         0.001 / 0.003         0.001 / 0.003         0.001 / 0.003       ms
[2020-07-12T01:10:48.925+0000][5284][gc,stats    ]    Subphase: Pause Roots ObjectSynchronizer                0.000 / 0.001         0.000 / 0.001         0.000 / 0.001         0.000 / 0.001       ms
[2020-07-12T01:10:48.925+0000][5284][gc,stats    ]    Subphase: Pause Roots Setup                             0.000 / 0.001         0.001 / 0.036         0.001 / 0.036         0.001 / 0.036       ms
[2020-07-12T01:10:48.925+0000][5284][gc,stats    ]    Subphase: Pause Roots SystemDictionary                  0.013 / 0.022         0.011 / 0.042         0.011 / 0.042         0.011 / 0.042       ms
[2020-07-12T01:10:48.925+0000][5284][gc,stats    ]    Subphase: Pause Roots Teardown                          0.001 / 0.003         0.001 / 0.013         0.001 / 0.013         0.001 / 0.013       ms
[2020-07-12T01:10:48.925+0000][5284][gc,stats    ]    Subphase: Pause Roots Threads                           0.051 / 0.123         0.046 / 0.913         0.046 / 0.913         0.046 / 0.913       ms
[2020-07-12T01:10:48.925+0000][5284][gc,stats    ]    Subphase: Pause Roots Universe                          0.003 / 0.006         0.002 / 0.011         0.002 / 0.011         0.002 / 0.011       ms
[2020-07-12T01:10:48.925+0000][5284][gc,stats    ]    Subphase: Pause Weak Roots                              0.010 / 0.056         0.010 / 0.087         0.010 / 0.087         0.010 / 0.087       ms
[2020-07-12T01:10:48.925+0000][5284][gc,stats    ]    Subphase: Pause Weak Roots JFRWeak                      0.047 / 0.054         0.045 / 0.084         0.045 / 0.084         0.045 / 0.084       ms
[2020-07-12T01:10:48.925+0000][5284][gc,stats    ]    Subphase: Pause Weak Roots JVMTIWeakExport              0.001 / 0.001         0.001 / 0.001         0.001 / 0.001         0.001 / 0.001       ms
[2020-07-12T01:10:48.925+0000][5284][gc,stats    ]    Subphase: Pause Weak Roots Setup                        0.000 / 0.000         0.000 / 0.001         0.000 / 0.001         0.000 / 0.001       ms
[2020-07-12T01:10:48.925+0000][5284][gc,stats    ]    Subphase: Pause Weak Roots Teardown                     0.000 / 0.000         0.000 / 0.000         0.000 / 0.000         0.000 / 0.000       ms
[2020-07-12T01:10:48.925+0000][5284][gc,stats    ]      System: Java Threads                                     37 / 37               35 / 38               35 / 38               35 / 38          threads
[2020-07-12T01:10:48.925+0000][5284][gc,stats    ] =========================================================================================================================================================
[2020-07-12T01:10:49.013+0000][5284][safepoint   ] Safepoint "Cleanup", Time since last: 1000407600 ns, Reaching safepoint: 299495 ns, At safepoint: 13474 ns, Total: 312969 ns
[2020-07-12T01:10:50.013+0000][5284][safepoint   ] Safepoint "Cleanup", Time since last: 1000438534 ns, Reaching safepoint: 95998 ns, At safepoint: 3031 ns, Total: 99029 ns
[2020-07-12T01:10:51.015+0000][5284][safepoint   ] Safepoint "Cleanup", Time since last: 1001093809 ns, Reaching safepoint: 359528 ns, At safepoint: 15918 ns, Total: 375446 ns
[2020-07-12T01:10:51.824+0000][5284][gc,heap     ] GC(66) Heap before GC invocations=66 (full 66): ZHeap           used 644M, capacity 4096M, max capacity 4096M
[2020-07-12T01:10:51.824+0000][5284][gc,heap     ] GC(66)  Metaspace       used 80227K, capacity 83029K, committed 83268K, reserved 83968K
[2020-07-12T01:10:51.824+0000][5284][gc,start    ] GC(66) Garbage Collection (Proactive)
[2020-07-12T01:10:51.824+0000][5284][gc,phases   ] GC(66) Pause Mark Start 0.133ms
[2020-07-12T01:10:51.824+0000][5284][safepoint   ] Safepoint "ZMarkStart", Time since last: 809172973 ns, Reaching safepoint: 66193 ns, At safepoint: 152948 ns, Total: 219141 ns
[2020-07-12T01:10:51.869+0000][5284][gc,phases   ] GC(66) Concurrent Mark 44.840ms
[2020-07-12T01:10:51.870+0000][5284][gc,phases   ] GC(66) Pause Mark End 0.352ms
[2020-07-12T01:10:51.870+0000][5284][safepoint   ] Safepoint "ZMarkEnd", Time since last: 45016496 ns, Reaching safepoint: 89865 ns, At safepoint: 373106 ns, Total: 462971 ns
[2020-07-12T01:10:51.899+0000][5284][gc,phases   ] GC(66) Concurrent Process Non-Strong References 28.861ms
[2020-07-12T01:10:51.899+0000][5284][gc,phases   ] GC(66) Concurrent Reset Relocation Set 0.004ms
[2020-07-12T01:10:51.900+0000][5284][gc,phases   ] GC(66) Concurrent Select Relocation Set 1.011ms
[2020-07-12T01:10:51.900+0000][5284][gc,phases   ] GC(66) Pause Relocate Start 0.154ms
[2020-07-12T01:10:51.900+0000][5284][safepoint   ] Safepoint "ZRelocateStart", Time since last: 30038548 ns, Reaching safepoint: 75023 ns, At safepoint: 170800 ns, Total: 245823 ns
[2020-07-12T01:10:51.901+0000][5284][gc,phases   ] GC(66) Concurrent Relocate 1.403ms
[2020-07-12T01:10:51.901+0000][5284][gc,heap     ] GC(66) Heap after GC invocations=67 (full 67): ZHeap           used 70M, capacity 4096M, max capacity 4096M
[2020-07-12T01:10:51.901+0000][5284][gc,heap     ] GC(66)  Metaspace       used 80227K, capacity 83029K, committed 83268K, reserved 83968K
[2020-07-12T01:10:51.901+0000][5284][gc,load     ] GC(66) Load: 2.30/1.36/0.76
[2020-07-12T01:10:51.901+0000][5284][gc,mmu      ] GC(66) MMU: 2ms/49.3%, 5ms/79.7%, 10ms/89.9%, 20ms/94.9%, 50ms/97.3%, 100ms/98.3%
[2020-07-12T01:10:51.901+0000][5284][gc,marking  ] GC(66) Mark: 1 stripe(s), 2 proactive flush(es), 1 terminate flush(es), 1 completion(s), 0 continuation(s) 
[2020-07-12T01:10:51.901+0000][5284][gc,reloc    ] GC(66) Relocation: Successful, 1M relocated
[2020-07-12T01:10:51.902+0000][5284][gc,nmethod  ] GC(66) NMethods: 5600 registered, 0 unregistered
[2020-07-12T01:10:51.902+0000][5284][gc,metaspace] GC(66) Metaspace: 78M used, 81M capacity, 81M committed, 82M reserved
[2020-07-12T01:10:51.902+0000][5284][gc,ref      ] GC(66) Soft: 3922 encountered, 0 discovered, 0 enqueued
[2020-07-12T01:10:51.902+0000][5284][gc,ref      ] GC(66) Weak: 6657 encountered, 4330 discovered, 0 enqueued
[2020-07-12T01:10:51.902+0000][5284][gc,ref      ] GC(66) Final: 3 encountered, 0 discovered, 0 enqueued
[2020-07-12T01:10:51.902+0000][5284][gc,ref      ] GC(66) Phantom: 435 encountered, 294 discovered, 0 enqueued
[2020-07-12T01:10:51.902+0000][5284][gc,heap     ] GC(66) Min Capacity: 4096M(100%)
[2020-07-12T01:10:51.902+0000][5284][gc,heap     ] GC(66) Max Capacity: 4096M(100%)
[2020-07-12T01:10:51.902+0000][5284][gc,heap     ] GC(66) Soft Max Capacity: 4096M(100%)
[2020-07-12T01:10:51.902+0000][5284][gc,heap     ] GC(66)                Mark Start          Mark End        Relocate Start      Relocate End           High               Low         
[2020-07-12T01:10:51.902+0000][5284][gc,heap     ] GC(66)  Capacity:     4096M (100%)       4096M (100%)       4096M (100%)       4096M (100%)       4096M (100%)       4096M (100%)   
[2020-07-12T01:10:51.902+0000][5284][gc,heap     ] GC(66)   Reserve:       42M (1%)           42M (1%)           42M (1%)           42M (1%)           42M (1%)           42M (1%)     
[2020-07-12T01:10:51.902+0000][5284][gc,heap     ] GC(66)      Free:     3410M (83%)        3408M (83%)        3944M (96%)        3984M (97%)        3984M (97%)        3408M (83%)    
[2020-07-12T01:10:51.902+0000][5284][gc,heap     ] GC(66)      Used:      644M (16%)         646M (16%)         110M (3%)           70M (2%)          646M (16%)          70M (2%)     
[2020-07-12T01:10:51.902+0000][5284][gc,heap     ] GC(66)      Live:         -                28M (1%)           28M (1%)           28M (1%)             -                  -          
[2020-07-12T01:10:51.902+0000][5284][gc,heap     ] GC(66) Allocated:         -                 2M (0%)            2M (0%)           10M (0%)             -                  -          
[2020-07-12T01:10:51.902+0000][5284][gc,heap     ] GC(66)   Garbage:         -               615M (15%)          79M (2%)           39M (1%)             -                  -          
[2020-07-12T01:10:51.902+0000][5284][gc,heap     ] GC(66) Reclaimed:         -                  -               536M (13%)         576M (14%)            -                  -          
[2020-07-12T01:10:51.902+0000][5284][gc          ] GC(66) Garbage Collection (Proactive) 644M(16%)->70M(2%)
[2020-07-12T01:10:52.901+0000][5284][safepoint   ] Safepoint "Cleanup", Time since last: 1000467063 ns, Reaching safepoint: 110426 ns, At safepoint: 3547 ns, Total: 113973 ns
[2020-07-12T01:10:53.822+0000][5284][safepoint   ] Safepoint "PrintThreads", Time since last: 920575836 ns, Reaching safepoint: 90896 ns, At safepoint: 605939 ns, Total: 696835 ns
[2020-07-12T01:10:53.822+0000][5284][safepoint   ] Safepoint "PrintJNI", Time since last: 101128 ns, Reaching safepoint: 42457 ns, At safepoint: 3085 ns, Total: 45542 ns
[2020-07-12T01:10:53.822+0000][5284][safepoint   ] Safepoint "FindDeadlocks", Time since last: 109594 ns, Reaching safepoint: 43868 ns, At safepoint: 4980 ns, Total: 48848 ns
[2020-07-12T01:10:54.822+0000][5284][safepoint   ] Safepoint "Cleanup", Time since last: 1000111319 ns, Reaching safepoint: 101437 ns, At safepoint: 3843 ns, Total: 105280 ns
[2020-07-12T01:10:55.823+0000][5284][safepoint   ] Safepoint "Cleanup", Time since last: 1000203288 ns, Reaching safepoint: 122279 ns, At safepoint: 3019 ns, Total: 125298 ns
[2020-07-12T01:10:56.425+0000][5284][gc,heap     ] GC(67) Heap before GC invocations=67 (full 67): ZHeap           used 532M, capacity 4096M, max capacity 4096M
[2020-07-12T01:10:56.425+0000][5284][gc,heap     ] GC(67)  Metaspace       used 80227K, capacity 83029K, committed 83268K, reserved 83968K
[2020-07-12T01:10:56.425+0000][5284][gc,start    ] GC(67) Garbage Collection (Proactive)
[2020-07-12T01:10:56.426+0000][5284][gc,phases   ] GC(67) Pause Mark Start 0.134ms
[2020-07-12T01:10:56.426+0000][5284][safepoint   ] Safepoint "ZMarkStart", Time since last: 602731137 ns, Reaching safepoint: 111285 ns, At safepoint: 159258 ns, Total: 270543 ns
[2020-07-12T01:10:56.472+0000][5284][gc,phases   ] GC(67) Concurrent Mark 46.023ms
[2020-07-12T01:10:56.472+0000][5284][gc,phases   ] GC(67) Pause Mark End 0.351ms
[2020-07-12T01:10:56.472+0000][5284][safepoint   ] Safepoint "ZMarkEnd", Time since last: 46183599 ns, Reaching safepoint: 70993 ns, At safepoint: 373684 ns, Total: 444677 ns
[2020-07-12T01:10:56.503+0000][5284][gc,phases   ] GC(67) Concurrent Process Non-Strong References 30.326ms
[2020-07-12T01:10:56.503+0000][5284][gc,phases   ] GC(67) Concurrent Reset Relocation Set 0.004ms
[2020-07-12T01:10:56.504+0000][5284][gc,phases   ] GC(67) Concurrent Select Relocation Set 0.996ms
[2020-07-12T01:10:56.504+0000][5284][gc,phases   ] GC(67) Pause Relocate Start 0.105ms
[2020-07-12T01:10:56.504+0000][5284][safepoint   ] Safepoint "ZRelocateStart", Time since last: 31476444 ns, Reaching safepoint: 68223 ns, At safepoint: 126535 ns, Total: 194758 ns
[2020-07-12T01:10:56.506+0000][5284][gc,phases   ] GC(67) Concurrent Relocate 1.432ms
[2020-07-12T01:10:56.506+0000][5284][gc,heap     ] GC(67) Heap after GC invocations=68 (full 68): ZHeap           used 80M, capacity 4096M, max capacity 4096M
[2020-07-12T01:10:56.506+0000][5284][gc,heap     ] GC(67)  Metaspace       used 80227K, capacity 83029K, committed 83268K, reserved 83968K
[2020-07-12T01:10:56.506+0000][5284][gc,load     ] GC(67) Load: 2.19/1.35/0.76
[2020-07-12T01:10:56.506+0000][5284][gc,mmu      ] GC(67) MMU: 2ms/49.3%, 5ms/79.7%, 10ms/89.9%, 20ms/94.9%, 50ms/97.3%, 100ms/98.3%
[2020-07-12T01:10:56.506+0000][5284][gc,marking  ] GC(67) Mark: 1 stripe(s), 2 proactive flush(es), 1 terminate flush(es), 1 completion(s), 0 continuation(s) 
[2020-07-12T01:10:56.506+0000][5284][gc,reloc    ] GC(67) Relocation: Successful, 1M relocated
[2020-07-12T01:10:56.506+0000][5284][gc,nmethod  ] GC(67) NMethods: 5600 registered, 0 unregistered
[2020-07-12T01:10:56.506+0000][5284][gc,metaspace] GC(67) Metaspace: 78M used, 81M capacity, 81M committed, 82M reserved
[2020-07-12T01:10:56.506+0000][5284][gc,ref      ] GC(67) Soft: 3922 encountered, 0 discovered, 0 enqueued
[2020-07-12T01:10:56.506+0000][5284][gc,ref      ] GC(67) Weak: 6655 encountered, 4328 discovered, 0 enqueued
[2020-07-12T01:10:56.506+0000][5284][gc,ref      ] GC(67) Final: 3 encountered, 0 discovered, 0 enqueued
[2020-07-12T01:10:56.506+0000][5284][gc,ref      ] GC(67) Phantom: 435 encountered, 294 discovered, 0 enqueued
[2020-07-12T01:10:56.506+0000][5284][gc,heap     ] GC(67) Min Capacity: 4096M(100%)
[2020-07-12T01:10:56.506+0000][5284][gc,heap     ] GC(67) Max Capacity: 4096M(100%)
[2020-07-12T01:10:56.506+0000][5284][gc,heap     ] GC(67) Soft Max Capacity: 4096M(100%)
[2020-07-12T01:10:56.506+0000][5284][gc,heap     ] GC(67)                Mark Start          Mark End        Relocate Start      Relocate End           High               Low         
[2020-07-12T01:10:56.506+0000][5284][gc,heap     ] GC(67)  Capacity:     4096M (100%)       4096M (100%)       4096M (100%)       4096M (100%)       4096M (100%)       4096M (100%)   
[2020-07-12T01:10:56.506+0000][5284][gc,heap     ] GC(67)   Reserve:       42M (1%)           42M (1%)           42M (1%)           42M (1%)           42M (1%)           42M (1%)     
[2020-07-12T01:10:56.506+0000][5284][gc,heap     ] GC(67)      Free:     3522M (86%)        3518M (86%)        3940M (96%)        3974M (97%)        3974M (97%)        3508M (86%)    
[2020-07-12T01:10:56.506+0000][5284][gc,heap     ] GC(67)      Used:      532M (13%)         536M (13%)         114M (3%)           80M (2%)          546M (13%)          80M (2%)     
[2020-07-12T01:10:56.506+0000][5284][gc,heap     ] GC(67)      Live:         -                28M (1%)           28M (1%)           28M (1%)             -                  -          
[2020-07-12T01:10:56.506+0000][5284][gc,heap     ] GC(67) Allocated:         -                 4M (0%)           14M (0%)           20M (0%)             -                  -          
[2020-07-12T01:10:56.506+0000][5284][gc,heap     ] GC(67)   Garbage:         -               503M (12%)          71M (2%)           37M (1%)             -                  -          
[2020-07-12T01:10:56.506+0000][5284][gc,heap     ] GC(67) Reclaimed:         -                  -               432M (11%)         466M (11%)            -                  -          
[2020-07-12T01:10:56.506+0000][5284][gc          ] GC(67) Garbage Collection (Proactive) 532M(13%)->80M(2%)
[2020-07-12T01:10:57.504+0000][5284][safepoint   ] Safepoint "Cleanup", Time since last: 1000177384 ns, Reaching safepoint: 92331 ns, At safepoint: 10733 ns, Total: 103064 ns
[2020-07-12T01:10:58.504+0000][5284][safepoint   ] Safepoint "Cleanup", Time since last: 1000061220 ns, Reaching safepoint: 52066 ns, At safepoint: 1728 ns, Total: 53794 ns
[2020-07-12T01:10:58.924+0000][5284][gc,stats    ] === Garbage Collection Statistics =======================================================================================================================
[2020-07-12T01:10:58.924+0000][5284][gc,stats    ]                                                              Last 10s              Last 10m              Last 10h                Total
[2020-07-12T01:10:58.924+0000][5284][gc,stats    ]                                                              Avg / Max             Avg / Max             Avg / Max             Avg / Max
[2020-07-12T01:10:58.924+0000][5284][gc,stats    ]   Collector: Garbage Collection Cycle                     78.874 / 80.209       76.119 / 117.511      76.119 / 117.511      76.119 / 117.511     ms
[2020-07-12T01:10:58.924+0000][5284][gc,stats    ]  Contention: Mark Segment Reset Contention                     0 / 0                 0 / 0                 0 / 0                 0 / 0           ops/s
[2020-07-12T01:10:58.924+0000][5284][gc,stats    ]  Contention: Mark SeqNum Reset Contention                      0 / 0                 0 / 0                 0 / 0                 0 / 0           ops/s
[2020-07-12T01:10:58.924+0000][5284][gc,stats    ]  Contention: Relocation Contention                             0 / 1                 0 / 11                0 / 11                0 / 11          ops/s
[2020-07-12T01:10:58.924+0000][5284][gc,stats    ]    Critical: Allocation Stall                              0.000 / 0.000         0.000 / 0.000         0.000 / 0.000         0.000 / 0.000       ms
[2020-07-12T01:10:58.924+0000][5284][gc,stats    ]    Critical: Allocation Stall                                  0 / 0                 0 / 0                 0 / 0                 0 / 0           ops/s
[2020-07-12T01:10:58.924+0000][5284][gc,stats    ]    Critical: GC Locker Stall                               0.000 / 0.000         0.093 / 0.093         0.093 / 0.093         0.093 / 0.093       ms
[2020-07-12T01:10:58.924+0000][5284][gc,stats    ]    Critical: GC Locker Stall                                   0 / 0                 0 / 1                 0 / 1                 0 / 1           ops/s
[2020-07-12T01:10:58.924+0000][5284][gc,stats    ]      Memory: Allocation Rate                                 115 / 124             110 / 238             110 / 238             110 / 238         MB/s
[2020-07-12T01:10:58.924+0000][5284][gc,stats    ]      Memory: Heap Used After Mark                            591 / 646             570 / 1286            570 / 1286            570 / 1286        MB
[2020-07-12T01:10:58.924+0000][5284][gc,stats    ]      Memory: Heap Used After Relocation                       75 / 80               82 / 116              82 / 116              82 / 116         MB
[2020-07-12T01:10:58.924+0000][5284][gc,stats    ]      Memory: Heap Used Before Mark                           588 / 644             555 / 1270            555 / 1270            555 / 1270        MB
[2020-07-12T01:10:58.924+0000][5284][gc,stats    ]      Memory: Heap Used Before Relocation                     112 / 114             133 / 338             133 / 338             133 / 338         MB
[2020-07-12T01:10:58.924+0000][5284][gc,stats    ]      Memory: Out Of Memory                                     0 / 0                 0 / 0                 0 / 0                 0 / 0           ops/s
[2020-07-12T01:10:58.924+0000][5284][gc,stats    ]      Memory: Page Cache Flush                                  0 / 0                 0 / 0                 0 / 0                 0 / 0           MB/s
[2020-07-12T01:10:58.924+0000][5284][gc,stats    ]      Memory: Page Cache Hit L1                                58 / 65               53 / 121              53 / 121              53 / 121         ops/s
[2020-07-12T01:10:58.924+0000][5284][gc,stats    ]      Memory: Page Cache Hit L2                                 0 / 0                 0 / 0                 0 / 0                 0 / 0           ops/s
[2020-07-12T01:10:58.924+0000][5284][gc,stats    ]      Memory: Page Cache Hit L3                                 0 / 0                 2 / 96                2 / 96                2 / 96          ops/s
[2020-07-12T01:10:58.924+0000][5284][gc,stats    ]      Memory: Page Cache Miss                                   0 / 0                 0 / 0                 0 / 0                 0 / 0           ops/s
[2020-07-12T01:10:58.924+0000][5284][gc,stats    ]      Memory: Uncommit                                          0 / 0                 0 / 0                 0 / 0                 0 / 0           MB/s
[2020-07-12T01:10:58.924+0000][5284][gc,stats    ]      Memory: Undo Object Allocation Failed                     0 / 0                 0 / 0                 0 / 0                 0 / 0           ops/s
[2020-07-12T01:10:58.924+0000][5284][gc,stats    ]      Memory: Undo Object Allocation Succeeded                  0 / 1                 0 / 11                0 / 11                0 / 11          ops/s
[2020-07-12T01:10:58.924+0000][5284][gc,stats    ]      Memory: Undo Page Allocation                              0 / 0                 0 / 0                 0 / 0                 0 / 0           ops/s
[2020-07-12T01:10:58.924+0000][5284][gc,stats    ]       Phase: Concurrent Mark                              45.432 / 46.023       47.335 / 77.269       47.335 / 77.269       47.335 / 77.269      ms
[2020-07-12T01:10:58.924+0000][5284][gc,stats    ]       Phase: Concurrent Mark Continue                      0.000 / 0.000         0.000 / 0.000         0.000 / 0.000         0.000 / 0.000       ms
[2020-07-12T01:10:58.924+0000][5284][gc,stats    ]       Phase: Concurrent Process Non-Strong References     29.593 / 30.326       23.981 / 37.730       23.981 / 37.730       23.981 / 37.730      ms
[2020-07-12T01:10:58.924+0000][5284][gc,stats    ]       Phase: Concurrent Relocate                           1.417 / 1.432         1.826 / 18.136        1.826 / 18.136        1.826 / 18.136      ms
[2020-07-12T01:10:58.924+0000][5284][gc,stats    ]       Phase: Concurrent Reset Relocation Set               0.004 / 0.004         0.004 / 0.015         0.004 / 0.015         0.004 / 0.015       ms
[2020-07-12T01:10:58.924+0000][5284][gc,stats    ]       Phase: Concurrent Select Relocation Set              1.003 / 1.011         1.090 / 5.622         1.090 / 5.622         1.090 / 5.622       ms
[2020-07-12T01:10:58.924+0000][5284][gc,stats    ]       Phase: Pause Mark End                                0.351 / 0.352         0.332 / 0.457         0.332 / 0.457         0.332 / 0.457       ms
[2020-07-12T01:10:58.924+0000][5284][gc,stats    ]       Phase: Pause Mark Start                              0.134 / 0.134         0.180 / 0.724         0.180 / 0.724         0.180 / 0.724       ms
[2020-07-12T01:10:58.924+0000][5284][gc,stats    ]       Phase: Pause Relocate Start                          0.130 / 0.154         0.140 / 1.014         0.140 / 1.014         0.140 / 1.014       ms
[2020-07-12T01:10:58.924+0000][5284][gc,stats    ]    Subphase: Concurrent Classes Purge                      0.740 / 0.759         0.775 / 8.877         0.775 / 8.877         0.775 / 8.877       ms
[2020-07-12T01:10:58.924+0000][5284][gc,stats    ]    Subphase: Concurrent Classes Unlink                    27.273 / 28.048       21.478 / 32.180       21.478 / 32.180       21.478 / 32.180      ms
[2020-07-12T01:10:58.924+0000][5284][gc,stats    ]    Subphase: Concurrent Mark                              44.794 / 45.376       46.611 / 76.517       46.611 / 76.517       46.611 / 76.517      ms
[2020-07-12T01:10:58.924+0000][5284][gc,stats    ]    Subphase: Concurrent Mark Idle                          0.000 / 0.000         0.000 / 0.000         0.000 / 0.000         0.000 / 0.000       ms
[2020-07-12T01:10:58.924+0000][5284][gc,stats    ]    Subphase: Concurrent Mark Try Flush                     0.119 / 0.136         0.112 / 1.569         0.112 / 1.569         0.112 / 1.569       ms
[2020-07-12T01:10:58.924+0000][5284][gc,stats    ]    Subphase: Concurrent Mark Try Terminate                 0.053 / 0.113         0.049 / 0.756         0.049 / 0.756         0.049 / 0.756       ms
[2020-07-12T01:10:58.924+0000][5284][gc,stats    ]    Subphase: Concurrent References Enqueue                 0.000 / 0.000         0.001 / 0.004         0.001 / 0.004         0.001 / 0.004       ms
[2020-07-12T01:10:58.924+0000][5284][gc,stats    ]    Subphase: Concurrent References Process                 0.470 / 0.491         0.517 / 1.144         0.517 / 1.144         0.517 / 1.144       ms
[2020-07-12T01:10:58.924+0000][5284][gc,stats    ]    Subphase: Concurrent Roots                              0.248 / 0.252         0.315 / 1.449         0.315 / 1.449         0.315 / 1.449       ms
[2020-07-12T01:10:58.924+0000][5284][gc,stats    ]    Subphase: Concurrent Roots ClassLoaderDataGraph         0.242 / 0.246         0.308 / 1.421         0.308 / 1.421         0.308 / 1.421       ms
[2020-07-12T01:10:58.924+0000][5284][gc,stats    ]    Subphase: Concurrent Roots JNIHandles                   0.004 / 0.004         0.004 / 0.012         0.004 / 0.012         0.004 / 0.012       ms
[2020-07-12T01:10:58.924+0000][5284][gc,stats    ]    Subphase: Concurrent Roots Setup                        0.179 / 0.203         0.187 / 0.465         0.187 / 0.465         0.187 / 0.465       ms
[2020-07-12T01:10:58.924+0000][5284][gc,stats    ]    Subphase: Concurrent Roots Teardown                     0.000 / 0.000         0.000 / 0.002         0.000 / 0.002         0.000 / 0.002       ms
[2020-07-12T01:10:58.924+0000][5284][gc,stats    ]    Subphase: Concurrent Roots VMHandles                    0.000 / 0.000         0.000 / 0.000         0.000 / 0.000         0.000 / 0.000       ms
[2020-07-12T01:10:58.924+0000][5284][gc,stats    ]    Subphase: Concurrent Weak Roots                         0.888 / 0.959         0.894 / 1.534         0.894 / 1.534         0.894 / 1.534       ms
[2020-07-12T01:10:58.924+0000][5284][gc,stats    ]    Subphase: Concurrent Weak Roots JNIWeakHandles          0.000 / 0.001         0.001 / 0.004         0.001 / 0.004         0.001 / 0.004       ms
[2020-07-12T01:10:58.924+0000][5284][gc,stats    ]    Subphase: Concurrent Weak Roots ResolvedMethodTable     0.094 / 0.094         0.093 / 0.181         0.093 / 0.181         0.093 / 0.181       ms
[2020-07-12T01:10:58.924+0000][5284][gc,stats    ]    Subphase: Concurrent Weak Roots StringTable             0.734 / 0.804         0.741 / 1.341         0.741 / 1.341         0.741 / 1.341       ms
[2020-07-12T01:10:58.924+0000][5284][gc,stats    ]    Subphase: Concurrent Weak Roots VMWeakHandles           0.056 / 0.058         0.056 / 0.088         0.056 / 0.088         0.056 / 0.088       ms
[2020-07-12T01:10:58.924+0000][5284][gc,stats    ]    Subphase: Pause Mark Try Complete                       0.163 / 0.170         0.148 / 0.203         0.148 / 0.203         0.148 / 0.203       ms
[2020-07-12T01:10:58.924+0000][5284][gc,stats    ]    Subphase: Pause Roots                                   0.035 / 0.078         0.040 / 0.936         0.040 / 0.936         0.040 / 0.936       ms
[2020-07-12T01:10:58.924+0000][5284][gc,stats    ]    Subphase: Pause Roots CodeCache                         0.000 / 0.000         0.000 / 0.000         0.000 / 0.000         0.000 / 0.000       ms
[2020-07-12T01:10:58.924+0000][5284][gc,stats    ]    Subphase: Pause Roots JVMTIExport                       0.001 / 0.002         0.002 / 0.007         0.002 / 0.007         0.002 / 0.007       ms
[2020-07-12T01:10:58.924+0000][5284][gc,stats    ]    Subphase: Pause Roots JVMTIWeakExport                   0.000 / 0.000         0.001 / 0.001         0.001 / 0.001         0.001 / 0.001       ms
[2020-07-12T01:10:58.924+0000][5284][gc,stats    ]    Subphase: Pause Roots Management                        0.001 / 0.001         0.001 / 0.003         0.001 / 0.003         0.001 / 0.003       ms
[2020-07-12T01:10:58.924+0000][5284][gc,stats    ]    Subphase: Pause Roots ObjectSynchronizer                0.000 / 0.000         0.000 / 0.001         0.000 / 0.001         0.000 / 0.001       ms
[2020-07-12T01:10:58.924+0000][5284][gc,stats    ]    Subphase: Pause Roots Setup                             0.000 / 0.001         0.001 / 0.036         0.001 / 0.036         0.001 / 0.036       ms
[2020-07-12T01:10:58.924+0000][5284][gc,stats    ]    Subphase: Pause Roots SystemDictionary                  0.016 / 0.031         0.011 / 0.042         0.011 / 0.042         0.011 / 0.042       ms
[2020-07-12T01:10:58.924+0000][5284][gc,stats    ]    Subphase: Pause Roots Teardown                          0.001 / 0.001         0.001 / 0.013         0.001 / 0.013         0.001 / 0.013       ms
[2020-07-12T01:10:58.924+0000][5284][gc,stats    ]    Subphase: Pause Roots Threads                           0.033 / 0.058         0.045 / 0.913         0.045 / 0.913         0.045 / 0.913       ms
[2020-07-12T01:10:58.924+0000][5284][gc,stats    ]    Subphase: Pause Roots Universe                          0.002 / 0.003         0.002 / 0.011         0.002 / 0.011         0.002 / 0.011       ms
[2020-07-12T01:10:58.924+0000][5284][gc,stats    ]    Subphase: Pause Weak Roots                              0.010 / 0.052         0.010 / 0.087         0.010 / 0.087         0.010 / 0.087       ms
[2020-07-12T01:10:58.924+0000][5284][gc,stats    ]    Subphase: Pause Weak Roots JFRWeak                      0.046 / 0.050         0.045 / 0.084         0.045 / 0.084         0.045 / 0.084       ms
[2020-07-12T01:10:58.924+0000][5284][gc,stats    ]    Subphase: Pause Weak Roots JVMTIWeakExport              0.001 / 0.001         0.001 / 0.001         0.001 / 0.001         0.001 / 0.001       ms
[2020-07-12T01:10:58.924+0000][5284][gc,stats    ]    Subphase: Pause Weak Roots Setup                        0.000 / 0.000         0.000 / 0.001         0.000 / 0.001         0.000 / 0.001       ms
[2020-07-12T01:10:58.924+0000][5284][gc,stats    ]    Subphase: Pause Weak Roots Teardown                     0.000 / 0.000         0.000 / 0.000         0.000 / 0.000         0.000 / 0.000       ms
[2020-07-12T01:10:58.924+0000][5284][gc,stats    ]      System: Java Threads                                     37 / 37               35 / 38               35 / 38               35 / 38          threads
[2020-07-12T01:10:58.924+0000][5284][gc,stats    ] =========================================================================================================================================================
[2020-07-12T01:10:59.505+0000][5284][safepoint   ] Safepoint "Cleanup", Time since last: 1000326034 ns, Reaching safepoint: 61787 ns, At safepoint: 4841 ns, Total: 66628 ns
[2020-07-12T01:11:00.505+0000][5284][safepoint   ] Safepoint "Cleanup", Time since last: 1000122156 ns, Reaching safepoint: 114051 ns, At safepoint: 4896 ns, Total: 118947 ns
[2020-07-12T01:11:00.827+0000][5284][gc,heap     ] GC(68) Heap before GC invocations=68 (full 68): ZHeap           used 646M, capacity 4096M, max capacity 4096M
[2020-07-12T01:11:00.827+0000][5284][gc,heap     ] GC(68)  Metaspace       used 80227K, capacity 83029K, committed 83268K, reserved 83968K
[2020-07-12T01:11:00.827+0000][5284][gc,start    ] GC(68) Garbage Collection (Proactive)
[2020-07-12T01:11:00.827+0000][5284][gc,phases   ] GC(68) Pause Mark Start 0.100ms
[2020-07-12T01:11:00.827+0000][5284][safepoint   ] Safepoint "ZMarkStart", Time since last: 322256412 ns, Reaching safepoint: 77614 ns, At safepoint: 120887 ns, Total: 198501 ns
[2020-07-12T01:11:00.873+0000][5284][gc,phases   ] GC(68) Concurrent Mark 45.497ms
[2020-07-12T01:11:00.874+0000][5284][gc,phases   ] GC(68) Pause Mark End 0.327ms
[2020-07-12T01:11:00.874+0000][5284][safepoint   ] Safepoint "ZMarkEnd", Time since last: 45636609 ns, Reaching safepoint: 60783 ns, At safepoint: 348755 ns, Total: 409538 ns
[2020-07-12T01:11:00.903+0000][5284][gc,phases   ] GC(68) Concurrent Process Non-Strong References 28.905ms
[2020-07-12T01:11:00.903+0000][5284][gc,phases   ] GC(68) Concurrent Reset Relocation Set 0.004ms
[2020-07-12T01:11:00.904+0000][5284][gc,phases   ] GC(68) Concurrent Select Relocation Set 1.010ms
[2020-07-12T01:11:00.904+0000][5284][gc,phases   ] GC(68) Pause Relocate Start 0.095ms
[2020-07-12T01:11:00.904+0000][5284][safepoint   ] Safepoint "ZRelocateStart", Time since last: 30082636 ns, Reaching safepoint: 70686 ns, At safepoint: 112953 ns, Total: 183639 ns
[2020-07-12T01:11:00.905+0000][5284][gc,phases   ] GC(68) Concurrent Relocate 1.385ms
[2020-07-12T01:11:00.905+0000][5284][gc,heap     ] GC(68) Heap after GC invocations=69 (full 69): ZHeap           used 70M, capacity 4096M, max capacity 4096M
[2020-07-12T01:11:00.905+0000][5284][gc,heap     ] GC(68)  Metaspace       used 80227K, capacity 83029K, committed 83268K, reserved 83968K
[2020-07-12T01:11:00.905+0000][5284][gc,load     ] GC(68) Load: 2.18/1.36/0.76
[2020-07-12T01:11:00.905+0000][5284][gc,mmu      ] GC(68) MMU: 2ms/49.3%, 5ms/79.7%, 10ms/89.9%, 20ms/94.9%, 50ms/97.3%, 100ms/98.3%
[2020-07-12T01:11:00.905+0000][5284][gc,marking  ] GC(68) Mark: 1 stripe(s), 2 proactive flush(es), 1 terminate flush(es), 1 completion(s), 0 continuation(s) 
[2020-07-12T01:11:00.905+0000][5284][gc,reloc    ] GC(68) Relocation: Successful, 1M relocated
[2020-07-12T01:11:00.905+0000][5284][gc,nmethod  ] GC(68) NMethods: 5600 registered, 0 unregistered
[2020-07-12T01:11:00.905+0000][5284][gc,metaspace] GC(68) Metaspace: 78M used, 81M capacity, 81M committed, 82M reserved
[2020-07-12T01:11:00.905+0000][5284][gc,ref      ] GC(68) Soft: 3922 encountered, 0 discovered, 0 enqueued
[2020-07-12T01:11:00.905+0000][5284][gc,ref      ] GC(68) Weak: 6657 encountered, 4332 discovered, 0 enqueued
[2020-07-12T01:11:00.905+0000][5284][gc,ref      ] GC(68) Final: 3 encountered, 0 discovered, 0 enqueued
[2020-07-12T01:11:00.905+0000][5284][gc,ref      ] GC(68) Phantom: 435 encountered, 294 discovered, 0 enqueued
[2020-07-12T01:11:00.905+0000][5284][gc,heap     ] GC(68) Min Capacity: 4096M(100%)
[2020-07-12T01:11:00.905+0000][5284][gc,heap     ] GC(68) Max Capacity: 4096M(100%)
[2020-07-12T01:11:00.905+0000][5284][gc,heap     ] GC(68) Soft Max Capacity: 4096M(100%)
[2020-07-12T01:11:00.905+0000][5284][gc,heap     ] GC(68)                Mark Start          Mark End        Relocate Start      Relocate End           High               Low         
[2020-07-12T01:11:00.905+0000][5284][gc,heap     ] GC(68)  Capacity:     4096M (100%)       4096M (100%)       4096M (100%)       4096M (100%)       4096M (100%)       4096M (100%)   
[2020-07-12T01:11:00.905+0000][5284][gc,heap     ] GC(68)   Reserve:       42M (1%)           42M (1%)           42M (1%)           42M (1%)           42M (1%)           42M (1%)     
[2020-07-12T01:11:00.905+0000][5284][gc,heap     ] GC(68)      Free:     3408M (83%)        3406M (83%)        3950M (96%)        3984M (97%)        3984M (97%)        3406M (83%)    
[2020-07-12T01:11:00.905+0000][5284][gc,heap     ] GC(68)      Used:      646M (16%)         648M (16%)         104M (3%)           70M (2%)          648M (16%)          70M (2%)     
[2020-07-12T01:11:00.905+0000][5284][gc,heap     ] GC(68)      Live:         -                28M (1%)           28M (1%)           28M (1%)             -                  -          
[2020-07-12T01:11:00.905+0000][5284][gc,heap     ] GC(68) Allocated:         -                 2M (0%)            2M (0%)           10M (0%)             -                  -          
[2020-07-12T01:11:00.905+0000][5284][gc,heap     ] GC(68)   Garbage:         -               617M (15%)          73M (2%)           39M (1%)             -                  -          
[2020-07-12T01:11:00.905+0000][5284][gc,heap     ] GC(68) Reclaimed:         -                  -               544M (13%)         578M (14%)            -                  -          
[2020-07-12T01:11:00.905+0000][5284][gc          ] GC(68) Garbage Collection (Proactive) 646M(16%)->70M(2%)
[2020-07-12T01:11:01.905+0000][5284][safepoint   ] Safepoint "Cleanup", Time since last: 1001083532 ns, Reaching safepoint: 116709 ns, At safepoint: 3620 ns, Total: 120329 ns
[2020-07-12T01:11:02.906+0000][5284][safepoint   ] Safepoint "Cleanup", Time since last: 1001053543 ns, Reaching safepoint: 80173 ns, At safepoint: 2479 ns, Total: 82652 ns
[2020-07-12T01:11:03.907+0000][5284][safepoint   ] Safepoint "Cleanup", Time since last: 1001117204 ns, Reaching safepoint: 98336 ns, At safepoint: 3498 ns, Total: 101834 ns
[2020-07-12T01:11:04.908+0000][5284][safepoint   ] Safepoint "Cleanup", Time since last: 1000623845 ns, Reaching safepoint: 89252 ns, At safepoint: 2847 ns, Total: 92099 ns
[2020-07-12T01:11:05.026+0000][5284][gc,heap     ] GC(69) Heap before GC invocations=69 (full 69): ZHeap           used 536M, capacity 4096M, max capacity 4096M
[2020-07-12T01:11:05.026+0000][5284][gc,heap     ] GC(69)  Metaspace       used 80230K, capacity 83029K, committed 83268K, reserved 83968K
[2020-07-12T01:11:05.026+0000][5284][gc,start    ] GC(69) Garbage Collection (Proactive)
[2020-07-12T01:11:05.026+0000][5284][gc,phases   ] GC(69) Pause Mark Start 0.144ms
[2020-07-12T01:11:05.026+0000][5284][safepoint   ] Safepoint "ZMarkStart", Time since last: 117732039 ns, Reaching safepoint: 122792 ns, At safepoint: 172263 ns, Total: 295055 ns
[2020-07-12T01:11:05.074+0000][5284][gc,phases   ] GC(69) Concurrent Mark 47.561ms
[2020-07-12T01:11:05.074+0000][5284][gc,phases   ] GC(69) Pause Mark End 0.335ms
[2020-07-12T01:11:05.074+0000][5284][safepoint   ] Safepoint "ZMarkEnd", Time since last: 47725311 ns, Reaching safepoint: 75680 ns, At safepoint: 355554 ns, Total: 431234 ns
[2020-07-12T01:11:05.102+0000][5284][gc,phases   ] GC(69) Concurrent Process Non-Strong References 27.977ms
[2020-07-12T01:11:05.102+0000][5284][gc,phases   ] GC(69) Concurrent Reset Relocation Set 0.004ms
[2020-07-12T01:11:05.103+0000][5284][gc,phases   ] GC(69) Concurrent Select Relocation Set 1.004ms
[2020-07-12T01:11:05.104+0000][5284][gc,phases   ] GC(69) Pause Relocate Start 0.092ms
[2020-07-12T01:11:05.104+0000][5284][safepoint   ] Safepoint "ZRelocateStart", Time since last: 29168319 ns, Reaching safepoint: 60693 ns, At safepoint: 109447 ns, Total: 170140 ns
[2020-07-12T01:11:05.105+0000][5284][gc,phases   ] GC(69) Concurrent Relocate 1.349ms
[2020-07-12T01:11:05.105+0000][5284][gc,heap     ] GC(69) Heap after GC invocations=70 (full 70): ZHeap           used 72M, capacity 4096M, max capacity 4096M
[2020-07-12T01:11:05.105+0000][5284][gc,heap     ] GC(69)  Metaspace       used 80230K, capacity 83029K, committed 83268K, reserved 83968K
[2020-07-12T01:11:05.105+0000][5284][gc,load     ] GC(69) Load: 2.16/1.37/0.77
[2020-07-12T01:11:05.105+0000][5284][gc,mmu      ] GC(69) MMU: 2ms/49.3%, 5ms/79.7%, 10ms/89.9%, 20ms/94.9%, 50ms/97.3%, 100ms/98.3%
[2020-07-12T01:11:05.105+0000][5284][gc,marking  ] GC(69) Mark: 1 stripe(s), 2 proactive flush(es), 1 terminate flush(es), 1 completion(s), 0 continuation(s) 
[2020-07-12T01:11:05.105+0000][5284][gc,reloc    ] GC(69) Relocation: Successful, 1M relocated
[2020-07-12T01:11:05.105+0000][5284][gc,nmethod  ] GC(69) NMethods: 5601 registered, 0 unregistered
[2020-07-12T01:11:05.105+0000][5284][gc,metaspace] GC(69) Metaspace: 78M used, 81M capacity, 81M committed, 82M reserved
[2020-07-12T01:11:05.105+0000][5284][gc,ref      ] GC(69) Soft: 3922 encountered, 0 discovered, 0 enqueued
[2020-07-12T01:11:05.105+0000][5284][gc,ref      ] GC(69) Weak: 6658 encountered, 4332 discovered, 0 enqueued
[2020-07-12T01:11:05.105+0000][5284][gc,ref      ] GC(69) Final: 3 encountered, 0 discovered, 0 enqueued
[2020-07-12T01:11:05.105+0000][5284][gc,ref      ] GC(69) Phantom: 435 encountered, 294 discovered, 0 enqueued
[2020-07-12T01:11:05.105+0000][5284][gc,heap     ] GC(69) Min Capacity: 4096M(100%)
[2020-07-12T01:11:05.105+0000][5284][gc,heap     ] GC(69) Max Capacity: 4096M(100%)
[2020-07-12T01:11:05.105+0000][5284][gc,heap     ] GC(69) Soft Max Capacity: 4096M(100%)
[2020-07-12T01:11:05.105+0000][5284][gc,heap     ] GC(69)                Mark Start          Mark End        Relocate Start      Relocate End           High               Low         
[2020-07-12T01:11:05.105+0000][5284][gc,heap     ] GC(69)  Capacity:     4096M (100%)       4096M (100%)       4096M (100%)       4096M (100%)       4096M (100%)       4096M (100%)   
[2020-07-12T01:11:05.105+0000][5284][gc,heap     ] GC(69)   Reserve:       42M (1%)           42M (1%)           42M (1%)           42M (1%)           42M (1%)           42M (1%)     
[2020-07-12T01:11:05.105+0000][5284][gc,heap     ] GC(69)      Free:     3518M (86%)        3516M (86%)        3938M (96%)        3982M (97%)        3982M (97%)        3516M (86%)    
[2020-07-12T01:11:05.105+0000][5284][gc,heap     ] GC(69)      Used:      536M (13%)         538M (13%)         116M (3%)           72M (2%)          538M (13%)          72M (2%)     
[2020-07-12T01:11:05.105+0000][5284][gc,heap     ] GC(69)      Live:         -                28M (1%)           28M (1%)           28M (1%)             -                  -          
[2020-07-12T01:11:05.105+0000][5284][gc,heap     ] GC(69) Allocated:         -                 2M (0%)            2M (0%)           12M (0%)             -                  -          
[2020-07-12T01:11:05.105+0000][5284][gc,heap     ] GC(69)   Garbage:         -               507M (12%)          85M (2%)           41M (1%)             -                  -          
[2020-07-12T01:11:05.105+0000][5284][gc,heap     ] GC(69) Reclaimed:         -                  -               422M (10%)         466M (11%)            -                  -          
[2020-07-12T01:11:05.105+0000][5284][gc          ] GC(69) Garbage Collection (Proactive) 536M(13%)->72M(2%)
[2020-07-12T01:11:06.106+0000][5284][safepoint   ] Safepoint "Cleanup", Time since last: 1001857593 ns, Reaching safepoint: 135600 ns, At safepoint: 6934 ns, Total: 142534 ns
[2020-07-12T01:11:07.107+0000][5284][safepoint   ] Safepoint "Cleanup", Time since last: 1001212794 ns, Reaching safepoint: 67502 ns, At safepoint: 2389 ns, Total: 69891 ns
[2020-07-12T01:11:08.108+0000][5284][safepoint   ] Safepoint "Cleanup", Time since last: 1000619295 ns, Reaching safepoint: 98816 ns, At safepoint: 3988 ns, Total: 102804 ns
[2020-07-12T01:11:08.925+0000][5284][gc,stats    ] === Garbage Collection Statistics =======================================================================================================================
[2020-07-12T01:11:08.925+0000][5284][gc,stats    ]                                                              Last 10s              Last 10m              Last 10h                Total
[2020-07-12T01:11:08.925+0000][5284][gc,stats    ]                                                              Avg / Max             Avg / Max             Avg / Max             Avg / Max
[2020-07-12T01:11:08.925+0000][5284][gc,stats    ]   Collector: Garbage Collection Cycle                     78.771 / 79.267       76.194 / 117.511      76.194 / 117.511      76.194 / 117.511     ms
[2020-07-12T01:11:08.925+0000][5284][gc,stats    ]  Contention: Mark Segment Reset Contention                     0 / 0                 0 / 0                 0 / 0                 0 / 0           ops/s
[2020-07-12T01:11:08.925+0000][5284][gc,stats    ]  Contention: Mark SeqNum Reset Contention                      0 / 0                 0 / 0                 0 / 0                 0 / 0           ops/s
[2020-07-12T01:11:08.925+0000][5284][gc,stats    ]  Contention: Relocation Contention                             0 / 0                 0 / 11                0 / 11                0 / 11          ops/s
[2020-07-12T01:11:08.925+0000][5284][gc,stats    ]    Critical: Allocation Stall                              0.000 / 0.000         0.000 / 0.000         0.000 / 0.000         0.000 / 0.000       ms
[2020-07-12T01:11:08.925+0000][5284][gc,stats    ]    Critical: Allocation Stall                                  0 / 0                 0 / 0                 0 / 0                 0 / 0           ops/s
[2020-07-12T01:11:08.925+0000][5284][gc,stats    ]    Critical: GC Locker Stall                               0.000 / 0.000         0.093 / 0.093         0.093 / 0.093         0.093 / 0.093       ms
[2020-07-12T01:11:08.925+0000][5284][gc,stats    ]    Critical: GC Locker Stall                                   0 / 0                 0 / 1                 0 / 1                 0 / 1           ops/s
[2020-07-12T01:11:08.925+0000][5284][gc,stats    ]      Memory: Allocation Rate                                 116 / 148             110 / 238             110 / 238             110 / 238         MB/s
[2020-07-12T01:11:08.925+0000][5284][gc,stats    ]      Memory: Heap Used After Mark                            593 / 648             570 / 1286            570 / 1286            570 / 1286        MB
[2020-07-12T01:11:08.925+0000][5284][gc,stats    ]      Memory: Heap Used After Relocation                       71 / 72               82 / 116              82 / 116              82 / 116         MB
[2020-07-12T01:11:08.925+0000][5284][gc,stats    ]      Memory: Heap Used Before Mark                           591 / 646             556 / 1270            556 / 1270            556 / 1270        MB
[2020-07-12T01:11:08.925+0000][5284][gc,stats    ]      Memory: Heap Used Before Relocation                     110 / 116             133 / 338             133 / 338             133 / 338         MB
[2020-07-12T01:11:08.925+0000][5284][gc,stats    ]      Memory: Out Of Memory                                     0 / 0                 0 / 0                 0 / 0                 0 / 0           ops/s
[2020-07-12T01:11:08.925+0000][5284][gc,stats    ]      Memory: Page Cache Flush                                  0 / 0                 0 / 0                 0 / 0                 0 / 0           MB/s
[2020-07-12T01:11:08.925+0000][5284][gc,stats    ]      Memory: Page Cache Hit L1                                59 / 74               53 / 121              53 / 121              53 / 121         ops/s
[2020-07-12T01:11:08.925+0000][5284][gc,stats    ]      Memory: Page Cache Hit L2                                 0 / 0                 0 / 0                 0 / 0                 0 / 0           ops/s
[2020-07-12T01:11:08.925+0000][5284][gc,stats    ]      Memory: Page Cache Hit L3                                 0 / 0                 1 / 96                1 / 96                1 / 96          ops/s
[2020-07-12T01:11:08.925+0000][5284][gc,stats    ]      Memory: Page Cache Miss                                   0 / 0                 0 / 0                 0 / 0                 0 / 0           ops/s
[2020-07-12T01:11:08.925+0000][5284][gc,stats    ]      Memory: Uncommit                                          0 / 0                 0 / 0                 0 / 0                 0 / 0           MB/s
[2020-07-12T01:11:08.925+0000][5284][gc,stats    ]      Memory: Undo Object Allocation Failed                     0 / 0                 0 / 0                 0 / 0                 0 / 0           ops/s
[2020-07-12T01:11:08.925+0000][5284][gc,stats    ]      Memory: Undo Object Allocation Succeeded                  0 / 0                 0 / 11                0 / 11                0 / 11          ops/s
[2020-07-12T01:11:08.925+0000][5284][gc,stats    ]      Memory: Undo Page Allocation                              0 / 0                 0 / 0                 0 / 0                 0 / 0           ops/s
[2020-07-12T01:11:08.925+0000][5284][gc,stats    ]       Phase: Concurrent Mark                              46.529 / 47.561       47.312 / 77.269       47.312 / 77.269       47.312 / 77.269      ms
[2020-07-12T01:11:08.925+0000][5284][gc,stats    ]       Phase: Concurrent Mark Continue                      0.000 / 0.000         0.000 / 0.000         0.000 / 0.000         0.000 / 0.000       ms
[2020-07-12T01:11:08.925+0000][5284][gc,stats    ]       Phase: Concurrent Process Non-Strong References     28.441 / 28.905       24.108 / 37.730       24.108 / 37.730       24.108 / 37.730      ms
[2020-07-12T01:11:08.925+0000][5284][gc,stats    ]       Phase: Concurrent Relocate                           1.367 / 1.385         1.813 / 18.136        1.813 / 18.136        1.813 / 18.136      ms
[2020-07-12T01:11:08.925+0000][5284][gc,stats    ]       Phase: Concurrent Reset Relocation Set               0.004 / 0.004         0.004 / 0.015         0.004 / 0.015         0.004 / 0.015       ms
[2020-07-12T01:11:08.925+0000][5284][gc,stats    ]       Phase: Concurrent Select Relocation Set              1.007 / 1.010         1.088 / 5.622         1.088 / 5.622         1.088 / 5.622       ms
[2020-07-12T01:11:08.925+0000][5284][gc,stats    ]       Phase: Pause Mark End                                0.331 / 0.335         0.332 / 0.457         0.332 / 0.457         0.332 / 0.457       ms
[2020-07-12T01:11:08.925+0000][5284][gc,stats    ]       Phase: Pause Mark Start                              0.122 / 0.144         0.178 / 0.724         0.178 / 0.724         0.178 / 0.724       ms
[2020-07-12T01:11:08.925+0000][5284][gc,stats    ]       Phase: Pause Relocate Start                          0.093 / 0.095         0.139 / 1.014         0.139 / 1.014         0.139 / 1.014       ms
[2020-07-12T01:11:08.925+0000][5284][gc,stats    ]    Subphase: Concurrent Classes Purge                      0.748 / 0.828         0.774 / 8.877         0.774 / 8.877         0.774 / 8.877       ms
[2020-07-12T01:11:08.925+0000][5284][gc,stats    ]    Subphase: Concurrent Classes Unlink                    25.999 / 26.328       21.607 / 32.180       21.607 / 32.180       21.607 / 32.180      ms
[2020-07-12T01:11:08.925+0000][5284][gc,stats    ]    Subphase: Concurrent Mark                              45.818 / 46.757       46.588 / 76.517       46.588 / 76.517       46.588 / 76.517      ms
[2020-07-12T01:11:08.925+0000][5284][gc,stats    ]    Subphase: Concurrent Mark Idle                          0.000 / 0.000         0.000 / 0.000         0.000 / 0.000         0.000 / 0.000       ms
[2020-07-12T01:11:08.925+0000][5284][gc,stats    ]    Subphase: Concurrent Mark Try Flush                     0.117 / 0.135         0.112 / 1.569         0.112 / 1.569         0.112 / 1.569       ms
[2020-07-12T01:11:08.925+0000][5284][gc,stats    ]    Subphase: Concurrent Mark Try Terminate                 0.059 / 0.120         0.050 / 0.756         0.050 / 0.756         0.050 / 0.756       ms
[2020-07-12T01:11:08.925+0000][5284][gc,stats    ]    Subphase: Concurrent References Enqueue                 0.000 / 0.000         0.001 / 0.004         0.001 / 0.004         0.001 / 0.004       ms
[2020-07-12T01:11:08.925+0000][5284][gc,stats    ]    Subphase: Concurrent References Process                 0.530 / 0.536         0.517 / 1.144         0.517 / 1.144         0.517 / 1.144       ms
[2020-07-12T01:11:08.925+0000][5284][gc,stats    ]    Subphase: Concurrent Roots                              0.294 / 0.338         0.314 / 1.449         0.314 / 1.449         0.314 / 1.449       ms
[2020-07-12T01:11:08.925+0000][5284][gc,stats    ]    Subphase: Concurrent Roots ClassLoaderDataGraph         0.287 / 0.330         0.308 / 1.421         0.308 / 1.421         0.308 / 1.421       ms
[2020-07-12T01:11:08.925+0000][5284][gc,stats    ]    Subphase: Concurrent Roots JNIHandles                   0.004 / 0.004         0.004 / 0.012         0.004 / 0.012         0.004 / 0.012       ms
[2020-07-12T01:11:08.925+0000][5284][gc,stats    ]    Subphase: Concurrent Roots Setup                        0.173 / 0.175         0.186 / 0.465         0.186 / 0.465         0.186 / 0.465       ms
[2020-07-12T01:11:08.925+0000][5284][gc,stats    ]    Subphase: Concurrent Roots Teardown                     0.000 / 0.000         0.000 / 0.002         0.000 / 0.002         0.000 / 0.002       ms
[2020-07-12T01:11:08.925+0000][5284][gc,stats    ]    Subphase: Concurrent Roots VMHandles                    0.000 / 0.000         0.000 / 0.000         0.000 / 0.000         0.000 / 0.000       ms
[2020-07-12T01:11:08.925+0000][5284][gc,stats    ]    Subphase: Concurrent Weak Roots                         0.930 / 0.991         0.895 / 1.534         0.895 / 1.534         0.895 / 1.534       ms
[2020-07-12T01:11:08.925+0000][5284][gc,stats    ]    Subphase: Concurrent Weak Roots JNIWeakHandles          0.000 / 0.001         0.001 / 0.004         0.001 / 0.004         0.001 / 0.004       ms
[2020-07-12T01:11:08.925+0000][5284][gc,stats    ]    Subphase: Concurrent Weak Roots ResolvedMethodTable     0.097 / 0.099         0.093 / 0.181         0.093 / 0.181         0.093 / 0.181       ms
[2020-07-12T01:11:08.925+0000][5284][gc,stats    ]    Subphase: Concurrent Weak Roots StringTable             0.769 / 0.829         0.742 / 1.341         0.742 / 1.341         0.742 / 1.341       ms
[2020-07-12T01:11:08.925+0000][5284][gc,stats    ]    Subphase: Concurrent Weak Roots VMWeakHandles           0.059 / 0.062         0.056 / 0.088         0.056 / 0.088         0.056 / 0.088       ms
[2020-07-12T01:11:08.925+0000][5284][gc,stats    ]    Subphase: Pause Mark Try Complete                       0.164 / 0.164         0.149 / 0.203         0.149 / 0.203         0.149 / 0.203       ms
[2020-07-12T01:11:08.925+0000][5284][gc,stats    ]    Subphase: Pause Roots                                   0.033 / 0.057         0.040 / 0.936         0.040 / 0.936         0.040 / 0.936       ms
[2020-07-12T01:11:08.925+0000][5284][gc,stats    ]    Subphase: Pause Roots CodeCache                         0.000 / 0.000         0.000 / 0.000         0.000 / 0.000         0.000 / 0.000       ms
[2020-07-12T01:11:08.925+0000][5284][gc,stats    ]    Subphase: Pause Roots JVMTIExport                       0.002 / 0.003         0.002 / 0.007         0.002 / 0.007         0.002 / 0.007       ms
[2020-07-12T01:11:08.925+0000][5284][gc,stats    ]    Subphase: Pause Roots JVMTIWeakExport                   0.001 / 0.001         0.001 / 0.001         0.001 / 0.001         0.001 / 0.001       ms
[2020-07-12T01:11:08.925+0000][5284][gc,stats    ]    Subphase: Pause Roots Management                        0.001 / 0.001         0.001 / 0.003         0.001 / 0.003         0.001 / 0.003       ms
[2020-07-12T01:11:08.925+0000][5284][gc,stats    ]    Subphase: Pause Roots ObjectSynchronizer                0.000 / 0.000         0.000 / 0.001         0.000 / 0.001         0.000 / 0.001       ms
[2020-07-12T01:11:08.925+0000][5284][gc,stats    ]    Subphase: Pause Roots Setup                             0.000 / 0.001         0.001 / 0.036         0.001 / 0.036         0.001 / 0.036       ms
[2020-07-12T01:11:08.925+0000][5284][gc,stats    ]    Subphase: Pause Roots SystemDictionary                  0.010 / 0.013         0.011 / 0.042         0.011 / 0.042         0.011 / 0.042       ms
[2020-07-12T01:11:08.925+0000][5284][gc,stats    ]    Subphase: Pause Roots Teardown                          0.003 / 0.008         0.001 / 0.013         0.001 / 0.013         0.001 / 0.013       ms
[2020-07-12T01:11:08.925+0000][5284][gc,stats    ]    Subphase: Pause Roots Threads                           0.030 / 0.049         0.045 / 0.913         0.045 / 0.913         0.045 / 0.913       ms
[2020-07-12T01:11:08.925+0000][5284][gc,stats    ]    Subphase: Pause Roots Universe                          0.002 / 0.003         0.002 / 0.011         0.002 / 0.011         0.002 / 0.011       ms
[2020-07-12T01:11:08.925+0000][5284][gc,stats    ]    Subphase: Pause Weak Roots                              0.010 / 0.050         0.010 / 0.087         0.010 / 0.087         0.010 / 0.087       ms
[2020-07-12T01:11:08.925+0000][5284][gc,stats    ]    Subphase: Pause Weak Roots JFRWeak                      0.048 / 0.048         0.045 / 0.084         0.045 / 0.084         0.045 / 0.084       ms
[2020-07-12T01:11:08.925+0000][5284][gc,stats    ]    Subphase: Pause Weak Roots JVMTIWeakExport              0.001 / 0.001         0.001 / 0.001         0.001 / 0.001         0.001 / 0.001       ms
[2020-07-12T01:11:08.925+0000][5284][gc,stats    ]    Subphase: Pause Weak Roots Setup                        0.000 / 0.000         0.000 / 0.001         0.000 / 0.001         0.000 / 0.001       ms
[2020-07-12T01:11:08.925+0000][5284][gc,stats    ]    Subphase: Pause Weak Roots Teardown                     0.000 / 0.000         0.000 / 0.000         0.000 / 0.000         0.000 / 0.000       ms
[2020-07-12T01:11:08.925+0000][5284][gc,stats    ]      System: Java Threads                                     37 / 37               35 / 38               35 / 38               35 / 38          threads
[2020-07-12T01:11:08.925+0000][5284][gc,stats    ] =========================================================================================================================================================
[2020-07-12T01:11:09.109+0000][5284][safepoint   ] Safepoint "Cleanup", Time since last: 1000501882 ns, Reaching safepoint: 689729 ns, At safepoint: 14310 ns, Total: 704039 ns
[2020-07-12T01:11:09.125+0000][5284][gc,heap     ] GC(70) Heap before GC invocations=70 (full 70): ZHeap           used 536M, capacity 4096M, max capacity 4096M
[2020-07-12T01:11:09.125+0000][5284][gc,heap     ] GC(70)  Metaspace       used 80230K, capacity 83029K, committed 83268K, reserved 83968K
[2020-07-12T01:11:09.125+0000][5284][gc,start    ] GC(70) Garbage Collection (Proactive)
[2020-07-12T01:11:09.125+0000][5284][gc,phases   ] GC(70) Pause Mark Start 0.168ms
[2020-07-12T01:11:09.125+0000][5284][safepoint   ] Safepoint "ZMarkStart", Time since last: 15878586 ns, Reaching safepoint: 98748 ns, At safepoint: 203020 ns, Total: 301768 ns
[2020-07-12T01:11:09.175+0000][5284][gc,phases   ] GC(70) Concurrent Mark 50.412ms
[2020-07-12T01:11:09.176+0000][5284][gc,phases   ] GC(70) Pause Mark End 0.348ms
[2020-07-12T01:11:09.176+0000][5284][safepoint   ] Safepoint "ZMarkEnd", Time since last: 50582739 ns, Reaching safepoint: 73710 ns, At safepoint: 371302 ns, Total: 445012 ns
[2020-07-12T01:11:09.205+0000][5284][gc,phases   ] GC(70) Concurrent Process Non-Strong References 28.938ms
[2020-07-12T01:11:09.205+0000][5284][gc,phases   ] GC(70) Concurrent Reset Relocation Set 0.003ms
[2020-07-12T01:11:09.206+0000][5284][gc,phases   ] GC(70) Concurrent Select Relocation Set 1.014ms
[2020-07-12T01:11:09.206+0000][5284][gc,phases   ] GC(70) Pause Relocate Start 0.101ms
[2020-07-12T01:11:09.206+0000][5284][safepoint   ] Safepoint "ZRelocateStart", Time since last: 30112055 ns, Reaching safepoint: 84614 ns, At safepoint: 118032 ns, Total: 202646 ns
[2020-07-12T01:11:09.208+0000][5284][gc,phases   ] GC(70) Concurrent Relocate 1.303ms
[2020-07-12T01:11:09.208+0000][5284][gc,heap     ] GC(70) Heap after GC invocations=71 (full 71): ZHeap           used 68M, capacity 4096M, max capacity 4096M
[2020-07-12T01:11:09.208+0000][5284][gc,heap     ] GC(70)  Metaspace       used 80230K, capacity 83029K, committed 83268K, reserved 83968K
[2020-07-12T01:11:09.208+0000][5284][gc,load     ] GC(70) Load: 2.07/1.37/0.77
[2020-07-12T01:11:09.208+0000][5284][gc,mmu      ] GC(70) MMU: 2ms/49.3%, 5ms/79.7%, 10ms/89.9%, 20ms/94.9%, 50ms/97.3%, 100ms/98.3%
[2020-07-12T01:11:09.208+0000][5284][gc,marking  ] GC(70) Mark: 1 stripe(s), 2 proactive flush(es), 1 terminate flush(es), 1 completion(s), 0 continuation(s) 
[2020-07-12T01:11:09.208+0000][5284][gc,reloc    ] GC(70) Relocation: Successful, 1M relocated
[2020-07-12T01:11:09.208+0000][5284][gc,nmethod  ] GC(70) NMethods: 5602 registered, 0 unregistered
[2020-07-12T01:11:09.208+0000][5284][gc,metaspace] GC(70) Metaspace: 78M used, 81M capacity, 81M committed, 82M reserved
[2020-07-12T01:11:09.208+0000][5284][gc,ref      ] GC(70) Soft: 3922 encountered, 0 discovered, 0 enqueued
[2020-07-12T01:11:09.208+0000][5284][gc,ref      ] GC(70) Weak: 6659 encountered, 4318 discovered, 0 enqueued
[2020-07-12T01:11:09.208+0000][5284][gc,ref      ] GC(70) Final: 3 encountered, 0 discovered, 0 enqueued
[2020-07-12T01:11:09.208+0000][5284][gc,ref      ] GC(70) Phantom: 435 encountered, 294 discovered, 0 enqueued
[2020-07-12T01:11:09.208+0000][5284][gc,heap     ] GC(70) Min Capacity: 4096M(100%)
[2020-07-12T01:11:09.208+0000][5284][gc,heap     ] GC(70) Max Capacity: 4096M(100%)
[2020-07-12T01:11:09.208+0000][5284][gc,heap     ] GC(70) Soft Max Capacity: 4096M(100%)
[2020-07-12T01:11:09.208+0000][5284][gc,heap     ] GC(70)                Mark Start          Mark End        Relocate Start      Relocate End           High               Low         
[2020-07-12T01:11:09.208+0000][5284][gc,heap     ] GC(70)  Capacity:     4096M (100%)       4096M (100%)       4096M (100%)       4096M (100%)       4096M (100%)       4096M (100%)   
[2020-07-12T01:11:09.208+0000][5284][gc,heap     ] GC(70)   Reserve:       42M (1%)           42M (1%)           42M (1%)           42M (1%)           42M (1%)           42M (1%)     
[2020-07-12T01:11:09.208+0000][5284][gc,heap     ] GC(70)      Free:     3518M (86%)        3516M (86%)        3954M (97%)        3986M (97%)        3986M (97%)        3516M (86%)    
[2020-07-12T01:11:09.208+0000][5284][gc,heap     ] GC(70)      Used:      536M (13%)         538M (13%)         100M (2%)           68M (2%)          538M (13%)          68M (2%)     
[2020-07-12T01:11:09.208+0000][5284][gc,heap     ] GC(70)      Live:         -                28M (1%)           28M (1%)           28M (1%)             -                  -          
[2020-07-12T01:11:09.208+0000][5284][gc,heap     ] GC(70) Allocated:         -                 2M (0%)            2M (0%)            8M (0%)             -                  -          
[2020-07-12T01:11:09.208+0000][5284][gc,heap     ] GC(70)   Garbage:         -               507M (12%)          69M (2%)           37M (1%)             -                  -          
[2020-07-12T01:11:09.208+0000][5284][gc,heap     ] GC(70) Reclaimed:         -                  -               438M (11%)         470M (11%)            -                  -          
[2020-07-12T01:11:09.208+0000][5284][gc          ] GC(70) Garbage Collection (Proactive) 536M(13%)->68M(2%)
[2020-07-12T01:11:10.207+0000][5284][safepoint   ] Safepoint "Cleanup", Time since last: 1000332241 ns, Reaching safepoint: 65586 ns, At safepoint: 2363 ns, Total: 67949 ns
[2020-07-12T01:11:11.207+0000][5284][safepoint   ] Safepoint "Cleanup", Time since last: 1000499368 ns, Reaching safepoint: 70928 ns, At safepoint: 2591 ns, Total: 73519 ns
[2020-07-12T01:11:12.208+0000][5284][safepoint   ] Safepoint "Cleanup", Time since last: 1000657135 ns, Reaching safepoint: 91603 ns, At safepoint: 2911 ns, Total: 94514 ns
[2020-07-12T01:11:13.208+0000][5284][safepoint   ] Safepoint "Cleanup", Time since last: 1000198842 ns, Reaching safepoint: 73487 ns, At safepoint: 2331 ns, Total: 75818 ns
[2020-07-12T01:11:13.424+0000][5284][gc,heap     ] GC(71) Heap before GC invocations=71 (full 71): ZHeap           used 532M, capacity 4096M, max capacity 4096M
[2020-07-12T01:11:13.424+0000][5284][gc,heap     ] GC(71)  Metaspace       used 80230K, capacity 83029K, committed 83268K, reserved 83968K
[2020-07-12T01:11:13.424+0000][5284][gc,start    ] GC(71) Garbage Collection (Proactive)
[2020-07-12T01:11:13.424+0000][5284][gc,phases   ] GC(71) Pause Mark Start 0.093ms
[2020-07-12T01:11:13.424+0000][5284][safepoint   ] Safepoint "ZMarkStart", Time since last: 215605216 ns, Reaching safepoint: 82168 ns, At safepoint: 108588 ns, Total: 190756 ns
[2020-07-12T01:11:13.479+0000][5284][gc,phases   ] GC(71) Concurrent Mark 55.133ms
[2020-07-12T01:11:13.480+0000][5284][gc,phases   ] GC(71) Pause Mark End 0.385ms
[2020-07-12T01:11:13.480+0000][5284][safepoint   ] Safepoint "ZMarkEnd", Time since last: 55182379 ns, Reaching safepoint: 69461 ns, At safepoint: 416910 ns, Total: 486371 ns
[2020-07-12T01:11:13.517+0000][5284][gc,phases   ] GC(71) Concurrent Process Non-Strong References 37.044ms
[2020-07-12T01:11:13.517+0000][5284][gc,phases   ] GC(71) Concurrent Reset Relocation Set 0.003ms
[2020-07-12T01:11:13.518+0000][5284][gc,phases   ] GC(71) Concurrent Select Relocation Set 0.995ms
[2020-07-12T01:11:13.519+0000][5284][gc,phases   ] GC(71) Pause Relocate Start 0.089ms
[2020-07-12T01:11:13.519+0000][5284][safepoint   ] Safepoint "ZRelocateStart", Time since last: 38109255 ns, Reaching safepoint: 974565 ns, At safepoint: 111381 ns, Total: 1085946 ns
[2020-07-12T01:11:13.520+0000][5284][gc,phases   ] GC(71) Concurrent Relocate 1.389ms
[2020-07-12T01:11:13.520+0000][5284][gc,heap     ] GC(71) Heap after GC invocations=72 (full 72): ZHeap           used 88M, capacity 4096M, max capacity 4096M
[2020-07-12T01:11:13.520+0000][5284][gc,heap     ] GC(71)  Metaspace       used 80230K, capacity 83029K, committed 83268K, reserved 83968K
[2020-07-12T01:11:13.520+0000][5284][gc,load     ] GC(71) Load: 2.07/1.37/0.77
[2020-07-12T01:11:13.520+0000][5284][gc,mmu      ] GC(71) MMU: 2ms/49.3%, 5ms/79.7%, 10ms/89.9%, 20ms/94.9%, 50ms/97.3%, 100ms/98.3%
[2020-07-12T01:11:13.520+0000][5284][gc,marking  ] GC(71) Mark: 1 stripe(s), 2 proactive flush(es), 1 terminate flush(es), 1 completion(s), 0 continuation(s) 
[2020-07-12T01:11:13.520+0000][5284][gc,reloc    ] GC(71) Relocation: Successful, 1M relocated
[2020-07-12T01:11:13.520+0000][5284][gc,nmethod  ] GC(71) NMethods: 5604 registered, 0 unregistered
[2020-07-12T01:11:13.520+0000][5284][gc,metaspace] GC(71) Metaspace: 78M used, 81M capacity, 81M committed, 82M reserved
[2020-07-12T01:11:13.520+0000][5284][gc,ref      ] GC(71) Soft: 3922 encountered, 0 discovered, 0 enqueued
[2020-07-12T01:11:13.520+0000][5284][gc,ref      ] GC(71) Weak: 6657 encountered, 4330 discovered, 0 enqueued
[2020-07-12T01:11:13.520+0000][5284][gc,ref      ] GC(71) Final: 3 encountered, 0 discovered, 0 enqueued
[2020-07-12T01:11:13.520+0000][5284][gc,ref      ] GC(71) Phantom: 435 encountered, 294 discovered, 0 enqueued
[2020-07-12T01:11:13.520+0000][5284][gc,heap     ] GC(71) Min Capacity: 4096M(100%)
[2020-07-12T01:11:13.520+0000][5284][gc,heap     ] GC(71) Max Capacity: 4096M(100%)
[2020-07-12T01:11:13.520+0000][5284][gc,heap     ] GC(71) Soft Max Capacity: 4096M(100%)
[2020-07-12T01:11:13.521+0000][5284][gc,heap     ] GC(71)                Mark Start          Mark End        Relocate Start      Relocate End           High               Low         
[2020-07-12T01:11:13.521+0000][5284][gc,heap     ] GC(71)  Capacity:     4096M (100%)       4096M (100%)       4096M (100%)       4096M (100%)       4096M (100%)       4096M (100%)   
[2020-07-12T01:11:13.521+0000][5284][gc,heap     ] GC(71)   Reserve:       42M (1%)           42M (1%)           42M (1%)           42M (1%)           42M (1%)           42M (1%)     
[2020-07-12T01:11:13.521+0000][5284][gc,heap     ] GC(71)      Free:     3522M (86%)        3520M (86%)        3930M (96%)        3966M (97%)        3966M (97%)        3500M (85%)    
[2020-07-12T01:11:13.521+0000][5284][gc,heap     ] GC(71)      Used:      532M (13%)         534M (13%)         124M (3%)           88M (2%)          554M (14%)          88M (2%)     
[2020-07-12T01:11:13.521+0000][5284][gc,heap     ] GC(71)      Live:         -                28M (1%)           28M (1%)           28M (1%)             -                  -          
[2020-07-12T01:11:13.521+0000][5284][gc,heap     ] GC(71) Allocated:         -                 2M (0%)           22M (1%)           28M (1%)             -                  -          
[2020-07-12T01:11:13.521+0000][5284][gc,heap     ] GC(71)   Garbage:         -               503M (12%)          73M (2%)           37M (1%)             -                  -          
[2020-07-12T01:11:13.521+0000][5284][gc,heap     ] GC(71) Reclaimed:         -                  -               430M (10%)         466M (11%)            -                  -          
[2020-07-12T01:11:13.521+0000][5284][gc          ] GC(71) Garbage Collection (Proactive) 532M(13%)->88M(2%)
[2020-07-12T01:11:14.519+0000][5284][safepoint   ] Safepoint "Cleanup", Time since last: 1000070221 ns, Reaching safepoint: 209449 ns, At safepoint: 9664 ns, Total: 219113 ns
[2020-07-12T01:11:15.520+0000][5284][safepoint   ] Safepoint "Cleanup", Time since last: 1000088733 ns, Reaching safepoint: 251155 ns, At safepoint: 6777 ns, Total: 257932 ns
[2020-07-12T01:11:16.520+0000][5284][safepoint   ] Safepoint "Cleanup", Time since last: 1000093409 ns, Reaching safepoint: 91932 ns, At safepoint: 3786 ns, Total: 95718 ns
[2020-07-12T01:11:18.724+0000][5284][gc,heap     ] GC(72) Heap before GC invocations=72 (full 72): ZHeap           used 734M, capacity 4096M, max capacity 4096M
[2020-07-12T01:11:18.724+0000][5284][gc,heap     ] GC(72)  Metaspace       used 80230K, capacity 83029K, committed 83268K, reserved 83968K
[2020-07-12T01:11:18.724+0000][5284][gc,start    ] GC(72) Garbage Collection (Proactive)
[2020-07-12T01:11:18.724+0000][5284][gc,phases   ] GC(72) Pause Mark Start 0.113ms
[2020-07-12T01:11:18.725+0000][5284][safepoint   ] Safepoint "ZMarkStart", Time since last: 2204462097 ns, Reaching safepoint: 78718 ns, At safepoint: 156861 ns, Total: 235579 ns
[2020-07-12T01:11:18.774+0000][5284][gc,phases   ] GC(72) Concurrent Mark 49.912ms
[2020-07-12T01:11:18.775+0000][5284][gc,phases   ] GC(72) Pause Mark End 0.338ms
[2020-07-12T01:11:18.775+0000][5284][safepoint   ] Safepoint "ZMarkEnd", Time since last: 49988195 ns, Reaching safepoint: 52978 ns, At safepoint: 362773 ns, Total: 415751 ns
[2020-07-12T01:11:18.804+0000][5284][gc,phases   ] GC(72) Concurrent Process Non-Strong References 29.565ms
[2020-07-12T01:11:18.805+0000][5284][gc,phases   ] GC(72) Concurrent Reset Relocation Set 0.003ms
[2020-07-12T01:11:18.806+0000][5284][gc,phases   ] GC(72) Concurrent Select Relocation Set 1.034ms
[2020-07-12T01:11:18.806+0000][5284][gc,phases   ] GC(72) Pause Relocate Start 0.092ms
[2020-07-12T01:11:18.806+0000][5284][safepoint   ] Safepoint "ZRelocateStart", Time since last: 30687601 ns, Reaching safepoint: 80416 ns, At safepoint: 107783 ns, Total: 188199 ns
[2020-07-12T01:11:18.807+0000][5284][gc,phases   ] GC(72) Concurrent Relocate 1.373ms
[2020-07-12T01:11:18.807+0000][5284][gc,heap     ] GC(72) Heap after GC invocations=73 (full 73): ZHeap           used 102M, capacity 4096M, max capacity 4096M
[2020-07-12T01:11:18.807+0000][5284][gc,heap     ] GC(72)  Metaspace       used 80230K, capacity 83029K, committed 83268K, reserved 83968K
[2020-07-12T01:11:18.807+0000][5284][gc,load     ] GC(72) Load: 2.05/1.39/0.79
[2020-07-12T01:11:18.807+0000][5284][gc,mmu      ] GC(72) MMU: 2ms/49.3%, 5ms/79.7%, 10ms/89.9%, 20ms/94.9%, 50ms/97.3%, 100ms/98.3%
[2020-07-12T01:11:18.807+0000][5284][gc,marking  ] GC(72) Mark: 1 stripe(s), 2 proactive flush(es), 1 terminate flush(es), 1 completion(s), 0 continuation(s) 
[2020-07-12T01:11:18.807+0000][5284][gc,reloc    ] GC(72) Relocation: Successful, 1M relocated
[2020-07-12T01:11:18.807+0000][5284][gc,nmethod  ] GC(72) NMethods: 5604 registered, 0 unregistered
[2020-07-12T01:11:18.807+0000][5284][gc,metaspace] GC(72) Metaspace: 78M used, 81M capacity, 81M committed, 82M reserved
[2020-07-12T01:11:18.807+0000][5284][gc,ref      ] GC(72) Soft: 3922 encountered, 0 discovered, 0 enqueued
[2020-07-12T01:11:18.807+0000][5284][gc,ref      ] GC(72) Weak: 6657 encountered, 4332 discovered, 0 enqueued
[2020-07-12T01:11:18.807+0000][5284][gc,ref      ] GC(72) Final: 3 encountered, 0 discovered, 0 enqueued
[2020-07-12T01:11:18.807+0000][5284][gc,ref      ] GC(72) Phantom: 435 encountered, 294 discovered, 0 enqueued
[2020-07-12T01:11:18.807+0000][5284][gc,heap     ] GC(72) Min Capacity: 4096M(100%)
[2020-07-12T01:11:18.807+0000][5284][gc,heap     ] GC(72) Max Capacity: 4096M(100%)
[2020-07-12T01:11:18.807+0000][5284][gc,heap     ] GC(72) Soft Max Capacity: 4096M(100%)
[2020-07-12T01:11:18.807+0000][5284][gc,heap     ] GC(72)                Mark Start          Mark End        Relocate Start      Relocate End           High               Low         
[2020-07-12T01:11:18.807+0000][5284][gc,heap     ] GC(72)  Capacity:     4096M (100%)       4096M (100%)       4096M (100%)       4096M (100%)       4096M (100%)       4096M (100%)   
[2020-07-12T01:11:18.807+0000][5284][gc,heap     ] GC(72)   Reserve:       42M (1%)           42M (1%)           42M (1%)           42M (1%)           42M (1%)           42M (1%)     
[2020-07-12T01:11:18.807+0000][5284][gc,heap     ] GC(72)      Free:     3320M (81%)        3294M (80%)        3898M (95%)        3952M (96%)        3952M (96%)        3284M (80%)    
[2020-07-12T01:11:18.807+0000][5284][gc,heap     ] GC(72)      Used:      734M (18%)         760M (19%)         156M (4%)          102M (2%)          770M (19%)         102M (2%)     
[2020-07-12T01:11:18.807+0000][5284][gc,heap     ] GC(72)      Live:         -                28M (1%)           28M (1%)           28M (1%)             -                  -          
[2020-07-12T01:11:18.807+0000][5284][gc,heap     ] GC(72) Allocated:         -                26M (1%)           36M (1%)           42M (1%)             -                  -          
[2020-07-12T01:11:18.807+0000][5284][gc,heap     ] GC(72)   Garbage:         -               705M (17%)          91M (2%)           37M (1%)             -                  -          
[2020-07-12T01:11:18.807+0000][5284][gc,heap     ] GC(72) Reclaimed:         -                  -               614M (15%)         668M (16%)            -                  -          
[2020-07-12T01:11:18.807+0000][5284][gc          ] GC(72) Garbage Collection (Proactive) 734M(18%)->102M(2%)
[2020-07-12T01:11:18.925+0000][5284][gc,stats    ] === Garbage Collection Statistics =======================================================================================================================
[2020-07-12T01:11:18.925+0000][5284][gc,stats    ]                                                              Last 10s              Last 10m              Last 10h                Total
[2020-07-12T01:11:18.925+0000][5284][gc,stats    ]                                                              Avg / Max             Avg / Max             Avg / Max             Avg / Max
[2020-07-12T01:11:18.925+0000][5284][gc,stats    ]   Collector: Garbage Collection Cycle                     87.587 / 96.555       76.663 / 117.511      76.663 / 117.511      76.663 / 117.511     ms
[2020-07-12T01:11:18.925+0000][5284][gc,stats    ]  Contention: Mark Segment Reset Contention                     0 / 0                 0 / 0                 0 / 0                 0 / 0           ops/s
[2020-07-12T01:11:18.925+0000][5284][gc,stats    ]  Contention: Mark SeqNum Reset Contention                      0 / 0                 0 / 0                 0 / 0                 0 / 0           ops/s
[2020-07-12T01:11:18.925+0000][5284][gc,stats    ]  Contention: Relocation Contention                             0 / 0                 0 / 11                0 / 11                0 / 11          ops/s
[2020-07-12T01:11:18.925+0000][5284][gc,stats    ]    Critical: Allocation Stall                              0.000 / 0.000         0.000 / 0.000         0.000 / 0.000         0.000 / 0.000       ms
[2020-07-12T01:11:18.925+0000][5284][gc,stats    ]    Critical: Allocation Stall                                  0 / 0                 0 / 0                 0 / 0                 0 / 0           ops/s
[2020-07-12T01:11:18.925+0000][5284][gc,stats    ]    Critical: GC Locker Stall                               0.000 / 0.000         0.093 / 0.093         0.093 / 0.093         0.093 / 0.093       ms
[2020-07-12T01:11:18.925+0000][5284][gc,stats    ]    Critical: GC Locker Stall                                   0 / 0                 0 / 1                 0 / 1                 0 / 1           ops/s
[2020-07-12T01:11:18.925+0000][5284][gc,stats    ]      Memory: Allocation Rate                                 117 / 154             110 / 238             110 / 238             110 / 238         MB/s
[2020-07-12T01:11:18.925+0000][5284][gc,stats    ]      Memory: Heap Used After Mark                            610 / 760             572 / 1286            572 / 1286            572 / 1286        MB
[2020-07-12T01:11:18.925+0000][5284][gc,stats    ]      Memory: Heap Used After Relocation                       86 / 102              82 / 116              82 / 116              82 / 116         MB
[2020-07-12T01:11:18.925+0000][5284][gc,stats    ]      Memory: Heap Used Before Mark                           600 / 734             558 / 1270            558 / 1270            558 / 1270        MB
[2020-07-12T01:11:18.925+0000][5284][gc,stats    ]      Memory: Heap Used Before Relocation                     126 / 156             132 / 338             132 / 338             132 / 338         MB
[2020-07-12T01:11:18.925+0000][5284][gc,stats    ]      Memory: Out Of Memory                                     0 / 0                 0 / 0                 0 / 0                 0 / 0           ops/s
[2020-07-12T01:11:18.925+0000][5284][gc,stats    ]      Memory: Page Cache Flush                                  0 / 0                 0 / 0                 0 / 0                 0 / 0           MB/s
[2020-07-12T01:11:18.925+0000][5284][gc,stats    ]      Memory: Page Cache Hit L1                                59 / 77               54 / 121              54 / 121              54 / 121         ops/s
[2020-07-12T01:11:18.925+0000][5284][gc,stats    ]      Memory: Page Cache Hit L2                                 0 / 0                 0 / 0                 0 / 0                 0 / 0           ops/s
[2020-07-12T01:11:18.925+0000][5284][gc,stats    ]      Memory: Page Cache Hit L3                                 0 / 0                 1 / 96                1 / 96                1 / 96          ops/s
[2020-07-12T01:11:18.925+0000][5284][gc,stats    ]      Memory: Page Cache Miss                                   0 / 0                 0 / 0                 0 / 0                 0 / 0           ops/s
[2020-07-12T01:11:18.925+0000][5284][gc,stats    ]      Memory: Uncommit                                          0 / 0                 0 / 0                 0 / 0                 0 / 0           MB/s
[2020-07-12T01:11:18.925+0000][5284][gc,stats    ]      Memory: Undo Object Allocation Failed                     0 / 0                 0 / 0                 0 / 0                 0 / 0           ops/s
[2020-07-12T01:11:18.925+0000][5284][gc,stats    ]      Memory: Undo Object Allocation Succeeded                  0 / 0                 0 / 11                0 / 11                0 / 11          ops/s
[2020-07-12T01:11:18.925+0000][5284][gc,stats    ]      Memory: Undo Page Allocation                              0 / 0                 0 / 0                 0 / 0                 0 / 0           ops/s
[2020-07-12T01:11:18.925+0000][5284][gc,stats    ]       Phase: Concurrent Mark                              51.819 / 55.133       47.497 / 77.269       47.497 / 77.269       47.497 / 77.269      ms
[2020-07-12T01:11:18.925+0000][5284][gc,stats    ]       Phase: Concurrent Mark Continue                      0.000 / 0.000         0.000 / 0.000         0.000 / 0.000         0.000 / 0.000       ms
[2020-07-12T01:11:18.925+0000][5284][gc,stats    ]       Phase: Concurrent Process Non-Strong References     31.849 / 37.044       24.426 / 37.730       24.426 / 37.730       24.426 / 37.730      ms
[2020-07-12T01:11:18.925+0000][5284][gc,stats    ]       Phase: Concurrent Relocate                           1.355 / 1.389         1.795 / 18.136        1.795 / 18.136        1.795 / 18.136      ms
[2020-07-12T01:11:18.925+0000][5284][gc,stats    ]       Phase: Concurrent Reset Relocation Set               0.003 / 0.003         0.004 / 0.015         0.004 / 0.015         0.004 / 0.015       ms
[2020-07-12T01:11:18.925+0000][5284][gc,stats    ]       Phase: Concurrent Select Relocation Set              1.014 / 1.034         1.084 / 5.622         1.084 / 5.622         1.084 / 5.622       ms
[2020-07-12T01:11:18.925+0000][5284][gc,stats    ]       Phase: Pause Mark End                                0.357 / 0.385         0.333 / 0.457         0.333 / 0.457         0.333 / 0.457       ms
[2020-07-12T01:11:18.925+0000][5284][gc,stats    ]       Phase: Pause Mark Start                              0.124 / 0.168         0.176 / 0.724         0.176 / 0.724         0.176 / 0.724       ms
[2020-07-12T01:11:18.925+0000][5284][gc,stats    ]       Phase: Pause Relocate Start                          0.094 / 0.101         0.137 / 1.014         0.137 / 1.014         0.137 / 1.014       ms
[2020-07-12T01:11:18.925+0000][5284][gc,stats    ]    Subphase: Concurrent Classes Purge                      0.727 / 0.791         0.772 / 8.877         0.772 / 8.877         0.772 / 8.877       ms
[2020-07-12T01:11:18.925+0000][5284][gc,stats    ]    Subphase: Concurrent Classes Unlink                    29.478 / 34.491       21.931 / 34.491       21.931 / 34.491       21.931 / 34.491      ms
[2020-07-12T01:11:18.925+0000][5284][gc,stats    ]    Subphase: Concurrent Mark                              51.071 / 54.391       46.772 / 76.517       46.772 / 76.517       46.772 / 76.517      ms
[2020-07-12T01:11:18.925+0000][5284][gc,stats    ]    Subphase: Concurrent Mark Idle                          0.000 / 0.000         0.000 / 0.000         0.000 / 0.000         0.000 / 0.000       ms
[2020-07-12T01:11:18.925+0000][5284][gc,stats    ]    Subphase: Concurrent Mark Try Flush                     0.103 / 0.145         0.112 / 1.569         0.112 / 1.569         0.112 / 1.569       ms
[2020-07-12T01:11:18.925+0000][5284][gc,stats    ]    Subphase: Concurrent Mark Try Terminate                 0.048 / 0.114         0.050 / 0.756         0.050 / 0.756         0.050 / 0.756       ms
[2020-07-12T01:11:18.925+0000][5284][gc,stats    ]    Subphase: Concurrent References Enqueue                 0.000 / 0.001         0.001 / 0.004         0.001 / 0.004         0.001 / 0.004       ms
[2020-07-12T01:11:18.925+0000][5284][gc,stats    ]    Subphase: Concurrent References Process                 0.539 / 0.592         0.518 / 1.144         0.518 / 1.144         0.518 / 1.144       ms
[2020-07-12T01:11:18.925+0000][5284][gc,stats    ]    Subphase: Concurrent Roots                              0.325 / 0.438         0.315 / 1.449         0.315 / 1.449         0.315 / 1.449       ms
[2020-07-12T01:11:18.925+0000][5284][gc,stats    ]    Subphase: Concurrent Roots ClassLoaderDataGraph         0.318 / 0.428         0.308 / 1.421         0.308 / 1.421         0.308 / 1.421       ms
[2020-07-12T01:11:18.925+0000][5284][gc,stats    ]    Subphase: Concurrent Roots JNIHandles                   0.004 / 0.005         0.004 / 0.012         0.004 / 0.012         0.004 / 0.012       ms
[2020-07-12T01:11:18.925+0000][5284][gc,stats    ]    Subphase: Concurrent Roots Setup                        0.195 / 0.223         0.187 / 0.465         0.187 / 0.465         0.187 / 0.465       ms
[2020-07-12T01:11:18.925+0000][5284][gc,stats    ]    Subphase: Concurrent Roots Teardown                     0.000 / 0.000         0.000 / 0.002         0.000 / 0.002         0.000 / 0.002       ms
[2020-07-12T01:11:18.925+0000][5284][gc,stats    ]    Subphase: Concurrent Roots VMHandles                    0.000 / 0.000         0.000 / 0.000         0.000 / 0.000         0.000 / 0.000       ms
[2020-07-12T01:11:18.925+0000][5284][gc,stats    ]    Subphase: Concurrent Weak Roots                         0.924 / 1.098         0.897 / 1.534         0.897 / 1.534         0.897 / 1.534       ms
[2020-07-12T01:11:18.925+0000][5284][gc,stats    ]    Subphase: Concurrent Weak Roots JNIWeakHandles          0.000 / 0.001         0.001 / 0.004         0.001 / 0.004         0.001 / 0.004       ms
[2020-07-12T01:11:18.925+0000][5284][gc,stats    ]    Subphase: Concurrent Weak Roots ResolvedMethodTable     0.086 / 0.089         0.093 / 0.181         0.093 / 0.181         0.093 / 0.181       ms
[2020-07-12T01:11:18.925+0000][5284][gc,stats    ]    Subphase: Concurrent Weak Roots StringTable             0.783 / 0.953         0.744 / 1.341         0.744 / 1.341         0.744 / 1.341       ms
[2020-07-12T01:11:18.925+0000][5284][gc,stats    ]    Subphase: Concurrent Weak Roots VMWeakHandles           0.051 / 0.056         0.056 / 0.088         0.056 / 0.088         0.056 / 0.088       ms
[2020-07-12T01:11:18.925+0000][5284][gc,stats    ]    Subphase: Pause Mark Try Complete                       0.174 / 0.185         0.150 / 0.203         0.150 / 0.203         0.150 / 0.203       ms
[2020-07-12T01:11:18.925+0000][5284][gc,stats    ]    Subphase: Pause Roots                                   0.036 / 0.078         0.040 / 0.936         0.040 / 0.936         0.040 / 0.936       ms
[2020-07-12T01:11:18.925+0000][5284][gc,stats    ]    Subphase: Pause Roots CodeCache                         0.000 / 0.000         0.000 / 0.000         0.000 / 0.000         0.000 / 0.000       ms
[2020-07-12T01:11:18.925+0000][5284][gc,stats    ]    Subphase: Pause Roots JVMTIExport                       0.002 / 0.004         0.002 / 0.007         0.002 / 0.007         0.002 / 0.007       ms
[2020-07-12T01:11:18.925+0000][5284][gc,stats    ]    Subphase: Pause Roots JVMTIWeakExport                   0.001 / 0.001         0.001 / 0.001         0.001 / 0.001         0.001 / 0.001       ms
[2020-07-12T01:11:18.925+0000][5284][gc,stats    ]    Subphase: Pause Roots Management                        0.001 / 0.001         0.001 / 0.003         0.001 / 0.003         0.001 / 0.003       ms
[2020-07-12T01:11:18.925+0000][5284][gc,stats    ]    Subphase: Pause Roots ObjectSynchronizer                0.000 / 0.000         0.000 / 0.001         0.000 / 0.001         0.000 / 0.001       ms
[2020-07-12T01:11:18.925+0000][5284][gc,stats    ]    Subphase: Pause Roots Setup                             0.000 / 0.001         0.001 / 0.036         0.001 / 0.036         0.001 / 0.036       ms
[2020-07-12T01:11:18.926+0000][5284][gc,stats    ]    Subphase: Pause Roots SystemDictionary                  0.012 / 0.016         0.011 / 0.042         0.011 / 0.042         0.011 / 0.042       ms
[2020-07-12T01:11:18.926+0000][5284][gc,stats    ]    Subphase: Pause Roots Teardown                          0.001 / 0.002         0.001 / 0.013         0.001 / 0.013         0.001 / 0.013       ms
[2020-07-12T01:11:18.926+0000][5284][gc,stats    ]    Subphase: Pause Roots Threads                           0.039 / 0.064         0.044 / 0.913         0.044 / 0.913         0.044 / 0.913       ms
[2020-07-12T01:11:18.926+0000][5284][gc,stats    ]    Subphase: Pause Roots Universe                          0.002 / 0.004         0.002 / 0.011         0.002 / 0.011         0.002 / 0.011       ms
[2020-07-12T01:11:18.926+0000][5284][gc,stats    ]    Subphase: Pause Weak Roots                              0.010 / 0.057         0.010 / 0.087         0.010 / 0.087         0.010 / 0.087       ms
[2020-07-12T01:11:18.926+0000][5284][gc,stats    ]    Subphase: Pause Weak Roots JFRWeak                      0.048 / 0.055         0.045 / 0.084         0.045 / 0.084         0.045 / 0.084       ms
[2020-07-12T01:11:18.926+0000][5284][gc,stats    ]    Subphase: Pause Weak Roots JVMTIWeakExport              0.001 / 0.001         0.001 / 0.001         0.001 / 0.001         0.001 / 0.001       ms
[2020-07-12T01:11:18.926+0000][5284][gc,stats    ]    Subphase: Pause Weak Roots Setup                        0.000 / 0.000         0.000 / 0.001         0.000 / 0.001         0.000 / 0.001       ms
[2020-07-12T01:11:18.926+0000][5284][gc,stats    ]    Subphase: Pause Weak Roots Teardown                     0.000 / 0.000         0.000 / 0.000         0.000 / 0.000         0.000 / 0.000       ms
[2020-07-12T01:11:18.926+0000][5284][gc,stats    ]      System: Java Threads                                     37 / 37               35 / 38               35 / 38               35 / 38          threads
[2020-07-12T01:11:18.926+0000][5284][gc,stats    ] =========================================================================================================================================================
[2020-07-12T01:11:23.523+0000][5284][gc,heap     ] GC(73) Heap before GC invocations=73 (full 73): ZHeap           used 568M, capacity 4096M, max capacity 4096M
[2020-07-12T01:11:23.523+0000][5284][gc,heap     ] GC(73)  Metaspace       used 80231K, capacity 83029K, committed 83268K, reserved 83968K
[2020-07-12T01:11:23.523+0000][5284][gc,start    ] GC(73) Garbage Collection (Proactive)
[2020-07-12T01:11:23.524+0000][5284][gc,phases   ] GC(73) Pause Mark Start 0.123ms
[2020-07-12T01:11:23.524+0000][5284][safepoint   ] Safepoint "ZMarkStart", Time since last: 4717712173 ns, Reaching safepoint: 204303 ns, At safepoint: 152249 ns, Total: 356552 ns
[2020-07-12T01:11:23.581+0000][5284][gc,phases   ] GC(73) Concurrent Mark 56.686ms
[2020-07-12T01:11:23.581+0000][5284][gc,phases   ] GC(73) Pause Mark End 0.387ms
[2020-07-12T01:11:23.581+0000][5284][safepoint   ] Safepoint "ZMarkEnd", Time since last: 56771829 ns, Reaching safepoint: 80577 ns, At safepoint: 412299 ns, Total: 492876 ns
[2020-07-12T01:11:23.611+0000][5284][gc,phases   ] GC(73) Concurrent Process Non-Strong References 29.501ms
[2020-07-12T01:11:23.611+0000][5284][gc,phases   ] GC(73) Concurrent Reset Relocation Set 0.005ms
[2020-07-12T01:11:23.612+0000][5284][gc,phases   ] GC(73) Concurrent Select Relocation Set 0.973ms
[2020-07-12T01:11:23.612+0000][5284][gc,phases   ] GC(73) Pause Relocate Start 0.092ms
[2020-07-12T01:11:23.612+0000][5284][safepoint   ] Safepoint "ZRelocateStart", Time since last: 30581988 ns, Reaching safepoint: 310868 ns, At safepoint: 112768 ns, Total: 423636 ns
[2020-07-12T01:11:23.614+0000][5284][gc,phases   ] GC(73) Concurrent Relocate 1.378ms
[2020-07-12T01:11:23.614+0000][5284][gc,heap     ] GC(73) Heap after GC invocations=74 (full 74): ZHeap           used 108M, capacity 4096M, max capacity 4096M
[2020-07-12T01:11:23.614+0000][5284][gc,heap     ] GC(73)  Metaspace       used 80231K, capacity 83029K, committed 83268K, reserved 83968K
[2020-07-12T01:11:23.614+0000][5284][gc,load     ] GC(73) Load: 2.05/1.39/0.79
[2020-07-12T01:11:23.614+0000][5284][gc,mmu      ] GC(73) MMU: 2ms/49.3%, 5ms/79.7%, 10ms/89.9%, 20ms/94.9%, 50ms/97.3%, 100ms/98.3%
[2020-07-12T01:11:23.614+0000][5284][gc,marking  ] GC(73) Mark: 1 stripe(s), 2 proactive flush(es), 1 terminate flush(es), 1 completion(s), 0 continuation(s) 
[2020-07-12T01:11:23.614+0000][5284][gc,reloc    ] GC(73) Relocation: Successful, 1M relocated
[2020-07-12T01:11:23.614+0000][5284][gc,nmethod  ] GC(73) NMethods: 5605 registered, 0 unregistered
[2020-07-12T01:11:23.614+0000][5284][gc,metaspace] GC(73) Metaspace: 78M used, 81M capacity, 81M committed, 82M reserved
[2020-07-12T01:11:23.614+0000][5284][gc,ref      ] GC(73) Soft: 3922 encountered, 0 discovered, 0 enqueued
[2020-07-12T01:11:23.614+0000][5284][gc,ref      ] GC(73) Weak: 6655 encountered, 4325 discovered, 0 enqueued
[2020-07-12T01:11:23.614+0000][5284][gc,ref      ] GC(73) Final: 3 encountered, 0 discovered, 0 enqueued
[2020-07-12T01:11:23.614+0000][5284][gc,ref      ] GC(73) Phantom: 435 encountered, 294 discovered, 0 enqueued
[2020-07-12T01:11:23.614+0000][5284][gc,heap     ] GC(73) Min Capacity: 4096M(100%)
[2020-07-12T01:11:23.614+0000][5284][gc,heap     ] GC(73) Max Capacity: 4096M(100%)
[2020-07-12T01:11:23.614+0000][5284][gc,heap     ] GC(73) Soft Max Capacity: 4096M(100%)
[2020-07-12T01:11:23.614+0000][5284][gc,heap     ] GC(73)                Mark Start          Mark End        Relocate Start      Relocate End           High               Low         
[2020-07-12T01:11:23.614+0000][5284][gc,heap     ] GC(73)  Capacity:     4096M (100%)       4096M (100%)       4096M (100%)       4096M (100%)       4096M (100%)       4096M (100%)   
[2020-07-12T01:11:23.614+0000][5284][gc,heap     ] GC(73)   Reserve:       42M (1%)           42M (1%)           42M (1%)           42M (1%)           42M (1%)           42M (1%)     
[2020-07-12T01:11:23.614+0000][5284][gc,heap     ] GC(73)      Free:     3484M (85%)        3456M (84%)        3906M (95%)        3946M (96%)        3946M (96%)        3442M (84%)    
[2020-07-12T01:11:23.614+0000][5284][gc,heap     ] GC(73)      Used:      570M (14%)         598M (15%)         148M (4%)          108M (3%)          612M (15%)         108M (3%)     
[2020-07-12T01:11:23.614+0000][5284][gc,heap     ] GC(73)      Live:         -                28M (1%)           28M (1%)           28M (1%)             -                  -          
[2020-07-12T01:11:23.614+0000][5284][gc,heap     ] GC(73) Allocated:         -                28M (1%)           42M (1%)           48M (1%)             -                  -          
[2020-07-12T01:11:23.614+0000][5284][gc,heap     ] GC(73)   Garbage:         -               541M (13%)          77M (2%)           37M (1%)             -                  -          
[2020-07-12T01:11:23.614+0000][5284][gc,heap     ] GC(73) Reclaimed:         -                  -               464M (11%)         504M (12%)            -                  -          
[2020-07-12T01:11:23.614+0000][5284][gc          ] GC(73) Garbage Collection (Proactive) 570M(14%)->108M(3%)
[2020-07-12T01:11:28.324+0000][5284][gc,heap     ] GC(74) Heap before GC invocations=74 (full 74): ZHeap           used 634M, capacity 4096M, max capacity 4096M
[2020-07-12T01:11:28.324+0000][5284][gc,heap     ] GC(74)  Metaspace       used 80231K, capacity 83029K, committed 83268K, reserved 83968K
[2020-07-12T01:11:28.324+0000][5284][gc,start    ] GC(74) Garbage Collection (Proactive)
[2020-07-12T01:11:28.324+0000][5284][gc,phases   ] GC(74) Pause Mark Start 0.135ms
[2020-07-12T01:11:28.324+0000][5284][safepoint   ] Safepoint "ZMarkStart", Time since last: 4712093786 ns, Reaching safepoint: 84652 ns, At safepoint: 157138 ns, Total: 241790 ns
[2020-07-12T01:11:28.378+0000][5284][gc,phases   ] GC(74) Concurrent Mark 53.397ms
[2020-07-12T01:11:28.378+0000][5284][gc,phases   ] GC(74) Pause Mark End 0.359ms
[2020-07-12T01:11:28.378+0000][5284][safepoint   ] Safepoint "ZMarkEnd", Time since last: 53531953 ns, Reaching safepoint: 73256 ns, At safepoint: 379417 ns, Total: 452673 ns
[2020-07-12T01:11:28.408+0000][5284][gc,phases   ] GC(74) Concurrent Process Non-Strong References 29.403ms
[2020-07-12T01:11:28.408+0000][5284][gc,phases   ] GC(74) Concurrent Reset Relocation Set 0.006ms
[2020-07-12T01:11:28.409+0000][5284][gc,phases   ] GC(74) Concurrent Select Relocation Set 1.034ms
[2020-07-12T01:11:28.409+0000][5284][gc,phases   ] GC(74) Pause Relocate Start 0.168ms
[2020-07-12T01:11:28.409+0000][5284][safepoint   ] Safepoint "ZRelocateStart", Time since last: 30583421 ns, Reaching safepoint: 97159 ns, At safepoint: 219853 ns, Total: 317012 ns
[2020-07-12T01:11:28.411+0000][5284][gc,phases   ] GC(74) Concurrent Relocate 1.326ms
[2020-07-12T01:11:28.411+0000][5284][gc,heap     ] GC(74) Heap after GC invocations=75 (full 75): ZHeap           used 68M, capacity 4096M, max capacity 4096M
[2020-07-12T01:11:28.411+0000][5284][gc,heap     ] GC(74)  Metaspace       used 80231K, capacity 83029K, committed 83268K, reserved 83968K
[2020-07-12T01:11:28.411+0000][5284][gc,load     ] GC(74) Load: 2.12/1.41/0.80
[2020-07-12T01:11:28.411+0000][5284][gc,mmu      ] GC(74) MMU: 2ms/49.3%, 5ms/79.7%, 10ms/89.9%, 20ms/94.9%, 50ms/97.3%, 100ms/98.3%
[2020-07-12T01:11:28.411+0000][5284][gc,marking  ] GC(74) Mark: 1 stripe(s), 2 proactive flush(es), 1 terminate flush(es), 1 completion(s), 0 continuation(s) 
[2020-07-12T01:11:28.411+0000][5284][gc,reloc    ] GC(74) Relocation: Successful, 1M relocated
[2020-07-12T01:11:28.411+0000][5284][gc,nmethod  ] GC(74) NMethods: 5607 registered, 0 unregistered
[2020-07-12T01:11:28.411+0000][5284][gc,metaspace] GC(74) Metaspace: 78M used, 81M capacity, 81M committed, 82M reserved
[2020-07-12T01:11:28.411+0000][5284][gc,ref      ] GC(74) Soft: 3922 encountered, 0 discovered, 0 enqueued
[2020-07-12T01:11:28.411+0000][5284][gc,ref      ] GC(74) Weak: 6658 encountered, 4333 discovered, 0 enqueued
[2020-07-12T01:11:28.411+0000][5284][gc,ref      ] GC(74) Final: 3 encountered, 0 discovered, 0 enqueued
[2020-07-12T01:11:28.411+0000][5284][gc,ref      ] GC(74) Phantom: 435 encountered, 294 discovered, 0 enqueued
[2020-07-12T01:11:28.411+0000][5284][gc,heap     ] GC(74) Min Capacity: 4096M(100%)
[2020-07-12T01:11:28.411+0000][5284][gc,heap     ] GC(74) Max Capacity: 4096M(100%)
[2020-07-12T01:11:28.411+0000][5284][gc,heap     ] GC(74) Soft Max Capacity: 4096M(100%)
[2020-07-12T01:11:28.411+0000][5284][gc,heap     ] GC(74)                Mark Start          Mark End        Relocate Start      Relocate End           High               Low         
[2020-07-12T01:11:28.411+0000][5284][gc,heap     ] GC(74)  Capacity:     4096M (100%)       4096M (100%)       4096M (100%)       4096M (100%)       4096M (100%)       4096M (100%)   
[2020-07-12T01:11:28.411+0000][5284][gc,heap     ] GC(74)   Reserve:       42M (1%)           42M (1%)           42M (1%)           42M (1%)           42M (1%)           42M (1%)     
[2020-07-12T01:11:28.411+0000][5284][gc,heap     ] GC(74)      Free:     3420M (83%)        3418M (83%)        3938M (96%)        3986M (97%)        3986M (97%)        3418M (83%)    
[2020-07-12T01:11:28.411+0000][5284][gc,heap     ] GC(74)      Used:      634M (15%)         636M (16%)         116M (3%)           68M (2%)          636M (16%)          68M (2%)     
[2020-07-12T01:11:28.411+0000][5284][gc,heap     ] GC(74)      Live:         -                28M (1%)           28M (1%)           28M (1%)             -                  -          
[2020-07-12T01:11:28.411+0000][5284][gc,heap     ] GC(74) Allocated:         -                 2M (0%)            2M (0%)            8M (0%)             -                  -          
[2020-07-12T01:11:28.411+0000][5284][gc,heap     ] GC(74)   Garbage:         -               605M (15%)          85M (2%)           37M (1%)             -                  -          
[2020-07-12T01:11:28.411+0000][5284][gc,heap     ] GC(74) Reclaimed:         -                  -               520M (13%)         568M (14%)            -                  -          
[2020-07-12T01:11:28.411+0000][5284][gc          ] GC(74) Garbage Collection (Proactive) 634M(15%)->68M(2%)
[2020-07-12T01:11:28.923+0000][5284][gc,stats    ] === Garbage Collection Statistics =======================================================================================================================
[2020-07-12T01:11:28.923+0000][5284][gc,stats    ]                                                              Last 10s              Last 10m              Last 10h                Total
[2020-07-12T01:11:28.924+0000][5284][gc,stats    ]                                                              Avg / Max             Avg / Max             Avg / Max             Avg / Max
[2020-07-12T01:11:28.924+0000][5284][gc,stats    ]   Collector: Garbage Collection Cycle                     88.407 / 90.155       76.976 / 117.511      76.976 / 117.511      76.976 / 117.511     ms
[2020-07-12T01:11:28.924+0000][5284][gc,stats    ]  Contention: Mark Segment Reset Contention                     0 / 0                 0 / 0                 0 / 0                 0 / 0           ops/s
[2020-07-12T01:11:28.924+0000][5284][gc,stats    ]  Contention: Mark SeqNum Reset Contention                      0 / 0                 0 / 0                 0 / 0                 0 / 0           ops/s
[2020-07-12T01:11:28.924+0000][5284][gc,stats    ]  Contention: Relocation Contention                             1 / 12                0 / 12                0 / 12                0 / 12          ops/s
[2020-07-12T01:11:28.924+0000][5284][gc,stats    ]    Critical: Allocation Stall                              0.000 / 0.000         0.000 / 0.000         0.000 / 0.000         0.000 / 0.000       ms
[2020-07-12T01:11:28.924+0000][5284][gc,stats    ]    Critical: Allocation Stall                                  0 / 0                 0 / 0                 0 / 0                 0 / 0           ops/s
[2020-07-12T01:11:28.924+0000][5284][gc,stats    ]    Critical: GC Locker Stall                               0.000 / 0.000         0.093 / 0.093         0.093 / 0.093         0.093 / 0.093       ms
[2020-07-12T01:11:28.924+0000][5284][gc,stats    ]    Critical: GC Locker Stall                                   0 / 0                 0 / 1                 0 / 1                 0 / 1           ops/s
[2020-07-12T01:11:28.924+0000][5284][gc,stats    ]      Memory: Allocation Rate                                 116 / 160             111 / 238             111 / 238             111 / 238         MB/s
[2020-07-12T01:11:28.924+0000][5284][gc,stats    ]      Memory: Heap Used After Mark                            617 / 636             573 / 1286            573 / 1286            573 / 1286        MB
[2020-07-12T01:11:28.924+0000][5284][gc,stats    ]      Memory: Heap Used After Relocation                       88 / 108              82 / 116              82 / 116              82 / 116         MB
[2020-07-12T01:11:28.924+0000][5284][gc,stats    ]      Memory: Heap Used Before Mark                           602 / 634             559 / 1270            559 / 1270            559 / 1270        MB
[2020-07-12T01:11:28.924+0000][5284][gc,stats    ]      Memory: Heap Used Before Relocation                     132 / 148             132 / 338             132 / 338             132 / 338         MB
[2020-07-12T01:11:28.924+0000][5284][gc,stats    ]      Memory: Out Of Memory                                     0 / 0                 0 / 0                 0 / 0                 0 / 0           ops/s
[2020-07-12T01:11:28.924+0000][5284][gc,stats    ]      Memory: Page Cache Flush                                  0 / 0                 0 / 0                 0 / 0                 0 / 0           MB/s
[2020-07-12T01:11:28.924+0000][5284][gc,stats    ]      Memory: Page Cache Hit L1                                58 / 80               54 / 121              54 / 121              54 / 121         ops/s
[2020-07-12T01:11:28.924+0000][5284][gc,stats    ]      Memory: Page Cache Hit L2                                 0 / 0                 0 / 0                 0 / 0                 0 / 0           ops/s
[2020-07-12T01:11:28.924+0000][5284][gc,stats    ]      Memory: Page Cache Hit L3                                 0 / 0                 1 / 96                1 / 96                1 / 96          ops/s
[2020-07-12T01:11:28.924+0000][5284][gc,stats    ]      Memory: Page Cache Miss                                   0 / 0                 0 / 0                 0 / 0                 0 / 0           ops/s
[2020-07-12T01:11:28.924+0000][5284][gc,stats    ]      Memory: Uncommit                                          0 / 0                 0 / 0                 0 / 0                 0 / 0           MB/s
[2020-07-12T01:11:28.924+0000][5284][gc,stats    ]      Memory: Undo Object Allocation Failed                     0 / 0                 0 / 0                 0 / 0                 0 / 0           ops/s
[2020-07-12T01:11:28.924+0000][5284][gc,stats    ]      Memory: Undo Object Allocation Succeeded                  1 / 12                0 / 12                0 / 12                0 / 12          ops/s
[2020-07-12T01:11:28.924+0000][5284][gc,stats    ]      Memory: Undo Page Allocation                              0 / 0                 0 / 0                 0 / 0                 0 / 0           ops/s
[2020-07-12T01:11:28.924+0000][5284][gc,stats    ]       Phase: Concurrent Mark                              55.042 / 56.686       47.699 / 77.269       47.699 / 77.269       47.699 / 77.269      ms
[2020-07-12T01:11:28.924+0000][5284][gc,stats    ]       Phase: Concurrent Mark Continue                      0.000 / 0.000         0.000 / 0.000         0.000 / 0.000         0.000 / 0.000       ms
[2020-07-12T01:11:28.924+0000][5284][gc,stats    ]       Phase: Concurrent Process Non-Strong References     29.452 / 29.501       24.560 / 37.730       24.560 / 37.730       24.560 / 37.730      ms
[2020-07-12T01:11:28.924+0000][5284][gc,stats    ]       Phase: Concurrent Relocate                           1.352 / 1.378         1.783 / 18.136        1.783 / 18.136        1.783 / 18.136      ms
[2020-07-12T01:11:28.924+0000][5284][gc,stats    ]       Phase: Concurrent Reset Relocation Set               0.006 / 0.006         0.004 / 0.015         0.004 / 0.015         0.004 / 0.015       ms
[2020-07-12T01:11:28.924+0000][5284][gc,stats    ]       Phase: Concurrent Select Relocation Set              1.004 / 1.034         1.082 / 5.622         1.082 / 5.622         1.082 / 5.622       ms
[2020-07-12T01:11:28.924+0000][5284][gc,stats    ]       Phase: Pause Mark End                                0.373 / 0.387         0.334 / 0.457         0.334 / 0.457         0.334 / 0.457       ms
[2020-07-12T01:11:28.924+0000][5284][gc,stats    ]       Phase: Pause Mark Start                              0.129 / 0.135         0.175 / 0.724         0.175 / 0.724         0.175 / 0.724       ms
[2020-07-12T01:11:28.924+0000][5284][gc,stats    ]       Phase: Pause Relocate Start                          0.130 / 0.168         0.137 / 1.014         0.137 / 1.014         0.137 / 1.014       ms
[2020-07-12T01:11:28.924+0000][5284][gc,stats    ]    Subphase: Concurrent Classes Purge                      0.784 / 0.826         0.773 / 8.877         0.773 / 8.877         0.773 / 8.877       ms
[2020-07-12T01:11:28.924+0000][5284][gc,stats    ]    Subphase: Concurrent Classes Unlink                    26.895 / 27.025       22.063 / 34.491       22.063 / 34.491       22.063 / 34.491      ms
[2020-07-12T01:11:28.924+0000][5284][gc,stats    ]    Subphase: Concurrent Mark                              54.500 / 56.120       46.978 / 76.517       46.978 / 76.517       46.978 / 76.517      ms
[2020-07-12T01:11:28.924+0000][5284][gc,stats    ]    Subphase: Concurrent Mark Idle                          0.000 / 0.000         0.000 / 0.000         0.000 / 0.000         0.000 / 0.000       ms
[2020-07-12T01:11:28.924+0000][5284][gc,stats    ]    Subphase: Concurrent Mark Try Flush                     0.019 / 0.037         0.109 / 1.569         0.109 / 1.569         0.109 / 1.569       ms
[2020-07-12T01:11:28.924+0000][5284][gc,stats    ]    Subphase: Concurrent Mark Try Terminate                 0.006 / 0.011         0.048 / 0.756         0.048 / 0.756         0.048 / 0.756       ms
[2020-07-12T01:11:28.924+0000][5284][gc,stats    ]    Subphase: Concurrent References Enqueue                 0.000 / 0.000         0.001 / 0.004         0.001 / 0.004         0.001 / 0.004       ms
[2020-07-12T01:11:28.924+0000][5284][gc,stats    ]    Subphase: Concurrent References Process                 0.620 / 0.631         0.521 / 1.144         0.521 / 1.144         0.521 / 1.144       ms
[2020-07-12T01:11:28.924+0000][5284][gc,stats    ]    Subphase: Concurrent Roots                              0.244 / 0.267         0.313 / 1.449         0.313 / 1.449         0.313 / 1.449       ms
[2020-07-12T01:11:28.924+0000][5284][gc,stats    ]    Subphase: Concurrent Roots ClassLoaderDataGraph         0.239 / 0.261         0.306 / 1.421         0.306 / 1.421         0.306 / 1.421       ms
[2020-07-12T01:11:28.924+0000][5284][gc,stats    ]    Subphase: Concurrent Roots JNIHandles                   0.004 / 0.004         0.004 / 0.012         0.004 / 0.012         0.004 / 0.012       ms
[2020-07-12T01:11:28.924+0000][5284][gc,stats    ]    Subphase: Concurrent Roots Setup                        0.181 / 0.206         0.186 / 0.465         0.186 / 0.465         0.186 / 0.465       ms
[2020-07-12T01:11:28.924+0000][5284][gc,stats    ]    Subphase: Concurrent Roots Teardown                     0.000 / 0.000         0.000 / 0.002         0.000 / 0.002         0.000 / 0.002       ms
[2020-07-12T01:11:28.924+0000][5284][gc,stats    ]    Subphase: Concurrent Roots VMHandles                    0.000 / 0.000         0.000 / 0.000         0.000 / 0.000         0.000 / 0.000       ms
[2020-07-12T01:11:28.924+0000][5284][gc,stats    ]    Subphase: Concurrent Weak Roots                         0.989 / 1.031         0.899 / 1.534         0.899 / 1.534         0.899 / 1.534       ms
[2020-07-12T01:11:28.924+0000][5284][gc,stats    ]    Subphase: Concurrent Weak Roots JNIWeakHandles          0.001 / 0.001         0.001 / 0.004         0.001 / 0.004         0.001 / 0.004       ms
[2020-07-12T01:11:28.924+0000][5284][gc,stats    ]    Subphase: Concurrent Weak Roots ResolvedMethodTable     0.106 / 0.110         0.093 / 0.181         0.093 / 0.181         0.093 / 0.181       ms
[2020-07-12T01:11:28.924+0000][5284][gc,stats    ]    Subphase: Concurrent Weak Roots StringTable             0.822 / 0.870         0.746 / 1.341         0.746 / 1.341         0.746 / 1.341       ms
[2020-07-12T01:11:28.924+0000][5284][gc,stats    ]    Subphase: Concurrent Weak Roots VMWeakHandles           0.057 / 0.058         0.056 / 0.088         0.056 / 0.088         0.056 / 0.088       ms
[2020-07-12T01:11:28.924+0000][5284][gc,stats    ]    Subphase: Pause Mark Try Complete                       0.171 / 0.171         0.150 / 0.203         0.150 / 0.203         0.150 / 0.203       ms
[2020-07-12T01:11:28.924+0000][5284][gc,stats    ]    Subphase: Pause Roots                                   0.032 / 0.094         0.040 / 0.936         0.040 / 0.936         0.040 / 0.936       ms
[2020-07-12T01:11:28.924+0000][5284][gc,stats    ]    Subphase: Pause Roots CodeCache                         0.000 / 0.000         0.000 / 0.000         0.000 / 0.000         0.000 / 0.000       ms
[2020-07-12T01:11:28.924+0000][5284][gc,stats    ]    Subphase: Pause Roots JVMTIExport                       0.001 / 0.002         0.002 / 0.007         0.002 / 0.007         0.002 / 0.007       ms
[2020-07-12T01:11:28.925+0000][5284][gc,stats    ]    Subphase: Pause Roots JVMTIWeakExport                   0.001 / 0.001         0.001 / 0.001         0.001 / 0.001         0.001 / 0.001       ms
[2020-07-12T01:11:28.925+0000][5284][gc,stats    ]    Subphase: Pause Roots Management                        0.001 / 0.001         0.001 / 0.003         0.001 / 0.003         0.001 / 0.003       ms
[2020-07-12T01:11:28.925+0000][5284][gc,stats    ]    Subphase: Pause Roots ObjectSynchronizer                0.000 / 0.001         0.000 / 0.001         0.000 / 0.001         0.000 / 0.001       ms
[2020-07-12T01:11:28.925+0000][5284][gc,stats    ]    Subphase: Pause Roots Setup                             0.000 / 0.001         0.001 / 0.036         0.001 / 0.036         0.001 / 0.036       ms
[2020-07-12T01:11:28.925+0000][5284][gc,stats    ]    Subphase: Pause Roots SystemDictionary                  0.010 / 0.011         0.011 / 0.042         0.011 / 0.042         0.011 / 0.042       ms
[2020-07-12T01:11:28.925+0000][5284][gc,stats    ]    Subphase: Pause Roots Teardown                          0.001 / 0.002         0.001 / 0.013         0.001 / 0.013         0.001 / 0.013       ms
[2020-07-12T01:11:28.925+0000][5284][gc,stats    ]    Subphase: Pause Roots Threads                           0.046 / 0.093         0.045 / 0.913         0.045 / 0.913         0.045 / 0.913       ms
[2020-07-12T01:11:28.925+0000][5284][gc,stats    ]    Subphase: Pause Roots Universe                          0.002 / 0.003         0.002 / 0.011         0.002 / 0.011         0.002 / 0.011       ms
[2020-07-12T01:11:28.925+0000][5284][gc,stats    ]    Subphase: Pause Weak Roots                              0.014 / 0.081         0.010 / 0.087         0.010 / 0.087         0.010 / 0.087       ms
[2020-07-12T01:11:28.925+0000][5284][gc,stats    ]    Subphase: Pause Weak Roots JFRWeak                      0.065 / 0.079         0.046 / 0.084         0.046 / 0.084         0.046 / 0.084       ms
[2020-07-12T01:11:28.925+0000][5284][gc,stats    ]    Subphase: Pause Weak Roots JVMTIWeakExport              0.001 / 0.001         0.001 / 0.001         0.001 / 0.001         0.001 / 0.001       ms
[2020-07-12T01:11:28.925+0000][5284][gc,stats    ]    Subphase: Pause Weak Roots Setup                        0.000 / 0.000         0.000 / 0.001         0.000 / 0.001         0.000 / 0.001       ms
[2020-07-12T01:11:28.925+0000][5284][gc,stats    ]    Subphase: Pause Weak Roots Teardown                     0.000 / 0.000         0.000 / 0.000         0.000 / 0.000         0.000 / 0.000       ms
[2020-07-12T01:11:28.925+0000][5284][gc,stats    ]      System: Java Threads                                     37 / 37               35 / 38               35 / 38               35 / 38          threads
[2020-07-12T01:11:28.925+0000][5284][gc,stats    ] =========================================================================================================================================================
[2020-07-12T01:11:32.924+0000][5284][gc,heap     ] GC(75) Heap before GC invocations=75 (full 75): ZHeap           used 644M, capacity 4096M, max capacity 4096M
[2020-07-12T01:11:32.924+0000][5284][gc,heap     ] GC(75)  Metaspace       used 80232K, capacity 83029K, committed 83268K, reserved 83968K
[2020-07-12T01:11:32.924+0000][5284][gc,start    ] GC(75) Garbage Collection (Proactive)
[2020-07-12T01:11:32.925+0000][5284][gc,phases   ] GC(75) Pause Mark Start 0.118ms
[2020-07-12T01:11:32.925+0000][5284][safepoint   ] Safepoint "ZMarkStart", Time since last: 4515075034 ns, Reaching safepoint: 87691 ns, At safepoint: 142930 ns, Total: 230621 ns
[2020-07-12T01:11:32.970+0000][5284][gc,phases   ] GC(75) Concurrent Mark 45.223ms
[2020-07-12T01:11:32.971+0000][5284][gc,phases   ] GC(75) Pause Mark End 0.559ms
[2020-07-12T01:11:32.971+0000][5284][safepoint   ] Safepoint "ZMarkEnd", Time since last: 45501758 ns, Reaching safepoint: 258276 ns, At safepoint: 581361 ns, Total: 839637 ns
[2020-07-12T01:11:33.004+0000][5284][gc,phases   ] GC(75) Concurrent Process Non-Strong References 33.093ms
[2020-07-12T01:11:33.004+0000][5284][gc,phases   ] GC(75) Concurrent Reset Relocation Set 0.005ms
[2020-07-12T01:11:33.005+0000][5284][gc,phases   ] GC(75) Concurrent Select Relocation Set 1.006ms
[2020-07-12T01:11:33.006+0000][5284][gc,phases   ] GC(75) Pause Relocate Start 0.125ms
[2020-07-12T01:11:33.006+0000][5284][safepoint   ] Safepoint "ZRelocateStart", Time since last: 34312535 ns, Reaching safepoint: 178496 ns, At safepoint: 143718 ns, Total: 322214 ns
[2020-07-12T01:11:33.007+0000][5284][gc,phases   ] GC(75) Concurrent Relocate 1.544ms
[2020-07-12T01:11:33.007+0000][5284][gc,heap     ] GC(75) Heap after GC invocations=76 (full 76): ZHeap           used 68M, capacity 4096M, max capacity 4096M
[2020-07-12T01:11:33.007+0000][5284][gc,heap     ] GC(75)  Metaspace       used 80232K, capacity 83029K, committed 83268K, reserved 83968K
[2020-07-12T01:11:33.008+0000][5284][gc,load     ] GC(75) Load: 2.03/1.41/0.80
[2020-07-12T01:11:33.008+0000][5284][gc,mmu      ] GC(75) MMU: 2ms/49.3%, 5ms/79.7%, 10ms/89.9%, 20ms/94.9%, 50ms/97.3%, 100ms/98.3%
[2020-07-12T01:11:33.008+0000][5284][gc,marking  ] GC(75) Mark: 1 stripe(s), 2 proactive flush(es), 1 terminate flush(es), 1 completion(s), 0 continuation(s) 
[2020-07-12T01:11:33.008+0000][5284][gc,reloc    ] GC(75) Relocation: Successful, 1M relocated
[2020-07-12T01:11:33.008+0000][5284][gc,nmethod  ] GC(75) NMethods: 5610 registered, 0 unregistered
[2020-07-12T01:11:33.008+0000][5284][gc,metaspace] GC(75) Metaspace: 78M used, 81M capacity, 81M committed, 82M reserved
[2020-07-12T01:11:33.008+0000][5284][gc,ref      ] GC(75) Soft: 3922 encountered, 0 discovered, 0 enqueued
[2020-07-12T01:11:33.008+0000][5284][gc,ref      ] GC(75) Weak: 6658 encountered, 4331 discovered, 0 enqueued
[2020-07-12T01:11:33.008+0000][5284][gc,ref      ] GC(75) Final: 3 encountered, 0 discovered, 0 enqueued
[2020-07-12T01:11:33.008+0000][5284][gc,ref      ] GC(75) Phantom: 435 encountered, 294 discovered, 0 enqueued
[2020-07-12T01:11:33.008+0000][5284][gc,heap     ] GC(75) Min Capacity: 4096M(100%)
[2020-07-12T01:11:33.008+0000][5284][gc,heap     ] GC(75) Max Capacity: 4096M(100%)
[2020-07-12T01:11:33.008+0000][5284][gc,heap     ] GC(75) Soft Max Capacity: 4096M(100%)
[2020-07-12T01:11:33.008+0000][5284][gc,heap     ] GC(75)                Mark Start          Mark End        Relocate Start      Relocate End           High               Low         
[2020-07-12T01:11:33.008+0000][5284][gc,heap     ] GC(75)  Capacity:     4096M (100%)       4096M (100%)       4096M (100%)       4096M (100%)       4096M (100%)       4096M (100%)   
[2020-07-12T01:11:33.008+0000][5284][gc,heap     ] GC(75)   Reserve:       42M (1%)           42M (1%)           42M (1%)           42M (1%)           42M (1%)           42M (1%)     
[2020-07-12T01:11:33.008+0000][5284][gc,heap     ] GC(75)      Free:     3410M (83%)        3408M (83%)        3944M (96%)        3986M (97%)        3986M (97%)        3408M (83%)    
[2020-07-12T01:11:33.008+0000][5284][gc,heap     ] GC(75)      Used:      644M (16%)         646M (16%)         110M (3%)           68M (2%)          646M (16%)          68M (2%)     
[2020-07-12T01:11:33.008+0000][5284][gc,heap     ] GC(75)      Live:         -                28M (1%)           28M (1%)           28M (1%)             -                  -          
[2020-07-12T01:11:33.008+0000][5284][gc,heap     ] GC(75) Allocated:         -                 2M (0%)            2M (0%)            8M (0%)             -                  -          
[2020-07-12T01:11:33.008+0000][5284][gc,heap     ] GC(75)   Garbage:         -               615M (15%)          79M (2%)           37M (1%)             -                  -          
[2020-07-12T01:11:33.008+0000][5284][gc,heap     ] GC(75) Reclaimed:         -                  -               536M (13%)         578M (14%)            -                  -          
[2020-07-12T01:11:33.008+0000][5284][gc          ] GC(75) Garbage Collection (Proactive) 644M(16%)->68M(2%)
[2020-07-12T01:11:37.425+0000][5284][gc,heap     ] GC(76) Heap before GC invocations=76 (full 76): ZHeap           used 534M, capacity 4096M, max capacity 4096M
[2020-07-12T01:11:37.425+0000][5284][gc,heap     ] GC(76)  Metaspace       used 80232K, capacity 83029K, committed 83268K, reserved 83968K
[2020-07-12T01:11:37.425+0000][5284][gc,start    ] GC(76) Garbage Collection (Proactive)
[2020-07-12T01:11:37.425+0000][5284][gc,phases   ] GC(76) Pause Mark Start 0.141ms
[2020-07-12T01:11:37.425+0000][5284][safepoint   ] Safepoint "ZMarkStart", Time since last: 4419068239 ns, Reaching safepoint: 114498 ns, At safepoint: 165845 ns, Total: 280343 ns
[2020-07-12T01:11:37.479+0000][5284][gc,phases   ] GC(76) Concurrent Mark 53.823ms
[2020-07-12T01:11:37.479+0000][5284][gc,phases   ] GC(76) Pause Mark End 0.306ms
[2020-07-12T01:11:37.479+0000][5284][safepoint   ] Safepoint "ZMarkEnd", Time since last: 53948792 ns, Reaching safepoint: 113884 ns, At safepoint: 328666 ns, Total: 442550 ns
[2020-07-12T01:11:37.515+0000][5284][gc,phases   ] GC(76) Concurrent Process Non-Strong References 35.068ms
[2020-07-12T01:11:37.515+0000][5284][gc,phases   ] GC(76) Concurrent Reset Relocation Set 0.004ms
[2020-07-12T01:11:37.516+0000][5284][gc,phases   ] GC(76) Concurrent Select Relocation Set 1.018ms
[2020-07-12T01:11:37.516+0000][5284][gc,phases   ] GC(76) Pause Relocate Start 0.104ms
[2020-07-12T01:11:37.516+0000][5284][safepoint   ] Safepoint "ZRelocateStart", Time since last: 36222708 ns, Reaching safepoint: 75830 ns, At safepoint: 123202 ns, Total: 199032 ns
[2020-07-12T01:11:37.517+0000][5284][gc,phases   ] GC(76) Concurrent Relocate 1.229ms
[2020-07-12T01:11:37.517+0000][5284][gc,heap     ] GC(76) Heap after GC invocations=77 (full 77): ZHeap           used 84M, capacity 4096M, max capacity 4096M
[2020-07-12T01:11:37.517+0000][5284][gc,heap     ] GC(76)  Metaspace       used 80232K, capacity 83029K, committed 83268K, reserved 83968K
[2020-07-12T01:11:37.517+0000][5284][gc,load     ] GC(76) Load: 2.19/1.45/0.82
[2020-07-12T01:11:37.517+0000][5284][gc,mmu      ] GC(76) MMU: 2ms/49.3%, 5ms/79.7%, 10ms/89.9%, 20ms/94.9%, 50ms/97.3%, 100ms/98.3%
[2020-07-12T01:11:37.517+0000][5284][gc,marking  ] GC(76) Mark: 1 stripe(s), 2 proactive flush(es), 1 terminate flush(es), 1 completion(s), 0 continuation(s) 
[2020-07-12T01:11:37.517+0000][5284][gc,reloc    ] GC(76) Relocation: Successful, 1M relocated
[2020-07-12T01:11:37.517+0000][5284][gc,nmethod  ] GC(76) NMethods: 5610 registered, 0 unregistered
[2020-07-12T01:11:37.517+0000][5284][gc,metaspace] GC(76) Metaspace: 78M used, 81M capacity, 81M committed, 82M reserved
[2020-07-12T01:11:37.517+0000][5284][gc,ref      ] GC(76) Soft: 3922 encountered, 0 discovered, 0 enqueued
[2020-07-12T01:11:37.517+0000][5284][gc,ref      ] GC(76) Weak: 6659 encountered, 4332 discovered, 0 enqueued
[2020-07-12T01:11:37.517+0000][5284][gc,ref      ] GC(76) Final: 3 encountered, 0 discovered, 0 enqueued
[2020-07-12T01:11:37.517+0000][5284][gc,ref      ] GC(76) Phantom: 435 encountered, 294 discovered, 0 enqueued
[2020-07-12T01:11:37.517+0000][5284][gc,heap     ] GC(76) Min Capacity: 4096M(100%)
[2020-07-12T01:11:37.517+0000][5284][gc,heap     ] GC(76) Max Capacity: 4096M(100%)
[2020-07-12T01:11:37.517+0000][5284][gc,heap     ] GC(76) Soft Max Capacity: 4096M(100%)
[2020-07-12T01:11:37.517+0000][5284][gc,heap     ] GC(76)                Mark Start          Mark End        Relocate Start      Relocate End           High               Low         
[2020-07-12T01:11:37.517+0000][5284][gc,heap     ] GC(76)  Capacity:     4096M (100%)       4096M (100%)       4096M (100%)       4096M (100%)       4096M (100%)       4096M (100%)   
[2020-07-12T01:11:37.517+0000][5284][gc,heap     ] GC(76)   Reserve:       42M (1%)           42M (1%)           42M (1%)           42M (1%)           42M (1%)           42M (1%)     
[2020-07-12T01:11:37.517+0000][5284][gc,heap     ] GC(76)      Free:     3520M (86%)        3518M (86%)        3930M (96%)        3970M (97%)        3970M (97%)        3498M (85%)    
[2020-07-12T01:11:37.517+0000][5284][gc,heap     ] GC(76)      Used:      534M (13%)         536M (13%)         124M (3%)           84M (2%)          556M (14%)          84M (2%)     
[2020-07-12T01:11:37.517+0000][5284][gc,heap     ] GC(76)      Live:         -                28M (1%)           28M (1%)           28M (1%)             -                  -          
[2020-07-12T01:11:37.517+0000][5284][gc,heap     ] GC(76) Allocated:         -                 2M (0%)           22M (1%)           24M (1%)             -                  -          
[2020-07-12T01:11:37.517+0000][5284][gc,heap     ] GC(76)   Garbage:         -               505M (12%)          73M (2%)           33M (1%)             -                  -          
[2020-07-12T01:11:37.517+0000][5284][gc,heap     ] GC(76) Reclaimed:         -                  -               432M (11%)         472M (12%)            -                  -          
[2020-07-12T01:11:37.517+0000][5284][gc          ] GC(76) Garbage Collection (Proactive) 534M(13%)->84M(2%)
[2020-07-12T01:11:39.027+0000][5284][gc,stats    ] === Garbage Collection Statistics =======================================================================================================================
[2020-07-12T01:11:39.027+0000][5284][gc,stats    ]                                                              Last 10s              Last 10m              Last 10h                Total
[2020-07-12T01:11:39.027+0000][5284][gc,stats    ]                                                              Avg / Max             Avg / Max             Avg / Max             Avg / Max
[2020-07-12T01:11:39.027+0000][5284][gc,stats    ]   Collector: Garbage Collection Cycle                     87.847 / 92.514       77.258 / 117.511      77.258 / 117.511      77.258 / 117.511     ms
[2020-07-12T01:11:39.027+0000][5284][gc,stats    ]  Contention: Mark Segment Reset Contention                     0 / 0                 0 / 0                 0 / 0                 0 / 0           ops/s
[2020-07-12T01:11:39.027+0000][5284][gc,stats    ]  Contention: Mark SeqNum Reset Contention                      0 / 0                 0 / 0                 0 / 0                 0 / 0           ops/s
[2020-07-12T01:11:39.027+0000][5284][gc,stats    ]  Contention: Relocation Contention                             0 / 0                 0 / 12                0 / 12                0 / 12          ops/s
[2020-07-12T01:11:39.027+0000][5284][gc,stats    ]    Critical: Allocation Stall                              0.000 / 0.000         0.000 / 0.000         0.000 / 0.000         0.000 / 0.000       ms
[2020-07-12T01:11:39.027+0000][5284][gc,stats    ]    Critical: Allocation Stall                                  0 / 0                 0 / 0                 0 / 0                 0 / 0           ops/s
[2020-07-12T01:11:39.027+0000][5284][gc,stats    ]    Critical: GC Locker Stall                               0.000 / 0.000         0.093 / 0.093         0.093 / 0.093         0.093 / 0.093       ms
[2020-07-12T01:11:39.027+0000][5284][gc,stats    ]    Critical: GC Locker Stall                                   0 / 0                 0 / 1                 0 / 1                 0 / 1           ops/s
[2020-07-12T01:11:39.027+0000][5284][gc,stats    ]      Memory: Allocation Rate                                 115 / 210             111 / 238             111 / 238             111 / 238         MB/s
[2020-07-12T01:11:39.027+0000][5284][gc,stats    ]      Memory: Heap Used After Mark                            591 / 646             574 / 1286            574 / 1286            574 / 1286        MB
[2020-07-12T01:11:39.027+0000][5284][gc,stats    ]      Memory: Heap Used After Relocation                       76 / 84               82 / 116              82 / 116              82 / 116         MB
[2020-07-12T01:11:39.027+0000][5284][gc,stats    ]      Memory: Heap Used Before Mark                           589 / 644             560 / 1270            560 / 1270            560 / 1270        MB
[2020-07-12T01:11:39.027+0000][5284][gc,stats    ]      Memory: Heap Used Before Relocation                     117 / 124             132 / 338             132 / 338             132 / 338         MB
[2020-07-12T01:11:39.027+0000][5284][gc,stats    ]      Memory: Out Of Memory                                     0 / 0                 0 / 0                 0 / 0                 0 / 0           ops/s
[2020-07-12T01:11:39.027+0000][5284][gc,stats    ]      Memory: Page Cache Flush                                  0 / 0                 0 / 0                 0 / 0                 0 / 0           MB/s
[2020-07-12T01:11:39.027+0000][5284][gc,stats    ]      Memory: Page Cache Hit L1                                58 / 105              54 / 121              54 / 121              54 / 121         ops/s
[2020-07-12T01:11:39.027+0000][5284][gc,stats    ]      Memory: Page Cache Hit L2                                 0 / 0                 0 / 0                 0 / 0                 0 / 0           ops/s
[2020-07-12T01:11:39.027+0000][5284][gc,stats    ]      Memory: Page Cache Hit L3                                 0 / 0                 1 / 96                1 / 96                1 / 96          ops/s
[2020-07-12T01:11:39.027+0000][5284][gc,stats    ]      Memory: Page Cache Miss                                   0 / 0                 0 / 0                 0 / 0                 0 / 0           ops/s
[2020-07-12T01:11:39.027+0000][5284][gc,stats    ]      Memory: Uncommit                                          0 / 0                 0 / 0                 0 / 0                 0 / 0           MB/s
[2020-07-12T01:11:39.028+0000][5284][gc,stats    ]      Memory: Undo Object Allocation Failed                     0 / 0                 0 / 0                 0 / 0                 0 / 0           ops/s
[2020-07-12T01:11:39.028+0000][5284][gc,stats    ]      Memory: Undo Object Allocation Succeeded                  0 / 0                 0 / 12                0 / 12                0 / 12          ops/s
[2020-07-12T01:11:39.028+0000][5284][gc,stats    ]      Memory: Undo Page Allocation                              0 / 0                 0 / 0                 0 / 0                 0 / 0           ops/s
[2020-07-12T01:11:39.028+0000][5284][gc,stats    ]       Phase: Concurrent Mark                              49.523 / 53.823       47.746 / 77.269       47.746 / 77.269       47.746 / 77.269      ms
[2020-07-12T01:11:39.028+0000][5284][gc,stats    ]       Phase: Concurrent Mark Continue                      0.000 / 0.000         0.000 / 0.000         0.000 / 0.000         0.000 / 0.000       ms
[2020-07-12T01:11:39.028+0000][5284][gc,stats    ]       Phase: Concurrent Process Non-Strong References     34.080 / 35.068       24.808 / 37.730       24.808 / 37.730       24.808 / 37.730      ms
[2020-07-12T01:11:39.028+0000][5284][gc,stats    ]       Phase: Concurrent Relocate                           1.386 / 1.544         1.772 / 18.136        1.772 / 18.136        1.772 / 18.136      ms
[2020-07-12T01:11:39.028+0000][5284][gc,stats    ]       Phase: Concurrent Reset Relocation Set               0.004 / 0.005         0.004 / 0.015         0.004 / 0.015         0.004 / 0.015       ms
[2020-07-12T01:11:39.028+0000][5284][gc,stats    ]       Phase: Concurrent Select Relocation Set              1.012 / 1.018         1.081 / 5.622         1.081 / 5.622         1.081 / 5.622       ms
[2020-07-12T01:11:39.028+0000][5284][gc,stats    ]       Phase: Pause Mark End                                0.433 / 0.559         0.337 / 0.559         0.337 / 0.559         0.337 / 0.559       ms
[2020-07-12T01:11:39.028+0000][5284][gc,stats    ]       Phase: Pause Mark Start                              0.130 / 0.141         0.174 / 0.724         0.174 / 0.724         0.174 / 0.724       ms
[2020-07-12T01:11:39.028+0000][5284][gc,stats    ]       Phase: Pause Relocate Start                          0.115 / 0.125         0.136 / 1.014         0.136 / 1.014         0.136 / 1.014       ms
[2020-07-12T01:11:39.028+0000][5284][gc,stats    ]    Subphase: Concurrent Classes Purge                      0.768 / 0.807         0.772 / 8.877         0.772 / 8.877         0.772 / 8.877       ms
[2020-07-12T01:11:39.028+0000][5284][gc,stats    ]    Subphase: Concurrent Classes Unlink                    31.387 / 32.456       22.305 / 34.491       22.305 / 34.491       22.305 / 34.491      ms
[2020-07-12T01:11:39.028+0000][5284][gc,stats    ]    Subphase: Concurrent Mark                              48.971 / 53.286       47.030 / 76.517       47.030 / 76.517       47.030 / 76.517      ms
[2020-07-12T01:11:39.028+0000][5284][gc,stats    ]    Subphase: Concurrent Mark Idle                          0.000 / 0.000         0.000 / 0.000         0.000 / 0.000         0.000 / 0.000       ms
[2020-07-12T01:11:39.028+0000][5284][gc,stats    ]    Subphase: Concurrent Mark Try Flush                     0.101 / 0.148         0.109 / 1.569         0.109 / 1.569         0.109 / 1.569       ms
[2020-07-12T01:11:39.028+0000][5284][gc,stats    ]    Subphase: Concurrent Mark Try Terminate                 0.046 / 0.098         0.048 / 0.756         0.048 / 0.756         0.048 / 0.756       ms
[2020-07-12T01:11:39.028+0000][5284][gc,stats    ]    Subphase: Concurrent References Enqueue                 0.000 / 0.000         0.001 / 0.004         0.001 / 0.004         0.001 / 0.004       ms
[2020-07-12T01:11:39.028+0000][5284][gc,stats    ]    Subphase: Concurrent References Process                 0.727 / 0.745         0.526 / 1.144         0.526 / 1.144         0.526 / 1.144       ms
[2020-07-12T01:11:39.028+0000][5284][gc,stats    ]    Subphase: Concurrent Roots                              0.229 / 0.232         0.310 / 1.449         0.310 / 1.449         0.310 / 1.449       ms
[2020-07-12T01:11:39.028+0000][5284][gc,stats    ]    Subphase: Concurrent Roots ClassLoaderDataGraph         0.224 / 0.227         0.304 / 1.421         0.304 / 1.421         0.304 / 1.421       ms
[2020-07-12T01:11:39.028+0000][5284][gc,stats    ]    Subphase: Concurrent Roots JNIHandles                   0.004 / 0.004         0.004 / 0.012         0.004 / 0.012         0.004 / 0.012       ms
[2020-07-12T01:11:39.029+0000][5284][gc,stats    ]    Subphase: Concurrent Roots Setup                        0.170 / 0.183         0.186 / 0.465         0.186 / 0.465         0.186 / 0.465       ms
[2020-07-12T01:11:39.029+0000][5284][gc,stats    ]    Subphase: Concurrent Roots Teardown                     0.000 / 0.000         0.000 / 0.002         0.000 / 0.002         0.000 / 0.002       ms
[2020-07-12T01:11:39.029+0000][5284][gc,stats    ]    Subphase: Concurrent Roots VMHandles                    0.000 / 0.000         0.000 / 0.000         0.000 / 0.000         0.000 / 0.000       ms
[2020-07-12T01:11:39.029+0000][5284][gc,stats    ]    Subphase: Concurrent Weak Roots                         0.990 / 1.010         0.901 / 1.534         0.901 / 1.534         0.901 / 1.534       ms
[2020-07-12T01:11:39.029+0000][5284][gc,stats    ]    Subphase: Concurrent Weak Roots JNIWeakHandles          0.001 / 0.001         0.001 / 0.004         0.001 / 0.004         0.001 / 0.004       ms
[2020-07-12T01:11:39.029+0000][5284][gc,stats    ]    Subphase: Concurrent Weak Roots ResolvedMethodTable     0.102 / 0.106         0.094 / 0.181         0.094 / 0.181         0.094 / 0.181       ms
[2020-07-12T01:11:39.029+0000][5284][gc,stats    ]    Subphase: Concurrent Weak Roots StringTable             0.826 / 0.853         0.748 / 1.341         0.748 / 1.341         0.748 / 1.341       ms
[2020-07-12T01:11:39.029+0000][5284][gc,stats    ]    Subphase: Concurrent Weak Roots VMWeakHandles           0.059 / 0.062         0.056 / 0.088         0.056 / 0.088         0.056 / 0.088       ms
[2020-07-12T01:11:39.029+0000][5284][gc,stats    ]    Subphase: Pause Mark Try Complete                       0.173 / 0.180         0.151 / 0.203         0.151 / 0.203         0.151 / 0.203       ms
[2020-07-12T01:11:39.029+0000][5284][gc,stats    ]    Subphase: Pause Roots                                   0.030 / 0.093         0.039 / 0.936         0.039 / 0.936         0.039 / 0.936       ms
[2020-07-12T01:11:39.029+0000][5284][gc,stats    ]    Subphase: Pause Roots CodeCache                         0.000 / 0.000         0.000 / 0.000         0.000 / 0.000         0.000 / 0.000       ms
[2020-07-12T01:11:39.029+0000][5284][gc,stats    ]    Subphase: Pause Roots JVMTIExport                       0.002 / 0.002         0.002 / 0.007         0.002 / 0.007         0.002 / 0.007       ms
[2020-07-12T01:11:39.029+0000][5284][gc,stats    ]    Subphase: Pause Roots JVMTIWeakExport                   0.001 / 0.001         0.001 / 0.001         0.001 / 0.001         0.001 / 0.001       ms
[2020-07-12T01:11:39.029+0000][5284][gc,stats    ]    Subphase: Pause Roots Management                        0.003 / 0.009         0.001 / 0.009         0.001 / 0.009         0.001 / 0.009       ms
[2020-07-12T01:11:39.029+0000][5284][gc,stats    ]    Subphase: Pause Roots ObjectSynchronizer                0.000 / 0.000         0.000 / 0.001         0.000 / 0.001         0.000 / 0.001       ms
[2020-07-12T01:11:39.029+0000][5284][gc,stats    ]    Subphase: Pause Roots Setup                             0.000 / 0.001         0.001 / 0.036         0.001 / 0.036         0.001 / 0.036       ms
[2020-07-12T01:11:39.029+0000][5284][gc,stats    ]    Subphase: Pause Roots SystemDictionary                  0.010 / 0.011         0.011 / 0.042         0.011 / 0.042         0.011 / 0.042       ms
[2020-07-12T01:11:39.029+0000][5284][gc,stats    ]    Subphase: Pause Roots Teardown                          0.001 / 0.001         0.001 / 0.013         0.001 / 0.013         0.001 / 0.013       ms
[2020-07-12T01:11:39.029+0000][5284][gc,stats    ]    Subphase: Pause Roots Threads                           0.042 / 0.076         0.044 / 0.913         0.044 / 0.913         0.044 / 0.913       ms
[2020-07-12T01:11:39.029+0000][5284][gc,stats    ]    Subphase: Pause Roots Universe                          0.002 / 0.003         0.002 / 0.011         0.002 / 0.011         0.002 / 0.011       ms
[2020-07-12T01:11:39.029+0000][5284][gc,stats    ]    Subphase: Pause Weak Roots                              0.013 / 0.079         0.010 / 0.087         0.010 / 0.087         0.010 / 0.087       ms
[2020-07-12T01:11:39.029+0000][5284][gc,stats    ]    Subphase: Pause Weak Roots JFRWeak                      0.063 / 0.077         0.046 / 0.084         0.046 / 0.084         0.046 / 0.084       ms
[2020-07-12T01:11:39.029+0000][5284][gc,stats    ]    Subphase: Pause Weak Roots JVMTIWeakExport              0.001 / 0.001         0.001 / 0.001         0.001 / 0.001         0.001 / 0.001       ms
[2020-07-12T01:11:39.030+0000][5284][gc,stats    ]    Subphase: Pause Weak Roots Setup                        0.000 / 0.000         0.000 / 0.001         0.000 / 0.001         0.000 / 0.001       ms
[2020-07-12T01:11:39.030+0000][5284][gc,stats    ]    Subphase: Pause Weak Roots Teardown                     0.000 / 0.000         0.000 / 0.000         0.000 / 0.000         0.000 / 0.000       ms
[2020-07-12T01:11:39.030+0000][5284][gc,stats    ]      System: Java Threads                                     37 / 37               35 / 38               35 / 38               35 / 38          threads
[2020-07-12T01:11:39.030+0000][5284][gc,stats    ] =========================================================================================================================================================
[2020-07-12T01:11:42.323+0000][5284][gc,heap     ] GC(77) Heap before GC invocations=77 (full 77): ZHeap           used 640M, capacity 4096M, max capacity 4096M
[2020-07-12T01:11:42.323+0000][5284][gc,heap     ] GC(77)  Metaspace       used 80232K, capacity 83029K, committed 83268K, reserved 83968K
[2020-07-12T01:11:42.323+0000][5284][gc,start    ] GC(77) Garbage Collection (Proactive)
[2020-07-12T01:11:42.324+0000][5284][gc,phases   ] GC(77) Pause Mark Start 0.145ms
[2020-07-12T01:11:42.324+0000][5284][safepoint   ] Safepoint "ZMarkStart", Time since last: 4807734501 ns, Reaching safepoint: 116777 ns, At safepoint: 169875 ns, Total: 286652 ns
[2020-07-12T01:11:42.373+0000][5284][gc,phases   ] GC(77) Concurrent Mark 48.875ms
[2020-07-12T01:11:42.373+0000][5284][gc,phases   ] GC(77) Pause Mark End 0.325ms
[2020-07-12T01:11:42.373+0000][5284][safepoint   ] Safepoint "ZMarkEnd", Time since last: 48986217 ns, Reaching safepoint: 95344 ns, At safepoint: 351421 ns, Total: 446765 ns
[2020-07-12T01:11:42.406+0000][5284][gc,phases   ] GC(77) Concurrent Process Non-Strong References 33.043ms
[2020-07-12T01:11:42.406+0000][5284][gc,phases   ] GC(77) Concurrent Reset Relocation Set 0.005ms
[2020-07-12T01:11:42.408+0000][5284][gc,phases   ] GC(77) Concurrent Select Relocation Set 1.124ms
[2020-07-12T01:11:42.408+0000][5284][gc,phases   ] GC(77) Pause Relocate Start 0.184ms
[2020-07-12T01:11:42.408+0000][5284][safepoint   ] Safepoint "ZRelocateStart", Time since last: 34320276 ns, Reaching safepoint: 106429 ns, At safepoint: 235401 ns, Total: 341830 ns
[2020-07-12T01:11:42.410+0000][5284][gc,phases   ] GC(77) Concurrent Relocate 1.654ms
[2020-07-12T01:11:42.410+0000][5284][gc,heap     ] GC(77) Heap after GC invocations=78 (full 78): ZHeap           used 68M, capacity 4096M, max capacity 4096M
[2020-07-12T01:11:42.410+0000][5284][gc,heap     ] GC(77)  Metaspace       used 80232K, capacity 83029K, committed 83268K, reserved 83968K
[2020-07-12T01:11:42.410+0000][5284][gc,load     ] GC(77) Load: 2.01/1.43/0.81
[2020-07-12T01:11:42.410+0000][5284][gc,mmu      ] GC(77) MMU: 2ms/49.3%, 5ms/79.7%, 10ms/89.9%, 20ms/94.9%, 50ms/97.3%, 100ms/98.3%
[2020-07-12T01:11:42.410+0000][5284][gc,marking  ] GC(77) Mark: 1 stripe(s), 2 proactive flush(es), 1 terminate flush(es), 1 completion(s), 0 continuation(s) 
[2020-07-12T01:11:42.410+0000][5284][gc,reloc    ] GC(77) Relocation: Successful, 1M relocated
[2020-07-12T01:11:42.410+0000][5284][gc,nmethod  ] GC(77) NMethods: 5611 registered, 0 unregistered
[2020-07-12T01:11:42.410+0000][5284][gc,metaspace] GC(77) Metaspace: 78M used, 81M capacity, 81M committed, 82M reserved
[2020-07-12T01:11:42.410+0000][5284][gc,ref      ] GC(77) Soft: 3922 encountered, 0 discovered, 0 enqueued
[2020-07-12T01:11:42.410+0000][5284][gc,ref      ] GC(77) Weak: 6658 encountered, 4333 discovered, 0 enqueued
[2020-07-12T01:11:42.410+0000][5284][gc,ref      ] GC(77) Final: 3 encountered, 0 discovered, 0 enqueued
[2020-07-12T01:11:42.410+0000][5284][gc,ref      ] GC(77) Phantom: 435 encountered, 294 discovered, 0 enqueued
[2020-07-12T01:11:42.410+0000][5284][gc,heap     ] GC(77) Min Capacity: 4096M(100%)
[2020-07-12T01:11:42.410+0000][5284][gc,heap     ] GC(77) Max Capacity: 4096M(100%)
[2020-07-12T01:11:42.410+0000][5284][gc,heap     ] GC(77) Soft Max Capacity: 4096M(100%)
[2020-07-12T01:11:42.410+0000][5284][gc,heap     ] GC(77)                Mark Start          Mark End        Relocate Start      Relocate End           High               Low         
[2020-07-12T01:11:42.410+0000][5284][gc,heap     ] GC(77)  Capacity:     4096M (100%)       4096M (100%)       4096M (100%)       4096M (100%)       4096M (100%)       4096M (100%)   
[2020-07-12T01:11:42.410+0000][5284][gc,heap     ] GC(77)   Reserve:       42M (1%)           42M (1%)           42M (1%)           42M (1%)           42M (1%)           42M (1%)     
[2020-07-12T01:11:42.410+0000][5284][gc,heap     ] GC(77)      Free:     3414M (83%)        3412M (83%)        3952M (96%)        3986M (97%)        3986M (97%)        3412M (83%)    
[2020-07-12T01:11:42.410+0000][5284][gc,heap     ] GC(77)      Used:      640M (16%)         642M (16%)         102M (2%)           68M (2%)          642M (16%)          68M (2%)     
[2020-07-12T01:11:42.410+0000][5284][gc,heap     ] GC(77)      Live:         -                28M (1%)           28M (1%)           28M (1%)             -                  -          
[2020-07-12T01:11:42.410+0000][5284][gc,heap     ] GC(77) Allocated:         -                 2M (0%)            2M (0%)            8M (0%)             -                  -          
[2020-07-12T01:11:42.410+0000][5284][gc,heap     ] GC(77)   Garbage:         -               611M (15%)          71M (2%)           37M (1%)             -                  -          
[2020-07-12T01:11:42.410+0000][5284][gc,heap     ] GC(77) Reclaimed:         -                  -               540M (13%)         574M (14%)            -                  -          
[2020-07-12T01:11:42.410+0000][5284][gc          ] GC(77) Garbage Collection (Proactive) 640M(16%)->68M(2%)
[2020-07-12T01:11:44.412+0000][5284][safepoint   ] Safepoint "Cleanup", Time since last: 2002013320 ns, Reaching safepoint: 2135333 ns, At safepoint: 23656 ns, Total: 2158989 ns
[2020-07-12T01:11:47.024+0000][5284][gc,heap     ] GC(78) Heap before GC invocations=78 (full 78): ZHeap           used 644M, capacity 4096M, max capacity 4096M
[2020-07-12T01:11:47.024+0000][5284][gc,heap     ] GC(78)  Metaspace       used 80232K, capacity 83029K, committed 83268K, reserved 83968K
[2020-07-12T01:11:47.024+0000][5284][gc,start    ] GC(78) Garbage Collection (Proactive)
[2020-07-12T01:11:47.024+0000][5284][gc,phases   ] GC(78) Pause Mark Start 0.151ms
[2020-07-12T01:11:47.024+0000][5284][safepoint   ] Safepoint "ZMarkStart", Time since last: 2612024719 ns, Reaching safepoint: 69164 ns, At safepoint: 176844 ns, Total: 246008 ns
[2020-07-12T01:11:47.071+0000][5284][gc,phases   ] GC(78) Concurrent Mark 46.558ms
[2020-07-12T01:11:47.071+0000][5284][gc,phases   ] GC(78) Pause Mark End 0.283ms
[2020-07-12T01:11:47.071+0000][5284][safepoint   ] Safepoint "ZMarkEnd", Time since last: 46763884 ns, Reaching safepoint: 68449 ns, At safepoint: 307389 ns, Total: 375838 ns
[2020-07-12T01:11:47.100+0000][5284][gc,phases   ] GC(78) Concurrent Process Non-Strong References 28.696ms
[2020-07-12T01:11:47.100+0000][5284][gc,phases   ] GC(78) Concurrent Reset Relocation Set 0.004ms
[2020-07-12T01:11:47.101+0000][5284][gc,phases   ] GC(78) Concurrent Select Relocation Set 1.084ms
[2020-07-12T01:11:47.102+0000][5284][gc,phases   ] GC(78) Pause Relocate Start 0.086ms
[2020-07-12T01:11:47.102+0000][5284][safepoint   ] Safepoint "ZRelocateStart", Time since last: 29935628 ns, Reaching safepoint: 81191 ns, At safepoint: 105671 ns, Total: 186862 ns
[2020-07-12T01:11:47.103+0000][5284][gc,phases   ] GC(78) Concurrent Relocate 1.405ms
[2020-07-12T01:11:47.103+0000][5284][gc,heap     ] GC(78) Heap after GC invocations=79 (full 79): ZHeap           used 68M, capacity 4096M, max capacity 4096M
[2020-07-12T01:11:47.103+0000][5284][gc,heap     ] GC(78)  Metaspace       used 80232K, capacity 83029K, committed 83268K, reserved 83968K
[2020-07-12T01:11:47.103+0000][5284][gc,load     ] GC(78) Load: 1.93/1.42/0.81
[2020-07-12T01:11:47.103+0000][5284][gc,mmu      ] GC(78) MMU: 2ms/49.3%, 5ms/79.7%, 10ms/89.9%, 20ms/94.9%, 50ms/97.3%, 100ms/98.3%
[2020-07-12T01:11:47.103+0000][5284][gc,marking  ] GC(78) Mark: 1 stripe(s), 2 proactive flush(es), 1 terminate flush(es), 1 completion(s), 0 continuation(s) 
[2020-07-12T01:11:47.103+0000][5284][gc,reloc    ] GC(78) Relocation: Successful, 1M relocated
[2020-07-12T01:11:47.103+0000][5284][gc,nmethod  ] GC(78) NMethods: 5613 registered, 0 unregistered
[2020-07-12T01:11:47.103+0000][5284][gc,metaspace] GC(78) Metaspace: 78M used, 81M capacity, 81M committed, 82M reserved
[2020-07-12T01:11:47.103+0000][5284][gc,ref      ] GC(78) Soft: 3922 encountered, 0 discovered, 0 enqueued
[2020-07-12T01:11:47.103+0000][5284][gc,ref      ] GC(78) Weak: 6658 encountered, 4333 discovered, 0 enqueued
[2020-07-12T01:11:47.103+0000][5284][gc,ref      ] GC(78) Final: 3 encountered, 0 discovered, 0 enqueued
[2020-07-12T01:11:47.103+0000][5284][gc,ref      ] GC(78) Phantom: 435 encountered, 294 discovered, 0 enqueued
[2020-07-12T01:11:47.103+0000][5284][gc,heap     ] GC(78) Min Capacity: 4096M(100%)
[2020-07-12T01:11:47.103+0000][5284][gc,heap     ] GC(78) Max Capacity: 4096M(100%)
[2020-07-12T01:11:47.103+0000][5284][gc,heap     ] GC(78) Soft Max Capacity: 4096M(100%)
[2020-07-12T01:11:47.103+0000][5284][gc,heap     ] GC(78)                Mark Start          Mark End        Relocate Start      Relocate End           High               Low         
[2020-07-12T01:11:47.103+0000][5284][gc,heap     ] GC(78)  Capacity:     4096M (100%)       4096M (100%)       4096M (100%)       4096M (100%)       4096M (100%)       4096M (100%)   
[2020-07-12T01:11:47.103+0000][5284][gc,heap     ] GC(78)   Reserve:       42M (1%)           42M (1%)           42M (1%)           42M (1%)           42M (1%)           42M (1%)     
[2020-07-12T01:11:47.103+0000][5284][gc,heap     ] GC(78)      Free:     3410M (83%)        3408M (83%)        3952M (96%)        3986M (97%)        3986M (97%)        3408M (83%)    
[2020-07-12T01:11:47.103+0000][5284][gc,heap     ] GC(78)      Used:      644M (16%)         646M (16%)         102M (2%)           68M (2%)          646M (16%)          68M (2%)     
[2020-07-12T01:11:47.103+0000][5284][gc,heap     ] GC(78)      Live:         -                28M (1%)           28M (1%)           28M (1%)             -                  -          
[2020-07-12T01:11:47.103+0000][5284][gc,heap     ] GC(78) Allocated:         -                 2M (0%)            2M (0%)            8M (0%)             -                  -          
[2020-07-12T01:11:47.103+0000][5284][gc,heap     ] GC(78)   Garbage:         -               615M (15%)          71M (2%)           37M (1%)             -                  -          
[2020-07-12T01:11:47.103+0000][5284][gc,heap     ] GC(78) Reclaimed:         -                  -               544M (13%)         578M (14%)            -                  -          
[2020-07-12T01:11:47.103+0000][5284][gc          ] GC(78) Garbage Collection (Proactive) 644M(16%)->68M(2%)
[2020-07-12T01:11:48.924+0000][5284][gc,stats    ] === Garbage Collection Statistics =======================================================================================================================
[2020-07-12T01:11:48.924+0000][5284][gc,stats    ]                                                              Last 10s              Last 10m              Last 10h                Total
[2020-07-12T01:11:48.924+0000][5284][gc,stats    ]                                                              Avg / Max             Avg / Max             Avg / Max             Avg / Max
[2020-07-12T01:11:48.924+0000][5284][gc,stats    ]   Collector: Garbage Collection Cycle                     82.627 / 86.191       77.394 / 117.511      77.394 / 117.511      77.394 / 117.511     ms
[2020-07-12T01:11:48.924+0000][5284][gc,stats    ]  Contention: Mark Segment Reset Contention                     0 / 0                 0 / 0                 0 / 0                 0 / 0           ops/s
[2020-07-12T01:11:48.924+0000][5284][gc,stats    ]  Contention: Mark SeqNum Reset Contention                      0 / 0                 0 / 0                 0 / 0                 0 / 0           ops/s
[2020-07-12T01:11:48.924+0000][5284][gc,stats    ]  Contention: Relocation Contention                             0 / 0                 0 / 12                0 / 12                0 / 12          ops/s
[2020-07-12T01:11:48.924+0000][5284][gc,stats    ]    Critical: Allocation Stall                              0.000 / 0.000         0.000 / 0.000         0.000 / 0.000         0.000 / 0.000       ms
[2020-07-12T01:11:48.924+0000][5284][gc,stats    ]    Critical: Allocation Stall                                  0 / 0                 0 / 0                 0 / 0                 0 / 0           ops/s
[2020-07-12T01:11:48.924+0000][5284][gc,stats    ]    Critical: GC Locker Stall                               0.000 / 0.000         0.093 / 0.093         0.093 / 0.093         0.093 / 0.093       ms
[2020-07-12T01:11:48.924+0000][5284][gc,stats    ]    Critical: GC Locker Stall                                   0 / 0                 0 / 1                 0 / 1                 0 / 1           ops/s
[2020-07-12T01:11:48.924+0000][5284][gc,stats    ]      Memory: Allocation Rate                                 115 / 194             111 / 238             111 / 238             111 / 238         MB/s
[2020-07-12T01:11:48.924+0000][5284][gc,stats    ]      Memory: Heap Used After Mark                            644 / 646             575 / 1286            575 / 1286            575 / 1286        MB
[2020-07-12T01:11:48.924+0000][5284][gc,stats    ]      Memory: Heap Used After Relocation                       68 / 68               82 / 116              82 / 116              82 / 116         MB
[2020-07-12T01:11:48.924+0000][5284][gc,stats    ]      Memory: Heap Used Before Mark                           642 / 644             562 / 1270            562 / 1270            562 / 1270        MB
[2020-07-12T01:11:48.924+0000][5284][gc,stats    ]      Memory: Heap Used Before Relocation                     102 / 102             131 / 338             131 / 338             131 / 338         MB
[2020-07-12T01:11:48.924+0000][5284][gc,stats    ]      Memory: Out Of Memory                                     0 / 0                 0 / 0                 0 / 0                 0 / 0           ops/s
[2020-07-12T01:11:48.924+0000][5284][gc,stats    ]      Memory: Page Cache Flush                                  0 / 0                 0 / 0                 0 / 0                 0 / 0           MB/s
[2020-07-12T01:11:48.924+0000][5284][gc,stats    ]      Memory: Page Cache Hit L1                                58 / 97               54 / 121              54 / 121              54 / 121         ops/s
[2020-07-12T01:11:48.924+0000][5284][gc,stats    ]      Memory: Page Cache Hit L2                                 0 / 0                 0 / 0                 0 / 0                 0 / 0           ops/s
[2020-07-12T01:11:48.924+0000][5284][gc,stats    ]      Memory: Page Cache Hit L3                                 0 / 0                 1 / 96                1 / 96                1 / 96          ops/s
[2020-07-12T01:11:48.924+0000][5284][gc,stats    ]      Memory: Page Cache Miss                                   0 / 0                 0 / 0                 0 / 0                 0 / 0           ops/s
[2020-07-12T01:11:48.924+0000][5284][gc,stats    ]      Memory: Uncommit                                          0 / 0                 0 / 0                 0 / 0                 0 / 0           MB/s
[2020-07-12T01:11:48.924+0000][5284][gc,stats    ]      Memory: Undo Object Allocation Failed                     0 / 0                 0 / 0                 0 / 0                 0 / 0           ops/s
[2020-07-12T01:11:48.924+0000][5284][gc,stats    ]      Memory: Undo Object Allocation Succeeded                  0 / 0                 0 / 12                0 / 12                0 / 12          ops/s
[2020-07-12T01:11:48.924+0000][5284][gc,stats    ]      Memory: Undo Page Allocation                              0 / 0                 0 / 0                 0 / 0                 0 / 0           ops/s
[2020-07-12T01:11:48.924+0000][5284][gc,stats    ]       Phase: Concurrent Mark                              47.717 / 48.875       47.745 / 77.269       47.745 / 77.269       47.745 / 77.269      ms
[2020-07-12T01:11:48.924+0000][5284][gc,stats    ]       Phase: Concurrent Mark Continue                      0.000 / 0.000         0.000 / 0.000         0.000 / 0.000         0.000 / 0.000       ms
[2020-07-12T01:11:48.924+0000][5284][gc,stats    ]       Phase: Concurrent Process Non-Strong References     30.870 / 33.043       24.961 / 37.730       24.961 / 37.730       24.961 / 37.730      ms
[2020-07-12T01:11:48.924+0000][5284][gc,stats    ]       Phase: Concurrent Relocate                           1.530 / 1.654         1.766 / 18.136        1.766 / 18.136        1.766 / 18.136      ms
[2020-07-12T01:11:48.924+0000][5284][gc,stats    ]       Phase: Concurrent Reset Relocation Set               0.005 / 0.005         0.004 / 0.015         0.004 / 0.015         0.004 / 0.015       ms
[2020-07-12T01:11:48.924+0000][5284][gc,stats    ]       Phase: Concurrent Select Relocation Set              1.104 / 1.124         1.081 / 5.622         1.081 / 5.622         1.081 / 5.622       ms
[2020-07-12T01:11:48.924+0000][5284][gc,stats    ]       Phase: Pause Mark End                                0.304 / 0.325         0.336 / 0.559         0.336 / 0.559         0.336 / 0.559       ms
[2020-07-12T01:11:48.924+0000][5284][gc,stats    ]       Phase: Pause Mark Start                              0.148 / 0.151         0.173 / 0.724         0.173 / 0.724         0.173 / 0.724       ms
[2020-07-12T01:11:48.924+0000][5284][gc,stats    ]       Phase: Pause Relocate Start                          0.135 / 0.184         0.136 / 1.014         0.136 / 1.014         0.136 / 1.014       ms
[2020-07-12T01:11:48.924+0000][5284][gc,stats    ]    Subphase: Concurrent Classes Purge                      1.251 / 1.629         0.785 / 8.877         0.785 / 8.877         0.785 / 8.877       ms
[2020-07-12T01:11:48.924+0000][5284][gc,stats    ]    Subphase: Concurrent Classes Unlink                    27.975 / 29.787       22.449 / 34.491       22.449 / 34.491       22.449 / 34.491      ms
[2020-07-12T01:11:48.924+0000][5284][gc,stats    ]    Subphase: Concurrent Mark                              46.752 / 48.163       47.023 / 76.517       47.023 / 76.517       47.023 / 76.517      ms
[2020-07-12T01:11:48.924+0000][5284][gc,stats    ]    Subphase: Concurrent Mark Idle                          0.000 / 0.000         0.000 / 0.000         0.000 / 0.000         0.000 / 0.000       ms
[2020-07-12T01:11:48.924+0000][5284][gc,stats    ]    Subphase: Concurrent Mark Try Flush                     0.077 / 0.090         0.108 / 1.569         0.108 / 1.569         0.108 / 1.569       ms
[2020-07-12T01:11:48.924+0000][5284][gc,stats    ]    Subphase: Concurrent Mark Try Terminate                 0.034 / 0.081         0.048 / 0.756         0.048 / 0.756         0.048 / 0.756       ms
[2020-07-12T01:11:48.924+0000][5284][gc,stats    ]    Subphase: Concurrent References Enqueue                 0.001 / 0.001         0.001 / 0.004         0.001 / 0.004         0.001 / 0.004       ms
[2020-07-12T01:11:48.924+0000][5284][gc,stats    ]    Subphase: Concurrent References Process                 0.561 / 0.614         0.527 / 1.144         0.527 / 1.144         0.527 / 1.144       ms
[2020-07-12T01:11:48.924+0000][5284][gc,stats    ]    Subphase: Concurrent Roots                              0.331 / 0.344         0.311 / 1.449         0.311 / 1.449         0.311 / 1.449       ms
[2020-07-12T01:11:48.924+0000][5284][gc,stats    ]    Subphase: Concurrent Roots ClassLoaderDataGraph         0.324 / 0.337         0.305 / 1.421         0.305 / 1.421         0.305 / 1.421       ms
[2020-07-12T01:11:48.924+0000][5284][gc,stats    ]    Subphase: Concurrent Roots JNIHandles                   0.004 / 0.004         0.004 / 0.012         0.004 / 0.012         0.004 / 0.012       ms
[2020-07-12T01:11:48.924+0000][5284][gc,stats    ]    Subphase: Concurrent Roots Setup                        0.243 / 0.297         0.187 / 0.465         0.187 / 0.465         0.187 / 0.465       ms
[2020-07-12T01:11:48.924+0000][5284][gc,stats    ]    Subphase: Concurrent Roots Teardown                     0.000 / 0.000         0.000 / 0.002         0.000 / 0.002         0.000 / 0.002       ms
[2020-07-12T01:11:48.924+0000][5284][gc,stats    ]    Subphase: Concurrent Roots VMHandles                    0.000 / 0.000         0.000 / 0.000         0.000 / 0.000         0.000 / 0.000       ms
[2020-07-12T01:11:48.924+0000][5284][gc,stats    ]    Subphase: Concurrent Weak Roots                         0.873 / 0.940         0.901 / 1.534         0.901 / 1.534         0.901 / 1.534       ms
[2020-07-12T01:11:48.924+0000][5284][gc,stats    ]    Subphase: Concurrent Weak Roots JNIWeakHandles          0.000 / 0.000         0.001 / 0.004         0.001 / 0.004         0.001 / 0.004       ms
[2020-07-12T01:11:48.924+0000][5284][gc,stats    ]    Subphase: Concurrent Weak Roots ResolvedMethodTable     0.092 / 0.095         0.094 / 0.181         0.094 / 0.181         0.094 / 0.181       ms
[2020-07-12T01:11:48.924+0000][5284][gc,stats    ]    Subphase: Concurrent Weak Roots StringTable             0.720 / 0.788         0.747 / 1.341         0.747 / 1.341         0.747 / 1.341       ms
[2020-07-12T01:11:48.924+0000][5284][gc,stats    ]    Subphase: Concurrent Weak Roots VMWeakHandles           0.057 / 0.059         0.056 / 0.088         0.056 / 0.088         0.056 / 0.088       ms
[2020-07-12T01:11:48.924+0000][5284][gc,stats    ]    Subphase: Pause Mark Try Complete                       0.172 / 0.180         0.152 / 0.203         0.152 / 0.203         0.152 / 0.203       ms
[2020-07-12T01:11:48.924+0000][5284][gc,stats    ]    Subphase: Pause Roots                                   0.039 / 0.111         0.039 / 0.936         0.039 / 0.936         0.039 / 0.936       ms
[2020-07-12T01:11:48.924+0000][5284][gc,stats    ]    Subphase: Pause Roots CodeCache                         0.000 / 0.000         0.000 / 0.000         0.000 / 0.000         0.000 / 0.000       ms
[2020-07-12T01:11:48.924+0000][5284][gc,stats    ]    Subphase: Pause Roots JVMTIExport                       0.002 / 0.002         0.002 / 0.007         0.002 / 0.007         0.002 / 0.007       ms
[2020-07-12T01:11:48.924+0000][5284][gc,stats    ]    Subphase: Pause Roots JVMTIWeakExport                   0.001 / 0.001         0.001 / 0.001         0.001 / 0.001         0.001 / 0.001       ms
[2020-07-12T01:11:48.924+0000][5284][gc,stats    ]    Subphase: Pause Roots Management                        0.001 / 0.001         0.001 / 0.009         0.001 / 0.009         0.001 / 0.009       ms
[2020-07-12T01:11:48.924+0000][5284][gc,stats    ]    Subphase: Pause Roots ObjectSynchronizer                0.000 / 0.000         0.000 / 0.001         0.000 / 0.001         0.000 / 0.001       ms
[2020-07-12T01:11:48.924+0000][5284][gc,stats    ]    Subphase: Pause Roots Setup                             0.003 / 0.009         0.001 / 0.036         0.001 / 0.036         0.001 / 0.036       ms
[2020-07-12T01:11:48.924+0000][5284][gc,stats    ]    Subphase: Pause Roots SystemDictionary                  0.016 / 0.024         0.011 / 0.042         0.011 / 0.042         0.011 / 0.042       ms
[2020-07-12T01:11:48.924+0000][5284][gc,stats    ]    Subphase: Pause Roots Teardown                          0.001 / 0.001         0.001 / 0.013         0.001 / 0.013         0.001 / 0.013       ms
[2020-07-12T01:11:48.924+0000][5284][gc,stats    ]    Subphase: Pause Roots Threads                           0.055 / 0.098         0.045 / 0.913         0.045 / 0.913         0.045 / 0.913       ms
[2020-07-12T01:11:48.924+0000][5284][gc,stats    ]    Subphase: Pause Roots Universe                          0.002 / 0.003         0.002 / 0.011         0.002 / 0.011         0.002 / 0.011       ms
[2020-07-12T01:11:48.924+0000][5284][gc,stats    ]    Subphase: Pause Weak Roots                              0.011 / 0.063         0.010 / 0.087         0.010 / 0.087         0.010 / 0.087       ms
[2020-07-12T01:11:48.924+0000][5284][gc,stats    ]    Subphase: Pause Weak Roots JFRWeak                      0.053 / 0.061         0.046 / 0.084         0.046 / 0.084         0.046 / 0.084       ms
[2020-07-12T01:11:48.924+0000][5284][gc,stats    ]    Subphase: Pause Weak Roots JVMTIWeakExport              0.001 / 0.001         0.001 / 0.001         0.001 / 0.001         0.001 / 0.001       ms
[2020-07-12T01:11:48.924+0000][5284][gc,stats    ]    Subphase: Pause Weak Roots Setup                        0.000 / 0.000         0.000 / 0.001         0.000 / 0.001         0.000 / 0.001       ms
[2020-07-12T01:11:48.924+0000][5284][gc,stats    ]    Subphase: Pause Weak Roots Teardown                     0.000 / 0.000         0.000 / 0.000         0.000 / 0.000         0.000 / 0.000       ms
[2020-07-12T01:11:48.924+0000][5284][gc,stats    ]      System: Java Threads                                     37 / 37               35 / 38               35 / 38               35 / 38          threads
[2020-07-12T01:11:48.924+0000][5284][gc,stats    ] =========================================================================================================================================================
[2020-07-12T01:11:51.527+0000][5284][gc,heap     ] GC(79) Heap before GC invocations=79 (full 79): ZHeap           used 538M, capacity 4096M, max capacity 4096M
[2020-07-12T01:11:51.527+0000][5284][gc,heap     ] GC(79)  Metaspace       used 80232K, capacity 83029K, committed 83268K, reserved 83968K
[2020-07-12T01:11:51.527+0000][5284][gc,start    ] GC(79) Garbage Collection (Proactive)
[2020-07-12T01:11:51.527+0000][5284][gc,phases   ] GC(79) Pause Mark Start 0.137ms
[2020-07-12T01:11:51.527+0000][5284][safepoint   ] Safepoint "ZMarkStart", Time since last: 4425146005 ns, Reaching safepoint: 120094 ns, At safepoint: 162964 ns, Total: 283058 ns
[2020-07-12T01:11:51.575+0000][5284][gc,phases   ] GC(79) Concurrent Mark 48.334ms
[2020-07-12T01:11:51.576+0000][5284][gc,phases   ] GC(79) Pause Mark End 0.362ms
[2020-07-12T01:11:51.576+0000][5284][safepoint   ] Safepoint "ZMarkEnd", Time since last: 48471511 ns, Reaching safepoint: 114633 ns, At safepoint: 380862 ns, Total: 495495 ns
[2020-07-12T01:11:51.606+0000][5284][gc,phases   ] GC(79) Concurrent Process Non-Strong References 29.648ms
[2020-07-12T01:11:51.606+0000][5284][gc,phases   ] GC(79) Concurrent Reset Relocation Set 0.003ms
[2020-07-12T01:11:51.607+0000][5284][gc,phases   ] GC(79) Concurrent Select Relocation Set 1.005ms
[2020-07-12T01:11:51.607+0000][5284][gc,phases   ] GC(79) Pause Relocate Start 0.105ms
[2020-07-12T01:11:51.607+0000][5284][safepoint   ] Safepoint "ZRelocateStart", Time since last: 30809150 ns, Reaching safepoint: 259492 ns, At safepoint: 122418 ns, Total: 381910 ns
[2020-07-12T01:11:51.609+0000][5284][gc,phases   ] GC(79) Concurrent Relocate 1.328ms
[2020-07-12T01:11:51.609+0000][5284][gc,heap     ] GC(79) Heap after GC invocations=80 (full 80): ZHeap           used 68M, capacity 4096M, max capacity 4096M
[2020-07-12T01:11:51.609+0000][5284][gc,heap     ] GC(79)  Metaspace       used 80232K, capacity 83029K, committed 83268K, reserved 83968K
[2020-07-12T01:11:51.609+0000][5284][gc,load     ] GC(79) Load: 2.02/1.44/0.83
[2020-07-12T01:11:51.609+0000][5284][gc,mmu      ] GC(79) MMU: 2ms/49.3%, 5ms/79.7%, 10ms/89.9%, 20ms/94.9%, 50ms/97.3%, 100ms/98.3%
[2020-07-12T01:11:51.609+0000][5284][gc,marking  ] GC(79) Mark: 1 stripe(s), 2 proactive flush(es), 1 terminate flush(es), 1 completion(s), 0 continuation(s) 
[2020-07-12T01:11:51.609+0000][5284][gc,reloc    ] GC(79) Relocation: Successful, 1M relocated
[2020-07-12T01:11:51.609+0000][5284][gc,nmethod  ] GC(79) NMethods: 5614 registered, 0 unregistered
[2020-07-12T01:11:51.609+0000][5284][gc,metaspace] GC(79) Metaspace: 78M used, 81M capacity, 81M committed, 82M reserved
[2020-07-12T01:11:51.609+0000][5284][gc,ref      ] GC(79) Soft: 3922 encountered, 0 discovered, 0 enqueued
[2020-07-12T01:11:51.609+0000][5284][gc,ref      ] GC(79) Weak: 6656 encountered, 4331 discovered, 0 enqueued
[2020-07-12T01:11:51.609+0000][5284][gc,ref      ] GC(79) Final: 3 encountered, 0 discovered, 0 enqueued
[2020-07-12T01:11:51.609+0000][5284][gc,ref      ] GC(79) Phantom: 435 encountered, 294 discovered, 0 enqueued
[2020-07-12T01:11:51.609+0000][5284][gc,heap     ] GC(79) Min Capacity: 4096M(100%)
[2020-07-12T01:11:51.609+0000][5284][gc,heap     ] GC(79) Max Capacity: 4096M(100%)
[2020-07-12T01:11:51.609+0000][5284][gc,heap     ] GC(79) Soft Max Capacity: 4096M(100%)
[2020-07-12T01:11:51.609+0000][5284][gc,heap     ] GC(79)                Mark Start          Mark End        Relocate Start      Relocate End           High               Low         
[2020-07-12T01:11:51.609+0000][5284][gc,heap     ] GC(79)  Capacity:     4096M (100%)       4096M (100%)       4096M (100%)       4096M (100%)       4096M (100%)       4096M (100%)   
[2020-07-12T01:11:51.609+0000][5284][gc,heap     ] GC(79)   Reserve:       42M (1%)           42M (1%)           42M (1%)           42M (1%)           42M (1%)           42M (1%)     
[2020-07-12T01:11:51.609+0000][5284][gc,heap     ] GC(79)      Free:     3516M (86%)        3514M (86%)        3948M (96%)        3986M (97%)        3986M (97%)        3512M (86%)    
[2020-07-12T01:11:51.609+0000][5284][gc,heap     ] GC(79)      Used:      538M (13%)         540M (13%)         106M (3%)           68M (2%)          542M (13%)          68M (2%)     
[2020-07-12T01:11:51.609+0000][5284][gc,heap     ] GC(79)      Live:         -                28M (1%)           28M (1%)           28M (1%)             -                  -          
[2020-07-12T01:11:51.609+0000][5284][gc,heap     ] GC(79) Allocated:         -                 2M (0%)            4M (0%)            8M (0%)             -                  -          
[2020-07-12T01:11:51.609+0000][5284][gc,heap     ] GC(79)   Garbage:         -               509M (12%)          73M (2%)           35M (1%)             -                  -          
[2020-07-12T01:11:51.609+0000][5284][gc,heap     ] GC(79) Reclaimed:         -                  -               436M (11%)         474M (12%)            -                  -          
[2020-07-12T01:11:51.609+0000][5284][gc          ] GC(79) Garbage Collection (Proactive) 538M(13%)->68M(2%)
[2020-07-12T01:11:53.824+0000][5284][safepoint   ] Safepoint "PrintThreads", Time since last: 2216244951 ns, Reaching safepoint: 96717 ns, At safepoint: 642768 ns, Total: 739485 ns
[2020-07-12T01:11:53.824+0000][5284][safepoint   ] Safepoint "PrintJNI", Time since last: 84731 ns, Reaching safepoint: 81079 ns, At safepoint: 4235 ns, Total: 85314 ns
[2020-07-12T01:11:53.825+0000][5284][safepoint   ] Safepoint "FindDeadlocks", Time since last: 133294 ns, Reaching safepoint: 43467 ns, At safepoint: 5605 ns, Total: 49072 ns
[2020-07-12T01:11:55.824+0000][5284][gc,heap     ] GC(80) Heap before GC invocations=80 (full 80): ZHeap           used 636M, capacity 4096M, max capacity 4096M
[2020-07-12T01:11:55.824+0000][5284][gc,heap     ] GC(80)  Metaspace       used 80232K, capacity 83029K, committed 83268K, reserved 83968K
[2020-07-12T01:11:55.824+0000][5284][gc,start    ] GC(80) Garbage Collection (Proactive)
[2020-07-12T01:11:55.824+0000][5284][gc,phases   ] GC(80) Pause Mark Start 0.127ms
[2020-07-12T01:11:55.824+0000][5284][safepoint   ] Safepoint "ZMarkStart", Time since last: 1999455324 ns, Reaching safepoint: 140588 ns, At safepoint: 148573 ns, Total: 289161 ns
[2020-07-12T01:11:55.872+0000][5284][gc,phases   ] GC(80) Concurrent Mark 47.291ms
[2020-07-12T01:11:55.872+0000][5284][gc,phases   ] GC(80) Pause Mark End 0.283ms
[2020-07-12T01:11:55.872+0000][5284][safepoint   ] Safepoint "ZMarkEnd", Time since last: 47424923 ns, Reaching safepoint: 87300 ns, At safepoint: 308164 ns, Total: 395464 ns
[2020-07-12T01:11:55.903+0000][5284][gc,phases   ] GC(80) Concurrent Process Non-Strong References 30.465ms
[2020-07-12T01:11:55.903+0000][5284][gc,phases   ] GC(80) Concurrent Reset Relocation Set 0.004ms
[2020-07-12T01:11:55.904+0000][5284][gc,phases   ] GC(80) Concurrent Select Relocation Set 1.014ms
[2020-07-12T01:11:55.904+0000][5284][gc,phases   ] GC(80) Pause Relocate Start 0.101ms
[2020-07-12T01:11:55.904+0000][5284][safepoint   ] Safepoint "ZRelocateStart", Time since last: 31618822 ns, Reaching safepoint: 77350 ns, At safepoint: 117770 ns, Total: 195120 ns
[2020-07-12T01:11:55.905+0000][5284][gc,phases   ] GC(80) Concurrent Relocate 1.362ms
[2020-07-12T01:11:55.905+0000][5284][gc,heap     ] GC(80) Heap after GC invocations=81 (full 81): ZHeap           used 68M, capacity 4096M, max capacity 4096M
[2020-07-12T01:11:55.905+0000][5284][gc,heap     ] GC(80)  Metaspace       used 80232K, capacity 83029K, committed 83268K, reserved 83968K
[2020-07-12T01:11:55.905+0000][5284][gc,load     ] GC(80) Load: 2.10/1.47/0.84
[2020-07-12T01:11:55.905+0000][5284][gc,mmu      ] GC(80) MMU: 2ms/49.3%, 5ms/79.7%, 10ms/89.9%, 20ms/94.9%, 50ms/97.3%, 100ms/98.3%
[2020-07-12T01:11:55.905+0000][5284][gc,marking  ] GC(80) Mark: 1 stripe(s), 2 proactive flush(es), 1 terminate flush(es), 1 completion(s), 0 continuation(s) 
[2020-07-12T01:11:55.905+0000][5284][gc,reloc    ] GC(80) Relocation: Successful, 1M relocated
[2020-07-12T01:11:55.905+0000][5284][gc,nmethod  ] GC(80) NMethods: 5614 registered, 0 unregistered
[2020-07-12T01:11:55.905+0000][5284][gc,metaspace] GC(80) Metaspace: 78M used, 81M capacity, 81M committed, 82M reserved
[2020-07-12T01:11:55.905+0000][5284][gc,ref      ] GC(80) Soft: 3922 encountered, 0 discovered, 0 enqueued
[2020-07-12T01:11:55.905+0000][5284][gc,ref      ] GC(80) Weak: 6658 encountered, 4333 discovered, 0 enqueued
[2020-07-12T01:11:55.905+0000][5284][gc,ref      ] GC(80) Final: 3 encountered, 0 discovered, 0 enqueued
[2020-07-12T01:11:55.905+0000][5284][gc,ref      ] GC(80) Phantom: 435 encountered, 294 discovered, 0 enqueued
[2020-07-12T01:11:55.905+0000][5284][gc,heap     ] GC(80) Min Capacity: 4096M(100%)
[2020-07-12T01:11:55.905+0000][5284][gc,heap     ] GC(80) Max Capacity: 4096M(100%)
[2020-07-12T01:11:55.905+0000][5284][gc,heap     ] GC(80) Soft Max Capacity: 4096M(100%)
[2020-07-12T01:11:55.905+0000][5284][gc,heap     ] GC(80)                Mark Start          Mark End        Relocate Start      Relocate End           High               Low         
[2020-07-12T01:11:55.905+0000][5284][gc,heap     ] GC(80)  Capacity:     4096M (100%)       4096M (100%)       4096M (100%)       4096M (100%)       4096M (100%)       4096M (100%)   
[2020-07-12T01:11:55.905+0000][5284][gc,heap     ] GC(80)   Reserve:       42M (1%)           42M (1%)           42M (1%)           42M (1%)           42M (1%)           42M (1%)     
[2020-07-12T01:11:55.905+0000][5284][gc,heap     ] GC(80)      Free:     3418M (83%)        3416M (83%)        3936M (96%)        3986M (97%)        3986M (97%)        3416M (83%)    
[2020-07-12T01:11:55.905+0000][5284][gc,heap     ] GC(80)      Used:      636M (16%)         638M (16%)         118M (3%)           68M (2%)          638M (16%)          68M (2%)     
[2020-07-12T01:11:55.906+0000][5284][gc,heap     ] GC(80)      Live:         -                28M (1%)           28M (1%)           28M (1%)             -                  -          
[2020-07-12T01:11:55.906+0000][5284][gc,heap     ] GC(80) Allocated:         -                 2M (0%)            2M (0%)            8M (0%)             -                  -          
[2020-07-12T01:11:55.906+0000][5284][gc,heap     ] GC(80)   Garbage:         -               607M (15%)          87M (2%)           37M (1%)             -                  -          
[2020-07-12T01:11:55.906+0000][5284][gc,heap     ] GC(80) Reclaimed:         -                  -               520M (13%)         570M (14%)            -                  -          
[2020-07-12T01:11:55.906+0000][5284][gc          ] GC(80) Garbage Collection (Proactive) 636M(16%)->68M(2%)
[2020-07-12T01:11:58.924+0000][5284][gc,stats    ] === Garbage Collection Statistics =======================================================================================================================
[2020-07-12T01:11:58.924+0000][5284][gc,stats    ]                                                              Last 10s              Last 10m              Last 10h                Total
[2020-07-12T01:11:58.924+0000][5284][gc,stats    ]                                                              Avg / Max             Avg / Max             Avg / Max             Avg / Max
[2020-07-12T01:11:58.924+0000][5284][gc,stats    ]   Collector: Garbage Collection Cycle                     81.724 / 81.973       77.501 / 117.511      77.501 / 117.511      77.501 / 117.511     ms
[2020-07-12T01:11:58.924+0000][5284][gc,stats    ]  Contention: Mark Segment Reset Contention                     0 / 0                 0 / 0                 0 / 0                 0 / 0           ops/s
[2020-07-12T01:11:58.924+0000][5284][gc,stats    ]  Contention: Mark SeqNum Reset Contention                      0 / 0                 0 / 0                 0 / 0                 0 / 0           ops/s
[2020-07-12T01:11:58.924+0000][5284][gc,stats    ]  Contention: Relocation Contention                             0 / 0                 0 / 12                0 / 12                0 / 12          ops/s
[2020-07-12T01:11:58.924+0000][5284][gc,stats    ]    Critical: Allocation Stall                              0.000 / 0.000         0.000 / 0.000         0.000 / 0.000         0.000 / 0.000       ms
[2020-07-12T01:11:58.924+0000][5284][gc,stats    ]    Critical: Allocation Stall                                  0 / 0                 0 / 0                 0 / 0                 0 / 0           ops/s
[2020-07-12T01:11:58.924+0000][5284][gc,stats    ]    Critical: GC Locker Stall                               0.000 / 0.000         0.093 / 0.093         0.093 / 0.093         0.093 / 0.093       ms
[2020-07-12T01:11:58.924+0000][5284][gc,stats    ]    Critical: GC Locker Stall                                   0 / 0                 0 / 1                 0 / 1                 0 / 1           ops/s
[2020-07-12T01:11:58.924+0000][5284][gc,stats    ]      Memory: Allocation Rate                                 116 / 136             111 / 238             111 / 238             111 / 238         MB/s
[2020-07-12T01:11:58.924+0000][5284][gc,stats    ]      Memory: Heap Used After Mark                            589 / 638             576 / 1286            576 / 1286            576 / 1286        MB
[2020-07-12T01:11:58.924+0000][5284][gc,stats    ]      Memory: Heap Used After Relocation                       68 / 68               81 / 116              81 / 116              81 / 116         MB
[2020-07-12T01:11:58.924+0000][5284][gc,stats    ]      Memory: Heap Used Before Mark                           587 / 636             562 / 1270            562 / 1270            562 / 1270        MB
[2020-07-12T01:11:58.924+0000][5284][gc,stats    ]      Memory: Heap Used Before Relocation                     112 / 118             131 / 338             131 / 338             131 / 338         MB
[2020-07-12T01:11:58.924+0000][5284][gc,stats    ]      Memory: Out Of Memory                                     0 / 0                 0 / 0                 0 / 0                 0 / 0           ops/s
[2020-07-12T01:11:58.924+0000][5284][gc,stats    ]      Memory: Page Cache Flush                                  0 / 0                 0 / 0                 0 / 0                 0 / 0           MB/s
[2020-07-12T01:11:58.924+0000][5284][gc,stats    ]      Memory: Page Cache Hit L1                                58 / 71               54 / 121              54 / 121              54 / 121         ops/s
[2020-07-12T01:11:58.924+0000][5284][gc,stats    ]      Memory: Page Cache Hit L2                                 0 / 0                 0 / 0                 0 / 0                 0 / 0           ops/s
[2020-07-12T01:11:58.924+0000][5284][gc,stats    ]      Memory: Page Cache Hit L3                                 0 / 0                 1 / 96                1 / 96                1 / 96          ops/s
[2020-07-12T01:11:58.924+0000][5284][gc,stats    ]      Memory: Page Cache Miss                                   0 / 0                 0 / 0                 0 / 0                 0 / 0           ops/s
[2020-07-12T01:11:58.924+0000][5284][gc,stats    ]      Memory: Uncommit                                          0 / 0                 0 / 0                 0 / 0                 0 / 0           MB/s
[2020-07-12T01:11:58.924+0000][5284][gc,stats    ]      Memory: Undo Object Allocation Failed                     0 / 0                 0 / 0                 0 / 0                 0 / 0           ops/s
[2020-07-12T01:11:58.924+0000][5284][gc,stats    ]      Memory: Undo Object Allocation Succeeded                  0 / 0                 0 / 12                0 / 12                0 / 12          ops/s
[2020-07-12T01:11:58.924+0000][5284][gc,stats    ]      Memory: Undo Page Allocation                              0 / 0                 0 / 0                 0 / 0                 0 / 0           ops/s
[2020-07-12T01:11:58.924+0000][5284][gc,stats    ]       Phase: Concurrent Mark                              47.813 / 48.334       47.747 / 77.269       47.747 / 77.269       47.747 / 77.269      ms
[2020-07-12T01:11:58.924+0000][5284][gc,stats    ]       Phase: Concurrent Mark Continue                      0.000 / 0.000         0.000 / 0.000         0.000 / 0.000         0.000 / 0.000       ms
[2020-07-12T01:11:58.924+0000][5284][gc,stats    ]       Phase: Concurrent Process Non-Strong References     30.056 / 30.465       25.087 / 37.730       25.087 / 37.730       25.087 / 37.730      ms
[2020-07-12T01:11:58.924+0000][5284][gc,stats    ]       Phase: Concurrent Relocate                           1.345 / 1.362         1.756 / 18.136        1.756 / 18.136        1.756 / 18.136      ms
[2020-07-12T01:11:58.924+0000][5284][gc,stats    ]       Phase: Concurrent Reset Relocation Set               0.003 / 0.004         0.004 / 0.015         0.004 / 0.015         0.004 / 0.015       ms
[2020-07-12T01:11:58.924+0000][5284][gc,stats    ]       Phase: Concurrent Select Relocation Set              1.009 / 1.014         1.079 / 5.622         1.079 / 5.622         1.079 / 5.622       ms
[2020-07-12T01:11:58.924+0000][5284][gc,stats    ]       Phase: Pause Mark End                                0.323 / 0.362         0.335 / 0.559         0.335 / 0.559         0.335 / 0.559       ms
[2020-07-12T01:11:58.924+0000][5284][gc,stats    ]       Phase: Pause Mark Start                              0.132 / 0.137         0.172 / 0.724         0.172 / 0.724         0.172 / 0.724       ms
[2020-07-12T01:11:58.924+0000][5284][gc,stats    ]       Phase: Pause Relocate Start                          0.103 / 0.105         0.136 / 1.014         0.136 / 1.014         0.136 / 1.014       ms
[2020-07-12T01:11:58.924+0000][5284][gc,stats    ]    Subphase: Concurrent Classes Purge                      1.073 / 1.357         0.792 / 8.877         0.792 / 8.877         0.792 / 8.877       ms
[2020-07-12T01:11:58.924+0000][5284][gc,stats    ]    Subphase: Concurrent Classes Unlink                    27.228 / 27.789       22.567 / 34.491       22.567 / 34.491       22.567 / 34.491      ms
[2020-07-12T01:11:58.924+0000][5284][gc,stats    ]    Subphase: Concurrent Mark                              47.245 / 47.856       47.029 / 76.517       47.029 / 76.517       47.029 / 76.517      ms
[2020-07-12T01:11:58.924+0000][5284][gc,stats    ]    Subphase: Concurrent Mark Idle                          0.000 / 0.000         0.000 / 0.000         0.000 / 0.000         0.000 / 0.000       ms
[2020-07-12T01:11:58.924+0000][5284][gc,stats    ]    Subphase: Concurrent Mark Try Flush                     0.071 / 0.132         0.107 / 1.569         0.107 / 1.569         0.107 / 1.569       ms
[2020-07-12T01:11:58.925+0000][5284][gc,stats    ]    Subphase: Concurrent Mark Try Terminate                 0.032 / 0.117         0.048 / 0.756         0.048 / 0.756         0.048 / 0.756       ms
[2020-07-12T01:11:58.925+0000][5284][gc,stats    ]    Subphase: Concurrent References Enqueue                 0.000 / 0.000         0.001 / 0.004         0.001 / 0.004         0.001 / 0.004       ms
[2020-07-12T01:11:58.925+0000][5284][gc,stats    ]    Subphase: Concurrent References Process                 0.570 / 0.696         0.528 / 1.144         0.528 / 1.144         0.528 / 1.144       ms
[2020-07-12T01:11:58.925+0000][5284][gc,stats    ]    Subphase: Concurrent Roots                              0.260 / 0.299         0.310 / 1.449         0.310 / 1.449         0.310 / 1.449       ms
[2020-07-12T01:11:58.925+0000][5284][gc,stats    ]    Subphase: Concurrent Roots ClassLoaderDataGraph         0.254 / 0.293         0.304 / 1.421         0.304 / 1.421         0.304 / 1.421       ms
[2020-07-12T01:11:58.925+0000][5284][gc,stats    ]    Subphase: Concurrent Roots JNIHandles                   0.003 / 0.004         0.004 / 0.012         0.004 / 0.012         0.004 / 0.012       ms
[2020-07-12T01:11:58.925+0000][5284][gc,stats    ]    Subphase: Concurrent Roots Setup                        0.189 / 0.222         0.188 / 0.465         0.188 / 0.465         0.188 / 0.465       ms
[2020-07-12T01:11:58.925+0000][5284][gc,stats    ]    Subphase: Concurrent Roots Teardown                     0.000 / 0.000         0.000 / 0.002         0.000 / 0.002         0.000 / 0.002       ms
[2020-07-12T01:11:58.925+0000][5284][gc,stats    ]    Subphase: Concurrent Roots VMHandles                    0.000 / 0.000         0.000 / 0.000         0.000 / 0.000         0.000 / 0.000       ms
[2020-07-12T01:11:58.925+0000][5284][gc,stats    ]    Subphase: Concurrent Weak Roots                         0.933 / 0.940         0.901 / 1.534         0.901 / 1.534         0.901 / 1.534       ms
[2020-07-12T01:11:58.925+0000][5284][gc,stats    ]    Subphase: Concurrent Weak Roots JNIWeakHandles          0.001 / 0.001         0.001 / 0.004         0.001 / 0.004         0.001 / 0.004       ms
[2020-07-12T01:11:58.925+0000][5284][gc,stats    ]    Subphase: Concurrent Weak Roots ResolvedMethodTable     0.099 / 0.110         0.094 / 0.181         0.094 / 0.181         0.094 / 0.181       ms
[2020-07-12T01:11:58.925+0000][5284][gc,stats    ]    Subphase: Concurrent Weak Roots StringTable             0.767 / 0.774         0.748 / 1.341         0.748 / 1.341         0.748 / 1.341       ms
[2020-07-12T01:11:58.925+0000][5284][gc,stats    ]    Subphase: Concurrent Weak Roots VMWeakHandles           0.063 / 0.066         0.056 / 0.088         0.056 / 0.088         0.056 / 0.088       ms
[2020-07-12T01:11:58.925+0000][5284][gc,stats    ]    Subphase: Pause Mark Try Complete                       0.170 / 0.175         0.152 / 0.203         0.152 / 0.203         0.152 / 0.203       ms
[2020-07-12T01:11:58.925+0000][5284][gc,stats    ]    Subphase: Pause Roots                                   0.029 / 0.106         0.039 / 0.936         0.039 / 0.936         0.039 / 0.936       ms
[2020-07-12T01:11:58.925+0000][5284][gc,stats    ]    Subphase: Pause Roots CodeCache                         0.000 / 0.000         0.000 / 0.000         0.000 / 0.000         0.000 / 0.000       ms
[2020-07-12T01:11:58.925+0000][5284][gc,stats    ]    Subphase: Pause Roots JVMTIExport                       0.002 / 0.002         0.002 / 0.007         0.002 / 0.007         0.002 / 0.007       ms
[2020-07-12T01:11:58.925+0000][5284][gc,stats    ]    Subphase: Pause Roots JVMTIWeakExport                   0.000 / 0.001         0.001 / 0.001         0.001 / 0.001         0.001 / 0.001       ms
[2020-07-12T01:11:58.925+0000][5284][gc,stats    ]    Subphase: Pause Roots Management                        0.001 / 0.001         0.001 / 0.009         0.001 / 0.009         0.001 / 0.009       ms
[2020-07-12T01:11:58.925+0000][5284][gc,stats    ]    Subphase: Pause Roots ObjectSynchronizer                0.000 / 0.000         0.000 / 0.001         0.000 / 0.001         0.000 / 0.001       ms
[2020-07-12T01:11:58.925+0000][5284][gc,stats    ]    Subphase: Pause Roots Setup                             0.001 / 0.001         0.001 / 0.036         0.001 / 0.036         0.001 / 0.036       ms
[2020-07-12T01:11:58.925+0000][5284][gc,stats    ]    Subphase: Pause Roots SystemDictionary                  0.011 / 0.013         0.011 / 0.042         0.011 / 0.042         0.011 / 0.042       ms
[2020-07-12T01:11:58.925+0000][5284][gc,stats    ]    Subphase: Pause Roots Teardown                          0.001 / 0.001         0.001 / 0.013         0.001 / 0.013         0.001 / 0.013       ms
[2020-07-12T01:11:58.925+0000][5284][gc,stats    ]    Subphase: Pause Roots Threads                           0.049 / 0.085         0.045 / 0.913         0.045 / 0.913         0.045 / 0.913       ms
[2020-07-12T01:11:58.925+0000][5284][gc,stats    ]    Subphase: Pause Roots Universe                          0.002 / 0.004         0.002 / 0.011         0.002 / 0.011         0.002 / 0.011       ms
[2020-07-12T01:11:58.925+0000][5284][gc,stats    ]    Subphase: Pause Weak Roots                              0.013 / 0.063         0.010 / 0.087         0.010 / 0.087         0.010 / 0.087       ms
[2020-07-12T01:11:58.925+0000][5284][gc,stats    ]    Subphase: Pause Weak Roots JFRWeak                      0.061 / 0.061         0.047 / 0.084         0.047 / 0.084         0.047 / 0.084       ms
[2020-07-12T01:11:58.925+0000][5284][gc,stats    ]    Subphase: Pause Weak Roots JVMTIWeakExport              0.001 / 0.001         0.001 / 0.001         0.001 / 0.001         0.001 / 0.001       ms
[2020-07-12T01:11:58.925+0000][5284][gc,stats    ]    Subphase: Pause Weak Roots Setup                        0.000 / 0.000         0.000 / 0.001         0.000 / 0.001         0.000 / 0.001       ms
[2020-07-12T01:11:58.925+0000][5284][gc,stats    ]    Subphase: Pause Weak Roots Teardown                     0.000 / 0.000         0.000 / 0.000         0.000 / 0.000         0.000 / 0.000       ms
[2020-07-12T01:11:58.925+0000][5284][gc,stats    ]      System: Java Threads                                     37 / 37               35 / 38               35 / 38               35 / 38          threads
[2020-07-12T01:11:58.925+0000][5284][gc,stats    ] =========================================================================================================================================================
[2020-07-12T01:12:00.224+0000][5284][gc,heap     ] GC(81) Heap before GC invocations=81 (full 81): ZHeap           used 482M, capacity 4096M, max capacity 4096M
[2020-07-12T01:12:00.224+0000][5284][gc,heap     ] GC(81)  Metaspace       used 80232K, capacity 83029K, committed 83268K, reserved 83968K
[2020-07-12T01:12:00.224+0000][5284][gc,start    ] GC(81) Garbage Collection (Proactive)
[2020-07-12T01:12:00.225+0000][5284][gc,phases   ] GC(81) Pause Mark Start 0.124ms
[2020-07-12T01:12:00.225+0000][5284][safepoint   ] Safepoint "ZMarkStart", Time since last: 4320172941 ns, Reaching safepoint: 537800 ns, At safepoint: 147040 ns, Total: 684840 ns
[2020-07-12T01:12:00.285+0000][5284][gc,phases   ] GC(81) Concurrent Mark 59.855ms
[2020-07-12T01:12:00.285+0000][5284][gc,phases   ] GC(81) Pause Mark End 0.543ms
[2020-07-12T01:12:00.285+0000][5284][safepoint   ] Safepoint "ZMarkEnd", Time since last: 59969465 ns, Reaching safepoint: 75342 ns, At safepoint: 579477 ns, Total: 654819 ns
[2020-07-12T01:12:00.316+0000][5284][gc,phases   ] GC(81) Concurrent Process Non-Strong References 30.618ms
[2020-07-12T01:12:00.316+0000][5284][gc,phases   ] GC(81) Concurrent Reset Relocation Set 0.004ms
[2020-07-12T01:12:00.317+0000][5284][gc,phases   ] GC(81) Concurrent Select Relocation Set 0.976ms
[2020-07-12T01:12:00.318+0000][5284][gc,phases   ] GC(81) Pause Relocate Start 0.106ms
[2020-07-12T01:12:00.318+0000][5284][safepoint   ] Safepoint "ZRelocateStart", Time since last: 31908206 ns, Reaching safepoint: 184793 ns, At safepoint: 128450 ns, Total: 313243 ns
[2020-07-12T01:12:00.319+0000][5284][gc,phases   ] GC(81) Concurrent Relocate 1.357ms
[2020-07-12T01:12:00.319+0000][5284][gc,heap     ] GC(81) Heap after GC invocations=82 (full 82): ZHeap           used 102M, capacity 4096M, max capacity 4096M
[2020-07-12T01:12:00.319+0000][5284][gc,heap     ] GC(81)  Metaspace       used 80232K, capacity 83029K, committed 83268K, reserved 83968K
[2020-07-12T01:12:00.319+0000][5284][gc,load     ] GC(81) Load: 2.09/1.48/0.84
[2020-07-12T01:12:00.319+0000][5284][gc,mmu      ] GC(81) MMU: 2ms/49.3%, 5ms/79.7%, 10ms/89.9%, 20ms/94.9%, 50ms/97.3%, 100ms/98.3%
[2020-07-12T01:12:00.319+0000][5284][gc,marking  ] GC(81) Mark: 1 stripe(s), 2 proactive flush(es), 1 terminate flush(es), 1 completion(s), 0 continuation(s) 
[2020-07-12T01:12:00.319+0000][5284][gc,reloc    ] GC(81) Relocation: Successful, 1M relocated
[2020-07-12T01:12:00.319+0000][5284][gc,nmethod  ] GC(81) NMethods: 5614 registered, 0 unregistered
[2020-07-12T01:12:00.319+0000][5284][gc,metaspace] GC(81) Metaspace: 78M used, 81M capacity, 81M committed, 82M reserved
[2020-07-12T01:12:00.319+0000][5284][gc,ref      ] GC(81) Soft: 3922 encountered, 0 discovered, 0 enqueued
[2020-07-12T01:12:00.319+0000][5284][gc,ref      ] GC(81) Weak: 6659 encountered, 4334 discovered, 0 enqueued
[2020-07-12T01:12:00.319+0000][5284][gc,ref      ] GC(81) Final: 3 encountered, 0 discovered, 0 enqueued
[2020-07-12T01:12:00.319+0000][5284][gc,ref      ] GC(81) Phantom: 435 encountered, 294 discovered, 0 enqueued
[2020-07-12T01:12:00.319+0000][5284][gc,heap     ] GC(81) Min Capacity: 4096M(100%)
[2020-07-12T01:12:00.319+0000][5284][gc,heap     ] GC(81) Max Capacity: 4096M(100%)
[2020-07-12T01:12:00.319+0000][5284][gc,heap     ] GC(81) Soft Max Capacity: 4096M(100%)
[2020-07-12T01:12:00.319+0000][5284][gc,heap     ] GC(81)                Mark Start          Mark End        Relocate Start      Relocate End           High               Low         
[2020-07-12T01:12:00.319+0000][5284][gc,heap     ] GC(81)  Capacity:     4096M (100%)       4096M (100%)       4096M (100%)       4096M (100%)       4096M (100%)       4096M (100%)   
[2020-07-12T01:12:00.319+0000][5284][gc,heap     ] GC(81)   Reserve:       42M (1%)           42M (1%)           42M (1%)           42M (1%)           42M (1%)           42M (1%)     
[2020-07-12T01:12:00.319+0000][5284][gc,heap     ] GC(81)      Free:     3572M (87%)        3544M (87%)        3912M (96%)        3952M (96%)        3952M (96%)        3534M (86%)    
[2020-07-12T01:12:00.319+0000][5284][gc,heap     ] GC(81)      Used:      482M (12%)         510M (12%)         142M (3%)          102M (2%)          520M (13%)         102M (2%)     
[2020-07-12T01:12:00.319+0000][5284][gc,heap     ] GC(81)      Live:         -                28M (1%)           28M (1%)           28M (1%)             -                  -          
[2020-07-12T01:12:00.319+0000][5284][gc,heap     ] GC(81) Allocated:         -                28M (1%)           38M (1%)           42M (1%)             -                  -          
[2020-07-12T01:12:00.319+0000][5284][gc,heap     ] GC(81)   Garbage:         -               453M (11%)          75M (2%)           35M (1%)             -                  -          
[2020-07-12T01:12:00.319+0000][5284][gc,heap     ] GC(81) Reclaimed:         -                  -               378M (9%)          418M (10%)            -                  -          
[2020-07-12T01:12:00.319+0000][5284][gc          ] GC(81) Garbage Collection (Proactive) 482M(12%)->102M(2%)
[2020-07-12T01:12:03.321+0000][5284][safepoint   ] Safepoint "Cleanup", Time since last: 3003471731 ns, Reaching safepoint: 148108 ns, At safepoint: 8354 ns, Total: 156462 ns
[2020-07-12T01:12:05.324+0000][5284][gc,heap     ] GC(82) Heap before GC invocations=82 (full 82): ZHeap           used 694M, capacity 4096M, max capacity 4096M
[2020-07-12T01:12:05.324+0000][5284][gc,heap     ] GC(82)  Metaspace       used 80234K, capacity 83029K, committed 83268K, reserved 83968K
[2020-07-12T01:12:05.324+0000][5284][gc,start    ] GC(82) Garbage Collection (Proactive)
[2020-07-12T01:12:05.324+0000][5284][gc,phases   ] GC(82) Pause Mark Start 0.171ms
[2020-07-12T01:12:05.324+0000][5284][safepoint   ] Safepoint "ZMarkStart", Time since last: 2002567325 ns, Reaching safepoint: 106556 ns, At safepoint: 199099 ns, Total: 305655 ns
[2020-07-12T01:12:05.392+0000][5284][gc,phases   ] GC(82) Concurrent Mark 67.787ms
[2020-07-12T01:12:05.392+0000][5284][gc,phases   ] GC(82) Pause Mark End 0.338ms
[2020-07-12T01:12:05.392+0000][5284][safepoint   ] Safepoint "ZMarkEnd", Time since last: 67841453 ns, Reaching safepoint: 80213 ns, At safepoint: 361701 ns, Total: 441914 ns
[2020-07-12T01:12:05.421+0000][5284][gc,phases   ] GC(82) Concurrent Process Non-Strong References 28.800ms
[2020-07-12T01:12:05.421+0000][5284][gc,phases   ] GC(82) Concurrent Reset Relocation Set 0.004ms
[2020-07-12T01:12:05.422+0000][5284][gc,phases   ] GC(82) Concurrent Select Relocation Set 0.995ms
[2020-07-12T01:12:05.422+0000][5284][gc,phases   ] GC(82) Pause Relocate Start 0.100ms
[2020-07-12T01:12:05.422+0000][5284][safepoint   ] Safepoint "ZRelocateStart", Time since last: 29858284 ns, Reaching safepoint: 70793 ns, At safepoint: 114508 ns, Total: 185301 ns
[2020-07-12T01:12:05.424+0000][5284][gc,phases   ] GC(82) Concurrent Relocate 1.255ms
[2020-07-12T01:12:05.424+0000][5284][gc,heap     ] GC(82) Heap after GC invocations=83 (full 83): ZHeap           used 70M, capacity 4096M, max capacity 4096M
[2020-07-12T01:12:05.424+0000][5284][gc,heap     ] GC(82)  Metaspace       used 80234K, capacity 83029K, committed 83268K, reserved 83968K
[2020-07-12T01:12:05.424+0000][5284][gc,load     ] GC(82) Load: 2.16/1.50/0.86
[2020-07-12T01:12:05.424+0000][5284][gc,mmu      ] GC(82) MMU: 2ms/49.3%, 5ms/79.7%, 10ms/89.9%, 20ms/94.9%, 50ms/97.3%, 100ms/98.3%
[2020-07-12T01:12:05.424+0000][5284][gc,marking  ] GC(82) Mark: 1 stripe(s), 2 proactive flush(es), 1 terminate flush(es), 1 completion(s), 0 continuation(s) 
[2020-07-12T01:12:05.424+0000][5284][gc,reloc    ] GC(82) Relocation: Successful, 1M relocated
[2020-07-12T01:12:05.424+0000][5284][gc,nmethod  ] GC(82) NMethods: 5618 registered, 0 unregistered
[2020-07-12T01:12:05.424+0000][5284][gc,metaspace] GC(82) Metaspace: 78M used, 81M capacity, 81M committed, 82M reserved
[2020-07-12T01:12:05.424+0000][5284][gc,ref      ] GC(82) Soft: 3922 encountered, 0 discovered, 0 enqueued
[2020-07-12T01:12:05.424+0000][5284][gc,ref      ] GC(82) Weak: 6657 encountered, 4332 discovered, 0 enqueued
[2020-07-12T01:12:05.424+0000][5284][gc,ref      ] GC(82) Final: 3 encountered, 0 discovered, 0 enqueued
[2020-07-12T01:12:05.424+0000][5284][gc,ref      ] GC(82) Phantom: 435 encountered, 294 discovered, 0 enqueued
[2020-07-12T01:12:05.424+0000][5284][gc,heap     ] GC(82) Min Capacity: 4096M(100%)
[2020-07-12T01:12:05.424+0000][5284][gc,heap     ] GC(82) Max Capacity: 4096M(100%)
[2020-07-12T01:12:05.424+0000][5284][gc,heap     ] GC(82) Soft Max Capacity: 4096M(100%)
[2020-07-12T01:12:05.424+0000][5284][gc,heap     ] GC(82)                Mark Start          Mark End        Relocate Start      Relocate End           High               Low         
[2020-07-12T01:12:05.424+0000][5284][gc,heap     ] GC(82)  Capacity:     4096M (100%)       4096M (100%)       4096M (100%)       4096M (100%)       4096M (100%)       4096M (100%)   
[2020-07-12T01:12:05.424+0000][5284][gc,heap     ] GC(82)   Reserve:       42M (1%)           42M (1%)           42M (1%)           42M (1%)           42M (1%)           42M (1%)     
[2020-07-12T01:12:05.424+0000][5284][gc,heap     ] GC(82)      Free:     3360M (82%)        3358M (82%)        3950M (96%)        3984M (97%)        3984M (97%)        3358M (82%)    
[2020-07-12T01:12:05.424+0000][5284][gc,heap     ] GC(82)      Used:      694M (17%)         696M (17%)         104M (3%)           70M (2%)          696M (17%)          70M (2%)     
[2020-07-12T01:12:05.424+0000][5284][gc,heap     ] GC(82)      Live:         -                28M (1%)           28M (1%)           28M (1%)             -                  -          
[2020-07-12T01:12:05.424+0000][5284][gc,heap     ] GC(82) Allocated:         -                 2M (0%)            2M (0%)           10M (0%)             -                  -          
[2020-07-12T01:12:05.424+0000][5284][gc,heap     ] GC(82)   Garbage:         -               665M (16%)          73M (2%)           39M (1%)             -                  -          
[2020-07-12T01:12:05.424+0000][5284][gc,heap     ] GC(82) Reclaimed:         -                  -               592M (14%)         626M (15%)            -                  -          
[2020-07-12T01:12:05.424+0000][5284][gc          ] GC(82) Garbage Collection (Proactive) 694M(17%)->70M(2%)
[2020-07-12T01:12:08.924+0000][5284][gc,stats    ] === Garbage Collection Statistics =======================================================================================================================
[2020-07-12T01:12:08.924+0000][5284][gc,stats    ]                                                              Last 10s              Last 10m              Last 10h                Total
[2020-07-12T01:12:08.924+0000][5284][gc,stats    ]                                                              Avg / Max             Avg / Max             Avg / Max             Avg / Max
[2020-07-12T01:12:08.924+0000][5284][gc,stats    ]   Collector: Garbage Collection Cycle                     97.531 / 100.046      77.984 / 117.511      77.984 / 117.511      77.984 / 117.511     ms
[2020-07-12T01:12:08.924+0000][5284][gc,stats    ]  Contention: Mark Segment Reset Contention                     0 / 0                 0 / 0                 0 / 0                 0 / 0           ops/s
[2020-07-12T01:12:08.924+0000][5284][gc,stats    ]  Contention: Mark SeqNum Reset Contention                      0 / 0                 0 / 0                 0 / 0                 0 / 0           ops/s
[2020-07-12T01:12:08.924+0000][5284][gc,stats    ]  Contention: Relocation Contention                             0 / 0                 0 / 12                0 / 12                0 / 12          ops/s
[2020-07-12T01:12:08.925+0000][5284][gc,stats    ]    Critical: Allocation Stall                              0.000 / 0.000         0.000 / 0.000         0.000 / 0.000         0.000 / 0.000       ms
[2020-07-12T01:12:08.925+0000][5284][gc,stats    ]    Critical: Allocation Stall                                  0 / 0                 0 / 0                 0 / 0                 0 / 0           ops/s
[2020-07-12T01:12:08.925+0000][5284][gc,stats    ]    Critical: GC Locker Stall                               0.000 / 0.000         0.093 / 0.093         0.093 / 0.093         0.093 / 0.093       ms
[2020-07-12T01:12:08.925+0000][5284][gc,stats    ]    Critical: GC Locker Stall                                   0 / 0                 0 / 1                 0 / 1                 0 / 1           ops/s
[2020-07-12T01:12:08.925+0000][5284][gc,stats    ]      Memory: Allocation Rate                                 115 / 226             111 / 238             111 / 238             111 / 238         MB/s
[2020-07-12T01:12:08.925+0000][5284][gc,stats    ]      Memory: Heap Used After Mark                            603 / 696             576 / 1286            576 / 1286            576 / 1286        MB
[2020-07-12T01:12:08.925+0000][5284][gc,stats    ]      Memory: Heap Used After Relocation                       86 / 102              81 / 116              81 / 116              81 / 116         MB
[2020-07-12T01:12:08.925+0000][5284][gc,stats    ]      Memory: Heap Used Before Mark                           588 / 694             563 / 1270            563 / 1270            563 / 1270        MB
[2020-07-12T01:12:08.925+0000][5284][gc,stats    ]      Memory: Heap Used Before Relocation                     123 / 142             131 / 338             131 / 338             131 / 338         MB
[2020-07-12T01:12:08.925+0000][5284][gc,stats    ]      Memory: Out Of Memory                                     0 / 0                 0 / 0                 0 / 0                 0 / 0           ops/s
[2020-07-12T01:12:08.925+0000][5284][gc,stats    ]      Memory: Page Cache Flush                                  0 / 0                 0 / 0                 0 / 0                 0 / 0           MB/s
[2020-07-12T01:12:08.925+0000][5284][gc,stats    ]      Memory: Page Cache Hit L1                                58 / 115              54 / 121              54 / 121              54 / 121         ops/s
[2020-07-12T01:12:08.925+0000][5284][gc,stats    ]      Memory: Page Cache Hit L2                                 0 / 0                 0 / 0                 0 / 0                 0 / 0           ops/s
[2020-07-12T01:12:08.925+0000][5284][gc,stats    ]      Memory: Page Cache Hit L3                                 0 / 0                 1 / 96                1 / 96                1 / 96          ops/s
[2020-07-12T01:12:08.925+0000][5284][gc,stats    ]      Memory: Page Cache Miss                                   0 / 0                 0 / 0                 0 / 0                 0 / 0           ops/s
[2020-07-12T01:12:08.925+0000][5284][gc,stats    ]      Memory: Uncommit                                          0 / 0                 0 / 0                 0 / 0                 0 / 0           MB/s
[2020-07-12T01:12:08.925+0000][5284][gc,stats    ]      Memory: Undo Object Allocation Failed                     0 / 0                 0 / 0                 0 / 0                 0 / 0           ops/s
[2020-07-12T01:12:08.925+0000][5284][gc,stats    ]      Memory: Undo Object Allocation Succeeded                  0 / 0                 0 / 12                0 / 12                0 / 12          ops/s
[2020-07-12T01:12:08.925+0000][5284][gc,stats    ]      Memory: Undo Page Allocation                              0 / 0                 0 / 0                 0 / 0                 0 / 0           ops/s
[2020-07-12T01:12:08.925+0000][5284][gc,stats    ]       Phase: Concurrent Mark                              63.821 / 67.787       48.134 / 77.269       48.134 / 77.269       48.134 / 77.269      ms
[2020-07-12T01:12:08.925+0000][5284][gc,stats    ]       Phase: Concurrent Mark Continue                      0.000 / 0.000         0.000 / 0.000         0.000 / 0.000         0.000 / 0.000       ms
[2020-07-12T01:12:08.925+0000][5284][gc,stats    ]       Phase: Concurrent Process Non-Strong References     29.709 / 30.618       25.198 / 37.730       25.198 / 37.730       25.198 / 37.730      ms
[2020-07-12T01:12:08.925+0000][5284][gc,stats    ]       Phase: Concurrent Relocate                           1.306 / 1.357         1.745 / 18.136        1.745 / 18.136        1.745 / 18.136      ms
[2020-07-12T01:12:08.925+0000][5284][gc,stats    ]       Phase: Concurrent Reset Relocation Set               0.004 / 0.004         0.004 / 0.015         0.004 / 0.015         0.004 / 0.015       ms
[2020-07-12T01:12:08.925+0000][5284][gc,stats    ]       Phase: Concurrent Select Relocation Set              0.985 / 0.995         1.077 / 5.622         1.077 / 5.622         1.077 / 5.622       ms
[2020-07-12T01:12:08.925+0000][5284][gc,stats    ]       Phase: Pause Mark End                                0.441 / 0.543         0.338 / 0.559         0.338 / 0.559         0.338 / 0.559       ms
[2020-07-12T01:12:08.925+0000][5284][gc,stats    ]       Phase: Pause Mark Start                              0.147 / 0.171         0.172 / 0.724         0.172 / 0.724         0.172 / 0.724       ms
[2020-07-12T01:12:08.925+0000][5284][gc,stats    ]       Phase: Pause Relocate Start                          0.103 / 0.106         0.135 / 1.014         0.135 / 1.014         0.135 / 1.014       ms
[2020-07-12T01:12:08.925+0000][5284][gc,stats    ]    Subphase: Concurrent Classes Purge                      0.854 / 0.909         0.793 / 8.877         0.793 / 8.877         0.793 / 8.877       ms
[2020-07-12T01:12:08.925+0000][5284][gc,stats    ]    Subphase: Concurrent Classes Unlink                    27.280 / 27.978       22.680 / 34.491       22.680 / 34.491       22.680 / 34.491      ms
[2020-07-12T01:12:08.925+0000][5284][gc,stats    ]    Subphase: Concurrent Mark                              59.083 / 59.338       47.319 / 76.517       47.319 / 76.517       47.319 / 76.517      ms
[2020-07-12T01:12:08.926+0000][5284][gc,stats    ]    Subphase: Concurrent Mark Idle                          0.000 / 0.000         0.000 / 0.000         0.000 / 0.000         0.000 / 0.000       ms
[2020-07-12T01:12:08.926+0000][5284][gc,stats    ]    Subphase: Concurrent Mark Try Flush                     0.842 / 4.734         0.125 / 4.734         0.125 / 4.734         0.125 / 4.734       ms
[2020-07-12T01:12:08.926+0000][5284][gc,stats    ]    Subphase: Concurrent Mark Try Terminate                 1.187 / 4.736         0.075 / 4.736         0.075 / 4.736         0.075 / 4.736       ms
[2020-07-12T01:12:08.926+0000][5284][gc,stats    ]    Subphase: Concurrent References Enqueue                 0.001 / 0.001         0.001 / 0.004         0.001 / 0.004         0.001 / 0.004       ms
[2020-07-12T01:12:08.926+0000][5284][gc,stats    ]    Subphase: Concurrent References Process                 0.540 / 0.551         0.529 / 1.144         0.529 / 1.144         0.529 / 1.144       ms
[2020-07-12T01:12:08.926+0000][5284][gc,stats    ]    Subphase: Concurrent Roots                              0.330 / 0.427         0.310 / 1.449         0.310 / 1.449         0.310 / 1.449       ms
[2020-07-12T01:12:08.926+0000][5284][gc,stats    ]    Subphase: Concurrent Roots ClassLoaderDataGraph         0.323 / 0.418         0.304 / 1.421         0.304 / 1.421         0.304 / 1.421       ms
[2020-07-12T01:12:08.926+0000][5284][gc,stats    ]    Subphase: Concurrent Roots JNIHandles                   0.004 / 0.005         0.004 / 0.012         0.004 / 0.012         0.004 / 0.012       ms
[2020-07-12T01:12:08.926+0000][5284][gc,stats    ]    Subphase: Concurrent Roots Setup                        0.261 / 0.308         0.189 / 0.465         0.189 / 0.465         0.189 / 0.465       ms
[2020-07-12T01:12:08.926+0000][5284][gc,stats    ]    Subphase: Concurrent Roots Teardown                     0.000 / 0.000         0.000 / 0.002         0.000 / 0.002         0.000 / 0.002       ms
[2020-07-12T01:12:08.926+0000][5284][gc,stats    ]    Subphase: Concurrent Roots VMHandles                    0.000 / 0.000         0.000 / 0.000         0.000 / 0.000         0.000 / 0.000       ms
[2020-07-12T01:12:08.926+0000][5284][gc,stats    ]    Subphase: Concurrent Weak Roots                         0.936 / 1.043         0.902 / 1.534         0.902 / 1.534         0.902 / 1.534       ms
[2020-07-12T01:12:08.926+0000][5284][gc,stats    ]    Subphase: Concurrent Weak Roots JNIWeakHandles          0.001 / 0.001         0.001 / 0.004         0.001 / 0.004         0.001 / 0.004       ms
[2020-07-12T01:12:08.926+0000][5284][gc,stats    ]    Subphase: Concurrent Weak Roots ResolvedMethodTable     0.104 / 0.109         0.094 / 0.181         0.094 / 0.181         0.094 / 0.181       ms
[2020-07-12T01:12:08.926+0000][5284][gc,stats    ]    Subphase: Concurrent Weak Roots StringTable             0.767 / 0.858         0.748 / 1.341         0.748 / 1.341         0.748 / 1.341       ms
[2020-07-12T01:12:08.926+0000][5284][gc,stats    ]    Subphase: Concurrent Weak Roots VMWeakHandles           0.062 / 0.071         0.056 / 0.088         0.056 / 0.088         0.056 / 0.088       ms
[2020-07-12T01:12:08.926+0000][5284][gc,stats    ]    Subphase: Pause Mark Try Complete                       0.173 / 0.180         0.153 / 0.203         0.153 / 0.203         0.153 / 0.203       ms
[2020-07-12T01:12:08.926+0000][5284][gc,stats    ]    Subphase: Pause Roots                                   0.035 / 0.073         0.039 / 0.936         0.039 / 0.936         0.039 / 0.936       ms
[2020-07-12T01:12:08.926+0000][5284][gc,stats    ]    Subphase: Pause Roots CodeCache                         0.000 / 0.000         0.000 / 0.000         0.000 / 0.000         0.000 / 0.000       ms
[2020-07-12T01:12:08.926+0000][5284][gc,stats    ]    Subphase: Pause Roots JVMTIExport                       0.002 / 0.002         0.002 / 0.007         0.002 / 0.007         0.002 / 0.007       ms
[2020-07-12T01:12:08.926+0000][5284][gc,stats    ]    Subphase: Pause Roots JVMTIWeakExport                   0.000 / 0.001         0.001 / 0.001         0.001 / 0.001         0.001 / 0.001       ms
[2020-07-12T01:12:08.926+0000][5284][gc,stats    ]    Subphase: Pause Roots Management                        0.001 / 0.001         0.001 / 0.009         0.001 / 0.009         0.001 / 0.009       ms
[2020-07-12T01:12:08.926+0000][5284][gc,stats    ]    Subphase: Pause Roots ObjectSynchronizer                0.000 / 0.000         0.000 / 0.001         0.000 / 0.001         0.000 / 0.001       ms
[2020-07-12T01:12:08.926+0000][5284][gc,stats    ]    Subphase: Pause Roots Setup                             0.000 / 0.001         0.001 / 0.036         0.001 / 0.036         0.001 / 0.036       ms
[2020-07-12T01:12:08.926+0000][5284][gc,stats    ]    Subphase: Pause Roots SystemDictionary                  0.011 / 0.013         0.011 / 0.042         0.011 / 0.042         0.011 / 0.042       ms
[2020-07-12T01:12:08.926+0000][5284][gc,stats    ]    Subphase: Pause Roots Teardown                          0.001 / 0.001         0.001 / 0.013         0.001 / 0.013         0.001 / 0.013       ms
[2020-07-12T01:12:08.926+0000][5284][gc,stats    ]    Subphase: Pause Roots Threads                           0.046 / 0.057         0.045 / 0.913         0.045 / 0.913         0.045 / 0.913       ms
[2020-07-12T01:12:08.926+0000][5284][gc,stats    ]    Subphase: Pause Roots Universe                          0.002 / 0.004         0.002 / 0.011         0.002 / 0.011         0.002 / 0.011       ms
[2020-07-12T01:12:08.926+0000][5284][gc,stats    ]    Subphase: Pause Weak Roots                              0.012 / 0.073         0.010 / 0.087         0.010 / 0.087         0.010 / 0.087       ms
[2020-07-12T01:12:08.926+0000][5284][gc,stats    ]    Subphase: Pause Weak Roots JFRWeak                      0.058 / 0.070         0.047 / 0.084         0.047 / 0.084         0.047 / 0.084       ms
[2020-07-12T01:12:08.926+0000][5284][gc,stats    ]    Subphase: Pause Weak Roots JVMTIWeakExport              0.001 / 0.001         0.001 / 0.001         0.001 / 0.001         0.001 / 0.001       ms
[2020-07-12T01:12:08.926+0000][5284][gc,stats    ]    Subphase: Pause Weak Roots Setup                        0.000 / 0.000         0.000 / 0.001         0.000 / 0.001         0.000 / 0.001       ms
[2020-07-12T01:12:08.926+0000][5284][gc,stats    ]    Subphase: Pause Weak Roots Teardown                     0.000 / 0.000         0.000 / 0.000         0.000 / 0.000         0.000 / 0.000       ms
[2020-07-12T01:12:08.926+0000][5284][gc,stats    ]      System: Java Threads                                     37 / 37               35 / 38               35 / 38               35 / 38          threads
[2020-07-12T01:12:08.926+0000][5284][gc,stats    ] =========================================================================================================================================================
[2020-07-12T01:12:10.725+0000][5284][gc,heap     ] GC(83) Heap before GC invocations=83 (full 83): ZHeap           used 682M, capacity 4096M, max capacity 4096M
[2020-07-12T01:12:10.725+0000][5284][gc,heap     ] GC(83)  Metaspace       used 80234K, capacity 83029K, committed 83268K, reserved 83968K
[2020-07-12T01:12:10.725+0000][5284][gc,start    ] GC(83) Garbage Collection (Proactive)
[2020-07-12T01:12:10.725+0000][5284][gc,phases   ] GC(83) Pause Mark Start 0.112ms
[2020-07-12T01:12:10.725+0000][5284][safepoint   ] Safepoint "ZMarkStart", Time since last: 5302548007 ns, Reaching safepoint: 73849 ns, At safepoint: 133863 ns, Total: 207712 ns
[2020-07-12T01:12:10.770+0000][5284][gc,phases   ] GC(83) Concurrent Mark 44.868ms
[2020-07-12T01:12:10.771+0000][5284][gc,phases   ] GC(83) Pause Mark End 0.654ms
[2020-07-12T01:12:10.771+0000][5284][safepoint   ] Safepoint "ZMarkEnd", Time since last: 44913741 ns, Reaching safepoint: 59946 ns, At safepoint: 673737 ns, Total: 733683 ns
[2020-07-12T01:12:10.801+0000][5284][gc,phases   ] GC(83) Concurrent Process Non-Strong References 30.351ms
[2020-07-12T01:12:10.801+0000][5284][gc,phases   ] GC(83) Concurrent Reset Relocation Set 0.004ms
[2020-07-12T01:12:10.802+0000][5284][gc,phases   ] GC(83) Concurrent Select Relocation Set 1.005ms
[2020-07-12T01:12:10.802+0000][5284][gc,phases   ] GC(83) Pause Relocate Start 0.121ms
[2020-07-12T01:12:10.802+0000][5284][safepoint   ] Safepoint "ZRelocateStart", Time since last: 31432572 ns, Reaching safepoint: 79223 ns, At safepoint: 140378 ns, Total: 219601 ns
[2020-07-12T01:12:10.804+0000][5284][gc,phases   ] GC(83) Concurrent Relocate 1.310ms
[2020-07-12T01:12:10.804+0000][5284][gc,heap     ] GC(83) Heap after GC invocations=84 (full 84): ZHeap           used 68M, capacity 4096M, max capacity 4096M
[2020-07-12T01:12:10.804+0000][5284][gc,heap     ] GC(83)  Metaspace       used 80234K, capacity 83029K, committed 83268K, reserved 83968K
[2020-07-12T01:12:10.804+0000][5284][gc,load     ] GC(83) Load: 1.99/1.48/0.85
[2020-07-12T01:12:10.804+0000][5284][gc,mmu      ] GC(83) MMU: 2ms/49.3%, 5ms/79.7%, 10ms/89.9%, 20ms/94.9%, 50ms/97.3%, 100ms/98.3%
[2020-07-12T01:12:10.804+0000][5284][gc,marking  ] GC(83) Mark: 1 stripe(s), 2 proactive flush(es), 1 terminate flush(es), 1 completion(s), 0 continuation(s) 
[2020-07-12T01:12:10.804+0000][5284][gc,reloc    ] GC(83) Relocation: Successful, 1M relocated
[2020-07-12T01:12:10.804+0000][5284][gc,nmethod  ] GC(83) NMethods: 5619 registered, 0 unregistered
[2020-07-12T01:12:10.804+0000][5284][gc,metaspace] GC(83) Metaspace: 78M used, 81M capacity, 81M committed, 82M reserved
[2020-07-12T01:12:10.804+0000][5284][gc,ref      ] GC(83) Soft: 3922 encountered, 0 discovered, 0 enqueued
[2020-07-12T01:12:10.804+0000][5284][gc,ref      ] GC(83) Weak: 6658 encountered, 4338 discovered, 0 enqueued
[2020-07-12T01:12:10.804+0000][5284][gc,ref      ] GC(83) Final: 3 encountered, 0 discovered, 0 enqueued
[2020-07-12T01:12:10.804+0000][5284][gc,ref      ] GC(83) Phantom: 435 encountered, 294 discovered, 0 enqueued
[2020-07-12T01:12:10.804+0000][5284][gc,heap     ] GC(83) Min Capacity: 4096M(100%)
[2020-07-12T01:12:10.804+0000][5284][gc,heap     ] GC(83) Max Capacity: 4096M(100%)
[2020-07-12T01:12:10.804+0000][5284][gc,heap     ] GC(83) Soft Max Capacity: 4096M(100%)
[2020-07-12T01:12:10.804+0000][5284][gc,heap     ] GC(83)                Mark Start          Mark End        Relocate Start      Relocate End           High               Low         
[2020-07-12T01:12:10.804+0000][5284][gc,heap     ] GC(83)  Capacity:     4096M (100%)       4096M (100%)       4096M (100%)       4096M (100%)       4096M (100%)       4096M (100%)   
[2020-07-12T01:12:10.804+0000][5284][gc,heap     ] GC(83)   Reserve:       42M (1%)           42M (1%)           42M (1%)           42M (1%)           42M (1%)           42M (1%)     
[2020-07-12T01:12:10.804+0000][5284][gc,heap     ] GC(83)      Free:     3372M (82%)        3370M (82%)        3942M (96%)        3986M (97%)        3986M (97%)        3370M (82%)    
[2020-07-12T01:12:10.804+0000][5284][gc,heap     ] GC(83)      Used:      682M (17%)         684M (17%)         112M (3%)           68M (2%)          684M (17%)          68M (2%)     
[2020-07-12T01:12:10.804+0000][5284][gc,heap     ] GC(83)      Live:         -                28M (1%)           28M (1%)           28M (1%)             -                  -          
[2020-07-12T01:12:10.804+0000][5284][gc,heap     ] GC(83) Allocated:         -                 2M (0%)            2M (0%)            8M (0%)             -                  -          
[2020-07-12T01:12:10.804+0000][5284][gc,heap     ] GC(83)   Garbage:         -               653M (16%)          81M (2%)           37M (1%)             -                  -          
[2020-07-12T01:12:10.804+0000][5284][gc,heap     ] GC(83) Reclaimed:         -                  -               572M (14%)         616M (15%)            -                  -          
[2020-07-12T01:12:10.804+0000][5284][gc          ] GC(83) Garbage Collection (Proactive) 682M(17%)->68M(2%)
[2020-07-12T01:12:15.824+0000][5284][gc,heap     ] GC(84) Heap before GC invocations=84 (full 84): ZHeap           used 724M, capacity 4096M, max capacity 4096M
[2020-07-12T01:12:15.824+0000][5284][gc,heap     ] GC(84)  Metaspace       used 80235K, capacity 83029K, committed 83268K, reserved 83968K
[2020-07-12T01:12:15.824+0000][5284][gc,start    ] GC(84) Garbage Collection (Proactive)
[2020-07-12T01:12:15.824+0000][5284][gc,phases   ] GC(84) Pause Mark Start 0.161ms
[2020-07-12T01:12:15.824+0000][5284][safepoint   ] Safepoint "ZMarkStart", Time since last: 5021217651 ns, Reaching safepoint: 92491 ns, At safepoint: 196415 ns, Total: 288906 ns
[2020-07-12T01:12:15.869+0000][5284][gc,phases   ] GC(84) Concurrent Mark 45.425ms
[2020-07-12T01:12:15.870+0000][5284][gc,phases   ] GC(84) Pause Mark End 0.337ms
[2020-07-12T01:12:15.870+0000][5284][safepoint   ] Safepoint "ZMarkEnd", Time since last: 45480484 ns, Reaching safepoint: 77086 ns, At safepoint: 362547 ns, Total: 439633 ns
[2020-07-12T01:12:15.899+0000][5284][gc,phases   ] GC(84) Concurrent Process Non-Strong References 29.337ms
[2020-07-12T01:12:15.899+0000][5284][gc,phases   ] GC(84) Concurrent Reset Relocation Set 0.004ms
[2020-07-12T01:12:15.900+0000][5284][gc,phases   ] GC(84) Concurrent Select Relocation Set 1.012ms
[2020-07-12T01:12:15.901+0000][5284][gc,phases   ] GC(84) Pause Relocate Start 0.119ms
[2020-07-12T01:12:15.901+0000][5284][safepoint   ] Safepoint "ZRelocateStart", Time since last: 30411421 ns, Reaching safepoint: 80246 ns, At safepoint: 134065 ns, Total: 214311 ns
[2020-07-12T01:12:15.902+0000][5284][gc,phases   ] GC(84) Concurrent Relocate 1.480ms
[2020-07-12T01:12:15.902+0000][5284][gc,heap     ] GC(84) Heap after GC invocations=85 (full 85): ZHeap           used 68M, capacity 4096M, max capacity 4096M
[2020-07-12T01:12:15.902+0000][5284][gc,heap     ] GC(84)  Metaspace       used 80235K, capacity 83029K, committed 83268K, reserved 83968K
[2020-07-12T01:12:15.902+0000][5284][gc,load     ] GC(84) Load: 2.07/1.50/0.86
[2020-07-12T01:12:15.902+0000][5284][gc,mmu      ] GC(84) MMU: 2ms/49.3%, 5ms/79.7%, 10ms/89.9%, 20ms/94.9%, 50ms/97.3%, 100ms/98.3%
[2020-07-12T01:12:15.902+0000][5284][gc,marking  ] GC(84) Mark: 1 stripe(s), 2 proactive flush(es), 1 terminate flush(es), 1 completion(s), 0 continuation(s) 
[2020-07-12T01:12:15.902+0000][5284][gc,reloc    ] GC(84) Relocation: Successful, 1M relocated
[2020-07-12T01:12:15.902+0000][5284][gc,nmethod  ] GC(84) NMethods: 5620 registered, 0 unregistered
[2020-07-12T01:12:15.902+0000][5284][gc,metaspace] GC(84) Metaspace: 78M used, 81M capacity, 81M committed, 82M reserved
[2020-07-12T01:12:15.902+0000][5284][gc,ref      ] GC(84) Soft: 3922 encountered, 0 discovered, 0 enqueued
[2020-07-12T01:12:15.902+0000][5284][gc,ref      ] GC(84) Weak: 6660 encountered, 4335 discovered, 0 enqueued
[2020-07-12T01:12:15.902+0000][5284][gc,ref      ] GC(84) Final: 3 encountered, 0 discovered, 0 enqueued
[2020-07-12T01:12:15.902+0000][5284][gc,ref      ] GC(84) Phantom: 435 encountered, 294 discovered, 0 enqueued
[2020-07-12T01:12:15.902+0000][5284][gc,heap     ] GC(84) Min Capacity: 4096M(100%)
[2020-07-12T01:12:15.902+0000][5284][gc,heap     ] GC(84) Max Capacity: 4096M(100%)
[2020-07-12T01:12:15.902+0000][5284][gc,heap     ] GC(84) Soft Max Capacity: 4096M(100%)
[2020-07-12T01:12:15.902+0000][5284][gc,heap     ] GC(84)                Mark Start          Mark End        Relocate Start      Relocate End           High               Low         
[2020-07-12T01:12:15.902+0000][5284][gc,heap     ] GC(84)  Capacity:     4096M (100%)       4096M (100%)       4096M (100%)       4096M (100%)       4096M (100%)       4096M (100%)   
[2020-07-12T01:12:15.902+0000][5284][gc,heap     ] GC(84)   Reserve:       42M (1%)           42M (1%)           42M (1%)           42M (1%)           42M (1%)           42M (1%)     
[2020-07-12T01:12:15.902+0000][5284][gc,heap     ] GC(84)      Free:     3330M (81%)        3328M (81%)        3950M (96%)        3986M (97%)        3986M (97%)        3328M (81%)    
[2020-07-12T01:12:15.902+0000][5284][gc,heap     ] GC(84)      Used:      724M (18%)         726M (18%)         104M (3%)           68M (2%)          726M (18%)          68M (2%)     
[2020-07-12T01:12:15.902+0000][5284][gc,heap     ] GC(84)      Live:         -                28M (1%)           28M (1%)           28M (1%)             -                  -          
[2020-07-12T01:12:15.902+0000][5284][gc,heap     ] GC(84) Allocated:         -                 2M (0%)            2M (0%)            8M (0%)             -                  -          
[2020-07-12T01:12:15.902+0000][5284][gc,heap     ] GC(84)   Garbage:         -               695M (17%)          73M (2%)           37M (1%)             -                  -          
[2020-07-12T01:12:15.902+0000][5284][gc,heap     ] GC(84) Reclaimed:         -                  -               622M (15%)         658M (16%)            -                  -          
[2020-07-12T01:12:15.902+0000][5284][gc          ] GC(84) Garbage Collection (Proactive) 724M(18%)->68M(2%)
[2020-07-12T01:12:18.924+0000][5284][gc,stats    ] === Garbage Collection Statistics =======================================================================================================================
[2020-07-12T01:12:18.924+0000][5284][gc,stats    ]                                                              Last 10s              Last 10m              Last 10h                Total
[2020-07-12T01:12:18.924+0000][5284][gc,stats    ]                                                              Avg / Max             Avg / Max             Avg / Max             Avg / Max
[2020-07-12T01:12:18.924+0000][5284][gc,stats    ]   Collector: Garbage Collection Cycle                     78.652 / 78.905       77.999 / 117.511      77.999 / 117.511      77.999 / 117.511     ms
[2020-07-12T01:12:18.924+0000][5284][gc,stats    ]  Contention: Mark Segment Reset Contention                     0 / 0                 0 / 0                 0 / 0                 0 / 0           ops/s
[2020-07-12T01:12:18.924+0000][5284][gc,stats    ]  Contention: Mark SeqNum Reset Contention                      0 / 0                 0 / 0                 0 / 0                 0 / 0           ops/s
[2020-07-12T01:12:18.924+0000][5284][gc,stats    ]  Contention: Relocation Contention                             0 / 0                 0 / 12                0 / 12                0 / 12          ops/s
[2020-07-12T01:12:18.924+0000][5284][gc,stats    ]    Critical: Allocation Stall                              0.000 / 0.000         0.000 / 0.000         0.000 / 0.000         0.000 / 0.000       ms
[2020-07-12T01:12:18.925+0000][5284][gc,stats    ]    Critical: Allocation Stall                                  0 / 0                 0 / 0                 0 / 0                 0 / 0           ops/s
[2020-07-12T01:12:18.925+0000][5284][gc,stats    ]    Critical: GC Locker Stall                               0.000 / 0.000         0.093 / 0.093         0.093 / 0.093         0.093 / 0.093       ms
[2020-07-12T01:12:18.925+0000][5284][gc,stats    ]    Critical: GC Locker Stall                                   0 / 0                 0 / 1                 0 / 1                 0 / 1           ops/s
[2020-07-12T01:12:18.925+0000][5284][gc,stats    ]      Memory: Allocation Rate                                 115 / 148             111 / 238             111 / 238             111 / 238         MB/s
[2020-07-12T01:12:18.925+0000][5284][gc,stats    ]      Memory: Heap Used After Mark                            705 / 726             579 / 1286            579 / 1286            579 / 1286        MB
[2020-07-12T01:12:18.925+0000][5284][gc,stats    ]      Memory: Heap Used After Relocation                       68 / 68               81 / 116              81 / 116              81 / 116         MB
[2020-07-12T01:12:18.925+0000][5284][gc,stats    ]      Memory: Heap Used Before Mark                           703 / 724             566 / 1270            566 / 1270            566 / 1270        MB
[2020-07-12T01:12:18.925+0000][5284][gc,stats    ]      Memory: Heap Used Before Relocation                     108 / 112             130 / 338             130 / 338             130 / 338         MB
[2020-07-12T01:12:18.925+0000][5284][gc,stats    ]      Memory: Out Of Memory                                     0 / 0                 0 / 0                 0 / 0                 0 / 0           ops/s
[2020-07-12T01:12:18.925+0000][5284][gc,stats    ]      Memory: Page Cache Flush                                  0 / 0                 0 / 0                 0 / 0                 0 / 0           MB/s
[2020-07-12T01:12:18.925+0000][5284][gc,stats    ]      Memory: Page Cache Hit L1                                58 / 74               54 / 121              54 / 121              54 / 121         ops/s
[2020-07-12T01:12:18.925+0000][5284][gc,stats    ]      Memory: Page Cache Hit L2                                 0 / 0                 0 / 0                 0 / 0                 0 / 0           ops/s
[2020-07-12T01:12:18.925+0000][5284][gc,stats    ]      Memory: Page Cache Hit L3                                 0 / 0                 1 / 96                1 / 96                1 / 96          ops/s
[2020-07-12T01:12:18.925+0000][5284][gc,stats    ]      Memory: Page Cache Miss                                   0 / 0                 0 / 0                 0 / 0                 0 / 0           ops/s
[2020-07-12T01:12:18.925+0000][5284][gc,stats    ]      Memory: Uncommit                                          0 / 0                 0 / 0                 0 / 0                 0 / 0           MB/s
[2020-07-12T01:12:18.925+0000][5284][gc,stats    ]      Memory: Undo Object Allocation Failed                     0 / 0                 0 / 0                 0 / 0                 0 / 0           ops/s
[2020-07-12T01:12:18.925+0000][5284][gc,stats    ]      Memory: Undo Object Allocation Succeeded                  0 / 0                 0 / 12                0 / 12                0 / 12          ops/s
[2020-07-12T01:12:18.925+0000][5284][gc,stats    ]      Memory: Undo Page Allocation                              0 / 0                 0 / 0                 0 / 0                 0 / 0           ops/s
[2020-07-12T01:12:18.925+0000][5284][gc,stats    ]       Phase: Concurrent Mark                              45.146 / 45.425       48.064 / 77.269       48.064 / 77.269       48.064 / 77.269      ms
[2020-07-12T01:12:18.925+0000][5284][gc,stats    ]       Phase: Concurrent Mark Continue                      0.000 / 0.000         0.000 / 0.000         0.000 / 0.000         0.000 / 0.000       ms
[2020-07-12T01:12:18.925+0000][5284][gc,stats    ]       Phase: Concurrent Process Non-Strong References     29.844 / 30.351       25.308 / 37.730       25.308 / 37.730       25.308 / 37.730      ms
[2020-07-12T01:12:18.925+0000][5284][gc,stats    ]       Phase: Concurrent Relocate                           1.395 / 1.480         1.737 / 18.136        1.737 / 18.136        1.737 / 18.136      ms
[2020-07-12T01:12:18.925+0000][5284][gc,stats    ]       Phase: Concurrent Reset Relocation Set               0.004 / 0.004         0.004 / 0.015         0.004 / 0.015         0.004 / 0.015       ms
[2020-07-12T01:12:18.925+0000][5284][gc,stats    ]       Phase: Concurrent Select Relocation Set              1.009 / 1.012         1.075 / 5.622         1.075 / 5.622         1.075 / 5.622       ms
[2020-07-12T01:12:18.925+0000][5284][gc,stats    ]       Phase: Pause Mark End                                0.496 / 0.654         0.342 / 0.654         0.342 / 0.654         0.342 / 0.654       ms
[2020-07-12T01:12:18.925+0000][5284][gc,stats    ]       Phase: Pause Mark Start                              0.136 / 0.161         0.171 / 0.724         0.171 / 0.724         0.171 / 0.724       ms
[2020-07-12T01:12:18.925+0000][5284][gc,stats    ]       Phase: Pause Relocate Start                          0.120 / 0.121         0.134 / 1.014         0.134 / 1.014         0.134 / 1.014       ms
[2020-07-12T01:12:18.925+0000][5284][gc,stats    ]    Subphase: Concurrent Classes Purge                      1.310 / 1.892         0.805 / 8.877         0.805 / 8.877         0.805 / 8.877       ms
[2020-07-12T01:12:18.925+0000][5284][gc,stats    ]    Subphase: Concurrent Classes Unlink                    26.951 / 27.006       22.781 / 34.491       22.781 / 34.491       22.781 / 34.491      ms
[2020-07-12T01:12:18.925+0000][5284][gc,stats    ]    Subphase: Concurrent Mark                              44.672 / 44.933       47.257 / 76.517       47.257 / 76.517       47.257 / 76.517      ms
[2020-07-12T01:12:18.925+0000][5284][gc,stats    ]    Subphase: Concurrent Mark Idle                          0.000 / 0.000         0.000 / 0.000         0.000 / 0.000         0.000 / 0.000       ms
[2020-07-12T01:12:18.925+0000][5284][gc,stats    ]    Subphase: Concurrent Mark Try Flush                     0.105 / 0.134         0.125 / 4.734         0.125 / 4.734         0.125 / 4.734       ms
[2020-07-12T01:12:18.925+0000][5284][gc,stats    ]    Subphase: Concurrent Mark Try Terminate                 0.055 / 0.136         0.075 / 4.736         0.075 / 4.736         0.075 / 4.736       ms
[2020-07-12T01:12:18.925+0000][5284][gc,stats    ]    Subphase: Concurrent References Enqueue                 0.000 / 0.000         0.001 / 0.004         0.001 / 0.004         0.001 / 0.004       ms
[2020-07-12T01:12:18.925+0000][5284][gc,stats    ]    Subphase: Concurrent References Process                 0.524 / 0.579         0.528 / 1.144         0.528 / 1.144         0.528 / 1.144       ms
[2020-07-12T01:12:18.925+0000][5284][gc,stats    ]    Subphase: Concurrent Roots                              0.203 / 0.205         0.308 / 1.449         0.308 / 1.449         0.308 / 1.449       ms
[2020-07-12T01:12:18.925+0000][5284][gc,stats    ]    Subphase: Concurrent Roots ClassLoaderDataGraph         0.198 / 0.200         0.302 / 1.421         0.302 / 1.421         0.302 / 1.421       ms
[2020-07-12T01:12:18.925+0000][5284][gc,stats    ]    Subphase: Concurrent Roots JNIHandles                   0.003 / 0.003         0.004 / 0.012         0.004 / 0.012         0.004 / 0.012       ms
[2020-07-12T01:12:18.925+0000][5284][gc,stats    ]    Subphase: Concurrent Roots Setup                        0.153 / 0.154         0.188 / 0.465         0.188 / 0.465         0.188 / 0.465       ms
[2020-07-12T01:12:18.925+0000][5284][gc,stats    ]    Subphase: Concurrent Roots Teardown                     0.000 / 0.000         0.000 / 0.002         0.000 / 0.002         0.000 / 0.002       ms
[2020-07-12T01:12:18.925+0000][5284][gc,stats    ]    Subphase: Concurrent Roots VMHandles                    0.000 / 0.000         0.000 / 0.000         0.000 / 0.000         0.000 / 0.000       ms
[2020-07-12T01:12:18.925+0000][5284][gc,stats    ]    Subphase: Concurrent Weak Roots                         0.899 / 0.916         0.902 / 1.534         0.902 / 1.534         0.902 / 1.534       ms
[2020-07-12T01:12:18.925+0000][5284][gc,stats    ]    Subphase: Concurrent Weak Roots JNIWeakHandles          0.001 / 0.001         0.001 / 0.004         0.001 / 0.004         0.001 / 0.004       ms
[2020-07-12T01:12:18.925+0000][5284][gc,stats    ]    Subphase: Concurrent Weak Roots ResolvedMethodTable     0.089 / 0.093         0.094 / 0.181         0.094 / 0.181         0.094 / 0.181       ms
[2020-07-12T01:12:18.925+0000][5284][gc,stats    ]    Subphase: Concurrent Weak Roots StringTable             0.743 / 0.768         0.748 / 1.341         0.748 / 1.341         0.748 / 1.341       ms
[2020-07-12T01:12:18.925+0000][5284][gc,stats    ]    Subphase: Concurrent Weak Roots VMWeakHandles           0.063 / 0.068         0.056 / 0.088         0.056 / 0.088         0.056 / 0.088       ms
[2020-07-12T01:12:18.925+0000][5284][gc,stats    ]    Subphase: Pause Mark Try Complete                       0.167 / 0.174         0.153 / 0.203         0.153 / 0.203         0.153 / 0.203       ms
[2020-07-12T01:12:18.925+0000][5284][gc,stats    ]    Subphase: Pause Roots                                   0.031 / 0.093         0.039 / 0.936         0.039 / 0.936         0.039 / 0.936       ms
[2020-07-12T01:12:18.925+0000][5284][gc,stats    ]    Subphase: Pause Roots CodeCache                         0.000 / 0.000         0.000 / 0.000         0.000 / 0.000         0.000 / 0.000       ms
[2020-07-12T01:12:18.925+0000][5284][gc,stats    ]    Subphase: Pause Roots JVMTIExport                       0.002 / 0.002         0.002 / 0.007         0.002 / 0.007         0.002 / 0.007       ms
[2020-07-12T01:12:18.925+0000][5284][gc,stats    ]    Subphase: Pause Roots JVMTIWeakExport                   0.001 / 0.001         0.001 / 0.001         0.001 / 0.001         0.001 / 0.001       ms
[2020-07-12T01:12:18.925+0000][5284][gc,stats    ]    Subphase: Pause Roots Management                        0.001 / 0.001         0.001 / 0.009         0.001 / 0.009         0.001 / 0.009       ms
[2020-07-12T01:12:18.925+0000][5284][gc,stats    ]    Subphase: Pause Roots ObjectSynchronizer                0.000 / 0.000         0.000 / 0.001         0.000 / 0.001         0.000 / 0.001       ms
[2020-07-12T01:12:18.925+0000][5284][gc,stats    ]    Subphase: Pause Roots Setup                             0.000 / 0.000         0.001 / 0.036         0.001 / 0.036         0.001 / 0.036       ms
[2020-07-12T01:12:18.925+0000][5284][gc,stats    ]    Subphase: Pause Roots SystemDictionary                  0.017 / 0.033         0.011 / 0.042         0.011 / 0.042         0.011 / 0.042       ms
[2020-07-12T01:12:18.925+0000][5284][gc,stats    ]    Subphase: Pause Roots Teardown                          0.001 / 0.001         0.001 / 0.013         0.001 / 0.013         0.001 / 0.013       ms
[2020-07-12T01:12:18.925+0000][5284][gc,stats    ]    Subphase: Pause Roots Threads                           0.038 / 0.076         0.045 / 0.913         0.045 / 0.913         0.045 / 0.913       ms
[2020-07-12T01:12:18.925+0000][5284][gc,stats    ]    Subphase: Pause Roots Universe                          0.002 / 0.003         0.002 / 0.011         0.002 / 0.011         0.002 / 0.011       ms
[2020-07-12T01:12:18.925+0000][5284][gc,stats    ]    Subphase: Pause Weak Roots                              0.011 / 0.062         0.010 / 0.087         0.010 / 0.087         0.010 / 0.087       ms
[2020-07-12T01:12:18.925+0000][5284][gc,stats    ]    Subphase: Pause Weak Roots JFRWeak                      0.055 / 0.060         0.047 / 0.084         0.047 / 0.084         0.047 / 0.084       ms
[2020-07-12T01:12:18.925+0000][5284][gc,stats    ]    Subphase: Pause Weak Roots JVMTIWeakExport              0.001 / 0.001         0.001 / 0.001         0.001 / 0.001         0.001 / 0.001       ms
[2020-07-12T01:12:18.925+0000][5284][gc,stats    ]    Subphase: Pause Weak Roots Setup                        0.000 / 0.000         0.000 / 0.001         0.000 / 0.001         0.000 / 0.001       ms
[2020-07-12T01:12:18.925+0000][5284][gc,stats    ]    Subphase: Pause Weak Roots Teardown                     0.000 / 0.000         0.000 / 0.000         0.000 / 0.000         0.000 / 0.000       ms
[2020-07-12T01:12:18.925+0000][5284][gc,stats    ]      System: Java Threads                                     37 / 37               35 / 38               35 / 38               35 / 38          threads
[2020-07-12T01:12:18.925+0000][5284][gc,stats    ] =========================================================================================================================================================
[2020-07-12T01:12:20.424+0000][5284][gc,heap     ] GC(85) Heap before GC invocations=85 (full 85): ZHeap           used 532M, capacity 4096M, max capacity 4096M
[2020-07-12T01:12:20.424+0000][5284][gc,heap     ] GC(85)  Metaspace       used 80235K, capacity 83029K, committed 83268K, reserved 83968K
[2020-07-12T01:12:20.424+0000][5284][gc,start    ] GC(85) Garbage Collection (Proactive)
[2020-07-12T01:12:20.424+0000][5284][gc,phases   ] GC(85) Pause Mark Start 0.106ms
[2020-07-12T01:12:20.424+0000][5284][safepoint   ] Safepoint "ZMarkStart", Time since last: 4523156249 ns, Reaching safepoint: 85916 ns, At safepoint: 126326 ns, Total: 212242 ns
[2020-07-12T01:12:20.474+0000][5284][gc,phases   ] GC(85) Concurrent Mark 49.640ms
[2020-07-12T01:12:20.474+0000][5284][gc,phases   ] GC(85) Pause Mark End 0.276ms
[2020-07-12T01:12:20.474+0000][5284][safepoint   ] Safepoint "ZMarkEnd", Time since last: 49686104 ns, Reaching safepoint: 62106 ns, At safepoint: 294829 ns, Total: 356935 ns
[2020-07-12T01:12:20.515+0000][5284][gc,phases   ] GC(85) Concurrent Process Non-Strong References 41.178ms
[2020-07-12T01:12:20.515+0000][5284][gc,phases   ] GC(85) Concurrent Reset Relocation Set 0.003ms
[2020-07-12T01:12:20.516+0000][5284][gc,phases   ] GC(85) Concurrent Select Relocation Set 0.996ms
[2020-07-12T01:12:20.516+0000][5284][gc,phases   ] GC(85) Pause Relocate Start 0.134ms
[2020-07-12T01:12:20.516+0000][5284][safepoint   ] Safepoint "ZRelocateStart", Time since last: 42264194 ns, Reaching safepoint: 85782 ns, At safepoint: 178109 ns, Total: 263891 ns
[2020-07-12T01:12:20.518+0000][5284][gc,phases   ] GC(85) Concurrent Relocate 1.392ms
[2020-07-12T01:12:20.518+0000][5284][gc,heap     ] GC(85) Heap after GC invocations=86 (full 86): ZHeap           used 78M, capacity 4096M, max capacity 4096M
[2020-07-12T01:12:20.518+0000][5284][gc,heap     ] GC(85)  Metaspace       used 80235K, capacity 83029K, committed 83268K, reserved 83968K
[2020-07-12T01:12:20.518+0000][5284][gc,load     ] GC(85) Load: 1.90/1.48/0.86
[2020-07-12T01:12:20.518+0000][5284][gc,mmu      ] GC(85) MMU: 2ms/49.3%, 5ms/79.7%, 10ms/89.9%, 20ms/94.9%, 50ms/97.3%, 100ms/98.3%
[2020-07-12T01:12:20.518+0000][5284][gc,marking  ] GC(85) Mark: 1 stripe(s), 2 proactive flush(es), 1 terminate flush(es), 1 completion(s), 0 continuation(s) 
[2020-07-12T01:12:20.518+0000][5284][gc,reloc    ] GC(85) Relocation: Successful, 1M relocated
[2020-07-12T01:12:20.518+0000][5284][gc,nmethod  ] GC(85) NMethods: 5621 registered, 0 unregistered
[2020-07-12T01:12:20.518+0000][5284][gc,metaspace] GC(85) Metaspace: 78M used, 81M capacity, 81M committed, 82M reserved
[2020-07-12T01:12:20.518+0000][5284][gc,ref      ] GC(85) Soft: 3922 encountered, 0 discovered, 0 enqueued
[2020-07-12T01:12:20.518+0000][5284][gc,ref      ] GC(85) Weak: 6656 encountered, 4327 discovered, 0 enqueued
[2020-07-12T01:12:20.518+0000][5284][gc,ref      ] GC(85) Final: 3 encountered, 0 discovered, 0 enqueued
[2020-07-12T01:12:20.518+0000][5284][gc,ref      ] GC(85) Phantom: 435 encountered, 294 discovered, 0 enqueued
[2020-07-12T01:12:20.518+0000][5284][gc,heap     ] GC(85) Min Capacity: 4096M(100%)
[2020-07-12T01:12:20.518+0000][5284][gc,heap     ] GC(85) Max Capacity: 4096M(100%)
[2020-07-12T01:12:20.518+0000][5284][gc,heap     ] GC(85) Soft Max Capacity: 4096M(100%)
[2020-07-12T01:12:20.518+0000][5284][gc,heap     ] GC(85)                Mark Start          Mark End        Relocate Start      Relocate End           High               Low         
[2020-07-12T01:12:20.518+0000][5284][gc,heap     ] GC(85)  Capacity:     4096M (100%)       4096M (100%)       4096M (100%)       4096M (100%)       4096M (100%)       4096M (100%)   
[2020-07-12T01:12:20.518+0000][5284][gc,heap     ] GC(85)   Reserve:       42M (1%)           42M (1%)           42M (1%)           42M (1%)           42M (1%)           42M (1%)     
[2020-07-12T01:12:20.518+0000][5284][gc,heap     ] GC(85)      Free:     3522M (86%)        3520M (86%)        3936M (96%)        3976M (97%)        3976M (97%)        3508M (86%)    
[2020-07-12T01:12:20.518+0000][5284][gc,heap     ] GC(85)      Used:      532M (13%)         534M (13%)         118M (3%)           78M (2%)          546M (13%)          78M (2%)     
[2020-07-12T01:12:20.518+0000][5284][gc,heap     ] GC(85)      Live:         -                28M (1%)           28M (1%)           28M (1%)             -                  -          
[2020-07-12T01:12:20.518+0000][5284][gc,heap     ] GC(85) Allocated:         -                 2M (0%)           14M (0%)           18M (0%)             -                  -          
[2020-07-12T01:12:20.518+0000][5284][gc,heap     ] GC(85)   Garbage:         -               503M (12%)          75M (2%)           35M (1%)             -                  -          
[2020-07-12T01:12:20.518+0000][5284][gc,heap     ] GC(85) Reclaimed:         -                  -               428M (10%)         468M (11%)            -                  -          
[2020-07-12T01:12:20.518+0000][5284][gc          ] GC(85) Garbage Collection (Proactive) 532M(13%)->78M(2%)
[2020-07-12T01:12:25.623+0000][5284][gc,heap     ] GC(86) Heap before GC invocations=86 (full 86): ZHeap           used 696M, capacity 4096M, max capacity 4096M
[2020-07-12T01:12:25.623+0000][5284][gc,heap     ] GC(86)  Metaspace       used 80239K, capacity 83029K, committed 83268K, reserved 83968K
[2020-07-12T01:12:25.623+0000][5284][gc,start    ] GC(86) Garbage Collection (Proactive)
[2020-07-12T01:12:25.624+0000][5284][gc,phases   ] GC(86) Pause Mark Start 0.131ms
[2020-07-12T01:12:25.624+0000][5284][safepoint   ] Safepoint "ZMarkStart", Time since last: 5106970219 ns, Reaching safepoint: 57169 ns, At safepoint: 156175 ns, Total: 213344 ns
[2020-07-12T01:12:25.671+0000][5284][gc,phases   ] GC(86) Concurrent Mark 47.247ms
[2020-07-12T01:12:25.671+0000][5284][gc,phases   ] GC(86) Pause Mark End 0.300ms
[2020-07-12T01:12:25.671+0000][5284][safepoint   ] Safepoint "ZMarkEnd", Time since last: 47292807 ns, Reaching safepoint: 102198 ns, At safepoint: 324334 ns, Total: 426532 ns
[2020-07-12T01:12:25.699+0000][5284][gc,phases   ] GC(86) Concurrent Process Non-Strong References 27.967ms
[2020-07-12T01:12:25.699+0000][5284][gc,phases   ] GC(86) Concurrent Reset Relocation Set 0.004ms
[2020-07-12T01:12:25.700+0000][5284][gc,phases   ] GC(86) Concurrent Select Relocation Set 1.000ms
[2020-07-12T01:12:25.701+0000][5284][gc,phases   ] GC(86) Pause Relocate Start 0.115ms
[2020-07-12T01:12:25.701+0000][5284][safepoint   ] Safepoint "ZRelocateStart", Time since last: 29028199 ns, Reaching safepoint: 103561 ns, At safepoint: 134493 ns, Total: 238054 ns
[2020-07-12T01:12:25.702+0000][5284][gc,phases   ] GC(86) Concurrent Relocate 1.200ms
[2020-07-12T01:12:25.702+0000][5284][gc,heap     ] GC(86) Heap after GC invocations=87 (full 87): ZHeap           used 100M, capacity 4096M, max capacity 4096M
[2020-07-12T01:12:25.702+0000][5284][gc,heap     ] GC(86)  Metaspace       used 80239K, capacity 83029K, committed 83268K, reserved 83968K
[2020-07-12T01:12:25.702+0000][5284][gc,load     ] GC(86) Load: 1.91/1.49/0.86
[2020-07-12T01:12:25.702+0000][5284][gc,mmu      ] GC(86) MMU: 2ms/49.3%, 5ms/79.7%, 10ms/89.9%, 20ms/94.9%, 50ms/97.3%, 100ms/98.3%
[2020-07-12T01:12:25.702+0000][5284][gc,marking  ] GC(86) Mark: 1 stripe(s), 2 proactive flush(es), 1 terminate flush(es), 1 completion(s), 0 continuation(s) 
[2020-07-12T01:12:25.702+0000][5284][gc,reloc    ] GC(86) Relocation: Successful, 1M relocated
[2020-07-12T01:12:25.702+0000][5284][gc,nmethod  ] GC(86) NMethods: 5628 registered, 0 unregistered
[2020-07-12T01:12:25.702+0000][5284][gc,metaspace] GC(86) Metaspace: 78M used, 81M capacity, 81M committed, 82M reserved
[2020-07-12T01:12:25.702+0000][5284][gc,ref      ] GC(86) Soft: 3922 encountered, 0 discovered, 0 enqueued
[2020-07-12T01:12:25.702+0000][5284][gc,ref      ] GC(86) Weak: 6655 encountered, 4316 discovered, 0 enqueued
[2020-07-12T01:12:25.702+0000][5284][gc,ref      ] GC(86) Final: 3 encountered, 0 discovered, 0 enqueued
[2020-07-12T01:12:25.702+0000][5284][gc,ref      ] GC(86) Phantom: 435 encountered, 294 discovered, 0 enqueued
[2020-07-12T01:12:25.702+0000][5284][gc,heap     ] GC(86) Min Capacity: 4096M(100%)
[2020-07-12T01:12:25.702+0000][5284][gc,heap     ] GC(86) Max Capacity: 4096M(100%)
[2020-07-12T01:12:25.702+0000][5284][gc,heap     ] GC(86) Soft Max Capacity: 4096M(100%)
[2020-07-12T01:12:25.702+0000][5284][gc,heap     ] GC(86)                Mark Start          Mark End        Relocate Start      Relocate End           High               Low         
[2020-07-12T01:12:25.702+0000][5284][gc,heap     ] GC(86)  Capacity:     4096M (100%)       4096M (100%)       4096M (100%)       4096M (100%)       4096M (100%)       4096M (100%)   
[2020-07-12T01:12:25.702+0000][5284][gc,heap     ] GC(86)   Reserve:       42M (1%)           42M (1%)           42M (1%)           42M (1%)           42M (1%)           42M (1%)     
[2020-07-12T01:12:25.702+0000][5284][gc,heap     ] GC(86)      Free:     3358M (82%)        3334M (81%)        3918M (96%)        3954M (97%)        3954M (97%)        3322M (81%)    
[2020-07-12T01:12:25.702+0000][5284][gc,heap     ] GC(86)      Used:      696M (17%)         720M (18%)         136M (3%)          100M (2%)          732M (18%)         100M (2%)     
[2020-07-12T01:12:25.702+0000][5284][gc,heap     ] GC(86)      Live:         -                28M (1%)           28M (1%)           28M (1%)             -                  -          
[2020-07-12T01:12:25.702+0000][5284][gc,heap     ] GC(86) Allocated:         -                24M (1%)           38M (1%)           40M (1%)             -                  -          
[2020-07-12T01:12:25.702+0000][5284][gc,heap     ] GC(86)   Garbage:         -               667M (16%)          69M (2%)           33M (1%)             -                  -          
[2020-07-12T01:12:25.702+0000][5284][gc,heap     ] GC(86) Reclaimed:         -                  -               598M (15%)         634M (15%)            -                  -          
[2020-07-12T01:12:25.702+0000][5284][gc          ] GC(86) Garbage Collection (Proactive) 696M(17%)->100M(2%)
[2020-07-12T01:12:28.924+0000][5284][gc,stats    ] === Garbage Collection Statistics =======================================================================================================================
[2020-07-12T01:12:28.924+0000][5284][gc,stats    ]                                                              Last 10s              Last 10m              Last 10h                Total
[2020-07-12T01:12:28.924+0000][5284][gc,stats    ]                                                              Avg / Max             Avg / Max             Avg / Max             Avg / Max
[2020-07-12T01:12:28.924+0000][5284][gc,stats    ]   Collector: Garbage Collection Cycle                     86.374 / 94.268       78.192 / 117.511      78.192 / 117.511      78.192 / 117.511     ms
[2020-07-12T01:12:28.924+0000][5284][gc,stats    ]  Contention: Mark Segment Reset Contention                     0 / 0                 0 / 0                 0 / 0                 0 / 0           ops/s
[2020-07-12T01:12:28.924+0000][5284][gc,stats    ]  Contention: Mark SeqNum Reset Contention                      0 / 0                 0 / 0                 0 / 0                 0 / 0           ops/s
[2020-07-12T01:12:28.924+0000][5284][gc,stats    ]  Contention: Relocation Contention                             0 / 3                 0 / 12                0 / 12                0 / 12          ops/s
[2020-07-12T01:12:28.924+0000][5284][gc,stats    ]    Critical: Allocation Stall                              0.000 / 0.000         0.000 / 0.000         0.000 / 0.000         0.000 / 0.000       ms
[2020-07-12T01:12:28.924+0000][5284][gc,stats    ]    Critical: Allocation Stall                                  0 / 0                 0 / 0                 0 / 0                 0 / 0           ops/s
[2020-07-12T01:12:28.924+0000][5284][gc,stats    ]    Critical: GC Locker Stall                               0.000 / 0.000         0.093 / 0.093         0.093 / 0.093         0.093 / 0.093       ms
[2020-07-12T01:12:28.924+0000][5284][gc,stats    ]    Critical: GC Locker Stall                                   0 / 0                 0 / 1                 0 / 1                 0 / 1           ops/s
[2020-07-12T01:12:28.924+0000][5284][gc,stats    ]      Memory: Allocation Rate                                 116 / 126             111 / 238             111 / 238             111 / 238         MB/s
[2020-07-12T01:12:28.924+0000][5284][gc,stats    ]      Memory: Heap Used After Mark                            627 / 720             581 / 1286            581 / 1286            581 / 1286        MB
[2020-07-12T01:12:28.924+0000][5284][gc,stats    ]      Memory: Heap Used After Relocation                       89 / 100              81 / 116              81 / 116              81 / 116         MB
[2020-07-12T01:12:28.925+0000][5284][gc,stats    ]      Memory: Heap Used Before Mark                           614 / 696             567 / 1270            567 / 1270            567 / 1270        MB
[2020-07-12T01:12:28.925+0000][5284][gc,stats    ]      Memory: Heap Used Before Relocation                     127 / 136             130 / 338             130 / 338             130 / 338         MB
[2020-07-12T01:12:28.925+0000][5284][gc,stats    ]      Memory: Out Of Memory                                     0 / 0                 0 / 0                 0 / 0                 0 / 0           ops/s
[2020-07-12T01:12:28.925+0000][5284][gc,stats    ]      Memory: Page Cache Flush                                  0 / 0                 0 / 0                 0 / 0                 0 / 0           MB/s
[2020-07-12T01:12:28.925+0000][5284][gc,stats    ]      Memory: Page Cache Hit L1                                58 / 65               54 / 121              54 / 121              54 / 121         ops/s
[2020-07-12T01:12:28.925+0000][5284][gc,stats    ]      Memory: Page Cache Hit L2                                 0 / 0                 0 / 0                 0 / 0                 0 / 0           ops/s
[2020-07-12T01:12:28.925+0000][5284][gc,stats    ]      Memory: Page Cache Hit L3                                 0 / 0                 1 / 96                1 / 96                1 / 96          ops/s
[2020-07-12T01:12:28.925+0000][5284][gc,stats    ]      Memory: Page Cache Miss                                   0 / 0                 0 / 0                 0 / 0                 0 / 0           ops/s
[2020-07-12T01:12:28.925+0000][5284][gc,stats    ]      Memory: Uncommit                                          0 / 0                 0 / 0                 0 / 0                 0 / 0           MB/s
[2020-07-12T01:12:28.925+0000][5284][gc,stats    ]      Memory: Undo Object Allocation Failed                     0 / 0                 0 / 0                 0 / 0                 0 / 0           ops/s
[2020-07-12T01:12:28.925+0000][5284][gc,stats    ]      Memory: Undo Object Allocation Succeeded                  0 / 3                 0 / 12                0 / 12                0 / 12          ops/s
[2020-07-12T01:12:28.925+0000][5284][gc,stats    ]      Memory: Undo Page Allocation                              0 / 0                 0 / 0                 0 / 0                 0 / 0           ops/s
[2020-07-12T01:12:28.925+0000][5284][gc,stats    ]       Phase: Concurrent Mark                              48.444 / 49.640       48.073 / 77.269       48.073 / 77.269       48.073 / 77.269      ms
[2020-07-12T01:12:28.925+0000][5284][gc,stats    ]       Phase: Concurrent Mark Continue                      0.000 / 0.000         0.000 / 0.000         0.000 / 0.000         0.000 / 0.000       ms
[2020-07-12T01:12:28.925+0000][5284][gc,stats    ]       Phase: Concurrent Process Non-Strong References     34.572 / 41.178       25.521 / 41.178       25.521 / 41.178       25.521 / 41.178      ms
[2020-07-12T01:12:28.925+0000][5284][gc,stats    ]       Phase: Concurrent Relocate                           1.296 / 1.392         1.727 / 18.136        1.727 / 18.136        1.727 / 18.136      ms
[2020-07-12T01:12:28.925+0000][5284][gc,stats    ]       Phase: Concurrent Reset Relocation Set               0.003 / 0.004         0.004 / 0.015         0.004 / 0.015         0.004 / 0.015       ms
[2020-07-12T01:12:28.925+0000][5284][gc,stats    ]       Phase: Concurrent Select Relocation Set              0.998 / 1.000         1.074 / 5.622         1.074 / 5.622         1.074 / 5.622       ms
[2020-07-12T01:12:28.925+0000][5284][gc,stats    ]       Phase: Pause Mark End                                0.288 / 0.300         0.340 / 0.654         0.340 / 0.654         0.340 / 0.654       ms
[2020-07-12T01:12:28.925+0000][5284][gc,stats    ]       Phase: Pause Mark Start                              0.119 / 0.131         0.170 / 0.724         0.170 / 0.724         0.170 / 0.724       ms
[2020-07-12T01:12:28.925+0000][5284][gc,stats    ]       Phase: Pause Relocate Start                          0.124 / 0.134         0.134 / 1.014         0.134 / 1.014         0.134 / 1.014       ms
[2020-07-12T01:12:28.925+0000][5284][gc,stats    ]    Subphase: Concurrent Classes Purge                      0.749 / 0.824         0.804 / 8.877         0.804 / 8.877         0.804 / 8.877       ms
[2020-07-12T01:12:28.925+0000][5284][gc,stats    ]    Subphase: Concurrent Classes Unlink                    32.236 / 38.550       22.998 / 38.550       22.998 / 38.550       22.998 / 38.550      ms
[2020-07-12T01:12:28.925+0000][5284][gc,stats    ]    Subphase: Concurrent Mark                              47.920 / 48.972       47.272 / 76.517       47.272 / 76.517       47.272 / 76.517      ms
[2020-07-12T01:12:28.925+0000][5284][gc,stats    ]    Subphase: Concurrent Mark Idle                          0.000 / 0.000         0.000 / 0.000         0.000 / 0.000         0.000 / 0.000       ms
[2020-07-12T01:12:28.925+0000][5284][gc,stats    ]    Subphase: Concurrent Mark Try Flush                     0.070 / 0.139         0.123 / 4.734         0.123 / 4.734         0.123 / 4.734       ms
[2020-07-12T01:12:28.925+0000][5284][gc,stats    ]    Subphase: Concurrent Mark Try Terminate                 0.033 / 0.118         0.074 / 4.736         0.074 / 4.736         0.074 / 4.736       ms
[2020-07-12T01:12:28.925+0000][5284][gc,stats    ]    Subphase: Concurrent References Enqueue                 0.000 / 0.000         0.001 / 0.004         0.001 / 0.004         0.001 / 0.004       ms
[2020-07-12T01:12:28.925+0000][5284][gc,stats    ]    Subphase: Concurrent References Process                 0.508 / 0.605         0.528 / 1.144         0.528 / 1.144         0.528 / 1.144       ms
[2020-07-12T01:12:28.925+0000][5284][gc,stats    ]    Subphase: Concurrent Roots                              0.234 / 0.261         0.306 / 1.449         0.306 / 1.449         0.306 / 1.449       ms
[2020-07-12T01:12:28.925+0000][5284][gc,stats    ]    Subphase: Concurrent Roots ClassLoaderDataGraph         0.229 / 0.255         0.300 / 1.421         0.300 / 1.421         0.300 / 1.421       ms
