[2020-07-12T01:12:28.925+0000][5284][gc,stats    ]    Subphase: Concurrent Roots JNIHandles                   0.003 / 0.004         0.004 / 0.012         0.004 / 0.012         0.004 / 0.012       ms
[2020-07-12T01:12:28.925+0000][5284][gc,stats    ]    Subphase: Concurrent Roots Setup                        0.176 / 0.203         0.188 / 0.465         0.188 / 0.465         0.188 / 0.465       ms
[2020-07-12T01:12:28.925+0000][5284][gc,stats    ]    Subphase: Concurrent Roots Teardown                     0.000 / 0.000         0.000 / 0.002         0.000 / 0.002         0.000 / 0.002       ms
[2020-07-12T01:12:28.925+0000][5284][gc,stats    ]    Subphase: Concurrent Roots VMHandles                    0.000 / 0.000         0.000 / 0.000         0.000 / 0.000         0.000 / 0.000       ms
[2020-07-12T01:12:28.925+0000][5284][gc,stats    ]    Subphase: Concurrent Weak Roots                         0.944 / 1.033         0.903 / 1.534         0.903 / 1.534         0.903 / 1.534       ms
[2020-07-12T01:12:28.925+0000][5284][gc,stats    ]    Subphase: Concurrent Weak Roots JNIWeakHandles          0.001 / 0.001         0.001 / 0.004         0.001 / 0.004         0.001 / 0.004       ms
[2020-07-12T01:12:28.925+0000][5284][gc,stats    ]    Subphase: Concurrent Weak Roots ResolvedMethodTable     0.093 / 0.097         0.094 / 0.181         0.094 / 0.181         0.094 / 0.181       ms
[2020-07-12T01:12:28.925+0000][5284][gc,stats    ]    Subphase: Concurrent Weak Roots StringTable             0.791 / 0.871         0.749 / 1.341         0.749 / 1.341         0.749 / 1.341       ms
[2020-07-12T01:12:28.925+0000][5284][gc,stats    ]    Subphase: Concurrent Weak Roots VMWeakHandles           0.056 / 0.061         0.056 / 0.088         0.056 / 0.088         0.056 / 0.088       ms
[2020-07-12T01:12:28.925+0000][5284][gc,stats    ]    Subphase: Pause Mark Try Complete                       0.167 / 0.178         0.153 / 0.203         0.153 / 0.203         0.153 / 0.203       ms
[2020-07-12T01:12:28.925+0000][5284][gc,stats    ]    Subphase: Pause Roots                                   0.028 / 0.085         0.039 / 0.936         0.039 / 0.936         0.039 / 0.936       ms
[2020-07-12T01:12:28.925+0000][5284][gc,stats    ]    Subphase: Pause Roots CodeCache                         0.000 / 0.000         0.000 / 0.000         0.000 / 0.000         0.000 / 0.000       ms
[2020-07-12T01:12:28.925+0000][5284][gc,stats    ]    Subphase: Pause Roots JVMTIExport                       0.001 / 0.002         0.002 / 0.007         0.002 / 0.007         0.002 / 0.007       ms
[2020-07-12T01:12:28.925+0000][5284][gc,stats    ]    Subphase: Pause Roots JVMTIWeakExport                   0.001 / 0.001         0.001 / 0.001         0.001 / 0.001         0.001 / 0.001       ms
[2020-07-12T01:12:28.925+0000][5284][gc,stats    ]    Subphase: Pause Roots Management                        0.001 / 0.001         0.001 / 0.009         0.001 / 0.009         0.001 / 0.009       ms
[2020-07-12T01:12:28.925+0000][5284][gc,stats    ]    Subphase: Pause Roots ObjectSynchronizer                0.000 / 0.000         0.000 / 0.001         0.000 / 0.001         0.000 / 0.001       ms
[2020-07-12T01:12:28.925+0000][5284][gc,stats    ]    Subphase: Pause Roots Setup                             0.001 / 0.001         0.001 / 0.036         0.001 / 0.036         0.001 / 0.036       ms
[2020-07-12T01:12:28.925+0000][5284][gc,stats    ]    Subphase: Pause Roots SystemDictionary                  0.010 / 0.012         0.011 / 0.042         0.011 / 0.042         0.011 / 0.042       ms
[2020-07-12T01:12:28.925+0000][5284][gc,stats    ]    Subphase: Pause Roots Teardown                          0.001 / 0.001         0.001 / 0.013         0.001 / 0.013         0.001 / 0.013       ms
[2020-07-12T01:12:28.925+0000][5284][gc,stats    ]    Subphase: Pause Roots Threads                           0.055 / 0.069         0.045 / 0.913         0.045 / 0.913         0.045 / 0.913       ms
[2020-07-12T01:12:28.925+0000][5284][gc,stats    ]    Subphase: Pause Roots Universe                          0.002 / 0.004         0.002 / 0.011         0.002 / 0.011         0.002 / 0.011       ms
[2020-07-12T01:12:28.925+0000][5284][gc,stats    ]    Subphase: Pause Weak Roots                              0.010 / 0.059         0.010 / 0.087         0.010 / 0.087         0.010 / 0.087       ms
[2020-07-12T01:12:28.925+0000][5284][gc,stats    ]    Subphase: Pause Weak Roots JFRWeak                      0.047 / 0.057         0.047 / 0.084         0.047 / 0.084         0.047 / 0.084       ms
[2020-07-12T01:12:28.925+0000][5284][gc,stats    ]    Subphase: Pause Weak Roots JVMTIWeakExport              0.001 / 0.001         0.001 / 0.001         0.001 / 0.001         0.001 / 0.001       ms
[2020-07-12T01:12:28.925+0000][5284][gc,stats    ]    Subphase: Pause Weak Roots Setup                        0.000 / 0.000         0.000 / 0.001         0.000 / 0.001         0.000 / 0.001       ms
[2020-07-12T01:12:28.925+0000][5284][gc,stats    ]    Subphase: Pause Weak Roots Teardown                     0.000 / 0.000         0.000 / 0.000         0.000 / 0.000         0.000 / 0.000       ms
[2020-07-12T01:12:28.925+0000][5284][gc,stats    ]      System: Java Threads                                     37 / 37               35 / 38               35 / 38               35 / 38          threads
[2020-07-12T01:12:28.925+0000][5284][gc,stats    ] =========================================================================================================================================================
[2020-07-12T01:12:30.324+0000][5284][gc,heap     ] GC(87) Heap before GC invocations=87 (full 87): ZHeap           used 586M, capacity 4096M, max capacity 4096M
[2020-07-12T01:12:30.324+0000][5284][gc,heap     ] GC(87)  Metaspace       used 80240K, capacity 83029K, committed 83268K, reserved 83968K
[2020-07-12T01:12:30.324+0000][5284][gc,start    ] GC(87) Garbage Collection (Proactive)
[2020-07-12T01:12:30.324+0000][5284][gc,phases   ] GC(87) Pause Mark Start 0.149ms
[2020-07-12T01:12:30.324+0000][5284][safepoint   ] Safepoint "ZMarkStart", Time since last: 4623074515 ns, Reaching safepoint: 92454 ns, At safepoint: 171322 ns, Total: 263776 ns
[2020-07-12T01:12:30.375+0000][5284][gc,phases   ] GC(87) Concurrent Mark 50.854ms
[2020-07-12T01:12:30.375+0000][5284][gc,phases   ] GC(87) Pause Mark End 0.348ms
[2020-07-12T01:12:30.375+0000][5284][safepoint   ] Safepoint "ZMarkEnd", Time since last: 50901696 ns, Reaching safepoint: 81901 ns, At safepoint: 370919 ns, Total: 452820 ns
[2020-07-12T01:12:30.403+0000][5284][gc,phases   ] GC(87) Concurrent Process Non-Strong References 28.007ms
[2020-07-12T01:12:30.403+0000][5284][gc,phases   ] GC(87) Concurrent Reset Relocation Set 0.003ms
[2020-07-12T01:12:30.404+0000][5284][gc,phases   ] GC(87) Concurrent Select Relocation Set 0.983ms
[2020-07-12T01:12:30.405+0000][5284][gc,phases   ] GC(87) Pause Relocate Start 0.100ms
[2020-07-12T01:12:30.405+0000][5284][safepoint   ] Safepoint "ZRelocateStart", Time since last: 29050656 ns, Reaching safepoint: 110251 ns, At safepoint: 114931 ns, Total: 225182 ns
[2020-07-12T01:12:30.406+0000][5284][gc,phases   ] GC(87) Concurrent Relocate 1.343ms
[2020-07-12T01:12:30.406+0000][5284][gc,heap     ] GC(87) Heap after GC invocations=88 (full 88): ZHeap           used 68M, capacity 4096M, max capacity 4096M
[2020-07-12T01:12:30.406+0000][5284][gc,heap     ] GC(87)  Metaspace       used 80240K, capacity 83029K, committed 83268K, reserved 83968K
[2020-07-12T01:12:30.406+0000][5284][gc,load     ] GC(87) Load: 2.08/1.53/0.88
[2020-07-12T01:12:30.406+0000][5284][gc,mmu      ] GC(87) MMU: 2ms/49.3%, 5ms/79.7%, 10ms/89.9%, 20ms/94.9%, 50ms/97.3%, 100ms/98.3%
[2020-07-12T01:12:30.406+0000][5284][gc,marking  ] GC(87) Mark: 1 stripe(s), 2 proactive flush(es), 1 terminate flush(es), 1 completion(s), 0 continuation(s) 
[2020-07-12T01:12:30.406+0000][5284][gc,reloc    ] GC(87) Relocation: Successful, 1M relocated
[2020-07-12T01:12:30.406+0000][5284][gc,nmethod  ] GC(87) NMethods: 5629 registered, 0 unregistered
[2020-07-12T01:12:30.406+0000][5284][gc,metaspace] GC(87) Metaspace: 78M used, 81M capacity, 81M committed, 82M reserved
[2020-07-12T01:12:30.406+0000][5284][gc,ref      ] GC(87) Soft: 3922 encountered, 0 discovered, 0 enqueued
[2020-07-12T01:12:30.406+0000][5284][gc,ref      ] GC(87) Weak: 6658 encountered, 4331 discovered, 0 enqueued
[2020-07-12T01:12:30.406+0000][5284][gc,ref      ] GC(87) Final: 3 encountered, 0 discovered, 0 enqueued
[2020-07-12T01:12:30.406+0000][5284][gc,ref      ] GC(87) Phantom: 435 encountered, 294 discovered, 0 enqueued
[2020-07-12T01:12:30.406+0000][5284][gc,heap     ] GC(87) Min Capacity: 4096M(100%)
[2020-07-12T01:12:30.406+0000][5284][gc,heap     ] GC(87) Max Capacity: 4096M(100%)
[2020-07-12T01:12:30.406+0000][5284][gc,heap     ] GC(87) Soft Max Capacity: 4096M(100%)
[2020-07-12T01:12:30.406+0000][5284][gc,heap     ] GC(87)                Mark Start          Mark End        Relocate Start      Relocate End           High               Low         
[2020-07-12T01:12:30.406+0000][5284][gc,heap     ] GC(87)  Capacity:     4096M (100%)       4096M (100%)       4096M (100%)       4096M (100%)       4096M (100%)       4096M (100%)   
[2020-07-12T01:12:30.406+0000][5284][gc,heap     ] GC(87)   Reserve:       42M (1%)           42M (1%)           42M (1%)           42M (1%)           42M (1%)           42M (1%)     
[2020-07-12T01:12:30.406+0000][5284][gc,heap     ] GC(87)      Free:     3468M (85%)        3466M (85%)        3948M (96%)        3986M (97%)        3986M (97%)        3466M (85%)    
[2020-07-12T01:12:30.406+0000][5284][gc,heap     ] GC(87)      Used:      586M (14%)         588M (14%)         106M (3%)           68M (2%)          588M (14%)          68M (2%)     
[2020-07-12T01:12:30.406+0000][5284][gc,heap     ] GC(87)      Live:         -                28M (1%)           28M (1%)           28M (1%)             -                  -          
[2020-07-12T01:12:30.406+0000][5284][gc,heap     ] GC(87) Allocated:         -                 2M (0%)            2M (0%)            8M (0%)             -                  -          
[2020-07-12T01:12:30.406+0000][5284][gc,heap     ] GC(87)   Garbage:         -               557M (14%)          75M (2%)           37M (1%)             -                  -          
[2020-07-12T01:12:30.406+0000][5284][gc,heap     ] GC(87) Reclaimed:         -                  -               482M (12%)         520M (13%)            -                  -          
[2020-07-12T01:12:30.406+0000][5284][gc          ] GC(87) Garbage Collection (Proactive) 586M(14%)->68M(2%)
[2020-07-12T01:12:33.407+0000][5284][safepoint   ] Safepoint "Cleanup", Time since last: 3002344669 ns, Reaching safepoint: 129798 ns, At safepoint: 8924 ns, Total: 138722 ns
[2020-07-12T01:12:34.824+0000][5284][gc,heap     ] GC(88) Heap before GC invocations=88 (full 88): ZHeap           used 620M, capacity 4096M, max capacity 4096M
[2020-07-12T01:12:34.824+0000][5284][gc,heap     ] GC(88)  Metaspace       used 80257K, capacity 83033K, committed 83268K, reserved 83968K
[2020-07-12T01:12:34.824+0000][5284][gc,start    ] GC(88) Garbage Collection (Proactive)
[2020-07-12T01:12:34.824+0000][5284][gc,phases   ] GC(88) Pause Mark Start 0.110ms
[2020-07-12T01:12:34.824+0000][5284][safepoint   ] Safepoint "ZMarkStart", Time since last: 1416930364 ns, Reaching safepoint: 103988 ns, At safepoint: 130542 ns, Total: 234530 ns
[2020-07-12T01:12:34.869+0000][5284][gc,phases   ] GC(88) Concurrent Mark 45.055ms
[2020-07-12T01:12:34.870+0000][5284][gc,phases   ] GC(88) Pause Mark End 0.327ms
[2020-07-12T01:12:34.870+0000][5284][safepoint   ] Safepoint "ZMarkEnd", Time since last: 45102935 ns, Reaching safepoint: 67409 ns, At safepoint: 349607 ns, Total: 417016 ns
[2020-07-12T01:12:34.899+0000][5284][gc,phases   ] GC(88) Concurrent Process Non-Strong References 29.307ms
[2020-07-12T01:12:34.899+0000][5284][gc,phases   ] GC(88) Concurrent Reset Relocation Set 0.003ms
[2020-07-12T01:12:34.900+0000][5284][gc,phases   ] GC(88) Concurrent Select Relocation Set 0.980ms
[2020-07-12T01:12:34.900+0000][5284][gc,phases   ] GC(88) Pause Relocate Start 0.110ms
[2020-07-12T01:12:34.900+0000][5284][safepoint   ] Safepoint "ZRelocateStart", Time since last: 30348254 ns, Reaching safepoint: 66784 ns, At safepoint: 127477 ns, Total: 194261 ns
[2020-07-12T01:12:34.902+0000][5284][gc,phases   ] GC(88) Concurrent Relocate 1.374ms
[2020-07-12T01:12:34.902+0000][5284][gc,heap     ] GC(88) Heap after GC invocations=89 (full 89): ZHeap           used 72M, capacity 4096M, max capacity 4096M
[2020-07-12T01:12:34.902+0000][5284][gc,heap     ] GC(88)  Metaspace       used 80257K, capacity 83033K, committed 83268K, reserved 83968K
[2020-07-12T01:12:34.902+0000][5284][gc,load     ] GC(88) Load: 2.07/1.54/0.89
[2020-07-12T01:12:34.902+0000][5284][gc,mmu      ] GC(88) MMU: 2ms/49.3%, 5ms/79.7%, 10ms/89.9%, 20ms/94.9%, 50ms/97.3%, 100ms/98.3%
[2020-07-12T01:12:34.902+0000][5284][gc,marking  ] GC(88) Mark: 1 stripe(s), 2 proactive flush(es), 1 terminate flush(es), 1 completion(s), 0 continuation(s) 
[2020-07-12T01:12:34.902+0000][5284][gc,reloc    ] GC(88) Relocation: Successful, 1M relocated
[2020-07-12T01:12:34.902+0000][5284][gc,nmethod  ] GC(88) NMethods: 5654 registered, 0 unregistered
[2020-07-12T01:12:34.902+0000][5284][gc,metaspace] GC(88) Metaspace: 78M used, 81M capacity, 81M committed, 82M reserved
[2020-07-12T01:12:34.902+0000][5284][gc,ref      ] GC(88) Soft: 3922 encountered, 0 discovered, 0 enqueued
[2020-07-12T01:12:34.902+0000][5284][gc,ref      ] GC(88) Weak: 6655 encountered, 4321 discovered, 0 enqueued
[2020-07-12T01:12:34.902+0000][5284][gc,ref      ] GC(88) Final: 3 encountered, 0 discovered, 0 enqueued
[2020-07-12T01:12:34.902+0000][5284][gc,ref      ] GC(88) Phantom: 435 encountered, 294 discovered, 0 enqueued
[2020-07-12T01:12:34.902+0000][5284][gc,heap     ] GC(88) Min Capacity: 4096M(100%)
[2020-07-12T01:12:34.902+0000][5284][gc,heap     ] GC(88) Max Capacity: 4096M(100%)
[2020-07-12T01:12:34.902+0000][5284][gc,heap     ] GC(88) Soft Max Capacity: 4096M(100%)
[2020-07-12T01:12:34.902+0000][5284][gc,heap     ] GC(88)                Mark Start          Mark End        Relocate Start      Relocate End           High               Low         
[2020-07-12T01:12:34.902+0000][5284][gc,heap     ] GC(88)  Capacity:     4096M (100%)       4096M (100%)       4096M (100%)       4096M (100%)       4096M (100%)       4096M (100%)   
[2020-07-12T01:12:34.902+0000][5284][gc,heap     ] GC(88)   Reserve:       42M (1%)           42M (1%)           42M (1%)           42M (1%)           42M (1%)           42M (1%)     
[2020-07-12T01:12:34.902+0000][5284][gc,heap     ] GC(88)      Free:     3434M (84%)        3432M (84%)        3944M (96%)        3982M (97%)        3982M (97%)        3430M (84%)    
[2020-07-12T01:12:34.902+0000][5284][gc,heap     ] GC(88)      Used:      620M (15%)         622M (15%)         110M (3%)           72M (2%)          624M (15%)          72M (2%)     
[2020-07-12T01:12:34.902+0000][5284][gc,heap     ] GC(88)      Live:         -                28M (1%)           28M (1%)           28M (1%)             -                  -          
[2020-07-12T01:12:34.902+0000][5284][gc,heap     ] GC(88) Allocated:         -                 2M (0%)            4M (0%)           12M (0%)             -                  -          
[2020-07-12T01:12:34.902+0000][5284][gc,heap     ] GC(88)   Garbage:         -               591M (14%)          77M (2%)           39M (1%)             -                  -          
[2020-07-12T01:12:34.902+0000][5284][gc,heap     ] GC(88) Reclaimed:         -                  -               514M (13%)         552M (13%)            -                  -          
[2020-07-12T01:12:34.902+0000][5284][gc          ] GC(88) Garbage Collection (Proactive) 620M(15%)->72M(2%)
[2020-07-12T01:12:35.901+0000][5284][safepoint   ] Safepoint "Cleanup", Time since last: 1000309919 ns, Reaching safepoint: 140567 ns, At safepoint: 1832 ns, Total: 142399 ns
[2020-07-12T01:12:36.902+0000][5284][safepoint   ] Safepoint "Cleanup", Time since last: 1001061615 ns, Reaching safepoint: 102348 ns, At safepoint: 2231 ns, Total: 104579 ns
[2020-07-12T01:12:37.902+0000][5284][safepoint   ] Safepoint "Cleanup", Time since last: 1000140880 ns, Reaching safepoint: 81596 ns, At safepoint: 1804 ns, Total: 83400 ns
[2020-07-12T01:12:38.904+0000][5284][safepoint   ] Safepoint "Cleanup", Time since last: 1001184249 ns, Reaching safepoint: 136990 ns, At safepoint: 3770 ns, Total: 140760 ns
[2020-07-12T01:12:38.925+0000][5284][gc,stats    ] === Garbage Collection Statistics =======================================================================================================================
[2020-07-12T01:12:38.925+0000][5284][gc,stats    ]                                                              Last 10s              Last 10m              Last 10h                Total
[2020-07-12T01:12:38.925+0000][5284][gc,stats    ]                                                              Avg / Max             Avg / Max             Avg / Max             Avg / Max
[2020-07-12T01:12:38.925+0000][5284][gc,stats    ]   Collector: Garbage Collection Cycle                     80.047 / 82.324       78.234 / 117.511      78.234 / 117.511      78.234 / 117.511     ms
[2020-07-12T01:12:38.925+0000][5284][gc,stats    ]  Contention: Mark Segment Reset Contention                     0 / 0                 0 / 0                 0 / 0                 0 / 0           ops/s
[2020-07-12T01:12:38.925+0000][5284][gc,stats    ]  Contention: Mark SeqNum Reset Contention                      0 / 0                 0 / 0                 0 / 0                 0 / 0           ops/s
[2020-07-12T01:12:38.925+0000][5284][gc,stats    ]  Contention: Relocation Contention                             0 / 0                 0 / 12                0 / 12                0 / 12          ops/s
[2020-07-12T01:12:38.925+0000][5284][gc,stats    ]    Critical: Allocation Stall                              0.000 / 0.000         0.000 / 0.000         0.000 / 0.000         0.000 / 0.000       ms
[2020-07-12T01:12:38.925+0000][5284][gc,stats    ]    Critical: Allocation Stall                                  0 / 0                 0 / 0                 0 / 0                 0 / 0           ops/s
[2020-07-12T01:12:38.925+0000][5284][gc,stats    ]    Critical: GC Locker Stall                               0.000 / 0.000         0.093 / 0.093         0.093 / 0.093         0.093 / 0.093       ms
[2020-07-12T01:12:38.925+0000][5284][gc,stats    ]    Critical: GC Locker Stall                                   0 / 0                 0 / 1                 0 / 1                 0 / 1           ops/s
[2020-07-12T01:12:38.925+0000][5284][gc,stats    ]      Memory: Allocation Rate                                 115 / 220             111 / 238             111 / 238             111 / 238         MB/s
[2020-07-12T01:12:38.925+0000][5284][gc,stats    ]      Memory: Heap Used After Mark                            605 / 622             581 / 1286            581 / 1286            581 / 1286        MB
[2020-07-12T01:12:38.925+0000][5284][gc,stats    ]      Memory: Heap Used After Relocation                       70 / 72               81 / 116              81 / 116              81 / 116         MB
[2020-07-12T01:12:38.925+0000][5284][gc,stats    ]      Memory: Heap Used Before Mark                           603 / 620             568 / 1270            568 / 1270            568 / 1270        MB
[2020-07-12T01:12:38.925+0000][5284][gc,stats    ]      Memory: Heap Used Before Relocation                     108 / 110             129 / 338             129 / 338             129 / 338         MB
[2020-07-12T01:12:38.925+0000][5284][gc,stats    ]      Memory: Out Of Memory                                     0 / 0                 0 / 0                 0 / 0                 0 / 0           ops/s
[2020-07-12T01:12:38.925+0000][5284][gc,stats    ]      Memory: Page Cache Flush                                  0 / 0                 0 / 0                 0 / 0                 0 / 0           MB/s
[2020-07-12T01:12:38.925+0000][5284][gc,stats    ]      Memory: Page Cache Hit L1                                58 / 110              54 / 121              54 / 121              54 / 121         ops/s
[2020-07-12T01:12:38.925+0000][5284][gc,stats    ]      Memory: Page Cache Hit L2                                 0 / 0                 0 / 0                 0 / 0                 0 / 0           ops/s
[2020-07-12T01:12:38.925+0000][5284][gc,stats    ]      Memory: Page Cache Hit L3                                 0 / 0                 1 / 96                1 / 96                1 / 96          ops/s
[2020-07-12T01:12:38.925+0000][5284][gc,stats    ]      Memory: Page Cache Miss                                   0 / 0                 0 / 0                 0 / 0                 0 / 0           ops/s
[2020-07-12T01:12:38.925+0000][5284][gc,stats    ]      Memory: Uncommit                                          0 / 0                 0 / 0                 0 / 0                 0 / 0           MB/s
[2020-07-12T01:12:38.925+0000][5284][gc,stats    ]      Memory: Undo Object Allocation Failed                     0 / 0                 0 / 0                 0 / 0                 0 / 0           ops/s
[2020-07-12T01:12:38.925+0000][5284][gc,stats    ]      Memory: Undo Object Allocation Succeeded                  0 / 0                 0 / 12                0 / 12                0 / 12          ops/s
[2020-07-12T01:12:38.925+0000][5284][gc,stats    ]      Memory: Undo Page Allocation                              0 / 0                 0 / 0                 0 / 0                 0 / 0           ops/s
[2020-07-12T01:12:38.925+0000][5284][gc,stats    ]       Phase: Concurrent Mark                              47.954 / 50.854       48.070 / 77.269       48.070 / 77.269       48.070 / 77.269      ms
[2020-07-12T01:12:38.925+0000][5284][gc,stats    ]       Phase: Concurrent Mark Continue                      0.000 / 0.000         0.000 / 0.000         0.000 / 0.000         0.000 / 0.000       ms
[2020-07-12T01:12:38.925+0000][5284][gc,stats    ]       Phase: Concurrent Process Non-Strong References     28.657 / 29.307       25.591 / 41.178       25.591 / 41.178       25.591 / 41.178      ms
[2020-07-12T01:12:38.925+0000][5284][gc,stats    ]       Phase: Concurrent Relocate                           1.359 / 1.374         1.718 / 18.136        1.718 / 18.136        1.718 / 18.136      ms
[2020-07-12T01:12:38.925+0000][5284][gc,stats    ]       Phase: Concurrent Reset Relocation Set               0.003 / 0.003         0.004 / 0.015         0.004 / 0.015         0.004 / 0.015       ms
[2020-07-12T01:12:38.925+0000][5284][gc,stats    ]       Phase: Concurrent Select Relocation Set              0.982 / 0.983         1.072 / 5.622         1.072 / 5.622         1.072 / 5.622       ms
[2020-07-12T01:12:38.925+0000][5284][gc,stats    ]       Phase: Pause Mark End                                0.338 / 0.348         0.340 / 0.654         0.340 / 0.654         0.340 / 0.654       ms
[2020-07-12T01:12:38.925+0000][5284][gc,stats    ]       Phase: Pause Mark Start                              0.130 / 0.149         0.169 / 0.724         0.169 / 0.724         0.169 / 0.724       ms
[2020-07-12T01:12:38.925+0000][5284][gc,stats    ]       Phase: Pause Relocate Start                          0.105 / 0.110         0.134 / 1.014         0.134 / 1.014         0.134 / 1.014       ms
[2020-07-12T01:12:38.925+0000][5284][gc,stats    ]    Subphase: Concurrent Classes Purge                      0.601 / 0.619         0.800 / 8.877         0.800 / 8.877         0.800 / 8.877       ms
[2020-07-12T01:12:38.925+0000][5284][gc,stats    ]    Subphase: Concurrent Classes Unlink                    26.616 / 27.165       23.079 / 38.550       23.079 / 38.550       23.079 / 38.550      ms
[2020-07-12T01:12:38.925+0000][5284][gc,stats    ]    Subphase: Concurrent Mark                              47.467 / 50.385       47.276 / 76.517       47.276 / 76.517       47.276 / 76.517      ms
[2020-07-12T01:12:38.925+0000][5284][gc,stats    ]    Subphase: Concurrent Mark Idle                          0.000 / 0.000         0.000 / 0.000         0.000 / 0.000         0.000 / 0.000       ms
[2020-07-12T01:12:38.925+0000][5284][gc,stats    ]    Subphase: Concurrent Mark Try Flush                     0.071 / 0.138         0.122 / 4.734         0.122 / 4.734         0.122 / 4.734       ms
[2020-07-12T01:12:38.925+0000][5284][gc,stats    ]    Subphase: Concurrent Mark Try Terminate                 0.033 / 0.120         0.073 / 4.736         0.073 / 4.736         0.073 / 4.736       ms
[2020-07-12T01:12:38.925+0000][5284][gc,stats    ]    Subphase: Concurrent References Enqueue                 0.000 / 0.000         0.001 / 0.004         0.001 / 0.004         0.001 / 0.004       ms
[2020-07-12T01:12:38.925+0000][5284][gc,stats    ]    Subphase: Concurrent References Process                 0.443 / 0.522         0.526 / 1.144         0.526 / 1.144         0.526 / 1.144       ms
[2020-07-12T01:12:38.925+0000][5284][gc,stats    ]    Subphase: Concurrent Roots                              0.239 / 0.261         0.304 / 1.449         0.304 / 1.449         0.304 / 1.449       ms
[2020-07-12T01:12:38.925+0000][5284][gc,stats    ]    Subphase: Concurrent Roots ClassLoaderDataGraph         0.233 / 0.255         0.298 / 1.421         0.298 / 1.421         0.298 / 1.421       ms
[2020-07-12T01:12:38.925+0000][5284][gc,stats    ]    Subphase: Concurrent Roots JNIHandles                   0.004 / 0.005         0.004 / 0.012         0.004 / 0.012         0.004 / 0.012       ms
[2020-07-12T01:12:38.925+0000][5284][gc,stats    ]    Subphase: Concurrent Roots Setup                        0.183 / 0.183         0.188 / 0.465         0.188 / 0.465         0.188 / 0.465       ms
[2020-07-12T01:12:38.925+0000][5284][gc,stats    ]    Subphase: Concurrent Roots Teardown                     0.000 / 0.000         0.000 / 0.002         0.000 / 0.002         0.000 / 0.002       ms
[2020-07-12T01:12:38.925+0000][5284][gc,stats    ]    Subphase: Concurrent Roots VMHandles                    0.000 / 0.000         0.000 / 0.000         0.000 / 0.000         0.000 / 0.000       ms
[2020-07-12T01:12:38.925+0000][5284][gc,stats    ]    Subphase: Concurrent Weak Roots                         0.905 / 0.950         0.903 / 1.534         0.903 / 1.534         0.903 / 1.534       ms
[2020-07-12T01:12:38.925+0000][5284][gc,stats    ]    Subphase: Concurrent Weak Roots JNIWeakHandles          0.000 / 0.001         0.001 / 0.004         0.001 / 0.004         0.001 / 0.004       ms
[2020-07-12T01:12:38.925+0000][5284][gc,stats    ]    Subphase: Concurrent Weak Roots ResolvedMethodTable     0.096 / 0.099         0.094 / 0.181         0.094 / 0.181         0.094 / 0.181       ms
[2020-07-12T01:12:38.925+0000][5284][gc,stats    ]    Subphase: Concurrent Weak Roots StringTable             0.749 / 0.796         0.749 / 1.341         0.749 / 1.341         0.749 / 1.341       ms
[2020-07-12T01:12:38.925+0000][5284][gc,stats    ]    Subphase: Concurrent Weak Roots VMWeakHandles           0.057 / 0.058         0.056 / 0.088         0.056 / 0.088         0.056 / 0.088       ms
[2020-07-12T01:12:38.925+0000][5284][gc,stats    ]    Subphase: Pause Mark Try Complete                       0.161 / 0.167         0.153 / 0.203         0.153 / 0.203         0.153 / 0.203       ms
[2020-07-12T01:12:38.925+0000][5284][gc,stats    ]    Subphase: Pause Roots                                   0.030 / 0.101         0.038 / 0.936         0.038 / 0.936         0.038 / 0.936       ms
[2020-07-12T01:12:38.925+0000][5284][gc,stats    ]    Subphase: Pause Roots CodeCache                         0.000 / 0.000         0.000 / 0.000         0.000 / 0.000         0.000 / 0.000       ms
[2020-07-12T01:12:38.925+0000][5284][gc,stats    ]    Subphase: Pause Roots JVMTIExport                       0.002 / 0.002         0.002 / 0.007         0.002 / 0.007         0.002 / 0.007       ms
[2020-07-12T01:12:38.925+0000][5284][gc,stats    ]    Subphase: Pause Roots JVMTIWeakExport                   0.001 / 0.001         0.001 / 0.001         0.001 / 0.001         0.001 / 0.001       ms
[2020-07-12T01:12:38.925+0000][5284][gc,stats    ]    Subphase: Pause Roots Management                        0.001 / 0.001         0.001 / 0.009         0.001 / 0.009         0.001 / 0.009       ms
[2020-07-12T01:12:38.925+0000][5284][gc,stats    ]    Subphase: Pause Roots ObjectSynchronizer                0.000 / 0.000         0.000 / 0.001         0.000 / 0.001         0.000 / 0.001       ms
[2020-07-12T01:12:38.925+0000][5284][gc,stats    ]    Subphase: Pause Roots Setup                             0.000 / 0.001         0.001 / 0.036         0.001 / 0.036         0.001 / 0.036       ms
[2020-07-12T01:12:38.925+0000][5284][gc,stats    ]    Subphase: Pause Roots SystemDictionary                  0.012 / 0.016         0.011 / 0.042         0.011 / 0.042         0.011 / 0.042       ms
[2020-07-12T01:12:38.925+0000][5284][gc,stats    ]    Subphase: Pause Roots Teardown                          0.001 / 0.001         0.001 / 0.013         0.001 / 0.013         0.001 / 0.013       ms
[2020-07-12T01:12:38.925+0000][5284][gc,stats    ]    Subphase: Pause Roots Threads                           0.039 / 0.083         0.045 / 0.913         0.045 / 0.913         0.045 / 0.913       ms
[2020-07-12T01:12:38.925+0000][5284][gc,stats    ]    Subphase: Pause Roots Universe                          0.002 / 0.003         0.002 / 0.011         0.002 / 0.011         0.002 / 0.011       ms
[2020-07-12T01:12:38.925+0000][5284][gc,stats    ]    Subphase: Pause Weak Roots                              0.009 / 0.047         0.010 / 0.087         0.010 / 0.087         0.010 / 0.087       ms
[2020-07-12T01:12:38.925+0000][5284][gc,stats    ]    Subphase: Pause Weak Roots JFRWeak                      0.044 / 0.045         0.047 / 0.084         0.047 / 0.084         0.047 / 0.084       ms
[2020-07-12T01:12:38.925+0000][5284][gc,stats    ]    Subphase: Pause Weak Roots JVMTIWeakExport              0.001 / 0.001         0.001 / 0.001         0.001 / 0.001         0.001 / 0.001       ms
[2020-07-12T01:12:38.925+0000][5284][gc,stats    ]    Subphase: Pause Weak Roots Setup                        0.000 / 0.000         0.000 / 0.001         0.000 / 0.001         0.000 / 0.001       ms
[2020-07-12T01:12:38.925+0000][5284][gc,stats    ]    Subphase: Pause Weak Roots Teardown                     0.000 / 0.000         0.000 / 0.000         0.000 / 0.000         0.000 / 0.000       ms
[2020-07-12T01:12:38.925+0000][5284][gc,stats    ]      System: Java Threads                                     37 / 37               35 / 38               35 / 38               35 / 38          threads
[2020-07-12T01:12:38.925+0000][5284][gc,stats    ] =========================================================================================================================================================
[2020-07-12T01:12:39.124+0000][5284][gc,heap     ] GC(89) Heap before GC invocations=89 (full 89): ZHeap           used 558M, capacity 4096M, max capacity 4096M
[2020-07-12T01:12:39.124+0000][5284][gc,heap     ] GC(89)  Metaspace       used 80264K, capacity 83033K, committed 83268K, reserved 83968K
[2020-07-12T01:12:39.124+0000][5284][gc,start    ] GC(89) Garbage Collection (Proactive)
[2020-07-12T01:12:39.124+0000][5284][gc,phases   ] GC(89) Pause Mark Start 0.146ms
[2020-07-12T01:12:39.124+0000][5284][safepoint   ] Safepoint "ZMarkStart", Time since last: 220426691 ns, Reaching safepoint: 76581 ns, At safepoint: 163429 ns, Total: 240010 ns
[2020-07-12T01:12:39.171+0000][5284][gc,phases   ] GC(89) Concurrent Mark 47.041ms
[2020-07-12T01:12:39.172+0000][5284][gc,phases   ] GC(89) Pause Mark End 0.469ms
[2020-07-12T01:12:39.172+0000][5284][safepoint   ] Safepoint "ZMarkEnd", Time since last: 47096540 ns, Reaching safepoint: 125132 ns, At safepoint: 487584 ns, Total: 612716 ns
[2020-07-12T01:12:39.204+0000][5284][gc,phases   ] GC(89) Concurrent Process Non-Strong References 32.256ms
[2020-07-12T01:12:39.204+0000][5284][gc,phases   ] GC(89) Concurrent Reset Relocation Set 0.003ms
[2020-07-12T01:12:39.205+0000][5284][gc,phases   ] GC(89) Concurrent Select Relocation Set 1.019ms
[2020-07-12T01:12:39.205+0000][5284][gc,phases   ] GC(89) Pause Relocate Start 0.116ms
[2020-07-12T01:12:39.205+0000][5284][safepoint   ] Safepoint "ZRelocateStart", Time since last: 33373497 ns, Reaching safepoint: 83234 ns, At safepoint: 136798 ns, Total: 220032 ns
[2020-07-12T01:12:39.207+0000][5284][gc,phases   ] GC(89) Concurrent Relocate 1.346ms
[2020-07-12T01:12:39.207+0000][5284][gc,heap     ] GC(89) Heap after GC invocations=90 (full 90): ZHeap           used 68M, capacity 4096M, max capacity 4096M
[2020-07-12T01:12:39.207+0000][5284][gc,heap     ] GC(89)  Metaspace       used 80264K, capacity 83033K, committed 83268K, reserved 83968K
[2020-07-12T01:12:39.207+0000][5284][gc,load     ] GC(89) Load: 2.07/1.55/0.89
[2020-07-12T01:12:39.207+0000][5284][gc,mmu      ] GC(89) MMU: 2ms/49.3%, 5ms/79.7%, 10ms/89.9%, 20ms/94.9%, 50ms/97.3%, 100ms/98.3%
[2020-07-12T01:12:39.207+0000][5284][gc,marking  ] GC(89) Mark: 1 stripe(s), 2 proactive flush(es), 1 terminate flush(es), 1 completion(s), 0 continuation(s) 
[2020-07-12T01:12:39.207+0000][5284][gc,reloc    ] GC(89) Relocation: Successful, 1M relocated
[2020-07-12T01:12:39.207+0000][5284][gc,nmethod  ] GC(89) NMethods: 5674 registered, 0 unregistered
[2020-07-12T01:12:39.207+0000][5284][gc,metaspace] GC(89) Metaspace: 78M used, 81M capacity, 81M committed, 82M reserved
[2020-07-12T01:12:39.207+0000][5284][gc,ref      ] GC(89) Soft: 3922 encountered, 0 discovered, 0 enqueued
[2020-07-12T01:12:39.207+0000][5284][gc,ref      ] GC(89) Weak: 6657 encountered, 4318 discovered, 0 enqueued
[2020-07-12T01:12:39.207+0000][5284][gc,ref      ] GC(89) Final: 3 encountered, 0 discovered, 0 enqueued
[2020-07-12T01:12:39.207+0000][5284][gc,ref      ] GC(89) Phantom: 435 encountered, 294 discovered, 0 enqueued
[2020-07-12T01:12:39.207+0000][5284][gc,heap     ] GC(89) Min Capacity: 4096M(100%)
[2020-07-12T01:12:39.207+0000][5284][gc,heap     ] GC(89) Max Capacity: 4096M(100%)
[2020-07-12T01:12:39.207+0000][5284][gc,heap     ] GC(89) Soft Max Capacity: 4096M(100%)
[2020-07-12T01:12:39.207+0000][5284][gc,heap     ] GC(89)                Mark Start          Mark End        Relocate Start      Relocate End           High               Low         
[2020-07-12T01:12:39.207+0000][5284][gc,heap     ] GC(89)  Capacity:     4096M (100%)       4096M (100%)       4096M (100%)       4096M (100%)       4096M (100%)       4096M (100%)   
[2020-07-12T01:12:39.207+0000][5284][gc,heap     ] GC(89)   Reserve:       42M (1%)           42M (1%)           42M (1%)           42M (1%)           42M (1%)           42M (1%)     
[2020-07-12T01:12:39.207+0000][5284][gc,heap     ] GC(89)      Free:     3496M (85%)        3494M (85%)        3942M (96%)        3986M (97%)        3986M (97%)        3494M (85%)    
[2020-07-12T01:12:39.207+0000][5284][gc,heap     ] GC(89)      Used:      558M (14%)         560M (14%)         112M (3%)           68M (2%)          560M (14%)          68M (2%)     
[2020-07-12T01:12:39.207+0000][5284][gc,heap     ] GC(89)      Live:         -                28M (1%)           28M (1%)           28M (1%)             -                  -          
[2020-07-12T01:12:39.207+0000][5284][gc,heap     ] GC(89) Allocated:         -                 2M (0%)            2M (0%)            8M (0%)             -                  -          
[2020-07-12T01:12:39.207+0000][5284][gc,heap     ] GC(89)   Garbage:         -               529M (13%)          81M (2%)           37M (1%)             -                  -          
[2020-07-12T01:12:39.207+0000][5284][gc,heap     ] GC(89) Reclaimed:         -                  -               448M (11%)         492M (12%)            -                  -          
[2020-07-12T01:12:39.207+0000][5284][gc          ] GC(89) Garbage Collection (Proactive) 558M(14%)->68M(2%)
[2020-07-12T01:12:43.425+0000][5284][gc,heap     ] GC(90) Heap before GC invocations=90 (full 90): ZHeap           used 534M, capacity 4096M, max capacity 4096M
[2020-07-12T01:12:43.425+0000][5284][gc,heap     ] GC(90)  Metaspace       used 80264K, capacity 83033K, committed 83268K, reserved 83968K
[2020-07-12T01:12:43.425+0000][5284][gc,start    ] GC(90) Garbage Collection (Proactive)
[2020-07-12T01:12:43.425+0000][5284][gc,phases   ] GC(90) Pause Mark Start 0.183ms
[2020-07-12T01:12:43.425+0000][5284][safepoint   ] Safepoint "ZMarkStart", Time since last: 4219286263 ns, Reaching safepoint: 91127 ns, At safepoint: 207304 ns, Total: 298431 ns
[2020-07-12T01:12:43.472+0000][5284][gc,phases   ] GC(90) Concurrent Mark 46.513ms
[2020-07-12T01:12:43.472+0000][5284][gc,phases   ] GC(90) Pause Mark End 0.376ms
[2020-07-12T01:12:43.472+0000][5284][safepoint   ] Safepoint "ZMarkEnd", Time since last: 46575213 ns, Reaching safepoint: 107802 ns, At safepoint: 396952 ns, Total: 504754 ns
[2020-07-12T01:12:43.502+0000][5284][gc,phases   ] GC(90) Concurrent Process Non-Strong References 30.040ms
[2020-07-12T01:12:43.502+0000][5284][gc,phases   ] GC(90) Concurrent Reset Relocation Set 0.004ms
[2020-07-12T01:12:43.503+0000][5284][gc,phases   ] GC(90) Concurrent Select Relocation Set 0.978ms
[2020-07-12T01:12:43.503+0000][5284][gc,phases   ] GC(90) Pause Relocate Start 0.168ms
[2020-07-12T01:12:43.503+0000][5284][safepoint   ] Safepoint "ZRelocateStart", Time since last: 31083027 ns, Reaching safepoint: 78135 ns, At safepoint: 185500 ns, Total: 263635 ns
[2020-07-12T01:12:43.505+0000][5284][gc,phases   ] GC(90) Concurrent Relocate 1.273ms
[2020-07-12T01:12:43.505+0000][5284][gc,heap     ] GC(90) Heap after GC invocations=91 (full 91): ZHeap           used 78M, capacity 4096M, max capacity 4096M
[2020-07-12T01:12:43.505+0000][5284][gc,heap     ] GC(90)  Metaspace       used 80264K, capacity 83033K, committed 83268K, reserved 83968K
[2020-07-12T01:12:43.505+0000][5284][gc,load     ] GC(90) Load: 2.07/1.55/0.89
[2020-07-12T01:12:43.505+0000][5284][gc,mmu      ] GC(90) MMU: 2ms/49.3%, 5ms/79.7%, 10ms/89.9%, 20ms/94.9%, 50ms/97.3%, 100ms/98.3%
[2020-07-12T01:12:43.505+0000][5284][gc,marking  ] GC(90) Mark: 1 stripe(s), 2 proactive flush(es), 1 terminate flush(es), 1 completion(s), 0 continuation(s) 
[2020-07-12T01:12:43.505+0000][5284][gc,reloc    ] GC(90) Relocation: Successful, 1M relocated
[2020-07-12T01:12:43.505+0000][5284][gc,nmethod  ] GC(90) NMethods: 5674 registered, 0 unregistered
[2020-07-12T01:12:43.505+0000][5284][gc,metaspace] GC(90) Metaspace: 78M used, 81M capacity, 81M committed, 82M reserved
[2020-07-12T01:12:43.505+0000][5284][gc,ref      ] GC(90) Soft: 3922 encountered, 0 discovered, 0 enqueued
[2020-07-12T01:12:43.505+0000][5284][gc,ref      ] GC(90) Weak: 6660 encountered, 4335 discovered, 0 enqueued
[2020-07-12T01:12:43.505+0000][5284][gc,ref      ] GC(90) Final: 3 encountered, 0 discovered, 0 enqueued
[2020-07-12T01:12:43.505+0000][5284][gc,ref      ] GC(90) Phantom: 435 encountered, 294 discovered, 0 enqueued
[2020-07-12T01:12:43.505+0000][5284][gc,heap     ] GC(90) Min Capacity: 4096M(100%)
[2020-07-12T01:12:43.505+0000][5284][gc,heap     ] GC(90) Max Capacity: 4096M(100%)
[2020-07-12T01:12:43.505+0000][5284][gc,heap     ] GC(90) Soft Max Capacity: 4096M(100%)
[2020-07-12T01:12:43.505+0000][5284][gc,heap     ] GC(90)                Mark Start          Mark End        Relocate Start      Relocate End           High               Low         
[2020-07-12T01:12:43.505+0000][5284][gc,heap     ] GC(90)  Capacity:     4096M (100%)       4096M (100%)       4096M (100%)       4096M (100%)       4096M (100%)       4096M (100%)   
[2020-07-12T01:12:43.505+0000][5284][gc,heap     ] GC(90)   Reserve:       42M (1%)           42M (1%)           42M (1%)           42M (1%)           42M (1%)           42M (1%)     
[2020-07-12T01:12:43.505+0000][5284][gc,heap     ] GC(90)      Free:     3520M (86%)        3518M (86%)        3940M (96%)        3976M (97%)        3976M (97%)        3510M (86%)    
[2020-07-12T01:12:43.505+0000][5284][gc,heap     ] GC(90)      Used:      534M (13%)         536M (13%)         114M (3%)           78M (2%)          544M (13%)          78M (2%)     
[2020-07-12T01:12:43.505+0000][5284][gc,heap     ] GC(90)      Live:         -                28M (1%)           28M (1%)           28M (1%)             -                  -          
[2020-07-12T01:12:43.505+0000][5284][gc,heap     ] GC(90) Allocated:         -                 2M (0%)           10M (0%)           18M (0%)             -                  -          
[2020-07-12T01:12:43.505+0000][5284][gc,heap     ] GC(90)   Garbage:         -               505M (12%)          75M (2%)           39M (1%)             -                  -          
[2020-07-12T01:12:43.505+0000][5284][gc,heap     ] GC(90) Reclaimed:         -                  -               430M (10%)         466M (11%)            -                  -          
[2020-07-12T01:12:43.505+0000][5284][gc          ] GC(90) Garbage Collection (Proactive) 534M(13%)->78M(2%)
[2020-07-12T01:12:46.504+0000][5284][safepoint   ] Safepoint "Cleanup", Time since last: 3000666637 ns, Reaching safepoint: 147917 ns, At safepoint: 100535 ns, Total: 248452 ns
[2020-07-12T01:12:47.624+0000][5284][gc,heap     ] GC(91) Heap before GC invocations=91 (full 91): ZHeap           used 582M, capacity 4096M, max capacity 4096M
[2020-07-12T01:12:47.624+0000][5284][gc,heap     ] GC(91)  Metaspace       used 80265K, capacity 83037K, committed 83268K, reserved 83968K
[2020-07-12T01:12:47.624+0000][5284][gc,start    ] GC(91) Garbage Collection (Proactive)
[2020-07-12T01:12:47.624+0000][5284][gc,phases   ] GC(91) Pause Mark Start 0.192ms
[2020-07-12T01:12:47.624+0000][5284][safepoint   ] Safepoint "ZMarkStart", Time since last: 1119405515 ns, Reaching safepoint: 184129 ns, At safepoint: 216726 ns, Total: 400855 ns
[2020-07-12T01:12:47.673+0000][5284][gc,phases   ] GC(91) Concurrent Mark 48.982ms
[2020-07-12T01:12:47.675+0000][5284][gc,phases   ] GC(91) Pause Mark End 0.467ms
[2020-07-12T01:12:47.675+0000][5284][safepoint   ] Safepoint "ZMarkEnd", Time since last: 49112192 ns, Reaching safepoint: 930131 ns, At safepoint: 504596 ns, Total: 1434727 ns
[2020-07-12T01:12:47.706+0000][5284][gc,phases   ] GC(91) Concurrent Process Non-Strong References 31.593ms
[2020-07-12T01:12:47.706+0000][5284][gc,phases   ] GC(91) Concurrent Reset Relocation Set 0.005ms
[2020-07-12T01:12:47.707+0000][5284][gc,phases   ] GC(91) Concurrent Select Relocation Set 1.012ms
[2020-07-12T01:12:47.708+0000][5284][gc,phases   ] GC(91) Pause Relocate Start 0.107ms
[2020-07-12T01:12:47.708+0000][5284][safepoint   ] Safepoint "ZRelocateStart", Time since last: 32726013 ns, Reaching safepoint: 63773 ns, At safepoint: 128405 ns, Total: 192178 ns
[2020-07-12T01:12:47.709+0000][5284][gc,phases   ] GC(91) Concurrent Relocate 1.513ms
[2020-07-12T01:12:47.709+0000][5284][gc,heap     ] GC(91) Heap after GC invocations=92 (full 92): ZHeap           used 106M, capacity 4096M, max capacity 4096M
[2020-07-12T01:12:47.709+0000][5284][gc,heap     ] GC(91)  Metaspace       used 80265K, capacity 83037K, committed 83268K, reserved 83968K
[2020-07-12T01:12:47.709+0000][5284][gc,load     ] GC(91) Load: 1.90/1.52/0.89
[2020-07-12T01:12:47.709+0000][5284][gc,mmu      ] GC(91) MMU: 2ms/49.3%, 5ms/79.7%, 10ms/89.9%, 20ms/94.9%, 50ms/97.3%, 100ms/98.3%
[2020-07-12T01:12:47.709+0000][5284][gc,marking  ] GC(91) Mark: 1 stripe(s), 3 proactive flush(es), 1 terminate flush(es), 1 completion(s), 0 continuation(s) 
[2020-07-12T01:12:47.709+0000][5284][gc,reloc    ] GC(91) Relocation: Successful, 1M relocated
[2020-07-12T01:12:47.709+0000][5284][gc,nmethod  ] GC(91) NMethods: 5678 registered, 0 unregistered
[2020-07-12T01:12:47.709+0000][5284][gc,metaspace] GC(91) Metaspace: 78M used, 81M capacity, 81M committed, 82M reserved
[2020-07-12T01:12:47.709+0000][5284][gc,ref      ] GC(91) Soft: 3922 encountered, 0 discovered, 0 enqueued
[2020-07-12T01:12:47.709+0000][5284][gc,ref      ] GC(91) Weak: 6656 encountered, 4331 discovered, 0 enqueued
[2020-07-12T01:12:47.709+0000][5284][gc,ref      ] GC(91) Final: 3 encountered, 0 discovered, 0 enqueued
[2020-07-12T01:12:47.709+0000][5284][gc,ref      ] GC(91) Phantom: 435 encountered, 294 discovered, 0 enqueued
[2020-07-12T01:12:47.709+0000][5284][gc,heap     ] GC(91) Min Capacity: 4096M(100%)
[2020-07-12T01:12:47.709+0000][5284][gc,heap     ] GC(91) Max Capacity: 4096M(100%)
[2020-07-12T01:12:47.709+0000][5284][gc,heap     ] GC(91) Soft Max Capacity: 4096M(100%)
[2020-07-12T01:12:47.709+0000][5284][gc,heap     ] GC(91)                Mark Start          Mark End        Relocate Start      Relocate End           High               Low         
[2020-07-12T01:12:47.709+0000][5284][gc,heap     ] GC(91)  Capacity:     4096M (100%)       4096M (100%)       4096M (100%)       4096M (100%)       4096M (100%)       4096M (100%)   
[2020-07-12T01:12:47.709+0000][5284][gc,heap     ] GC(91)   Reserve:       42M (1%)           42M (1%)           42M (1%)           42M (1%)           42M (1%)           42M (1%)     
[2020-07-12T01:12:47.709+0000][5284][gc,heap     ] GC(91)      Free:     3472M (85%)        3446M (84%)        3904M (95%)        3948M (96%)        3948M (96%)        3432M (84%)    
[2020-07-12T01:12:47.709+0000][5284][gc,heap     ] GC(91)      Used:      582M (14%)         608M (15%)         150M (4%)          106M (3%)          622M (15%)         106M (3%)     
[2020-07-12T01:12:47.709+0000][5284][gc,heap     ] GC(91)      Live:         -                28M (1%)           28M (1%)           28M (1%)             -                  -          
[2020-07-12T01:12:47.709+0000][5284][gc,heap     ] GC(91) Allocated:         -                26M (1%)           40M (1%)           46M (1%)             -                  -          
[2020-07-12T01:12:47.709+0000][5284][gc,heap     ] GC(91)   Garbage:         -               553M (14%)          81M (2%)           37M (1%)             -                  -          
[2020-07-12T01:12:47.709+0000][5284][gc,heap     ] GC(91) Reclaimed:         -                  -               472M (12%)         516M (13%)            -                  -          
[2020-07-12T01:12:47.709+0000][5284][gc          ] GC(91) Garbage Collection (Proactive) 582M(14%)->106M(3%)
[2020-07-12T01:12:48.923+0000][5284][gc,stats    ] === Garbage Collection Statistics =======================================================================================================================
[2020-07-12T01:12:48.924+0000][5284][gc,stats    ]                                                              Last 10s              Last 10m              Last 10h                Total
[2020-07-12T01:12:48.924+0000][5284][gc,stats    ]                                                              Avg / Max             Avg / Max             Avg / Max             Avg / Max
[2020-07-12T01:12:48.924+0000][5284][gc,stats    ]   Collector: Garbage Collection Cycle                     82.902 / 85.512       78.386 / 117.511      78.386 / 117.511      78.386 / 117.511     ms
[2020-07-12T01:12:48.924+0000][5284][gc,stats    ]  Contention: Mark Segment Reset Contention                     0 / 0                 0 / 0                 0 / 0                 0 / 0           ops/s
[2020-07-12T01:12:48.924+0000][5284][gc,stats    ]  Contention: Mark SeqNum Reset Contention                      0 / 0                 0 / 0                 0 / 0                 0 / 0           ops/s
[2020-07-12T01:12:48.924+0000][5284][gc,stats    ]  Contention: Relocation Contention                             0 / 0                 0 / 12                0 / 12                0 / 12          ops/s
[2020-07-12T01:12:48.924+0000][5284][gc,stats    ]    Critical: Allocation Stall                              0.000 / 0.000         0.000 / 0.000         0.000 / 0.000         0.000 / 0.000       ms
[2020-07-12T01:12:48.924+0000][5284][gc,stats    ]    Critical: Allocation Stall                                  0 / 0                 0 / 0                 0 / 0                 0 / 0           ops/s
[2020-07-12T01:12:48.924+0000][5284][gc,stats    ]    Critical: GC Locker Stall                               0.000 / 0.000         0.093 / 0.093         0.093 / 0.093         0.093 / 0.093       ms
[2020-07-12T01:12:48.924+0000][5284][gc,stats    ]    Critical: GC Locker Stall                                   0 / 0                 0 / 1                 0 / 1                 0 / 1           ops/s
[2020-07-12T01:12:48.924+0000][5284][gc,stats    ]      Memory: Allocation Rate                                 117 / 124             112 / 238             112 / 238             112 / 238         MB/s
[2020-07-12T01:12:48.924+0000][5284][gc,stats    ]      Memory: Heap Used After Mark                            568 / 608             581 / 1286            581 / 1286            581 / 1286        MB
[2020-07-12T01:12:48.924+0000][5284][gc,stats    ]      Memory: Heap Used After Relocation                       84 / 106              81 / 116              81 / 116              81 / 116         MB
[2020-07-12T01:12:48.924+0000][5284][gc,stats    ]      Memory: Heap Used Before Mark                           558 / 582             568 / 1270            568 / 1270            568 / 1270        MB
[2020-07-12T01:12:48.924+0000][5284][gc,stats    ]      Memory: Heap Used Before Relocation                     125 / 150             129 / 338             129 / 338             129 / 338         MB
[2020-07-12T01:12:48.924+0000][5284][gc,stats    ]      Memory: Out Of Memory                                     0 / 0                 0 / 0                 0 / 0                 0 / 0           ops/s
[2020-07-12T01:12:48.924+0000][5284][gc,stats    ]      Memory: Page Cache Flush                                  0 / 0                 0 / 0                 0 / 0                 0 / 0           MB/s
[2020-07-12T01:12:48.924+0000][5284][gc,stats    ]      Memory: Page Cache Hit L1                                59 / 65               55 / 121              55 / 121              55 / 121         ops/s
[2020-07-12T01:12:48.924+0000][5284][gc,stats    ]      Memory: Page Cache Hit L2                                 0 / 0                 0 / 0                 0 / 0                 0 / 0           ops/s
[2020-07-12T01:12:48.924+0000][5284][gc,stats    ]      Memory: Page Cache Hit L3                                 0 / 0                 1 / 96                1 / 96                1 / 96          ops/s
[2020-07-12T01:12:48.924+0000][5284][gc,stats    ]      Memory: Page Cache Miss                                   0 / 0                 0 / 0                 0 / 0                 0 / 0           ops/s
[2020-07-12T01:12:48.924+0000][5284][gc,stats    ]      Memory: Uncommit                                          0 / 0                 0 / 0                 0 / 0                 0 / 0           MB/s
[2020-07-12T01:12:48.924+0000][5284][gc,stats    ]      Memory: Undo Object Allocation Failed                     0 / 0                 0 / 0                 0 / 0                 0 / 0           ops/s
[2020-07-12T01:12:48.924+0000][5284][gc,stats    ]      Memory: Undo Object Allocation Succeeded                  0 / 0                 0 / 12                0 / 12                0 / 12          ops/s
[2020-07-12T01:12:48.924+0000][5284][gc,stats    ]      Memory: Undo Page Allocation                              0 / 0                 0 / 0                 0 / 0                 0 / 0           ops/s
[2020-07-12T01:12:48.924+0000][5284][gc,stats    ]       Phase: Concurrent Mark                              47.512 / 48.982       48.052 / 77.269       48.052 / 77.269       48.052 / 77.269      ms
[2020-07-12T01:12:48.924+0000][5284][gc,stats    ]       Phase: Concurrent Mark Continue                      0.000 / 0.000         0.000 / 0.000         0.000 / 0.000         0.000 / 0.000       ms
[2020-07-12T01:12:48.924+0000][5284][gc,stats    ]       Phase: Concurrent Process Non-Strong References     31.296 / 32.256       25.777 / 41.178       25.777 / 41.178       25.777 / 41.178      ms
[2020-07-12T01:12:48.924+0000][5284][gc,stats    ]       Phase: Concurrent Relocate                           1.377 / 1.513         1.707 / 18.136        1.707 / 18.136        1.707 / 18.136      ms
[2020-07-12T01:12:48.924+0000][5284][gc,stats    ]       Phase: Concurrent Reset Relocation Set               0.004 / 0.005         0.004 / 0.015         0.004 / 0.015         0.004 / 0.015       ms
[2020-07-12T01:12:48.924+0000][5284][gc,stats    ]       Phase: Concurrent Select Relocation Set              1.003 / 1.019         1.069 / 5.622         1.069 / 5.622         1.069 / 5.622       ms
[2020-07-12T01:12:48.924+0000][5284][gc,stats    ]       Phase: Pause Mark End                                0.437 / 0.469         0.344 / 0.654         0.344 / 0.654         0.344 / 0.654       ms
[2020-07-12T01:12:48.924+0000][5284][gc,stats    ]       Phase: Pause Mark Start                              0.174 / 0.192         0.169 / 0.724         0.169 / 0.724         0.169 / 0.724       ms
[2020-07-12T01:12:48.924+0000][5284][gc,stats    ]       Phase: Pause Relocate Start                          0.130 / 0.168         0.133 / 1.014         0.133 / 1.014         0.133 / 1.014       ms
[2020-07-12T01:12:48.924+0000][5284][gc,stats    ]    Subphase: Concurrent Classes Purge                      0.834 / 0.930         0.801 / 8.877         0.801 / 8.877         0.801 / 8.877       ms
[2020-07-12T01:12:48.924+0000][5284][gc,stats    ]    Subphase: Concurrent Classes Unlink                    28.590 / 29.355       23.259 / 38.550       23.259 / 38.550       23.259 / 38.550      ms
[2020-07-12T01:12:48.925+0000][5284][gc,stats    ]    Subphase: Concurrent Mark                              46.777 / 48.101       47.260 / 76.517       47.260 / 76.517       47.260 / 76.517      ms
[2020-07-12T01:12:48.925+0000][5284][gc,stats    ]    Subphase: Concurrent Mark Idle                          0.000 / 0.000         0.000 / 0.000         0.000 / 0.000         0.000 / 0.000       ms
[2020-07-12T01:12:48.925+0000][5284][gc,stats    ]    Subphase: Concurrent Mark Try Flush                     0.089 / 0.166         0.121 / 4.734         0.121 / 4.734         0.121 / 4.734       ms
[2020-07-12T01:12:48.925+0000][5284][gc,stats    ]    Subphase: Concurrent Mark Try Terminate                 0.046 / 0.168         0.072 / 4.736         0.072 / 4.736         0.072 / 4.736       ms
[2020-07-12T01:12:48.925+0000][5284][gc,stats    ]    Subphase: Concurrent References Enqueue                 0.001 / 0.001         0.001 / 0.004         0.001 / 0.004         0.001 / 0.004       ms
[2020-07-12T01:12:48.925+0000][5284][gc,stats    ]    Subphase: Concurrent References Process                 0.750 / 0.846         0.533 / 1.144         0.533 / 1.144         0.533 / 1.144       ms
[2020-07-12T01:12:48.925+0000][5284][gc,stats    ]    Subphase: Concurrent Roots                              0.279 / 0.341         0.304 / 1.449         0.304 / 1.449         0.304 / 1.449       ms
[2020-07-12T01:12:48.925+0000][5284][gc,stats    ]    Subphase: Concurrent Roots ClassLoaderDataGraph         0.273 / 0.335         0.298 / 1.421         0.298 / 1.421         0.298 / 1.421       ms
[2020-07-12T01:12:48.925+0000][5284][gc,stats    ]    Subphase: Concurrent Roots JNIHandles                   0.004 / 0.004         0.004 / 0.012         0.004 / 0.012         0.004 / 0.012       ms
[2020-07-12T01:12:48.925+0000][5284][gc,stats    ]    Subphase: Concurrent Roots Setup                        0.177 / 0.198         0.188 / 0.465         0.188 / 0.465         0.188 / 0.465       ms
[2020-07-12T01:12:48.925+0000][5284][gc,stats    ]    Subphase: Concurrent Roots Teardown                     0.000 / 0.000         0.000 / 0.002         0.000 / 0.002         0.000 / 0.002       ms
[2020-07-12T01:12:48.925+0000][5284][gc,stats    ]    Subphase: Concurrent Roots VMHandles                    0.000 / 0.000         0.000 / 0.000         0.000 / 0.000         0.000 / 0.000       ms
[2020-07-12T01:12:48.925+0000][5284][gc,stats    ]    Subphase: Concurrent Weak Roots                         0.989 / 1.068         0.906 / 1.534         0.906 / 1.534         0.906 / 1.534       ms
[2020-07-12T01:12:48.925+0000][5284][gc,stats    ]    Subphase: Concurrent Weak Roots JNIWeakHandles          0.001 / 0.001         0.001 / 0.004         0.001 / 0.004         0.001 / 0.004       ms
[2020-07-12T01:12:48.925+0000][5284][gc,stats    ]    Subphase: Concurrent Weak Roots ResolvedMethodTable     0.112 / 0.140         0.094 / 0.181         0.094 / 0.181         0.094 / 0.181       ms
[2020-07-12T01:12:48.925+0000][5284][gc,stats    ]    Subphase: Concurrent Weak Roots StringTable             0.808 / 0.904         0.751 / 1.341         0.751 / 1.341         0.751 / 1.341       ms
[2020-07-12T01:12:48.925+0000][5284][gc,stats    ]    Subphase: Concurrent Weak Roots VMWeakHandles           0.064 / 0.070         0.057 / 0.088         0.057 / 0.088         0.057 / 0.088       ms
[2020-07-12T01:12:48.925+0000][5284][gc,stats    ]    Subphase: Pause Mark Try Complete                       0.186 / 0.214         0.154 / 0.214         0.154 / 0.214         0.154 / 0.214       ms
[2020-07-12T01:12:48.925+0000][5284][gc,stats    ]    Subphase: Pause Roots                                   0.034 / 0.082         0.038 / 0.936         0.038 / 0.936         0.038 / 0.936       ms
[2020-07-12T01:12:48.925+0000][5284][gc,stats    ]    Subphase: Pause Roots CodeCache                         0.000 / 0.000         0.000 / 0.000         0.000 / 0.000         0.000 / 0.000       ms
[2020-07-12T01:12:48.925+0000][5284][gc,stats    ]    Subphase: Pause Roots JVMTIExport                       0.002 / 0.003         0.002 / 0.007         0.002 / 0.007         0.002 / 0.007       ms
[2020-07-12T01:12:48.925+0000][5284][gc,stats    ]    Subphase: Pause Roots JVMTIWeakExport                   0.001 / 0.001         0.001 / 0.001         0.001 / 0.001         0.001 / 0.001       ms
[2020-07-12T01:12:48.925+0000][5284][gc,stats    ]    Subphase: Pause Roots Management                        0.001 / 0.001         0.001 / 0.009         0.001 / 0.009         0.001 / 0.009       ms
[2020-07-12T01:12:48.925+0000][5284][gc,stats    ]    Subphase: Pause Roots ObjectSynchronizer                0.000 / 0.000         0.000 / 0.001         0.000 / 0.001         0.000 / 0.001       ms
[2020-07-12T01:12:48.925+0000][5284][gc,stats    ]    Subphase: Pause Roots Setup                             0.000 / 0.001         0.001 / 0.036         0.001 / 0.036         0.001 / 0.036       ms
[2020-07-12T01:12:48.925+0000][5284][gc,stats    ]    Subphase: Pause Roots SystemDictionary                  0.014 / 0.022         0.012 / 0.042         0.012 / 0.042         0.012 / 0.042       ms
[2020-07-12T01:12:48.925+0000][5284][gc,stats    ]    Subphase: Pause Roots Teardown                          0.001 / 0.001         0.001 / 0.013         0.001 / 0.013         0.001 / 0.013       ms
[2020-07-12T01:12:48.925+0000][5284][gc,stats    ]    Subphase: Pause Roots Threads                           0.041 / 0.080         0.045 / 0.913         0.045 / 0.913         0.045 / 0.913       ms
[2020-07-12T01:12:48.925+0000][5284][gc,stats    ]    Subphase: Pause Roots Universe                          0.002 / 0.003         0.002 / 0.011         0.002 / 0.011         0.002 / 0.011       ms
[2020-07-12T01:12:48.925+0000][5284][gc,stats    ]    Subphase: Pause Weak Roots                              0.014 / 0.087         0.010 / 0.087         0.010 / 0.087         0.010 / 0.087       ms
[2020-07-12T01:12:48.925+0000][5284][gc,stats    ]    Subphase: Pause Weak Roots JFRWeak                      0.065 / 0.082         0.048 / 0.084         0.048 / 0.084         0.048 / 0.084       ms
[2020-07-12T01:12:48.925+0000][5284][gc,stats    ]    Subphase: Pause Weak Roots JVMTIWeakExport              0.001 / 0.002         0.001 / 0.002         0.001 / 0.002         0.001 / 0.002       ms
[2020-07-12T01:12:48.925+0000][5284][gc,stats    ]    Subphase: Pause Weak Roots Setup                        0.000 / 0.000         0.000 / 0.001         0.000 / 0.001         0.000 / 0.001       ms
[2020-07-12T01:12:48.925+0000][5284][gc,stats    ]    Subphase: Pause Weak Roots Teardown                     0.000 / 0.000         0.000 / 0.000         0.000 / 0.000         0.000 / 0.000       ms
[2020-07-12T01:12:48.925+0000][5284][gc,stats    ]      System: Java Threads                                     37 / 37               35 / 38               35 / 38               35 / 38          threads
[2020-07-12T01:12:48.926+0000][5284][gc,stats    ] =========================================================================================================================================================
[2020-07-12T01:12:52.125+0000][5284][gc,heap     ] GC(92) Heap before GC invocations=92 (full 92): ZHeap           used 598M, capacity 4096M, max capacity 4096M
[2020-07-12T01:12:52.125+0000][5284][gc,heap     ] GC(92)  Metaspace       used 80265K, capacity 83037K, committed 83268K, reserved 83968K
[2020-07-12T01:12:52.125+0000][5284][gc,start    ] GC(92) Garbage Collection (Proactive)
[2020-07-12T01:12:52.126+0000][5284][gc,phases   ] GC(92) Pause Mark Start 0.615ms
[2020-07-12T01:12:52.126+0000][5284][safepoint   ] Safepoint "ZMarkStart", Time since last: 4417050215 ns, Reaching safepoint: 438438 ns, At safepoint: 722013 ns, Total: 1160451 ns
[2020-07-12T01:12:52.176+0000][5284][gc,phases   ] GC(92) Concurrent Mark 49.871ms
[2020-07-12T01:12:52.176+0000][5284][gc,phases   ] GC(92) Pause Mark End 0.434ms
[2020-07-12T01:12:52.176+0000][5284][safepoint   ] Safepoint "ZMarkEnd", Time since last: 49984643 ns, Reaching safepoint: 146090 ns, At safepoint: 457466 ns, Total: 603556 ns
[2020-07-12T01:12:52.206+0000][5284][gc,phases   ] GC(92) Concurrent Process Non-Strong References 29.126ms
[2020-07-12T01:12:52.206+0000][5284][gc,phases   ] GC(92) Concurrent Reset Relocation Set 0.004ms
[2020-07-12T01:12:52.207+0000][5284][gc,phases   ] GC(92) Concurrent Select Relocation Set 1.005ms
[2020-07-12T01:12:52.207+0000][5284][gc,phases   ] GC(92) Pause Relocate Start 0.171ms
[2020-07-12T01:12:52.207+0000][5284][safepoint   ] Safepoint "ZRelocateStart", Time since last: 30192741 ns, Reaching safepoint: 127368 ns, At safepoint: 188892 ns, Total: 316260 ns
[2020-07-12T01:12:52.209+0000][5284][gc,phases   ] GC(92) Concurrent Relocate 1.609ms
[2020-07-12T01:12:52.209+0000][5284][gc,heap     ] GC(92) Heap after GC invocations=93 (full 93): ZHeap           used 68M, capacity 4096M, max capacity 4096M
[2020-07-12T01:12:52.209+0000][5284][gc,heap     ] GC(92)  Metaspace       used 80265K, capacity 83037K, committed 83268K, reserved 83968K
[2020-07-12T01:12:52.209+0000][5284][gc,load     ] GC(92) Load: 1.99/1.54/0.90
[2020-07-12T01:12:52.209+0000][5284][gc,mmu      ] GC(92) MMU: 2ms/49.3%, 5ms/79.7%, 10ms/89.9%, 20ms/94.9%, 50ms/97.3%, 100ms/98.3%
[2020-07-12T01:12:52.209+0000][5284][gc,marking  ] GC(92) Mark: 1 stripe(s), 2 proactive flush(es), 1 terminate flush(es), 1 completion(s), 0 continuation(s) 
[2020-07-12T01:12:52.209+0000][5284][gc,reloc    ] GC(92) Relocation: Successful, 1M relocated
[2020-07-12T01:12:52.209+0000][5284][gc,nmethod  ] GC(92) NMethods: 5619 registered, 62 unregistered
[2020-07-12T01:12:52.209+0000][5284][gc,metaspace] GC(92) Metaspace: 78M used, 81M capacity, 81M committed, 82M reserved
[2020-07-12T01:12:52.209+0000][5284][gc,ref      ] GC(92) Soft: 3922 encountered, 0 discovered, 0 enqueued
[2020-07-12T01:12:52.209+0000][5284][gc,ref      ] GC(92) Weak: 6657 encountered, 4332 discovered, 0 enqueued
[2020-07-12T01:12:52.209+0000][5284][gc,ref      ] GC(92) Final: 3 encountered, 0 discovered, 0 enqueued
[2020-07-12T01:12:52.209+0000][5284][gc,ref      ] GC(92) Phantom: 435 encountered, 294 discovered, 0 enqueued
[2020-07-12T01:12:52.209+0000][5284][gc,heap     ] GC(92) Min Capacity: 4096M(100%)
[2020-07-12T01:12:52.209+0000][5284][gc,heap     ] GC(92) Max Capacity: 4096M(100%)
[2020-07-12T01:12:52.209+0000][5284][gc,heap     ] GC(92) Soft Max Capacity: 4096M(100%)
[2020-07-12T01:12:52.209+0000][5284][gc,heap     ] GC(92)                Mark Start          Mark End        Relocate Start      Relocate End           High               Low         
[2020-07-12T01:12:52.209+0000][5284][gc,heap     ] GC(92)  Capacity:     4096M (100%)       4096M (100%)       4096M (100%)       4096M (100%)       4096M (100%)       4096M (100%)   
[2020-07-12T01:12:52.209+0000][5284][gc,heap     ] GC(92)   Reserve:       42M (1%)           42M (1%)           42M (1%)           42M (1%)           42M (1%)           42M (1%)     
[2020-07-12T01:12:52.209+0000][5284][gc,heap     ] GC(92)      Free:     3456M (84%)        3454M (84%)        3938M (96%)        3986M (97%)        3986M (97%)        3454M (84%)    
[2020-07-12T01:12:52.209+0000][5284][gc,heap     ] GC(92)      Used:      598M (15%)         600M (15%)         116M (3%)           68M (2%)          600M (15%)          68M (2%)     
[2020-07-12T01:12:52.209+0000][5284][gc,heap     ] GC(92)      Live:         -                28M (1%)           28M (1%)           28M (1%)             -                  -          
[2020-07-12T01:12:52.209+0000][5284][gc,heap     ] GC(92) Allocated:         -                 2M (0%)            2M (0%)            8M (0%)             -                  -          
[2020-07-12T01:12:52.209+0000][5284][gc,heap     ] GC(92)   Garbage:         -               569M (14%)          85M (2%)           37M (1%)             -                  -          
[2020-07-12T01:12:52.209+0000][5284][gc,heap     ] GC(92) Reclaimed:         -                  -               484M (12%)         532M (13%)            -                  -          
[2020-07-12T01:12:52.209+0000][5284][gc          ] GC(92) Garbage Collection (Proactive) 598M(15%)->68M(2%)
[2020-07-12T01:12:53.208+0000][5284][safepoint   ] Safepoint "Cleanup", Time since last: 1000931666 ns, Reaching safepoint: 98613 ns, At safepoint: 4076 ns, Total: 102689 ns
[2020-07-12T01:12:53.827+0000][5284][safepoint   ] Safepoint "PrintThreads", Time since last: 618516786 ns, Reaching safepoint: 153467 ns, At safepoint: 614735 ns, Total: 768202 ns
[2020-07-12T01:12:53.827+0000][5284][safepoint   ] Safepoint "PrintJNI", Time since last: 36006 ns, Reaching safepoint: 108572 ns, At safepoint: 5595 ns, Total: 114167 ns
[2020-07-12T01:12:53.828+0000][5284][safepoint   ] Safepoint "FindDeadlocks", Time since last: 25902 ns, Reaching safepoint: 116175 ns, At safepoint: 6157 ns, Total: 122332 ns
[2020-07-12T01:12:56.524+0000][5284][gc,heap     ] GC(93) Heap before GC invocations=93 (full 93): ZHeap           used 542M, capacity 4096M, max capacity 4096M
[2020-07-12T01:12:56.524+0000][5284][gc,heap     ] GC(93)  Metaspace       used 80265K, capacity 83037K, committed 83268K, reserved 83968K
[2020-07-12T01:12:56.524+0000][5284][gc,start    ] GC(93) Garbage Collection (Proactive)
[2020-07-12T01:12:56.524+0000][5284][gc,phases   ] GC(93) Pause Mark Start 0.162ms
[2020-07-12T01:12:56.524+0000][5284][safepoint   ] Safepoint "ZMarkStart", Time since last: 2696313893 ns, Reaching safepoint: 160902 ns, At safepoint: 204365 ns, Total: 365267 ns
[2020-07-12T01:12:56.583+0000][5284][gc,phases   ] GC(93) Concurrent Mark 58.572ms
[2020-07-12T01:12:56.584+0000][5284][gc,phases   ] GC(93) Pause Mark End 0.441ms
[2020-07-12T01:12:56.584+0000][5284][safepoint   ] Safepoint "ZMarkEnd", Time since last: 58625276 ns, Reaching safepoint: 506334 ns, At safepoint: 464237 ns, Total: 970571 ns
[2020-07-12T01:12:56.613+0000][5284][gc,phases   ] GC(93) Concurrent Process Non-Strong References 29.578ms
[2020-07-12T01:12:56.613+0000][5284][gc,phases   ] GC(93) Concurrent Reset Relocation Set 0.004ms
[2020-07-12T01:12:56.614+0000][5284][gc,phases   ] GC(93) Concurrent Select Relocation Set 0.983ms
[2020-07-12T01:12:56.615+0000][5284][gc,phases   ] GC(93) Pause Relocate Start 0.113ms
[2020-07-12T01:12:56.615+0000][5284][safepoint   ] Safepoint "ZRelocateStart", Time since last: 30640633 ns, Reaching safepoint: 77608 ns, At safepoint: 130013 ns, Total: 207621 ns
[2020-07-12T01:12:56.616+0000][5284][gc,phases   ] GC(93) Concurrent Relocate 1.288ms
[2020-07-12T01:12:56.616+0000][5284][gc,heap     ] GC(93) Heap after GC invocations=94 (full 94): ZHeap           used 114M, capacity 4096M, max capacity 4096M
[2020-07-12T01:12:56.616+0000][5284][gc,heap     ] GC(93)  Metaspace       used 80265K, capacity 83037K, committed 83268K, reserved 83968K
[2020-07-12T01:12:56.616+0000][5284][gc,load     ] GC(93) Load: 1.99/1.55/0.91
[2020-07-12T01:12:56.616+0000][5284][gc,mmu      ] GC(93) MMU: 2ms/49.3%, 5ms/79.7%, 10ms/89.9%, 20ms/94.9%, 50ms/97.3%, 100ms/98.3%
[2020-07-12T01:12:56.616+0000][5284][gc,marking  ] GC(93) Mark: 1 stripe(s), 2 proactive flush(es), 1 terminate flush(es), 1 completion(s), 0 continuation(s) 
[2020-07-12T01:12:56.616+0000][5284][gc,reloc    ] GC(93) Relocation: Successful, 1M relocated
[2020-07-12T01:12:56.616+0000][5284][gc,nmethod  ] GC(93) NMethods: 5619 registered, 62 unregistered
[2020-07-12T01:12:56.616+0000][5284][gc,metaspace] GC(93) Metaspace: 78M used, 81M capacity, 81M committed, 82M reserved
[2020-07-12T01:12:56.616+0000][5284][gc,ref      ] GC(93) Soft: 3922 encountered, 0 discovered, 0 enqueued
[2020-07-12T01:12:56.616+0000][5284][gc,ref      ] GC(93) Weak: 6656 encountered, 4331 discovered, 0 enqueued
[2020-07-12T01:12:56.616+0000][5284][gc,ref      ] GC(93) Final: 3 encountered, 0 discovered, 0 enqueued
[2020-07-12T01:12:56.616+0000][5284][gc,ref      ] GC(93) Phantom: 435 encountered, 294 discovered, 0 enqueued
[2020-07-12T01:12:56.616+0000][5284][gc,heap     ] GC(93) Min Capacity: 4096M(100%)
[2020-07-12T01:12:56.616+0000][5284][gc,heap     ] GC(93) Max Capacity: 4096M(100%)
[2020-07-12T01:12:56.616+0000][5284][gc,heap     ] GC(93) Soft Max Capacity: 4096M(100%)
[2020-07-12T01:12:56.616+0000][5284][gc,heap     ] GC(93)                Mark Start          Mark End        Relocate Start      Relocate End           High               Low         
[2020-07-12T01:12:56.616+0000][5284][gc,heap     ] GC(93)  Capacity:     4096M (100%)       4096M (100%)       4096M (100%)       4096M (100%)       4096M (100%)       4096M (100%)   
[2020-07-12T01:12:56.616+0000][5284][gc,heap     ] GC(93)   Reserve:       42M (1%)           42M (1%)           42M (1%)           42M (1%)           42M (1%)           42M (1%)     
[2020-07-12T01:12:56.616+0000][5284][gc,heap     ] GC(93)      Free:     3512M (86%)        3478M (85%)        3904M (95%)        3940M (96%)        3940M (96%)        3464M (85%)    
[2020-07-12T01:12:56.616+0000][5284][gc,heap     ] GC(93)      Used:      542M (13%)         576M (14%)         150M (4%)          114M (3%)          590M (14%)         114M (3%)     
[2020-07-12T01:12:56.616+0000][5284][gc,heap     ] GC(93)      Live:         -                28M (1%)           28M (1%)           28M (1%)             -                  -          
[2020-07-12T01:12:56.616+0000][5284][gc,heap     ] GC(93) Allocated:         -                34M (1%)           48M (1%)           54M (1%)             -                  -          
[2020-07-12T01:12:56.616+0000][5284][gc,heap     ] GC(93)   Garbage:         -               513M (13%)          73M (2%)           35M (1%)             -                  -          
[2020-07-12T01:12:56.616+0000][5284][gc,heap     ] GC(93) Reclaimed:         -                  -               440M (11%)         478M (12%)            -                  -          
[2020-07-12T01:12:56.616+0000][5284][gc          ] GC(93) Garbage Collection (Proactive) 542M(13%)->114M(3%)
[2020-07-12T01:12:58.924+0000][5284][gc,stats    ] === Garbage Collection Statistics =======================================================================================================================
[2020-07-12T01:12:58.924+0000][5284][gc,stats    ]                                                              Last 10s              Last 10m              Last 10h                Total
[2020-07-12T01:12:58.924+0000][5284][gc,stats    ]                                                              Avg / Max             Avg / Max             Avg / Max             Avg / Max
[2020-07-12T01:12:58.924+0000][5284][gc,stats    ]   Collector: Garbage Collection Cycle                     88.140 / 92.194       78.593 / 117.511      78.593 / 117.511      78.593 / 117.511     ms
[2020-07-12T01:12:58.924+0000][5284][gc,stats    ]  Contention: Mark Segment Reset Contention                     0 / 0                 0 / 0                 0 / 0                 0 / 0           ops/s
[2020-07-12T01:12:58.924+0000][5284][gc,stats    ]  Contention: Mark SeqNum Reset Contention                      0 / 0                 0 / 0                 0 / 0                 0 / 0           ops/s
[2020-07-12T01:12:58.924+0000][5284][gc,stats    ]  Contention: Relocation Contention                             0 / 1                 0 / 12                0 / 12                0 / 12          ops/s
[2020-07-12T01:12:58.924+0000][5284][gc,stats    ]    Critical: Allocation Stall                              0.000 / 0.000         0.000 / 0.000         0.000 / 0.000         0.000 / 0.000       ms
[2020-07-12T01:12:58.924+0000][5284][gc,stats    ]    Critical: Allocation Stall                                  0 / 0                 0 / 0                 0 / 0                 0 / 0           ops/s
[2020-07-12T01:12:58.924+0000][5284][gc,stats    ]    Critical: GC Locker Stall                               0.000 / 0.000         0.093 / 0.093         0.093 / 0.093         0.093 / 0.093       ms
[2020-07-12T01:12:58.924+0000][5284][gc,stats    ]    Critical: GC Locker Stall                                   0 / 0                 0 / 1                 0 / 1                 0 / 1           ops/s
[2020-07-12T01:12:58.924+0000][5284][gc,stats    ]      Memory: Allocation Rate                                 116 / 134             112 / 238             112 / 238             112 / 238         MB/s
[2020-07-12T01:12:58.924+0000][5284][gc,stats    ]      Memory: Heap Used After Mark                            588 / 600             581 / 1286            581 / 1286            581 / 1286        MB
[2020-07-12T01:12:58.924+0000][5284][gc,stats    ]      Memory: Heap Used After Relocation                       91 / 114              81 / 116              81 / 116              81 / 116         MB
[2020-07-12T01:12:58.924+0000][5284][gc,stats    ]      Memory: Heap Used Before Mark                           570 / 598             568 / 1270            568 / 1270            568 / 1270        MB
[2020-07-12T01:12:58.924+0000][5284][gc,stats    ]      Memory: Heap Used Before Relocation                     133 / 150             129 / 338             129 / 338             129 / 338         MB
[2020-07-12T01:12:58.924+0000][5284][gc,stats    ]      Memory: Out Of Memory                                     0 / 0                 0 / 0                 0 / 0                 0 / 0           ops/s
[2020-07-12T01:12:58.924+0000][5284][gc,stats    ]      Memory: Page Cache Flush                                  0 / 0                 0 / 0                 0 / 0                 0 / 0           MB/s
[2020-07-12T01:12:58.925+0000][5284][gc,stats    ]      Memory: Page Cache Hit L1                                58 / 67               55 / 121              55 / 121              55 / 121         ops/s
[2020-07-12T01:12:58.925+0000][5284][gc,stats    ]      Memory: Page Cache Hit L2                                 0 / 0                 0 / 0                 0 / 0                 0 / 0           ops/s
[2020-07-12T01:12:58.925+0000][5284][gc,stats    ]      Memory: Page Cache Hit L3                                 0 / 0                 1 / 96                1 / 96                1 / 96          ops/s
[2020-07-12T01:12:58.925+0000][5284][gc,stats    ]      Memory: Page Cache Miss                                   0 / 0                 0 / 0                 0 / 0                 0 / 0           ops/s
[2020-07-12T01:12:58.925+0000][5284][gc,stats    ]      Memory: Uncommit                                          0 / 0                 0 / 0                 0 / 0                 0 / 0           MB/s
[2020-07-12T01:12:58.925+0000][5284][gc,stats    ]      Memory: Undo Object Allocation Failed                     0 / 0                 0 / 0                 0 / 0                 0 / 0           ops/s
[2020-07-12T01:12:58.925+0000][5284][gc,stats    ]      Memory: Undo Object Allocation Succeeded                  0 / 1                 0 / 12                0 / 12                0 / 12          ops/s
[2020-07-12T01:12:58.925+0000][5284][gc,stats    ]      Memory: Undo Page Allocation                              0 / 0                 0 / 0                 0 / 0                 0 / 0           ops/s
[2020-07-12T01:12:58.925+0000][5284][gc,stats    ]       Phase: Concurrent Mark                              54.222 / 58.572       48.183 / 77.269       48.183 / 77.269       48.183 / 77.269      ms
[2020-07-12T01:12:58.925+0000][5284][gc,stats    ]       Phase: Concurrent Mark Continue                      0.000 / 0.000         0.000 / 0.000         0.000 / 0.000         0.000 / 0.000       ms
[2020-07-12T01:12:58.925+0000][5284][gc,stats    ]       Phase: Concurrent Process Non-Strong References     29.352 / 29.578       25.853 / 41.178       25.853 / 41.178       25.853 / 41.178      ms
[2020-07-12T01:12:58.925+0000][5284][gc,stats    ]       Phase: Concurrent Relocate                           1.448 / 1.609         1.702 / 18.136        1.702 / 18.136        1.702 / 18.136      ms
[2020-07-12T01:12:58.925+0000][5284][gc,stats    ]       Phase: Concurrent Reset Relocation Set               0.004 / 0.004         0.004 / 0.015         0.004 / 0.015         0.004 / 0.015       ms
[2020-07-12T01:12:58.925+0000][5284][gc,stats    ]       Phase: Concurrent Select Relocation Set              0.994 / 1.005         1.068 / 5.622         1.068 / 5.622         1.068 / 5.622       ms
[2020-07-12T01:12:58.925+0000][5284][gc,stats    ]       Phase: Pause Mark End                                0.438 / 0.441         0.346 / 0.654         0.346 / 0.654         0.346 / 0.654       ms
[2020-07-12T01:12:58.925+0000][5284][gc,stats    ]       Phase: Pause Mark Start                              0.388 / 0.615         0.173 / 0.724         0.173 / 0.724         0.173 / 0.724       ms
[2020-07-12T01:12:58.925+0000][5284][gc,stats    ]       Phase: Pause Relocate Start                          0.142 / 0.171         0.134 / 1.014         0.134 / 1.014         0.134 / 1.014       ms
[2020-07-12T01:12:58.925+0000][5284][gc,stats    ]    Subphase: Concurrent Classes Purge                      0.779 / 0.802         0.800 / 8.877         0.800 / 8.877         0.800 / 8.877       ms
[2020-07-12T01:12:58.925+0000][5284][gc,stats    ]    Subphase: Concurrent Classes Unlink                    26.805 / 27.097       23.335 / 38.550       23.335 / 38.550       23.335 / 38.550      ms
[2020-07-12T01:12:58.925+0000][5284][gc,stats    ]    Subphase: Concurrent Mark                              53.038 / 57.987       47.383 / 76.517       47.383 / 76.517       47.383 / 76.517      ms
[2020-07-12T01:12:58.925+0000][5284][gc,stats    ]    Subphase: Concurrent Mark Idle                          0.000 / 0.000         0.000 / 0.000         0.000 / 0.000         0.000 / 0.000       ms
[2020-07-12T01:12:58.925+0000][5284][gc,stats    ]    Subphase: Concurrent Mark Try Flush                     0.095 / 0.141         0.120 / 4.734         0.120 / 4.734         0.120 / 4.734       ms
[2020-07-12T01:12:58.925+0000][5284][gc,stats    ]    Subphase: Concurrent Mark Try Terminate                 0.043 / 0.119         0.071 / 4.736         0.071 / 4.736         0.071 / 4.736       ms
[2020-07-12T01:12:58.925+0000][5284][gc,stats    ]    Subphase: Concurrent References Enqueue                 0.000 / 0.000         0.001 / 0.004         0.001 / 0.004         0.001 / 0.004       ms
[2020-07-12T01:12:58.925+0000][5284][gc,stats    ]    Subphase: Concurrent References Process                 0.648 / 0.667         0.536 / 1.144         0.536 / 1.144         0.536 / 1.144       ms
[2020-07-12T01:12:58.925+0000][5284][gc,stats    ]    Subphase: Concurrent Roots                              0.593 / 0.921         0.310 / 1.449         0.310 / 1.449         0.310 / 1.449       ms
[2020-07-12T01:12:58.925+0000][5284][gc,stats    ]    Subphase: Concurrent Roots ClassLoaderDataGraph         0.581 / 0.901         0.304 / 1.421         0.304 / 1.421         0.304 / 1.421       ms
[2020-07-12T01:12:58.925+0000][5284][gc,stats    ]    Subphase: Concurrent Roots JNIHandles                   0.007 / 0.011         0.004 / 0.012         0.004 / 0.012         0.004 / 0.012       ms
[2020-07-12T01:12:58.925+0000][5284][gc,stats    ]    Subphase: Concurrent Roots Setup                        0.253 / 0.345         0.189 / 0.465         0.189 / 0.465         0.189 / 0.465       ms
[2020-07-12T01:12:58.925+0000][5284][gc,stats    ]    Subphase: Concurrent Roots Teardown                     0.001 / 0.001         0.000 / 0.002         0.000 / 0.002         0.000 / 0.002       ms
[2020-07-12T01:12:58.925+0000][5284][gc,stats    ]    Subphase: Concurrent Roots VMHandles                    0.000 / 0.000         0.000 / 0.000         0.000 / 0.000         0.000 / 0.000       ms
[2020-07-12T01:12:58.925+0000][5284][gc,stats    ]    Subphase: Concurrent Weak Roots                         0.987 / 1.033         0.908 / 1.534         0.908 / 1.534         0.908 / 1.534       ms
[2020-07-12T01:12:58.925+0000][5284][gc,stats    ]    Subphase: Concurrent Weak Roots JNIWeakHandles          0.001 / 0.001         0.001 / 0.004         0.001 / 0.004         0.001 / 0.004       ms
[2020-07-12T01:12:58.925+0000][5284][gc,stats    ]    Subphase: Concurrent Weak Roots ResolvedMethodTable     0.102 / 0.105         0.095 / 0.181         0.095 / 0.181         0.095 / 0.181       ms
[2020-07-12T01:12:58.925+0000][5284][gc,stats    ]    Subphase: Concurrent Weak Roots StringTable             0.813 / 0.867         0.752 / 1.341         0.752 / 1.341         0.752 / 1.341       ms
[2020-07-12T01:12:58.925+0000][5284][gc,stats    ]    Subphase: Concurrent Weak Roots VMWeakHandles           0.068 / 0.072         0.057 / 0.088         0.057 / 0.088         0.057 / 0.088       ms
[2020-07-12T01:12:58.925+0000][5284][gc,stats    ]    Subphase: Pause Mark Try Complete                       0.170 / 0.171         0.155 / 0.214         0.155 / 0.214         0.155 / 0.214       ms
[2020-07-12T01:12:58.925+0000][5284][gc,stats    ]    Subphase: Pause Roots                                   0.052 / 0.285         0.039 / 0.936         0.039 / 0.936         0.039 / 0.936       ms
[2020-07-12T01:12:58.925+0000][5284][gc,stats    ]    Subphase: Pause Roots CodeCache                         0.000 / 0.000         0.000 / 0.000         0.000 / 0.000         0.000 / 0.000       ms
[2020-07-12T01:12:58.925+0000][5284][gc,stats    ]    Subphase: Pause Roots JVMTIExport                       0.003 / 0.006         0.002 / 0.007         0.002 / 0.007         0.002 / 0.007       ms
[2020-07-12T01:12:58.925+0000][5284][gc,stats    ]    Subphase: Pause Roots JVMTIWeakExport                   0.001 / 0.001         0.001 / 0.001         0.001 / 0.001         0.001 / 0.001       ms
[2020-07-12T01:12:58.925+0000][5284][gc,stats    ]    Subphase: Pause Roots Management                        0.001 / 0.003         0.001 / 0.009         0.001 / 0.009         0.001 / 0.009       ms
[2020-07-12T01:12:58.925+0000][5284][gc,stats    ]    Subphase: Pause Roots ObjectSynchronizer                0.000 / 0.001         0.000 / 0.001         0.000 / 0.001         0.000 / 0.001       ms
[2020-07-12T01:12:58.926+0000][5284][gc,stats    ]    Subphase: Pause Roots Setup                             0.001 / 0.001         0.001 / 0.036         0.001 / 0.036         0.001 / 0.036       ms
[2020-07-12T01:12:58.926+0000][5284][gc,stats    ]    Subphase: Pause Roots SystemDictionary                  0.014 / 0.027         0.012 / 0.042         0.012 / 0.042         0.012 / 0.042       ms
[2020-07-12T01:12:58.926+0000][5284][gc,stats    ]    Subphase: Pause Roots Teardown                          0.002 / 0.005         0.001 / 0.013         0.001 / 0.013         0.001 / 0.013       ms
[2020-07-12T01:12:58.926+0000][5284][gc,stats    ]    Subphase: Pause Roots Threads                           0.084 / 0.231         0.045 / 0.913         0.045 / 0.913         0.045 / 0.913       ms
[2020-07-12T01:12:58.926+0000][5284][gc,stats    ]    Subphase: Pause Roots Universe                          0.003 / 0.008         0.002 / 0.011         0.002 / 0.011         0.002 / 0.011       ms
[2020-07-12T01:12:58.926+0000][5284][gc,stats    ]    Subphase: Pause Weak Roots                              0.011 / 0.059         0.010 / 0.087         0.010 / 0.087         0.010 / 0.087       ms
[2020-07-12T01:12:58.926+0000][5284][gc,stats    ]    Subphase: Pause Weak Roots JFRWeak                      0.055 / 0.057         0.048 / 0.084         0.048 / 0.084         0.048 / 0.084       ms
[2020-07-12T01:12:58.926+0000][5284][gc,stats    ]    Subphase: Pause Weak Roots JVMTIWeakExport              0.001 / 0.001         0.001 / 0.002         0.001 / 0.002         0.001 / 0.002       ms
[2020-07-12T01:12:58.926+0000][5284][gc,stats    ]    Subphase: Pause Weak Roots Setup                        0.000 / 0.000         0.000 / 0.001         0.000 / 0.001         0.000 / 0.001       ms
[2020-07-12T01:12:58.926+0000][5284][gc,stats    ]    Subphase: Pause Weak Roots Teardown                     0.000 / 0.000         0.000 / 0.000         0.000 / 0.000         0.000 / 0.000       ms
[2020-07-12T01:12:58.926+0000][5284][gc,stats    ]      System: Java Threads                                     37 / 37               35 / 38               35 / 38               35 / 38          threads
[2020-07-12T01:12:58.926+0000][5284][gc,stats    ] =========================================================================================================================================================
[2020-07-12T01:13:01.424+0000][5284][gc,heap     ] GC(94) Heap before GC invocations=94 (full 94): ZHeap           used 632M, capacity 4096M, max capacity 4096M
[2020-07-12T01:13:01.424+0000][5284][gc,heap     ] GC(94)  Metaspace       used 80265K, capacity 83037K, committed 83268K, reserved 83968K
[2020-07-12T01:13:01.424+0000][5284][gc,start    ] GC(94) Garbage Collection (Proactive)
[2020-07-12T01:13:01.425+0000][5284][gc,phases   ] GC(94) Pause Mark Start 0.176ms
[2020-07-12T01:13:01.425+0000][5284][safepoint   ] Safepoint "ZMarkStart", Time since last: 4809617637 ns, Reaching safepoint: 195645 ns, At safepoint: 203720 ns, Total: 399365 ns
[2020-07-12T01:13:01.471+0000][5284][gc,phases   ] GC(94) Concurrent Mark 46.622ms
[2020-07-12T01:13:01.472+0000][5284][gc,phases   ] GC(94) Pause Mark End 0.383ms
[2020-07-12T01:13:01.472+0000][5284][safepoint   ] Safepoint "ZMarkEnd", Time since last: 46678228 ns, Reaching safepoint: 126311 ns, At safepoint: 404829 ns, Total: 531140 ns
[2020-07-12T01:13:01.501+0000][5284][gc,phases   ] GC(94) Concurrent Process Non-Strong References 29.507ms
[2020-07-12T01:13:01.502+0000][5284][gc,phases   ] GC(94) Concurrent Reset Relocation Set 0.003ms
[2020-07-12T01:13:01.503+0000][5284][gc,phases   ] GC(94) Concurrent Select Relocation Set 1.029ms
[2020-07-12T01:13:01.503+0000][5284][gc,phases   ] GC(94) Pause Relocate Start 0.138ms
[2020-07-12T01:13:01.503+0000][5284][safepoint   ] Safepoint "ZRelocateStart", Time since last: 30606990 ns, Reaching safepoint: 109161 ns, At safepoint: 159520 ns, Total: 268681 ns
[2020-07-12T01:13:01.504+0000][5284][gc,phases   ] GC(94) Concurrent Relocate 1.308ms
[2020-07-12T01:13:01.504+0000][5284][gc,heap     ] GC(94) Heap after GC invocations=95 (full 95): ZHeap           used 76M, capacity 4096M, max capacity 4096M
[2020-07-12T01:13:01.504+0000][5284][gc,heap     ] GC(94)  Metaspace       used 80265K, capacity 83037K, committed 83268K, reserved 83968K
[2020-07-12T01:13:01.504+0000][5284][gc,load     ] GC(94) Load: 1.91/1.54/0.91
[2020-07-12T01:13:01.504+0000][5284][gc,mmu      ] GC(94) MMU: 2ms/49.3%, 5ms/79.7%, 10ms/89.9%, 20ms/94.9%, 50ms/97.3%, 100ms/98.3%
[2020-07-12T01:13:01.504+0000][5284][gc,marking  ] GC(94) Mark: 1 stripe(s), 2 proactive flush(es), 1 terminate flush(es), 1 completion(s), 0 continuation(s) 
[2020-07-12T01:13:01.504+0000][5284][gc,reloc    ] GC(94) Relocation: Successful, 1M relocated
[2020-07-12T01:13:01.504+0000][5284][gc,nmethod  ] GC(94) NMethods: 5619 registered, 62 unregistered
[2020-07-12T01:13:01.504+0000][5284][gc,metaspace] GC(94) Metaspace: 78M used, 81M capacity, 81M committed, 82M reserved
[2020-07-12T01:13:01.504+0000][5284][gc,ref      ] GC(94) Soft: 3922 encountered, 0 discovered, 0 enqueued
[2020-07-12T01:13:01.504+0000][5284][gc,ref      ] GC(94) Weak: 6657 encountered, 4332 discovered, 0 enqueued
[2020-07-12T01:13:01.504+0000][5284][gc,ref      ] GC(94) Final: 3 encountered, 0 discovered, 0 enqueued
[2020-07-12T01:13:01.504+0000][5284][gc,ref      ] GC(94) Phantom: 435 encountered, 294 discovered, 0 enqueued
[2020-07-12T01:13:01.504+0000][5284][gc,heap     ] GC(94) Min Capacity: 4096M(100%)
[2020-07-12T01:13:01.504+0000][5284][gc,heap     ] GC(94) Max Capacity: 4096M(100%)
[2020-07-12T01:13:01.504+0000][5284][gc,heap     ] GC(94) Soft Max Capacity: 4096M(100%)
[2020-07-12T01:13:01.504+0000][5284][gc,heap     ] GC(94)                Mark Start          Mark End        Relocate Start      Relocate End           High               Low         
[2020-07-12T01:13:01.504+0000][5284][gc,heap     ] GC(94)  Capacity:     4096M (100%)       4096M (100%)       4096M (100%)       4096M (100%)       4096M (100%)       4096M (100%)   
[2020-07-12T01:13:01.504+0000][5284][gc,heap     ] GC(94)   Reserve:       42M (1%)           42M (1%)           42M (1%)           42M (1%)           42M (1%)           42M (1%)     
[2020-07-12T01:13:01.504+0000][5284][gc,heap     ] GC(94)      Free:     3422M (84%)        3420M (83%)        3938M (96%)        3978M (97%)        3978M (97%)        3410M (83%)    
[2020-07-12T01:13:01.504+0000][5284][gc,heap     ] GC(94)      Used:      632M (15%)         634M (15%)         116M (3%)           76M (2%)          644M (16%)          76M (2%)     
[2020-07-12T01:13:01.504+0000][5284][gc,heap     ] GC(94)      Live:         -                28M (1%)           28M (1%)           28M (1%)             -                  -          
[2020-07-12T01:13:01.504+0000][5284][gc,heap     ] GC(94) Allocated:         -                 2M (0%)           12M (0%)           16M (0%)             -                  -          
[2020-07-12T01:13:01.504+0000][5284][gc,heap     ] GC(94)   Garbage:         -               603M (15%)          75M (2%)           35M (1%)             -                  -          
[2020-07-12T01:13:01.504+0000][5284][gc,heap     ] GC(94) Reclaimed:         -                  -               528M (13%)         568M (14%)            -                  -          
[2020-07-12T01:13:01.504+0000][5284][gc          ] GC(94) Garbage Collection (Proactive) 632M(15%)->76M(2%)
[2020-07-12T01:13:06.024+0000][5284][gc,heap     ] GC(95) Heap before GC invocations=95 (full 95): ZHeap           used 622M, capacity 4096M, max capacity 4096M
[2020-07-12T01:13:06.024+0000][5284][gc,heap     ] GC(95)  Metaspace       used 80265K, capacity 83037K, committed 83268K, reserved 83968K
[2020-07-12T01:13:06.024+0000][5284][gc,start    ] GC(95) Garbage Collection (Proactive)
[2020-07-12T01:13:06.025+0000][5284][gc,phases   ] GC(95) Pause Mark Start 0.404ms
[2020-07-12T01:13:06.025+0000][5284][safepoint   ] Safepoint "ZMarkStart", Time since last: 4521631361 ns, Reaching safepoint: 280423 ns, At safepoint: 523725 ns, Total: 804148 ns
[2020-07-12T01:13:06.073+0000][5284][gc,phases   ] GC(95) Concurrent Mark 47.572ms
[2020-07-12T01:13:06.073+0000][5284][gc,phases   ] GC(95) Pause Mark End 0.416ms
[2020-07-12T01:13:06.073+0000][5284][safepoint   ] Safepoint "ZMarkEnd", Time since last: 47655273 ns, Reaching safepoint: 116147 ns, At safepoint: 440294 ns, Total: 556441 ns
[2020-07-12T01:13:06.102+0000][5284][gc,phases   ] GC(95) Concurrent Process Non-Strong References 28.656ms
[2020-07-12T01:13:06.102+0000][5284][gc,phases   ] GC(95) Concurrent Reset Relocation Set 0.004ms
[2020-07-12T01:13:06.103+0000][5284][gc,phases   ] GC(95) Concurrent Select Relocation Set 1.008ms
[2020-07-12T01:13:06.103+0000][5284][gc,phases   ] GC(95) Pause Relocate Start 0.142ms
[2020-07-12T01:13:06.104+0000][5284][safepoint   ] Safepoint "ZRelocateStart", Time since last: 29730281 ns, Reaching safepoint: 149505 ns, At safepoint: 203560 ns, Total: 353065 ns
[2020-07-12T01:13:06.106+0000][5284][gc,phases   ] GC(95) Concurrent Relocate 2.663ms
[2020-07-12T01:13:06.106+0000][5284][gc,heap     ] GC(95) Heap after GC invocations=96 (full 96): ZHeap           used 68M, capacity 4096M, max capacity 4096M
[2020-07-12T01:13:06.106+0000][5284][gc,heap     ] GC(95)  Metaspace       used 80265K, capacity 83037K, committed 83268K, reserved 83968K
[2020-07-12T01:13:06.106+0000][5284][gc,load     ] GC(95) Load: 1.92/1.55/0.91
[2020-07-12T01:13:06.106+0000][5284][gc,mmu      ] GC(95) MMU: 2ms/49.3%, 5ms/79.7%, 10ms/89.9%, 20ms/94.9%, 50ms/97.3%, 100ms/98.3%
[2020-07-12T01:13:06.106+0000][5284][gc,marking  ] GC(95) Mark: 1 stripe(s), 2 proactive flush(es), 1 terminate flush(es), 1 completion(s), 0 continuation(s) 
[2020-07-12T01:13:06.106+0000][5284][gc,reloc    ] GC(95) Relocation: Successful, 1M relocated
[2020-07-12T01:13:06.106+0000][5284][gc,nmethod  ] GC(95) NMethods: 5619 registered, 62 unregistered
[2020-07-12T01:13:06.106+0000][5284][gc,metaspace] GC(95) Metaspace: 78M used, 81M capacity, 81M committed, 82M reserved
[2020-07-12T01:13:06.106+0000][5284][gc,ref      ] GC(95) Soft: 3922 encountered, 0 discovered, 0 enqueued
[2020-07-12T01:13:06.106+0000][5284][gc,ref      ] GC(95) Weak: 6659 encountered, 4335 discovered, 0 enqueued
[2020-07-12T01:13:06.106+0000][5284][gc,ref      ] GC(95) Final: 3 encountered, 0 discovered, 0 enqueued
[2020-07-12T01:13:06.106+0000][5284][gc,ref      ] GC(95) Phantom: 435 encountered, 294 discovered, 0 enqueued
[2020-07-12T01:13:06.106+0000][5284][gc,heap     ] GC(95) Min Capacity: 4096M(100%)
[2020-07-12T01:13:06.106+0000][5284][gc,heap     ] GC(95) Max Capacity: 4096M(100%)
[2020-07-12T01:13:06.106+0000][5284][gc,heap     ] GC(95) Soft Max Capacity: 4096M(100%)
[2020-07-12T01:13:06.106+0000][5284][gc,heap     ] GC(95)                Mark Start          Mark End        Relocate Start      Relocate End           High               Low         
[2020-07-12T01:13:06.106+0000][5284][gc,heap     ] GC(95)  Capacity:     4096M (100%)       4096M (100%)       4096M (100%)       4096M (100%)       4096M (100%)       4096M (100%)   
[2020-07-12T01:13:06.106+0000][5284][gc,heap     ] GC(95)   Reserve:       42M (1%)           42M (1%)           42M (1%)           42M (1%)           42M (1%)           42M (1%)     
[2020-07-12T01:13:06.106+0000][5284][gc,heap     ] GC(95)      Free:     3432M (84%)        3430M (84%)        3942M (96%)        3986M (97%)        3986M (97%)        3430M (84%)    
[2020-07-12T01:13:06.106+0000][5284][gc,heap     ] GC(95)      Used:      622M (15%)         624M (15%)         112M (3%)           68M (2%)          624M (15%)          68M (2%)     
[2020-07-12T01:13:06.106+0000][5284][gc,heap     ] GC(95)      Live:         -                28M (1%)           28M (1%)           28M (1%)             -                  -          
[2020-07-12T01:13:06.106+0000][5284][gc,heap     ] GC(95) Allocated:         -                 2M (0%)            2M (0%)            8M (0%)             -                  -          
[2020-07-12T01:13:06.106+0000][5284][gc,heap     ] GC(95)   Garbage:         -               593M (14%)          81M (2%)           37M (1%)             -                  -          
[2020-07-12T01:13:06.106+0000][5284][gc,heap     ] GC(95) Reclaimed:         -                  -               512M (12%)         556M (14%)            -                  -          
[2020-07-12T01:13:06.106+0000][5284][gc          ] GC(95) Garbage Collection (Proactive) 622M(15%)->68M(2%)
[2020-07-12T01:13:08.924+0000][5284][gc,stats    ] === Garbage Collection Statistics =======================================================================================================================
[2020-07-12T01:13:08.924+0000][5284][gc,stats    ]                                                              Last 10s              Last 10m              Last 10h                Total
[2020-07-12T01:13:08.924+0000][5284][gc,stats    ]                                                              Avg / Max             Avg / Max             Avg / Max             Avg / Max
[2020-07-12T01:13:08.924+0000][5284][gc,stats    ]   Collector: Garbage Collection Cycle                     80.986 / 82.081       78.643 / 117.511      78.643 / 117.511      78.643 / 117.511     ms
[2020-07-12T01:13:08.924+0000][5284][gc,stats    ]  Contention: Mark Segment Reset Contention                     0 / 0                 0 / 0                 0 / 0                 0 / 0           ops/s
[2020-07-12T01:13:08.924+0000][5284][gc,stats    ]  Contention: Mark SeqNum Reset Contention                      0 / 0                 0 / 0                 0 / 0                 0 / 0           ops/s
[2020-07-12T01:13:08.924+0000][5284][gc,stats    ]  Contention: Relocation Contention                             0 / 0                 0 / 12                0 / 12                0 / 12          ops/s
[2020-07-12T01:13:08.924+0000][5284][gc,stats    ]    Critical: Allocation Stall                              0.000 / 0.000         0.000 / 0.000         0.000 / 0.000         0.000 / 0.000       ms
[2020-07-12T01:13:08.924+0000][5284][gc,stats    ]    Critical: Allocation Stall                                  0 / 0                 0 / 0                 0 / 0                 0 / 0           ops/s
[2020-07-12T01:13:08.924+0000][5284][gc,stats    ]    Critical: GC Locker Stall                               0.000 / 0.000         0.093 / 0.093         0.093 / 0.093         0.093 / 0.093       ms
[2020-07-12T01:13:08.924+0000][5284][gc,stats    ]    Critical: GC Locker Stall                                   0 / 0                 0 / 1                 0 / 1                 0 / 1           ops/s
[2020-07-12T01:13:08.924+0000][5284][gc,stats    ]      Memory: Allocation Rate                                 115 / 186             112 / 238             112 / 238             112 / 238         MB/s
[2020-07-12T01:13:08.924+0000][5284][gc,stats    ]      Memory: Heap Used After Mark                            629 / 634             582 / 1286            582 / 1286            582 / 1286        MB
[2020-07-12T01:13:08.924+0000][5284][gc,stats    ]      Memory: Heap Used After Relocation                       72 / 76               81 / 116              81 / 116              81 / 116         MB
[2020-07-12T01:13:08.924+0000][5284][gc,stats    ]      Memory: Heap Used Before Mark                           627 / 632             569 / 1270            569 / 1270            569 / 1270        MB
[2020-07-12T01:13:08.924+0000][5284][gc,stats    ]      Memory: Heap Used Before Relocation                     114 / 116             129 / 338             129 / 338             129 / 338         MB
[2020-07-12T01:13:08.924+0000][5284][gc,stats    ]      Memory: Out Of Memory                                     0 / 0                 0 / 0                 0 / 0                 0 / 0           ops/s
[2020-07-12T01:13:08.924+0000][5284][gc,stats    ]      Memory: Page Cache Flush                                  0 / 0                 0 / 0                 0 / 0                 0 / 0           MB/s
[2020-07-12T01:13:08.924+0000][5284][gc,stats    ]      Memory: Page Cache Hit L1                                58 / 93               55 / 121              55 / 121              55 / 121         ops/s
[2020-07-12T01:13:08.924+0000][5284][gc,stats    ]      Memory: Page Cache Hit L2                                 0 / 0                 0 / 0                 0 / 0                 0 / 0           ops/s
[2020-07-12T01:13:08.924+0000][5284][gc,stats    ]      Memory: Page Cache Hit L3                                 0 / 0                 1 / 96                1 / 96                1 / 96          ops/s
[2020-07-12T01:13:08.924+0000][5284][gc,stats    ]      Memory: Page Cache Miss                                   0 / 0                 0 / 0                 0 / 0                 0 / 0           ops/s
[2020-07-12T01:13:08.925+0000][5284][gc,stats    ]      Memory: Uncommit                                          0 / 0                 0 / 0                 0 / 0                 0 / 0           MB/s
[2020-07-12T01:13:08.925+0000][5284][gc,stats    ]      Memory: Undo Object Allocation Failed                     0 / 0                 0 / 0                 0 / 0                 0 / 0           ops/s
[2020-07-12T01:13:08.925+0000][5284][gc,stats    ]      Memory: Undo Object Allocation Succeeded                  0 / 0                 0 / 12                0 / 12                0 / 12          ops/s
[2020-07-12T01:13:08.925+0000][5284][gc,stats    ]      Memory: Undo Page Allocation                              0 / 0                 0 / 0                 0 / 0                 0 / 0           ops/s
[2020-07-12T01:13:08.925+0000][5284][gc,stats    ]       Phase: Concurrent Mark                              47.097 / 47.572       48.160 / 77.269       48.160 / 77.269       48.160 / 77.269      ms
[2020-07-12T01:13:08.925+0000][5284][gc,stats    ]       Phase: Concurrent Mark Continue                      0.000 / 0.000         0.000 / 0.000         0.000 / 0.000         0.000 / 0.000       ms
[2020-07-12T01:13:08.925+0000][5284][gc,stats    ]       Phase: Concurrent Process Non-Strong References     29.082 / 29.507       25.920 / 41.178       25.920 / 41.178       25.920 / 41.178      ms
[2020-07-12T01:13:08.925+0000][5284][gc,stats    ]       Phase: Concurrent Relocate                           1.985 / 2.663         1.708 / 18.136        1.708 / 18.136        1.708 / 18.136      ms
[2020-07-12T01:13:08.925+0000][5284][gc,stats    ]       Phase: Concurrent Reset Relocation Set               0.003 / 0.004         0.004 / 0.015         0.004 / 0.015         0.004 / 0.015       ms
[2020-07-12T01:13:08.925+0000][5284][gc,stats    ]       Phase: Concurrent Select Relocation Set              1.018 / 1.029         1.067 / 5.622         1.067 / 5.622         1.067 / 5.622       ms
[2020-07-12T01:13:08.925+0000][5284][gc,stats    ]       Phase: Pause Mark End                                0.400 / 0.416         0.347 / 0.654         0.347 / 0.654         0.347 / 0.654       ms
[2020-07-12T01:13:08.925+0000][5284][gc,stats    ]       Phase: Pause Mark Start                              0.290 / 0.404         0.176 / 0.724         0.176 / 0.724         0.176 / 0.724       ms
[2020-07-12T01:13:08.925+0000][5284][gc,stats    ]       Phase: Pause Relocate Start                          0.140 / 0.142         0.134 / 1.014         0.134 / 1.014         0.134 / 1.014       ms
[2020-07-12T01:13:08.925+0000][5284][gc,stats    ]    Subphase: Concurrent Classes Purge                      0.719 / 0.726         0.798 / 8.877         0.798 / 8.877         0.798 / 8.877       ms
[2020-07-12T01:13:08.925+0000][5284][gc,stats    ]    Subphase: Concurrent Classes Unlink                    26.785 / 27.167       23.407 / 38.550       23.407 / 38.550       23.407 / 38.550      ms
[2020-07-12T01:13:08.925+0000][5284][gc,stats    ]    Subphase: Concurrent Mark                              45.885 / 46.218       47.352 / 76.517       47.352 / 76.517       47.352 / 76.517      ms
[2020-07-12T01:13:08.925+0000][5284][gc,stats    ]    Subphase: Concurrent Mark Idle                          0.000 / 0.000         0.000 / 0.000         0.000 / 0.000         0.000 / 0.000       ms
[2020-07-12T01:13:08.925+0000][5284][gc,stats    ]    Subphase: Concurrent Mark Try Flush                     0.113 / 0.136         0.120 / 4.734         0.120 / 4.734         0.120 / 4.734       ms
[2020-07-12T01:13:08.925+0000][5284][gc,stats    ]    Subphase: Concurrent Mark Try Terminate                 0.054 / 0.129         0.071 / 4.736         0.071 / 4.736         0.071 / 4.736       ms
[2020-07-12T01:13:08.925+0000][5284][gc,stats    ]    Subphase: Concurrent References Enqueue                 0.000 / 0.000         0.001 / 0.004         0.001 / 0.004         0.001 / 0.004       ms
[2020-07-12T01:13:08.925+0000][5284][gc,stats    ]    Subphase: Concurrent References Process                 0.534 / 0.544         0.536 / 1.144         0.536 / 1.144         0.536 / 1.144       ms
[2020-07-12T01:13:08.925+0000][5284][gc,stats    ]    Subphase: Concurrent Roots                              0.493 / 0.687         0.314 / 1.449         0.314 / 1.449         0.314 / 1.449       ms
[2020-07-12T01:13:08.925+0000][5284][gc,stats    ]    Subphase: Concurrent Roots ClassLoaderDataGraph         0.477 / 0.673         0.307 / 1.421         0.307 / 1.421         0.307 / 1.421       ms
[2020-07-12T01:13:08.925+0000][5284][gc,stats    ]    Subphase: Concurrent Roots JNIHandles                   0.012 / 0.017         0.004 / 0.017         0.004 / 0.017         0.004 / 0.017       ms
[2020-07-12T01:13:08.925+0000][5284][gc,stats    ]    Subphase: Concurrent Roots Setup                        0.254 / 0.318         0.190 / 0.465         0.190 / 0.465         0.190 / 0.465       ms
[2020-07-12T01:13:08.925+0000][5284][gc,stats    ]    Subphase: Concurrent Roots Teardown                     0.000 / 0.000         0.000 / 0.002         0.000 / 0.002         0.000 / 0.002       ms
[2020-07-12T01:13:08.925+0000][5284][gc,stats    ]    Subphase: Concurrent Roots VMHandles                    0.000 / 0.000         0.000 / 0.000         0.000 / 0.000         0.000 / 0.000       ms
[2020-07-12T01:13:08.925+0000][5284][gc,stats    ]    Subphase: Concurrent Weak Roots                         0.906 / 0.966         0.908 / 1.534         0.908 / 1.534         0.908 / 1.534       ms
[2020-07-12T01:13:08.925+0000][5284][gc,stats    ]    Subphase: Concurrent Weak Roots JNIWeakHandles          0.000 / 0.001         0.001 / 0.004         0.001 / 0.004         0.001 / 0.004       ms
[2020-07-12T01:13:08.925+0000][5284][gc,stats    ]    Subphase: Concurrent Weak Roots ResolvedMethodTable     0.094 / 0.096         0.095 / 0.181         0.095 / 0.181         0.095 / 0.181       ms
[2020-07-12T01:13:08.925+0000][5284][gc,stats    ]    Subphase: Concurrent Weak Roots StringTable             0.750 / 0.808         0.752 / 1.341         0.752 / 1.341         0.752 / 1.341       ms
[2020-07-12T01:13:08.925+0000][5284][gc,stats    ]    Subphase: Concurrent Weak Roots VMWeakHandles           0.058 / 0.062         0.057 / 0.088         0.057 / 0.088         0.057 / 0.088       ms
[2020-07-12T01:13:08.925+0000][5284][gc,stats    ]    Subphase: Pause Mark Try Complete                       0.157 / 0.160         0.155 / 0.214         0.155 / 0.214         0.155 / 0.214       ms
[2020-07-12T01:13:08.925+0000][5284][gc,stats    ]    Subphase: Pause Roots                                   0.039 / 0.175         0.039 / 0.936         0.039 / 0.936         0.039 / 0.936       ms
[2020-07-12T01:13:08.925+0000][5284][gc,stats    ]    Subphase: Pause Roots CodeCache                         0.000 / 0.000         0.000 / 0.000         0.000 / 0.000         0.000 / 0.000       ms
[2020-07-12T01:13:08.925+0000][5284][gc,stats    ]    Subphase: Pause Roots JVMTIExport                       0.002 / 0.005         0.002 / 0.007         0.002 / 0.007         0.002 / 0.007       ms
[2020-07-12T01:13:08.925+0000][5284][gc,stats    ]    Subphase: Pause Roots JVMTIWeakExport                   0.001 / 0.001         0.001 / 0.001         0.001 / 0.001         0.001 / 0.001       ms
[2020-07-12T01:13:08.925+0000][5284][gc,stats    ]    Subphase: Pause Roots Management                        0.001 / 0.002         0.001 / 0.009         0.001 / 0.009         0.001 / 0.009       ms
[2020-07-12T01:13:08.925+0000][5284][gc,stats    ]    Subphase: Pause Roots ObjectSynchronizer                0.000 / 0.001         0.000 / 0.001         0.000 / 0.001         0.000 / 0.001       ms
[2020-07-12T01:13:08.925+0000][5284][gc,stats    ]    Subphase: Pause Roots Setup                             0.001 / 0.001         0.001 / 0.036         0.001 / 0.036         0.001 / 0.036       ms
[2020-07-12T01:13:08.925+0000][5284][gc,stats    ]    Subphase: Pause Roots SystemDictionary                  0.013 / 0.024         0.012 / 0.042         0.012 / 0.042         0.012 / 0.042       ms
[2020-07-12T01:13:08.925+0000][5284][gc,stats    ]    Subphase: Pause Roots Teardown                          0.002 / 0.003         0.001 / 0.013         0.001 / 0.013         0.001 / 0.013       ms
[2020-07-12T01:13:08.925+0000][5284][gc,stats    ]    Subphase: Pause Roots Threads                           0.056 / 0.152         0.045 / 0.913         0.045 / 0.913         0.045 / 0.913       ms
[2020-07-12T01:13:08.925+0000][5284][gc,stats    ]    Subphase: Pause Roots Universe                          0.003 / 0.007         0.002 / 0.011         0.002 / 0.011         0.002 / 0.011       ms
[2020-07-12T01:13:08.925+0000][5284][gc,stats    ]    Subphase: Pause Weak Roots                              0.010 / 0.049         0.010 / 0.087         0.010 / 0.087         0.010 / 0.087       ms
[2020-07-12T01:13:08.925+0000][5284][gc,stats    ]    Subphase: Pause Weak Roots JFRWeak                      0.045 / 0.047         0.048 / 0.084         0.048 / 0.084         0.048 / 0.084       ms
[2020-07-12T01:13:08.925+0000][5284][gc,stats    ]    Subphase: Pause Weak Roots JVMTIWeakExport              0.001 / 0.001         0.001 / 0.002         0.001 / 0.002         0.001 / 0.002       ms
[2020-07-12T01:13:08.925+0000][5284][gc,stats    ]    Subphase: Pause Weak Roots Setup                        0.000 / 0.000         0.000 / 0.001         0.000 / 0.001         0.000 / 0.001       ms
[2020-07-12T01:13:08.925+0000][5284][gc,stats    ]    Subphase: Pause Weak Roots Teardown                     0.000 / 0.000         0.000 / 0.000         0.000 / 0.000         0.000 / 0.000       ms
[2020-07-12T01:13:08.925+0000][5284][gc,stats    ]      System: Java Threads                                     37 / 37               35 / 38               35 / 38               35 / 38          threads
[2020-07-12T01:13:08.925+0000][5284][gc,stats    ] =========================================================================================================================================================
[2020-07-12T01:13:09.106+0000][5284][safepoint   ] Safepoint "Cleanup", Time since last: 3001849955 ns, Reaching safepoint: 167866 ns, At safepoint: 7001 ns, Total: 174867 ns
[2020-07-12T01:13:10.426+0000][5284][gc,heap     ] GC(96) Heap before GC invocations=96 (full 96): ZHeap           used 558M, capacity 4096M, max capacity 4096M
[2020-07-12T01:13:10.426+0000][5284][gc,heap     ] GC(96)  Metaspace       used 80265K, capacity 83037K, committed 83268K, reserved 83968K
[2020-07-12T01:13:10.426+0000][5284][gc,start    ] GC(96) Garbage Collection (Proactive)
[2020-07-12T01:13:10.426+0000][5284][gc,phases   ] GC(96) Pause Mark Start 0.108ms
[2020-07-12T01:13:10.426+0000][5284][safepoint   ] Safepoint "ZMarkStart", Time since last: 1320265060 ns, Reaching safepoint: 71395 ns, At safepoint: 127738 ns, Total: 199133 ns
[2020-07-12T01:13:10.470+0000][5284][gc,phases   ] GC(96) Concurrent Mark 43.421ms
[2020-07-12T01:13:10.470+0000][5284][gc,phases   ] GC(96) Pause Mark End 0.357ms
[2020-07-12T01:13:10.470+0000][5284][safepoint   ] Safepoint "ZMarkEnd", Time since last: 43571894 ns, Reaching safepoint: 92705 ns, At safepoint: 379636 ns, Total: 472341 ns
[2020-07-12T01:13:10.500+0000][5284][gc,phases   ] GC(96) Concurrent Process Non-Strong References 29.708ms
[2020-07-12T01:13:10.500+0000][5284][gc,phases   ] GC(96) Concurrent Reset Relocation Set 0.003ms
[2020-07-12T01:13:10.501+0000][5284][gc,phases   ] GC(96) Concurrent Select Relocation Set 1.015ms
[2020-07-12T01:13:10.506+0000][5284][gc,phases   ] GC(96) Pause Relocate Start 0.586ms
[2020-07-12T01:13:10.506+0000][5284][safepoint   ] Safepoint "ZRelocateStart", Time since last: 30848154 ns, Reaching safepoint: 4328721 ns, At safepoint: 682400 ns, Total: 5011121 ns
[2020-07-12T01:13:10.512+0000][5284][gc,phases   ] GC(96) Concurrent Relocate 5.509ms
[2020-07-12T01:13:10.512+0000][5284][gc,heap     ] GC(96) Heap after GC invocations=97 (full 97): ZHeap           used 82M, capacity 4096M, max capacity 4096M
[2020-07-12T01:13:10.512+0000][5284][gc,heap     ] GC(96)  Metaspace       used 80265K, capacity 83037K, committed 83268K, reserved 83968K
[2020-07-12T01:13:10.512+0000][5284][gc,load     ] GC(96) Load: 2.01/1.58/0.93
[2020-07-12T01:13:10.512+0000][5284][gc,mmu      ] GC(96) MMU: 2ms/49.3%, 5ms/79.7%, 10ms/89.9%, 20ms/94.9%, 50ms/97.3%, 100ms/98.3%
[2020-07-12T01:13:10.512+0000][5284][gc,marking  ] GC(96) Mark: 1 stripe(s), 2 proactive flush(es), 1 terminate flush(es), 1 completion(s), 0 continuation(s) 
[2020-07-12T01:13:10.512+0000][5284][gc,reloc    ] GC(96) Relocation: Successful, 1M relocated
[2020-07-12T01:13:10.512+0000][5284][gc,nmethod  ] GC(96) NMethods: 5620 registered, 62 unregistered
[2020-07-12T01:13:10.512+0000][5284][gc,metaspace] GC(96) Metaspace: 78M used, 81M capacity, 81M committed, 82M reserved
[2020-07-12T01:13:10.512+0000][5284][gc,ref      ] GC(96) Soft: 3922 encountered, 0 discovered, 0 enqueued
[2020-07-12T01:13:10.512+0000][5284][gc,ref      ] GC(96) Weak: 6657 encountered, 4332 discovered, 0 enqueued
[2020-07-12T01:13:10.512+0000][5284][gc,ref      ] GC(96) Final: 3 encountered, 0 discovered, 0 enqueued
[2020-07-12T01:13:10.512+0000][5284][gc,ref      ] GC(96) Phantom: 435 encountered, 294 discovered, 0 enqueued
[2020-07-12T01:13:10.512+0000][5284][gc,heap     ] GC(96) Min Capacity: 4096M(100%)
[2020-07-12T01:13:10.512+0000][5284][gc,heap     ] GC(96) Max Capacity: 4096M(100%)
[2020-07-12T01:13:10.512+0000][5284][gc,heap     ] GC(96) Soft Max Capacity: 4096M(100%)
[2020-07-12T01:13:10.512+0000][5284][gc,heap     ] GC(96)                Mark Start          Mark End        Relocate Start      Relocate End           High               Low         
[2020-07-12T01:13:10.512+0000][5284][gc,heap     ] GC(96)  Capacity:     4096M (100%)       4096M (100%)       4096M (100%)       4096M (100%)       4096M (100%)       4096M (100%)   
[2020-07-12T01:13:10.512+0000][5284][gc,heap     ] GC(96)   Reserve:       42M (1%)           42M (1%)           42M (1%)           42M (1%)           42M (1%)           42M (1%)     
[2020-07-12T01:13:10.512+0000][5284][gc,heap     ] GC(96)      Free:     3496M (85%)        3494M (85%)        3932M (96%)        3972M (97%)        3972M (97%)        3484M (85%)    
[2020-07-12T01:13:10.512+0000][5284][gc,heap     ] GC(96)      Used:      558M (14%)         560M (14%)         122M (3%)           82M (2%)          570M (14%)          82M (2%)     
[2020-07-12T01:13:10.512+0000][5284][gc,heap     ] GC(96)      Live:         -                28M (1%)           28M (1%)           28M (1%)             -                  -          
[2020-07-12T01:13:10.512+0000][5284][gc,heap     ] GC(96) Allocated:         -                 2M (0%)           16M (0%)           22M (1%)             -                  -          
[2020-07-12T01:13:10.513+0000][5284][gc,heap     ] GC(96)   Garbage:         -               529M (13%)          77M (2%)           37M (1%)             -                  -          
[2020-07-12T01:13:10.513+0000][5284][gc,heap     ] GC(96) Reclaimed:         -                  -               452M (11%)         492M (12%)            -                  -          
[2020-07-12T01:13:10.513+0000][5284][gc          ] GC(96) Garbage Collection (Proactive) 558M(14%)->82M(2%)
[2020-07-12T01:13:14.925+0000][5284][gc,heap     ] GC(97) Heap before GC invocations=97 (full 97): ZHeap           used 646M, capacity 4096M, max capacity 4096M
[2020-07-12T01:13:14.925+0000][5284][gc,heap     ] GC(97)  Metaspace       used 80265K, capacity 83037K, committed 83268K, reserved 83968K
[2020-07-12T01:13:14.925+0000][5284][gc,start    ] GC(97) Garbage Collection (Proactive)
[2020-07-12T01:13:14.926+0000][5284][gc,phases   ] GC(97) Pause Mark Start 0.553ms
[2020-07-12T01:13:14.926+0000][5284][safepoint   ] Safepoint "ZMarkStart", Time since last: 4419026180 ns, Reaching safepoint: 602440 ns, At safepoint: 674959 ns, Total: 1277399 ns
[2020-07-12T01:13:14.999+0000][5284][gc,phases   ] GC(97) Concurrent Mark 72.502ms
[2020-07-12T01:13:14.999+0000][5284][gc,phases   ] GC(97) Pause Mark End 0.303ms
[2020-07-12T01:13:14.999+0000][5284][safepoint   ] Safepoint "ZMarkEnd", Time since last: 72837205 ns, Reaching safepoint: 64506 ns, At safepoint: 323431 ns, Total: 387937 ns
[2020-07-12T01:13:15.029+0000][5284][gc,phases   ] GC(97) Concurrent Process Non-Strong References 29.354ms
[2020-07-12T01:13:15.029+0000][5284][gc,phases   ] GC(97) Concurrent Reset Relocation Set 0.004ms
[2020-07-12T01:13:15.030+0000][5284][gc,phases   ] GC(97) Concurrent Select Relocation Set 1.004ms
[2020-07-12T01:13:15.030+0000][5284][gc,phases   ] GC(97) Pause Relocate Start 0.094ms
[2020-07-12T01:13:15.030+0000][5284][safepoint   ] Safepoint "ZRelocateStart", Time since last: 30535923 ns, Reaching safepoint: 59339 ns, At safepoint: 111526 ns, Total: 170865 ns
[2020-07-12T01:13:15.031+0000][5284][gc,phases   ] GC(97) Concurrent Relocate 1.201ms
[2020-07-12T01:13:15.031+0000][5284][gc,heap     ] GC(97) Heap after GC invocations=98 (full 98): ZHeap           used 70M, capacity 4096M, max capacity 4096M
[2020-07-12T01:13:15.031+0000][5284][gc,heap     ] GC(97)  Metaspace       used 80265K, capacity 83037K, committed 83268K, reserved 83968K
[2020-07-12T01:13:15.031+0000][5284][gc,load     ] GC(97) Load: 2.09/1.60/0.94
[2020-07-12T01:13:15.032+0000][5284][gc,mmu      ] GC(97) MMU: 2ms/49.3%, 5ms/79.7%, 10ms/89.9%, 20ms/94.9%, 50ms/97.3%, 100ms/98.3%
[2020-07-12T01:13:15.032+0000][5284][gc,marking  ] GC(97) Mark: 1 stripe(s), 2 proactive flush(es), 1 terminate flush(es), 1 completion(s), 0 continuation(s) 
[2020-07-12T01:13:15.032+0000][5284][gc,reloc    ] GC(97) Relocation: Successful, 1M relocated
[2020-07-12T01:13:15.032+0000][5284][gc,nmethod  ] GC(97) NMethods: 5621 registered, 62 unregistered
[2020-07-12T01:13:15.032+0000][5284][gc,metaspace] GC(97) Metaspace: 78M used, 81M capacity, 81M committed, 82M reserved
[2020-07-12T01:13:15.032+0000][5284][gc,ref      ] GC(97) Soft: 3922 encountered, 0 discovered, 0 enqueued
[2020-07-12T01:13:15.032+0000][5284][gc,ref      ] GC(97) Weak: 6657 encountered, 4332 discovered, 0 enqueued
[2020-07-12T01:13:15.032+0000][5284][gc,ref      ] GC(97) Final: 3 encountered, 0 discovered, 0 enqueued
[2020-07-12T01:13:15.032+0000][5284][gc,ref      ] GC(97) Phantom: 435 encountered, 294 discovered, 0 enqueued
[2020-07-12T01:13:15.032+0000][5284][gc,heap     ] GC(97) Min Capacity: 4096M(100%)
[2020-07-12T01:13:15.032+0000][5284][gc,heap     ] GC(97) Max Capacity: 4096M(100%)
[2020-07-12T01:13:15.032+0000][5284][gc,heap     ] GC(97) Soft Max Capacity: 4096M(100%)
[2020-07-12T01:13:15.032+0000][5284][gc,heap     ] GC(97)                Mark Start          Mark End        Relocate Start      Relocate End           High               Low         
[2020-07-12T01:13:15.032+0000][5284][gc,heap     ] GC(97)  Capacity:     4096M (100%)       4096M (100%)       4096M (100%)       4096M (100%)       4096M (100%)       4096M (100%)   
[2020-07-12T01:13:15.032+0000][5284][gc,heap     ] GC(97)   Reserve:       42M (1%)           42M (1%)           42M (1%)           42M (1%)           42M (1%)           42M (1%)     
[2020-07-12T01:13:15.032+0000][5284][gc,heap     ] GC(97)      Free:     3408M (83%)        3406M (83%)        3938M (96%)        3984M (97%)        3984M (97%)        3404M (83%)    
[2020-07-12T01:13:15.032+0000][5284][gc,heap     ] GC(97)      Used:      646M (16%)         648M (16%)         116M (3%)           70M (2%)          650M (16%)          70M (2%)     
[2020-07-12T01:13:15.032+0000][5284][gc,heap     ] GC(97)      Live:         -                28M (1%)           28M (1%)           28M (1%)             -                  -          
[2020-07-12T01:13:15.032+0000][5284][gc,heap     ] GC(97) Allocated:         -                 2M (0%)            4M (0%)           10M (0%)             -                  -          
[2020-07-12T01:13:15.032+0000][5284][gc,heap     ] GC(97)   Garbage:         -               617M (15%)          83M (2%)           37M (1%)             -                  -          
[2020-07-12T01:13:15.032+0000][5284][gc,heap     ] GC(97) Reclaimed:         -                  -               534M (13%)         580M (14%)            -                  -          
[2020-07-12T01:13:15.032+0000][5284][gc          ] GC(97) Garbage Collection (Proactive) 646M(16%)->70M(2%)
[2020-07-12T01:13:18.924+0000][5284][gc,stats    ] === Garbage Collection Statistics =======================================================================================================================
[2020-07-12T01:13:18.924+0000][5284][gc,stats    ]                                                              Last 10s              Last 10m              Last 10h                Total
[2020-07-12T01:13:18.924+0000][5284][gc,stats    ]                                                              Avg / Max             Avg / Max             Avg / Max             Avg / Max
[2020-07-12T01:13:18.924+0000][5284][gc,stats    ]   Collector: Garbage Collection Cycle                     96.359 / 106.819      79.005 / 117.511      79.005 / 117.511      79.005 / 117.511     ms
[2020-07-12T01:13:18.924+0000][5284][gc,stats    ]  Contention: Mark Segment Reset Contention                     0 / 0                 0 / 0                 0 / 0                 0 / 0           ops/s
[2020-07-12T01:13:18.924+0000][5284][gc,stats    ]  Contention: Mark SeqNum Reset Contention                      0 / 0                 0 / 0                 0 / 0                 0 / 0           ops/s
[2020-07-12T01:13:18.924+0000][5284][gc,stats    ]  Contention: Relocation Contention                             0 / 0                 0 / 12                0 / 12                0 / 12          ops/s
[2020-07-12T01:13:18.924+0000][5284][gc,stats    ]    Critical: Allocation Stall                              0.000 / 0.000         0.000 / 0.000         0.000 / 0.000         0.000 / 0.000       ms
[2020-07-12T01:13:18.924+0000][5284][gc,stats    ]    Critical: Allocation Stall                                  0 / 0                 0 / 0                 0 / 0                 0 / 0           ops/s
[2020-07-12T01:13:18.924+0000][5284][gc,stats    ]    Critical: GC Locker Stall                               0.000 / 0.000         0.093 / 0.093         0.093 / 0.093         0.093 / 0.093       ms
[2020-07-12T01:13:18.924+0000][5284][gc,stats    ]    Critical: GC Locker Stall                                   0 / 0                 0 / 1                 0 / 1                 0 / 1           ops/s
[2020-07-12T01:13:18.924+0000][5284][gc,stats    ]      Memory: Allocation Rate                                 116 / 242             112 / 242             112 / 242             112 / 242         MB/s
[2020-07-12T01:13:18.924+0000][5284][gc,stats    ]      Memory: Heap Used After Mark                            604 / 648             582 / 1286            582 / 1286            582 / 1286        MB
[2020-07-12T01:13:18.924+0000][5284][gc,stats    ]      Memory: Heap Used After Relocation                       76 / 82               81 / 116              81 / 116              81 / 116         MB
[2020-07-12T01:13:18.924+0000][5284][gc,stats    ]      Memory: Heap Used Before Mark                           602 / 646             570 / 1270            570 / 1270            570 / 1270        MB
[2020-07-12T01:13:18.924+0000][5284][gc,stats    ]      Memory: Heap Used Before Relocation                     119 / 122             129 / 338             129 / 338             129 / 338         MB
[2020-07-12T01:13:18.924+0000][5284][gc,stats    ]      Memory: Out Of Memory                                     0 / 0                 0 / 0                 0 / 0                 0 / 0           ops/s
[2020-07-12T01:13:18.924+0000][5284][gc,stats    ]      Memory: Page Cache Flush                                  0 / 0                 0 / 0                 0 / 0                 0 / 0           MB/s
[2020-07-12T01:13:18.924+0000][5284][gc,stats    ]      Memory: Page Cache Hit L1                                58 / 124              55 / 124              55 / 124              55 / 124         ops/s
[2020-07-12T01:13:18.924+0000][5284][gc,stats    ]      Memory: Page Cache Hit L2                                 0 / 0                 0 / 0                 0 / 0                 0 / 0           ops/s
[2020-07-12T01:13:18.924+0000][5284][gc,stats    ]      Memory: Page Cache Hit L3                                 0 / 0                 1 / 96                1 / 96                1 / 96          ops/s
[2020-07-12T01:13:18.925+0000][5284][gc,stats    ]      Memory: Page Cache Miss                                   0 / 0                 0 / 0                 0 / 0                 0 / 0           ops/s
[2020-07-12T01:13:18.925+0000][5284][gc,stats    ]      Memory: Uncommit                                          0 / 0                 0 / 0                 0 / 0                 0 / 0           MB/s
[2020-07-12T01:13:18.925+0000][5284][gc,stats    ]      Memory: Undo Object Allocation Failed                     0 / 0                 0 / 0                 0 / 0                 0 / 0           ops/s
[2020-07-12T01:13:18.925+0000][5284][gc,stats    ]      Memory: Undo Object Allocation Succeeded                  0 / 0                 0 / 12                0 / 12                0 / 12          ops/s
[2020-07-12T01:13:18.925+0000][5284][gc,stats    ]      Memory: Undo Page Allocation                              0 / 0                 0 / 0                 0 / 0                 0 / 0           ops/s
[2020-07-12T01:13:18.925+0000][5284][gc,stats    ]       Phase: Concurrent Mark                              57.962 / 72.502       48.360 / 77.269       48.360 / 77.269       48.360 / 77.269      ms
[2020-07-12T01:13:18.925+0000][5284][gc,stats    ]       Phase: Concurrent Mark Continue                      0.000 / 0.000         0.000 / 0.000         0.000 / 0.000         0.000 / 0.000       ms
[2020-07-12T01:13:18.925+0000][5284][gc,stats    ]       Phase: Concurrent Process Non-Strong References     29.531 / 29.708       25.994 / 41.178       25.994 / 41.178       25.994 / 41.178      ms
[2020-07-12T01:13:18.925+0000][5284][gc,stats    ]       Phase: Concurrent Relocate                           3.355 / 5.509         1.741 / 18.136        1.741 / 18.136        1.741 / 18.136      ms
[2020-07-12T01:13:18.925+0000][5284][gc,stats    ]       Phase: Concurrent Reset Relocation Set               0.003 / 0.004         0.004 / 0.015         0.004 / 0.015         0.004 / 0.015       ms
[2020-07-12T01:13:18.925+0000][5284][gc,stats    ]       Phase: Concurrent Select Relocation Set              1.010 / 1.015         1.066 / 5.622         1.066 / 5.622         1.066 / 5.622       ms
[2020-07-12T01:13:18.925+0000][5284][gc,stats    ]       Phase: Pause Mark End                                0.330 / 0.357         0.346 / 0.654         0.346 / 0.654         0.346 / 0.654       ms
[2020-07-12T01:13:18.925+0000][5284][gc,stats    ]       Phase: Pause Mark Start                              0.331 / 0.553         0.179 / 0.724         0.179 / 0.724         0.179 / 0.724       ms
[2020-07-12T01:13:18.925+0000][5284][gc,stats    ]       Phase: Pause Relocate Start                          0.340 / 0.586         0.138 / 1.014         0.138 / 1.014         0.138 / 1.014       ms
[2020-07-12T01:13:18.925+0000][5284][gc,stats    ]    Subphase: Concurrent Classes Purge                      0.740 / 0.746         0.797 / 8.877         0.797 / 8.877         0.797 / 8.877       ms
[2020-07-12T01:13:18.925+0000][5284][gc,stats    ]    Subphase: Concurrent Classes Unlink                    27.199 / 27.273       23.484 / 38.550       23.484 / 38.550       23.484 / 38.550      ms
[2020-07-12T01:13:18.925+0000][5284][gc,stats    ]    Subphase: Concurrent Mark                              56.700 / 70.416       47.543 / 76.517       47.543 / 76.517       47.543 / 76.517      ms
[2020-07-12T01:13:18.925+0000][5284][gc,stats    ]    Subphase: Concurrent Mark Idle                          0.000 / 0.000         0.000 / 0.000         0.000 / 0.000         0.000 / 0.000       ms
[2020-07-12T01:13:18.925+0000][5284][gc,stats    ]    Subphase: Concurrent Mark Try Flush                     0.032 / 0.085         0.118 / 4.734         0.118 / 4.734         0.118 / 4.734       ms
[2020-07-12T01:13:18.925+0000][5284][gc,stats    ]    Subphase: Concurrent Mark Try Terminate                 0.006 / 0.011         0.070 / 4.736         0.070 / 4.736         0.070 / 4.736       ms
[2020-07-12T01:13:18.926+0000][5284][gc,stats    ]    Subphase: Concurrent References Enqueue                 0.000 / 0.001         0.001 / 0.004         0.001 / 0.004         0.001 / 0.004       ms
[2020-07-12T01:13:18.926+0000][5284][gc,stats    ]    Subphase: Concurrent References Process                 0.459 / 0.464         0.534 / 1.144         0.534 / 1.144         0.534 / 1.144       ms
[2020-07-12T01:13:18.926+0000][5284][gc,stats    ]    Subphase: Concurrent Roots                              0.692 / 1.172         0.321 / 1.449         0.321 / 1.449         0.321 / 1.449       ms
[2020-07-12T01:13:18.926+0000][5284][gc,stats    ]    Subphase: Concurrent Roots ClassLoaderDataGraph         0.677 / 1.147         0.315 / 1.421         0.315 / 1.421         0.315 / 1.421       ms
[2020-07-12T01:13:18.926+0000][5284][gc,stats    ]    Subphase: Concurrent Roots JNIHandles                   0.008 / 0.014         0.004 / 0.017         0.004 / 0.017         0.004 / 0.017       ms
[2020-07-12T01:13:18.926+0000][5284][gc,stats    ]    Subphase: Concurrent Roots Setup                        0.283 / 0.416         0.192 / 0.465         0.192 / 0.465         0.192 / 0.465       ms
[2020-07-12T01:13:18.926+0000][5284][gc,stats    ]    Subphase: Concurrent Roots Teardown                     0.001 / 0.001         0.000 / 0.002         0.000 / 0.002         0.000 / 0.002       ms
[2020-07-12T01:13:18.926+0000][5284][gc,stats    ]    Subphase: Concurrent Roots VMHandles                    0.000 / 0.000         0.000 / 0.000         0.000 / 0.000         0.000 / 0.000       ms
[2020-07-12T01:13:18.926+0000][5284][gc,stats    ]    Subphase: Concurrent Weak Roots                         0.889 / 0.989         0.907 / 1.534         0.907 / 1.534         0.907 / 1.534       ms
[2020-07-12T01:13:18.926+0000][5284][gc,stats    ]    Subphase: Concurrent Weak Roots JNIWeakHandles          0.000 / 0.001         0.001 / 0.004         0.001 / 0.004         0.001 / 0.004       ms
[2020-07-12T01:13:18.926+0000][5284][gc,stats    ]    Subphase: Concurrent Weak Roots ResolvedMethodTable     0.092 / 0.094         0.095 / 0.181         0.095 / 0.181         0.095 / 0.181       ms
[2020-07-12T01:13:18.926+0000][5284][gc,stats    ]    Subphase: Concurrent Weak Roots StringTable             0.734 / 0.824         0.752 / 1.341         0.752 / 1.341         0.752 / 1.341       ms
[2020-07-12T01:13:18.926+0000][5284][gc,stats    ]    Subphase: Concurrent Weak Roots VMWeakHandles           0.059 / 0.067         0.057 / 0.088         0.057 / 0.088         0.057 / 0.088       ms
[2020-07-12T01:13:18.926+0000][5284][gc,stats    ]    Subphase: Pause Mark Try Complete                       0.162 / 0.163         0.155 / 0.214         0.155 / 0.214         0.155 / 0.214       ms
[2020-07-12T01:13:18.926+0000][5284][gc,stats    ]    Subphase: Pause Roots                                   0.076 / 0.250         0.039 / 0.936         0.039 / 0.936         0.039 / 0.936       ms
[2020-07-12T01:13:18.926+0000][5284][gc,stats    ]    Subphase: Pause Roots CodeCache                         0.000 / 0.000         0.000 / 0.000         0.000 / 0.000         0.000 / 0.000       ms
[2020-07-12T01:13:18.926+0000][5284][gc,stats    ]    Subphase: Pause Roots JVMTIExport                       0.004 / 0.008         0.002 / 0.008         0.002 / 0.008         0.002 / 0.008       ms
[2020-07-12T01:13:18.926+0000][5284][gc,stats    ]    Subphase: Pause Roots JVMTIWeakExport                   0.001 / 0.001         0.001 / 0.001         0.001 / 0.001         0.001 / 0.001       ms
[2020-07-12T01:13:18.926+0000][5284][gc,stats    ]    Subphase: Pause Roots Management                        0.002 / 0.003         0.001 / 0.009         0.001 / 0.009         0.001 / 0.009       ms
[2020-07-12T01:13:18.926+0000][5284][gc,stats    ]    Subphase: Pause Roots ObjectSynchronizer                0.000 / 0.001         0.000 / 0.001         0.000 / 0.001         0.000 / 0.001       ms
[2020-07-12T01:13:18.926+0000][5284][gc,stats    ]    Subphase: Pause Roots Setup                             0.001 / 0.001         0.001 / 0.036         0.001 / 0.036         0.001 / 0.036       ms
[2020-07-12T01:13:18.926+0000][5284][gc,stats    ]    Subphase: Pause Roots SystemDictionary                  0.022 / 0.040         0.012 / 0.042         0.012 / 0.042         0.012 / 0.042       ms
[2020-07-12T01:13:18.926+0000][5284][gc,stats    ]    Subphase: Pause Roots Teardown                          0.003 / 0.007         0.001 / 0.013         0.001 / 0.013         0.001 / 0.013       ms
[2020-07-12T01:13:18.927+0000][5284][gc,stats    ]    Subphase: Pause Roots Threads                           0.089 / 0.235         0.046 / 0.913         0.046 / 0.913         0.046 / 0.913       ms
[2020-07-12T01:13:18.927+0000][5284][gc,stats    ]    Subphase: Pause Roots Universe                          0.005 / 0.011         0.002 / 0.011         0.002 / 0.011         0.002 / 0.011       ms
[2020-07-12T01:13:18.927+0000][5284][gc,stats    ]    Subphase: Pause Weak Roots                              0.010 / 0.052         0.010 / 0.087         0.010 / 0.087         0.010 / 0.087       ms
[2020-07-12T01:13:18.927+0000][5284][gc,stats    ]    Subphase: Pause Weak Roots JFRWeak                      0.047 / 0.050         0.048 / 0.084         0.048 / 0.084         0.048 / 0.084       ms
[2020-07-12T01:13:18.927+0000][5284][gc,stats    ]    Subphase: Pause Weak Roots JVMTIWeakExport              0.001 / 0.001         0.001 / 0.002         0.001 / 0.002         0.001 / 0.002       ms
[2020-07-12T01:13:18.927+0000][5284][gc,stats    ]    Subphase: Pause Weak Roots Setup                        0.000 / 0.000         0.000 / 0.001         0.000 / 0.001         0.000 / 0.001       ms
[2020-07-12T01:13:18.927+0000][5284][gc,stats    ]    Subphase: Pause Weak Roots Teardown                     0.000 / 0.000         0.000 / 0.000         0.000 / 0.000         0.000 / 0.000       ms
[2020-07-12T01:13:18.927+0000][5284][gc,stats    ]      System: Java Threads                                     37 / 37               35 / 38               35 / 38               35 / 38          threads
[2020-07-12T01:13:18.927+0000][5284][gc,stats    ] =========================================================================================================================================================
[2020-07-12T01:13:20.034+0000][5284][safepoint   ] Safepoint "Cleanup", Time since last: 5004036359 ns, Reaching safepoint: 109928 ns, At safepoint: 2845 ns, Total: 112773 ns
[2020-07-12T01:13:21.163+0000][5284][gc,heap     ] GC(98) Heap before GC invocations=98 (full 98): ZHeap           used 714M, capacity 4096M, max capacity 4096M
[2020-07-12T01:13:21.163+0000][5284][gc,heap     ] GC(98)  Metaspace       used 80265K, capacity 83037K, committed 83268K, reserved 83968K
[2020-07-12T01:13:21.163+0000][5284][gc,start    ] GC(98) Garbage Collection (Proactive)
[2020-07-12T01:13:21.164+0000][5284][gc,phases   ] GC(98) Pause Mark Start 0.518ms
[2020-07-12T01:13:21.164+0000][5284][safepoint   ] Safepoint "ZMarkStart", Time since last: 1128667203 ns, Reaching safepoint: 218613 ns, At safepoint: 745127 ns, Total: 963740 ns
[2020-07-12T01:13:21.219+0000][5284][gc,phases   ] GC(98) Concurrent Mark 55.070ms
[2020-07-12T01:13:21.221+0000][5284][gc,phases   ] GC(98) Pause Mark End 0.301ms
[2020-07-12T01:13:21.221+0000][5284][safepoint   ] Safepoint "ZMarkEnd", Time since last: 55298916 ns, Reaching safepoint: 1254727 ns, At safepoint: 324675 ns, Total: 1579402 ns
[2020-07-12T01:13:21.250+0000][5284][gc,phases   ] GC(98) Concurrent Process Non-Strong References 29.480ms
[2020-07-12T01:13:21.250+0000][5284][gc,phases   ] GC(98) Concurrent Reset Relocation Set 0.004ms
[2020-07-12T01:13:21.251+0000][5284][gc,phases   ] GC(98) Concurrent Select Relocation Set 0.981ms
[2020-07-12T01:13:21.252+0000][5284][gc,phases   ] GC(98) Pause Relocate Start 0.060ms
[2020-07-12T01:13:21.252+0000][5284][safepoint   ] Safepoint "ZRelocateStart", Time since last: 30600470 ns, Reaching safepoint: 57734 ns, At safepoint: 80192 ns, Total: 137926 ns
[2020-07-12T01:13:21.253+0000][5284][gc,phases   ] GC(98) Concurrent Relocate 1.239ms
[2020-07-12T01:13:21.253+0000][5284][gc,heap     ] GC(98) Heap after GC invocations=99 (full 99): ZHeap           used 108M, capacity 4096M, max capacity 4096M
[2020-07-12T01:13:21.253+0000][5284][gc,heap     ] GC(98)  Metaspace       used 80265K, capacity 83037K, committed 83268K, reserved 83968K
[2020-07-12T01:13:21.253+0000][5284][gc,load     ] GC(98) Load: 2.00/1.59/0.94
[2020-07-12T01:13:21.253+0000][5284][gc,mmu      ] GC(98) MMU: 2ms/49.3%, 5ms/79.7%, 10ms/89.9%, 20ms/94.9%, 50ms/97.3%, 100ms/98.3%
[2020-07-12T01:13:21.253+0000][5284][gc,marking  ] GC(98) Mark: 1 stripe(s), 2 proactive flush(es), 1 terminate flush(es), 1 completion(s), 0 continuation(s) 
[2020-07-12T01:13:21.253+0000][5284][gc,reloc    ] GC(98) Relocation: Successful, 1M relocated
[2020-07-12T01:13:21.253+0000][5284][gc,nmethod  ] GC(98) NMethods: 5623 registered, 62 unregistered
[2020-07-12T01:13:21.253+0000][5284][gc,metaspace] GC(98) Metaspace: 78M used, 81M capacity, 81M committed, 82M reserved
[2020-07-12T01:13:21.253+0000][5284][gc,ref      ] GC(98) Soft: 3922 encountered, 0 discovered, 0 enqueued
[2020-07-12T01:13:21.253+0000][5284][gc,ref      ] GC(98) Weak: 6657 encountered, 4332 discovered, 0 enqueued
[2020-07-12T01:13:21.253+0000][5284][gc,ref      ] GC(98) Final: 3 encountered, 0 discovered, 0 enqueued
[2020-07-12T01:13:21.253+0000][5284][gc,ref      ] GC(98) Phantom: 435 encountered, 294 discovered, 0 enqueued
[2020-07-12T01:13:21.253+0000][5284][gc,heap     ] GC(98) Min Capacity: 4096M(100%)
[2020-07-12T01:13:21.253+0000][5284][gc,heap     ] GC(98) Max Capacity: 4096M(100%)
[2020-07-12T01:13:21.253+0000][5284][gc,heap     ] GC(98) Soft Max Capacity: 4096M(100%)
[2020-07-12T01:13:21.253+0000][5284][gc,heap     ] GC(98)                Mark Start          Mark End        Relocate Start      Relocate End           High               Low         
[2020-07-12T01:13:21.253+0000][5284][gc,heap     ] GC(98)  Capacity:     4096M (100%)       4096M (100%)       4096M (100%)       4096M (100%)       4096M (100%)       4096M (100%)   
[2020-07-12T01:13:21.253+0000][5284][gc,heap     ] GC(98)   Reserve:       42M (1%)           42M (1%)           42M (1%)           42M (1%)           42M (1%)           42M (1%)     
[2020-07-12T01:13:21.253+0000][5284][gc,heap     ] GC(98)      Free:     3340M (82%)        3312M (81%)        3916M (96%)        3946M (96%)        3946M (96%)        3300M (81%)    
[2020-07-12T01:13:21.253+0000][5284][gc,heap     ] GC(98)      Used:      714M (17%)         742M (18%)         138M (3%)          108M (3%)          754M (18%)         108M (3%)     
[2020-07-12T01:13:21.253+0000][5284][gc,heap     ] GC(98)      Live:         -                28M (1%)           28M (1%)           28M (1%)             -                  -          
[2020-07-12T01:13:21.253+0000][5284][gc,heap     ] GC(98) Allocated:         -                28M (1%)           40M (1%)           48M (1%)             -                  -          
[2020-07-12T01:13:21.253+0000][5284][gc,heap     ] GC(98)   Garbage:         -               685M (17%)          69M (2%)           39M (1%)             -                  -          
[2020-07-12T01:13:21.253+0000][5284][gc,heap     ] GC(98) Reclaimed:         -                  -               616M (15%)         646M (16%)            -                  -          
[2020-07-12T01:13:21.253+0000][5284][gc          ] GC(98) Garbage Collection (Proactive) 714M(17%)->108M(3%)
[2020-07-12T01:13:22.253+0000][5284][safepoint   ] Safepoint "Cleanup", Time since last: 1000940997 ns, Reaching safepoint: 122164 ns, At safepoint: 3186 ns, Total: 125350 ns
[2020-07-12T01:13:26.524+0000][5284][gc,heap     ] GC(99) Heap before GC invocations=99 (full 99): ZHeap           used 700M, capacity 4096M, max capacity 4096M
[2020-07-12T01:13:26.524+0000][5284][gc,heap     ] GC(99)  Metaspace       used 80265K, capacity 83037K, committed 83268K, reserved 83968K
[2020-07-12T01:13:26.524+0000][5284][gc,start    ] GC(99) Garbage Collection (Proactive)
[2020-07-12T01:13:26.524+0000][5284][gc,phases   ] GC(99) Pause Mark Start 0.109ms
[2020-07-12T01:13:26.524+0000][5284][safepoint   ] Safepoint "ZMarkStart", Time since last: 4271090286 ns, Reaching safepoint: 141227 ns, At safepoint: 131310 ns, Total: 272537 ns
[2020-07-12T01:13:26.572+0000][5284][gc,phases   ] GC(99) Concurrent Mark 47.532ms
[2020-07-12T01:13:26.573+0000][5284][gc,phases   ] GC(99) Pause Mark End 0.286ms
[2020-07-12T01:13:26.573+0000][5284][safepoint   ] Safepoint "ZMarkEnd", Time since last: 47624987 ns, Reaching safepoint: 620348 ns, At safepoint: 326695 ns, Total: 947043 ns
[2020-07-12T01:13:26.610+0000][5284][gc,phases   ] GC(99) Concurrent Process Non-Strong References 37.797ms
[2020-07-12T01:13:26.610+0000][5284][gc,phases   ] GC(99) Concurrent Reset Relocation Set 0.003ms
[2020-07-12T01:13:26.611+0000][5284][gc,phases   ] GC(99) Concurrent Select Relocation Set 1.009ms
[2020-07-12T01:13:26.612+0000][5284][gc,phases   ] GC(99) Pause Relocate Start 0.117ms
[2020-07-12T01:13:26.612+0000][5284][safepoint   ] Safepoint "ZRelocateStart", Time since last: 38913098 ns, Reaching safepoint: 53418 ns, At safepoint: 141771 ns, Total: 195189 ns
[2020-07-12T01:13:26.613+0000][5284][gc,phases   ] GC(99) Concurrent Relocate 1.367ms
[2020-07-12T01:13:26.613+0000][5284][gc,heap     ] GC(99) Heap after GC invocations=100 (full 100): ZHeap           used 108M, capacity 4096M, max capacity 4096M
[2020-07-12T01:13:26.613+0000][5284][gc,heap     ] GC(99)  Metaspace       used 80265K, capacity 83037K, committed 83268K, reserved 83968K
[2020-07-12T01:13:26.613+0000][5284][gc,load     ] GC(99) Load: 1.84/1.56/0.93
[2020-07-12T01:13:26.613+0000][5284][gc,mmu      ] GC(99) MMU: 2ms/49.3%, 5ms/79.7%, 10ms/89.9%, 20ms/94.9%, 50ms/97.3%, 100ms/98.3%
[2020-07-12T01:13:26.613+0000][5284][gc,marking  ] GC(99) Mark: 1 stripe(s), 2 proactive flush(es), 1 terminate flush(es), 1 completion(s), 0 continuation(s) 
[2020-07-12T01:13:26.613+0000][5284][gc,reloc    ] GC(99) Relocation: Successful, 1M relocated
[2020-07-12T01:13:26.613+0000][5284][gc,nmethod  ] GC(99) NMethods: 5624 registered, 62 unregistered
[2020-07-12T01:13:26.613+0000][5284][gc,metaspace] GC(99) Metaspace: 78M used, 81M capacity, 81M committed, 82M reserved
[2020-07-12T01:13:26.613+0000][5284][gc,ref      ] GC(99) Soft: 3922 encountered, 0 discovered, 0 enqueued
[2020-07-12T01:13:26.613+0000][5284][gc,ref      ] GC(99) Weak: 6658 encountered, 4319 discovered, 0 enqueued
[2020-07-12T01:13:26.613+0000][5284][gc,ref      ] GC(99) Final: 3 encountered, 0 discovered, 0 enqueued
[2020-07-12T01:13:26.613+0000][5284][gc,ref      ] GC(99) Phantom: 435 encountered, 294 discovered, 0 enqueued
[2020-07-12T01:13:26.613+0000][5284][gc,heap     ] GC(99) Min Capacity: 4096M(100%)
[2020-07-12T01:13:26.613+0000][5284][gc,heap     ] GC(99) Max Capacity: 4096M(100%)
[2020-07-12T01:13:26.613+0000][5284][gc,heap     ] GC(99) Soft Max Capacity: 4096M(100%)
[2020-07-12T01:13:26.613+0000][5284][gc,heap     ] GC(99)                Mark Start          Mark End        Relocate Start      Relocate End           High               Low         
[2020-07-12T01:13:26.613+0000][5284][gc,heap     ] GC(99)  Capacity:     4096M (100%)       4096M (100%)       4096M (100%)       4096M (100%)       4096M (100%)       4096M (100%)   
[2020-07-12T01:13:26.613+0000][5284][gc,heap     ] GC(99)   Reserve:       42M (1%)           42M (1%)           42M (1%)           42M (1%)           42M (1%)           42M (1%)     
[2020-07-12T01:13:26.613+0000][5284][gc,heap     ] GC(99)      Free:     3354M (82%)        3330M (81%)        3892M (95%)        3946M (96%)        3946M (96%)        3310M (81%)    
[2020-07-12T01:13:26.613+0000][5284][gc,heap     ] GC(99)      Used:      700M (17%)         724M (18%)         162M (4%)          108M (3%)          744M (18%)         108M (3%)     
[2020-07-12T01:13:26.613+0000][5284][gc,heap     ] GC(99)      Live:         -                28M (1%)           28M (1%)           28M (1%)             -                  -          
[2020-07-12T01:13:26.613+0000][5284][gc,heap     ] GC(99) Allocated:         -                24M (1%)           44M (1%)           48M (1%)             -                  -          
[2020-07-12T01:13:26.613+0000][5284][gc,heap     ] GC(99)   Garbage:         -               671M (16%)          89M (2%)           35M (1%)             -                  -          
[2020-07-12T01:13:26.613+0000][5284][gc,heap     ] GC(99) Reclaimed:         -                  -               582M (14%)         636M (16%)            -                  -          
[2020-07-12T01:13:26.613+0000][5284][gc          ] GC(99) Garbage Collection (Proactive) 700M(17%)->108M(3%)
[2020-07-12T01:13:28.924+0000][5284][gc,stats    ] === Garbage Collection Statistics =======================================================================================================================
[2020-07-12T01:13:28.925+0000][5284][gc,stats    ]                                                              Last 10s              Last 10m              Last 10h                Total
[2020-07-12T01:13:28.925+0000][5284][gc,stats    ]                                                              Avg / Max             Avg / Max             Avg / Max             Avg / Max
[2020-07-12T01:13:28.925+0000][5284][gc,stats    ]   Collector: Garbage Collection Cycle                     89.893 / 90.299       79.222 / 117.511      79.222 / 117.511      79.222 / 117.511     ms
[2020-07-12T01:13:28.925+0000][5284][gc,stats    ]  Contention: Mark Segment Reset Contention                     0 / 0                 0 / 0                 0 / 0                 0 / 0           ops/s
[2020-07-12T01:13:28.925+0000][5284][gc,stats    ]  Contention: Mark SeqNum Reset Contention                      0 / 0                 0 / 0                 0 / 0                 0 / 0           ops/s
[2020-07-12T01:13:28.925+0000][5284][gc,stats    ]  Contention: Relocation Contention                             0 / 1                 0 / 12                0 / 12                0 / 12          ops/s
[2020-07-12T01:13:28.925+0000][5284][gc,stats    ]    Critical: Allocation Stall                              0.000 / 0.000         0.000 / 0.000         0.000 / 0.000         0.000 / 0.000       ms
[2020-07-12T01:13:28.925+0000][5284][gc,stats    ]    Critical: Allocation Stall                                  0 / 0                 0 / 0                 0 / 0                 0 / 0           ops/s
[2020-07-12T01:13:28.925+0000][5284][gc,stats    ]    Critical: GC Locker Stall                               0.000 / 0.000         0.093 / 0.093         0.093 / 0.093         0.093 / 0.093       ms
[2020-07-12T01:13:28.925+0000][5284][gc,stats    ]    Critical: GC Locker Stall                                   0 / 0                 0 / 1                 0 / 1                 0 / 1           ops/s
[2020-07-12T01:13:28.925+0000][5284][gc,stats    ]      Memory: Allocation Rate                                 115 / 222             112 / 242             112 / 242             112 / 242         MB/s
[2020-07-12T01:13:28.925+0000][5284][gc,stats    ]      Memory: Heap Used After Mark                            733 / 742             585 / 1286            585 / 1286            585 / 1286        MB
[2020-07-12T01:13:28.925+0000][5284][gc,stats    ]      Memory: Heap Used After Relocation                      108 / 108              81 / 116              81 / 116              81 / 116         MB
[2020-07-12T01:13:28.925+0000][5284][gc,stats    ]      Memory: Heap Used Before Mark                           707 / 714             572 / 1270            572 / 1270            572 / 1270        MB
[2020-07-12T01:13:28.925+0000][5284][gc,stats    ]      Memory: Heap Used Before Relocation                     150 / 162             129 / 338             129 / 338             129 / 338         MB
[2020-07-12T01:13:28.925+0000][5284][gc,stats    ]      Memory: Out Of Memory                                     0 / 0                 0 / 0                 0 / 0                 0 / 0           ops/s
[2020-07-12T01:13:28.925+0000][5284][gc,stats    ]      Memory: Page Cache Flush                                  0 / 0                 0 / 0                 0 / 0                 0 / 0           MB/s
[2020-07-12T01:13:28.925+0000][5284][gc,stats    ]      Memory: Page Cache Hit L1                                58 / 111              55 / 124              55 / 124              55 / 124         ops/s
[2020-07-12T01:13:28.925+0000][5284][gc,stats    ]      Memory: Page Cache Hit L2                                 0 / 0                 0 / 0                 0 / 0                 0 / 0           ops/s
[2020-07-12T01:13:28.925+0000][5284][gc,stats    ]      Memory: Page Cache Hit L3                                 0 / 0                 1 / 96                1 / 96                1 / 96          ops/s
[2020-07-12T01:13:28.925+0000][5284][gc,stats    ]      Memory: Page Cache Miss                                   0 / 0                 0 / 0                 0 / 0                 0 / 0           ops/s
[2020-07-12T01:13:28.925+0000][5284][gc,stats    ]      Memory: Uncommit                                          0 / 0                 0 / 0                 0 / 0                 0 / 0           MB/s
[2020-07-12T01:13:28.925+0000][5284][gc,stats    ]      Memory: Undo Object Allocation Failed                     0 / 0                 0 / 0                 0 / 0                 0 / 0           ops/s
[2020-07-12T01:13:28.925+0000][5284][gc,stats    ]      Memory: Undo Object Allocation Succeeded                  0 / 1                 0 / 12                0 / 12                0 / 12          ops/s
[2020-07-12T01:13:28.925+0000][5284][gc,stats    ]      Memory: Undo Page Allocation                              0 / 0                 0 / 0                 0 / 0                 0 / 0           ops/s
[2020-07-12T01:13:28.925+0000][5284][gc,stats    ]       Phase: Concurrent Mark                              51.301 / 55.070       48.419 / 77.269       48.419 / 77.269       48.419 / 77.269      ms
[2020-07-12T01:13:28.925+0000][5284][gc,stats    ]       Phase: Concurrent Mark Continue                      0.000 / 0.000         0.000 / 0.000         0.000 / 0.000         0.000 / 0.000       ms
[2020-07-12T01:13:28.925+0000][5284][gc,stats    ]       Phase: Concurrent Process Non-Strong References     33.638 / 37.797       26.147 / 41.178       26.147 / 41.178       26.147 / 41.178      ms
[2020-07-12T01:13:28.925+0000][5284][gc,stats    ]       Phase: Concurrent Relocate                           1.303 / 1.367         1.733 / 18.136        1.733 / 18.136        1.733 / 18.136      ms
[2020-07-12T01:13:28.925+0000][5284][gc,stats    ]       Phase: Concurrent Reset Relocation Set               0.004 / 0.004         0.004 / 0.015         0.004 / 0.015         0.004 / 0.015       ms
[2020-07-12T01:13:28.925+0000][5284][gc,stats    ]       Phase: Concurrent Select Relocation Set              0.995 / 1.009         1.064 / 5.622         1.064 / 5.622         1.064 / 5.622       ms
[2020-07-12T01:13:28.925+0000][5284][gc,stats    ]       Phase: Pause Mark End                                0.294 / 0.301         0.345 / 0.654         0.345 / 0.654         0.345 / 0.654       ms
[2020-07-12T01:13:28.925+0000][5284][gc,stats    ]       Phase: Pause Mark Start                              0.314 / 0.518         0.182 / 0.724         0.182 / 0.724         0.182 / 0.724       ms
[2020-07-12T01:13:28.925+0000][5284][gc,stats    ]       Phase: Pause Relocate Start                          0.088 / 0.117         0.137 / 1.014         0.137 / 1.014         0.137 / 1.014       ms
[2020-07-12T01:13:28.925+0000][5284][gc,stats    ]    Subphase: Concurrent Classes Purge                      0.782 / 0.795         0.797 / 8.877         0.797 / 8.877         0.797 / 8.877       ms
[2020-07-12T01:13:28.925+0000][5284][gc,stats    ]    Subphase: Concurrent Classes Unlink                    31.271 / 35.584       23.640 / 38.550       23.640 / 38.550       23.640 / 38.550      ms
[2020-07-12T01:13:28.925+0000][5284][gc,stats    ]    Subphase: Concurrent Mark                              49.928 / 52.862       47.590 / 76.517       47.590 / 76.517       47.590 / 76.517      ms
[2020-07-12T01:13:28.925+0000][5284][gc,stats    ]    Subphase: Concurrent Mark Idle                          0.000 / 0.000         0.000 / 0.000         0.000 / 0.000         0.000 / 0.000       ms
[2020-07-12T01:13:28.925+0000][5284][gc,stats    ]    Subphase: Concurrent Mark Try Flush                     0.055 / 0.102         0.117 / 4.734         0.117 / 4.734         0.117 / 4.734       ms
[2020-07-12T01:13:28.925+0000][5284][gc,stats    ]    Subphase: Concurrent Mark Try Terminate                 0.018 / 0.060         0.069 / 4.736         0.069 / 4.736         0.069 / 4.736       ms
[2020-07-12T01:13:28.925+0000][5284][gc,stats    ]    Subphase: Concurrent References Enqueue                 0.000 / 0.000         0.001 / 0.004         0.001 / 0.004         0.001 / 0.004       ms
[2020-07-12T01:13:28.925+0000][5284][gc,stats    ]    Subphase: Concurrent References Process                 0.508 / 0.579         0.534 / 1.144         0.534 / 1.144         0.534 / 1.144       ms
[2020-07-12T01:13:28.925+0000][5284][gc,stats    ]    Subphase: Concurrent Roots                              0.602 / 0.967         0.327 / 1.449         0.327 / 1.449         0.327 / 1.449       ms
[2020-07-12T01:13:28.925+0000][5284][gc,stats    ]    Subphase: Concurrent Roots ClassLoaderDataGraph         0.588 / 0.944         0.320 / 1.421         0.320 / 1.421         0.320 / 1.421       ms
[2020-07-12T01:13:28.925+0000][5284][gc,stats    ]    Subphase: Concurrent Roots JNIHandles                   0.007 / 0.011         0.004 / 0.017         0.004 / 0.017         0.004 / 0.017       ms
[2020-07-12T01:13:28.925+0000][5284][gc,stats    ]    Subphase: Concurrent Roots Setup                        0.243 / 0.337         0.193 / 0.465         0.193 / 0.465         0.193 / 0.465       ms
[2020-07-12T01:13:28.925+0000][5284][gc,stats    ]    Subphase: Concurrent Roots Teardown                     0.001 / 0.001         0.000 / 0.002         0.000 / 0.002         0.000 / 0.002       ms
[2020-07-12T01:13:28.925+0000][5284][gc,stats    ]    Subphase: Concurrent Roots VMHandles                    0.000 / 0.000         0.000 / 0.000         0.000 / 0.000         0.000 / 0.000       ms
[2020-07-12T01:13:28.925+0000][5284][gc,stats    ]    Subphase: Concurrent Weak Roots                         0.932 / 1.029         0.908 / 1.534         0.908 / 1.534         0.908 / 1.534       ms
[2020-07-12T01:13:28.925+0000][5284][gc,stats    ]    Subphase: Concurrent Weak Roots JNIWeakHandles          0.001 / 0.001         0.001 / 0.004         0.001 / 0.004         0.001 / 0.004       ms
[2020-07-12T01:13:28.925+0000][5284][gc,stats    ]    Subphase: Concurrent Weak Roots ResolvedMethodTable     0.101 / 0.103         0.095 / 0.181         0.095 / 0.181         0.095 / 0.181       ms
[2020-07-12T01:13:28.925+0000][5284][gc,stats    ]    Subphase: Concurrent Weak Roots StringTable             0.760 / 0.859         0.752 / 1.341         0.752 / 1.341         0.752 / 1.341       ms
[2020-07-12T01:13:28.925+0000][5284][gc,stats    ]    Subphase: Concurrent Weak Roots VMWeakHandles           0.065 / 0.066         0.057 / 0.088         0.057 / 0.088         0.057 / 0.088       ms
[2020-07-12T01:13:28.925+0000][5284][gc,stats    ]    Subphase: Pause Mark Try Complete                       0.166 / 0.168         0.155 / 0.214         0.155 / 0.214         0.155 / 0.214       ms
[2020-07-12T01:13:28.925+0000][5284][gc,stats    ]    Subphase: Pause Roots                                   0.052 / 0.161         0.040 / 0.936         0.040 / 0.936         0.040 / 0.936       ms
[2020-07-12T01:13:28.925+0000][5284][gc,stats    ]    Subphase: Pause Roots CodeCache                         0.000 / 0.000         0.000 / 0.000         0.000 / 0.000         0.000 / 0.000       ms
[2020-07-12T01:13:28.925+0000][5284][gc,stats    ]    Subphase: Pause Roots JVMTIExport                       0.003 / 0.007         0.002 / 0.008         0.002 / 0.008         0.002 / 0.008       ms
[2020-07-12T01:13:28.925+0000][5284][gc,stats    ]    Subphase: Pause Roots JVMTIWeakExport                   0.001 / 0.001         0.001 / 0.001         0.001 / 0.001         0.001 / 0.001       ms
[2020-07-12T01:13:28.925+0000][5284][gc,stats    ]    Subphase: Pause Roots Management                        0.001 / 0.003         0.001 / 0.009         0.001 / 0.009         0.001 / 0.009       ms
[2020-07-12T01:13:28.925+0000][5284][gc,stats    ]    Subphase: Pause Roots ObjectSynchronizer                0.000 / 0.001         0.000 / 0.001         0.000 / 0.001         0.000 / 0.001       ms
[2020-07-12T01:13:28.925+0000][5284][gc,stats    ]    Subphase: Pause Roots Setup                             0.001 / 0.001         0.001 / 0.036         0.001 / 0.036         0.001 / 0.036       ms
[2020-07-12T01:13:28.925+0000][5284][gc,stats    ]    Subphase: Pause Roots SystemDictionary                  0.015 / 0.031         0.012 / 0.042         0.012 / 0.042         0.012 / 0.042       ms
[2020-07-12T01:13:28.925+0000][5284][gc,stats    ]    Subphase: Pause Roots Teardown                          0.002 / 0.005         0.001 / 0.013         0.001 / 0.013         0.001 / 0.013       ms
[2020-07-12T01:13:28.925+0000][5284][gc,stats    ]    Subphase: Pause Roots Threads                           0.050 / 0.128         0.046 / 0.913         0.046 / 0.913         0.046 / 0.913       ms
[2020-07-12T01:13:28.925+0000][5284][gc,stats    ]    Subphase: Pause Roots Universe                          0.003 / 0.008         0.002 / 0.011         0.002 / 0.011         0.002 / 0.011       ms
[2020-07-12T01:13:28.925+0000][5284][gc,stats    ]    Subphase: Pause Weak Roots                              0.010 / 0.054         0.010 / 0.087         0.010 / 0.087         0.010 / 0.087       ms
[2020-07-12T01:13:28.925+0000][5284][gc,stats    ]    Subphase: Pause Weak Roots JFRWeak                      0.047 / 0.052         0.048 / 0.084         0.048 / 0.084         0.048 / 0.084       ms
[2020-07-12T01:13:28.925+0000][5284][gc,stats    ]    Subphase: Pause Weak Roots JVMTIWeakExport              0.001 / 0.001         0.001 / 0.002         0.001 / 0.002         0.001 / 0.002       ms
[2020-07-12T01:13:28.925+0000][5284][gc,stats    ]    Subphase: Pause Weak Roots Setup                        0.000 / 0.000         0.000 / 0.001         0.000 / 0.001         0.000 / 0.001       ms
[2020-07-12T01:13:28.925+0000][5284][gc,stats    ]    Subphase: Pause Weak Roots Teardown                     0.000 / 0.000         0.000 / 0.000         0.000 / 0.000         0.000 / 0.000       ms
[2020-07-12T01:13:28.925+0000][5284][gc,stats    ]      System: Java Threads                                     37 / 37               35 / 38               35 / 38               35 / 38          threads
[2020-07-12T01:13:28.925+0000][5284][gc,stats    ] =========================================================================================================================================================
[2020-07-12T01:13:31.524+0000][5284][gc,heap     ] GC(100) Heap before GC invocations=100 (full 100): ZHeap           used 634M, capacity 4096M, max capacity 4096M
[2020-07-12T01:13:31.524+0000][5284][gc,heap     ] GC(100)  Metaspace       used 80265K, capacity 83037K, committed 83268K, reserved 83968K
[2020-07-12T01:13:31.524+0000][5284][gc,start    ] GC(100) Garbage Collection (Proactive)
[2020-07-12T01:13:31.524+0000][5284][gc,phases   ] GC(100) Pause Mark Start 0.091ms
[2020-07-12T01:13:31.524+0000][5284][safepoint   ] Safepoint "ZMarkStart", Time since last: 4912384513 ns, Reaching safepoint: 89601 ns, At safepoint: 115014 ns, Total: 204615 ns
[2020-07-12T01:13:31.579+0000][5284][gc,phases   ] GC(100) Concurrent Mark 54.266ms
[2020-07-12T01:13:31.581+0000][5284][gc,phases   ] GC(100) Pause Mark End 0.324ms
[2020-07-12T01:13:31.581+0000][5284][safepoint   ] Safepoint "ZMarkEnd", Time since last: 54370406 ns, Reaching safepoint: 1698537 ns, At safepoint: 350425 ns, Total: 2048962 ns
[2020-07-12T01:13:31.623+0000][5284][gc,phases   ] GC(100) Concurrent Process Non-Strong References 42.104ms
[2020-07-12T01:13:31.623+0000][5284][gc,phases   ] GC(100) Concurrent Reset Relocation Set 0.004ms
[2020-07-12T01:13:31.624+0000][5284][gc,phases   ] GC(100) Concurrent Select Relocation Set 1.073ms
[2020-07-12T01:13:31.624+0000][5284][gc,phases   ] GC(100) Pause Relocate Start 0.140ms
[2020-07-12T01:13:31.624+0000][5284][safepoint   ] Safepoint "ZRelocateStart", Time since last: 43304628 ns, Reaching safepoint: 178849 ns, At safepoint: 161040 ns, Total: 339889 ns
[2020-07-12T01:13:31.626+0000][5284][gc,phases   ] GC(100) Concurrent Relocate 1.371ms
[2020-07-12T01:13:31.626+0000][5284][gc,heap     ] GC(100) Heap after GC invocations=101 (full 101): ZHeap           used 106M, capacity 4096M, max capacity 4096M
[2020-07-12T01:13:31.626+0000][5284][gc,heap     ] GC(100)  Metaspace       used 80265K, capacity 83037K, committed 83268K, reserved 83968K
[2020-07-12T01:13:31.626+0000][5284][gc,load     ] GC(100) Load: 1.69/1.54/0.93
[2020-07-12T01:13:31.626+0000][5284][gc,mmu      ] GC(100) MMU: 2ms/49.3%, 5ms/79.7%, 10ms/89.9%, 20ms/94.9%, 50ms/97.3%, 100ms/98.3%
[2020-07-12T01:13:31.626+0000][5284][gc,marking  ] GC(100) Mark: 1 stripe(s), 2 proactive flush(es), 1 terminate flush(es), 1 completion(s), 0 continuation(s) 
[2020-07-12T01:13:31.626+0000][5284][gc,reloc    ] GC(100) Relocation: Successful, 1M relocated
[2020-07-12T01:13:31.626+0000][5284][gc,nmethod  ] GC(100) NMethods: 5625 registered, 62 unregistered
[2020-07-12T01:13:31.626+0000][5284][gc,metaspace] GC(100) Metaspace: 78M used, 81M capacity, 81M committed, 82M reserved
[2020-07-12T01:13:31.626+0000][5284][gc,ref      ] GC(100) Soft: 3922 encountered, 0 discovered, 0 enqueued
[2020-07-12T01:13:31.626+0000][5284][gc,ref      ] GC(100) Weak: 6657 encountered, 4318 discovered, 0 enqueued
[2020-07-12T01:13:31.626+0000][5284][gc,ref      ] GC(100) Final: 3 encountered, 0 discovered, 0 enqueued
[2020-07-12T01:13:31.626+0000][5284][gc,ref      ] GC(100) Phantom: 435 encountered, 294 discovered, 0 enqueued
[2020-07-12T01:13:31.626+0000][5284][gc,heap     ] GC(100) Min Capacity: 4096M(100%)
[2020-07-12T01:13:31.626+0000][5284][gc,heap     ] GC(100) Max Capacity: 4096M(100%)
[2020-07-12T01:13:31.626+0000][5284][gc,heap     ] GC(100) Soft Max Capacity: 4096M(100%)
[2020-07-12T01:13:31.626+0000][5284][gc,heap     ] GC(100)                Mark Start          Mark End        Relocate Start      Relocate End           High               Low         
[2020-07-12T01:13:31.626+0000][5284][gc,heap     ] GC(100)  Capacity:     4096M (100%)       4096M (100%)       4096M (100%)       4096M (100%)       4096M (100%)       4096M (100%)   
[2020-07-12T01:13:31.626+0000][5284][gc,heap     ] GC(100)   Reserve:       42M (1%)           42M (1%)           42M (1%)           42M (1%)           42M (1%)           42M (1%)     
[2020-07-12T01:13:31.626+0000][5284][gc,heap     ] GC(100)      Free:     3420M (83%)        3388M (83%)        3902M (95%)        3948M (96%)        3948M (96%)        3376M (82%)    
[2020-07-12T01:13:31.626+0000][5284][gc,heap     ] GC(100)      Used:      634M (15%)         666M (16%)         152M (4%)          106M (3%)          678M (17%)         106M (3%)     
[2020-07-12T01:13:31.626+0000][5284][gc,heap     ] GC(100)      Live:         -                28M (1%)           28M (1%)           28M (1%)             -                  -          
[2020-07-12T01:13:31.626+0000][5284][gc,heap     ] GC(100) Allocated:         -                32M (1%)           44M (1%)           46M (1%)             -                  -          
[2020-07-12T01:13:31.626+0000][5284][gc,heap     ] GC(100)   Garbage:         -               605M (15%)          79M (2%)           33M (1%)             -                  -          
[2020-07-12T01:13:31.626+0000][5284][gc,heap     ] GC(100) Reclaimed:         -                  -               526M (13%)         572M (14%)            -                  -          
[2020-07-12T01:13:31.626+0000][5284][gc          ] GC(100) Garbage Collection (Proactive) 634M(15%)->106M(3%)
[2020-07-12T01:13:37.025+0000][5284][gc,heap     ] GC(101) Heap before GC invocations=101 (full 101): ZHeap           used 754M, capacity 4096M, max capacity 4096M
[2020-07-12T01:13:37.025+0000][5284][gc,heap     ] GC(101)  Metaspace       used 80265K, capacity 83037K, committed 83268K, reserved 83968K
[2020-07-12T01:13:37.025+0000][5284][gc,start    ] GC(101) Garbage Collection (Proactive)
[2020-07-12T01:13:37.025+0000][5284][gc,phases   ] GC(101) Pause Mark Start 0.117ms
[2020-07-12T01:13:37.025+0000][5284][safepoint   ] Safepoint "ZMarkStart", Time since last: 5400673962 ns, Reaching safepoint: 58818 ns, At safepoint: 142480 ns, Total: 201298 ns
[2020-07-12T01:13:37.072+0000][5284][gc,phases   ] GC(101) Concurrent Mark 46.308ms
[2020-07-12T01:13:37.072+0000][5284][gc,phases   ] GC(101) Pause Mark End 0.351ms
[2020-07-12T01:13:37.072+0000][5284][safepoint   ] Safepoint "ZMarkEnd", Time since last: 46469767 ns, Reaching safepoint: 69286 ns, At safepoint: 373291 ns, Total: 442577 ns
[2020-07-12T01:13:37.102+0000][5284][gc,phases   ] GC(101) Concurrent Process Non-Strong References 29.290ms
[2020-07-12T01:13:37.102+0000][5284][gc,phases   ] GC(101) Concurrent Reset Relocation Set 0.003ms
[2020-07-12T01:13:37.103+0000][5284][gc,phases   ] GC(101) Concurrent Select Relocation Set 0.996ms
[2020-07-12T01:13:37.103+0000][5284][gc,phases   ] GC(101) Pause Relocate Start 0.105ms
[2020-07-12T01:13:37.103+0000][5284][safepoint   ] Safepoint "ZRelocateStart", Time since last: 30466120 ns, Reaching safepoint: 65616 ns, At safepoint: 127366 ns, Total: 192982 ns
[2020-07-12T01:13:37.104+0000][5284][gc,phases   ] GC(101) Concurrent Relocate 1.309ms
[2020-07-12T01:13:37.104+0000][5284][gc,heap     ] GC(101) Heap after GC invocations=102 (full 102): ZHeap           used 70M, capacity 4096M, max capacity 4096M
[2020-07-12T01:13:37.104+0000][5284][gc,heap     ] GC(101)  Metaspace       used 80265K, capacity 83037K, committed 83268K, reserved 83968K
[2020-07-12T01:13:37.104+0000][5284][gc,load     ] GC(101) Load: 1.72/1.54/0.93
[2020-07-12T01:13:37.104+0000][5284][gc,mmu      ] GC(101) MMU: 2ms/49.3%, 5ms/79.7%, 10ms/89.9%, 20ms/94.9%, 50ms/97.3%, 100ms/98.3%
[2020-07-12T01:13:37.104+0000][5284][gc,marking  ] GC(101) Mark: 1 stripe(s), 2 proactive flush(es), 1 terminate flush(es), 1 completion(s), 0 continuation(s) 
[2020-07-12T01:13:37.104+0000][5284][gc,reloc    ] GC(101) Relocation: Successful, 1M relocated
[2020-07-12T01:13:37.104+0000][5284][gc,nmethod  ] GC(101) NMethods: 5625 registered, 62 unregistered
[2020-07-12T01:13:37.104+0000][5284][gc,metaspace] GC(101) Metaspace: 78M used, 81M capacity, 81M committed, 82M reserved
[2020-07-12T01:13:37.104+0000][5284][gc,ref      ] GC(101) Soft: 3922 encountered, 0 discovered, 0 enqueued
[2020-07-12T01:13:37.104+0000][5284][gc,ref      ] GC(101) Weak: 6657 encountered, 4333 discovered, 0 enqueued
[2020-07-12T01:13:37.104+0000][5284][gc,ref      ] GC(101) Final: 3 encountered, 0 discovered, 0 enqueued
[2020-07-12T01:13:37.104+0000][5284][gc,ref      ] GC(101) Phantom: 435 encountered, 294 discovered, 0 enqueued
[2020-07-12T01:13:37.104+0000][5284][gc,heap     ] GC(101) Min Capacity: 4096M(100%)
[2020-07-12T01:13:37.104+0000][5284][gc,heap     ] GC(101) Max Capacity: 4096M(100%)
[2020-07-12T01:13:37.104+0000][5284][gc,heap     ] GC(101) Soft Max Capacity: 4096M(100%)
[2020-07-12T01:13:37.104+0000][5284][gc,heap     ] GC(101)                Mark Start          Mark End        Relocate Start      Relocate End           High               Low         
[2020-07-12T01:13:37.104+0000][5284][gc,heap     ] GC(101)  Capacity:     4096M (100%)       4096M (100%)       4096M (100%)       4096M (100%)       4096M (100%)       4096M (100%)   
[2020-07-12T01:13:37.104+0000][5284][gc,heap     ] GC(101)   Reserve:       42M (1%)           42M (1%)           42M (1%)           42M (1%)           42M (1%)           42M (1%)     
[2020-07-12T01:13:37.104+0000][5284][gc,heap     ] GC(101)      Free:     3300M (81%)        3298M (81%)        3942M (96%)        3984M (97%)        3984M (97%)        3296M (80%)    
[2020-07-12T01:13:37.104+0000][5284][gc,heap     ] GC(101)      Used:      754M (18%)         756M (18%)         112M (3%)           70M (2%)          758M (19%)          70M (2%)     
[2020-07-12T01:13:37.104+0000][5284][gc,heap     ] GC(101)      Live:         -                28M (1%)           28M (1%)           28M (1%)             -                  -          
[2020-07-12T01:13:37.104+0000][5284][gc,heap     ] GC(101) Allocated:         -                 2M (0%)            4M (0%)           10M (0%)             -                  -          
[2020-07-12T01:13:37.104+0000][5284][gc,heap     ] GC(101)   Garbage:         -               725M (18%)          79M (2%)           37M (1%)             -                  -          
[2020-07-12T01:13:37.104+0000][5284][gc,heap     ] GC(101) Reclaimed:         -                  -               646M (16%)         688M (17%)            -                  -          
[2020-07-12T01:13:37.104+0000][5284][gc          ] GC(101) Garbage Collection (Proactive) 754M(18%)->70M(2%)
[2020-07-12T01:13:38.924+0000][5284][gc,stats    ] === Garbage Collection Statistics =======================================================================================================================
[2020-07-12T01:13:38.924+0000][5284][gc,stats    ]                                                              Last 10s              Last 10m              Last 10h                Total
[2020-07-12T01:13:38.924+0000][5284][gc,stats    ]                                                              Avg / Max             Avg / Max             Avg / Max             Avg / Max
[2020-07-12T01:13:38.924+0000][5284][gc,stats    ]   Collector: Garbage Collection Cycle                     90.498 / 101.755      79.444 / 117.511      79.444 / 117.511      79.444 / 117.511     ms
[2020-07-12T01:13:38.924+0000][5284][gc,stats    ]  Contention: Mark Segment Reset Contention                     0 / 0                 0 / 0                 0 / 0                 0 / 0           ops/s
[2020-07-12T01:13:38.924+0000][5284][gc,stats    ]  Contention: Mark SeqNum Reset Contention                      0 / 0                 0 / 0                 0 / 0                 0 / 0           ops/s
[2020-07-12T01:13:38.924+0000][5284][gc,stats    ]  Contention: Relocation Contention                             0 / 2                 0 / 12                0 / 12                0 / 12          ops/s
[2020-07-12T01:13:38.924+0000][5284][gc,stats    ]    Critical: Allocation Stall                              0.000 / 0.000         0.000 / 0.000         0.000 / 0.000         0.000 / 0.000       ms
[2020-07-12T01:13:38.924+0000][5284][gc,stats    ]    Critical: Allocation Stall                                  0 / 0                 0 / 0                 0 / 0                 0 / 0           ops/s
[2020-07-12T01:13:38.924+0000][5284][gc,stats    ]    Critical: GC Locker Stall                               0.000 / 0.000         0.093 / 0.093         0.093 / 0.093         0.093 / 0.093       ms
[2020-07-12T01:13:38.924+0000][5284][gc,stats    ]    Critical: GC Locker Stall                                   0 / 0                 0 / 1                 0 / 1                 0 / 1           ops/s
[2020-07-12T01:13:38.924+0000][5284][gc,stats    ]      Memory: Allocation Rate                                 116 / 126             112 / 242             112 / 242             112 / 242         MB/s
[2020-07-12T01:13:38.924+0000][5284][gc,stats    ]      Memory: Heap Used After Mark                            711 / 756             588 / 1286            588 / 1286            588 / 1286        MB
[2020-07-12T01:13:38.924+0000][5284][gc,stats    ]      Memory: Heap Used After Relocation                       88 / 106              82 / 116              82 / 116              82 / 116         MB
[2020-07-12T01:13:38.924+0000][5284][gc,stats    ]      Memory: Heap Used Before Mark                           694 / 754             575 / 1270            575 / 1270            575 / 1270        MB
[2020-07-12T01:13:38.924+0000][5284][gc,stats    ]      Memory: Heap Used Before Relocation                     132 / 152             129 / 338             129 / 338             129 / 338         MB
[2020-07-12T01:13:38.924+0000][5284][gc,stats    ]      Memory: Out Of Memory                                     0 / 0                 0 / 0                 0 / 0                 0 / 0           ops/s
[2020-07-12T01:13:38.924+0000][5284][gc,stats    ]      Memory: Page Cache Flush                                  0 / 0                 0 / 0                 0 / 0                 0 / 0           MB/s
[2020-07-12T01:13:38.924+0000][5284][gc,stats    ]      Memory: Page Cache Hit L1                                58 / 66               55 / 124              55 / 124              55 / 124         ops/s
[2020-07-12T01:13:38.924+0000][5284][gc,stats    ]      Memory: Page Cache Hit L2                                 0 / 0                 0 / 0                 0 / 0                 0 / 0           ops/s
[2020-07-12T01:13:38.924+0000][5284][gc,stats    ]      Memory: Page Cache Hit L3                                 0 / 0                 1 / 96                1 / 96                1 / 96          ops/s
[2020-07-12T01:13:38.924+0000][5284][gc,stats    ]      Memory: Page Cache Miss                                   0 / 0                 0 / 0                 0 / 0                 0 / 0           ops/s
[2020-07-12T01:13:38.924+0000][5284][gc,stats    ]      Memory: Uncommit                                          0 / 0                 0 / 0                 0 / 0                 0 / 0           MB/s
[2020-07-12T01:13:38.924+0000][5284][gc,stats    ]      Memory: Undo Object Allocation Failed                     0 / 0                 0 / 0                 0 / 0                 0 / 0           ops/s
[2020-07-12T01:13:38.924+0000][5284][gc,stats    ]      Memory: Undo Object Allocation Succeeded                  0 / 2                 0 / 12                0 / 12                0 / 12          ops/s
[2020-07-12T01:13:38.924+0000][5284][gc,stats    ]      Memory: Undo Page Allocation                              0 / 0                 0 / 0                 0 / 0                 0 / 0           ops/s
[2020-07-12T01:13:38.924+0000][5284][gc,stats    ]       Phase: Concurrent Mark                              50.287 / 54.266       48.456 / 77.269       48.456 / 77.269       48.456 / 77.269      ms
[2020-07-12T01:13:38.924+0000][5284][gc,stats    ]       Phase: Concurrent Mark Continue                      0.000 / 0.000         0.000 / 0.000         0.000 / 0.000         0.000 / 0.000       ms
[2020-07-12T01:13:38.924+0000][5284][gc,stats    ]       Phase: Concurrent Process Non-Strong References     35.697 / 42.104       26.334 / 42.104       26.334 / 42.104       26.334 / 42.104      ms
[2020-07-12T01:13:38.924+0000][5284][gc,stats    ]       Phase: Concurrent Relocate                           1.340 / 1.371         1.725 / 18.136        1.725 / 18.136        1.725 / 18.136      ms
[2020-07-12T01:13:38.924+0000][5284][gc,stats    ]       Phase: Concurrent Reset Relocation Set               0.003 / 0.004         0.004 / 0.015         0.004 / 0.015         0.004 / 0.015       ms
[2020-07-12T01:13:38.924+0000][5284][gc,stats    ]       Phase: Concurrent Select Relocation Set              1.035 / 1.073         1.064 / 5.622         1.064 / 5.622         1.064 / 5.622       ms
[2020-07-12T01:13:38.924+0000][5284][gc,stats    ]       Phase: Pause Mark End                                0.337 / 0.351         0.345 / 0.654         0.345 / 0.654         0.345 / 0.654       ms
[2020-07-12T01:13:38.924+0000][5284][gc,stats    ]       Phase: Pause Mark Start                              0.104 / 0.117         0.180 / 0.724         0.180 / 0.724         0.180 / 0.724       ms
[2020-07-12T01:13:38.924+0000][5284][gc,stats    ]       Phase: Pause Relocate Start                          0.122 / 0.140         0.137 / 1.014         0.137 / 1.014         0.137 / 1.014       ms
[2020-07-12T01:13:38.924+0000][5284][gc,stats    ]    Subphase: Concurrent Classes Purge                      0.705 / 0.746         0.795 / 8.877         0.795 / 8.877         0.795 / 8.877       ms
[2020-07-12T01:13:38.924+0000][5284][gc,stats    ]    Subphase: Concurrent Classes Unlink                    28.903 / 30.879       23.743 / 38.550       23.743 / 38.550       23.743 / 38.550      ms
[2020-07-12T01:13:38.924+0000][5284][gc,stats    ]    Subphase: Concurrent Mark                              49.634 / 53.628       47.630 / 76.517       47.630 / 76.517       47.630 / 76.517      ms
[2020-07-12T01:13:38.924+0000][5284][gc,stats    ]    Subphase: Concurrent Mark Idle                          0.000 / 0.000         0.000 / 0.000         0.000 / 0.000         0.000 / 0.000       ms
[2020-07-12T01:13:38.924+0000][5284][gc,stats    ]    Subphase: Concurrent Mark Try Flush                     0.104 / 0.126         0.117 / 4.734         0.117 / 4.734         0.117 / 4.734       ms
[2020-07-12T01:13:38.924+0000][5284][gc,stats    ]    Subphase: Concurrent Mark Try Terminate                 0.051 / 0.120         0.068 / 4.736         0.068 / 4.736         0.068 / 4.736       ms
[2020-07-12T01:13:38.924+0000][5284][gc,stats    ]    Subphase: Concurrent References Enqueue                 0.000 / 0.000         0.001 / 0.004         0.001 / 0.004         0.001 / 0.004       ms
[2020-07-12T01:13:38.924+0000][5284][gc,stats    ]    Subphase: Concurrent References Process                 0.487 / 0.508         0.533 / 1.144         0.533 / 1.144         0.533 / 1.144       ms
[2020-07-12T01:13:38.924+0000][5284][gc,stats    ]    Subphase: Concurrent Roots                              0.280 / 0.299         0.326 / 1.449         0.326 / 1.449         0.326 / 1.449       ms
[2020-07-12T01:13:38.925+0000][5284][gc,stats    ]    Subphase: Concurrent Roots ClassLoaderDataGraph         0.275 / 0.293         0.319 / 1.421         0.319 / 1.421         0.319 / 1.421       ms
[2020-07-12T01:13:38.925+0000][5284][gc,stats    ]    Subphase: Concurrent Roots JNIHandles                   0.004 / 0.004         0.004 / 0.017         0.004 / 0.017         0.004 / 0.017       ms
[2020-07-12T01:13:38.925+0000][5284][gc,stats    ]    Subphase: Concurrent Roots Setup                        0.197 / 0.208         0.193 / 0.465         0.193 / 0.465         0.193 / 0.465       ms
[2020-07-12T01:13:38.925+0000][5284][gc,stats    ]    Subphase: Concurrent Roots Teardown                     0.000 / 0.000         0.000 / 0.002         0.000 / 0.002         0.000 / 0.002       ms
[2020-07-12T01:13:38.925+0000][5284][gc,stats    ]    Subphase: Concurrent Roots VMHandles                    0.000 / 0.000         0.000 / 0.000         0.000 / 0.000         0.000 / 0.000       ms
[2020-07-12T01:13:38.925+0000][5284][gc,stats    ]    Subphase: Concurrent Weak Roots                         0.982 / 1.011         0.909 / 1.534         0.909 / 1.534         0.909 / 1.534       ms
[2020-07-12T01:13:38.925+0000][5284][gc,stats    ]    Subphase: Concurrent Weak Roots JNIWeakHandles          0.001 / 0.001         0.001 / 0.004         0.001 / 0.004         0.001 / 0.004       ms
[2020-07-12T01:13:38.925+0000][5284][gc,stats    ]    Subphase: Concurrent Weak Roots ResolvedMethodTable     0.110 / 0.131         0.095 / 0.181         0.095 / 0.181         0.095 / 0.181       ms
[2020-07-12T01:13:38.925+0000][5284][gc,stats    ]    Subphase: Concurrent Weak Roots StringTable             0.812 / 0.818         0.753 / 1.341         0.753 / 1.341         0.753 / 1.341       ms
[2020-07-12T01:13:38.925+0000][5284][gc,stats    ]    Subphase: Concurrent Weak Roots VMWeakHandles           0.055 / 0.055         0.057 / 0.088         0.057 / 0.088         0.057 / 0.088       ms
[2020-07-12T01:13:38.925+0000][5284][gc,stats    ]    Subphase: Pause Mark Try Complete                       0.161 / 0.162         0.155 / 0.214         0.155 / 0.214         0.155 / 0.214       ms
[2020-07-12T01:13:38.925+0000][5284][gc,stats    ]    Subphase: Pause Roots                                   0.030 / 0.056         0.039 / 0.936         0.039 / 0.936         0.039 / 0.936       ms
[2020-07-12T01:13:38.925+0000][5284][gc,stats    ]    Subphase: Pause Roots CodeCache                         0.000 / 0.000         0.000 / 0.000         0.000 / 0.000         0.000 / 0.000       ms
[2020-07-12T01:13:38.925+0000][5284][gc,stats    ]    Subphase: Pause Roots JVMTIExport                       0.002 / 0.002         0.002 / 0.008         0.002 / 0.008         0.002 / 0.008       ms
[2020-07-12T01:13:38.925+0000][5284][gc,stats    ]    Subphase: Pause Roots JVMTIWeakExport                   0.000 / 0.000         0.001 / 0.001         0.001 / 0.001         0.001 / 0.001       ms
[2020-07-12T01:13:38.925+0000][5284][gc,stats    ]    Subphase: Pause Roots Management                        0.001 / 0.001         0.001 / 0.009         0.001 / 0.009         0.001 / 0.009       ms
[2020-07-12T01:13:38.925+0000][5284][gc,stats    ]    Subphase: Pause Roots ObjectSynchronizer                0.000 / 0.000         0.000 / 0.001         0.000 / 0.001         0.000 / 0.001       ms
[2020-07-12T01:13:38.925+0000][5284][gc,stats    ]    Subphase: Pause Roots Setup                             0.000 / 0.001         0.001 / 0.036         0.001 / 0.036         0.001 / 0.036       ms
[2020-07-12T01:13:38.925+0000][5284][gc,stats    ]    Subphase: Pause Roots SystemDictionary                  0.011 / 0.011         0.012 / 0.042         0.012 / 0.042         0.012 / 0.042       ms
[2020-07-12T01:13:38.925+0000][5284][gc,stats    ]    Subphase: Pause Roots Teardown                          0.001 / 0.001         0.001 / 0.013         0.001 / 0.013         0.001 / 0.013       ms
[2020-07-12T01:13:38.925+0000][5284][gc,stats    ]    Subphase: Pause Roots Threads                           0.032 / 0.048         0.046 / 0.913         0.046 / 0.913         0.046 / 0.913       ms
[2020-07-12T01:13:38.925+0000][5284][gc,stats    ]    Subphase: Pause Roots Universe                          0.002 / 0.003         0.002 / 0.011         0.002 / 0.011         0.002 / 0.011       ms
[2020-07-12T01:13:38.925+0000][5284][gc,stats    ]    Subphase: Pause Weak Roots                              0.009 / 0.048         0.010 / 0.087         0.010 / 0.087         0.010 / 0.087       ms
[2020-07-12T01:13:38.925+0000][5284][gc,stats    ]    Subphase: Pause Weak Roots JFRWeak                      0.043 / 0.046         0.048 / 0.084         0.048 / 0.084         0.048 / 0.084       ms
[2020-07-12T01:13:38.925+0000][5284][gc,stats    ]    Subphase: Pause Weak Roots JVMTIWeakExport              0.001 / 0.001         0.001 / 0.002         0.001 / 0.002         0.001 / 0.002       ms
[2020-07-12T01:13:38.925+0000][5284][gc,stats    ]    Subphase: Pause Weak Roots Setup                        0.000 / 0.000         0.000 / 0.001         0.000 / 0.001         0.000 / 0.001       ms
[2020-07-12T01:13:38.925+0000][5284][gc,stats    ]    Subphase: Pause Weak Roots Teardown                     0.000 / 0.000         0.000 / 0.000         0.000 / 0.000         0.000 / 0.000       ms
[2020-07-12T01:13:38.925+0000][5284][gc,stats    ]      System: Java Threads                                     37 / 37               35 / 38               35 / 38               35 / 38          threads
[2020-07-12T01:13:38.925+0000][5284][gc,stats    ] =========================================================================================================================================================
[2020-07-12T01:13:42.105+0000][5284][safepoint   ] Safepoint "Cleanup", Time since last: 5002196911 ns, Reaching safepoint: 115201 ns, At safepoint: 3880 ns, Total: 119081 ns
[2020-07-12T01:13:42.124+0000][5284][gc,heap     ] GC(102) Heap before GC invocations=102 (full 102): ZHeap           used 648M, capacity 4096M, max capacity 4096M
[2020-07-12T01:13:42.124+0000][5284][gc,heap     ] GC(102)  Metaspace       used 80267K, capacity 83037K, committed 83268K, reserved 83968K
[2020-07-12T01:13:42.124+0000][5284][gc,start    ] GC(102) Garbage Collection (Proactive)
[2020-07-12T01:13:42.125+0000][5284][gc,phases   ] GC(102) Pause Mark Start 0.384ms
[2020-07-12T01:13:42.125+0000][5284][safepoint   ] Safepoint "ZMarkStart", Time since last: 19127864 ns, Reaching safepoint: 146891 ns, At safepoint: 414974 ns, Total: 561865 ns
[2020-07-12T01:13:42.170+0000][5284][gc,phases   ] GC(102) Concurrent Mark 44.945ms
[2020-07-12T01:13:42.170+0000][5284][gc,phases   ] GC(102) Pause Mark End 0.370ms
[2020-07-12T01:13:42.170+0000][5284][safepoint   ] Safepoint "ZMarkEnd", Time since last: 45112583 ns, Reaching safepoint: 65166 ns, At safepoint: 392033 ns, Total: 457199 ns
[2020-07-12T01:13:42.199+0000][5284][gc,phases   ] GC(102) Concurrent Process Non-Strong References 28.172ms
[2020-07-12T01:13:42.199+0000][5284][gc,phases   ] GC(102) Concurrent Reset Relocation Set 0.004ms
[2020-07-12T01:13:42.200+0000][5284][gc,phases   ] GC(102) Concurrent Select Relocation Set 1.012ms
[2020-07-12T01:13:42.200+0000][5284][gc,phases   ] GC(102) Pause Relocate Start 0.137ms
[2020-07-12T01:13:42.200+0000][5284][safepoint   ] Safepoint "ZRelocateStart", Time since last: 29352413 ns, Reaching safepoint: 75553 ns, At safepoint: 154570 ns, Total: 230123 ns
[2020-07-12T01:13:42.201+0000][5284][gc,phases   ] GC(102) Concurrent Relocate 1.293ms
[2020-07-12T01:13:42.201+0000][5284][gc,heap     ] GC(102) Heap after GC invocations=103 (full 103): ZHeap           used 70M, capacity 4096M, max capacity 4096M
[2020-07-12T01:13:42.201+0000][5284][gc,heap     ] GC(102)  Metaspace       used 80267K, capacity 83037K, committed 83268K, reserved 83968K
[2020-07-12T01:13:42.201+0000][5284][gc,load     ] GC(102) Load: 1.74/1.55/0.94
[2020-07-12T01:13:42.201+0000][5284][gc,mmu      ] GC(102) MMU: 2ms/49.3%, 5ms/79.7%, 10ms/89.9%, 20ms/94.9%, 50ms/97.3%, 100ms/98.3%
[2020-07-12T01:13:42.201+0000][5284][gc,marking  ] GC(102) Mark: 1 stripe(s), 2 proactive flush(es), 1 terminate flush(es), 1 completion(s), 0 continuation(s) 
[2020-07-12T01:13:42.201+0000][5284][gc,reloc    ] GC(102) Relocation: Successful, 1M relocated
[2020-07-12T01:13:42.201+0000][5284][gc,nmethod  ] GC(102) NMethods: 5632 registered, 62 unregistered
[2020-07-12T01:13:42.201+0000][5284][gc,metaspace] GC(102) Metaspace: 78M used, 81M capacity, 81M committed, 82M reserved
[2020-07-12T01:13:42.201+0000][5284][gc,ref      ] GC(102) Soft: 3922 encountered, 0 discovered, 0 enqueued
[2020-07-12T01:13:42.201+0000][5284][gc,ref      ] GC(102) Weak: 6658 encountered, 4333 discovered, 0 enqueued
[2020-07-12T01:13:42.201+0000][5284][gc,ref      ] GC(102) Final: 3 encountered, 0 discovered, 0 enqueued
[2020-07-12T01:13:42.201+0000][5284][gc,ref      ] GC(102) Phantom: 435 encountered, 294 discovered, 0 enqueued
[2020-07-12T01:13:42.201+0000][5284][gc,heap     ] GC(102) Min Capacity: 4096M(100%)
[2020-07-12T01:13:42.201+0000][5284][gc,heap     ] GC(102) Max Capacity: 4096M(100%)
[2020-07-12T01:13:42.201+0000][5284][gc,heap     ] GC(102) Soft Max Capacity: 4096M(100%)
[2020-07-12T01:13:42.201+0000][5284][gc,heap     ] GC(102)                Mark Start          Mark End        Relocate Start      Relocate End           High               Low         
[2020-07-12T01:13:42.201+0000][5284][gc,heap     ] GC(102)  Capacity:     4096M (100%)       4096M (100%)       4096M (100%)       4096M (100%)       4096M (100%)       4096M (100%)   
[2020-07-12T01:13:42.201+0000][5284][gc,heap     ] GC(102)   Reserve:       42M (1%)           42M (1%)           42M (1%)           42M (1%)           42M (1%)           42M (1%)     
[2020-07-12T01:13:42.201+0000][5284][gc,heap     ] GC(102)      Free:     3406M (83%)        3404M (83%)        3948M (96%)        3984M (97%)        3984M (97%)        3404M (83%)    
[2020-07-12T01:13:42.201+0000][5284][gc,heap     ] GC(102)      Used:      648M (16%)         650M (16%)         106M (3%)           70M (2%)          650M (16%)          70M (2%)     
[2020-07-12T01:13:42.201+0000][5284][gc,heap     ] GC(102)      Live:         -                28M (1%)           28M (1%)           28M (1%)             -                  -          
[2020-07-12T01:13:42.201+0000][5284][gc,heap     ] GC(102) Allocated:         -                 2M (0%)            2M (0%)           10M (0%)             -                  -          
[2020-07-12T01:13:42.201+0000][5284][gc,heap     ] GC(102)   Garbage:         -               619M (15%)          75M (2%)           39M (1%)             -                  -          
[2020-07-12T01:13:42.201+0000][5284][gc,heap     ] GC(102) Reclaimed:         -                  -               544M (13%)         580M (14%)            -                  -          
[2020-07-12T01:13:42.201+0000][5284][gc          ] GC(102) Garbage Collection (Proactive) 648M(16%)->70M(2%)
[2020-07-12T01:13:46.724+0000][5284][gc,heap     ] GC(103) Heap before GC invocations=103 (full 103): ZHeap           used 630M, capacity 4096M, max capacity 4096M
[2020-07-12T01:13:46.724+0000][5284][gc,heap     ] GC(103)  Metaspace       used 80267K, capacity 83037K, committed 83268K, reserved 83968K
[2020-07-12T01:13:46.724+0000][5284][gc,start    ] GC(103) Garbage Collection (Proactive)
[2020-07-12T01:13:46.724+0000][5284][gc,phases   ] GC(103) Pause Mark Start 0.109ms
[2020-07-12T01:13:46.724+0000][5284][safepoint   ] Safepoint "ZMarkStart", Time since last: 4524024140 ns, Reaching safepoint: 131278 ns, At safepoint: 136856 ns, Total: 268134 ns
[2020-07-12T01:13:46.770+0000][5284][gc,phases   ] GC(103) Concurrent Mark 45.837ms
[2020-07-12T01:13:46.771+0000][5284][gc,phases   ] GC(103) Pause Mark End 0.306ms
[2020-07-12T01:13:46.771+0000][5284][safepoint   ] Safepoint "ZMarkEnd", Time since last: 45931963 ns, Reaching safepoint: 66347 ns, At safepoint: 326392 ns, Total: 392739 ns
[2020-07-12T01:13:46.798+0000][5284][gc,phases   ] GC(103) Concurrent Process Non-Strong References 27.323ms
[2020-07-12T01:13:46.798+0000][5284][gc,phases   ] GC(103) Concurrent Reset Relocation Set 0.004ms
[2020-07-12T01:13:46.799+0000][5284][gc,phases   ] GC(103) Concurrent Select Relocation Set 1.003ms
[2020-07-12T01:13:46.799+0000][5284][gc,phases   ] GC(103) Pause Relocate Start 0.108ms
[2020-07-12T01:13:46.799+0000][5284][safepoint   ] Safepoint "ZRelocateStart", Time since last: 28427049 ns, Reaching safepoint: 64356 ns, At safepoint: 124584 ns, Total: 188940 ns
[2020-07-12T01:13:46.801+0000][5284][gc,phases   ] GC(103) Concurrent Relocate 1.329ms
[2020-07-12T01:13:46.801+0000][5284][gc,heap     ] GC(103) Heap after GC invocations=104 (full 104): ZHeap           used 90M, capacity 4096M, max capacity 4096M
[2020-07-12T01:13:46.801+0000][5284][gc,heap     ] GC(103)  Metaspace       used 80267K, capacity 83037K, committed 83268K, reserved 83968K
[2020-07-12T01:13:46.801+0000][5284][gc,load     ] GC(103) Load: 1.68/1.54/0.94
[2020-07-12T01:13:46.801+0000][5284][gc,mmu      ] GC(103) MMU: 2ms/49.3%, 5ms/79.7%, 10ms/89.9%, 20ms/94.9%, 50ms/97.3%, 100ms/98.3%
[2020-07-12T01:13:46.801+0000][5284][gc,marking  ] GC(103) Mark: 1 stripe(s), 2 proactive flush(es), 1 terminate flush(es), 1 completion(s), 0 continuation(s) 
[2020-07-12T01:13:46.801+0000][5284][gc,reloc    ] GC(103) Relocation: Successful, 1M relocated
[2020-07-12T01:13:46.801+0000][5284][gc,nmethod  ] GC(103) NMethods: 5632 registered, 62 unregistered
[2020-07-12T01:13:46.801+0000][5284][gc,metaspace] GC(103) Metaspace: 78M used, 81M capacity, 81M committed, 82M reserved
[2020-07-12T01:13:46.801+0000][5284][gc,ref      ] GC(103) Soft: 3922 encountered, 0 discovered, 0 enqueued
[2020-07-12T01:13:46.801+0000][5284][gc,ref      ] GC(103) Weak: 6657 encountered, 4332 discovered, 0 enqueued
[2020-07-12T01:13:46.801+0000][5284][gc,ref      ] GC(103) Final: 3 encountered, 0 discovered, 0 enqueued
[2020-07-12T01:13:46.801+0000][5284][gc,ref      ] GC(103) Phantom: 435 encountered, 294 discovered, 0 enqueued
[2020-07-12T01:13:46.801+0000][5284][gc,heap     ] GC(103) Min Capacity: 4096M(100%)
[2020-07-12T01:13:46.801+0000][5284][gc,heap     ] GC(103) Max Capacity: 4096M(100%)
[2020-07-12T01:13:46.801+0000][5284][gc,heap     ] GC(103) Soft Max Capacity: 4096M(100%)
[2020-07-12T01:13:46.801+0000][5284][gc,heap     ] GC(103)                Mark Start          Mark End        Relocate Start      Relocate End           High               Low         
[2020-07-12T01:13:46.801+0000][5284][gc,heap     ] GC(103)  Capacity:     4096M (100%)       4096M (100%)       4096M (100%)       4096M (100%)       4096M (100%)       4096M (100%)   
[2020-07-12T01:13:46.801+0000][5284][gc,heap     ] GC(103)   Reserve:       42M (1%)           42M (1%)           42M (1%)           42M (1%)           42M (1%)           42M (1%)     
[2020-07-12T01:13:46.801+0000][5284][gc,heap     ] GC(103)      Free:     3424M (84%)        3396M (83%)        3920M (96%)        3964M (97%)        3964M (97%)        3396M (83%)    
[2020-07-12T01:13:46.801+0000][5284][gc,heap     ] GC(103)      Used:      630M (15%)         658M (16%)         134M (3%)           90M (2%)          658M (16%)          90M (2%)     
[2020-07-12T01:13:46.801+0000][5284][gc,heap     ] GC(103)      Live:         -                28M (1%)           28M (1%)           28M (1%)             -                  -          
[2020-07-12T01:13:46.801+0000][5284][gc,heap     ] GC(103) Allocated:         -                28M (1%)           28M (1%)           30M (1%)             -                  -          
[2020-07-12T01:13:46.801+0000][5284][gc,heap     ] GC(103)   Garbage:         -               601M (15%)          77M (2%)           33M (1%)             -                  -          
[2020-07-12T01:13:46.801+0000][5284][gc,heap     ] GC(103) Reclaimed:         -                  -               524M (13%)         568M (14%)            -                  -          
[2020-07-12T01:13:46.801+0000][5284][gc          ] GC(103) Garbage Collection (Proactive) 630M(15%)->90M(2%)
[2020-07-12T01:13:48.924+0000][5284][gc,stats    ] === Garbage Collection Statistics =======================================================================================================================
[2020-07-12T01:13:48.924+0000][5284][gc,stats    ]                                                              Last 10s              Last 10m              Last 10h                Total
[2020-07-12T01:13:48.924+0000][5284][gc,stats    ]                                                              Avg / Max             Avg / Max             Avg / Max             Avg / Max
[2020-07-12T01:13:48.924+0000][5284][gc,stats    ]   Collector: Garbage Collection Cycle                     76.954 / 77.229       79.396 / 117.511      79.396 / 117.511      79.396 / 117.511     ms
[2020-07-12T01:13:48.924+0000][5284][gc,stats    ]  Contention: Mark Segment Reset Contention                     0 / 0                 0 / 0                 0 / 0                 0 / 0           ops/s
[2020-07-12T01:13:48.924+0000][5284][gc,stats    ]  Contention: Mark SeqNum Reset Contention                      0 / 0                 0 / 0                 0 / 0                 0 / 0           ops/s
[2020-07-12T01:13:48.924+0000][5284][gc,stats    ]  Contention: Relocation Contention                             0 / 0                 0 / 12                0 / 12                0 / 12          ops/s
[2020-07-12T01:13:48.924+0000][5284][gc,stats    ]    Critical: Allocation Stall                              0.000 / 0.000         0.000 / 0.000         0.000 / 0.000         0.000 / 0.000       ms
[2020-07-12T01:13:48.924+0000][5284][gc,stats    ]    Critical: Allocation Stall                                  0 / 0                 0 / 0                 0 / 0                 0 / 0           ops/s
[2020-07-12T01:13:48.924+0000][5284][gc,stats    ]    Critical: GC Locker Stall                               0.000 / 0.000         0.093 / 0.093         0.093 / 0.093         0.093 / 0.093       ms
[2020-07-12T01:13:48.924+0000][5284][gc,stats    ]    Critical: GC Locker Stall                                   0 / 0                 0 / 1                 0 / 1                 0 / 1           ops/s
[2020-07-12T01:13:48.924+0000][5284][gc,stats    ]      Memory: Allocation Rate                                 113 / 124             112 / 242             112 / 242             112 / 242         MB/s
[2020-07-12T01:13:48.924+0000][5284][gc,stats    ]      Memory: Heap Used After Mark                            654 / 658             589 / 1286            589 / 1286            589 / 1286        MB
[2020-07-12T01:13:48.924+0000][5284][gc,stats    ]      Memory: Heap Used After Relocation                       80 / 90               82 / 116              82 / 116              82 / 116         MB
[2020-07-12T01:13:48.924+0000][5284][gc,stats    ]      Memory: Heap Used Before Mark                           639 / 648             576 / 1270            576 / 1270            576 / 1270        MB
[2020-07-12T01:13:48.924+0000][5284][gc,stats    ]      Memory: Heap Used Before Relocation                     120 / 134             129 / 338             129 / 338             129 / 338         MB
[2020-07-12T01:13:48.924+0000][5284][gc,stats    ]      Memory: Out Of Memory                                     0 / 0                 0 / 0                 0 / 0                 0 / 0           ops/s
[2020-07-12T01:13:48.924+0000][5284][gc,stats    ]      Memory: Page Cache Flush                                  0 / 0                 0 / 0                 0 / 0                 0 / 0           MB/s
[2020-07-12T01:13:48.924+0000][5284][gc,stats    ]      Memory: Page Cache Hit L1                                57 / 66               55 / 124              55 / 124              55 / 124         ops/s
[2020-07-12T01:13:48.924+0000][5284][gc,stats    ]      Memory: Page Cache Hit L2                                 0 / 0                 0 / 0                 0 / 0                 0 / 0           ops/s
[2020-07-12T01:13:48.924+0000][5284][gc,stats    ]      Memory: Page Cache Hit L3                                 0 / 0                 1 / 96                1 / 96                1 / 96          ops/s
[2020-07-12T01:13:48.924+0000][5284][gc,stats    ]      Memory: Page Cache Miss                                   0 / 0                 0 / 0                 0 / 0                 0 / 0           ops/s
[2020-07-12T01:13:48.924+0000][5284][gc,stats    ]      Memory: Uncommit                                          0 / 0                 0 / 0                 0 / 0                 0 / 0           MB/s
[2020-07-12T01:13:48.924+0000][5284][gc,stats    ]      Memory: Undo Object Allocation Failed                     0 / 0                 0 / 0                 0 / 0                 0 / 0           ops/s
[2020-07-12T01:13:48.924+0000][5284][gc,stats    ]      Memory: Undo Object Allocation Succeeded                  0 / 0                 0 / 12                0 / 12                0 / 12          ops/s
[2020-07-12T01:13:48.924+0000][5284][gc,stats    ]      Memory: Undo Page Allocation                              0 / 0                 0 / 0                 0 / 0                 0 / 0           ops/s
[2020-07-12T01:13:48.924+0000][5284][gc,stats    ]       Phase: Concurrent Mark                              45.391 / 45.837       48.397 / 77.269       48.397 / 77.269       48.397 / 77.269      ms
[2020-07-12T01:13:48.924+0000][5284][gc,stats    ]       Phase: Concurrent Mark Continue                      0.000 / 0.000         0.000 / 0.000         0.000 / 0.000         0.000 / 0.000       ms
[2020-07-12T01:13:48.924+0000][5284][gc,stats    ]       Phase: Concurrent Process Non-Strong References     27.747 / 28.172       26.361 / 42.104       26.361 / 42.104       26.361 / 42.104      ms
[2020-07-12T01:13:48.924+0000][5284][gc,stats    ]       Phase: Concurrent Relocate                           1.311 / 1.329         1.717 / 18.136        1.717 / 18.136        1.717 / 18.136      ms
[2020-07-12T01:13:48.924+0000][5284][gc,stats    ]       Phase: Concurrent Reset Relocation Set               0.004 / 0.004         0.004 / 0.015         0.004 / 0.015         0.004 / 0.015       ms
[2020-07-12T01:13:48.924+0000][5284][gc,stats    ]       Phase: Concurrent Select Relocation Set              1.007 / 1.012         1.063 / 5.622         1.063 / 5.622         1.063 / 5.622       ms
[2020-07-12T01:13:48.924+0000][5284][gc,stats    ]       Phase: Pause Mark End                                0.338 / 0.370         0.345 / 0.654         0.345 / 0.654         0.345 / 0.654       ms
[2020-07-12T01:13:48.924+0000][5284][gc,stats    ]       Phase: Pause Mark Start                              0.246 / 0.384         0.181 / 0.724         0.181 / 0.724         0.181 / 0.724       ms
[2020-07-12T01:13:48.924+0000][5284][gc,stats    ]       Phase: Pause Relocate Start                          0.123 / 0.137         0.136 / 1.014         0.136 / 1.014         0.136 / 1.014       ms
[2020-07-12T01:13:48.924+0000][5284][gc,stats    ]    Subphase: Concurrent Classes Purge                      0.651 / 0.722         0.792 / 8.877         0.792 / 8.877         0.792 / 8.877       ms
[2020-07-12T01:13:48.924+0000][5284][gc,stats    ]    Subphase: Concurrent Classes Unlink                    25.636 / 26.008       23.779 / 38.550       23.779 / 38.550       23.779 / 38.550      ms
[2020-07-12T01:13:48.924+0000][5284][gc,stats    ]    Subphase: Concurrent Mark                              44.573 / 45.145       47.572 / 76.517       47.572 / 76.517       47.572 / 76.517      ms
[2020-07-12T01:13:48.924+0000][5284][gc,stats    ]    Subphase: Concurrent Mark Idle                          0.000 / 0.000         0.000 / 0.000         0.000 / 0.000         0.000 / 0.000       ms
[2020-07-12T01:13:48.924+0000][5284][gc,stats    ]    Subphase: Concurrent Mark Try Flush                     0.094 / 0.133         0.116 / 4.734         0.116 / 4.734         0.116 / 4.734       ms
[2020-07-12T01:13:48.924+0000][5284][gc,stats    ]    Subphase: Concurrent Mark Try Terminate                 0.047 / 0.134         0.068 / 4.736         0.068 / 4.736         0.068 / 4.736       ms
[2020-07-12T01:13:48.924+0000][5284][gc,stats    ]    Subphase: Concurrent References Enqueue                 0.001 / 0.001         0.001 / 0.004         0.001 / 0.004         0.001 / 0.004       ms
[2020-07-12T01:13:48.924+0000][5284][gc,stats    ]    Subphase: Concurrent References Process                 0.435 / 0.472         0.531 / 1.144         0.531 / 1.144         0.531 / 1.144       ms
[2020-07-12T01:13:48.924+0000][5284][gc,stats    ]    Subphase: Concurrent Roots                              0.323 / 0.377         0.326 / 1.449         0.326 / 1.449         0.326 / 1.449       ms
[2020-07-12T01:13:48.924+0000][5284][gc,stats    ]    Subphase: Concurrent Roots ClassLoaderDataGraph         0.316 / 0.369         0.319 / 1.421         0.319 / 1.421         0.319 / 1.421       ms
[2020-07-12T01:13:48.924+0000][5284][gc,stats    ]    Subphase: Concurrent Roots JNIHandles                   0.004 / 0.005         0.004 / 0.017         0.004 / 0.017         0.004 / 0.017       ms
[2020-07-12T01:13:48.924+0000][5284][gc,stats    ]    Subphase: Concurrent Roots Setup                        0.167 / 0.179         0.193 / 0.465         0.193 / 0.465         0.193 / 0.465       ms
[2020-07-12T01:13:48.924+0000][5284][gc,stats    ]    Subphase: Concurrent Roots Teardown                     0.000 / 0.000         0.000 / 0.002         0.000 / 0.002         0.000 / 0.002       ms
[2020-07-12T01:13:48.924+0000][5284][gc,stats    ]    Subphase: Concurrent Roots VMHandles                    0.000 / 0.000         0.000 / 0.000         0.000 / 0.000         0.000 / 0.000       ms
[2020-07-12T01:13:48.924+0000][5284][gc,stats    ]    Subphase: Concurrent Weak Roots                         0.865 / 0.946         0.908 / 1.534         0.908 / 1.534         0.908 / 1.534       ms
[2020-07-12T01:13:48.924+0000][5284][gc,stats    ]    Subphase: Concurrent Weak Roots JNIWeakHandles          0.001 / 0.001         0.001 / 0.004         0.001 / 0.004         0.001 / 0.004       ms
[2020-07-12T01:13:48.924+0000][5284][gc,stats    ]    Subphase: Concurrent Weak Roots ResolvedMethodTable     0.092 / 0.092         0.095 / 0.181         0.095 / 0.181         0.095 / 0.181       ms
[2020-07-12T01:13:48.924+0000][5284][gc,stats    ]    Subphase: Concurrent Weak Roots StringTable             0.720 / 0.798         0.753 / 1.341         0.753 / 1.341         0.753 / 1.341       ms
[2020-07-12T01:13:48.924+0000][5284][gc,stats    ]    Subphase: Concurrent Weak Roots VMWeakHandles           0.050 / 0.052         0.057 / 0.088         0.057 / 0.088         0.057 / 0.088       ms
[2020-07-12T01:13:48.924+0000][5284][gc,stats    ]    Subphase: Pause Mark Try Complete                       0.160 / 0.161         0.155 / 0.214         0.155 / 0.214         0.155 / 0.214       ms
[2020-07-12T01:13:48.924+0000][5284][gc,stats    ]    Subphase: Pause Roots                                   0.050 / 0.243         0.040 / 0.936         0.040 / 0.936         0.040 / 0.936       ms
[2020-07-12T01:13:48.924+0000][5284][gc,stats    ]    Subphase: Pause Roots CodeCache                         0.000 / 0.000         0.000 / 0.000         0.000 / 0.000         0.000 / 0.000       ms
[2020-07-12T01:13:48.924+0000][5284][gc,stats    ]    Subphase: Pause Roots JVMTIExport                       0.002 / 0.002         0.002 / 0.008         0.002 / 0.008         0.002 / 0.008       ms
[2020-07-12T01:13:48.924+0000][5284][gc,stats    ]    Subphase: Pause Roots JVMTIWeakExport                   0.001 / 0.001         0.001 / 0.001         0.001 / 0.001         0.001 / 0.001       ms
[2020-07-12T01:13:48.924+0000][5284][gc,stats    ]    Subphase: Pause Roots Management                        0.001 / 0.001         0.001 / 0.009         0.001 / 0.009         0.001 / 0.009       ms
[2020-07-12T01:13:48.924+0000][5284][gc,stats    ]    Subphase: Pause Roots ObjectSynchronizer                0.000 / 0.001         0.000 / 0.001         0.000 / 0.001         0.000 / 0.001       ms
[2020-07-12T01:13:48.924+0000][5284][gc,stats    ]    Subphase: Pause Roots Setup                             0.000 / 0.001         0.001 / 0.036         0.001 / 0.036         0.001 / 0.036       ms
[2020-07-12T01:13:48.924+0000][5284][gc,stats    ]    Subphase: Pause Roots SystemDictionary                  0.011 / 0.015         0.012 / 0.042         0.012 / 0.042         0.012 / 0.042       ms
[2020-07-12T01:13:48.924+0000][5284][gc,stats    ]    Subphase: Pause Roots Teardown                          0.001 / 0.002         0.001 / 0.013         0.001 / 0.013         0.001 / 0.013       ms
[2020-07-12T01:13:48.924+0000][5284][gc,stats    ]    Subphase: Pause Roots Threads                           0.060 / 0.230         0.046 / 0.913         0.046 / 0.913         0.046 / 0.913       ms
[2020-07-12T01:13:48.924+0000][5284][gc,stats    ]    Subphase: Pause Roots Universe                          0.002 / 0.004         0.002 / 0.011         0.002 / 0.011         0.002 / 0.011       ms
[2020-07-12T01:13:48.924+0000][5284][gc,stats    ]    Subphase: Pause Weak Roots                              0.009 / 0.047         0.010 / 0.087         0.010 / 0.087         0.010 / 0.087       ms
[2020-07-12T01:13:48.924+0000][5284][gc,stats    ]    Subphase: Pause Weak Roots JFRWeak                      0.042 / 0.045         0.048 / 0.084         0.048 / 0.084         0.048 / 0.084       ms
[2020-07-12T01:13:48.924+0000][5284][gc,stats    ]    Subphase: Pause Weak Roots JVMTIWeakExport              0.001 / 0.001         0.001 / 0.002         0.001 / 0.002         0.001 / 0.002       ms
[2020-07-12T01:13:48.924+0000][5284][gc,stats    ]    Subphase: Pause Weak Roots Setup                        0.000 / 0.000         0.000 / 0.001         0.000 / 0.001         0.000 / 0.001       ms
[2020-07-12T01:13:48.924+0000][5284][gc,stats    ]    Subphase: Pause Weak Roots Teardown                     0.000 / 0.000         0.000 / 0.000         0.000 / 0.000         0.000 / 0.000       ms
[2020-07-12T01:13:48.924+0000][5284][gc,stats    ]      System: Java Threads                                     37 / 37               36 / 38               36 / 38               36 / 38          threads
[2020-07-12T01:13:48.924+0000][5284][gc,stats    ] =========================================================================================================================================================
[2020-07-12T01:13:50.924+0000][5284][gc,heap     ] GC(104) Heap before GC invocations=104 (full 104): ZHeap           used 546M, capacity 4096M, max capacity 4096M
[2020-07-12T01:13:50.924+0000][5284][gc,heap     ] GC(104)  Metaspace       used 80267K, capacity 83037K, committed 83268K, reserved 83968K
[2020-07-12T01:13:50.924+0000][5284][gc,start    ] GC(104) Garbage Collection (Proactive)
[2020-07-12T01:13:50.925+0000][5284][gc,phases   ] GC(104) Pause Mark Start 0.152ms
[2020-07-12T01:13:50.925+0000][5284][safepoint   ] Safepoint "ZMarkStart", Time since last: 4125240690 ns, Reaching safepoint: 110989 ns, At safepoint: 175059 ns, Total: 286048 ns
[2020-07-12T01:13:50.971+0000][5284][gc,phases   ] GC(104) Concurrent Mark 46.151ms
[2020-07-12T01:13:50.972+0000][5284][gc,phases   ] GC(104) Pause Mark End 0.442ms
[2020-07-12T01:13:50.972+0000][5284][safepoint   ] Safepoint "ZMarkEnd", Time since last: 46315897 ns, Reaching safepoint: 87636 ns, At safepoint: 464150 ns, Total: 551786 ns
[2020-07-12T01:13:50.999+0000][5284][gc,phases   ] GC(104) Concurrent Process Non-Strong References 27.541ms
[2020-07-12T01:13:50.999+0000][5284][gc,phases   ] GC(104) Concurrent Reset Relocation Set 0.004ms
[2020-07-12T01:13:51.000+0000][5284][gc,phases   ] GC(104) Concurrent Select Relocation Set 1.001ms
[2020-07-12T01:13:51.000+0000][5284][gc,phases   ] GC(104) Pause Relocate Start 0.123ms
[2020-07-12T01:13:51.000+0000][5284][safepoint   ] Safepoint "ZRelocateStart", Time since last: 28719276 ns, Reaching safepoint: 61773 ns, At safepoint: 140382 ns, Total: 202155 ns
[2020-07-12T01:13:51.002+0000][5284][gc,phases   ] GC(104) Concurrent Relocate 1.263ms
[2020-07-12T01:13:51.002+0000][5284][gc,heap     ] GC(104) Heap after GC invocations=105 (full 105): ZHeap           used 70M, capacity 4096M, max capacity 4096M
[2020-07-12T01:13:51.002+0000][5284][gc,heap     ] GC(104)  Metaspace       used 80267K, capacity 83037K, committed 83268K, reserved 83968K
[2020-07-12T01:13:51.002+0000][5284][gc,load     ] GC(104) Load: 1.54/1.52/0.93
[2020-07-12T01:13:51.002+0000][5284][gc,mmu      ] GC(104) MMU: 2ms/49.3%, 5ms/79.7%, 10ms/89.9%, 20ms/94.9%, 50ms/97.3%, 100ms/98.3%
[2020-07-12T01:13:51.002+0000][5284][gc,marking  ] GC(104) Mark: 1 stripe(s), 2 proactive flush(es), 1 terminate flush(es), 1 completion(s), 0 continuation(s) 
[2020-07-12T01:13:51.002+0000][5284][gc,reloc    ] GC(104) Relocation: Successful, 1M relocated
[2020-07-12T01:13:51.002+0000][5284][gc,nmethod  ] GC(104) NMethods: 5633 registered, 62 unregistered
[2020-07-12T01:13:51.002+0000][5284][gc,metaspace] GC(104) Metaspace: 78M used, 81M capacity, 81M committed, 82M reserved
[2020-07-12T01:13:51.002+0000][5284][gc,ref      ] GC(104) Soft: 3922 encountered, 0 discovered, 0 enqueued
[2020-07-12T01:13:51.002+0000][5284][gc,ref      ] GC(104) Weak: 6658 encountered, 4333 discovered, 0 enqueued
[2020-07-12T01:13:51.002+0000][5284][gc,ref      ] GC(104) Final: 3 encountered, 0 discovered, 0 enqueued
[2020-07-12T01:13:51.002+0000][5284][gc,ref      ] GC(104) Phantom: 435 encountered, 294 discovered, 0 enqueued
[2020-07-12T01:13:51.002+0000][5284][gc,heap     ] GC(104) Min Capacity: 4096M(100%)
[2020-07-12T01:13:51.002+0000][5284][gc,heap     ] GC(104) Max Capacity: 4096M(100%)
[2020-07-12T01:13:51.002+0000][5284][gc,heap     ] GC(104) Soft Max Capacity: 4096M(100%)
[2020-07-12T01:13:51.002+0000][5284][gc,heap     ] GC(104)                Mark Start          Mark End        Relocate Start      Relocate End           High               Low         
[2020-07-12T01:13:51.002+0000][5284][gc,heap     ] GC(104)  Capacity:     4096M (100%)       4096M (100%)       4096M (100%)       4096M (100%)       4096M (100%)       4096M (100%)   
[2020-07-12T01:13:51.002+0000][5284][gc,heap     ] GC(104)   Reserve:       42M (1%)           42M (1%)           42M (1%)           42M (1%)           42M (1%)           42M (1%)     
[2020-07-12T01:13:51.002+0000][5284][gc,heap     ] GC(104)      Free:     3508M (86%)        3506M (86%)        3950M (96%)        3984M (97%)        3984M (97%)        3506M (86%)    
[2020-07-12T01:13:51.002+0000][5284][gc,heap     ] GC(104)      Used:      546M (13%)         548M (13%)         104M (3%)           70M (2%)          548M (13%)          70M (2%)     
[2020-07-12T01:13:51.002+0000][5284][gc,heap     ] GC(104)      Live:         -                28M (1%)           28M (1%)           28M (1%)             -                  -          
[2020-07-12T01:13:51.002+0000][5284][gc,heap     ] GC(104) Allocated:         -                 2M (0%)            2M (0%)           10M (0%)             -                  -          
[2020-07-12T01:13:51.002+0000][5284][gc,heap     ] GC(104)   Garbage:         -               517M (13%)          73M (2%)           39M (1%)             -                  -          
[2020-07-12T01:13:51.002+0000][5284][gc,heap     ] GC(104) Reclaimed:         -                  -               444M (11%)         478M (12%)            -                  -          
[2020-07-12T01:13:51.002+0000][5284][gc          ] GC(104) Garbage Collection (Proactive) 546M(13%)->70M(2%)
[2020-07-12T01:13:53.834+0000][5284][safepoint   ] Safepoint "PrintThreads", Time since last: 2832088953 ns, Reaching safepoint: 129598 ns, At safepoint: 1394787 ns, Total: 1524385 ns
[2020-07-12T01:13:53.835+0000][5284][safepoint   ] Safepoint "PrintJNI", Time since last: 649772 ns, Reaching safepoint: 581280 ns, At safepoint: 15324 ns, Total: 596604 ns
[2020-07-12T01:13:53.836+0000][5284][safepoint   ] Safepoint "FindDeadlocks", Time since last: 293518 ns, Reaching safepoint: 169350 ns, At safepoint: 6919 ns, Total: 176269 ns
[2020-07-12T01:13:55.025+0000][5284][gc,heap     ] GC(105) Heap before GC invocations=105 (full 105): ZHeap           used 534M, capacity 4096M, max capacity 4096M
[2020-07-12T01:13:55.025+0000][5284][gc,heap     ] GC(105)  Metaspace       used 80267K, capacity 83037K, committed 83268K, reserved 83968K
[2020-07-12T01:13:55.025+0000][5284][gc,start    ] GC(105) Garbage Collection (Proactive)
[2020-07-12T01:13:55.026+0000][5284][gc,phases   ] GC(105) Pause Mark Start 0.200ms
[2020-07-12T01:13:55.026+0000][5284][safepoint   ] Safepoint "ZMarkStart", Time since last: 1189391918 ns, Reaching safepoint: 98625 ns, At safepoint: 227809 ns, Total: 326434 ns
[2020-07-12T01:13:55.085+0000][5284][gc,phases   ] GC(105) Concurrent Mark 59.625ms
[2020-07-12T01:13:55.086+0000][5284][gc,phases   ] GC(105) Pause Mark End 0.336ms
[2020-07-12T01:13:55.086+0000][5284][safepoint   ] Safepoint "ZMarkEnd", Time since last: 59748751 ns, Reaching safepoint: 79116 ns, At safepoint: 358953 ns, Total: 438069 ns
[2020-07-12T01:13:55.116+0000][5284][gc,phases   ] GC(105) Concurrent Process Non-Strong References 30.363ms
[2020-07-12T01:13:55.116+0000][5284][gc,phases   ] GC(105) Concurrent Reset Relocation Set 0.005ms
[2020-07-12T01:13:55.117+0000][5284][gc,phases   ] GC(105) Concurrent Select Relocation Set 1.009ms
[2020-07-12T01:13:55.117+0000][5284][gc,phases   ] GC(105) Pause Relocate Start 0.118ms
[2020-07-12T01:13:55.117+0000][5284][safepoint   ] Safepoint "ZRelocateStart", Time since last: 31509551 ns, Reaching safepoint: 65404 ns, At safepoint: 136041 ns, Total: 201445 ns
[2020-07-12T01:13:55.119+0000][5284][gc,phases   ] GC(105) Concurrent Relocate 1.348ms
[2020-07-12T01:13:55.119+0000][5284][gc,heap     ] GC(105) Heap after GC invocations=106 (full 106): ZHeap           used 68M, capacity 4096M, max capacity 4096M
[2020-07-12T01:13:55.119+0000][5284][gc,heap     ] GC(105)  Metaspace       used 80267K, capacity 83037K, committed 83268K, reserved 83968K
[2020-07-12T01:13:55.119+0000][5284][gc,load     ] GC(105) Load: 1.66/1.54/0.94
[2020-07-12T01:13:55.119+0000][5284][gc,mmu      ] GC(105) MMU: 2ms/49.3%, 5ms/79.7%, 10ms/89.9%, 20ms/94.9%, 50ms/97.3%, 100ms/98.3%
[2020-07-12T01:13:55.119+0000][5284][gc,marking  ] GC(105) Mark: 1 stripe(s), 2 proactive flush(es), 1 terminate flush(es), 1 completion(s), 0 continuation(s) 
[2020-07-12T01:13:55.119+0000][5284][gc,reloc    ] GC(105) Relocation: Successful, 1M relocated
[2020-07-12T01:13:55.119+0000][5284][gc,nmethod  ] GC(105) NMethods: 5633 registered, 62 unregistered
[2020-07-12T01:13:55.119+0000][5284][gc,metaspace] GC(105) Metaspace: 78M used, 81M capacity, 81M committed, 82M reserved
[2020-07-12T01:13:55.119+0000][5284][gc,ref      ] GC(105) Soft: 3922 encountered, 0 discovered, 0 enqueued
[2020-07-12T01:13:55.119+0000][5284][gc,ref      ] GC(105) Weak: 6658 encountered, 4333 discovered, 0 enqueued
[2020-07-12T01:13:55.119+0000][5284][gc,ref      ] GC(105) Final: 3 encountered, 0 discovered, 0 enqueued
[2020-07-12T01:13:55.119+0000][5284][gc,ref      ] GC(105) Phantom: 435 encountered, 294 discovered, 0 enqueued
[2020-07-12T01:13:55.119+0000][5284][gc,heap     ] GC(105) Min Capacity: 4096M(100%)
[2020-07-12T01:13:55.119+0000][5284][gc,heap     ] GC(105) Max Capacity: 4096M(100%)
[2020-07-12T01:13:55.119+0000][5284][gc,heap     ] GC(105) Soft Max Capacity: 4096M(100%)
[2020-07-12T01:13:55.119+0000][5284][gc,heap     ] GC(105)                Mark Start          Mark End        Relocate Start      Relocate End           High               Low         
[2020-07-12T01:13:55.119+0000][5284][gc,heap     ] GC(105)  Capacity:     4096M (100%)       4096M (100%)       4096M (100%)       4096M (100%)       4096M (100%)       4096M (100%)   
[2020-07-12T01:13:55.119+0000][5284][gc,heap     ] GC(105)   Reserve:       42M (1%)           42M (1%)           42M (1%)           42M (1%)           42M (1%)           42M (1%)     
[2020-07-12T01:13:55.119+0000][5284][gc,heap     ] GC(105)      Free:     3520M (86%)        3518M (86%)        3944M (96%)        3986M (97%)        3986M (97%)        3518M (86%)    
[2020-07-12T01:13:55.119+0000][5284][gc,heap     ] GC(105)      Used:      534M (13%)         536M (13%)         110M (3%)           68M (2%)          536M (13%)          68M (2%)     
[2020-07-12T01:13:55.119+0000][5284][gc,heap     ] GC(105)      Live:         -                28M (1%)           28M (1%)           28M (1%)             -                  -          
[2020-07-12T01:13:55.119+0000][5284][gc,heap     ] GC(105) Allocated:         -                 2M (0%)            2M (0%)            8M (0%)             -                  -          
[2020-07-12T01:13:55.119+0000][5284][gc,heap     ] GC(105)   Garbage:         -               505M (12%)          79M (2%)           37M (1%)             -                  -          
[2020-07-12T01:13:55.119+0000][5284][gc,heap     ] GC(105) Reclaimed:         -                  -               426M (10%)         468M (11%)            -                  -          
[2020-07-12T01:13:55.119+0000][5284][gc          ] GC(105) Garbage Collection (Proactive) 534M(13%)->68M(2%)
[2020-07-12T01:13:58.924+0000][5284][gc,stats    ] === Garbage Collection Statistics =======================================================================================================================
[2020-07-12T01:13:58.924+0000][5284][gc,stats    ]                                                              Last 10s              Last 10m              Last 10h                Total
[2020-07-12T01:13:58.924+0000][5284][gc,stats    ]                                                              Avg / Max             Avg / Max             Avg / Max             Avg / Max
[2020-07-12T01:13:58.924+0000][5284][gc,stats    ]   Collector: Garbage Collection Cycle                     85.655 / 93.750       79.514 / 117.511      79.514 / 117.511      79.514 / 117.511     ms
[2020-07-12T01:13:58.924+0000][5284][gc,stats    ]  Contention: Mark Segment Reset Contention                     0 / 0                 0 / 0                 0 / 0                 0 / 0           ops/s
[2020-07-12T01:13:58.924+0000][5284][gc,stats    ]  Contention: Mark SeqNum Reset Contention                      0 / 0                 0 / 0                 0 / 0                 0 / 0           ops/s
[2020-07-12T01:13:58.924+0000][5284][gc,stats    ]  Contention: Relocation Contention                             0 / 0                 0 / 12                0 / 12                0 / 12          ops/s
[2020-07-12T01:13:58.924+0000][5284][gc,stats    ]    Critical: Allocation Stall                              0.000 / 0.000         0.000 / 0.000         0.000 / 0.000         0.000 / 0.000       ms
[2020-07-12T01:13:58.924+0000][5284][gc,stats    ]    Critical: Allocation Stall                                  0 / 0                 0 / 0                 0 / 0                 0 / 0           ops/s
[2020-07-12T01:13:58.924+0000][5284][gc,stats    ]    Critical: GC Locker Stall                               0.000 / 0.000         0.093 / 0.093         0.093 / 0.093         0.093 / 0.093       ms
[2020-07-12T01:13:58.924+0000][5284][gc,stats    ]    Critical: GC Locker Stall                                   0 / 0                 0 / 1                 0 / 1                 0 / 1           ops/s
[2020-07-12T01:13:58.924+0000][5284][gc,stats    ]      Memory: Allocation Rate                                 118 / 140             112 / 242             112 / 242             112 / 242         MB/s
[2020-07-12T01:13:58.924+0000][5284][gc,stats    ]      Memory: Heap Used After Mark                            542 / 548             588 / 1286            588 / 1286            588 / 1286        MB
[2020-07-12T01:13:58.924+0000][5284][gc,stats    ]      Memory: Heap Used After Relocation                       69 / 70               81 / 116              81 / 116              81 / 116         MB
[2020-07-12T01:13:58.924+0000][5284][gc,stats    ]      Memory: Heap Used Before Mark                           540 / 546             575 / 1270            575 / 1270            575 / 1270        MB
[2020-07-12T01:13:58.924+0000][5284][gc,stats    ]      Memory: Heap Used Before Relocation                     107 / 110             129 / 338             129 / 338             129 / 338         MB
[2020-07-12T01:13:58.924+0000][5284][gc,stats    ]      Memory: Out Of Memory                                     0 / 0                 0 / 0                 0 / 0                 0 / 0           ops/s
[2020-07-12T01:13:58.924+0000][5284][gc,stats    ]      Memory: Page Cache Flush                                  0 / 0                 0 / 0                 0 / 0                 0 / 0           MB/s
[2020-07-12T01:13:58.924+0000][5284][gc,stats    ]      Memory: Page Cache Hit L1                                60 / 70               55 / 124              55 / 124              55 / 124         ops/s
[2020-07-12T01:13:58.924+0000][5284][gc,stats    ]      Memory: Page Cache Hit L2                                 0 / 0                 0 / 0                 0 / 0                 0 / 0           ops/s
[2020-07-12T01:13:58.924+0000][5284][gc,stats    ]      Memory: Page Cache Hit L3                                 0 / 0                 1 / 96                1 / 96                1 / 96          ops/s
[2020-07-12T01:13:58.924+0000][5284][gc,stats    ]      Memory: Page Cache Miss                                   0 / 0                 0 / 0                 0 / 0                 0 / 0           ops/s
[2020-07-12T01:13:58.924+0000][5284][gc,stats    ]      Memory: Uncommit                                          0 / 0                 0 / 0                 0 / 0                 0 / 0           MB/s
[2020-07-12T01:13:58.924+0000][5284][gc,stats    ]      Memory: Undo Object Allocation Failed                     0 / 0                 0 / 0                 0 / 0                 0 / 0           ops/s
[2020-07-12T01:13:58.924+0000][5284][gc,stats    ]      Memory: Undo Object Allocation Succeeded                  0 / 0                 0 / 12                0 / 12                0 / 12          ops/s
[2020-07-12T01:13:58.924+0000][5284][gc,stats    ]      Memory: Undo Page Allocation                              0 / 0                 0 / 0                 0 / 0                 0 / 0           ops/s
[2020-07-12T01:13:58.924+0000][5284][gc,stats    ]       Phase: Concurrent Mark                              52.888 / 59.625       48.482 / 77.269       48.482 / 77.269       48.482 / 77.269      ms
[2020-07-12T01:13:58.924+0000][5284][gc,stats    ]       Phase: Concurrent Mark Continue                      0.000 / 0.000         0.000 / 0.000         0.000 / 0.000         0.000 / 0.000       ms
[2020-07-12T01:13:58.924+0000][5284][gc,stats    ]       Phase: Concurrent Process Non-Strong References     28.952 / 30.363       26.410 / 42.104       26.410 / 42.104       26.410 / 42.104      ms
[2020-07-12T01:13:58.924+0000][5284][gc,stats    ]       Phase: Concurrent Relocate                           1.306 / 1.348         1.709 / 18.136        1.709 / 18.136        1.709 / 18.136      ms
[2020-07-12T01:13:58.924+0000][5284][gc,stats    ]       Phase: Concurrent Reset Relocation Set               0.004 / 0.005         0.004 / 0.015         0.004 / 0.015         0.004 / 0.015       ms
[2020-07-12T01:13:58.924+0000][5284][gc,stats    ]       Phase: Concurrent Select Relocation Set              1.005 / 1.009         1.061 / 5.622         1.061 / 5.622         1.061 / 5.622       ms
[2020-07-12T01:13:58.924+0000][5284][gc,stats    ]       Phase: Pause Mark End                                0.389 / 0.442         0.346 / 0.654         0.346 / 0.654         0.346 / 0.654       ms
[2020-07-12T01:13:58.924+0000][5284][gc,stats    ]       Phase: Pause Mark Start                              0.176 / 0.200         0.181 / 0.724         0.181 / 0.724         0.181 / 0.724       ms
[2020-07-12T01:13:58.924+0000][5284][gc,stats    ]       Phase: Pause Relocate Start                          0.121 / 0.123         0.136 / 1.014         0.136 / 1.014         0.136 / 1.014       ms
[2020-07-12T01:13:58.924+0000][5284][gc,stats    ]    Subphase: Concurrent Classes Purge                      0.724 / 0.807         0.791 / 8.877         0.791 / 8.877         0.791 / 8.877       ms
[2020-07-12T01:13:58.924+0000][5284][gc,stats    ]    Subphase: Concurrent Classes Unlink                    26.619 / 27.937       23.833 / 38.550       23.833 / 38.550       23.833 / 38.550      ms
[2020-07-12T01:13:58.924+0000][5284][gc,stats    ]    Subphase: Concurrent Mark                              52.304 / 58.972       47.661 / 76.517       47.661 / 76.517       47.661 / 76.517      ms
[2020-07-12T01:13:58.924+0000][5284][gc,stats    ]    Subphase: Concurrent Mark Idle                          0.000 / 0.000         0.000 / 0.000         0.000 / 0.000         0.000 / 0.000       ms
[2020-07-12T01:13:58.924+0000][5284][gc,stats    ]    Subphase: Concurrent Mark Try Flush                     0.108 / 0.125         0.116 / 4.734         0.116 / 4.734         0.116 / 4.734       ms
[2020-07-12T01:13:58.924+0000][5284][gc,stats    ]    Subphase: Concurrent Mark Try Terminate                 0.049 / 0.111         0.067 / 4.736         0.067 / 4.736         0.067 / 4.736       ms
[2020-07-12T01:13:58.924+0000][5284][gc,stats    ]    Subphase: Concurrent References Enqueue                 0.001 / 0.001         0.001 / 0.004         0.001 / 0.004         0.001 / 0.004       ms
[2020-07-12T01:13:58.924+0000][5284][gc,stats    ]    Subphase: Concurrent References Process                 0.449 / 0.501         0.529 / 1.144         0.529 / 1.144         0.529 / 1.144       ms
[2020-07-12T01:13:58.924+0000][5284][gc,stats    ]    Subphase: Concurrent Roots                              0.247 / 0.261         0.325 / 1.449         0.325 / 1.449         0.325 / 1.449       ms
[2020-07-12T01:13:58.924+0000][5284][gc,stats    ]    Subphase: Concurrent Roots ClassLoaderDataGraph         0.242 / 0.256         0.318 / 1.421         0.318 / 1.421         0.318 / 1.421       ms
[2020-07-12T01:13:58.924+0000][5284][gc,stats    ]    Subphase: Concurrent Roots JNIHandles                   0.004 / 0.004         0.004 / 0.017         0.004 / 0.017         0.004 / 0.017       ms
[2020-07-12T01:13:58.924+0000][5284][gc,stats    ]    Subphase: Concurrent Roots Setup                        0.168 / 0.181         0.192 / 0.465         0.192 / 0.465         0.192 / 0.465       ms
[2020-07-12T01:13:58.924+0000][5284][gc,stats    ]    Subphase: Concurrent Roots Teardown                     0.000 / 0.000         0.000 / 0.002         0.000 / 0.002         0.000 / 0.002       ms
[2020-07-12T01:13:58.924+0000][5284][gc,stats    ]    Subphase: Concurrent Roots VMHandles                    0.000 / 0.000         0.000 / 0.000         0.000 / 0.000         0.000 / 0.000       ms
[2020-07-12T01:13:58.924+0000][5284][gc,stats    ]    Subphase: Concurrent Weak Roots                         0.932 / 0.960         0.909 / 1.534         0.909 / 1.534         0.909 / 1.534       ms
[2020-07-12T01:13:58.924+0000][5284][gc,stats    ]    Subphase: Concurrent Weak Roots JNIWeakHandles          0.000 / 0.001         0.001 / 0.004         0.001 / 0.004         0.001 / 0.004       ms
[2020-07-12T01:13:58.924+0000][5284][gc,stats    ]    Subphase: Concurrent Weak Roots ResolvedMethodTable     0.100 / 0.108         0.095 / 0.181         0.095 / 0.181         0.095 / 0.181       ms
[2020-07-12T01:13:58.924+0000][5284][gc,stats    ]    Subphase: Concurrent Weak Roots StringTable             0.771 / 0.811         0.753 / 1.341         0.753 / 1.341         0.753 / 1.341       ms
[2020-07-12T01:13:58.924+0000][5284][gc,stats    ]    Subphase: Concurrent Weak Roots VMWeakHandles           0.057 / 0.060         0.057 / 0.088         0.057 / 0.088         0.057 / 0.088       ms
[2020-07-12T01:13:58.924+0000][5284][gc,stats    ]    Subphase: Pause Mark Try Complete                       0.155 / 0.159         0.155 / 0.214         0.155 / 0.214         0.155 / 0.214       ms
[2020-07-12T01:13:58.924+0000][5284][gc,stats    ]    Subphase: Pause Roots                                   0.032 / 0.086         0.039 / 0.936         0.039 / 0.936         0.039 / 0.936       ms
[2020-07-12T01:13:58.924+0000][5284][gc,stats    ]    Subphase: Pause Roots CodeCache                         0.000 / 0.000         0.000 / 0.000         0.000 / 0.000         0.000 / 0.000       ms
[2020-07-12T01:13:58.924+0000][5284][gc,stats    ]    Subphase: Pause Roots JVMTIExport                       0.002 / 0.002         0.002 / 0.008         0.002 / 0.008         0.002 / 0.008       ms
[2020-07-12T01:13:58.924+0000][5284][gc,stats    ]    Subphase: Pause Roots JVMTIWeakExport                   0.000 / 0.001         0.001 / 0.001         0.001 / 0.001         0.001 / 0.001       ms
[2020-07-12T01:13:58.924+0000][5284][gc,stats    ]    Subphase: Pause Roots Management                        0.001 / 0.001         0.001 / 0.009         0.001 / 0.009         0.001 / 0.009       ms
[2020-07-12T01:13:58.924+0000][5284][gc,stats    ]    Subphase: Pause Roots ObjectSynchronizer                0.000 / 0.001         0.000 / 0.001         0.000 / 0.001         0.000 / 0.001       ms
[2020-07-12T01:13:58.924+0000][5284][gc,stats    ]    Subphase: Pause Roots Setup                             0.000 / 0.000         0.001 / 0.036         0.001 / 0.036         0.001 / 0.036       ms
[2020-07-12T01:13:58.924+0000][5284][gc,stats    ]    Subphase: Pause Roots SystemDictionary                  0.010 / 0.011         0.012 / 0.042         0.012 / 0.042         0.012 / 0.042       ms
[2020-07-12T01:13:58.924+0000][5284][gc,stats    ]    Subphase: Pause Roots Teardown                          0.001 / 0.001         0.001 / 0.013         0.001 / 0.013         0.001 / 0.013       ms
[2020-07-12T01:13:58.924+0000][5284][gc,stats    ]    Subphase: Pause Roots Threads                           0.037 / 0.068         0.046 / 0.913         0.046 / 0.913         0.046 / 0.913       ms
[2020-07-12T01:13:58.924+0000][5284][gc,stats    ]    Subphase: Pause Roots Universe                          0.002 / 0.003         0.002 / 0.011         0.002 / 0.011         0.002 / 0.011       ms
[2020-07-12T01:13:58.924+0000][5284][gc,stats    ]    Subphase: Pause Weak Roots                              0.009 / 0.047         0.010 / 0.087         0.010 / 0.087         0.010 / 0.087       ms
[2020-07-12T01:13:58.924+0000][5284][gc,stats    ]    Subphase: Pause Weak Roots JFRWeak                      0.044 / 0.045         0.048 / 0.084         0.048 / 0.084         0.048 / 0.084       ms
[2020-07-12T01:13:58.924+0000][5284][gc,stats    ]    Subphase: Pause Weak Roots JVMTIWeakExport              0.001 / 0.001         0.001 / 0.002         0.001 / 0.002         0.001 / 0.002       ms
[2020-07-12T01:13:58.924+0000][5284][gc,stats    ]    Subphase: Pause Weak Roots Setup                        0.000 / 0.000         0.000 / 0.001         0.000 / 0.001         0.000 / 0.001       ms
[2020-07-12T01:13:58.924+0000][5284][gc,stats    ]    Subphase: Pause Weak Roots Teardown                     0.000 / 0.000         0.000 / 0.000         0.000 / 0.000         0.000 / 0.000       ms
[2020-07-12T01:13:58.924+0000][5284][gc,stats    ]      System: Java Threads                                     37 / 37               36 / 38               36 / 38               36 / 38          threads
[2020-07-12T01:13:58.924+0000][5284][gc,stats    ] =========================================================================================================================================================
[2020-07-12T01:14:00.225+0000][5284][gc,heap     ] GC(106) Heap before GC invocations=106 (full 106): ZHeap           used 646M, capacity 4096M, max capacity 4096M
[2020-07-12T01:14:00.225+0000][5284][gc,heap     ] GC(106)  Metaspace       used 80267K, capacity 83037K, committed 83268K, reserved 83968K
[2020-07-12T01:14:00.225+0000][5284][gc,start    ] GC(106) Garbage Collection (Proactive)
[2020-07-12T01:14:00.226+0000][5284][gc,phases   ] GC(106) Pause Mark Start 0.131ms
[2020-07-12T01:14:00.226+0000][5284][safepoint   ] Safepoint "ZMarkStart", Time since last: 5107497445 ns, Reaching safepoint: 723620 ns, At safepoint: 175375 ns, Total: 898995 ns
[2020-07-12T01:14:00.270+0000][5284][gc,phases   ] GC(106) Concurrent Mark 44.234ms
[2020-07-12T01:14:00.271+0000][5284][gc,phases   ] GC(106) Pause Mark End 0.318ms
[2020-07-12T01:14:00.271+0000][5284][safepoint   ] Safepoint "ZMarkEnd", Time since last: 44398379 ns, Reaching safepoint: 159976 ns, At safepoint: 339283 ns, Total: 499259 ns
[2020-07-12T01:14:00.299+0000][5284][gc,phases   ] GC(106) Concurrent Process Non-Strong References 28.163ms
[2020-07-12T01:14:00.299+0000][5284][gc,phases   ] GC(106) Concurrent Reset Relocation Set 0.004ms
[2020-07-12T01:14:00.300+0000][5284][gc,phases   ] GC(106) Concurrent Select Relocation Set 1.009ms
[2020-07-12T01:14:00.300+0000][5284][gc,phases   ] GC(106) Pause Relocate Start 0.111ms
[2020-07-12T01:14:00.300+0000][5284][safepoint   ] Safepoint "ZRelocateStart", Time since last: 29324005 ns, Reaching safepoint: 154794 ns, At safepoint: 128459 ns, Total: 283253 ns
[2020-07-12T01:14:00.302+0000][5284][gc,phases   ] GC(106) Concurrent Relocate 1.324ms
[2020-07-12T01:14:00.302+0000][5284][gc,heap     ] GC(106) Heap after GC invocations=107 (full 107): ZHeap           used 68M, capacity 4096M, max capacity 4096M
[2020-07-12T01:14:00.302+0000][5284][gc,heap     ] GC(106)  Metaspace       used 80267K, capacity 83037K, committed 83268K, reserved 83968K
[2020-07-12T01:14:00.302+0000][5284][gc,load     ] GC(106) Load: 1.77/1.57/0.96
[2020-07-12T01:14:00.302+0000][5284][gc,mmu      ] GC(106) MMU: 2ms/49.3%, 5ms/79.7%, 10ms/89.9%, 20ms/94.9%, 50ms/97.3%, 100ms/98.3%
[2020-07-12T01:14:00.302+0000][5284][gc,marking  ] GC(106) Mark: 1 stripe(s), 2 proactive flush(es), 1 terminate flush(es), 1 completion(s), 0 continuation(s) 
[2020-07-12T01:14:00.302+0000][5284][gc,reloc    ] GC(106) Relocation: Successful, 1M relocated
[2020-07-12T01:14:00.302+0000][5284][gc,nmethod  ] GC(106) NMethods: 5633 registered, 62 unregistered
[2020-07-12T01:14:00.302+0000][5284][gc,metaspace] GC(106) Metaspace: 78M used, 81M capacity, 81M committed, 82M reserved
[2020-07-12T01:14:00.302+0000][5284][gc,ref      ] GC(106) Soft: 3922 encountered, 0 discovered, 0 enqueued
[2020-07-12T01:14:00.302+0000][5284][gc,ref      ] GC(106) Weak: 6660 encountered, 4335 discovered, 0 enqueued
[2020-07-12T01:14:00.302+0000][5284][gc,ref      ] GC(106) Final: 3 encountered, 0 discovered, 0 enqueued
[2020-07-12T01:14:00.302+0000][5284][gc,ref      ] GC(106) Phantom: 435 encountered, 294 discovered, 0 enqueued
[2020-07-12T01:14:00.302+0000][5284][gc,heap     ] GC(106) Min Capacity: 4096M(100%)
[2020-07-12T01:14:00.302+0000][5284][gc,heap     ] GC(106) Max Capacity: 4096M(100%)
[2020-07-12T01:14:00.302+0000][5284][gc,heap     ] GC(106) Soft Max Capacity: 4096M(100%)
[2020-07-12T01:14:00.302+0000][5284][gc,heap     ] GC(106)                Mark Start          Mark End        Relocate Start      Relocate End           High               Low         
[2020-07-12T01:14:00.302+0000][5284][gc,heap     ] GC(106)  Capacity:     4096M (100%)       4096M (100%)       4096M (100%)       4096M (100%)       4096M (100%)       4096M (100%)   
[2020-07-12T01:14:00.302+0000][5284][gc,heap     ] GC(106)   Reserve:       42M (1%)           42M (1%)           42M (1%)           42M (1%)           42M (1%)           42M (1%)     
[2020-07-12T01:14:00.302+0000][5284][gc,heap     ] GC(106)      Free:     3408M (83%)        3406M (83%)        3938M (96%)        3986M (97%)        3986M (97%)        3406M (83%)    
[2020-07-12T01:14:00.302+0000][5284][gc,heap     ] GC(106)      Used:      646M (16%)         648M (16%)         116M (3%)           68M (2%)          648M (16%)          68M (2%)     
[2020-07-12T01:14:00.302+0000][5284][gc,heap     ] GC(106)      Live:         -                28M (1%)           28M (1%)           28M (1%)             -                  -          
[2020-07-12T01:14:00.302+0000][5284][gc,heap     ] GC(106) Allocated:         -                 2M (0%)            2M (0%)            8M (0%)             -                  -          
[2020-07-12T01:14:00.302+0000][5284][gc,heap     ] GC(106)   Garbage:         -               617M (15%)          85M (2%)           37M (1%)             -                  -          
[2020-07-12T01:14:00.302+0000][5284][gc,heap     ] GC(106) Reclaimed:         -                  -               532M (13%)         580M (14%)            -                  -          
[2020-07-12T01:14:00.302+0000][5284][gc          ] GC(106) Garbage Collection (Proactive) 646M(16%)->68M(2%)
[2020-07-12T01:14:04.319+0000][5284][safepoint   ] Safepoint "Cleanup", Time since last: 4003977836 ns, Reaching safepoint: 14755054 ns, At safepoint: 13297 ns, Total: 14768351 ns
[2020-07-12T01:14:04.925+0000][5284][gc,heap     ] GC(107) Heap before GC invocations=107 (full 107): ZHeap           used 646M, capacity 4096M, max capacity 4096M
[2020-07-12T01:14:04.925+0000][5284][gc,heap     ] GC(107)  Metaspace       used 80267K, capacity 83037K, committed 83268K, reserved 83968K
[2020-07-12T01:14:04.925+0000][5284][gc,start    ] GC(107) Garbage Collection (Proactive)
[2020-07-12T01:14:04.925+0000][5284][gc,phases   ] GC(107) Pause Mark Start 0.134ms
[2020-07-12T01:14:04.925+0000][5284][safepoint   ] Safepoint "ZMarkStart", Time since last: 605679287 ns, Reaching safepoint: 145003 ns, At safepoint: 155931 ns, Total: 300934 ns
[2020-07-12T01:14:04.973+0000][5284][gc,phases   ] GC(107) Concurrent Mark 47.870ms
[2020-07-12T01:14:04.974+0000][5284][gc,phases   ] GC(107) Pause Mark End 0.321ms
[2020-07-12T01:14:04.974+0000][5284][safepoint   ] Safepoint "ZMarkEnd", Time since last: 47996687 ns, Reaching safepoint: 157865 ns, At safepoint: 344322 ns, Total: 502187 ns
[2020-07-12T01:14:05.002+0000][5284][gc,phases   ] GC(107) Concurrent Process Non-Strong References 28.299ms
[2020-07-12T01:14:05.002+0000][5284][gc,phases   ] GC(107) Concurrent Reset Relocation Set 0.004ms
[2020-07-12T01:14:05.003+0000][5284][gc,phases   ] GC(107) Concurrent Select Relocation Set 1.032ms
[2020-07-12T01:14:05.003+0000][5284][gc,phases   ] GC(107) Pause Relocate Start 0.115ms
[2020-07-12T01:14:05.003+0000][5284][safepoint   ] Safepoint "ZRelocateStart", Time since last: 29401239 ns, Reaching safepoint: 138220 ns, At safepoint: 138324 ns, Total: 276544 ns
[2020-07-12T01:14:05.005+0000][5284][gc,phases   ] GC(107) Concurrent Relocate 1.377ms
[2020-07-12T01:14:05.005+0000][5284][gc,heap     ] GC(107) Heap after GC invocations=108 (full 108): ZHeap           used 70M, capacity 4096M, max capacity 4096M
[2020-07-12T01:14:05.005+0000][5284][gc,heap     ] GC(107)  Metaspace       used 80267K, capacity 83037K, committed 83268K, reserved 83968K
[2020-07-12T01:14:05.005+0000][5284][gc,load     ] GC(107) Load: 1.71/1.56/0.96
[2020-07-12T01:14:05.005+0000][5284][gc,mmu      ] GC(107) MMU: 2ms/49.3%, 5ms/79.7%, 10ms/89.9%, 20ms/94.9%, 50ms/97.3%, 100ms/98.3%
[2020-07-12T01:14:05.005+0000][5284][gc,marking  ] GC(107) Mark: 1 stripe(s), 2 proactive flush(es), 1 terminate flush(es), 1 completion(s), 0 continuation(s) 
[2020-07-12T01:14:05.005+0000][5284][gc,reloc    ] GC(107) Relocation: Successful, 1M relocated
[2020-07-12T01:14:05.005+0000][5284][gc,nmethod  ] GC(107) NMethods: 5635 registered, 62 unregistered
[2020-07-12T01:14:05.005+0000][5284][gc,metaspace] GC(107) Metaspace: 78M used, 81M capacity, 81M committed, 82M reserved
[2020-07-12T01:14:05.005+0000][5284][gc,ref      ] GC(107) Soft: 3922 encountered, 0 discovered, 0 enqueued
[2020-07-12T01:14:05.005+0000][5284][gc,ref      ] GC(107) Weak: 6659 encountered, 4334 discovered, 0 enqueued
[2020-07-12T01:14:05.005+0000][5284][gc,ref      ] GC(107) Final: 3 encountered, 0 discovered, 0 enqueued
[2020-07-12T01:14:05.005+0000][5284][gc,ref      ] GC(107) Phantom: 435 encountered, 294 discovered, 0 enqueued
[2020-07-12T01:14:05.005+0000][5284][gc,heap     ] GC(107) Min Capacity: 4096M(100%)
[2020-07-12T01:14:05.005+0000][5284][gc,heap     ] GC(107) Max Capacity: 4096M(100%)
[2020-07-12T01:14:05.005+0000][5284][gc,heap     ] GC(107) Soft Max Capacity: 4096M(100%)
[2020-07-12T01:14:05.005+0000][5284][gc,heap     ] GC(107)                Mark Start          Mark End        Relocate Start      Relocate End           High               Low         
[2020-07-12T01:14:05.005+0000][5284][gc,heap     ] GC(107)  Capacity:     4096M (100%)       4096M (100%)       4096M (100%)       4096M (100%)       4096M (100%)       4096M (100%)   
[2020-07-12T01:14:05.005+0000][5284][gc,heap     ] GC(107)   Reserve:       42M (1%)           42M (1%)           42M (1%)           42M (1%)           42M (1%)           42M (1%)     
[2020-07-12T01:14:05.005+0000][5284][gc,heap     ] GC(107)      Free:     3408M (83%)        3406M (83%)        3946M (96%)        3984M (97%)        3984M (97%)        3406M (83%)    
[2020-07-12T01:14:05.005+0000][5284][gc,heap     ] GC(107)      Used:      646M (16%)         648M (16%)         108M (3%)           70M (2%)          648M (16%)          70M (2%)     
[2020-07-12T01:14:05.005+0000][5284][gc,heap     ] GC(107)      Live:         -                28M (1%)           28M (1%)           28M (1%)             -                  -          
[2020-07-12T01:14:05.005+0000][5284][gc,heap     ] GC(107) Allocated:         -                 2M (0%)            2M (0%)           10M (0%)             -                  -          
[2020-07-12T01:14:05.005+0000][5284][gc,heap     ] GC(107)   Garbage:         -               617M (15%)          77M (2%)           39M (1%)             -                  -          
[2020-07-12T01:14:05.005+0000][5284][gc,heap     ] GC(107) Reclaimed:         -                  -               540M (13%)         578M (14%)            -                  -          
[2020-07-12T01:14:05.005+0000][5284][gc          ] GC(107) Garbage Collection (Proactive) 646M(16%)->70M(2%)
[2020-07-12T01:14:06.004+0000][5284][safepoint   ] Safepoint "Cleanup", Time since last: 1000522669 ns, Reaching safepoint: 156436 ns, At safepoint: 7144 ns, Total: 163580 ns
[2020-07-12T01:14:08.923+0000][5284][gc,stats    ] === Garbage Collection Statistics =======================================================================================================================
[2020-07-12T01:14:08.923+0000][5284][gc,stats    ]                                                              Last 10s              Last 10m              Last 10h                Total
[2020-07-12T01:14:08.923+0000][5284][gc,stats    ]                                                              Avg / Max             Avg / Max             Avg / Max             Avg / Max
[2020-07-12T01:14:08.923+0000][5284][gc,stats    ]   Collector: Garbage Collection Cycle                     78.453 / 80.002       79.494 / 117.511      79.494 / 117.511      79.494 / 117.511     ms
[2020-07-12T01:14:08.923+0000][5284][gc,stats    ]  Contention: Mark Segment Reset Contention                     0 / 0                 0 / 0                 0 / 0                 0 / 0           ops/s
[2020-07-12T01:14:08.923+0000][5284][gc,stats    ]  Contention: Mark SeqNum Reset Contention                      0 / 0                 0 / 0                 0 / 0                 0 / 0           ops/s
[2020-07-12T01:14:08.923+0000][5284][gc,stats    ]  Contention: Relocation Contention                             0 / 0                 0 / 12                0 / 12                0 / 12          ops/s
[2020-07-12T01:14:08.923+0000][5284][gc,stats    ]    Critical: Allocation Stall                              0.000 / 0.000         0.000 / 0.000         0.000 / 0.000         0.000 / 0.000       ms
[2020-07-12T01:14:08.923+0000][5284][gc,stats    ]    Critical: Allocation Stall                                  0 / 0                 0 / 0                 0 / 0                 0 / 0           ops/s
[2020-07-12T01:14:08.923+0000][5284][gc,stats    ]    Critical: GC Locker Stall                               0.000 / 0.000         0.093 / 0.093         0.093 / 0.093         0.093 / 0.093       ms
[2020-07-12T01:14:08.923+0000][5284][gc,stats    ]    Critical: GC Locker Stall                                   0 / 0                 0 / 1                 0 / 1                 0 / 1           ops/s
[2020-07-12T01:14:08.923+0000][5284][gc,stats    ]      Memory: Allocation Rate                                 115 / 126             112 / 242             112 / 242             112 / 242         MB/s
[2020-07-12T01:14:08.923+0000][5284][gc,stats    ]      Memory: Heap Used After Mark                            648 / 648             589 / 1286            589 / 1286            589 / 1286        MB
[2020-07-12T01:14:08.923+0000][5284][gc,stats    ]      Memory: Heap Used After Relocation                       69 / 70               81 / 116              81 / 116              81 / 116         MB
[2020-07-12T01:14:08.923+0000][5284][gc,stats    ]      Memory: Heap Used Before Mark                           646 / 646             577 / 1270            577 / 1270            577 / 1270        MB
[2020-07-12T01:14:08.923+0000][5284][gc,stats    ]      Memory: Heap Used Before Relocation                     112 / 116             128 / 338             128 / 338             128 / 338         MB
[2020-07-12T01:14:08.923+0000][5284][gc,stats    ]      Memory: Out Of Memory                                     0 / 0                 0 / 0                 0 / 0                 0 / 0           ops/s
[2020-07-12T01:14:08.923+0000][5284][gc,stats    ]      Memory: Page Cache Flush                                  0 / 0                 0 / 0                 0 / 0                 0 / 0           MB/s
[2020-07-12T01:14:08.923+0000][5284][gc,stats    ]      Memory: Page Cache Hit L1                                58 / 66               55 / 124              55 / 124              55 / 124         ops/s
[2020-07-12T01:14:08.923+0000][5284][gc,stats    ]      Memory: Page Cache Hit L2                                 0 / 0                 0 / 0                 0 / 0                 0 / 0           ops/s
[2020-07-12T01:14:08.923+0000][5284][gc,stats    ]      Memory: Page Cache Hit L3                                 0 / 0                 1 / 96                1 / 96                1 / 96          ops/s
[2020-07-12T01:14:08.923+0000][5284][gc,stats    ]      Memory: Page Cache Miss                                   0 / 0                 0 / 0                 0 / 0                 0 / 0           ops/s
[2020-07-12T01:14:08.923+0000][5284][gc,stats    ]      Memory: Uncommit                                          0 / 0                 0 / 0                 0 / 0                 0 / 0           MB/s
[2020-07-12T01:14:08.923+0000][5284][gc,stats    ]      Memory: Undo Object Allocation Failed                     0 / 0                 0 / 0                 0 / 0                 0 / 0           ops/s
[2020-07-12T01:14:08.923+0000][5284][gc,stats    ]      Memory: Undo Object Allocation Succeeded                  0 / 0                 0 / 12                0 / 12                0 / 12          ops/s
[2020-07-12T01:14:08.923+0000][5284][gc,stats    ]      Memory: Undo Page Allocation                              0 / 0                 0 / 0                 0 / 0                 0 / 0           ops/s
[2020-07-12T01:14:08.923+0000][5284][gc,stats    ]       Phase: Concurrent Mark                              46.052 / 47.870       48.437 / 77.269       48.437 / 77.269       48.437 / 77.269      ms
[2020-07-12T01:14:08.923+0000][5284][gc,stats    ]       Phase: Concurrent Mark Continue                      0.000 / 0.000         0.000 / 0.000         0.000 / 0.000         0.000 / 0.000       ms
[2020-07-12T01:14:08.924+0000][5284][gc,stats    ]       Phase: Concurrent Process Non-Strong References     28.231 / 28.299       26.444 / 42.104       26.444 / 42.104       26.444 / 42.104      ms
[2020-07-12T01:14:08.924+0000][5284][gc,stats    ]       Phase: Concurrent Relocate                           1.351 / 1.377         1.702 / 18.136        1.702 / 18.136        1.702 / 18.136      ms
[2020-07-12T01:14:08.924+0000][5284][gc,stats    ]       Phase: Concurrent Reset Relocation Set               0.004 / 0.004         0.004 / 0.015         0.004 / 0.015         0.004 / 0.015       ms
[2020-07-12T01:14:08.924+0000][5284][gc,stats    ]       Phase: Concurrent Select Relocation Set              1.021 / 1.032         1.061 / 5.622         1.061 / 5.622         1.061 / 5.622       ms
[2020-07-12T01:14:08.924+0000][5284][gc,stats    ]       Phase: Pause Mark End                                0.319 / 0.321         0.345 / 0.654         0.345 / 0.654         0.345 / 0.654       ms
[2020-07-12T01:14:08.924+0000][5284][gc,stats    ]       Phase: Pause Mark Start                              0.132 / 0.134         0.180 / 0.724         0.180 / 0.724         0.180 / 0.724       ms
[2020-07-12T01:14:08.924+0000][5284][gc,stats    ]       Phase: Pause Relocate Start                          0.113 / 0.115         0.136 / 1.014         0.136 / 1.014         0.136 / 1.014       ms
[2020-07-12T01:14:08.924+0000][5284][gc,stats    ]    Subphase: Concurrent Classes Purge                      0.842 / 0.945         0.792 / 8.877         0.792 / 8.877         0.792 / 8.877       ms
[2020-07-12T01:14:08.924+0000][5284][gc,stats    ]    Subphase: Concurrent Classes Unlink                    25.974 / 25.988       23.872 / 38.550       23.872 / 38.550       23.872 / 38.550      ms
[2020-07-12T01:14:08.924+0000][5284][gc,stats    ]    Subphase: Concurrent Mark                              45.429 / 47.297       47.619 / 76.517       47.619 / 76.517       47.619 / 76.517      ms
[2020-07-12T01:14:08.924+0000][5284][gc,stats    ]    Subphase: Concurrent Mark Idle                          0.000 / 0.000         0.000 / 0.000         0.000 / 0.000         0.000 / 0.000       ms
[2020-07-12T01:14:08.924+0000][5284][gc,stats    ]    Subphase: Concurrent Mark Try Flush                     0.759 / 4.046         0.128 / 4.734         0.128 / 4.734         0.128 / 4.734       ms
[2020-07-12T01:14:08.924+0000][5284][gc,stats    ]    Subphase: Concurrent Mark Try Terminate                 1.034 / 4.047         0.085 / 4.736         0.085 / 4.736         0.085 / 4.736       ms
[2020-07-12T01:14:08.924+0000][5284][gc,stats    ]    Subphase: Concurrent References Enqueue                 0.000 / 0.000         0.001 / 0.004         0.001 / 0.004         0.001 / 0.004       ms
[2020-07-12T01:14:08.924+0000][5284][gc,stats    ]    Subphase: Concurrent References Process                 0.426 / 0.460         0.527 / 1.144         0.527 / 1.144         0.527 / 1.144       ms
[2020-07-12T01:14:08.924+0000][5284][gc,stats    ]    Subphase: Concurrent Roots                              0.286 / 0.295         0.324 / 1.449         0.324 / 1.449         0.324 / 1.449       ms
[2020-07-12T01:14:08.924+0000][5284][gc,stats    ]    Subphase: Concurrent Roots ClassLoaderDataGraph         0.280 / 0.289         0.317 / 1.421         0.317 / 1.421         0.317 / 1.421       ms
[2020-07-12T01:14:08.924+0000][5284][gc,stats    ]    Subphase: Concurrent Roots JNIHandles                   0.004 / 0.004         0.004 / 0.017         0.004 / 0.017         0.004 / 0.017       ms
[2020-07-12T01:14:08.924+0000][5284][gc,stats    ]    Subphase: Concurrent Roots Setup                        0.177 / 0.184         0.192 / 0.465         0.192 / 0.465         0.192 / 0.465       ms
[2020-07-12T01:14:08.924+0000][5284][gc,stats    ]    Subphase: Concurrent Roots Teardown                     0.000 / 0.000         0.000 / 0.002         0.000 / 0.002         0.000 / 0.002       ms
[2020-07-12T01:14:08.924+0000][5284][gc,stats    ]    Subphase: Concurrent Roots VMHandles                    0.000 / 0.000         0.000 / 0.000         0.000 / 0.000         0.000 / 0.000       ms
[2020-07-12T01:14:08.924+0000][5284][gc,stats    ]    Subphase: Concurrent Weak Roots                         0.840 / 0.906         0.908 / 1.534         0.908 / 1.534         0.908 / 1.534       ms
[2020-07-12T01:14:08.924+0000][5284][gc,stats    ]    Subphase: Concurrent Weak Roots JNIWeakHandles          0.000 / 0.000         0.001 / 0.004         0.001 / 0.004         0.001 / 0.004       ms
[2020-07-12T01:14:08.924+0000][5284][gc,stats    ]    Subphase: Concurrent Weak Roots ResolvedMethodTable     0.086 / 0.087         0.095 / 0.181         0.095 / 0.181         0.095 / 0.181       ms
[2020-07-12T01:14:08.924+0000][5284][gc,stats    ]    Subphase: Concurrent Weak Roots StringTable             0.700 / 0.766         0.752 / 1.341         0.752 / 1.341         0.752 / 1.341       ms
[2020-07-12T01:14:08.924+0000][5284][gc,stats    ]    Subphase: Concurrent Weak Roots VMWeakHandles           0.051 / 0.052         0.057 / 0.088         0.057 / 0.088         0.057 / 0.088       ms
[2020-07-12T01:14:08.924+0000][5284][gc,stats    ]    Subphase: Pause Mark Try Complete                       0.151 / 0.157         0.155 / 0.214         0.155 / 0.214         0.155 / 0.214       ms
[2020-07-12T01:14:08.924+0000][5284][gc,stats    ]    Subphase: Pause Roots                                   0.031 / 0.084         0.039 / 0.936         0.039 / 0.936         0.039 / 0.936       ms
[2020-07-12T01:14:08.924+0000][5284][gc,stats    ]    Subphase: Pause Roots CodeCache                         0.000 / 0.000         0.000 / 0.000         0.000 / 0.000         0.000 / 0.000       ms
[2020-07-12T01:14:08.924+0000][5284][gc,stats    ]    Subphase: Pause Roots JVMTIExport                       0.002 / 0.002         0.002 / 0.008         0.002 / 0.008         0.002 / 0.008       ms
[2020-07-12T01:14:08.924+0000][5284][gc,stats    ]    Subphase: Pause Roots JVMTIWeakExport                   0.001 / 0.001         0.001 / 0.001         0.001 / 0.001         0.001 / 0.001       ms
[2020-07-12T01:14:08.924+0000][5284][gc,stats    ]    Subphase: Pause Roots Management                        0.001 / 0.001         0.001 / 0.009         0.001 / 0.009         0.001 / 0.009       ms
[2020-07-12T01:14:08.924+0000][5284][gc,stats    ]    Subphase: Pause Roots ObjectSynchronizer                0.000 / 0.000         0.000 / 0.001         0.000 / 0.001         0.000 / 0.001       ms
[2020-07-12T01:14:08.924+0000][5284][gc,stats    ]    Subphase: Pause Roots Setup                             0.000 / 0.000         0.001 / 0.036         0.001 / 0.036         0.001 / 0.036       ms
[2020-07-12T01:14:08.924+0000][5284][gc,stats    ]    Subphase: Pause Roots SystemDictionary                  0.010 / 0.012         0.012 / 0.042         0.012 / 0.042         0.012 / 0.042       ms
[2020-07-12T01:14:08.924+0000][5284][gc,stats    ]    Subphase: Pause Roots Teardown                          0.001 / 0.001         0.001 / 0.013         0.001 / 0.013         0.001 / 0.013       ms
[2020-07-12T01:14:08.924+0000][5284][gc,stats    ]    Subphase: Pause Roots Threads                           0.033 / 0.067         0.046 / 0.913         0.046 / 0.913         0.046 / 0.913       ms
[2020-07-12T01:14:08.924+0000][5284][gc,stats    ]    Subphase: Pause Roots Universe                          0.002 / 0.003         0.002 / 0.011         0.002 / 0.011         0.002 / 0.011       ms
[2020-07-12T01:14:08.924+0000][5284][gc,stats    ]    Subphase: Pause Weak Roots                              0.010 / 0.055         0.010 / 0.087         0.010 / 0.087         0.010 / 0.087       ms
[2020-07-12T01:14:08.924+0000][5284][gc,stats    ]    Subphase: Pause Weak Roots JFRWeak                      0.048 / 0.052         0.048 / 0.084         0.048 / 0.084         0.048 / 0.084       ms
[2020-07-12T01:14:08.924+0000][5284][gc,stats    ]    Subphase: Pause Weak Roots JVMTIWeakExport              0.001 / 0.001         0.001 / 0.002         0.001 / 0.002         0.001 / 0.002       ms
[2020-07-12T01:14:08.924+0000][5284][gc,stats    ]    Subphase: Pause Weak Roots Setup                        0.000 / 0.000         0.000 / 0.001         0.000 / 0.001         0.000 / 0.001       ms
[2020-07-12T01:14:08.924+0000][5284][gc,stats    ]    Subphase: Pause Weak Roots Teardown                     0.000 / 0.000         0.000 / 0.000         0.000 / 0.000         0.000 / 0.000       ms
[2020-07-12T01:14:08.924+0000][5284][gc,stats    ]      System: Java Threads                                     37 / 37               36 / 38               36 / 38               36 / 38          threads
[2020-07-12T01:14:08.924+0000][5284][gc,stats    ] =========================================================================================================================================================
[2020-07-12T01:14:09.324+0000][5284][gc,heap     ] GC(108) Heap before GC invocations=108 (full 108): ZHeap           used 532M, capacity 4096M, max capacity 4096M
[2020-07-12T01:14:09.324+0000][5284][gc,heap     ] GC(108)  Metaspace       used 80267K, capacity 83037K, committed 83268K, reserved 83968K
[2020-07-12T01:14:09.324+0000][5284][gc,start    ] GC(108) Garbage Collection (Proactive)
[2020-07-12T01:14:09.325+0000][5284][gc,phases   ] GC(108) Pause Mark Start 0.143ms
[2020-07-12T01:14:09.325+0000][5284][safepoint   ] Safepoint "ZMarkStart", Time since last: 3320511809 ns, Reaching safepoint: 148237 ns, At safepoint: 162065 ns, Total: 310302 ns
[2020-07-12T01:14:09.372+0000][5284][gc,phases   ] GC(108) Concurrent Mark 47.320ms
[2020-07-12T01:14:09.373+0000][5284][gc,phases   ] GC(108) Pause Mark End 0.361ms
[2020-07-12T01:14:09.373+0000][5284][safepoint   ] Safepoint "ZMarkEnd", Time since last: 47363097 ns, Reaching safepoint: 148755 ns, At safepoint: 384029 ns, Total: 532784 ns
[2020-07-12T01:14:09.401+0000][5284][gc,phases   ] GC(108) Concurrent Process Non-Strong References 28.639ms
[2020-07-12T01:14:09.401+0000][5284][gc,phases   ] GC(108) Concurrent Reset Relocation Set 0.004ms
[2020-07-12T01:14:09.402+0000][5284][gc,phases   ] GC(108) Concurrent Select Relocation Set 0.987ms
[2020-07-12T01:14:09.403+0000][5284][gc,phases   ] GC(108) Pause Relocate Start 0.121ms
[2020-07-12T01:14:09.403+0000][5284][safepoint   ] Safepoint "ZRelocateStart", Time since last: 29714909 ns, Reaching safepoint: 95660 ns, At safepoint: 138987 ns, Total: 234647 ns
[2020-07-12T01:14:09.404+0000][5284][gc,phases   ] GC(108) Concurrent Relocate 1.303ms
[2020-07-12T01:14:09.404+0000][5284][gc,heap     ] GC(108) Heap after GC invocations=109 (full 109): ZHeap           used 70M, capacity 4096M, max capacity 4096M
[2020-07-12T01:14:09.404+0000][5284][gc,heap     ] GC(108)  Metaspace       used 80267K, capacity 83037K, committed 83268K, reserved 83968K
[2020-07-12T01:14:09.404+0000][5284][gc,load     ] GC(108) Load: 1.65/1.55/0.96
[2020-07-12T01:14:09.404+0000][5284][gc,mmu      ] GC(108) MMU: 2ms/49.3%, 5ms/79.7%, 10ms/89.9%, 20ms/94.9%, 50ms/97.3%, 100ms/98.3%
[2020-07-12T01:14:09.404+0000][5284][gc,marking  ] GC(108) Mark: 1 stripe(s), 2 proactive flush(es), 1 terminate flush(es), 1 completion(s), 0 continuation(s) 
[2020-07-12T01:14:09.404+0000][5284][gc,reloc    ] GC(108) Relocation: Successful, 1M relocated
[2020-07-12T01:14:09.404+0000][5284][gc,nmethod  ] GC(108) NMethods: 5635 registered, 62 unregistered
[2020-07-12T01:14:09.404+0000][5284][gc,metaspace] GC(108) Metaspace: 78M used, 81M capacity, 81M committed, 82M reserved
[2020-07-12T01:14:09.404+0000][5284][gc,ref      ] GC(108) Soft: 3922 encountered, 0 discovered, 0 enqueued
[2020-07-12T01:14:09.404+0000][5284][gc,ref      ] GC(108) Weak: 6660 encountered, 4335 discovered, 0 enqueued
[2020-07-12T01:14:09.404+0000][5284][gc,ref      ] GC(108) Final: 3 encountered, 0 discovered, 0 enqueued
[2020-07-12T01:14:09.404+0000][5284][gc,ref      ] GC(108) Phantom: 435 encountered, 294 discovered, 0 enqueued
[2020-07-12T01:14:09.404+0000][5284][gc,heap     ] GC(108) Min Capacity: 4096M(100%)
[2020-07-12T01:14:09.404+0000][5284][gc,heap     ] GC(108) Max Capacity: 4096M(100%)
[2020-07-12T01:14:09.404+0000][5284][gc,heap     ] GC(108) Soft Max Capacity: 4096M(100%)
[2020-07-12T01:14:09.404+0000][5284][gc,heap     ] GC(108)                Mark Start          Mark End        Relocate Start      Relocate End           High               Low         
[2020-07-12T01:14:09.404+0000][5284][gc,heap     ] GC(108)  Capacity:     4096M (100%)       4096M (100%)       4096M (100%)       4096M (100%)       4096M (100%)       4096M (100%)   
[2020-07-12T01:14:09.404+0000][5284][gc,heap     ] GC(108)   Reserve:       42M (1%)           42M (1%)           42M (1%)           42M (1%)           42M (1%)           42M (1%)     
[2020-07-12T01:14:09.404+0000][5284][gc,heap     ] GC(108)      Free:     3522M (86%)        3520M (86%)        3948M (96%)        3984M (97%)        3984M (97%)        3520M (86%)    
[2020-07-12T01:14:09.404+0000][5284][gc,heap     ] GC(108)      Used:      532M (13%)         534M (13%)         106M (3%)           70M (2%)          534M (13%)          70M (2%)     
[2020-07-12T01:14:09.404+0000][5284][gc,heap     ] GC(108)      Live:         -                28M (1%)           28M (1%)           28M (1%)             -                  -          
[2020-07-12T01:14:09.404+0000][5284][gc,heap     ] GC(108) Allocated:         -                 2M (0%)            2M (0%)           10M (0%)             -                  -          
[2020-07-12T01:14:09.404+0000][5284][gc,heap     ] GC(108)   Garbage:         -               503M (12%)          75M (2%)           39M (1%)             -                  -          
[2020-07-12T01:14:09.404+0000][5284][gc,heap     ] GC(108) Reclaimed:         -                  -               428M (10%)         464M (11%)            -                  -          
[2020-07-12T01:14:09.404+0000][5284][gc          ] GC(108) Garbage Collection (Proactive) 532M(13%)->70M(2%)
[2020-07-12T01:14:13.405+0000][5284][safepoint   ] Safepoint "Cleanup", Time since last: 4002070755 ns, Reaching safepoint: 101251 ns, At safepoint: 3558 ns, Total: 104809 ns
[2020-07-12T01:14:13.524+0000][5284][gc,heap     ] GC(109) Heap before GC invocations=109 (full 109): ZHeap           used 544M, capacity 4096M, max capacity 4096M
[2020-07-12T01:14:13.524+0000][5284][gc,heap     ] GC(109)  Metaspace       used 80267K, capacity 83037K, committed 83268K, reserved 83968K
[2020-07-12T01:14:13.524+0000][5284][gc,start    ] GC(109) Garbage Collection (Proactive)
[2020-07-12T01:14:13.524+0000][5284][gc,phases   ] GC(109) Pause Mark Start 0.120ms
[2020-07-12T01:14:13.524+0000][5284][safepoint   ] Safepoint "ZMarkStart", Time since last: 118820664 ns, Reaching safepoint: 72474 ns, At safepoint: 143957 ns, Total: 216431 ns
[2020-07-12T01:14:13.575+0000][5284][gc,phases   ] GC(109) Concurrent Mark 50.928ms
[2020-07-12T01:14:13.576+0000][5284][gc,phases   ] GC(109) Pause Mark End 0.252ms
[2020-07-12T01:14:13.576+0000][5284][safepoint   ] Safepoint "ZMarkEnd", Time since last: 50995022 ns, Reaching safepoint: 749698 ns, At safepoint: 273380 ns, Total: 1023078 ns
[2020-07-12T01:14:13.605+0000][5284][gc,phases   ] GC(109) Concurrent Process Non-Strong References 28.939ms
[2020-07-12T01:14:13.605+0000][5284][gc,phases   ] GC(109) Concurrent Reset Relocation Set 0.004ms
[2020-07-12T01:14:13.606+0000][5284][gc,phases   ] GC(109) Concurrent Select Relocation Set 1.020ms
[2020-07-12T01:14:13.606+0000][5284][gc,phases   ] GC(109) Pause Relocate Start 0.243ms
[2020-07-12T01:14:13.606+0000][5284][safepoint   ] Safepoint "ZRelocateStart", Time since last: 30159397 ns, Reaching safepoint: 145311 ns, At safepoint: 265680 ns, Total: 410991 ns
[2020-07-12T01:14:13.608+0000][5284][gc,phases   ] GC(109) Concurrent Relocate 1.405ms
[2020-07-12T01:14:13.608+0000][5284][gc,heap     ] GC(109) Heap after GC invocations=110 (full 110): ZHeap           used 104M, capacity 4096M, max capacity 4096M
[2020-07-12T01:14:13.608+0000][5284][gc,heap     ] GC(109)  Metaspace       used 80267K, capacity 83037K, committed 83268K, reserved 83968K
[2020-07-12T01:14:13.608+0000][5284][gc,load     ] GC(109) Load: 1.65/1.55/0.96
[2020-07-12T01:14:13.608+0000][5284][gc,mmu      ] GC(109) MMU: 2ms/49.3%, 5ms/79.7%, 10ms/89.9%, 20ms/94.9%, 50ms/97.3%, 100ms/98.3%
[2020-07-12T01:14:13.608+0000][5284][gc,marking  ] GC(109) Mark: 1 stripe(s), 2 proactive flush(es), 1 terminate flush(es), 1 completion(s), 0 continuation(s) 
[2020-07-12T01:14:13.608+0000][5284][gc,reloc    ] GC(109) Relocation: Successful, 1M relocated
[2020-07-12T01:14:13.608+0000][5284][gc,nmethod  ] GC(109) NMethods: 5637 registered, 62 unregistered
[2020-07-12T01:14:13.608+0000][5284][gc,metaspace] GC(109) Metaspace: 78M used, 81M capacity, 81M committed, 82M reserved
[2020-07-12T01:14:13.608+0000][5284][gc,ref      ] GC(109) Soft: 3922 encountered, 0 discovered, 0 enqueued
[2020-07-12T01:14:13.608+0000][5284][gc,ref      ] GC(109) Weak: 6657 encountered, 4332 discovered, 0 enqueued
[2020-07-12T01:14:13.608+0000][5284][gc,ref      ] GC(109) Final: 3 encountered, 0 discovered, 0 enqueued
[2020-07-12T01:14:13.608+0000][5284][gc,ref      ] GC(109) Phantom: 435 encountered, 294 discovered, 0 enqueued
[2020-07-12T01:14:13.608+0000][5284][gc,heap     ] GC(109) Min Capacity: 4096M(100%)
[2020-07-12T01:14:13.608+0000][5284][gc,heap     ] GC(109) Max Capacity: 4096M(100%)
[2020-07-12T01:14:13.608+0000][5284][gc,heap     ] GC(109) Soft Max Capacity: 4096M(100%)
[2020-07-12T01:14:13.608+0000][5284][gc,heap     ] GC(109)                Mark Start          Mark End        Relocate Start      Relocate End           High               Low         
[2020-07-12T01:14:13.608+0000][5284][gc,heap     ] GC(109)  Capacity:     4096M (100%)       4096M (100%)       4096M (100%)       4096M (100%)       4096M (100%)       4096M (100%)   
[2020-07-12T01:14:13.608+0000][5284][gc,heap     ] GC(109)   Reserve:       42M (1%)           42M (1%)           42M (1%)           42M (1%)           42M (1%)           42M (1%)     
[2020-07-12T01:14:13.608+0000][5284][gc,heap     ] GC(109)      Free:     3510M (86%)        3482M (85%)        3910M (95%)        3950M (96%)        3950M (96%)        3470M (85%)    
[2020-07-12T01:14:13.608+0000][5284][gc,heap     ] GC(109)      Used:      544M (13%)         572M (14%)         144M (4%)          104M (3%)          584M (14%)         104M (3%)     
[2020-07-12T01:14:13.608+0000][5284][gc,heap     ] GC(109)      Live:         -                28M (1%)           28M (1%)           28M (1%)             -                  -          
[2020-07-12T01:14:13.608+0000][5284][gc,heap     ] GC(109) Allocated:         -                28M (1%)           40M (1%)           44M (1%)             -                  -          
[2020-07-12T01:14:13.608+0000][5284][gc,heap     ] GC(109)   Garbage:         -               515M (13%)          75M (2%)           35M (1%)             -                  -          
[2020-07-12T01:14:13.608+0000][5284][gc,heap     ] GC(109) Reclaimed:         -                  -               440M (11%)         480M (12%)            -                  -          
[2020-07-12T01:14:13.608+0000][5284][gc          ] GC(109) Garbage Collection (Proactive) 544M(13%)->104M(3%)
[2020-07-12T01:14:17.924+0000][5284][gc,heap     ] GC(110) Heap before GC invocations=110 (full 110): ZHeap           used 636M, capacity 4096M, max capacity 4096M
[2020-07-12T01:14:17.924+0000][5284][gc,heap     ] GC(110)  Metaspace       used 80267K, capacity 83037K, committed 83268K, reserved 83968K
[2020-07-12T01:14:17.924+0000][5284][gc,start    ] GC(110) Garbage Collection (Proactive)
[2020-07-12T01:14:17.925+0000][5284][gc,phases   ] GC(110) Pause Mark Start 0.681ms
[2020-07-12T01:14:17.925+0000][5284][safepoint   ] Safepoint "ZMarkStart", Time since last: 4318089232 ns, Reaching safepoint: 76920 ns, At safepoint: 702817 ns, Total: 779737 ns
[2020-07-12T01:14:17.971+0000][5284][gc,phases   ] GC(110) Concurrent Mark 45.594ms
[2020-07-12T01:14:17.971+0000][5284][gc,phases   ] GC(110) Pause Mark End 0.331ms
[2020-07-12T01:14:17.971+0000][5284][safepoint   ] Safepoint "ZMarkEnd", Time since last: 45735360 ns, Reaching safepoint: 65334 ns, At safepoint: 353226 ns, Total: 418560 ns
[2020-07-12T01:14:17.999+0000][5284][gc,phases   ] GC(110) Concurrent Process Non-Strong References 27.569ms
[2020-07-12T01:14:17.999+0000][5284][gc,phases   ] GC(110) Concurrent Reset Relocation Set 0.003ms
[2020-07-12T01:14:18.000+0000][5284][gc,phases   ] GC(110) Concurrent Select Relocation Set 0.993ms
[2020-07-12T01:14:18.000+0000][5284][gc,phases   ] GC(110) Pause Relocate Start 0.075ms
[2020-07-12T01:14:18.000+0000][5284][safepoint   ] Safepoint "ZRelocateStart", Time since last: 28717819 ns, Reaching safepoint: 48705 ns, At safepoint: 111063 ns, Total: 159768 ns
[2020-07-12T01:14:18.002+0000][5284][gc,phases   ] GC(110) Concurrent Relocate 1.293ms
[2020-07-12T01:14:18.002+0000][5284][gc,heap     ] GC(110) Heap after GC invocations=111 (full 111): ZHeap           used 70M, capacity 4096M, max capacity 4096M
[2020-07-12T01:14:18.002+0000][5284][gc,heap     ] GC(110)  Metaspace       used 80267K, capacity 83037K, committed 83268K, reserved 83968K
[2020-07-12T01:14:18.002+0000][5284][gc,load     ] GC(110) Load: 1.52/1.52/0.95
[2020-07-12T01:14:18.002+0000][5284][gc,mmu      ] GC(110) MMU: 2ms/49.3%, 5ms/79.7%, 10ms/89.9%, 20ms/94.9%, 50ms/97.3%, 100ms/98.3%
[2020-07-12T01:14:18.002+0000][5284][gc,marking  ] GC(110) Mark: 1 stripe(s), 2 proactive flush(es), 1 terminate flush(es), 1 completion(s), 0 continuation(s) 
[2020-07-12T01:14:18.002+0000][5284][gc,reloc    ] GC(110) Relocation: Successful, 1M relocated
[2020-07-12T01:14:18.002+0000][5284][gc,nmethod  ] GC(110) NMethods: 5637 registered, 62 unregistered
[2020-07-12T01:14:18.002+0000][5284][gc,metaspace] GC(110) Metaspace: 78M used, 81M capacity, 81M committed, 82M reserved
[2020-07-12T01:14:18.002+0000][5284][gc,ref      ] GC(110) Soft: 3922 encountered, 0 discovered, 0 enqueued
[2020-07-12T01:14:18.002+0000][5284][gc,ref      ] GC(110) Weak: 6656 encountered, 4331 discovered, 0 enqueued
[2020-07-12T01:14:18.002+0000][5284][gc,ref      ] GC(110) Final: 3 encountered, 0 discovered, 0 enqueued
[2020-07-12T01:14:18.002+0000][5284][gc,ref      ] GC(110) Phantom: 435 encountered, 294 discovered, 0 enqueued
[2020-07-12T01:14:18.002+0000][5284][gc,heap     ] GC(110) Min Capacity: 4096M(100%)
[2020-07-12T01:14:18.002+0000][5284][gc,heap     ] GC(110) Max Capacity: 4096M(100%)
[2020-07-12T01:14:18.002+0000][5284][gc,heap     ] GC(110) Soft Max Capacity: 4096M(100%)
[2020-07-12T01:14:18.002+0000][5284][gc,heap     ] GC(110)                Mark Start          Mark End        Relocate Start      Relocate End           High               Low         
[2020-07-12T01:14:18.002+0000][5284][gc,heap     ] GC(110)  Capacity:     4096M (100%)       4096M (100%)       4096M (100%)       4096M (100%)       4096M (100%)       4096M (100%)   
[2020-07-12T01:14:18.002+0000][5284][gc,heap     ] GC(110)   Reserve:       42M (1%)           42M (1%)           42M (1%)           42M (1%)           42M (1%)           42M (1%)     
[2020-07-12T01:14:18.002+0000][5284][gc,heap     ] GC(110)      Free:     3418M (83%)        3416M (83%)        3954M (97%)        3984M (97%)        3984M (97%)        3416M (83%)    
[2020-07-12T01:14:18.002+0000][5284][gc,heap     ] GC(110)      Used:      636M (16%)         638M (16%)         100M (2%)           70M (2%)          638M (16%)          70M (2%)     
[2020-07-12T01:14:18.002+0000][5284][gc,heap     ] GC(110)      Live:         -                28M (1%)           28M (1%)           28M (1%)             -                  -          
[2020-07-12T01:14:18.002+0000][5284][gc,heap     ] GC(110) Allocated:         -                 2M (0%)            2M (0%)           10M (0%)             -                  -          
[2020-07-12T01:14:18.002+0000][5284][gc,heap     ] GC(110)   Garbage:         -               607M (15%)          69M (2%)           39M (1%)             -                  -          
[2020-07-12T01:14:18.002+0000][5284][gc,heap     ] GC(110) Reclaimed:         -                  -               538M (13%)         568M (14%)            -                  -          
[2020-07-12T01:14:18.002+0000][5284][gc          ] GC(110) Garbage Collection (Proactive) 636M(16%)->70M(2%)
[2020-07-12T01:14:18.924+0000][5284][gc,stats    ] === Garbage Collection Statistics =======================================================================================================================
[2020-07-12T01:14:18.924+0000][5284][gc,stats    ]                                                              Last 10s              Last 10m              Last 10h                Total
[2020-07-12T01:14:18.924+0000][5284][gc,stats    ]                                                              Avg / Max             Avg / Max             Avg / Max             Avg / Max
[2020-07-12T01:14:18.924+0000][5284][gc,stats    ]   Collector: Garbage Collection Cycle                     80.441 / 84.367       79.520 / 117.511      79.520 / 117.511      79.520 / 117.511     ms
[2020-07-12T01:14:18.924+0000][5284][gc,stats    ]  Contention: Mark Segment Reset Contention                     0 / 0                 0 / 0                 0 / 0                 0 / 0           ops/s
[2020-07-12T01:14:18.924+0000][5284][gc,stats    ]  Contention: Mark SeqNum Reset Contention                      0 / 0                 0 / 0                 0 / 0                 0 / 0           ops/s
[2020-07-12T01:14:18.924+0000][5284][gc,stats    ]  Contention: Relocation Contention                             0 / 0                 0 / 12                0 / 12                0 / 12          ops/s
[2020-07-12T01:14:18.924+0000][5284][gc,stats    ]    Critical: Allocation Stall                              0.000 / 0.000         0.000 / 0.000         0.000 / 0.000         0.000 / 0.000       ms
[2020-07-12T01:14:18.924+0000][5284][gc,stats    ]    Critical: Allocation Stall                                  0 / 0                 0 / 0                 0 / 0                 0 / 0           ops/s
[2020-07-12T01:14:18.924+0000][5284][gc,stats    ]    Critical: GC Locker Stall                               0.000 / 0.000         0.093 / 0.093         0.093 / 0.093         0.093 / 0.093       ms
[2020-07-12T01:14:18.924+0000][5284][gc,stats    ]    Critical: GC Locker Stall                                   0 / 0                 0 / 1                 0 / 1                 0 / 1           ops/s
[2020-07-12T01:14:18.924+0000][5284][gc,stats    ]      Memory: Allocation Rate                                 117 / 128             112 / 242             112 / 242             112 / 242         MB/s
[2020-07-12T01:14:18.924+0000][5284][gc,stats    ]      Memory: Heap Used After Mark                            581 / 638             589 / 1286            589 / 1286            589 / 1286        MB
[2020-07-12T01:14:18.924+0000][5284][gc,stats    ]      Memory: Heap Used After Relocation                       81 / 104              81 / 116              81 / 116              81 / 116         MB
[2020-07-12T01:14:18.924+0000][5284][gc,stats    ]      Memory: Heap Used Before Mark                           570 / 636             576 / 1270            576 / 1270            576 / 1270        MB
[2020-07-12T01:14:18.924+0000][5284][gc,stats    ]      Memory: Heap Used Before Relocation                     116 / 144             128 / 338             128 / 338             128 / 338         MB
[2020-07-12T01:14:18.924+0000][5284][gc,stats    ]      Memory: Out Of Memory                                     0 / 0                 0 / 0                 0 / 0                 0 / 0           ops/s
[2020-07-12T01:14:18.924+0000][5284][gc,stats    ]      Memory: Page Cache Flush                                  0 / 0                 0 / 0                 0 / 0                 0 / 0           MB/s
[2020-07-12T01:14:18.924+0000][5284][gc,stats    ]      Memory: Page Cache Hit L1                                59 / 68               55 / 124              55 / 124              55 / 124         ops/s
[2020-07-12T01:14:18.924+0000][5284][gc,stats    ]      Memory: Page Cache Hit L2                                 0 / 0                 0 / 0                 0 / 0                 0 / 0           ops/s
[2020-07-12T01:14:18.924+0000][5284][gc,stats    ]      Memory: Page Cache Hit L3                                 0 / 0                 1 / 96                1 / 96                1 / 96          ops/s
[2020-07-12T01:14:18.924+0000][5284][gc,stats    ]      Memory: Page Cache Miss                                   0 / 0                 0 / 0                 0 / 0                 0 / 0           ops/s
[2020-07-12T01:14:18.924+0000][5284][gc,stats    ]      Memory: Uncommit                                          0 / 0                 0 / 0                 0 / 0                 0 / 0           MB/s
[2020-07-12T01:14:18.924+0000][5284][gc,stats    ]      Memory: Undo Object Allocation Failed                     0 / 0                 0 / 0                 0 / 0                 0 / 0           ops/s
[2020-07-12T01:14:18.924+0000][5284][gc,stats    ]      Memory: Undo Object Allocation Succeeded                  0 / 0                 0 / 12                0 / 12                0 / 12          ops/s
[2020-07-12T01:14:18.924+0000][5284][gc,stats    ]      Memory: Undo Page Allocation                              0 / 0                 0 / 0                 0 / 0                 0 / 0           ops/s
[2020-07-12T01:14:18.924+0000][5284][gc,stats    ]       Phase: Concurrent Mark                              47.947 / 50.928       48.423 / 77.269       48.423 / 77.269       48.423 / 77.269      ms
[2020-07-12T01:14:18.924+0000][5284][gc,stats    ]       Phase: Concurrent Mark Continue                      0.000 / 0.000         0.000 / 0.000         0.000 / 0.000         0.000 / 0.000       ms
[2020-07-12T01:14:18.924+0000][5284][gc,stats    ]       Phase: Concurrent Process Non-Strong References     28.382 / 28.939       26.496 / 42.104       26.496 / 42.104       26.496 / 42.104      ms
[2020-07-12T01:14:18.924+0000][5284][gc,stats    ]       Phase: Concurrent Relocate                           1.333 / 1.405         1.693 / 18.136        1.693 / 18.136        1.693 / 18.136      ms
[2020-07-12T01:14:18.924+0000][5284][gc,stats    ]       Phase: Concurrent Reset Relocation Set               0.004 / 0.004         0.004 / 0.015         0.004 / 0.015         0.004 / 0.015       ms
[2020-07-12T01:14:18.924+0000][5284][gc,stats    ]       Phase: Concurrent Select Relocation Set              1.000 / 1.020         1.059 / 5.622         1.059 / 5.622         1.059 / 5.622       ms
[2020-07-12T01:14:18.924+0000][5284][gc,stats    ]       Phase: Pause Mark End                                0.315 / 0.361         0.345 / 0.654         0.345 / 0.654         0.345 / 0.654       ms
[2020-07-12T01:14:18.924+0000][5284][gc,stats    ]       Phase: Pause Mark Start                              0.314 / 0.681         0.184 / 0.724         0.184 / 0.724         0.184 / 0.724       ms
[2020-07-12T01:14:18.924+0000][5284][gc,stats    ]       Phase: Pause Relocate Start                          0.146 / 0.243         0.136 / 1.014         0.136 / 1.014         0.136 / 1.014       ms
[2020-07-12T01:14:18.924+0000][5284][gc,stats    ]    Subphase: Concurrent Classes Purge                      0.810 / 1.159         0.793 / 8.877         0.793 / 8.877         0.793 / 8.877       ms
[2020-07-12T01:14:18.924+0000][5284][gc,stats    ]    Subphase: Concurrent Classes Unlink                    25.977 / 26.300       23.929 / 38.550       23.929 / 38.550       23.929 / 38.550      ms
[2020-07-12T01:14:18.924+0000][5284][gc,stats    ]    Subphase: Concurrent Mark                              47.419 / 50.429       47.614 / 76.517       47.614 / 76.517       47.614 / 76.517      ms
[2020-07-12T01:14:18.924+0000][5284][gc,stats    ]    Subphase: Concurrent Mark Idle                          0.000 / 0.000         0.000 / 0.000         0.000 / 0.000         0.000 / 0.000       ms
[2020-07-12T01:14:18.924+0000][5284][gc,stats    ]    Subphase: Concurrent Mark Try Flush                     0.088 / 0.141         0.127 / 4.734         0.127 / 4.734         0.127 / 4.734       ms
[2020-07-12T01:14:18.924+0000][5284][gc,stats    ]    Subphase: Concurrent Mark Try Terminate                 0.038 / 0.119         0.084 / 4.736         0.084 / 4.736         0.084 / 4.736       ms
[2020-07-12T01:14:18.924+0000][5284][gc,stats    ]    Subphase: Concurrent References Enqueue                 0.001 / 0.001         0.001 / 0.004         0.001 / 0.004         0.001 / 0.004       ms
[2020-07-12T01:14:18.924+0000][5284][gc,stats    ]    Subphase: Concurrent References Process                 0.509 / 0.548         0.527 / 1.144         0.527 / 1.144         0.527 / 1.144       ms
[2020-07-12T01:14:18.924+0000][5284][gc,stats    ]    Subphase: Concurrent Roots                              0.231 / 0.232         0.321 / 1.449         0.321 / 1.449         0.321 / 1.449       ms
[2020-07-12T01:14:18.924+0000][5284][gc,stats    ]    Subphase: Concurrent Roots ClassLoaderDataGraph         0.226 / 0.227         0.315 / 1.421         0.315 / 1.421         0.315 / 1.421       ms
[2020-07-12T01:14:18.924+0000][5284][gc,stats    ]    Subphase: Concurrent Roots JNIHandles                   0.003 / 0.003         0.004 / 0.017         0.004 / 0.017         0.004 / 0.017       ms
[2020-07-12T01:14:18.924+0000][5284][gc,stats    ]    Subphase: Concurrent Roots Setup                        0.161 / 0.166         0.191 / 0.465         0.191 / 0.465         0.191 / 0.465       ms
[2020-07-12T01:14:18.924+0000][5284][gc,stats    ]    Subphase: Concurrent Roots Teardown                     0.000 / 0.000         0.000 / 0.002         0.000 / 0.002         0.000 / 0.002       ms
[2020-07-12T01:14:18.924+0000][5284][gc,stats    ]    Subphase: Concurrent Roots VMHandles                    0.000 / 0.000         0.000 / 0.000         0.000 / 0.000         0.000 / 0.000       ms
[2020-07-12T01:14:18.924+0000][5284][gc,stats    ]    Subphase: Concurrent Weak Roots                         0.942 / 1.014         0.909 / 1.534         0.909 / 1.534         0.909 / 1.534       ms
[2020-07-12T01:14:18.924+0000][5284][gc,stats    ]    Subphase: Concurrent Weak Roots JNIWeakHandles          0.001 / 0.001         0.001 / 0.004         0.001 / 0.004         0.001 / 0.004       ms
[2020-07-12T01:14:18.924+0000][5284][gc,stats    ]    Subphase: Concurrent Weak Roots ResolvedMethodTable     0.097 / 0.108         0.095 / 0.181         0.095 / 0.181         0.095 / 0.181       ms
[2020-07-12T01:14:18.924+0000][5284][gc,stats    ]    Subphase: Concurrent Weak Roots StringTable             0.757 / 0.791         0.752 / 1.341         0.752 / 1.341         0.752 / 1.341       ms
[2020-07-12T01:14:18.924+0000][5284][gc,stats    ]    Subphase: Concurrent Weak Roots VMWeakHandles           0.083 / 0.125         0.057 / 0.125         0.057 / 0.125         0.057 / 0.125       ms
[2020-07-12T01:14:18.924+0000][5284][gc,stats    ]    Subphase: Pause Mark Try Complete                       0.165 / 0.166         0.156 / 0.214         0.156 / 0.214         0.156 / 0.214       ms
[2020-07-12T01:14:18.924+0000][5284][gc,stats    ]    Subphase: Pause Roots                                   0.034 / 0.077         0.039 / 0.936         0.039 / 0.936         0.039 / 0.936       ms
[2020-07-12T01:14:18.924+0000][5284][gc,stats    ]    Subphase: Pause Roots CodeCache                         0.000 / 0.000         0.000 / 0.000         0.000 / 0.000         0.000 / 0.000       ms
[2020-07-12T01:14:18.924+0000][5284][gc,stats    ]    Subphase: Pause Roots JVMTIExport                       0.001 / 0.002         0.002 / 0.008         0.002 / 0.008         0.002 / 0.008       ms
[2020-07-12T01:14:18.924+0000][5284][gc,stats    ]    Subphase: Pause Roots JVMTIWeakExport                   0.001 / 0.001         0.001 / 0.001         0.001 / 0.001         0.001 / 0.001       ms
[2020-07-12T01:14:18.924+0000][5284][gc,stats    ]    Subphase: Pause Roots Management                        0.001 / 0.001         0.001 / 0.009         0.001 / 0.009         0.001 / 0.009       ms
[2020-07-12T01:14:18.924+0000][5284][gc,stats    ]    Subphase: Pause Roots ObjectSynchronizer                0.000 / 0.001         0.000 / 0.001         0.000 / 0.001         0.000 / 0.001       ms
[2020-07-12T01:14:18.924+0000][5284][gc,stats    ]    Subphase: Pause Roots Setup                             0.000 / 0.001         0.001 / 0.036         0.001 / 0.036         0.001 / 0.036       ms
[2020-07-12T01:14:18.924+0000][5284][gc,stats    ]    Subphase: Pause Roots SystemDictionary                  0.010 / 0.010         0.012 / 0.042         0.012 / 0.042         0.012 / 0.042       ms
[2020-07-12T01:14:18.924+0000][5284][gc,stats    ]    Subphase: Pause Roots Teardown                          0.001 / 0.001         0.001 / 0.013         0.001 / 0.013         0.001 / 0.013       ms
[2020-07-12T01:14:18.924+0000][5284][gc,stats    ]    Subphase: Pause Roots Threads                           0.036 / 0.074         0.046 / 0.913         0.046 / 0.913         0.046 / 0.913       ms
[2020-07-12T01:14:18.924+0000][5284][gc,stats    ]    Subphase: Pause Roots Universe                          0.002 / 0.003         0.002 / 0.011         0.002 / 0.011         0.002 / 0.011       ms
[2020-07-12T01:14:18.924+0000][5284][gc,stats    ]    Subphase: Pause Weak Roots                              0.009 / 0.047         0.010 / 0.087         0.010 / 0.087         0.010 / 0.087       ms
[2020-07-12T01:14:18.924+0000][5284][gc,stats    ]    Subphase: Pause Weak Roots JFRWeak                      0.045 / 0.046         0.047 / 0.084         0.047 / 0.084         0.047 / 0.084       ms
[2020-07-12T01:14:18.924+0000][5284][gc,stats    ]    Subphase: Pause Weak Roots JVMTIWeakExport              0.001 / 0.001         0.001 / 0.002         0.001 / 0.002         0.001 / 0.002       ms
[2020-07-12T01:14:18.924+0000][5284][gc,stats    ]    Subphase: Pause Weak Roots Setup                        0.000 / 0.000         0.000 / 0.001         0.000 / 0.001         0.000 / 0.001       ms
[2020-07-12T01:14:18.924+0000][5284][gc,stats    ]    Subphase: Pause Weak Roots Teardown                     0.000 / 0.000         0.000 / 0.000         0.000 / 0.000         0.000 / 0.000       ms
[2020-07-12T01:14:18.924+0000][5284][gc,stats    ]      System: Java Threads                                     37 / 37               36 / 38               36 / 38               36 / 38          threads
[2020-07-12T01:14:18.924+0000][5284][gc,stats    ] =========================================================================================================================================================
[2020-07-12T01:14:20.351+0000][5284][safepoint   ] Safepoint "ClassLoaderStatsOperation", Time since last: 2347591749 ns, Reaching safepoint: 69277 ns, At safepoint: 3108767 ns, Total: 3178044 ns
[2020-07-12T01:14:20.357+0000][5284][safepoint   ] Safepoint "JFRCheckpoint", Time since last: 5484248 ns, Reaching safepoint: 64427 ns, At safepoint: 489500 ns, Total: 553927 ns
[2020-07-12T01:14:20.372+0000][5284][safepoint   ] Safepoint "ClassLoaderStatsOperation", Time since last: 13758105 ns, Reaching safepoint: 63003 ns, At safepoint: 1406538 ns, Total: 1469541 ns
[2020-07-12T01:14:21.373+0000][5284][safepoint   ] Safepoint "Cleanup", Time since last: 1000250865 ns, Reaching safepoint: 84137 ns, At safepoint: 1678 ns, Total: 85815 ns
[2020-07-12T01:14:22.225+0000][5284][gc,heap     ] GC(111) Heap before GC invocations=111 (full 111): ZHeap           used 538M, capacity 4096M, max capacity 4096M
[2020-07-12T01:14:22.225+0000][5284][gc,heap     ] GC(111)  Metaspace       used 80288K, capacity 83042K, committed 83268K, reserved 83968K
[2020-07-12T01:14:22.225+0000][5284][gc,start    ] GC(111) Garbage Collection (Proactive)
[2020-07-12T01:14:22.225+0000][5284][gc,phases   ] GC(111) Pause Mark Start 0.150ms
[2020-07-12T01:14:22.225+0000][5284][safepoint   ] Safepoint "ZMarkStart", Time since last: 852303514 ns, Reaching safepoint: 100384 ns, At safepoint: 172420 ns, Total: 272804 ns
[2020-07-12T01:14:22.272+0000][5284][gc,phases   ] GC(111) Concurrent Mark 46.812ms
[2020-07-12T01:14:22.273+0000][5284][gc,phases   ] GC(111) Pause Mark End 0.371ms
[2020-07-12T01:14:22.273+0000][5284][safepoint   ] Safepoint "ZMarkEnd", Time since last: 46963464 ns, Reaching safepoint: 108739 ns, At safepoint: 394664 ns, Total: 503403 ns
[2020-07-12T01:14:22.303+0000][5284][gc,phases   ] GC(111) Concurrent Process Non-Strong References 30.634ms
[2020-07-12T01:14:22.303+0000][5284][gc,phases   ] GC(111) Concurrent Reset Relocation Set 0.003ms
[2020-07-12T01:14:22.305+0000][5284][gc,phases   ] GC(111) Concurrent Select Relocation Set 1.278ms
[2020-07-12T01:14:22.305+0000][5284][gc,phases   ] GC(111) Pause Relocate Start 0.116ms
[2020-07-12T01:14:22.305+0000][5284][safepoint   ] Safepoint "ZRelocateStart", Time since last: 31989983 ns, Reaching safepoint: 130466 ns, At safepoint: 134958 ns, Total: 265424 ns
[2020-07-12T01:14:22.306+0000][5284][gc,phases   ] GC(111) Concurrent Relocate 1.481ms
[2020-07-12T01:14:22.306+0000][5284][gc,heap     ] GC(111) Heap after GC invocations=112 (full 112): ZHeap           used 70M, capacity 4096M, max capacity 4096M
[2020-07-12T01:14:22.306+0000][5284][gc,heap     ] GC(111)  Metaspace       used 80288K, capacity 83042K, committed 83268K, reserved 83968K
[2020-07-12T01:14:22.307+0000][5284][gc,load     ] GC(111) Load: 1.56/1.53/0.96
[2020-07-12T01:14:22.307+0000][5284][gc,mmu      ] GC(111) MMU: 2ms/49.3%, 5ms/79.7%, 10ms/89.9%, 20ms/94.9%, 50ms/97.3%, 100ms/98.3%
[2020-07-12T01:14:22.307+0000][5284][gc,marking  ] GC(111) Mark: 1 stripe(s), 2 proactive flush(es), 1 terminate flush(es), 1 completion(s), 0 continuation(s) 
[2020-07-12T01:14:22.307+0000][5284][gc,reloc    ] GC(111) Relocation: Successful, 1M relocated
[2020-07-12T01:14:22.307+0000][5284][gc,nmethod  ] GC(111) NMethods: 5648 registered, 62 unregistered
[2020-07-12T01:14:22.307+0000][5284][gc,metaspace] GC(111) Metaspace: 78M used, 81M capacity, 81M committed, 82M reserved
[2020-07-12T01:14:22.307+0000][5284][gc,ref      ] GC(111) Soft: 3923 encountered, 0 discovered, 0 enqueued
[2020-07-12T01:14:22.307+0000][5284][gc,ref      ] GC(111) Weak: 6659 encountered, 4334 discovered, 0 enqueued
[2020-07-12T01:14:22.307+0000][5284][gc,ref      ] GC(111) Final: 5 encountered, 1 discovered, 1 enqueued
[2020-07-12T01:14:22.307+0000][5284][gc,ref      ] GC(111) Phantom: 435 encountered, 294 discovered, 0 enqueued
[2020-07-12T01:14:22.307+0000][5284][gc,heap     ] GC(111) Min Capacity: 4096M(100%)
[2020-07-12T01:14:22.307+0000][5284][gc,heap     ] GC(111) Max Capacity: 4096M(100%)
[2020-07-12T01:14:22.307+0000][5284][gc,heap     ] GC(111) Soft Max Capacity: 4096M(100%)
[2020-07-12T01:14:22.307+0000][5284][gc,heap     ] GC(111)                Mark Start          Mark End        Relocate Start      Relocate End           High               Low         
[2020-07-12T01:14:22.307+0000][5284][gc,heap     ] GC(111)  Capacity:     4096M (100%)       4096M (100%)       4096M (100%)       4096M (100%)       4096M (100%)       4096M (100%)   
[2020-07-12T01:14:22.307+0000][5284][gc,heap     ] GC(111)   Reserve:       42M (1%)           42M (1%)           42M (1%)           42M (1%)           42M (1%)           42M (1%)     
[2020-07-12T01:14:22.307+0000][5284][gc,heap     ] GC(111)      Free:     3516M (86%)        3512M (86%)        3954M (97%)        3984M (97%)        3984M (97%)        3512M (86%)    
[2020-07-12T01:14:22.307+0000][5284][gc,heap     ] GC(111)      Used:      538M (13%)         542M (13%)         100M (2%)           70M (2%)          542M (13%)          70M (2%)     
[2020-07-12T01:14:22.307+0000][5284][gc,heap     ] GC(111)      Live:         -                28M (1%)           28M (1%)           28M (1%)             -                  -          
[2020-07-12T01:14:22.307+0000][5284][gc,heap     ] GC(111) Allocated:         -                 4M (0%)            4M (0%)           10M (0%)             -                  -          
[2020-07-12T01:14:22.307+0000][5284][gc,heap     ] GC(111)   Garbage:         -               509M (12%)          67M (2%)           37M (1%)             -                  -          
[2020-07-12T01:14:22.307+0000][5284][gc,heap     ] GC(111) Reclaimed:         -                  -               442M (11%)         472M (12%)            -                  -          
[2020-07-12T01:14:22.307+0000][5284][gc          ] GC(111) Garbage Collection (Proactive) 538M(13%)->70M(2%)
[2020-07-12T01:14:26.523+0000][5284][gc,heap     ] GC(112) Heap before GC invocations=112 (full 112): ZHeap           used 542M, capacity 4096M, max capacity 4096M
[2020-07-12T01:14:26.524+0000][5284][gc,heap     ] GC(112)  Metaspace       used 80288K, capacity 83042K, committed 83268K, reserved 83968K
[2020-07-12T01:14:26.524+0000][5284][gc,start    ] GC(112) Garbage Collection (Proactive)
[2020-07-12T01:14:26.524+0000][5284][gc,phases   ] GC(112) Pause Mark Start 0.105ms
[2020-07-12T01:14:26.524+0000][5284][safepoint   ] Safepoint "ZMarkStart", Time since last: 4218575651 ns, Reaching safepoint: 118273 ns, At safepoint: 130899 ns, Total: 249172 ns
[2020-07-12T01:14:26.575+0000][5284][gc,phases   ] GC(112) Concurrent Mark 51.090ms
[2020-07-12T01:14:26.575+0000][5284][gc,phases   ] GC(112) Pause Mark End 0.329ms
[2020-07-12T01:14:26.575+0000][5284][safepoint   ] Safepoint "ZMarkEnd", Time since last: 51161799 ns, Reaching safepoint: 55954 ns, At safepoint: 350530 ns, Total: 406484 ns
[2020-07-12T01:14:26.605+0000][5284][gc,phases   ] GC(112) Concurrent Process Non-Strong References 29.481ms
[2020-07-12T01:14:26.605+0000][5284][gc,phases   ] GC(112) Concurrent Reset Relocation Set 0.003ms
[2020-07-12T01:14:26.606+0000][5284][gc,phases   ] GC(112) Concurrent Select Relocation Set 0.973ms
[2020-07-12T01:14:26.606+0000][5284][gc,phases   ] GC(112) Pause Relocate Start 0.091ms
[2020-07-12T01:14:26.606+0000][5284][safepoint   ] Safepoint "ZRelocateStart", Time since last: 30518561 ns, Reaching safepoint: 93622 ns, At safepoint: 111142 ns, Total: 204764 ns
[2020-07-12T01:14:26.607+0000][5284][gc,phases   ] GC(112) Concurrent Relocate 1.264ms
[2020-07-12T01:14:26.607+0000][5284][gc,heap     ] GC(112) Heap after GC invocations=113 (full 113): ZHeap           used 106M, capacity 4096M, max capacity 4096M
[2020-07-12T01:14:26.607+0000][5284][gc,heap     ] GC(112)  Metaspace       used 80288K, capacity 83042K, committed 83268K, reserved 83968K
[2020-07-12T01:14:26.607+0000][5284][gc,load     ] GC(112) Load: 1.59/1.54/0.96
[2020-07-12T01:14:26.607+0000][5284][gc,mmu      ] GC(112) MMU: 2ms/49.3%, 5ms/79.7%, 10ms/89.9%, 20ms/94.9%, 50ms/97.3%, 100ms/98.3%
[2020-07-12T01:14:26.607+0000][5284][gc,marking  ] GC(112) Mark: 1 stripe(s), 2 proactive flush(es), 1 terminate flush(es), 1 completion(s), 0 continuation(s) 
[2020-07-12T01:14:26.607+0000][5284][gc,reloc    ] GC(112) Relocation: Successful, 1M relocated
[2020-07-12T01:14:26.607+0000][5284][gc,nmethod  ] GC(112) NMethods: 5648 registered, 62 unregistered
[2020-07-12T01:14:26.607+0000][5284][gc,metaspace] GC(112) Metaspace: 78M used, 81M capacity, 81M committed, 82M reserved
[2020-07-12T01:14:26.607+0000][5284][gc,ref      ] GC(112) Soft: 3923 encountered, 0 discovered, 0 enqueued
[2020-07-12T01:14:26.607+0000][5284][gc,ref      ] GC(112) Weak: 6656 encountered, 4331 discovered, 0 enqueued
[2020-07-12T01:14:26.607+0000][5284][gc,ref      ] GC(112) Final: 4 encountered, 0 discovered, 0 enqueued
[2020-07-12T01:14:26.607+0000][5284][gc,ref      ] GC(112) Phantom: 435 encountered, 294 discovered, 0 enqueued
[2020-07-12T01:14:26.607+0000][5284][gc,heap     ] GC(112) Min Capacity: 4096M(100%)
[2020-07-12T01:14:26.607+0000][5284][gc,heap     ] GC(112) Max Capacity: 4096M(100%)
[2020-07-12T01:14:26.607+0000][5284][gc,heap     ] GC(112) Soft Max Capacity: 4096M(100%)
[2020-07-12T01:14:26.607+0000][5284][gc,heap     ] GC(112)                Mark Start          Mark End        Relocate Start      Relocate End           High               Low         
[2020-07-12T01:14:26.607+0000][5284][gc,heap     ] GC(112)  Capacity:     4096M (100%)       4096M (100%)       4096M (100%)       4096M (100%)       4096M (100%)       4096M (100%)   
[2020-07-12T01:14:26.608+0000][5284][gc,heap     ] GC(112)   Reserve:       42M (1%)           42M (1%)           42M (1%)           42M (1%)           42M (1%)           42M (1%)     
[2020-07-12T01:14:26.608+0000][5284][gc,heap     ] GC(112)      Free:     3510M (86%)        3486M (85%)        3908M (95%)        3948M (96%)        3948M (96%)        3472M (85%)    
[2020-07-12T01:14:26.608+0000][5284][gc,heap     ] GC(112)      Used:      544M (13%)         568M (14%)         146M (4%)          106M (3%)          582M (14%)         106M (3%)     
[2020-07-12T01:14:26.608+0000][5284][gc,heap     ] GC(112)      Live:         -                28M (1%)           28M (1%)           28M (1%)             -                  -          
[2020-07-12T01:14:26.608+0000][5284][gc,heap     ] GC(112) Allocated:         -                24M (1%)           38M (1%)           46M (1%)             -                  -          
[2020-07-12T01:14:26.608+0000][5284][gc,heap     ] GC(112)   Garbage:         -               515M (13%)          79M (2%)           39M (1%)             -                  -          
[2020-07-12T01:14:26.608+0000][5284][gc,heap     ] GC(112) Reclaimed:         -                  -               436M (11%)         476M (12%)            -                  -          
[2020-07-12T01:14:26.608+0000][5284][gc          ] GC(112) Garbage Collection (Proactive) 544M(13%)->106M(3%)
[2020-07-12T01:14:28.924+0000][5284][gc,stats    ] === Garbage Collection Statistics =======================================================================================================================
[2020-07-12T01:14:28.924+0000][5284][gc,stats    ]                                                              Last 10s              Last 10m              Last 10h                Total
[2020-07-12T01:14:28.924+0000][5284][gc,stats    ]                                                              Avg / Max             Avg / Max             Avg / Max             Avg / Max
[2020-07-12T01:14:28.924+0000][5284][gc,stats    ]   Collector: Garbage Collection Cycle                     82.769 / 83.896       79.577 / 117.511      79.577 / 117.511      79.577 / 117.511     ms
[2020-07-12T01:14:28.924+0000][5284][gc,stats    ]  Contention: Mark Segment Reset Contention                     0 / 0                 0 / 0                 0 / 0                 0 / 0           ops/s
[2020-07-12T01:14:28.924+0000][5284][gc,stats    ]  Contention: Mark SeqNum Reset Contention                      0 / 0                 0 / 0                 0 / 0                 0 / 0           ops/s
[2020-07-12T01:14:28.924+0000][5284][gc,stats    ]  Contention: Relocation Contention                             0 / 0                 0 / 12                0 / 12                0 / 12          ops/s
[2020-07-12T01:14:28.924+0000][5284][gc,stats    ]    Critical: Allocation Stall                              0.000 / 0.000         0.000 / 0.000         0.000 / 0.000         0.000 / 0.000       ms
[2020-07-12T01:14:28.924+0000][5284][gc,stats    ]    Critical: Allocation Stall                                  0 / 0                 0 / 0                 0 / 0                 0 / 0           ops/s
[2020-07-12T01:14:28.924+0000][5284][gc,stats    ]    Critical: GC Locker Stall                               0.000 / 0.000         0.093 / 0.093         0.093 / 0.093         0.093 / 0.093       ms
[2020-07-12T01:14:28.924+0000][5284][gc,stats    ]    Critical: GC Locker Stall                                   0 / 0                 0 / 1                 0 / 1                 0 / 1           ops/s
[2020-07-12T01:14:28.924+0000][5284][gc,stats    ]      Memory: Allocation Rate                                 116 / 126             112 / 242             112 / 242             112 / 242         MB/s
[2020-07-12T01:14:28.924+0000][5284][gc,stats    ]      Memory: Heap Used After Mark                            555 / 568             588 / 1286            588 / 1286            588 / 1286        MB
[2020-07-12T01:14:28.924+0000][5284][gc,stats    ]      Memory: Heap Used After Relocation                       88 / 106              81 / 116              81 / 116              81 / 116         MB
[2020-07-12T01:14:28.924+0000][5284][gc,stats    ]      Memory: Heap Used Before Mark                           541 / 544             576 / 1270            576 / 1270            576 / 1270        MB
[2020-07-12T01:14:28.924+0000][5284][gc,stats    ]      Memory: Heap Used Before Relocation                     123 / 146             128 / 338             128 / 338             128 / 338         MB
[2020-07-12T01:14:28.924+0000][5284][gc,stats    ]      Memory: Out Of Memory                                     0 / 0                 0 / 0                 0 / 0                 0 / 0           ops/s
[2020-07-12T01:14:28.924+0000][5284][gc,stats    ]      Memory: Page Cache Flush                                  0 / 0                 0 / 0                 0 / 0                 0 / 0           MB/s
[2020-07-12T01:14:28.924+0000][5284][gc,stats    ]      Memory: Page Cache Hit L1                                58 / 66               55 / 124              55 / 124              55 / 124         ops/s
[2020-07-12T01:14:28.924+0000][5284][gc,stats    ]      Memory: Page Cache Hit L2                                 0 / 0                 0 / 0                 0 / 0                 0 / 0           ops/s
[2020-07-12T01:14:28.924+0000][5284][gc,stats    ]      Memory: Page Cache Hit L3                                 0 / 0                 1 / 96                1 / 96                1 / 96          ops/s
[2020-07-12T01:14:28.924+0000][5284][gc,stats    ]      Memory: Page Cache Miss                                   0 / 0                 0 / 0                 0 / 0                 0 / 0           ops/s
[2020-07-12T01:14:28.924+0000][5284][gc,stats    ]      Memory: Uncommit                                          0 / 0                 0 / 0                 0 / 0                 0 / 0           MB/s
[2020-07-12T01:14:28.925+0000][5284][gc,stats    ]      Memory: Undo Object Allocation Failed                     0 / 0                 0 / 0                 0 / 0                 0 / 0           ops/s
[2020-07-12T01:14:28.925+0000][5284][gc,stats    ]      Memory: Undo Object Allocation Succeeded                  0 / 0                 0 / 12                0 / 12                0 / 12          ops/s
[2020-07-12T01:14:28.925+0000][5284][gc,stats    ]      Memory: Undo Page Allocation                              0 / 0                 0 / 0                 0 / 0                 0 / 0           ops/s
[2020-07-12T01:14:28.925+0000][5284][gc,stats    ]       Phase: Concurrent Mark                              48.951 / 51.090       48.433 / 77.269       48.433 / 77.269       48.433 / 77.269      ms
[2020-07-12T01:14:28.925+0000][5284][gc,stats    ]       Phase: Concurrent Mark Continue                      0.000 / 0.000         0.000 / 0.000         0.000 / 0.000         0.000 / 0.000       ms
[2020-07-12T01:14:28.925+0000][5284][gc,stats    ]       Phase: Concurrent Process Non-Strong References     30.058 / 30.634       26.559 / 42.104       26.559 / 42.104       26.559 / 42.104      ms
[2020-07-12T01:14:28.925+0000][5284][gc,stats    ]       Phase: Concurrent Relocate                           1.372 / 1.481         1.687 / 18.136        1.687 / 18.136        1.687 / 18.136      ms
[2020-07-12T01:14:28.925+0000][5284][gc,stats    ]       Phase: Concurrent Reset Relocation Set               0.003 / 0.003         0.004 / 0.015         0.004 / 0.015         0.004 / 0.015       ms
[2020-07-12T01:14:28.925+0000][5284][gc,stats    ]       Phase: Concurrent Select Relocation Set              1.126 / 1.278         1.060 / 5.622         1.060 / 5.622         1.060 / 5.622       ms
[2020-07-12T01:14:28.925+0000][5284][gc,stats    ]       Phase: Pause Mark End                                0.350 / 0.371         0.345 / 0.654         0.345 / 0.654         0.345 / 0.654       ms
[2020-07-12T01:14:28.925+0000][5284][gc,stats    ]       Phase: Pause Mark Start                              0.128 / 0.150         0.183 / 0.724         0.183 / 0.724         0.183 / 0.724       ms
[2020-07-12T01:14:28.925+0000][5284][gc,stats    ]       Phase: Pause Relocate Start                          0.104 / 0.116         0.135 / 1.014         0.135 / 1.014         0.135 / 1.014       ms
[2020-07-12T01:14:28.925+0000][5284][gc,stats    ]    Subphase: Concurrent Classes Purge                      0.813 / 0.901         0.793 / 8.877         0.793 / 8.877         0.793 / 8.877       ms
[2020-07-12T01:14:28.925+0000][5284][gc,stats    ]    Subphase: Concurrent Classes Unlink                    27.726 / 28.174       23.997 / 38.550       23.997 / 38.550       23.997 / 38.550      ms
[2020-07-12T01:14:28.925+0000][5284][gc,stats    ]    Subphase: Concurrent Mark                              48.354 / 50.526       47.627 / 76.517       47.627 / 76.517       47.627 / 76.517      ms
[2020-07-12T01:14:28.925+0000][5284][gc,stats    ]    Subphase: Concurrent Mark Idle                          0.000 / 0.000         0.000 / 0.000         0.000 / 0.000         0.000 / 0.000       ms
[2020-07-12T01:14:28.926+0000][5284][gc,stats    ]    Subphase: Concurrent Mark Try Flush                     0.147 / 0.366         0.127 / 4.734         0.127 / 4.734         0.127 / 4.734       ms
[2020-07-12T01:14:28.926+0000][5284][gc,stats    ]    Subphase: Concurrent Mark Try Terminate                 0.047 / 0.099         0.083 / 4.736         0.083 / 4.736         0.083 / 4.736       ms
[2020-07-12T01:14:28.926+0000][5284][gc,stats    ]    Subphase: Concurrent References Enqueue                 0.002 / 0.004         0.001 / 0.004         0.001 / 0.004         0.001 / 0.004       ms
[2020-07-12T01:14:28.926+0000][5284][gc,stats    ]    Subphase: Concurrent References Process                 0.475 / 0.511         0.526 / 1.144         0.526 / 1.144         0.526 / 1.144       ms
[2020-07-12T01:14:28.926+0000][5284][gc,stats    ]    Subphase: Concurrent Roots                              0.238 / 0.253         0.320 / 1.449         0.320 / 1.449         0.320 / 1.449       ms
[2020-07-12T01:14:28.926+0000][5284][gc,stats    ]    Subphase: Concurrent Roots ClassLoaderDataGraph         0.233 / 0.249         0.313 / 1.421         0.313 / 1.421         0.313 / 1.421       ms
[2020-07-12T01:14:28.926+0000][5284][gc,stats    ]    Subphase: Concurrent Roots JNIHandles                   0.003 / 0.004         0.004 / 0.017         0.004 / 0.017         0.004 / 0.017       ms
[2020-07-12T01:14:28.926+0000][5284][gc,stats    ]    Subphase: Concurrent Roots Setup                        0.202 / 0.223         0.192 / 0.465         0.192 / 0.465         0.192 / 0.465       ms
[2020-07-12T01:14:28.926+0000][5284][gc,stats    ]    Subphase: Concurrent Roots Teardown                     0.000 / 0.000         0.000 / 0.002         0.000 / 0.002         0.000 / 0.002       ms
[2020-07-12T01:14:28.926+0000][5284][gc,stats    ]    Subphase: Concurrent Roots VMHandles                    0.000 / 0.000         0.000 / 0.000         0.000 / 0.000         0.000 / 0.000       ms
[2020-07-12T01:14:28.926+0000][5284][gc,stats    ]    Subphase: Concurrent Weak Roots                         0.912 / 0.990         0.909 / 1.534         0.909 / 1.534         0.909 / 1.534       ms
[2020-07-12T01:14:28.926+0000][5284][gc,stats    ]    Subphase: Concurrent Weak Roots JNIWeakHandles          0.001 / 0.001         0.001 / 0.004         0.001 / 0.004         0.001 / 0.004       ms
[2020-07-12T01:14:28.926+0000][5284][gc,stats    ]    Subphase: Concurrent Weak Roots ResolvedMethodTable     0.096 / 0.098         0.095 / 0.181         0.095 / 0.181         0.095 / 0.181       ms
[2020-07-12T01:14:28.926+0000][5284][gc,stats    ]    Subphase: Concurrent Weak Roots StringTable             0.777 / 0.875         0.753 / 1.341         0.753 / 1.341         0.753 / 1.341       ms
[2020-07-12T01:14:28.926+0000][5284][gc,stats    ]    Subphase: Concurrent Weak Roots VMWeakHandles           0.036 / 0.054         0.057 / 0.125         0.057 / 0.125         0.057 / 0.125       ms
[2020-07-12T01:14:28.926+0000][5284][gc,stats    ]    Subphase: Pause Mark Try Complete                       0.183 / 0.190         0.156 / 0.214         0.156 / 0.214         0.156 / 0.214       ms
[2020-07-12T01:14:28.926+0000][5284][gc,stats    ]    Subphase: Pause Roots                                   0.032 / 0.098         0.039 / 0.936         0.039 / 0.936         0.039 / 0.936       ms
[2020-07-12T01:14:28.926+0000][5284][gc,stats    ]    Subphase: Pause Roots CodeCache                         0.000 / 0.000         0.000 / 0.000         0.000 / 0.000         0.000 / 0.000       ms
[2020-07-12T01:14:28.926+0000][5284][gc,stats    ]    Subphase: Pause Roots JVMTIExport                       0.002 / 0.002         0.002 / 0.008         0.002 / 0.008         0.002 / 0.008       ms
[2020-07-12T01:14:28.926+0000][5284][gc,stats    ]    Subphase: Pause Roots JVMTIWeakExport                   0.001 / 0.001         0.001 / 0.001         0.001 / 0.001         0.001 / 0.001       ms
[2020-07-12T01:14:28.926+0000][5284][gc,stats    ]    Subphase: Pause Roots Management                        0.001 / 0.001         0.001 / 0.009         0.001 / 0.009         0.001 / 0.009       ms
[2020-07-12T01:14:28.926+0000][5284][gc,stats    ]    Subphase: Pause Roots ObjectSynchronizer                0.000 / 0.000         0.000 / 0.001         0.000 / 0.001         0.000 / 0.001       ms
[2020-07-12T01:14:28.926+0000][5284][gc,stats    ]    Subphase: Pause Roots Setup                             0.000 / 0.000         0.001 / 0.036         0.001 / 0.036         0.001 / 0.036       ms
[2020-07-12T01:14:28.926+0000][5284][gc,stats    ]    Subphase: Pause Roots SystemDictionary                  0.013 / 0.016         0.012 / 0.042         0.012 / 0.042         0.012 / 0.042       ms
[2020-07-12T01:14:28.927+0000][5284][gc,stats    ]    Subphase: Pause Roots Teardown                          0.001 / 0.001         0.001 / 0.013         0.001 / 0.013         0.001 / 0.013       ms
[2020-07-12T01:14:28.927+0000][5284][gc,stats    ]    Subphase: Pause Roots Threads                           0.036 / 0.080         0.045 / 0.913         0.045 / 0.913         0.045 / 0.913       ms
[2020-07-12T01:14:28.927+0000][5284][gc,stats    ]    Subphase: Pause Roots Universe                          0.002 / 0.003         0.002 / 0.011         0.002 / 0.011         0.002 / 0.011       ms
[2020-07-12T01:14:28.927+0000][5284][gc,stats    ]    Subphase: Pause Weak Roots                              0.009 / 0.047         0.010 / 0.087         0.010 / 0.087         0.010 / 0.087       ms
[2020-07-12T01:14:28.927+0000][5284][gc,stats    ]    Subphase: Pause Weak Roots JFRWeak                      0.043 / 0.046         0.047 / 0.084         0.047 / 0.084         0.047 / 0.084       ms
[2020-07-12T01:14:28.927+0000][5284][gc,stats    ]    Subphase: Pause Weak Roots JVMTIWeakExport              0.001 / 0.001         0.001 / 0.002         0.001 / 0.002         0.001 / 0.002       ms
[2020-07-12T01:14:28.927+0000][5284][gc,stats    ]    Subphase: Pause Weak Roots Setup                        0.000 / 0.000         0.000 / 0.001         0.000 / 0.001         0.000 / 0.001       ms
[2020-07-12T01:14:28.927+0000][5284][gc,stats    ]    Subphase: Pause Weak Roots Teardown                     0.000 / 0.000         0.000 / 0.000         0.000 / 0.000         0.000 / 0.000       ms
[2020-07-12T01:14:28.927+0000][5284][gc,stats    ]      System: Java Threads                                     37 / 37               36 / 38               36 / 38               36 / 38          threads
[2020-07-12T01:14:28.927+0000][5284][gc,stats    ] =========================================================================================================================================================
[2020-07-12T01:14:30.924+0000][5284][gc,heap     ] GC(113) Heap before GC invocations=113 (full 113): ZHeap           used 636M, capacity 4096M, max capacity 4096M
[2020-07-12T01:14:30.924+0000][5284][gc,heap     ] GC(113)  Metaspace       used 80288K, capacity 83042K, committed 83268K, reserved 83968K
[2020-07-12T01:14:30.924+0000][5284][gc,start    ] GC(113) Garbage Collection (Proactive)
[2020-07-12T01:14:30.924+0000][5284][gc,phases   ] GC(113) Pause Mark Start 0.130ms
[2020-07-12T01:14:30.924+0000][5284][safepoint   ] Safepoint "ZMarkStart", Time since last: 4318065513 ns, Reaching safepoint: 103920 ns, At safepoint: 153878 ns, Total: 257798 ns
[2020-07-12T01:14:30.973+0000][5284][gc,phases   ] GC(113) Concurrent Mark 48.316ms
[2020-07-12T01:14:30.973+0000][5284][gc,phases   ] GC(113) Pause Mark End 0.382ms
[2020-07-12T01:14:30.973+0000][5284][safepoint   ] Safepoint "ZMarkEnd", Time since last: 48438076 ns, Reaching safepoint: 95592 ns, At safepoint: 406963 ns, Total: 502555 ns
[2020-07-12T01:14:31.003+0000][5284][gc,phases   ] GC(113) Concurrent Process Non-Strong References 29.915ms
[2020-07-12T01:14:31.003+0000][5284][gc,phases   ] GC(113) Concurrent Reset Relocation Set 0.005ms
[2020-07-12T01:14:31.004+0000][5284][gc,phases   ] GC(113) Concurrent Select Relocation Set 1.027ms
[2020-07-12T01:14:31.005+0000][5284][gc,phases   ] GC(113) Pause Relocate Start 0.145ms
[2020-07-12T01:14:31.005+0000][5284][safepoint   ] Safepoint "ZRelocateStart", Time since last: 31087361 ns, Reaching safepoint: 74188 ns, At safepoint: 163621 ns, Total: 237809 ns
[2020-07-12T01:14:31.006+0000][5284][gc,phases   ] GC(113) Concurrent Relocate 1.488ms
[2020-07-12T01:14:31.006+0000][5284][gc,heap     ] GC(113) Heap after GC invocations=114 (full 114): ZHeap           used 70M, capacity 4096M, max capacity 4096M
[2020-07-12T01:14:31.006+0000][5284][gc,heap     ] GC(113)  Metaspace       used 80288K, capacity 83042K, committed 83268K, reserved 83968K
[2020-07-12T01:14:31.006+0000][5284][gc,load     ] GC(113) Load: 1.62/1.55/0.97
[2020-07-12T01:14:31.006+0000][5284][gc,mmu      ] GC(113) MMU: 2ms/49.3%, 5ms/79.7%, 10ms/89.9%, 20ms/94.9%, 50ms/97.3%, 100ms/98.3%
[2020-07-12T01:14:31.006+0000][5284][gc,marking  ] GC(113) Mark: 1 stripe(s), 2 proactive flush(es), 1 terminate flush(es), 1 completion(s), 0 continuation(s) 
[2020-07-12T01:14:31.006+0000][5284][gc,reloc    ] GC(113) Relocation: Successful, 1M relocated
[2020-07-12T01:14:31.006+0000][5284][gc,nmethod  ] GC(113) NMethods: 5649 registered, 62 unregistered
[2020-07-12T01:14:31.006+0000][5284][gc,metaspace] GC(113) Metaspace: 78M used, 81M capacity, 81M committed, 82M reserved
[2020-07-12T01:14:31.006+0000][5284][gc,ref      ] GC(113) Soft: 3923 encountered, 0 discovered, 0 enqueued
[2020-07-12T01:14:31.006+0000][5284][gc,ref      ] GC(113) Weak: 6660 encountered, 4335 discovered, 0 enqueued
[2020-07-12T01:14:31.006+0000][5284][gc,ref      ] GC(113) Final: 4 encountered, 0 discovered, 0 enqueued
[2020-07-12T01:14:31.006+0000][5284][gc,ref      ] GC(113) Phantom: 435 encountered, 294 discovered, 0 enqueued
[2020-07-12T01:14:31.006+0000][5284][gc,heap     ] GC(113) Min Capacity: 4096M(100%)
[2020-07-12T01:14:31.006+0000][5284][gc,heap     ] GC(113) Max Capacity: 4096M(100%)
[2020-07-12T01:14:31.006+0000][5284][gc,heap     ] GC(113) Soft Max Capacity: 4096M(100%)
[2020-07-12T01:14:31.006+0000][5284][gc,heap     ] GC(113)                Mark Start          Mark End        Relocate Start      Relocate End           High               Low         
[2020-07-12T01:14:31.006+0000][5284][gc,heap     ] GC(113)  Capacity:     4096M (100%)       4096M (100%)       4096M (100%)       4096M (100%)       4096M (100%)       4096M (100%)   
[2020-07-12T01:14:31.006+0000][5284][gc,heap     ] GC(113)   Reserve:       42M (1%)           42M (1%)           42M (1%)           42M (1%)           42M (1%)           42M (1%)     
[2020-07-12T01:14:31.006+0000][5284][gc,heap     ] GC(113)      Free:     3418M (83%)        3416M (83%)        3942M (96%)        3984M (97%)        3984M (97%)        3416M (83%)    
[2020-07-12T01:14:31.006+0000][5284][gc,heap     ] GC(113)      Used:      636M (16%)         638M (16%)         112M (3%)           70M (2%)          638M (16%)          70M (2%)     
[2020-07-12T01:14:31.006+0000][5284][gc,heap     ] GC(113)      Live:         -                28M (1%)           28M (1%)           28M (1%)             -                  -          
[2020-07-12T01:14:31.006+0000][5284][gc,heap     ] GC(113) Allocated:         -                 2M (0%)            2M (0%)           10M (0%)             -                  -          
[2020-07-12T01:14:31.006+0000][5284][gc,heap     ] GC(113)   Garbage:         -               607M (15%)          81M (2%)           39M (1%)             -                  -          
[2020-07-12T01:14:31.006+0000][5284][gc,heap     ] GC(113) Reclaimed:         -                  -               526M (13%)         568M (14%)            -                  -          
[2020-07-12T01:14:31.006+0000][5284][gc          ] GC(113) Garbage Collection (Proactive) 636M(16%)->70M(2%)
[2020-07-12T01:14:33.005+0000][5284][safepoint   ] Safepoint "Cleanup", Time since last: 2000690100 ns, Reaching safepoint: 110559 ns, At safepoint: 7066 ns, Total: 117625 ns
[2020-07-12T01:14:38.924+0000][5284][gc,stats    ] === Garbage Collection Statistics =======================================================================================================================
[2020-07-12T01:14:38.924+0000][5284][gc,stats    ]                                                              Last 10s              Last 10m              Last 10h                Total
[2020-07-12T01:14:38.924+0000][5284][gc,stats    ]                                                              Avg / Max             Avg / Max             Avg / Max             Avg / Max
[2020-07-12T01:14:38.924+0000][5284][gc,stats    ]   Collector: Garbage Collection Cycle                     82.174 / 82.174       79.600 / 117.511      79.600 / 117.511      79.600 / 117.511     ms
[2020-07-12T01:14:38.924+0000][5284][gc,stats    ]  Contention: Mark Segment Reset Contention                     0 / 0                 0 / 0                 0 / 0                 0 / 0           ops/s
[2020-07-12T01:14:38.924+0000][5284][gc,stats    ]  Contention: Mark SeqNum Reset Contention                      0 / 0                 0 / 0                 0 / 0                 0 / 0           ops/s
[2020-07-12T01:14:38.924+0000][5284][gc,stats    ]  Contention: Relocation Contention                             0 / 0                 0 / 12                0 / 12                0 / 12          ops/s
[2020-07-12T01:14:38.924+0000][5284][gc,stats    ]    Critical: Allocation Stall                              0.000 / 0.000         0.000 / 0.000         0.000 / 0.000         0.000 / 0.000       ms
[2020-07-12T01:14:38.924+0000][5284][gc,stats    ]    Critical: Allocation Stall                                  0 / 0                 0 / 0                 0 / 0                 0 / 0           ops/s
[2020-07-12T01:14:38.924+0000][5284][gc,stats    ]    Critical: GC Locker Stall                               0.000 / 0.000         0.093 / 0.093         0.093 / 0.093         0.093 / 0.093       ms
[2020-07-12T01:14:38.924+0000][5284][gc,stats    ]    Critical: GC Locker Stall                                   0 / 0                 0 / 1                 0 / 1                 0 / 1           ops/s
[2020-07-12T01:14:38.924+0000][5284][gc,stats    ]      Memory: Allocation Rate                                  35 / 122             111 / 242             111 / 242             111 / 242         MB/s
[2020-07-12T01:14:38.924+0000][5284][gc,stats    ]      Memory: Heap Used After Mark                            638 / 638             589 / 1286            589 / 1286            589 / 1286        MB
[2020-07-12T01:14:38.924+0000][5284][gc,stats    ]      Memory: Heap Used After Relocation                       70 / 70               81 / 116              81 / 116              81 / 116         MB
[2020-07-12T01:14:38.924+0000][5284][gc,stats    ]      Memory: Heap Used Before Mark                           636 / 636             576 / 1270            576 / 1270            576 / 1270        MB
[2020-07-12T01:14:38.924+0000][5284][gc,stats    ]      Memory: Heap Used Before Relocation                     112 / 112             128 / 338             128 / 338             128 / 338         MB
[2020-07-12T01:14:38.924+0000][5284][gc,stats    ]      Memory: Out Of Memory                                     0 / 0                 0 / 0                 0 / 0                 0 / 0           ops/s
[2020-07-12T01:14:38.924+0000][5284][gc,stats    ]      Memory: Page Cache Flush                                  0 / 0                 0 / 0                 0 / 0                 0 / 0           MB/s
[2020-07-12T01:14:38.924+0000][5284][gc,stats    ]      Memory: Page Cache Hit L1                                18 / 65               54 / 124              54 / 124              54 / 124         ops/s
[2020-07-12T01:14:38.924+0000][5284][gc,stats    ]      Memory: Page Cache Hit L2                                 0 / 0                 0 / 0                 0 / 0                 0 / 0           ops/s
[2020-07-12T01:14:38.924+0000][5284][gc,stats    ]      Memory: Page Cache Hit L3                                 0 / 0                 1 / 96                1 / 96                1 / 96          ops/s
[2020-07-12T01:14:38.924+0000][5284][gc,stats    ]      Memory: Page Cache Miss                                   0 / 0                 0 / 0                 0 / 0                 0 / 0           ops/s
[2020-07-12T01:14:38.924+0000][5284][gc,stats    ]      Memory: Uncommit                                          0 / 0                 0 / 0                 0 / 0                 0 / 0           MB/s
[2020-07-12T01:14:38.924+0000][5284][gc,stats    ]      Memory: Undo Object Allocation Failed                     0 / 0                 0 / 0                 0 / 0                 0 / 0           ops/s
[2020-07-12T01:14:38.924+0000][5284][gc,stats    ]      Memory: Undo Object Allocation Succeeded                  0 / 0                 0 / 12                0 / 12                0 / 12          ops/s
[2020-07-12T01:14:38.924+0000][5284][gc,stats    ]      Memory: Undo Page Allocation                              0 / 0                 0 / 0                 0 / 0                 0 / 0           ops/s
[2020-07-12T01:14:38.924+0000][5284][gc,stats    ]       Phase: Concurrent Mark                              48.316 / 48.316       48.432 / 77.269       48.432 / 77.269       48.432 / 77.269      ms
[2020-07-12T01:14:38.924+0000][5284][gc,stats    ]       Phase: Concurrent Mark Continue                      0.000 / 0.000         0.000 / 0.000         0.000 / 0.000         0.000 / 0.000       ms
[2020-07-12T01:14:38.924+0000][5284][gc,stats    ]       Phase: Concurrent Process Non-Strong References     29.915 / 29.915       26.589 / 42.104       26.589 / 42.104       26.589 / 42.104      ms
[2020-07-12T01:14:38.924+0000][5284][gc,stats    ]       Phase: Concurrent Relocate                           1.488 / 1.488         1.685 / 18.136        1.685 / 18.136        1.685 / 18.136      ms
[2020-07-12T01:14:38.924+0000][5284][gc,stats    ]       Phase: Concurrent Reset Relocation Set               0.005 / 0.005         0.004 / 0.015         0.004 / 0.015         0.004 / 0.015       ms
[2020-07-12T01:14:38.924+0000][5284][gc,stats    ]       Phase: Concurrent Select Relocation Set              1.027 / 1.027         1.060 / 5.622         1.060 / 5.622         1.060 / 5.622       ms
[2020-07-12T01:14:38.924+0000][5284][gc,stats    ]       Phase: Pause Mark End                                0.382 / 0.382         0.345 / 0.654         0.345 / 0.654         0.345 / 0.654       ms
[2020-07-12T01:14:38.924+0000][5284][gc,stats    ]       Phase: Pause Mark Start                              0.130 / 0.130         0.183 / 0.724         0.183 / 0.724         0.183 / 0.724       ms
[2020-07-12T01:14:38.924+0000][5284][gc,stats    ]       Phase: Pause Relocate Start                          0.145 / 0.145         0.136 / 1.014         0.136 / 1.014         0.136 / 1.014       ms
[2020-07-12T01:14:38.924+0000][5284][gc,stats    ]    Subphase: Concurrent Classes Purge                      0.878 / 0.878         0.794 / 8.877         0.794 / 8.877         0.794 / 8.877       ms
[2020-07-12T01:14:38.924+0000][5284][gc,stats    ]    Subphase: Concurrent Classes Unlink                    27.394 / 27.394       24.026 / 38.550       24.026 / 38.550       24.026 / 38.550      ms
[2020-07-12T01:14:38.924+0000][5284][gc,stats    ]    Subphase: Concurrent Mark                              47.677 / 47.677       47.628 / 76.517       47.628 / 76.517       47.628 / 76.517      ms
[2020-07-12T01:14:38.924+0000][5284][gc,stats    ]    Subphase: Concurrent Mark Idle                          0.000 / 0.000         0.000 / 0.000         0.000 / 0.000         0.000 / 0.000       ms
[2020-07-12T01:14:38.924+0000][5284][gc,stats    ]    Subphase: Concurrent Mark Try Flush                     0.183 / 0.372         0.128 / 4.734         0.128 / 4.734         0.128 / 4.734       ms
[2020-07-12T01:14:38.924+0000][5284][gc,stats    ]    Subphase: Concurrent Mark Try Terminate                 0.033 / 0.066         0.083 / 4.736         0.083 / 4.736         0.083 / 4.736       ms
[2020-07-12T01:14:38.924+0000][5284][gc,stats    ]    Subphase: Concurrent References Enqueue                 0.000 / 0.000         0.001 / 0.004         0.001 / 0.004         0.001 / 0.004       ms
[2020-07-12T01:14:38.924+0000][5284][gc,stats    ]    Subphase: Concurrent References Process                 0.535 / 0.535         0.526 / 1.144         0.526 / 1.144         0.526 / 1.144       ms
[2020-07-12T01:14:38.924+0000][5284][gc,stats    ]    Subphase: Concurrent Roots                              0.298 / 0.298         0.320 / 1.449         0.320 / 1.449         0.320 / 1.449       ms
[2020-07-12T01:14:38.924+0000][5284][gc,stats    ]    Subphase: Concurrent Roots ClassLoaderDataGraph         0.291 / 0.291         0.313 / 1.421         0.313 / 1.421         0.313 / 1.421       ms
[2020-07-12T01:14:38.924+0000][5284][gc,stats    ]    Subphase: Concurrent Roots JNIHandles                   0.005 / 0.005         0.004 / 0.017         0.004 / 0.017         0.004 / 0.017       ms
[2020-07-12T01:14:38.924+0000][5284][gc,stats    ]    Subphase: Concurrent Roots Setup                        0.189 / 0.189         0.191 / 0.465         0.191 / 0.465         0.191 / 0.465       ms
[2020-07-12T01:14:38.924+0000][5284][gc,stats    ]    Subphase: Concurrent Roots Teardown                     0.000 / 0.000         0.000 / 0.002         0.000 / 0.002         0.000 / 0.002       ms
[2020-07-12T01:14:38.924+0000][5284][gc,stats    ]    Subphase: Concurrent Roots VMHandles                    0.000 / 0.000         0.000 / 0.000         0.000 / 0.000         0.000 / 0.000       ms
[2020-07-12T01:14:38.924+0000][5284][gc,stats    ]    Subphase: Concurrent Weak Roots                         0.930 / 0.930         0.909 / 1.534         0.909 / 1.534         0.909 / 1.534       ms
[2020-07-12T01:14:38.924+0000][5284][gc,stats    ]    Subphase: Concurrent Weak Roots JNIWeakHandles          0.000 / 0.000         0.001 / 0.004         0.001 / 0.004         0.001 / 0.004       ms
[2020-07-12T01:14:38.924+0000][5284][gc,stats    ]    Subphase: Concurrent Weak Roots ResolvedMethodTable     0.101 / 0.101         0.095 / 0.181         0.095 / 0.181         0.095 / 0.181       ms
[2020-07-12T01:14:38.924+0000][5284][gc,stats    ]    Subphase: Concurrent Weak Roots StringTable             0.755 / 0.755         0.753 / 1.341         0.753 / 1.341         0.753 / 1.341       ms
[2020-07-12T01:14:38.924+0000][5284][gc,stats    ]    Subphase: Concurrent Weak Roots VMWeakHandles           0.068 / 0.068         0.057 / 0.125         0.057 / 0.125         0.057 / 0.125       ms
[2020-07-12T01:14:38.924+0000][5284][gc,stats    ]    Subphase: Pause Mark Try Complete                       0.167 / 0.167         0.156 / 0.214         0.156 / 0.214         0.156 / 0.214       ms
[2020-07-12T01:14:38.924+0000][5284][gc,stats    ]    Subphase: Pause Roots                                   0.040 / 0.076         0.039 / 0.936         0.039 / 0.936         0.039 / 0.936       ms
[2020-07-12T01:14:38.924+0000][5284][gc,stats    ]    Subphase: Pause Roots CodeCache                         0.000 / 0.000         0.000 / 0.000         0.000 / 0.000         0.000 / 0.000       ms
[2020-07-12T01:14:38.924+0000][5284][gc,stats    ]    Subphase: Pause Roots JVMTIExport                       0.002 / 0.002         0.002 / 0.008         0.002 / 0.008         0.002 / 0.008       ms
[2020-07-12T01:14:38.924+0000][5284][gc,stats    ]    Subphase: Pause Roots JVMTIWeakExport                   0.001 / 0.001         0.001 / 0.001         0.001 / 0.001         0.001 / 0.001       ms
[2020-07-12T01:14:38.924+0000][5284][gc,stats    ]    Subphase: Pause Roots Management                        0.001 / 0.001         0.001 / 0.009         0.001 / 0.009         0.001 / 0.009       ms
[2020-07-12T01:14:38.924+0000][5284][gc,stats    ]    Subphase: Pause Roots ObjectSynchronizer                0.000 / 0.000         0.000 / 0.001         0.000 / 0.001         0.000 / 0.001       ms
[2020-07-12T01:14:38.924+0000][5284][gc,stats    ]    Subphase: Pause Roots Setup                             0.000 / 0.001         0.001 / 0.036         0.001 / 0.036         0.001 / 0.036       ms
[2020-07-12T01:14:38.924+0000][5284][gc,stats    ]    Subphase: Pause Roots SystemDictionary                  0.011 / 0.013         0.012 / 0.042         0.012 / 0.042         0.012 / 0.042       ms
[2020-07-12T01:14:38.924+0000][5284][gc,stats    ]    Subphase: Pause Roots Teardown                          0.001 / 0.001         0.001 / 0.013         0.001 / 0.013         0.001 / 0.013       ms
[2020-07-12T01:14:38.924+0000][5284][gc,stats    ]    Subphase: Pause Roots Threads                           0.039 / 0.075         0.045 / 0.913         0.045 / 0.913         0.045 / 0.913       ms
[2020-07-12T01:14:38.924+0000][5284][gc,stats    ]    Subphase: Pause Roots Universe                          0.002 / 0.003         0.002 / 0.011         0.002 / 0.011         0.002 / 0.011       ms
[2020-07-12T01:14:38.924+0000][5284][gc,stats    ]    Subphase: Pause Weak Roots                              0.010 / 0.051         0.010 / 0.087         0.010 / 0.087         0.010 / 0.087       ms
[2020-07-12T01:14:38.924+0000][5284][gc,stats    ]    Subphase: Pause Weak Roots JFRWeak                      0.050 / 0.050         0.047 / 0.084         0.047 / 0.084         0.047 / 0.084       ms
[2020-07-12T01:14:38.924+0000][5284][gc,stats    ]    Subphase: Pause Weak Roots JVMTIWeakExport              0.001 / 0.001         0.001 / 0.002         0.001 / 0.002         0.001 / 0.002       ms
[2020-07-12T01:14:38.924+0000][5284][gc,stats    ]    Subphase: Pause Weak Roots Setup                        0.000 / 0.000         0.000 / 0.001         0.000 / 0.001         0.000 / 0.001       ms
[2020-07-12T01:14:38.924+0000][5284][gc,stats    ]    Subphase: Pause Weak Roots Teardown                     0.000 / 0.000         0.000 / 0.000         0.000 / 0.000         0.000 / 0.000       ms
[2020-07-12T01:14:38.924+0000][5284][gc,stats    ]      System: Java Threads                                     37 / 37               36 / 38               36 / 38               36 / 38          threads
[2020-07-12T01:14:38.924+0000][5284][gc,stats    ] =========================================================================================================================================================
[2020-07-12T01:14:48.924+0000][5284][gc,stats    ] === Garbage Collection Statistics =======================================================================================================================
[2020-07-12T01:14:48.924+0000][5284][gc,stats    ]                                                              Last 10s              Last 10m              Last 10h                Total
[2020-07-12T01:14:48.924+0000][5284][gc,stats    ]                                                              Avg / Max             Avg / Max             Avg / Max             Avg / Max
[2020-07-12T01:14:48.924+0000][5284][gc,stats    ]   Collector: Garbage Collection Cycle                      0.000 / 0.000        79.600 / 117.511      79.600 / 117.511      79.600 / 117.511     ms
[2020-07-12T01:14:48.924+0000][5284][gc,stats    ]  Contention: Mark Segment Reset Contention                     0 / 0                 0 / 0                 0 / 0                 0 / 0           ops/s
[2020-07-12T01:14:48.925+0000][5284][gc,stats    ]  Contention: Mark SeqNum Reset Contention                      0 / 0                 0 / 0                 0 / 0                 0 / 0           ops/s
[2020-07-12T01:14:48.925+0000][5284][gc,stats    ]  Contention: Relocation Contention                             0 / 0                 0 / 12                0 / 12                0 / 12          ops/s
[2020-07-12T01:14:48.925+0000][5284][gc,stats    ]    Critical: Allocation Stall                              0.000 / 0.000         0.000 / 0.000         0.000 / 0.000         0.000 / 0.000       ms
[2020-07-12T01:14:48.925+0000][5284][gc,stats    ]    Critical: Allocation Stall                                  0 / 0                 0 / 0                 0 / 0                 0 / 0           ops/s
[2020-07-12T01:14:48.925+0000][5284][gc,stats    ]    Critical: GC Locker Stall                               0.000 / 0.000         0.093 / 0.093         0.093 / 0.093         0.093 / 0.093       ms
[2020-07-12T01:14:48.925+0000][5284][gc,stats    ]    Critical: GC Locker Stall                                   0 / 0                 0 / 1                 0 / 1                 0 / 1           ops/s
[2020-07-12T01:14:48.925+0000][5284][gc,stats    ]      Memory: Allocation Rate                                   0 / 0               109 / 242             109 / 242             109 / 242         MB/s
[2020-07-12T01:14:48.925+0000][5284][gc,stats    ]      Memory: Heap Used After Mark                              0 / 0               589 / 1286            589 / 1286            589 / 1286        MB
[2020-07-12T01:14:48.925+0000][5284][gc,stats    ]      Memory: Heap Used After Relocation                        0 / 0                81 / 116              81 / 116              81 / 116         MB
[2020-07-12T01:14:48.925+0000][5284][gc,stats    ]      Memory: Heap Used Before Mark                             0 / 0               576 / 1270            576 / 1270            576 / 1270        MB
[2020-07-12T01:14:48.925+0000][5284][gc,stats    ]      Memory: Heap Used Before Relocation                       0 / 0               128 / 338             128 / 338             128 / 338         MB
[2020-07-12T01:14:48.925+0000][5284][gc,stats    ]      Memory: Out Of Memory                                     0 / 0                 0 / 0                 0 / 0                 0 / 0           ops/s
[2020-07-12T01:14:48.925+0000][5284][gc,stats    ]      Memory: Page Cache Flush                                  0 / 0                 0 / 0                 0 / 0                 0 / 0           MB/s
[2020-07-12T01:14:48.925+0000][5284][gc,stats    ]      Memory: Page Cache Hit L1                                 0 / 0                53 / 124              53 / 124              53 / 124         ops/s
[2020-07-12T01:14:48.925+0000][5284][gc,stats    ]      Memory: Page Cache Hit L2                                 0 / 0                 0 / 0                 0 / 0                 0 / 0           ops/s
[2020-07-12T01:14:48.925+0000][5284][gc,stats    ]      Memory: Page Cache Hit L3                                 0 / 0                 1 / 96                1 / 96                1 / 96          ops/s
[2020-07-12T01:14:48.925+0000][5284][gc,stats    ]      Memory: Page Cache Miss                                   0 / 0                 0 / 0                 0 / 0                 0 / 0           ops/s
[2020-07-12T01:14:48.925+0000][5284][gc,stats    ]      Memory: Uncommit                                          0 / 0                 0 / 0                 0 / 0                 0 / 0           MB/s
[2020-07-12T01:14:48.925+0000][5284][gc,stats    ]      Memory: Undo Object Allocation Failed                     0 / 0                 0 / 0                 0 / 0                 0 / 0           ops/s
[2020-07-12T01:14:48.925+0000][5284][gc,stats    ]      Memory: Undo Object Allocation Succeeded                  0 / 0                 0 / 12                0 / 12                0 / 12          ops/s
[2020-07-12T01:14:48.925+0000][5284][gc,stats    ]      Memory: Undo Page Allocation                              0 / 0                 0 / 0                 0 / 0                 0 / 0           ops/s
[2020-07-12T01:14:48.925+0000][5284][gc,stats    ]       Phase: Concurrent Mark                               0.000 / 0.000        48.432 / 77.269       48.432 / 77.269       48.432 / 77.269      ms
[2020-07-12T01:14:48.925+0000][5284][gc,stats    ]       Phase: Concurrent Mark Continue                      0.000 / 0.000         0.000 / 0.000         0.000 / 0.000         0.000 / 0.000       ms
[2020-07-12T01:14:48.925+0000][5284][gc,stats    ]       Phase: Concurrent Process Non-Strong References      0.000 / 0.000        26.589 / 42.104       26.589 / 42.104       26.589 / 42.104      ms
[2020-07-12T01:14:48.925+0000][5284][gc,stats    ]       Phase: Concurrent Relocate                           0.000 / 0.000         1.685 / 18.136        1.685 / 18.136        1.685 / 18.136      ms
[2020-07-12T01:14:48.925+0000][5284][gc,stats    ]       Phase: Concurrent Reset Relocation Set               0.000 / 0.000         0.004 / 0.015         0.004 / 0.015         0.004 / 0.015       ms
[2020-07-12T01:14:48.925+0000][5284][gc,stats    ]       Phase: Concurrent Select Relocation Set              0.000 / 0.000         1.060 / 5.622         1.060 / 5.622         1.060 / 5.622       ms
[2020-07-12T01:14:48.925+0000][5284][gc,stats    ]       Phase: Pause Mark End                                0.000 / 0.000         0.345 / 0.654         0.345 / 0.654         0.345 / 0.654       ms
[2020-07-12T01:14:48.925+0000][5284][gc,stats    ]       Phase: Pause Mark Start                              0.000 / 0.000         0.183 / 0.724         0.183 / 0.724         0.183 / 0.724       ms
[2020-07-12T01:14:48.925+0000][5284][gc,stats    ]       Phase: Pause Relocate Start                          0.000 / 0.000         0.136 / 1.014         0.136 / 1.014         0.136 / 1.014       ms
[2020-07-12T01:14:48.925+0000][5284][gc,stats    ]    Subphase: Concurrent Classes Purge                      0.000 / 0.000         0.794 / 8.877         0.794 / 8.877         0.794 / 8.877       ms
[2020-07-12T01:14:48.925+0000][5284][gc,stats    ]    Subphase: Concurrent Classes Unlink                     0.000 / 0.000        24.026 / 38.550       24.026 / 38.550       24.026 / 38.550      ms
[2020-07-12T01:14:48.925+0000][5284][gc,stats    ]    Subphase: Concurrent Mark                               0.000 / 0.000        47.628 / 76.517       47.628 / 76.517       47.628 / 76.517      ms
[2020-07-12T01:14:48.925+0000][5284][gc,stats    ]    Subphase: Concurrent Mark Idle                          0.000 / 0.000         0.000 / 0.000         0.000 / 0.000         0.000 / 0.000       ms
[2020-07-12T01:14:48.925+0000][5284][gc,stats    ]    Subphase: Concurrent Mark Try Flush                     0.000 / 0.000         0.128 / 4.734         0.128 / 4.734         0.128 / 4.734       ms
[2020-07-12T01:14:48.925+0000][5284][gc,stats    ]    Subphase: Concurrent Mark Try Terminate                 0.000 / 0.000         0.083 / 4.736         0.083 / 4.736         0.083 / 4.736       ms
[2020-07-12T01:14:48.925+0000][5284][gc,stats    ]    Subphase: Concurrent References Enqueue                 0.000 / 0.000         0.001 / 0.004         0.001 / 0.004         0.001 / 0.004       ms
[2020-07-12T01:14:48.925+0000][5284][gc,stats    ]    Subphase: Concurrent References Process                 0.000 / 0.000         0.526 / 1.144         0.526 / 1.144         0.526 / 1.144       ms
[2020-07-12T01:14:48.926+0000][5284][gc,stats    ]    Subphase: Concurrent Roots                              0.000 / 0.000         0.320 / 1.449         0.320 / 1.449         0.320 / 1.449       ms
[2020-07-12T01:14:48.926+0000][5284][gc,stats    ]    Subphase: Concurrent Roots ClassLoaderDataGraph         0.000 / 0.000         0.313 / 1.421         0.313 / 1.421         0.313 / 1.421       ms
[2020-07-12T01:14:48.926+0000][5284][gc,stats    ]    Subphase: Concurrent Roots JNIHandles                   0.000 / 0.000         0.004 / 0.017         0.004 / 0.017         0.004 / 0.017       ms
[2020-07-12T01:14:48.926+0000][5284][gc,stats    ]    Subphase: Concurrent Roots Setup                        0.000 / 0.000         0.191 / 0.465         0.191 / 0.465         0.191 / 0.465       ms
[2020-07-12T01:14:48.926+0000][5284][gc,stats    ]    Subphase: Concurrent Roots Teardown                     0.000 / 0.000         0.000 / 0.002         0.000 / 0.002         0.000 / 0.002       ms
[2020-07-12T01:14:48.926+0000][5284][gc,stats    ]    Subphase: Concurrent Roots VMHandles                    0.000 / 0.000         0.000 / 0.000         0.000 / 0.000         0.000 / 0.000       ms
[2020-07-12T01:14:48.926+0000][5284][gc,stats    ]    Subphase: Concurrent Weak Roots                         0.000 / 0.000         0.909 / 1.534         0.909 / 1.534         0.909 / 1.534       ms
[2020-07-12T01:14:48.926+0000][5284][gc,stats    ]    Subphase: Concurrent Weak Roots JNIWeakHandles          0.000 / 0.000         0.001 / 0.004         0.001 / 0.004         0.001 / 0.004       ms
[2020-07-12T01:14:48.926+0000][5284][gc,stats    ]    Subphase: Concurrent Weak Roots ResolvedMethodTable     0.000 / 0.000         0.095 / 0.181         0.095 / 0.181         0.095 / 0.181       ms
[2020-07-12T01:14:48.926+0000][5284][gc,stats    ]    Subphase: Concurrent Weak Roots StringTable             0.000 / 0.000         0.753 / 1.341         0.753 / 1.341         0.753 / 1.341       ms
[2020-07-12T01:14:48.926+0000][5284][gc,stats    ]    Subphase: Concurrent Weak Roots VMWeakHandles           0.000 / 0.000         0.057 / 0.125         0.057 / 0.125         0.057 / 0.125       ms
[2020-07-12T01:14:48.926+0000][5284][gc,stats    ]    Subphase: Pause Mark Try Complete                       0.000 / 0.000         0.156 / 0.214         0.156 / 0.214         0.156 / 0.214       ms
[2020-07-12T01:14:48.926+0000][5284][gc,stats    ]    Subphase: Pause Roots                                   0.000 / 0.000         0.039 / 0.936         0.039 / 0.936         0.039 / 0.936       ms
[2020-07-12T01:14:48.926+0000][5284][gc,stats    ]    Subphase: Pause Roots CodeCache                         0.000 / 0.000         0.000 / 0.000         0.000 / 0.000         0.000 / 0.000       ms
[2020-07-12T01:14:48.926+0000][5284][gc,stats    ]    Subphase: Pause Roots JVMTIExport                       0.000 / 0.000         0.002 / 0.008         0.002 / 0.008         0.002 / 0.008       ms
[2020-07-12T01:14:48.926+0000][5284][gc,stats    ]    Subphase: Pause Roots JVMTIWeakExport                   0.000 / 0.000         0.001 / 0.001         0.001 / 0.001         0.001 / 0.001       ms
[2020-07-12T01:14:48.926+0000][5284][gc,stats    ]    Subphase: Pause Roots Management                        0.000 / 0.000         0.001 / 0.009         0.001 / 0.009         0.001 / 0.009       ms
[2020-07-12T01:14:48.926+0000][5284][gc,stats    ]    Subphase: Pause Roots ObjectSynchronizer                0.000 / 0.000         0.000 / 0.001         0.000 / 0.001         0.000 / 0.001       ms
[2020-07-12T01:14:48.926+0000][5284][gc,stats    ]    Subphase: Pause Roots Setup                             0.000 / 0.000         0.001 / 0.036         0.001 / 0.036         0.001 / 0.036       ms
[2020-07-12T01:14:48.926+0000][5284][gc,stats    ]    Subphase: Pause Roots SystemDictionary                  0.000 / 0.000         0.012 / 0.042         0.012 / 0.042         0.012 / 0.042       ms
[2020-07-12T01:14:48.926+0000][5284][gc,stats    ]    Subphase: Pause Roots Teardown                          0.000 / 0.000         0.001 / 0.013         0.001 / 0.013         0.001 / 0.013       ms
[2020-07-12T01:14:48.926+0000][5284][gc,stats    ]    Subphase: Pause Roots Threads                           0.000 / 0.000         0.045 / 0.913         0.045 / 0.913         0.045 / 0.913       ms
[2020-07-12T01:14:48.926+0000][5284][gc,stats    ]    Subphase: Pause Roots Universe                          0.000 / 0.000         0.002 / 0.011         0.002 / 0.011         0.002 / 0.011       ms
[2020-07-12T01:14:48.926+0000][5284][gc,stats    ]    Subphase: Pause Weak Roots                              0.000 / 0.000         0.010 / 0.087         0.010 / 0.087         0.010 / 0.087       ms
[2020-07-12T01:14:48.926+0000][5284][gc,stats    ]    Subphase: Pause Weak Roots JFRWeak                      0.000 / 0.000         0.047 / 0.084         0.047 / 0.084         0.047 / 0.084       ms
[2020-07-12T01:14:48.926+0000][5284][gc,stats    ]    Subphase: Pause Weak Roots JVMTIWeakExport              0.000 / 0.000         0.001 / 0.002         0.001 / 0.002         0.001 / 0.002       ms
[2020-07-12T01:14:48.926+0000][5284][gc,stats    ]    Subphase: Pause Weak Roots Setup                        0.000 / 0.000         0.000 / 0.001         0.000 / 0.001         0.000 / 0.001       ms
[2020-07-12T01:14:48.926+0000][5284][gc,stats    ]    Subphase: Pause Weak Roots Teardown                     0.000 / 0.000         0.000 / 0.000         0.000 / 0.000         0.000 / 0.000       ms
[2020-07-12T01:14:48.926+0000][5284][gc,stats    ]      System: Java Threads                                      0 / 0                36 / 38               36 / 38               36 / 38          threads
[2020-07-12T01:14:48.926+0000][5284][gc,stats    ] =========================================================================================================================================================
[2020-07-12T01:14:53.833+0000][5284][safepoint   ] Safepoint "PrintThreads", Time since last: 20827342064 ns, Reaching safepoint: 90118 ns, At safepoint: 509117 ns, Total: 599235 ns
[2020-07-12T01:14:53.834+0000][5284][safepoint   ] Safepoint "PrintJNI", Time since last: 68175 ns, Reaching safepoint: 52832 ns, At safepoint: 5184 ns, Total: 58016 ns
[2020-07-12T01:14:53.834+0000][5284][safepoint   ] Safepoint "FindDeadlocks", Time since last: 70992 ns, Reaching safepoint: 42483 ns, At safepoint: 5605 ns, Total: 48088 ns
[2020-07-12T01:14:58.925+0000][5284][gc,stats    ] === Garbage Collection Statistics =======================================================================================================================
[2020-07-12T01:14:58.925+0000][5284][gc,stats    ]                                                              Last 10s              Last 10m              Last 10h                Total
[2020-07-12T01:14:58.925+0000][5284][gc,stats    ]                                                              Avg / Max             Avg / Max             Avg / Max             Avg / Max
[2020-07-12T01:14:58.925+0000][5284][gc,stats    ]   Collector: Garbage Collection Cycle                      0.000 / 0.000        79.600 / 117.511      79.600 / 117.511      79.600 / 117.511     ms
[2020-07-12T01:14:58.925+0000][5284][gc,stats    ]  Contention: Mark Segment Reset Contention                     0 / 0                 0 / 0                 0 / 0                 0 / 0           ops/s
[2020-07-12T01:14:58.925+0000][5284][gc,stats    ]  Contention: Mark SeqNum Reset Contention                      0 / 0                 0 / 0                 0 / 0                 0 / 0           ops/s
[2020-07-12T01:14:58.925+0000][5284][gc,stats    ]  Contention: Relocation Contention                             0 / 0                 0 / 12                0 / 12                0 / 12          ops/s
[2020-07-12T01:14:58.925+0000][5284][gc,stats    ]    Critical: Allocation Stall                              0.000 / 0.000         0.000 / 0.000         0.000 / 0.000         0.000 / 0.000       ms
[2020-07-12T01:14:58.925+0000][5284][gc,stats    ]    Critical: Allocation Stall                                  0 / 0                 0 / 0                 0 / 0                 0 / 0           ops/s
[2020-07-12T01:14:58.925+0000][5284][gc,stats    ]    Critical: GC Locker Stall                               0.000 / 0.000         0.093 / 0.093         0.093 / 0.093         0.093 / 0.093       ms
[2020-07-12T01:14:58.925+0000][5284][gc,stats    ]    Critical: GC Locker Stall                                   0 / 0                 0 / 1                 0 / 1                 0 / 1           ops/s
[2020-07-12T01:14:58.925+0000][5284][gc,stats    ]      Memory: Allocation Rate                                   0 / 0               107 / 242             107 / 242             107 / 242         MB/s
[2020-07-12T01:14:58.925+0000][5284][gc,stats    ]      Memory: Heap Used After Mark                              0 / 0               589 / 1286            589 / 1286            589 / 1286        MB
[2020-07-12T01:14:58.925+0000][5284][gc,stats    ]      Memory: Heap Used After Relocation                        0 / 0                81 / 116              81 / 116              81 / 116         MB
[2020-07-12T01:14:58.925+0000][5284][gc,stats    ]      Memory: Heap Used Before Mark                             0 / 0               576 / 1270            576 / 1270            576 / 1270        MB
[2020-07-12T01:14:58.925+0000][5284][gc,stats    ]      Memory: Heap Used Before Relocation                       0 / 0               128 / 338             128 / 338             128 / 338         MB
[2020-07-12T01:14:58.925+0000][5284][gc,stats    ]      Memory: Out Of Memory                                     0 / 0                 0 / 0                 0 / 0                 0 / 0           ops/s
[2020-07-12T01:14:58.925+0000][5284][gc,stats    ]      Memory: Page Cache Flush                                  0 / 0                 0 / 0                 0 / 0                 0 / 0           MB/s
[2020-07-12T01:14:58.925+0000][5284][gc,stats    ]      Memory: Page Cache Hit L1                                 0 / 0                52 / 124              52 / 124              52 / 124         ops/s
[2020-07-12T01:14:58.925+0000][5284][gc,stats    ]      Memory: Page Cache Hit L2                                 0 / 0                 0 / 0                 0 / 0                 0 / 0           ops/s
[2020-07-12T01:14:58.925+0000][5284][gc,stats    ]      Memory: Page Cache Hit L3                                 0 / 0                 1 / 96                1 / 96                1 / 96          ops/s
[2020-07-12T01:14:58.925+0000][5284][gc,stats    ]      Memory: Page Cache Miss                                   0 / 0                 0 / 0                 0 / 0                 0 / 0           ops/s
[2020-07-12T01:14:58.925+0000][5284][gc,stats    ]      Memory: Uncommit                                          0 / 0                 0 / 0                 0 / 0                 0 / 0           MB/s
[2020-07-12T01:14:58.925+0000][5284][gc,stats    ]      Memory: Undo Object Allocation Failed                     0 / 0                 0 / 0                 0 / 0                 0 / 0           ops/s
[2020-07-12T01:14:58.925+0000][5284][gc,stats    ]      Memory: Undo Object Allocation Succeeded                  0 / 0                 0 / 12                0 / 12                0 / 12          ops/s
[2020-07-12T01:14:58.925+0000][5284][gc,stats    ]      Memory: Undo Page Allocation                              0 / 0                 0 / 0                 0 / 0                 0 / 0           ops/s
[2020-07-12T01:14:58.925+0000][5284][gc,stats    ]       Phase: Concurrent Mark                               0.000 / 0.000        48.432 / 77.269       48.432 / 77.269       48.432 / 77.269      ms
[2020-07-12T01:14:58.925+0000][5284][gc,stats    ]       Phase: Concurrent Mark Continue                      0.000 / 0.000         0.000 / 0.000         0.000 / 0.000         0.000 / 0.000       ms
[2020-07-12T01:14:58.925+0000][5284][gc,stats    ]       Phase: Concurrent Process Non-Strong References      0.000 / 0.000        26.589 / 42.104       26.589 / 42.104       26.589 / 42.104      ms
[2020-07-12T01:14:58.925+0000][5284][gc,stats    ]       Phase: Concurrent Relocate                           0.000 / 0.000         1.685 / 18.136        1.685 / 18.136        1.685 / 18.136      ms
[2020-07-12T01:14:58.925+0000][5284][gc,stats    ]       Phase: Concurrent Reset Relocation Set               0.000 / 0.000         0.004 / 0.015         0.004 / 0.015         0.004 / 0.015       ms
[2020-07-12T01:14:58.925+0000][5284][gc,stats    ]       Phase: Concurrent Select Relocation Set              0.000 / 0.000         1.060 / 5.622         1.060 / 5.622         1.060 / 5.622       ms
[2020-07-12T01:14:58.925+0000][5284][gc,stats    ]       Phase: Pause Mark End                                0.000 / 0.000         0.345 / 0.654         0.345 / 0.654         0.345 / 0.654       ms
[2020-07-12T01:14:58.925+0000][5284][gc,stats    ]       Phase: Pause Mark Start                              0.000 / 0.000         0.183 / 0.724         0.183 / 0.724         0.183 / 0.724       ms
[2020-07-12T01:14:58.925+0000][5284][gc,stats    ]       Phase: Pause Relocate Start                          0.000 / 0.000         0.136 / 1.014         0.136 / 1.014         0.136 / 1.014       ms
[2020-07-12T01:14:58.925+0000][5284][gc,stats    ]    Subphase: Concurrent Classes Purge                      0.000 / 0.000         0.794 / 8.877         0.794 / 8.877         0.794 / 8.877       ms
[2020-07-12T01:14:58.925+0000][5284][gc,stats    ]    Subphase: Concurrent Classes Unlink                     0.000 / 0.000        24.026 / 38.550       24.026 / 38.550       24.026 / 38.550      ms
[2020-07-12T01:14:58.925+0000][5284][gc,stats    ]    Subphase: Concurrent Mark                               0.000 / 0.000        47.628 / 76.517       47.628 / 76.517       47.628 / 76.517      ms
[2020-07-12T01:14:58.925+0000][5284][gc,stats    ]    Subphase: Concurrent Mark Idle                          0.000 / 0.000         0.000 / 0.000         0.000 / 0.000         0.000 / 0.000       ms
[2020-07-12T01:14:58.925+0000][5284][gc,stats    ]    Subphase: Concurrent Mark Try Flush                     0.000 / 0.000         0.128 / 4.734         0.128 / 4.734         0.128 / 4.734       ms
[2020-07-12T01:14:58.925+0000][5284][gc,stats    ]    Subphase: Concurrent Mark Try Terminate                 0.000 / 0.000         0.083 / 4.736         0.083 / 4.736         0.083 / 4.736       ms
[2020-07-12T01:14:58.925+0000][5284][gc,stats    ]    Subphase: Concurrent References Enqueue                 0.000 / 0.000         0.001 / 0.004         0.001 / 0.004         0.001 / 0.004       ms
[2020-07-12T01:14:58.925+0000][5284][gc,stats    ]    Subphase: Concurrent References Process                 0.000 / 0.000         0.526 / 1.144         0.526 / 1.144         0.526 / 1.144       ms
[2020-07-12T01:14:58.925+0000][5284][gc,stats    ]    Subphase: Concurrent Roots                              0.000 / 0.000         0.320 / 1.449         0.320 / 1.449         0.320 / 1.449       ms
[2020-07-12T01:14:58.925+0000][5284][gc,stats    ]    Subphase: Concurrent Roots ClassLoaderDataGraph         0.000 / 0.000         0.313 / 1.421         0.313 / 1.421         0.313 / 1.421       ms
[2020-07-12T01:14:58.925+0000][5284][gc,stats    ]    Subphase: Concurrent Roots JNIHandles                   0.000 / 0.000         0.004 / 0.017         0.004 / 0.017         0.004 / 0.017       ms
[2020-07-12T01:14:58.925+0000][5284][gc,stats    ]    Subphase: Concurrent Roots Setup                        0.000 / 0.000         0.191 / 0.465         0.191 / 0.465         0.191 / 0.465       ms
[2020-07-12T01:14:58.925+0000][5284][gc,stats    ]    Subphase: Concurrent Roots Teardown                     0.000 / 0.000         0.000 / 0.002         0.000 / 0.002         0.000 / 0.002       ms
[2020-07-12T01:14:58.925+0000][5284][gc,stats    ]    Subphase: Concurrent Roots VMHandles                    0.000 / 0.000         0.000 / 0.000         0.000 / 0.000         0.000 / 0.000       ms
[2020-07-12T01:14:58.925+0000][5284][gc,stats    ]    Subphase: Concurrent Weak Roots                         0.000 / 0.000         0.909 / 1.534         0.909 / 1.534         0.909 / 1.534       ms
[2020-07-12T01:14:58.925+0000][5284][gc,stats    ]    Subphase: Concurrent Weak Roots JNIWeakHandles          0.000 / 0.000         0.001 / 0.004         0.001 / 0.004         0.001 / 0.004       ms
[2020-07-12T01:14:58.925+0000][5284][gc,stats    ]    Subphase: Concurrent Weak Roots ResolvedMethodTable     0.000 / 0.000         0.095 / 0.181         0.095 / 0.181         0.095 / 0.181       ms
[2020-07-12T01:14:58.925+0000][5284][gc,stats    ]    Subphase: Concurrent Weak Roots StringTable             0.000 / 0.000         0.753 / 1.341         0.753 / 1.341         0.753 / 1.341       ms
[2020-07-12T01:14:58.925+0000][5284][gc,stats    ]    Subphase: Concurrent Weak Roots VMWeakHandles           0.000 / 0.000         0.057 / 0.125         0.057 / 0.125         0.057 / 0.125       ms
[2020-07-12T01:14:58.925+0000][5284][gc,stats    ]    Subphase: Pause Mark Try Complete                       0.000 / 0.000         0.156 / 0.214         0.156 / 0.214         0.156 / 0.214       ms
[2020-07-12T01:14:58.925+0000][5284][gc,stats    ]    Subphase: Pause Roots                                   0.000 / 0.000         0.039 / 0.936         0.039 / 0.936         0.039 / 0.936       ms
[2020-07-12T01:14:58.925+0000][5284][gc,stats    ]    Subphase: Pause Roots CodeCache                         0.000 / 0.000         0.000 / 0.000         0.000 / 0.000         0.000 / 0.000       ms
[2020-07-12T01:14:58.925+0000][5284][gc,stats    ]    Subphase: Pause Roots JVMTIExport                       0.000 / 0.000         0.002 / 0.008         0.002 / 0.008         0.002 / 0.008       ms
[2020-07-12T01:14:58.925+0000][5284][gc,stats    ]    Subphase: Pause Roots JVMTIWeakExport                   0.000 / 0.000         0.001 / 0.001         0.001 / 0.001         0.001 / 0.001       ms
[2020-07-12T01:14:58.925+0000][5284][gc,stats    ]    Subphase: Pause Roots Management                        0.000 / 0.000         0.001 / 0.009         0.001 / 0.009         0.001 / 0.009       ms
[2020-07-12T01:14:58.925+0000][5284][gc,stats    ]    Subphase: Pause Roots ObjectSynchronizer                0.000 / 0.000         0.000 / 0.001         0.000 / 0.001         0.000 / 0.001       ms
[2020-07-12T01:14:58.925+0000][5284][gc,stats    ]    Subphase: Pause Roots Setup                             0.000 / 0.000         0.001 / 0.036         0.001 / 0.036         0.001 / 0.036       ms
[2020-07-12T01:14:58.925+0000][5284][gc,stats    ]    Subphase: Pause Roots SystemDictionary                  0.000 / 0.000         0.012 / 0.042         0.012 / 0.042         0.012 / 0.042       ms
[2020-07-12T01:14:58.925+0000][5284][gc,stats    ]    Subphase: Pause Roots Teardown                          0.000 / 0.000         0.001 / 0.013         0.001 / 0.013         0.001 / 0.013       ms
[2020-07-12T01:14:58.925+0000][5284][gc,stats    ]    Subphase: Pause Roots Threads                           0.000 / 0.000         0.045 / 0.913         0.045 / 0.913         0.045 / 0.913       ms
[2020-07-12T01:14:58.925+0000][5284][gc,stats    ]    Subphase: Pause Roots Universe                          0.000 / 0.000         0.002 / 0.011         0.002 / 0.011         0.002 / 0.011       ms
[2020-07-12T01:14:58.925+0000][5284][gc,stats    ]    Subphase: Pause Weak Roots                              0.000 / 0.000         0.010 / 0.087         0.010 / 0.087         0.010 / 0.087       ms
[2020-07-12T01:14:58.925+0000][5284][gc,stats    ]    Subphase: Pause Weak Roots JFRWeak                      0.000 / 0.000         0.047 / 0.084         0.047 / 0.084         0.047 / 0.084       ms
[2020-07-12T01:14:58.925+0000][5284][gc,stats    ]    Subphase: Pause Weak Roots JVMTIWeakExport              0.000 / 0.000         0.001 / 0.002         0.001 / 0.002         0.001 / 0.002       ms
[2020-07-12T01:14:58.925+0000][5284][gc,stats    ]    Subphase: Pause Weak Roots Setup                        0.000 / 0.000         0.000 / 0.001         0.000 / 0.001         0.000 / 0.001       ms
[2020-07-12T01:14:58.925+0000][5284][gc,stats    ]    Subphase: Pause Weak Roots Teardown                     0.000 / 0.000         0.000 / 0.000         0.000 / 0.000         0.000 / 0.000       ms
[2020-07-12T01:14:58.925+0000][5284][gc,stats    ]      System: Java Threads                                      0 / 0                36 / 38               36 / 38               36 / 38          threads
[2020-07-12T01:14:58.925+0000][5284][gc,stats    ] =========================================================================================================================================================
[2020-07-12T01:15:08.924+0000][5284][gc,stats    ] === Garbage Collection Statistics =======================================================================================================================
[2020-07-12T01:15:08.924+0000][5284][gc,stats    ]                                                              Last 10s              Last 10m              Last 10h                Total
[2020-07-12T01:15:08.924+0000][5284][gc,stats    ]                                                              Avg / Max             Avg / Max             Avg / Max             Avg / Max
[2020-07-12T01:15:08.924+0000][5284][gc,stats    ]   Collector: Garbage Collection Cycle                      0.000 / 0.000        79.600 / 117.511      79.600 / 117.511      79.600 / 117.511     ms
[2020-07-12T01:15:08.924+0000][5284][gc,stats    ]  Contention: Mark Segment Reset Contention                     0 / 0                 0 / 0                 0 / 0                 0 / 0           ops/s
[2020-07-12T01:15:08.924+0000][5284][gc,stats    ]  Contention: Mark SeqNum Reset Contention                      0 / 0                 0 / 0                 0 / 0                 0 / 0           ops/s
[2020-07-12T01:15:08.924+0000][5284][gc,stats    ]  Contention: Relocation Contention                             0 / 0                 0 / 12                0 / 12                0 / 12          ops/s
[2020-07-12T01:15:08.924+0000][5284][gc,stats    ]    Critical: Allocation Stall                              0.000 / 0.000         0.000 / 0.000         0.000 / 0.000         0.000 / 0.000       ms
[2020-07-12T01:15:08.924+0000][5284][gc,stats    ]    Critical: Allocation Stall                                  0 / 0                 0 / 0                 0 / 0                 0 / 0           ops/s
[2020-07-12T01:15:08.924+0000][5284][gc,stats    ]    Critical: GC Locker Stall                               0.000 / 0.000         0.093 / 0.093         0.093 / 0.093         0.093 / 0.093       ms
[2020-07-12T01:15:08.924+0000][5284][gc,stats    ]    Critical: GC Locker Stall                                   0 / 0                 0 / 1                 0 / 1                 0 / 1           ops/s
[2020-07-12T01:15:08.924+0000][5284][gc,stats    ]      Memory: Allocation Rate                                   0 / 0               105 / 242             105 / 242             105 / 242         MB/s
[2020-07-12T01:15:08.924+0000][5284][gc,stats    ]      Memory: Heap Used After Mark                              0 / 0               589 / 1286            589 / 1286            589 / 1286        MB
[2020-07-12T01:15:08.924+0000][5284][gc,stats    ]      Memory: Heap Used After Relocation                        0 / 0                81 / 116              81 / 116              81 / 116         MB
[2020-07-12T01:15:08.924+0000][5284][gc,stats    ]      Memory: Heap Used Before Mark                             0 / 0               576 / 1270            576 / 1270            576 / 1270        MB
[2020-07-12T01:15:08.924+0000][5284][gc,stats    ]      Memory: Heap Used Before Relocation                       0 / 0               128 / 338             128 / 338             128 / 338         MB
[2020-07-12T01:15:08.924+0000][5284][gc,stats    ]      Memory: Out Of Memory                                     0 / 0                 0 / 0                 0 / 0                 0 / 0           ops/s
[2020-07-12T01:15:08.924+0000][5284][gc,stats    ]      Memory: Page Cache Flush                                  0 / 0                 0 / 0                 0 / 0                 0 / 0           MB/s
[2020-07-12T01:15:08.924+0000][5284][gc,stats    ]      Memory: Page Cache Hit L1                                 0 / 0                52 / 124              52 / 124              52 / 124         ops/s
[2020-07-12T01:15:08.924+0000][5284][gc,stats    ]      Memory: Page Cache Hit L2                                 0 / 0                 0 / 0                 0 / 0                 0 / 0           ops/s
[2020-07-12T01:15:08.924+0000][5284][gc,stats    ]      Memory: Page Cache Hit L3                                 0 / 0                 1 / 96                1 / 96                1 / 96          ops/s
[2020-07-12T01:15:08.924+0000][5284][gc,stats    ]      Memory: Page Cache Miss                                   0 / 0                 0 / 0                 0 / 0                 0 / 0           ops/s
[2020-07-12T01:15:08.924+0000][5284][gc,stats    ]      Memory: Uncommit                                          0 / 0                 0 / 0                 0 / 0                 0 / 0           MB/s
[2020-07-12T01:15:08.924+0000][5284][gc,stats    ]      Memory: Undo Object Allocation Failed                     0 / 0                 0 / 0                 0 / 0                 0 / 0           ops/s
[2020-07-12T01:15:08.924+0000][5284][gc,stats    ]      Memory: Undo Object Allocation Succeeded                  0 / 0                 0 / 12                0 / 12                0 / 12          ops/s
[2020-07-12T01:15:08.924+0000][5284][gc,stats    ]      Memory: Undo Page Allocation                              0 / 0                 0 / 0                 0 / 0                 0 / 0           ops/s
[2020-07-12T01:15:08.924+0000][5284][gc,stats    ]       Phase: Concurrent Mark                               0.000 / 0.000        48.432 / 77.269       48.432 / 77.269       48.432 / 77.269      ms
[2020-07-12T01:15:08.924+0000][5284][gc,stats    ]       Phase: Concurrent Mark Continue                      0.000 / 0.000         0.000 / 0.000         0.000 / 0.000         0.000 / 0.000       ms
[2020-07-12T01:15:08.924+0000][5284][gc,stats    ]       Phase: Concurrent Process Non-Strong References      0.000 / 0.000        26.589 / 42.104       26.589 / 42.104       26.589 / 42.104      ms
[2020-07-12T01:15:08.924+0000][5284][gc,stats    ]       Phase: Concurrent Relocate                           0.000 / 0.000         1.685 / 18.136        1.685 / 18.136        1.685 / 18.136      ms
[2020-07-12T01:15:08.924+0000][5284][gc,stats    ]       Phase: Concurrent Reset Relocation Set               0.000 / 0.000         0.004 / 0.015         0.004 / 0.015         0.004 / 0.015       ms
[2020-07-12T01:15:08.924+0000][5284][gc,stats    ]       Phase: Concurrent Select Relocation Set              0.000 / 0.000         1.060 / 5.622         1.060 / 5.622         1.060 / 5.622       ms
[2020-07-12T01:15:08.924+0000][5284][gc,stats    ]       Phase: Pause Mark End                                0.000 / 0.000         0.345 / 0.654         0.345 / 0.654         0.345 / 0.654       ms
[2020-07-12T01:15:08.924+0000][5284][gc,stats    ]       Phase: Pause Mark Start                              0.000 / 0.000         0.183 / 0.724         0.183 / 0.724         0.183 / 0.724       ms
[2020-07-12T01:15:08.924+0000][5284][gc,stats    ]       Phase: Pause Relocate Start                          0.000 / 0.000         0.136 / 1.014         0.136 / 1.014         0.136 / 1.014       ms
[2020-07-12T01:15:08.924+0000][5284][gc,stats    ]    Subphase: Concurrent Classes Purge                      0.000 / 0.000         0.794 / 8.877         0.794 / 8.877         0.794 / 8.877       ms
[2020-07-12T01:15:08.924+0000][5284][gc,stats    ]    Subphase: Concurrent Classes Unlink                     0.000 / 0.000        24.026 / 38.550       24.026 / 38.550       24.026 / 38.550      ms
[2020-07-12T01:15:08.924+0000][5284][gc,stats    ]    Subphase: Concurrent Mark                               0.000 / 0.000        47.628 / 76.517       47.628 / 76.517       47.628 / 76.517      ms
[2020-07-12T01:15:08.924+0000][5284][gc,stats    ]    Subphase: Concurrent Mark Idle                          0.000 / 0.000         0.000 / 0.000         0.000 / 0.000         0.000 / 0.000       ms
[2020-07-12T01:15:08.924+0000][5284][gc,stats    ]    Subphase: Concurrent Mark Try Flush                     0.000 / 0.000         0.128 / 4.734         0.128 / 4.734         0.128 / 4.734       ms
[2020-07-12T01:15:08.924+0000][5284][gc,stats    ]    Subphase: Concurrent Mark Try Terminate                 0.000 / 0.000         0.083 / 4.736         0.083 / 4.736         0.083 / 4.736       ms
[2020-07-12T01:15:08.924+0000][5284][gc,stats    ]    Subphase: Concurrent References Enqueue                 0.000 / 0.000         0.001 / 0.004         0.001 / 0.004         0.001 / 0.004       ms
[2020-07-12T01:15:08.924+0000][5284][gc,stats    ]    Subphase: Concurrent References Process                 0.000 / 0.000         0.526 / 1.144         0.526 / 1.144         0.526 / 1.144       ms
[2020-07-12T01:15:08.924+0000][5284][gc,stats    ]    Subphase: Concurrent Roots                              0.000 / 0.000         0.320 / 1.449         0.320 / 1.449         0.320 / 1.449       ms
[2020-07-12T01:15:08.924+0000][5284][gc,stats    ]    Subphase: Concurrent Roots ClassLoaderDataGraph         0.000 / 0.000         0.313 / 1.421         0.313 / 1.421         0.313 / 1.421       ms
[2020-07-12T01:15:08.924+0000][5284][gc,stats    ]    Subphase: Concurrent Roots JNIHandles                   0.000 / 0.000         0.004 / 0.017         0.004 / 0.017         0.004 / 0.017       ms
[2020-07-12T01:15:08.924+0000][5284][gc,stats    ]    Subphase: Concurrent Roots Setup                        0.000 / 0.000         0.191 / 0.465         0.191 / 0.465         0.191 / 0.465       ms
[2020-07-12T01:15:08.924+0000][5284][gc,stats    ]    Subphase: Concurrent Roots Teardown                     0.000 / 0.000         0.000 / 0.002         0.000 / 0.002         0.000 / 0.002       ms
[2020-07-12T01:15:08.924+0000][5284][gc,stats    ]    Subphase: Concurrent Roots VMHandles                    0.000 / 0.000         0.000 / 0.000         0.000 / 0.000         0.000 / 0.000       ms
[2020-07-12T01:15:08.924+0000][5284][gc,stats    ]    Subphase: Concurrent Weak Roots                         0.000 / 0.000         0.909 / 1.534         0.909 / 1.534         0.909 / 1.534       ms
[2020-07-12T01:15:08.924+0000][5284][gc,stats    ]    Subphase: Concurrent Weak Roots JNIWeakHandles          0.000 / 0.000         0.001 / 0.004         0.001 / 0.004         0.001 / 0.004       ms
[2020-07-12T01:15:08.924+0000][5284][gc,stats    ]    Subphase: Concurrent Weak Roots ResolvedMethodTable     0.000 / 0.000         0.095 / 0.181         0.095 / 0.181         0.095 / 0.181       ms
[2020-07-12T01:15:08.924+0000][5284][gc,stats    ]    Subphase: Concurrent Weak Roots StringTable             0.000 / 0.000         0.753 / 1.341         0.753 / 1.341         0.753 / 1.341       ms
[2020-07-12T01:15:08.924+0000][5284][gc,stats    ]    Subphase: Concurrent Weak Roots VMWeakHandles           0.000 / 0.000         0.057 / 0.125         0.057 / 0.125         0.057 / 0.125       ms
[2020-07-12T01:15:08.924+0000][5284][gc,stats    ]    Subphase: Pause Mark Try Complete                       0.000 / 0.000         0.156 / 0.214         0.156 / 0.214         0.156 / 0.214       ms
[2020-07-12T01:15:08.924+0000][5284][gc,stats    ]    Subphase: Pause Roots                                   0.000 / 0.000         0.039 / 0.936         0.039 / 0.936         0.039 / 0.936       ms
[2020-07-12T01:15:08.924+0000][5284][gc,stats    ]    Subphase: Pause Roots CodeCache                         0.000 / 0.000         0.000 / 0.000         0.000 / 0.000         0.000 / 0.000       ms
[2020-07-12T01:15:08.924+0000][5284][gc,stats    ]    Subphase: Pause Roots JVMTIExport                       0.000 / 0.000         0.002 / 0.008         0.002 / 0.008         0.002 / 0.008       ms
[2020-07-12T01:15:08.924+0000][5284][gc,stats    ]    Subphase: Pause Roots JVMTIWeakExport                   0.000 / 0.000         0.001 / 0.001         0.001 / 0.001         0.001 / 0.001       ms
[2020-07-12T01:15:08.924+0000][5284][gc,stats    ]    Subphase: Pause Roots Management                        0.000 / 0.000         0.001 / 0.009         0.001 / 0.009         0.001 / 0.009       ms
[2020-07-12T01:15:08.924+0000][5284][gc,stats    ]    Subphase: Pause Roots ObjectSynchronizer                0.000 / 0.000         0.000 / 0.001         0.000 / 0.001         0.000 / 0.001       ms
[2020-07-12T01:15:08.924+0000][5284][gc,stats    ]    Subphase: Pause Roots Setup                             0.000 / 0.000         0.001 / 0.036         0.001 / 0.036         0.001 / 0.036       ms
[2020-07-12T01:15:08.924+0000][5284][gc,stats    ]    Subphase: Pause Roots SystemDictionary                  0.000 / 0.000         0.012 / 0.042         0.012 / 0.042         0.012 / 0.042       ms
[2020-07-12T01:15:08.924+0000][5284][gc,stats    ]    Subphase: Pause Roots Teardown                          0.000 / 0.000         0.001 / 0.013         0.001 / 0.013         0.001 / 0.013       ms
[2020-07-12T01:15:08.924+0000][5284][gc,stats    ]    Subphase: Pause Roots Threads                           0.000 / 0.000         0.045 / 0.913         0.045 / 0.913         0.045 / 0.913       ms
[2020-07-12T01:15:08.924+0000][5284][gc,stats    ]    Subphase: Pause Roots Universe                          0.000 / 0.000         0.002 / 0.011         0.002 / 0.011         0.002 / 0.011       ms
[2020-07-12T01:15:08.924+0000][5284][gc,stats    ]    Subphase: Pause Weak Roots                              0.000 / 0.000         0.010 / 0.087         0.010 / 0.087         0.010 / 0.087       ms
[2020-07-12T01:15:08.924+0000][5284][gc,stats    ]    Subphase: Pause Weak Roots JFRWeak                      0.000 / 0.000         0.047 / 0.084         0.047 / 0.084         0.047 / 0.084       ms
[2020-07-12T01:15:08.924+0000][5284][gc,stats    ]    Subphase: Pause Weak Roots JVMTIWeakExport              0.000 / 0.000         0.001 / 0.002         0.001 / 0.002         0.001 / 0.002       ms
[2020-07-12T01:15:08.924+0000][5284][gc,stats    ]    Subphase: Pause Weak Roots Setup                        0.000 / 0.000         0.000 / 0.001         0.000 / 0.001         0.000 / 0.001       ms
[2020-07-12T01:15:08.924+0000][5284][gc,stats    ]    Subphase: Pause Weak Roots Teardown                     0.000 / 0.000         0.000 / 0.000         0.000 / 0.000         0.000 / 0.000       ms
[2020-07-12T01:15:08.924+0000][5284][gc,stats    ]      System: Java Threads                                      0 / 0                36 / 38               36 / 38               36 / 38          threads
[2020-07-12T01:15:08.924+0000][5284][gc,stats    ] =========================================================================================================================================================
[2020-07-12T01:15:18.924+0000][5284][gc,stats    ] === Garbage Collection Statistics =======================================================================================================================
[2020-07-12T01:15:18.924+0000][5284][gc,stats    ]                                                              Last 10s              Last 10m              Last 10h                Total
[2020-07-12T01:15:18.924+0000][5284][gc,stats    ]                                                              Avg / Max             Avg / Max             Avg / Max             Avg / Max
[2020-07-12T01:15:18.924+0000][5284][gc,stats    ]   Collector: Garbage Collection Cycle                      0.000 / 0.000        79.600 / 117.511      79.600 / 117.511      79.600 / 117.511     ms
[2020-07-12T01:15:18.924+0000][5284][gc,stats    ]  Contention: Mark Segment Reset Contention                     0 / 0                 0 / 0                 0 / 0                 0 / 0           ops/s
[2020-07-12T01:15:18.924+0000][5284][gc,stats    ]  Contention: Mark SeqNum Reset Contention                      0 / 0                 0 / 0                 0 / 0                 0 / 0           ops/s
[2020-07-12T01:15:18.924+0000][5284][gc,stats    ]  Contention: Relocation Contention                             0 / 0                 0 / 12                0 / 12                0 / 12          ops/s
[2020-07-12T01:15:18.924+0000][5284][gc,stats    ]    Critical: Allocation Stall                              0.000 / 0.000         0.000 / 0.000         0.000 / 0.000         0.000 / 0.000       ms
[2020-07-12T01:15:18.924+0000][5284][gc,stats    ]    Critical: Allocation Stall                                  0 / 0                 0 / 0                 0 / 0                 0 / 0           ops/s
[2020-07-12T01:15:18.924+0000][5284][gc,stats    ]    Critical: GC Locker Stall                               0.000 / 0.000         0.093 / 0.093         0.093 / 0.093         0.093 / 0.093       ms
[2020-07-12T01:15:18.924+0000][5284][gc,stats    ]    Critical: GC Locker Stall                                   0 / 0                 0 / 1                 0 / 1                 0 / 1           ops/s
[2020-07-12T01:15:18.924+0000][5284][gc,stats    ]      Memory: Allocation Rate                                   0 / 0               103 / 242             103 / 242             103 / 242         MB/s
[2020-07-12T01:15:18.924+0000][5284][gc,stats    ]      Memory: Heap Used After Mark                              0 / 0               589 / 1286            589 / 1286            589 / 1286        MB
[2020-07-12T01:15:18.924+0000][5284][gc,stats    ]      Memory: Heap Used After Relocation                        0 / 0                81 / 116              81 / 116              81 / 116         MB
[2020-07-12T01:15:18.924+0000][5284][gc,stats    ]      Memory: Heap Used Before Mark                             0 / 0               576 / 1270            576 / 1270            576 / 1270        MB
[2020-07-12T01:15:18.924+0000][5284][gc,stats    ]      Memory: Heap Used Before Relocation                       0 / 0               128 / 338             128 / 338             128 / 338         MB
[2020-07-12T01:15:18.924+0000][5284][gc,stats    ]      Memory: Out Of Memory                                     0 / 0                 0 / 0                 0 / 0                 0 / 0           ops/s
[2020-07-12T01:15:18.924+0000][5284][gc,stats    ]      Memory: Page Cache Flush                                  0 / 0                 0 / 0                 0 / 0                 0 / 0           MB/s
[2020-07-12T01:15:18.924+0000][5284][gc,stats    ]      Memory: Page Cache Hit L1                                 0 / 0                51 / 124              51 / 124              51 / 124         ops/s
[2020-07-12T01:15:18.924+0000][5284][gc,stats    ]      Memory: Page Cache Hit L2                                 0 / 0                 0 / 0                 0 / 0                 0 / 0           ops/s
[2020-07-12T01:15:18.924+0000][5284][gc,stats    ]      Memory: Page Cache Hit L3                                 0 / 0                 1 / 96                1 / 96                1 / 96          ops/s
[2020-07-12T01:15:18.924+0000][5284][gc,stats    ]      Memory: Page Cache Miss                                   0 / 0                 0 / 0                 0 / 0                 0 / 0           ops/s
[2020-07-12T01:15:18.924+0000][5284][gc,stats    ]      Memory: Uncommit                                          0 / 0                 0 / 0                 0 / 0                 0 / 0           MB/s
[2020-07-12T01:15:18.924+0000][5284][gc,stats    ]      Memory: Undo Object Allocation Failed                     0 / 0                 0 / 0                 0 / 0                 0 / 0           ops/s
[2020-07-12T01:15:18.924+0000][5284][gc,stats    ]      Memory: Undo Object Allocation Succeeded                  0 / 0                 0 / 12                0 / 12                0 / 12          ops/s
[2020-07-12T01:15:18.924+0000][5284][gc,stats    ]      Memory: Undo Page Allocation                              0 / 0                 0 / 0                 0 / 0                 0 / 0           ops/s
[2020-07-12T01:15:18.924+0000][5284][gc,stats    ]       Phase: Concurrent Mark                               0.000 / 0.000        48.432 / 77.269       48.432 / 77.269       48.432 / 77.269      ms
[2020-07-12T01:15:18.924+0000][5284][gc,stats    ]       Phase: Concurrent Mark Continue                      0.000 / 0.000         0.000 / 0.000         0.000 / 0.000         0.000 / 0.000       ms
[2020-07-12T01:15:18.924+0000][5284][gc,stats    ]       Phase: Concurrent Process Non-Strong References      0.000 / 0.000        26.589 / 42.104       26.589 / 42.104       26.589 / 42.104      ms
[2020-07-12T01:15:18.924+0000][5284][gc,stats    ]       Phase: Concurrent Relocate                           0.000 / 0.000         1.685 / 18.136        1.685 / 18.136        1.685 / 18.136      ms
[2020-07-12T01:15:18.924+0000][5284][gc,stats    ]       Phase: Concurrent Reset Relocation Set               0.000 / 0.000         0.004 / 0.015         0.004 / 0.015         0.004 / 0.015       ms
[2020-07-12T01:15:18.924+0000][5284][gc,stats    ]       Phase: Concurrent Select Relocation Set              0.000 / 0.000         1.060 / 5.622         1.060 / 5.622         1.060 / 5.622       ms
[2020-07-12T01:15:18.924+0000][5284][gc,stats    ]       Phase: Pause Mark End                                0.000 / 0.000         0.345 / 0.654         0.345 / 0.654         0.345 / 0.654       ms
[2020-07-12T01:15:18.924+0000][5284][gc,stats    ]       Phase: Pause Mark Start                              0.000 / 0.000         0.183 / 0.724         0.183 / 0.724         0.183 / 0.724       ms
[2020-07-12T01:15:18.924+0000][5284][gc,stats    ]       Phase: Pause Relocate Start                          0.000 / 0.000         0.136 / 1.014         0.136 / 1.014         0.136 / 1.014       ms
[2020-07-12T01:15:18.924+0000][5284][gc,stats    ]    Subphase: Concurrent Classes Purge                      0.000 / 0.000         0.794 / 8.877         0.794 / 8.877         0.794 / 8.877       ms
[2020-07-12T01:15:18.924+0000][5284][gc,stats    ]    Subphase: Concurrent Classes Unlink                     0.000 / 0.000        24.026 / 38.550       24.026 / 38.550       24.026 / 38.550      ms
[2020-07-12T01:15:18.924+0000][5284][gc,stats    ]    Subphase: Concurrent Mark                               0.000 / 0.000        47.628 / 76.517       47.628 / 76.517       47.628 / 76.517      ms
[2020-07-12T01:15:18.924+0000][5284][gc,stats    ]    Subphase: Concurrent Mark Idle                          0.000 / 0.000         0.000 / 0.000         0.000 / 0.000         0.000 / 0.000       ms
[2020-07-12T01:15:18.924+0000][5284][gc,stats    ]    Subphase: Concurrent Mark Try Flush                     0.000 / 0.000         0.128 / 4.734         0.128 / 4.734         0.128 / 4.734       ms
[2020-07-12T01:15:18.924+0000][5284][gc,stats    ]    Subphase: Concurrent Mark Try Terminate                 0.000 / 0.000         0.083 / 4.736         0.083 / 4.736         0.083 / 4.736       ms
[2020-07-12T01:15:18.924+0000][5284][gc,stats    ]    Subphase: Concurrent References Enqueue                 0.000 / 0.000         0.001 / 0.004         0.001 / 0.004         0.001 / 0.004       ms
[2020-07-12T01:15:18.924+0000][5284][gc,stats    ]    Subphase: Concurrent References Process                 0.000 / 0.000         0.526 / 1.144         0.526 / 1.144         0.526 / 1.144       ms
[2020-07-12T01:15:18.924+0000][5284][gc,stats    ]    Subphase: Concurrent Roots                              0.000 / 0.000         0.320 / 1.449         0.320 / 1.449         0.320 / 1.449       ms
[2020-07-12T01:15:18.924+0000][5284][gc,stats    ]    Subphase: Concurrent Roots ClassLoaderDataGraph         0.000 / 0.000         0.313 / 1.421         0.313 / 1.421         0.313 / 1.421       ms
[2020-07-12T01:15:18.924+0000][5284][gc,stats    ]    Subphase: Concurrent Roots JNIHandles                   0.000 / 0.000         0.004 / 0.017         0.004 / 0.017         0.004 / 0.017       ms
[2020-07-12T01:15:18.924+0000][5284][gc,stats    ]    Subphase: Concurrent Roots Setup                        0.000 / 0.000         0.191 / 0.465         0.191 / 0.465         0.191 / 0.465       ms
[2020-07-12T01:15:18.924+0000][5284][gc,stats    ]    Subphase: Concurrent Roots Teardown                     0.000 / 0.000         0.000 / 0.002         0.000 / 0.002         0.000 / 0.002       ms
[2020-07-12T01:15:18.924+0000][5284][gc,stats    ]    Subphase: Concurrent Roots VMHandles                    0.000 / 0.000         0.000 / 0.000         0.000 / 0.000         0.000 / 0.000       ms
[2020-07-12T01:15:18.924+0000][5284][gc,stats    ]    Subphase: Concurrent Weak Roots                         0.000 / 0.000         0.909 / 1.534         0.909 / 1.534         0.909 / 1.534       ms
[2020-07-12T01:15:18.924+0000][5284][gc,stats    ]    Subphase: Concurrent Weak Roots JNIWeakHandles          0.000 / 0.000         0.001 / 0.004         0.001 / 0.004         0.001 / 0.004       ms
[2020-07-12T01:15:18.924+0000][5284][gc,stats    ]    Subphase: Concurrent Weak Roots ResolvedMethodTable     0.000 / 0.000         0.095 / 0.181         0.095 / 0.181         0.095 / 0.181       ms
[2020-07-12T01:15:18.924+0000][5284][gc,stats    ]    Subphase: Concurrent Weak Roots StringTable             0.000 / 0.000         0.753 / 1.341         0.753 / 1.341         0.753 / 1.341       ms
[2020-07-12T01:15:18.924+0000][5284][gc,stats    ]    Subphase: Concurrent Weak Roots VMWeakHandles           0.000 / 0.000         0.057 / 0.125         0.057 / 0.125         0.057 / 0.125       ms
[2020-07-12T01:15:18.924+0000][5284][gc,stats    ]    Subphase: Pause Mark Try Complete                       0.000 / 0.000         0.156 / 0.214         0.156 / 0.214         0.156 / 0.214       ms
[2020-07-12T01:15:18.924+0000][5284][gc,stats    ]    Subphase: Pause Roots                                   0.000 / 0.000         0.039 / 0.936         0.039 / 0.936         0.039 / 0.936       ms
[2020-07-12T01:15:18.924+0000][5284][gc,stats    ]    Subphase: Pause Roots CodeCache                         0.000 / 0.000         0.000 / 0.000         0.000 / 0.000         0.000 / 0.000       ms
[2020-07-12T01:15:18.924+0000][5284][gc,stats    ]    Subphase: Pause Roots JVMTIExport                       0.000 / 0.000         0.002 / 0.008         0.002 / 0.008         0.002 / 0.008       ms
[2020-07-12T01:15:18.924+0000][5284][gc,stats    ]    Subphase: Pause Roots JVMTIWeakExport                   0.000 / 0.000         0.001 / 0.001         0.001 / 0.001         0.001 / 0.001       ms
[2020-07-12T01:15:18.924+0000][5284][gc,stats    ]    Subphase: Pause Roots Management                        0.000 / 0.000         0.001 / 0.009         0.001 / 0.009         0.001 / 0.009       ms
[2020-07-12T01:15:18.924+0000][5284][gc,stats    ]    Subphase: Pause Roots ObjectSynchronizer                0.000 / 0.000         0.000 / 0.001         0.000 / 0.001         0.000 / 0.001       ms
[2020-07-12T01:15:18.924+0000][5284][gc,stats    ]    Subphase: Pause Roots Setup                             0.000 / 0.000         0.001 / 0.036         0.001 / 0.036         0.001 / 0.036       ms
[2020-07-12T01:15:18.924+0000][5284][gc,stats    ]    Subphase: Pause Roots SystemDictionary                  0.000 / 0.000         0.012 / 0.042         0.012 / 0.042         0.012 / 0.042       ms
[2020-07-12T01:15:18.924+0000][5284][gc,stats    ]    Subphase: Pause Roots Teardown                          0.000 / 0.000         0.001 / 0.013         0.001 / 0.013         0.001 / 0.013       ms
[2020-07-12T01:15:18.924+0000][5284][gc,stats    ]    Subphase: Pause Roots Threads                           0.000 / 0.000         0.045 / 0.913         0.045 / 0.913         0.045 / 0.913       ms
[2020-07-12T01:15:18.924+0000][5284][gc,stats    ]    Subphase: Pause Roots Universe                          0.000 / 0.000         0.002 / 0.011         0.002 / 0.011         0.002 / 0.011       ms
[2020-07-12T01:15:18.924+0000][5284][gc,stats    ]    Subphase: Pause Weak Roots                              0.000 / 0.000         0.010 / 0.087         0.010 / 0.087         0.010 / 0.087       ms
[2020-07-12T01:15:18.924+0000][5284][gc,stats    ]    Subphase: Pause Weak Roots JFRWeak                      0.000 / 0.000         0.047 / 0.084         0.047 / 0.084         0.047 / 0.084       ms
[2020-07-12T01:15:18.924+0000][5284][gc,stats    ]    Subphase: Pause Weak Roots JVMTIWeakExport              0.000 / 0.000         0.001 / 0.002         0.001 / 0.002         0.001 / 0.002       ms
[2020-07-12T01:15:18.924+0000][5284][gc,stats    ]    Subphase: Pause Weak Roots Setup                        0.000 / 0.000         0.000 / 0.001         0.000 / 0.001         0.000 / 0.001       ms
[2020-07-12T01:15:18.924+0000][5284][gc,stats    ]    Subphase: Pause Weak Roots Teardown                     0.000 / 0.000         0.000 / 0.000         0.000 / 0.000         0.000 / 0.000       ms
[2020-07-12T01:15:18.924+0000][5284][gc,stats    ]      System: Java Threads                                      0 / 0                36 / 38               36 / 38               36 / 38          threads
[2020-07-12T01:15:18.924+0000][5284][gc,stats    ] =========================================================================================================================================================
[2020-07-12T01:15:28.925+0000][5284][gc,stats    ] === Garbage Collection Statistics =======================================================================================================================
[2020-07-12T01:15:28.925+0000][5284][gc,stats    ]                                                              Last 10s              Last 10m              Last 10h                Total
[2020-07-12T01:15:28.925+0000][5284][gc,stats    ]                                                              Avg / Max             Avg / Max             Avg / Max             Avg / Max
[2020-07-12T01:15:28.925+0000][5284][gc,stats    ]   Collector: Garbage Collection Cycle                      0.000 / 0.000        79.600 / 117.511      79.600 / 117.511      79.600 / 117.511     ms
[2020-07-12T01:15:28.925+0000][5284][gc,stats    ]  Contention: Mark Segment Reset Contention                     0 / 0                 0 / 0                 0 / 0                 0 / 0           ops/s
[2020-07-12T01:15:28.925+0000][5284][gc,stats    ]  Contention: Mark SeqNum Reset Contention                      0 / 0                 0 / 0                 0 / 0                 0 / 0           ops/s
[2020-07-12T01:15:28.925+0000][5284][gc,stats    ]  Contention: Relocation Contention                             0 / 0                 0 / 12                0 / 12                0 / 12          ops/s
[2020-07-12T01:15:28.925+0000][5284][gc,stats    ]    Critical: Allocation Stall                              0.000 / 0.000         0.000 / 0.000         0.000 / 0.000         0.000 / 0.000       ms
[2020-07-12T01:15:28.925+0000][5284][gc,stats    ]    Critical: Allocation Stall                                  0 / 0                 0 / 0                 0 / 0                 0 / 0           ops/s
[2020-07-12T01:15:28.925+0000][5284][gc,stats    ]    Critical: GC Locker Stall                               0.000 / 0.000         0.093 / 0.093         0.093 / 0.093         0.093 / 0.093       ms
[2020-07-12T01:15:28.925+0000][5284][gc,stats    ]    Critical: GC Locker Stall                                   0 / 0                 0 / 1                 0 / 1                 0 / 1           ops/s
[2020-07-12T01:15:28.925+0000][5284][gc,stats    ]      Memory: Allocation Rate                                   0 / 0               101 / 242             101 / 242             101 / 242         MB/s
[2020-07-12T01:15:28.925+0000][5284][gc,stats    ]      Memory: Heap Used After Mark                              0 / 0               589 / 1286            589 / 1286            589 / 1286        MB
[2020-07-12T01:15:28.925+0000][5284][gc,stats    ]      Memory: Heap Used After Relocation                        0 / 0                81 / 116              81 / 116              81 / 116         MB
[2020-07-12T01:15:28.925+0000][5284][gc,stats    ]      Memory: Heap Used Before Mark                             0 / 0               576 / 1270            576 / 1270            576 / 1270        MB
[2020-07-12T01:15:28.925+0000][5284][gc,stats    ]      Memory: Heap Used Before Relocation                       0 / 0               128 / 338             128 / 338             128 / 338         MB
[2020-07-12T01:15:28.925+0000][5284][gc,stats    ]      Memory: Out Of Memory                                     0 / 0                 0 / 0                 0 / 0                 0 / 0           ops/s
[2020-07-12T01:15:28.925+0000][5284][gc,stats    ]      Memory: Page Cache Flush                                  0 / 0                 0 / 0                 0 / 0                 0 / 0           MB/s
[2020-07-12T01:15:28.925+0000][5284][gc,stats    ]      Memory: Page Cache Hit L1                                 0 / 0                50 / 124              50 / 124              50 / 124         ops/s
[2020-07-12T01:15:28.925+0000][5284][gc,stats    ]      Memory: Page Cache Hit L2                                 0 / 0                 0 / 0                 0 / 0                 0 / 0           ops/s
[2020-07-12T01:15:28.925+0000][5284][gc,stats    ]      Memory: Page Cache Hit L3                                 0 / 0                 1 / 96                1 / 96                1 / 96          ops/s
[2020-07-12T01:15:28.925+0000][5284][gc,stats    ]      Memory: Page Cache Miss                                   0 / 0                 0 / 0                 0 / 0                 0 / 0           ops/s
[2020-07-12T01:15:28.925+0000][5284][gc,stats    ]      Memory: Uncommit                                          0 / 0                 0 / 0                 0 / 0                 0 / 0           MB/s
[2020-07-12T01:15:28.925+0000][5284][gc,stats    ]      Memory: Undo Object Allocation Failed                     0 / 0                 0 / 0                 0 / 0                 0 / 0           ops/s
[2020-07-12T01:15:28.925+0000][5284][gc,stats    ]      Memory: Undo Object Allocation Succeeded                  0 / 0                 0 / 12                0 / 12                0 / 12          ops/s
[2020-07-12T01:15:28.925+0000][5284][gc,stats    ]      Memory: Undo Page Allocation                              0 / 0                 0 / 0                 0 / 0                 0 / 0           ops/s
[2020-07-12T01:15:28.925+0000][5284][gc,stats    ]       Phase: Concurrent Mark                               0.000 / 0.000        48.432 / 77.269       48.432 / 77.269       48.432 / 77.269      ms
[2020-07-12T01:15:28.925+0000][5284][gc,stats    ]       Phase: Concurrent Mark Continue                      0.000 / 0.000         0.000 / 0.000         0.000 / 0.000         0.000 / 0.000       ms
[2020-07-12T01:15:28.925+0000][5284][gc,stats    ]       Phase: Concurrent Process Non-Strong References      0.000 / 0.000        26.589 / 42.104       26.589 / 42.104       26.589 / 42.104      ms
[2020-07-12T01:15:28.925+0000][5284][gc,stats    ]       Phase: Concurrent Relocate                           0.000 / 0.000         1.685 / 18.136        1.685 / 18.136        1.685 / 18.136      ms
[2020-07-12T01:15:28.925+0000][5284][gc,stats    ]       Phase: Concurrent Reset Relocation Set               0.000 / 0.000         0.004 / 0.015         0.004 / 0.015         0.004 / 0.015       ms
[2020-07-12T01:15:28.925+0000][5284][gc,stats    ]       Phase: Concurrent Select Relocation Set              0.000 / 0.000         1.060 / 5.622         1.060 / 5.622         1.060 / 5.622       ms
[2020-07-12T01:15:28.925+0000][5284][gc,stats    ]       Phase: Pause Mark End                                0.000 / 0.000         0.345 / 0.654         0.345 / 0.654         0.345 / 0.654       ms
[2020-07-12T01:15:28.925+0000][5284][gc,stats    ]       Phase: Pause Mark Start                              0.000 / 0.000         0.183 / 0.724         0.183 / 0.724         0.183 / 0.724       ms
[2020-07-12T01:15:28.925+0000][5284][gc,stats    ]       Phase: Pause Relocate Start                          0.000 / 0.000         0.136 / 1.014         0.136 / 1.014         0.136 / 1.014       ms
[2020-07-12T01:15:28.925+0000][5284][gc,stats    ]    Subphase: Concurrent Classes Purge                      0.000 / 0.000         0.794 / 8.877         0.794 / 8.877         0.794 / 8.877       ms
[2020-07-12T01:15:28.925+0000][5284][gc,stats    ]    Subphase: Concurrent Classes Unlink                     0.000 / 0.000        24.026 / 38.550       24.026 / 38.550       24.026 / 38.550      ms
[2020-07-12T01:15:28.925+0000][5284][gc,stats    ]    Subphase: Concurrent Mark                               0.000 / 0.000        47.628 / 76.517       47.628 / 76.517       47.628 / 76.517      ms
[2020-07-12T01:15:28.925+0000][5284][gc,stats    ]    Subphase: Concurrent Mark Idle                          0.000 / 0.000         0.000 / 0.000         0.000 / 0.000         0.000 / 0.000       ms
[2020-07-12T01:15:28.925+0000][5284][gc,stats    ]    Subphase: Concurrent Mark Try Flush                     0.000 / 0.000         0.128 / 4.734         0.128 / 4.734         0.128 / 4.734       ms
[2020-07-12T01:15:28.925+0000][5284][gc,stats    ]    Subphase: Concurrent Mark Try Terminate                 0.000 / 0.000         0.083 / 4.736         0.083 / 4.736         0.083 / 4.736       ms
[2020-07-12T01:15:28.925+0000][5284][gc,stats    ]    Subphase: Concurrent References Enqueue                 0.000 / 0.000         0.001 / 0.004         0.001 / 0.004         0.001 / 0.004       ms
[2020-07-12T01:15:28.925+0000][5284][gc,stats    ]    Subphase: Concurrent References Process                 0.000 / 0.000         0.526 / 1.144         0.526 / 1.144         0.526 / 1.144       ms
[2020-07-12T01:15:28.925+0000][5284][gc,stats    ]    Subphase: Concurrent Roots                              0.000 / 0.000         0.320 / 1.449         0.320 / 1.449         0.320 / 1.449       ms
[2020-07-12T01:15:28.925+0000][5284][gc,stats    ]    Subphase: Concurrent Roots ClassLoaderDataGraph         0.000 / 0.000         0.313 / 1.421         0.313 / 1.421         0.313 / 1.421       ms
[2020-07-12T01:15:28.925+0000][5284][gc,stats    ]    Subphase: Concurrent Roots JNIHandles                   0.000 / 0.000         0.004 / 0.017         0.004 / 0.017         0.004 / 0.017       ms
[2020-07-12T01:15:28.925+0000][5284][gc,stats    ]    Subphase: Concurrent Roots Setup                        0.000 / 0.000         0.191 / 0.465         0.191 / 0.465         0.191 / 0.465       ms
[2020-07-12T01:15:28.925+0000][5284][gc,stats    ]    Subphase: Concurrent Roots Teardown                     0.000 / 0.000         0.000 / 0.002         0.000 / 0.002         0.000 / 0.002       ms
[2020-07-12T01:15:28.925+0000][5284][gc,stats    ]    Subphase: Concurrent Roots VMHandles                    0.000 / 0.000         0.000 / 0.000         0.000 / 0.000         0.000 / 0.000       ms
[2020-07-12T01:15:28.925+0000][5284][gc,stats    ]    Subphase: Concurrent Weak Roots                         0.000 / 0.000         0.909 / 1.534         0.909 / 1.534         0.909 / 1.534       ms
[2020-07-12T01:15:28.925+0000][5284][gc,stats    ]    Subphase: Concurrent Weak Roots JNIWeakHandles          0.000 / 0.000         0.001 / 0.004         0.001 / 0.004         0.001 / 0.004       ms
[2020-07-12T01:15:28.925+0000][5284][gc,stats    ]    Subphase: Concurrent Weak Roots ResolvedMethodTable     0.000 / 0.000         0.095 / 0.181         0.095 / 0.181         0.095 / 0.181       ms
[2020-07-12T01:15:28.925+0000][5284][gc,stats    ]    Subphase: Concurrent Weak Roots StringTable             0.000 / 0.000         0.753 / 1.341         0.753 / 1.341         0.753 / 1.341       ms
[2020-07-12T01:15:28.925+0000][5284][gc,stats    ]    Subphase: Concurrent Weak Roots VMWeakHandles           0.000 / 0.000         0.057 / 0.125         0.057 / 0.125         0.057 / 0.125       ms
[2020-07-12T01:15:28.925+0000][5284][gc,stats    ]    Subphase: Pause Mark Try Complete                       0.000 / 0.000         0.156 / 0.214         0.156 / 0.214         0.156 / 0.214       ms
[2020-07-12T01:15:28.925+0000][5284][gc,stats    ]    Subphase: Pause Roots                                   0.000 / 0.000         0.039 / 0.936         0.039 / 0.936         0.039 / 0.936       ms
[2020-07-12T01:15:28.925+0000][5284][gc,stats    ]    Subphase: Pause Roots CodeCache                         0.000 / 0.000         0.000 / 0.000         0.000 / 0.000         0.000 / 0.000       ms
[2020-07-12T01:15:28.925+0000][5284][gc,stats    ]    Subphase: Pause Roots JVMTIExport                       0.000 / 0.000         0.002 / 0.008         0.002 / 0.008         0.002 / 0.008       ms
[2020-07-12T01:15:28.925+0000][5284][gc,stats    ]    Subphase: Pause Roots JVMTIWeakExport                   0.000 / 0.000         0.001 / 0.001         0.001 / 0.001         0.001 / 0.001       ms
[2020-07-12T01:15:28.925+0000][5284][gc,stats    ]    Subphase: Pause Roots Management                        0.000 / 0.000         0.001 / 0.009         0.001 / 0.009         0.001 / 0.009       ms
[2020-07-12T01:15:28.925+0000][5284][gc,stats    ]    Subphase: Pause Roots ObjectSynchronizer                0.000 / 0.000         0.000 / 0.001         0.000 / 0.001         0.000 / 0.001       ms
[2020-07-12T01:15:28.925+0000][5284][gc,stats    ]    Subphase: Pause Roots Setup                             0.000 / 0.000         0.001 / 0.036         0.001 / 0.036         0.001 / 0.036       ms
[2020-07-12T01:15:28.925+0000][5284][gc,stats    ]    Subphase: Pause Roots SystemDictionary                  0.000 / 0.000         0.012 / 0.042         0.012 / 0.042         0.012 / 0.042       ms
[2020-07-12T01:15:28.925+0000][5284][gc,stats    ]    Subphase: Pause Roots Teardown                          0.000 / 0.000         0.001 / 0.013         0.001 / 0.013         0.001 / 0.013       ms
[2020-07-12T01:15:28.925+0000][5284][gc,stats    ]    Subphase: Pause Roots Threads                           0.000 / 0.000         0.045 / 0.913         0.045 / 0.913         0.045 / 0.913       ms
[2020-07-12T01:15:28.925+0000][5284][gc,stats    ]    Subphase: Pause Roots Universe                          0.000 / 0.000         0.002 / 0.011         0.002 / 0.011         0.002 / 0.011       ms
[2020-07-12T01:15:28.925+0000][5284][gc,stats    ]    Subphase: Pause Weak Roots                              0.000 / 0.000         0.010 / 0.087         0.010 / 0.087         0.010 / 0.087       ms
[2020-07-12T01:15:28.925+0000][5284][gc,stats    ]    Subphase: Pause Weak Roots JFRWeak                      0.000 / 0.000         0.047 / 0.084         0.047 / 0.084         0.047 / 0.084       ms
[2020-07-12T01:15:28.925+0000][5284][gc,stats    ]    Subphase: Pause Weak Roots JVMTIWeakExport              0.000 / 0.000         0.001 / 0.002         0.001 / 0.002         0.001 / 0.002       ms
[2020-07-12T01:15:28.925+0000][5284][gc,stats    ]    Subphase: Pause Weak Roots Setup                        0.000 / 0.000         0.000 / 0.001         0.000 / 0.001         0.000 / 0.001       ms
[2020-07-12T01:15:28.925+0000][5284][gc,stats    ]    Subphase: Pause Weak Roots Teardown                     0.000 / 0.000         0.000 / 0.000         0.000 / 0.000         0.000 / 0.000       ms
[2020-07-12T01:15:28.925+0000][5284][gc,stats    ]      System: Java Threads                                      0 / 0                36 / 38               36 / 38               36 / 38          threads
[2020-07-12T01:15:28.925+0000][5284][gc,stats    ] =========================================================================================================================================================
[2020-07-12T01:15:38.924+0000][5284][gc,stats    ] === Garbage Collection Statistics =======================================================================================================================
[2020-07-12T01:15:38.924+0000][5284][gc,stats    ]                                                              Last 10s              Last 10m              Last 10h                Total
[2020-07-12T01:15:38.924+0000][5284][gc,stats    ]                                                              Avg / Max             Avg / Max             Avg / Max             Avg / Max
[2020-07-12T01:15:38.924+0000][5284][gc,stats    ]   Collector: Garbage Collection Cycle                      0.000 / 0.000        79.600 / 117.511      79.600 / 117.511      79.600 / 117.511     ms
[2020-07-12T01:15:38.924+0000][5284][gc,stats    ]  Contention: Mark Segment Reset Contention                     0 / 0                 0 / 0                 0 / 0                 0 / 0           ops/s
[2020-07-12T01:15:38.924+0000][5284][gc,stats    ]  Contention: Mark SeqNum Reset Contention                      0 / 0                 0 / 0                 0 / 0                 0 / 0           ops/s
[2020-07-12T01:15:38.924+0000][5284][gc,stats    ]  Contention: Relocation Contention                             0 / 0                 0 / 12                0 / 12                0 / 12          ops/s
[2020-07-12T01:15:38.924+0000][5284][gc,stats    ]    Critical: Allocation Stall                              0.000 / 0.000         0.000 / 0.000         0.000 / 0.000         0.000 / 0.000       ms
[2020-07-12T01:15:38.924+0000][5284][gc,stats    ]    Critical: Allocation Stall                                  0 / 0                 0 / 0                 0 / 0                 0 / 0           ops/s
[2020-07-12T01:15:38.924+0000][5284][gc,stats    ]    Critical: GC Locker Stall                               0.000 / 0.000         0.093 / 0.093         0.093 / 0.093         0.093 / 0.093       ms
[2020-07-12T01:15:38.924+0000][5284][gc,stats    ]    Critical: GC Locker Stall                                   0 / 0                 0 / 1                 0 / 1                 0 / 1           ops/s
[2020-07-12T01:15:38.924+0000][5284][gc,stats    ]      Memory: Allocation Rate                                   0 / 0                99 / 242              99 / 242              99 / 242         MB/s
[2020-07-12T01:15:38.924+0000][5284][gc,stats    ]      Memory: Heap Used After Mark                              0 / 0               589 / 1286            589 / 1286            589 / 1286        MB
[2020-07-12T01:15:38.924+0000][5284][gc,stats    ]      Memory: Heap Used After Relocation                        0 / 0                81 / 116              81 / 116              81 / 116         MB
[2020-07-12T01:15:38.924+0000][5284][gc,stats    ]      Memory: Heap Used Before Mark                             0 / 0               576 / 1270            576 / 1270            576 / 1270        MB
[2020-07-12T01:15:38.924+0000][5284][gc,stats    ]      Memory: Heap Used Before Relocation                       0 / 0               128 / 338             128 / 338             128 / 338         MB
[2020-07-12T01:15:38.924+0000][5284][gc,stats    ]      Memory: Out Of Memory                                     0 / 0                 0 / 0                 0 / 0                 0 / 0           ops/s
[2020-07-12T01:15:38.924+0000][5284][gc,stats    ]      Memory: Page Cache Flush                                  0 / 0                 0 / 0                 0 / 0                 0 / 0           MB/s
[2020-07-12T01:15:38.924+0000][5284][gc,stats    ]      Memory: Page Cache Hit L1                                 0 / 0                49 / 124              49 / 124              49 / 124         ops/s
[2020-07-12T01:15:38.924+0000][5284][gc,stats    ]      Memory: Page Cache Hit L2                                 0 / 0                 0 / 0                 0 / 0                 0 / 0           ops/s
[2020-07-12T01:15:38.924+0000][5284][gc,stats    ]      Memory: Page Cache Hit L3                                 0 / 0                 1 / 96                1 / 96                1 / 96          ops/s
[2020-07-12T01:15:38.924+0000][5284][gc,stats    ]      Memory: Page Cache Miss                                   0 / 0                 0 / 0                 0 / 0                 0 / 0           ops/s
[2020-07-12T01:15:38.924+0000][5284][gc,stats    ]      Memory: Uncommit                                          0 / 0                 0 / 0                 0 / 0                 0 / 0           MB/s
[2020-07-12T01:15:38.924+0000][5284][gc,stats    ]      Memory: Undo Object Allocation Failed                     0 / 0                 0 / 0                 0 / 0                 0 / 0           ops/s
[2020-07-12T01:15:38.924+0000][5284][gc,stats    ]      Memory: Undo Object Allocation Succeeded                  0 / 0                 0 / 12                0 / 12                0 / 12          ops/s
[2020-07-12T01:15:38.924+0000][5284][gc,stats    ]      Memory: Undo Page Allocation                              0 / 0                 0 / 0                 0 / 0                 0 / 0           ops/s
[2020-07-12T01:15:38.924+0000][5284][gc,stats    ]       Phase: Concurrent Mark                               0.000 / 0.000        48.432 / 77.269       48.432 / 77.269       48.432 / 77.269      ms
[2020-07-12T01:15:38.924+0000][5284][gc,stats    ]       Phase: Concurrent Mark Continue                      0.000 / 0.000         0.000 / 0.000         0.000 / 0.000         0.000 / 0.000       ms
[2020-07-12T01:15:38.924+0000][5284][gc,stats    ]       Phase: Concurrent Process Non-Strong References      0.000 / 0.000        26.589 / 42.104       26.589 / 42.104       26.589 / 42.104      ms
[2020-07-12T01:15:38.924+0000][5284][gc,stats    ]       Phase: Concurrent Relocate                           0.000 / 0.000         1.685 / 18.136        1.685 / 18.136        1.685 / 18.136      ms
[2020-07-12T01:15:38.924+0000][5284][gc,stats    ]       Phase: Concurrent Reset Relocation Set               0.000 / 0.000         0.004 / 0.015         0.004 / 0.015         0.004 / 0.015       ms
[2020-07-12T01:15:38.924+0000][5284][gc,stats    ]       Phase: Concurrent Select Relocation Set              0.000 / 0.000         1.060 / 5.622         1.060 / 5.622         1.060 / 5.622       ms
[2020-07-12T01:15:38.924+0000][5284][gc,stats    ]       Phase: Pause Mark End                                0.000 / 0.000         0.345 / 0.654         0.345 / 0.654         0.345 / 0.654       ms
[2020-07-12T01:15:38.924+0000][5284][gc,stats    ]       Phase: Pause Mark Start                              0.000 / 0.000         0.183 / 0.724         0.183 / 0.724         0.183 / 0.724       ms
[2020-07-12T01:15:38.924+0000][5284][gc,stats    ]       Phase: Pause Relocate Start                          0.000 / 0.000         0.136 / 1.014         0.136 / 1.014         0.136 / 1.014       ms
[2020-07-12T01:15:38.924+0000][5284][gc,stats    ]    Subphase: Concurrent Classes Purge                      0.000 / 0.000         0.794 / 8.877         0.794 / 8.877         0.794 / 8.877       ms
[2020-07-12T01:15:38.924+0000][5284][gc,stats    ]    Subphase: Concurrent Classes Unlink                     0.000 / 0.000        24.026 / 38.550       24.026 / 38.550       24.026 / 38.550      ms
[2020-07-12T01:15:38.924+0000][5284][gc,stats    ]    Subphase: Concurrent Mark                               0.000 / 0.000        47.628 / 76.517       47.628 / 76.517       47.628 / 76.517      ms
[2020-07-12T01:15:38.924+0000][5284][gc,stats    ]    Subphase: Concurrent Mark Idle                          0.000 / 0.000         0.000 / 0.000         0.000 / 0.000         0.000 / 0.000       ms
[2020-07-12T01:15:38.924+0000][5284][gc,stats    ]    Subphase: Concurrent Mark Try Flush                     0.000 / 0.000         0.128 / 4.734         0.128 / 4.734         0.128 / 4.734       ms
[2020-07-12T01:15:38.924+0000][5284][gc,stats    ]    Subphase: Concurrent Mark Try Terminate                 0.000 / 0.000         0.083 / 4.736         0.083 / 4.736         0.083 / 4.736       ms
[2020-07-12T01:15:38.924+0000][5284][gc,stats    ]    Subphase: Concurrent References Enqueue                 0.000 / 0.000         0.001 / 0.004         0.001 / 0.004         0.001 / 0.004       ms
[2020-07-12T01:15:38.924+0000][5284][gc,stats    ]    Subphase: Concurrent References Process                 0.000 / 0.000         0.526 / 1.144         0.526 / 1.144         0.526 / 1.144       ms
[2020-07-12T01:15:38.924+0000][5284][gc,stats    ]    Subphase: Concurrent Roots                              0.000 / 0.000         0.320 / 1.449         0.320 / 1.449         0.320 / 1.449       ms
[2020-07-12T01:15:38.924+0000][5284][gc,stats    ]    Subphase: Concurrent Roots ClassLoaderDataGraph         0.000 / 0.000         0.313 / 1.421         0.313 / 1.421         0.313 / 1.421       ms
[2020-07-12T01:15:38.924+0000][5284][gc,stats    ]    Subphase: Concurrent Roots JNIHandles                   0.000 / 0.000         0.004 / 0.017         0.004 / 0.017         0.004 / 0.017       ms
[2020-07-12T01:15:38.924+0000][5284][gc,stats    ]    Subphase: Concurrent Roots Setup                        0.000 / 0.000         0.191 / 0.465         0.191 / 0.465         0.191 / 0.465       ms
[2020-07-12T01:15:38.924+0000][5284][gc,stats    ]    Subphase: Concurrent Roots Teardown                     0.000 / 0.000         0.000 / 0.002         0.000 / 0.002         0.000 / 0.002       ms
[2020-07-12T01:15:38.924+0000][5284][gc,stats    ]    Subphase: Concurrent Roots VMHandles                    0.000 / 0.000         0.000 / 0.000         0.000 / 0.000         0.000 / 0.000       ms
[2020-07-12T01:15:38.924+0000][5284][gc,stats    ]    Subphase: Concurrent Weak Roots                         0.000 / 0.000         0.909 / 1.534         0.909 / 1.534         0.909 / 1.534       ms
[2020-07-12T01:15:38.924+0000][5284][gc,stats    ]    Subphase: Concurrent Weak Roots JNIWeakHandles          0.000 / 0.000         0.001 / 0.004         0.001 / 0.004         0.001 / 0.004       ms
[2020-07-12T01:15:38.924+0000][5284][gc,stats    ]    Subphase: Concurrent Weak Roots ResolvedMethodTable     0.000 / 0.000         0.095 / 0.181         0.095 / 0.181         0.095 / 0.181       ms
[2020-07-12T01:15:38.924+0000][5284][gc,stats    ]    Subphase: Concurrent Weak Roots StringTable             0.000 / 0.000         0.753 / 1.341         0.753 / 1.341         0.753 / 1.341       ms
[2020-07-12T01:15:38.924+0000][5284][gc,stats    ]    Subphase: Concurrent Weak Roots VMWeakHandles           0.000 / 0.000         0.057 / 0.125         0.057 / 0.125         0.057 / 0.125       ms
[2020-07-12T01:15:38.924+0000][5284][gc,stats    ]    Subphase: Pause Mark Try Complete                       0.000 / 0.000         0.156 / 0.214         0.156 / 0.214         0.156 / 0.214       ms
[2020-07-12T01:15:38.924+0000][5284][gc,stats    ]    Subphase: Pause Roots                                   0.000 / 0.000         0.039 / 0.936         0.039 / 0.936         0.039 / 0.936       ms
[2020-07-12T01:15:38.924+0000][5284][gc,stats    ]    Subphase: Pause Roots CodeCache                         0.000 / 0.000         0.000 / 0.000         0.000 / 0.000         0.000 / 0.000       ms
[2020-07-12T01:15:38.924+0000][5284][gc,stats    ]    Subphase: Pause Roots JVMTIExport                       0.000 / 0.000         0.002 / 0.008         0.002 / 0.008         0.002 / 0.008       ms
[2020-07-12T01:15:38.924+0000][5284][gc,stats    ]    Subphase: Pause Roots JVMTIWeakExport                   0.000 / 0.000         0.001 / 0.001         0.001 / 0.001         0.001 / 0.001       ms
[2020-07-12T01:15:38.924+0000][5284][gc,stats    ]    Subphase: Pause Roots Management                        0.000 / 0.000         0.001 / 0.009         0.001 / 0.009         0.001 / 0.009       ms
[2020-07-12T01:15:38.924+0000][5284][gc,stats    ]    Subphase: Pause Roots ObjectSynchronizer                0.000 / 0.000         0.000 / 0.001         0.000 / 0.001         0.000 / 0.001       ms
[2020-07-12T01:15:38.924+0000][5284][gc,stats    ]    Subphase: Pause Roots Setup                             0.000 / 0.000         0.001 / 0.036         0.001 / 0.036         0.001 / 0.036       ms
[2020-07-12T01:15:38.924+0000][5284][gc,stats    ]    Subphase: Pause Roots SystemDictionary                  0.000 / 0.000         0.012 / 0.042         0.012 / 0.042         0.012 / 0.042       ms
[2020-07-12T01:15:38.924+0000][5284][gc,stats    ]    Subphase: Pause Roots Teardown                          0.000 / 0.000         0.001 / 0.013         0.001 / 0.013         0.001 / 0.013       ms
[2020-07-12T01:15:38.924+0000][5284][gc,stats    ]    Subphase: Pause Roots Threads                           0.000 / 0.000         0.045 / 0.913         0.045 / 0.913         0.045 / 0.913       ms
[2020-07-12T01:15:38.924+0000][5284][gc,stats    ]    Subphase: Pause Roots Universe                          0.000 / 0.000         0.002 / 0.011         0.002 / 0.011         0.002 / 0.011       ms
[2020-07-12T01:15:38.924+0000][5284][gc,stats    ]    Subphase: Pause Weak Roots                              0.000 / 0.000         0.010 / 0.087         0.010 / 0.087         0.010 / 0.087       ms
[2020-07-12T01:15:38.924+0000][5284][gc,stats    ]    Subphase: Pause Weak Roots JFRWeak                      0.000 / 0.000         0.047 / 0.084         0.047 / 0.084         0.047 / 0.084       ms
[2020-07-12T01:15:38.924+0000][5284][gc,stats    ]    Subphase: Pause Weak Roots JVMTIWeakExport              0.000 / 0.000         0.001 / 0.002         0.001 / 0.002         0.001 / 0.002       ms
[2020-07-12T01:15:38.924+0000][5284][gc,stats    ]    Subphase: Pause Weak Roots Setup                        0.000 / 0.000         0.000 / 0.001         0.000 / 0.001         0.000 / 0.001       ms
[2020-07-12T01:15:38.924+0000][5284][gc,stats    ]    Subphase: Pause Weak Roots Teardown                     0.000 / 0.000         0.000 / 0.000         0.000 / 0.000         0.000 / 0.000       ms
[2020-07-12T01:15:38.924+0000][5284][gc,stats    ]      System: Java Threads                                      0 / 0                36 / 38               36 / 38               36 / 38          threads
[2020-07-12T01:15:38.924+0000][5284][gc,stats    ] =========================================================================================================================================================
[2020-07-12T01:15:48.924+0000][5284][gc,stats    ] === Garbage Collection Statistics =======================================================================================================================
[2020-07-12T01:15:48.924+0000][5284][gc,stats    ]                                                              Last 10s              Last 10m              Last 10h                Total
[2020-07-12T01:15:48.924+0000][5284][gc,stats    ]                                                              Avg / Max             Avg / Max             Avg / Max             Avg / Max
[2020-07-12T01:15:48.924+0000][5284][gc,stats    ]   Collector: Garbage Collection Cycle                      0.000 / 0.000        79.600 / 117.511      79.600 / 117.511      79.600 / 117.511     ms
[2020-07-12T01:15:48.924+0000][5284][gc,stats    ]  Contention: Mark Segment Reset Contention                     0 / 0                 0 / 0                 0 / 0                 0 / 0           ops/s
[2020-07-12T01:15:48.924+0000][5284][gc,stats    ]  Contention: Mark SeqNum Reset Contention                      0 / 0                 0 / 0                 0 / 0                 0 / 0           ops/s
[2020-07-12T01:15:48.924+0000][5284][gc,stats    ]  Contention: Relocation Contention                             0 / 0                 0 / 12                0 / 12                0 / 12          ops/s
[2020-07-12T01:15:48.924+0000][5284][gc,stats    ]    Critical: Allocation Stall                              0.000 / 0.000         0.000 / 0.000         0.000 / 0.000         0.000 / 0.000       ms
[2020-07-12T01:15:48.924+0000][5284][gc,stats    ]    Critical: Allocation Stall                                  0 / 0                 0 / 0                 0 / 0                 0 / 0           ops/s
[2020-07-12T01:15:48.924+0000][5284][gc,stats    ]    Critical: GC Locker Stall                               0.000 / 0.000         0.093 / 0.093         0.093 / 0.093         0.093 / 0.093       ms
[2020-07-12T01:15:48.924+0000][5284][gc,stats    ]    Critical: GC Locker Stall                                   0 / 0                 0 / 1                 0 / 1                 0 / 1           ops/s
[2020-07-12T01:15:48.924+0000][5284][gc,stats    ]      Memory: Allocation Rate                                   0 / 0                98 / 242              98 / 242              98 / 242         MB/s
[2020-07-12T01:15:48.924+0000][5284][gc,stats    ]      Memory: Heap Used After Mark                              0 / 0               589 / 1286            589 / 1286            589 / 1286        MB
[2020-07-12T01:15:48.924+0000][5284][gc,stats    ]      Memory: Heap Used After Relocation                        0 / 0                81 / 116              81 / 116              81 / 116         MB
[2020-07-12T01:15:48.924+0000][5284][gc,stats    ]      Memory: Heap Used Before Mark                             0 / 0               576 / 1270            576 / 1270            576 / 1270        MB
[2020-07-12T01:15:48.924+0000][5284][gc,stats    ]      Memory: Heap Used Before Relocation                       0 / 0               128 / 338             128 / 338             128 / 338         MB
[2020-07-12T01:15:48.924+0000][5284][gc,stats    ]      Memory: Out Of Memory                                     0 / 0                 0 / 0                 0 / 0                 0 / 0           ops/s
[2020-07-12T01:15:48.924+0000][5284][gc,stats    ]      Memory: Page Cache Flush                                  0 / 0                 0 / 0                 0 / 0                 0 / 0           MB/s
[2020-07-12T01:15:48.924+0000][5284][gc,stats    ]      Memory: Page Cache Hit L1                                 0 / 0                48 / 124              48 / 124              48 / 124         ops/s
[2020-07-12T01:15:48.924+0000][5284][gc,stats    ]      Memory: Page Cache Hit L2                                 0 / 0                 0 / 0                 0 / 0                 0 / 0           ops/s
[2020-07-12T01:15:48.924+0000][5284][gc,stats    ]      Memory: Page Cache Hit L3                                 0 / 0                 1 / 96                1 / 96                1 / 96          ops/s
[2020-07-12T01:15:48.924+0000][5284][gc,stats    ]      Memory: Page Cache Miss                                   0 / 0                 0 / 0                 0 / 0                 0 / 0           ops/s
[2020-07-12T01:15:48.924+0000][5284][gc,stats    ]      Memory: Uncommit                                          0 / 0                 0 / 0                 0 / 0                 0 / 0           MB/s
[2020-07-12T01:15:48.924+0000][5284][gc,stats    ]      Memory: Undo Object Allocation Failed                     0 / 0                 0 / 0                 0 / 0                 0 / 0           ops/s
[2020-07-12T01:15:48.924+0000][5284][gc,stats    ]      Memory: Undo Object Allocation Succeeded                  0 / 0                 0 / 12                0 / 12                0 / 12          ops/s
[2020-07-12T01:15:48.924+0000][5284][gc,stats    ]      Memory: Undo Page Allocation                              0 / 0                 0 / 0                 0 / 0                 0 / 0           ops/s
[2020-07-12T01:15:48.924+0000][5284][gc,stats    ]       Phase: Concurrent Mark                               0.000 / 0.000        48.432 / 77.269       48.432 / 77.269       48.432 / 77.269      ms
[2020-07-12T01:15:48.924+0000][5284][gc,stats    ]       Phase: Concurrent Mark Continue                      0.000 / 0.000         0.000 / 0.000         0.000 / 0.000         0.000 / 0.000       ms
[2020-07-12T01:15:48.924+0000][5284][gc,stats    ]       Phase: Concurrent Process Non-Strong References      0.000 / 0.000        26.589 / 42.104       26.589 / 42.104       26.589 / 42.104      ms
[2020-07-12T01:15:48.924+0000][5284][gc,stats    ]       Phase: Concurrent Relocate                           0.000 / 0.000         1.685 / 18.136        1.685 / 18.136        1.685 / 18.136      ms
[2020-07-12T01:15:48.924+0000][5284][gc,stats    ]       Phase: Concurrent Reset Relocation Set               0.000 / 0.000         0.004 / 0.015         0.004 / 0.015         0.004 / 0.015       ms
[2020-07-12T01:15:48.924+0000][5284][gc,stats    ]       Phase: Concurrent Select Relocation Set              0.000 / 0.000         1.060 / 5.622         1.060 / 5.622         1.060 / 5.622       ms
[2020-07-12T01:15:48.924+0000][5284][gc,stats    ]       Phase: Pause Mark End                                0.000 / 0.000         0.345 / 0.654         0.345 / 0.654         0.345 / 0.654       ms
[2020-07-12T01:15:48.924+0000][5284][gc,stats    ]       Phase: Pause Mark Start                              0.000 / 0.000         0.183 / 0.724         0.183 / 0.724         0.183 / 0.724       ms
[2020-07-12T01:15:48.924+0000][5284][gc,stats    ]       Phase: Pause Relocate Start                          0.000 / 0.000         0.136 / 1.014         0.136 / 1.014         0.136 / 1.014       ms
[2020-07-12T01:15:48.924+0000][5284][gc,stats    ]    Subphase: Concurrent Classes Purge                      0.000 / 0.000         0.794 / 8.877         0.794 / 8.877         0.794 / 8.877       ms
[2020-07-12T01:15:48.924+0000][5284][gc,stats    ]    Subphase: Concurrent Classes Unlink                     0.000 / 0.000        24.026 / 38.550       24.026 / 38.550       24.026 / 38.550      ms
[2020-07-12T01:15:48.924+0000][5284][gc,stats    ]    Subphase: Concurrent Mark                               0.000 / 0.000        47.628 / 76.517       47.628 / 76.517       47.628 / 76.517      ms
[2020-07-12T01:15:48.924+0000][5284][gc,stats    ]    Subphase: Concurrent Mark Idle                          0.000 / 0.000         0.000 / 0.000         0.000 / 0.000         0.000 / 0.000       ms
[2020-07-12T01:15:48.924+0000][5284][gc,stats    ]    Subphase: Concurrent Mark Try Flush                     0.000 / 0.000         0.128 / 4.734         0.128 / 4.734         0.128 / 4.734       ms
[2020-07-12T01:15:48.924+0000][5284][gc,stats    ]    Subphase: Concurrent Mark Try Terminate                 0.000 / 0.000         0.083 / 4.736         0.083 / 4.736         0.083 / 4.736       ms
[2020-07-12T01:15:48.924+0000][5284][gc,stats    ]    Subphase: Concurrent References Enqueue                 0.000 / 0.000         0.001 / 0.004         0.001 / 0.004         0.001 / 0.004       ms
[2020-07-12T01:15:48.924+0000][5284][gc,stats    ]    Subphase: Concurrent References Process                 0.000 / 0.000         0.526 / 1.144         0.526 / 1.144         0.526 / 1.144       ms
[2020-07-12T01:15:48.924+0000][5284][gc,stats    ]    Subphase: Concurrent Roots                              0.000 / 0.000         0.320 / 1.449         0.320 / 1.449         0.320 / 1.449       ms
[2020-07-12T01:15:48.924+0000][5284][gc,stats    ]    Subphase: Concurrent Roots ClassLoaderDataGraph         0.000 / 0.000         0.313 / 1.421         0.313 / 1.421         0.313 / 1.421       ms
[2020-07-12T01:15:48.924+0000][5284][gc,stats    ]    Subphase: Concurrent Roots JNIHandles                   0.000 / 0.000         0.004 / 0.017         0.004 / 0.017         0.004 / 0.017       ms
[2020-07-12T01:15:48.924+0000][5284][gc,stats    ]    Subphase: Concurrent Roots Setup                        0.000 / 0.000         0.191 / 0.465         0.191 / 0.465         0.191 / 0.465       ms
[2020-07-12T01:15:48.924+0000][5284][gc,stats    ]    Subphase: Concurrent Roots Teardown                     0.000 / 0.000         0.000 / 0.002         0.000 / 0.002         0.000 / 0.002       ms
[2020-07-12T01:15:48.924+0000][5284][gc,stats    ]    Subphase: Concurrent Roots VMHandles                    0.000 / 0.000         0.000 / 0.000         0.000 / 0.000         0.000 / 0.000       ms
[2020-07-12T01:15:48.924+0000][5284][gc,stats    ]    Subphase: Concurrent Weak Roots                         0.000 / 0.000         0.909 / 1.534         0.909 / 1.534         0.909 / 1.534       ms
[2020-07-12T01:15:48.924+0000][5284][gc,stats    ]    Subphase: Concurrent Weak Roots JNIWeakHandles          0.000 / 0.000         0.001 / 0.004         0.001 / 0.004         0.001 / 0.004       ms
[2020-07-12T01:15:48.924+0000][5284][gc,stats    ]    Subphase: Concurrent Weak Roots ResolvedMethodTable     0.000 / 0.000         0.095 / 0.181         0.095 / 0.181         0.095 / 0.181       ms
[2020-07-12T01:15:48.924+0000][5284][gc,stats    ]    Subphase: Concurrent Weak Roots StringTable             0.000 / 0.000         0.753 / 1.341         0.753 / 1.341         0.753 / 1.341       ms
[2020-07-12T01:15:48.924+0000][5284][gc,stats    ]    Subphase: Concurrent Weak Roots VMWeakHandles           0.000 / 0.000         0.057 / 0.125         0.057 / 0.125         0.057 / 0.125       ms
[2020-07-12T01:15:48.924+0000][5284][gc,stats    ]    Subphase: Pause Mark Try Complete                       0.000 / 0.000         0.156 / 0.214         0.156 / 0.214         0.156 / 0.214       ms
[2020-07-12T01:15:48.924+0000][5284][gc,stats    ]    Subphase: Pause Roots                                   0.000 / 0.000         0.039 / 0.936         0.039 / 0.936         0.039 / 0.936       ms
[2020-07-12T01:15:48.924+0000][5284][gc,stats    ]    Subphase: Pause Roots CodeCache                         0.000 / 0.000         0.000 / 0.000         0.000 / 0.000         0.000 / 0.000       ms
[2020-07-12T01:15:48.924+0000][5284][gc,stats    ]    Subphase: Pause Roots JVMTIExport                       0.000 / 0.000         0.002 / 0.008         0.002 / 0.008         0.002 / 0.008       ms
[2020-07-12T01:15:48.924+0000][5284][gc,stats    ]    Subphase: Pause Roots JVMTIWeakExport                   0.000 / 0.000         0.001 / 0.001         0.001 / 0.001         0.001 / 0.001       ms
[2020-07-12T01:15:48.924+0000][5284][gc,stats    ]    Subphase: Pause Roots Management                        0.000 / 0.000         0.001 / 0.009         0.001 / 0.009         0.001 / 0.009       ms
[2020-07-12T01:15:48.924+0000][5284][gc,stats    ]    Subphase: Pause Roots ObjectSynchronizer                0.000 / 0.000         0.000 / 0.001         0.000 / 0.001         0.000 / 0.001       ms
[2020-07-12T01:15:48.924+0000][5284][gc,stats    ]    Subphase: Pause Roots Setup                             0.000 / 0.000         0.001 / 0.036         0.001 / 0.036         0.001 / 0.036       ms
[2020-07-12T01:15:48.924+0000][5284][gc,stats    ]    Subphase: Pause Roots SystemDictionary                  0.000 / 0.000         0.012 / 0.042         0.012 / 0.042         0.012 / 0.042       ms
[2020-07-12T01:15:48.924+0000][5284][gc,stats    ]    Subphase: Pause Roots Teardown                          0.000 / 0.000         0.001 / 0.013         0.001 / 0.013         0.001 / 0.013       ms
[2020-07-12T01:15:48.924+0000][5284][gc,stats    ]    Subphase: Pause Roots Threads                           0.000 / 0.000         0.045 / 0.913         0.045 / 0.913         0.045 / 0.913       ms
[2020-07-12T01:15:48.924+0000][5284][gc,stats    ]    Subphase: Pause Roots Universe                          0.000 / 0.000         0.002 / 0.011         0.002 / 0.011         0.002 / 0.011       ms
[2020-07-12T01:15:48.924+0000][5284][gc,stats    ]    Subphase: Pause Weak Roots                              0.000 / 0.000         0.010 / 0.087         0.010 / 0.087         0.010 / 0.087       ms
[2020-07-12T01:15:48.924+0000][5284][gc,stats    ]    Subphase: Pause Weak Roots JFRWeak                      0.000 / 0.000         0.047 / 0.084         0.047 / 0.084         0.047 / 0.084       ms
[2020-07-12T01:15:48.924+0000][5284][gc,stats    ]    Subphase: Pause Weak Roots JVMTIWeakExport              0.000 / 0.000         0.001 / 0.002         0.001 / 0.002         0.001 / 0.002       ms
[2020-07-12T01:15:48.924+0000][5284][gc,stats    ]    Subphase: Pause Weak Roots Setup                        0.000 / 0.000         0.000 / 0.001         0.000 / 0.001         0.000 / 0.001       ms
[2020-07-12T01:15:48.924+0000][5284][gc,stats    ]    Subphase: Pause Weak Roots Teardown                     0.000 / 0.000         0.000 / 0.000         0.000 / 0.000         0.000 / 0.000       ms
[2020-07-12T01:15:48.924+0000][5284][gc,stats    ]      System: Java Threads                                      0 / 0                36 / 38               36 / 38               36 / 38          threads
[2020-07-12T01:15:48.924+0000][5284][gc,stats    ] =========================================================================================================================================================
[2020-07-12T01:15:53.838+0000][5284][safepoint   ] Safepoint "PrintThreads", Time since last: 60004048888 ns, Reaching safepoint: 79518 ns, At safepoint: 439676 ns, Total: 519194 ns
[2020-07-12T01:15:53.838+0000][5284][safepoint   ] Safepoint "PrintJNI", Time since last: 97161 ns, Reaching safepoint: 36514 ns, At safepoint: 2743 ns, Total: 39257 ns
[2020-07-12T01:15:53.839+0000][5284][safepoint   ] Safepoint "FindDeadlocks", Time since last: 85776 ns, Reaching safepoint: 56059 ns, At safepoint: 5662 ns, Total: 61721 ns
[2020-07-12T01:15:58.925+0000][5284][gc,stats    ] === Garbage Collection Statistics =======================================================================================================================
[2020-07-12T01:15:58.925+0000][5284][gc,stats    ]                                                              Last 10s              Last 10m              Last 10h                Total
[2020-07-12T01:15:58.925+0000][5284][gc,stats    ]                                                              Avg / Max             Avg / Max             Avg / Max             Avg / Max
[2020-07-12T01:15:58.925+0000][5284][gc,stats    ]   Collector: Garbage Collection Cycle                      0.000 / 0.000        79.600 / 117.511      79.600 / 117.511      79.600 / 117.511     ms
[2020-07-12T01:15:58.925+0000][5284][gc,stats    ]  Contention: Mark Segment Reset Contention                     0 / 0                 0 / 0                 0 / 0                 0 / 0           ops/s
[2020-07-12T01:15:58.925+0000][5284][gc,stats    ]  Contention: Mark SeqNum Reset Contention                      0 / 0                 0 / 0                 0 / 0                 0 / 0           ops/s
[2020-07-12T01:15:58.925+0000][5284][gc,stats    ]  Contention: Relocation Contention                             0 / 0                 0 / 12                0 / 12                0 / 12          ops/s
[2020-07-12T01:15:58.925+0000][5284][gc,stats    ]    Critical: Allocation Stall                              0.000 / 0.000         0.000 / 0.000         0.000 / 0.000         0.000 / 0.000       ms
[2020-07-12T01:15:58.925+0000][5284][gc,stats    ]    Critical: Allocation Stall                                  0 / 0                 0 / 0                 0 / 0                 0 / 0           ops/s
[2020-07-12T01:15:58.925+0000][5284][gc,stats    ]    Critical: GC Locker Stall                               0.000 / 0.000         0.093 / 0.093         0.093 / 0.093         0.093 / 0.093       ms
[2020-07-12T01:15:58.925+0000][5284][gc,stats    ]    Critical: GC Locker Stall                                   0 / 0                 0 / 1                 0 / 1                 0 / 1           ops/s
[2020-07-12T01:15:58.925+0000][5284][gc,stats    ]      Memory: Allocation Rate                                   0 / 0                96 / 242              96 / 242              96 / 242         MB/s
[2020-07-12T01:15:58.925+0000][5284][gc,stats    ]      Memory: Heap Used After Mark                              0 / 0               589 / 1286            589 / 1286            589 / 1286        MB
[2020-07-12T01:15:58.925+0000][5284][gc,stats    ]      Memory: Heap Used After Relocation                        0 / 0                81 / 116              81 / 116              81 / 116         MB
[2020-07-12T01:15:58.925+0000][5284][gc,stats    ]      Memory: Heap Used Before Mark                             0 / 0               576 / 1270            576 / 1270            576 / 1270        MB
[2020-07-12T01:15:58.925+0000][5284][gc,stats    ]      Memory: Heap Used Before Relocation                       0 / 0               128 / 338             128 / 338             128 / 338         MB
[2020-07-12T01:15:58.925+0000][5284][gc,stats    ]      Memory: Out Of Memory                                     0 / 0                 0 / 0                 0 / 0                 0 / 0           ops/s
[2020-07-12T01:15:58.925+0000][5284][gc,stats    ]      Memory: Page Cache Flush                                  0 / 0                 0 / 0                 0 / 0                 0 / 0           MB/s
[2020-07-12T01:15:58.925+0000][5284][gc,stats    ]      Memory: Page Cache Hit L1                                 0 / 0                47 / 124              47 / 124              47 / 124         ops/s
[2020-07-12T01:15:58.925+0000][5284][gc,stats    ]      Memory: Page Cache Hit L2                                 0 / 0                 0 / 0                 0 / 0                 0 / 0           ops/s
[2020-07-12T01:15:58.925+0000][5284][gc,stats    ]      Memory: Page Cache Hit L3                                 0 / 0                 1 / 96                1 / 96                1 / 96          ops/s
[2020-07-12T01:15:58.925+0000][5284][gc,stats    ]      Memory: Page Cache Miss                                   0 / 0                 0 / 0                 0 / 0                 0 / 0           ops/s
[2020-07-12T01:15:58.925+0000][5284][gc,stats    ]      Memory: Uncommit                                          0 / 0                 0 / 0                 0 / 0                 0 / 0           MB/s
[2020-07-12T01:15:58.925+0000][5284][gc,stats    ]      Memory: Undo Object Allocation Failed                     0 / 0                 0 / 0                 0 / 0                 0 / 0           ops/s
[2020-07-12T01:15:58.925+0000][5284][gc,stats    ]      Memory: Undo Object Allocation Succeeded                  0 / 0                 0 / 12                0 / 12                0 / 12          ops/s
[2020-07-12T01:15:58.925+0000][5284][gc,stats    ]      Memory: Undo Page Allocation                              0 / 0                 0 / 0                 0 / 0                 0 / 0           ops/s
[2020-07-12T01:15:58.925+0000][5284][gc,stats    ]       Phase: Concurrent Mark                               0.000 / 0.000        48.432 / 77.269       48.432 / 77.269       48.432 / 77.269      ms
[2020-07-12T01:15:58.925+0000][5284][gc,stats    ]       Phase: Concurrent Mark Continue                      0.000 / 0.000         0.000 / 0.000         0.000 / 0.000         0.000 / 0.000       ms
[2020-07-12T01:15:58.925+0000][5284][gc,stats    ]       Phase: Concurrent Process Non-Strong References      0.000 / 0.000        26.589 / 42.104       26.589 / 42.104       26.589 / 42.104      ms
[2020-07-12T01:15:58.925+0000][5284][gc,stats    ]       Phase: Concurrent Relocate                           0.000 / 0.000         1.685 / 18.136        1.685 / 18.136        1.685 / 18.136      ms
[2020-07-12T01:15:58.925+0000][5284][gc,stats    ]       Phase: Concurrent Reset Relocation Set               0.000 / 0.000         0.004 / 0.015         0.004 / 0.015         0.004 / 0.015       ms
[2020-07-12T01:15:58.925+0000][5284][gc,stats    ]       Phase: Concurrent Select Relocation Set              0.000 / 0.000         1.060 / 5.622         1.060 / 5.622         1.060 / 5.622       ms
[2020-07-12T01:15:58.925+0000][5284][gc,stats    ]       Phase: Pause Mark End                                0.000 / 0.000         0.345 / 0.654         0.345 / 0.654         0.345 / 0.654       ms
[2020-07-12T01:15:58.925+0000][5284][gc,stats    ]       Phase: Pause Mark Start                              0.000 / 0.000         0.183 / 0.724         0.183 / 0.724         0.183 / 0.724       ms
[2020-07-12T01:15:58.925+0000][5284][gc,stats    ]       Phase: Pause Relocate Start                          0.000 / 0.000         0.136 / 1.014         0.136 / 1.014         0.136 / 1.014       ms
[2020-07-12T01:15:58.925+0000][5284][gc,stats    ]    Subphase: Concurrent Classes Purge                      0.000 / 0.000         0.794 / 8.877         0.794 / 8.877         0.794 / 8.877       ms
[2020-07-12T01:15:58.925+0000][5284][gc,stats    ]    Subphase: Concurrent Classes Unlink                     0.000 / 0.000        24.026 / 38.550       24.026 / 38.550       24.026 / 38.550      ms
[2020-07-12T01:15:58.925+0000][5284][gc,stats    ]    Subphase: Concurrent Mark                               0.000 / 0.000        47.628 / 76.517       47.628 / 76.517       47.628 / 76.517      ms
[2020-07-12T01:15:58.925+0000][5284][gc,stats    ]    Subphase: Concurrent Mark Idle                          0.000 / 0.000         0.000 / 0.000         0.000 / 0.000         0.000 / 0.000       ms
[2020-07-12T01:15:58.925+0000][5284][gc,stats    ]    Subphase: Concurrent Mark Try Flush                     0.000 / 0.000         0.128 / 4.734         0.128 / 4.734         0.128 / 4.734       ms
[2020-07-12T01:15:58.925+0000][5284][gc,stats    ]    Subphase: Concurrent Mark Try Terminate                 0.000 / 0.000         0.083 / 4.736         0.083 / 4.736         0.083 / 4.736       ms
[2020-07-12T01:15:58.925+0000][5284][gc,stats    ]    Subphase: Concurrent References Enqueue                 0.000 / 0.000         0.001 / 0.004         0.001 / 0.004         0.001 / 0.004       ms
[2020-07-12T01:15:58.925+0000][5284][gc,stats    ]    Subphase: Concurrent References Process                 0.000 / 0.000         0.526 / 1.144         0.526 / 1.144         0.526 / 1.144       ms
[2020-07-12T01:15:58.925+0000][5284][gc,stats    ]    Subphase: Concurrent Roots                              0.000 / 0.000         0.320 / 1.449         0.320 / 1.449         0.320 / 1.449       ms
[2020-07-12T01:15:58.925+0000][5284][gc,stats    ]    Subphase: Concurrent Roots ClassLoaderDataGraph         0.000 / 0.000         0.313 / 1.421         0.313 / 1.421         0.313 / 1.421       ms
[2020-07-12T01:15:58.925+0000][5284][gc,stats    ]    Subphase: Concurrent Roots JNIHandles                   0.000 / 0.000         0.004 / 0.017         0.004 / 0.017         0.004 / 0.017       ms
[2020-07-12T01:15:58.925+0000][5284][gc,stats    ]    Subphase: Concurrent Roots Setup                        0.000 / 0.000         0.191 / 0.465         0.191 / 0.465         0.191 / 0.465       ms
[2020-07-12T01:15:58.925+0000][5284][gc,stats    ]    Subphase: Concurrent Roots Teardown                     0.000 / 0.000         0.000 / 0.002         0.000 / 0.002         0.000 / 0.002       ms
[2020-07-12T01:15:58.925+0000][5284][gc,stats    ]    Subphase: Concurrent Roots VMHandles                    0.000 / 0.000         0.000 / 0.000         0.000 / 0.000         0.000 / 0.000       ms
[2020-07-12T01:15:58.925+0000][5284][gc,stats    ]    Subphase: Concurrent Weak Roots                         0.000 / 0.000         0.909 / 1.534         0.909 / 1.534         0.909 / 1.534       ms
[2020-07-12T01:15:58.925+0000][5284][gc,stats    ]    Subphase: Concurrent Weak Roots JNIWeakHandles          0.000 / 0.000         0.001 / 0.004         0.001 / 0.004         0.001 / 0.004       ms
[2020-07-12T01:15:58.925+0000][5284][gc,stats    ]    Subphase: Concurrent Weak Roots ResolvedMethodTable     0.000 / 0.000         0.095 / 0.181         0.095 / 0.181         0.095 / 0.181       ms
[2020-07-12T01:15:58.925+0000][5284][gc,stats    ]    Subphase: Concurrent Weak Roots StringTable             0.000 / 0.000         0.753 / 1.341         0.753 / 1.341         0.753 / 1.341       ms
[2020-07-12T01:15:58.925+0000][5284][gc,stats    ]    Subphase: Concurrent Weak Roots VMWeakHandles           0.000 / 0.000         0.057 / 0.125         0.057 / 0.125         0.057 / 0.125       ms
[2020-07-12T01:15:58.925+0000][5284][gc,stats    ]    Subphase: Pause Mark Try Complete                       0.000 / 0.000         0.156 / 0.214         0.156 / 0.214         0.156 / 0.214       ms
[2020-07-12T01:15:58.925+0000][5284][gc,stats    ]    Subphase: Pause Roots                                   0.000 / 0.000         0.039 / 0.936         0.039 / 0.936         0.039 / 0.936       ms
[2020-07-12T01:15:58.925+0000][5284][gc,stats    ]    Subphase: Pause Roots CodeCache                         0.000 / 0.000         0.000 / 0.000         0.000 / 0.000         0.000 / 0.000       ms
[2020-07-12T01:15:58.925+0000][5284][gc,stats    ]    Subphase: Pause Roots JVMTIExport                       0.000 / 0.000         0.002 / 0.008         0.002 / 0.008         0.002 / 0.008       ms
[2020-07-12T01:15:58.925+0000][5284][gc,stats    ]    Subphase: Pause Roots JVMTIWeakExport                   0.000 / 0.000         0.001 / 0.001         0.001 / 0.001         0.001 / 0.001       ms
[2020-07-12T01:15:58.925+0000][5284][gc,stats    ]    Subphase: Pause Roots Management                        0.000 / 0.000         0.001 / 0.009         0.001 / 0.009         0.001 / 0.009       ms
[2020-07-12T01:15:58.925+0000][5284][gc,stats    ]    Subphase: Pause Roots ObjectSynchronizer                0.000 / 0.000         0.000 / 0.001         0.000 / 0.001         0.000 / 0.001       ms
[2020-07-12T01:15:58.925+0000][5284][gc,stats    ]    Subphase: Pause Roots Setup                             0.000 / 0.000         0.001 / 0.036         0.001 / 0.036         0.001 / 0.036       ms
[2020-07-12T01:15:58.925+0000][5284][gc,stats    ]    Subphase: Pause Roots SystemDictionary                  0.000 / 0.000         0.012 / 0.042         0.012 / 0.042         0.012 / 0.042       ms
[2020-07-12T01:15:58.925+0000][5284][gc,stats    ]    Subphase: Pause Roots Teardown                          0.000 / 0.000         0.001 / 0.013         0.001 / 0.013         0.001 / 0.013       ms
[2020-07-12T01:15:58.925+0000][5284][gc,stats    ]    Subphase: Pause Roots Threads                           0.000 / 0.000         0.045 / 0.913         0.045 / 0.913         0.045 / 0.913       ms
[2020-07-12T01:15:58.925+0000][5284][gc,stats    ]    Subphase: Pause Roots Universe                          0.000 / 0.000         0.002 / 0.011         0.002 / 0.011         0.002 / 0.011       ms
[2020-07-12T01:15:58.925+0000][5284][gc,stats    ]    Subphase: Pause Weak Roots                              0.000 / 0.000         0.010 / 0.087         0.010 / 0.087         0.010 / 0.087       ms
[2020-07-12T01:15:58.925+0000][5284][gc,stats    ]    Subphase: Pause Weak Roots JFRWeak                      0.000 / 0.000         0.047 / 0.084         0.047 / 0.084         0.047 / 0.084       ms
[2020-07-12T01:15:58.925+0000][5284][gc,stats    ]    Subphase: Pause Weak Roots JVMTIWeakExport              0.000 / 0.000         0.001 / 0.002         0.001 / 0.002         0.001 / 0.002       ms
[2020-07-12T01:15:58.925+0000][5284][gc,stats    ]    Subphase: Pause Weak Roots Setup                        0.000 / 0.000         0.000 / 0.001         0.000 / 0.001         0.000 / 0.001       ms
[2020-07-12T01:15:58.925+0000][5284][gc,stats    ]    Subphase: Pause Weak Roots Teardown                     0.000 / 0.000         0.000 / 0.000         0.000 / 0.000         0.000 / 0.000       ms
[2020-07-12T01:15:58.925+0000][5284][gc,stats    ]      System: Java Threads                                      0 / 0                36 / 38               36 / 38               36 / 38          threads
[2020-07-12T01:15:58.925+0000][5284][gc,stats    ] =========================================================================================================================================================
[2020-07-12T01:16:08.926+0000][5284][gc,stats    ] === Garbage Collection Statistics =======================================================================================================================
[2020-07-12T01:16:08.926+0000][5284][gc,stats    ]                                                              Last 10s              Last 10m              Last 10h                Total
[2020-07-12T01:16:08.926+0000][5284][gc,stats    ]                                                              Avg / Max             Avg / Max             Avg / Max             Avg / Max
[2020-07-12T01:16:08.926+0000][5284][gc,stats    ]   Collector: Garbage Collection Cycle                      0.000 / 0.000        80.333 / 117.511      79.600 / 117.511      79.600 / 117.511     ms
[2020-07-12T01:16:08.926+0000][5284][gc,stats    ]  Contention: Mark Segment Reset Contention                     0 / 0                 0 / 0                 0 / 0                 0 / 0           ops/s
[2020-07-12T01:16:08.926+0000][5284][gc,stats    ]  Contention: Mark SeqNum Reset Contention                      0 / 0                 0 / 0                 0 / 0                 0 / 0           ops/s
[2020-07-12T01:16:08.926+0000][5284][gc,stats    ]  Contention: Relocation Contention                             0 / 0                 0 / 12                0 / 12                0 / 12          ops/s
[2020-07-12T01:16:08.926+0000][5284][gc,stats    ]    Critical: Allocation Stall                              0.000 / 0.000         0.000 / 0.000         0.000 / 0.000         0.000 / 0.000       ms
[2020-07-12T01:16:08.926+0000][5284][gc,stats    ]    Critical: Allocation Stall                                  0 / 0                 0 / 0                 0 / 0                 0 / 0           ops/s
[2020-07-12T01:16:08.926+0000][5284][gc,stats    ]    Critical: GC Locker Stall                               0.000 / 0.000         0.000 / 0.000         0.093 / 0.093         0.093 / 0.093       ms
[2020-07-12T01:16:08.926+0000][5284][gc,stats    ]    Critical: GC Locker Stall                                   0 / 0                 0 / 0                 0 / 1                 0 / 1           ops/s
[2020-07-12T01:16:08.926+0000][5284][gc,stats    ]      Memory: Allocation Rate                                   0 / 0                96 / 242              95 / 242              95 / 242         MB/s
[2020-07-12T01:16:08.926+0000][5284][gc,stats    ]      Memory: Heap Used After Mark                              0 / 0               601 / 1286            589 / 1286            589 / 1286        MB
[2020-07-12T01:16:08.926+0000][5284][gc,stats    ]      Memory: Heap Used After Relocation                        0 / 0                82 / 116              81 / 116              81 / 116         MB
[2020-07-12T01:16:08.926+0000][5284][gc,stats    ]      Memory: Heap Used Before Mark                             0 / 0               588 / 1270            576 / 1270            576 / 1270        MB
[2020-07-12T01:16:08.926+0000][5284][gc,stats    ]      Memory: Heap Used Before Relocation                       0 / 0               128 / 338             128 / 338             128 / 338         MB
[2020-07-12T01:16:08.926+0000][5284][gc,stats    ]      Memory: Out Of Memory                                     0 / 0                 0 / 0                 0 / 0                 0 / 0           ops/s
[2020-07-12T01:16:08.926+0000][5284][gc,stats    ]      Memory: Page Cache Flush                                  0 / 0                 0 / 0                 0 / 0                 0 / 0           MB/s
[2020-07-12T01:16:08.926+0000][5284][gc,stats    ]      Memory: Page Cache Hit L1                                 0 / 0                47 / 124              46 / 124              46 / 124         ops/s
[2020-07-12T01:16:08.926+0000][5284][gc,stats    ]      Memory: Page Cache Hit L2                                 0 / 0                 0 / 0                 0 / 0                 0 / 0           ops/s
[2020-07-12T01:16:08.926+0000][5284][gc,stats    ]      Memory: Page Cache Hit L3                                 0 / 0                 0 / 96                1 / 96                1 / 96          ops/s
[2020-07-12T01:16:08.926+0000][5284][gc,stats    ]      Memory: Page Cache Miss                                   0 / 0                 0 / 0                 0 / 0                 0 / 0           ops/s
[2020-07-12T01:16:08.926+0000][5284][gc,stats    ]      Memory: Uncommit                                          0 / 0                 0 / 0                 0 / 0                 0 / 0           MB/s
[2020-07-12T01:16:08.926+0000][5284][gc,stats    ]      Memory: Undo Object Allocation Failed                     0 / 0                 0 / 0                 0 / 0                 0 / 0           ops/s
[2020-07-12T01:16:08.926+0000][5284][gc,stats    ]      Memory: Undo Object Allocation Succeeded                  0 / 0                 0 / 12                0 / 12                0 / 12          ops/s
[2020-07-12T01:16:08.926+0000][5284][gc,stats    ]      Memory: Undo Page Allocation                              0 / 0                 0 / 0                 0 / 0                 0 / 0           ops/s
[2020-07-12T01:16:08.926+0000][5284][gc,stats    ]       Phase: Concurrent Mark                               0.000 / 0.000        48.931 / 77.269       48.432 / 77.269       48.432 / 77.269      ms
[2020-07-12T01:16:08.926+0000][5284][gc,stats    ]       Phase: Concurrent Mark Continue                      0.000 / 0.000         0.000 / 0.000         0.000 / 0.000         0.000 / 0.000       ms
[2020-07-12T01:16:08.926+0000][5284][gc,stats    ]       Phase: Concurrent Process Non-Strong References      0.000 / 0.000        27.151 / 42.104       26.589 / 42.104       26.589 / 42.104      ms
[2020-07-12T01:16:08.926+0000][5284][gc,stats    ]       Phase: Concurrent Relocate                           0.000 / 0.000         1.433 / 18.136        1.685 / 18.136        1.685 / 18.136      ms
[2020-07-12T01:16:08.926+0000][5284][gc,stats    ]       Phase: Concurrent Reset Relocation Set               0.000 / 0.000         0.004 / 0.015         0.004 / 0.015         0.004 / 0.015       ms
[2020-07-12T01:16:08.926+0000][5284][gc,stats    ]       Phase: Concurrent Select Relocation Set              0.000 / 0.000         1.016 / 1.432         1.060 / 5.622         1.060 / 5.622       ms
[2020-07-12T01:16:08.926+0000][5284][gc,stats    ]       Phase: Pause Mark End                                0.000 / 0.000         0.348 / 0.654         0.345 / 0.654         0.345 / 0.654       ms
[2020-07-12T01:16:08.926+0000][5284][gc,stats    ]       Phase: Pause Mark Start                              0.000 / 0.000         0.177 / 0.724         0.183 / 0.724         0.183 / 0.724       ms
[2020-07-12T01:16:08.926+0000][5284][gc,stats    ]       Phase: Pause Relocate Start                          0.000 / 0.000         0.132 / 1.014         0.136 / 1.014         0.136 / 1.014       ms
[2020-07-12T01:16:08.926+0000][5284][gc,stats    ]    Subphase: Concurrent Classes Purge                      0.000 / 0.000         0.811 / 8.877         0.794 / 8.877         0.794 / 8.877       ms
[2020-07-12T01:16:08.926+0000][5284][gc,stats    ]    Subphase: Concurrent Classes Unlink                     0.000 / 0.000        24.555 / 38.550       24.026 / 38.550       24.026 / 38.550      ms
[2020-07-12T01:16:08.926+0000][5284][gc,stats    ]    Subphase: Concurrent Mark                               0.000 / 0.000        48.115 / 76.517       47.628 / 76.517       47.628 / 76.517      ms
[2020-07-12T01:16:08.926+0000][5284][gc,stats    ]    Subphase: Concurrent Mark Idle                          0.000 / 0.000         0.000 / 0.000         0.000 / 0.000         0.000 / 0.000       ms
[2020-07-12T01:16:08.926+0000][5284][gc,stats    ]    Subphase: Concurrent Mark Try Flush                     0.000 / 0.000         0.128 / 4.734         0.128 / 4.734         0.128 / 4.734       ms
[2020-07-12T01:16:08.926+0000][5284][gc,stats    ]    Subphase: Concurrent Mark Try Terminate                 0.000 / 0.000         0.084 / 4.736         0.083 / 4.736         0.083 / 4.736       ms
[2020-07-12T01:16:08.926+0000][5284][gc,stats    ]    Subphase: Concurrent References Enqueue                 0.000 / 0.000         0.001 / 0.004         0.001 / 0.004         0.001 / 0.004       ms
[2020-07-12T01:16:08.926+0000][5284][gc,stats    ]    Subphase: Concurrent References Process                 0.000 / 0.000         0.527 / 0.982         0.526 / 1.144         0.526 / 1.144       ms
[2020-07-12T01:16:08.926+0000][5284][gc,stats    ]    Subphase: Concurrent Roots                              0.000 / 0.000         0.325 / 1.449         0.320 / 1.449         0.320 / 1.449       ms
[2020-07-12T01:16:08.926+0000][5284][gc,stats    ]    Subphase: Concurrent Roots ClassLoaderDataGraph         0.000 / 0.000         0.318 / 1.421         0.313 / 1.421         0.313 / 1.421       ms
[2020-07-12T01:16:08.926+0000][5284][gc,stats    ]    Subphase: Concurrent Roots JNIHandles                   0.000 / 0.000         0.004 / 0.017         0.004 / 0.017         0.004 / 0.017       ms
[2020-07-12T01:16:08.926+0000][5284][gc,stats    ]    Subphase: Concurrent Roots Setup                        0.000 / 0.000         0.196 / 0.465         0.191 / 0.465         0.191 / 0.465       ms
[2020-07-12T01:16:08.926+0000][5284][gc,stats    ]    Subphase: Concurrent Roots Teardown                     0.000 / 0.000         0.000 / 0.002         0.000 / 0.002         0.000 / 0.002       ms
[2020-07-12T01:16:08.926+0000][5284][gc,stats    ]    Subphase: Concurrent Roots VMHandles                    0.000 / 0.000         0.000 / 0.000         0.000 / 0.000         0.000 / 0.000       ms
[2020-07-12T01:16:08.926+0000][5284][gc,stats    ]    Subphase: Concurrent Weak Roots                         0.000 / 0.000         0.918 / 1.534         0.909 / 1.534         0.909 / 1.534       ms
[2020-07-12T01:16:08.926+0000][5284][gc,stats    ]    Subphase: Concurrent Weak Roots JNIWeakHandles          0.000 / 0.000         0.001 / 0.004         0.001 / 0.004         0.001 / 0.004       ms
[2020-07-12T01:16:08.926+0000][5284][gc,stats    ]    Subphase: Concurrent Weak Roots ResolvedMethodTable     0.000 / 0.000         0.096 / 0.181         0.095 / 0.181         0.095 / 0.181       ms
[2020-07-12T01:16:08.926+0000][5284][gc,stats    ]    Subphase: Concurrent Weak Roots StringTable             0.000 / 0.000         0.760 / 1.341         0.753 / 1.341         0.753 / 1.341       ms
[2020-07-12T01:16:08.926+0000][5284][gc,stats    ]    Subphase: Concurrent Weak Roots VMWeakHandles           0.000 / 0.000         0.058 / 0.125         0.057 / 0.125         0.057 / 0.125       ms
[2020-07-12T01:16:08.926+0000][5284][gc,stats    ]    Subphase: Pause Mark Try Complete                       0.000 / 0.000         0.159 / 0.214         0.156 / 0.214         0.156 / 0.214       ms
[2020-07-12T01:16:08.926+0000][5284][gc,stats    ]    Subphase: Pause Roots                                   0.000 / 0.000         0.038 / 0.936         0.039 / 0.936         0.039 / 0.936       ms
[2020-07-12T01:16:08.926+0000][5284][gc,stats    ]    Subphase: Pause Roots CodeCache                         0.000 / 0.000         0.000 / 0.000         0.000 / 0.000         0.000 / 0.000       ms
[2020-07-12T01:16:08.926+0000][5284][gc,stats    ]    Subphase: Pause Roots JVMTIExport                       0.000 / 0.000         0.002 / 0.008         0.002 / 0.008         0.002 / 0.008       ms
[2020-07-12T01:16:08.926+0000][5284][gc,stats    ]    Subphase: Pause Roots JVMTIWeakExport                   0.000 / 0.000         0.001 / 0.001         0.001 / 0.001         0.001 / 0.001       ms
[2020-07-12T01:16:08.926+0000][5284][gc,stats    ]    Subphase: Pause Roots Management                        0.000 / 0.000         0.001 / 0.009         0.001 / 0.009         0.001 / 0.009       ms
[2020-07-12T01:16:08.926+0000][5284][gc,stats    ]    Subphase: Pause Roots ObjectSynchronizer                0.000 / 0.000         0.000 / 0.001         0.000 / 0.001         0.000 / 0.001       ms
[2020-07-12T01:16:08.926+0000][5284][gc,stats    ]    Subphase: Pause Roots Setup                             0.000 / 0.000         0.001 / 0.036         0.001 / 0.036         0.001 / 0.036       ms
[2020-07-12T01:16:08.926+0000][5284][gc,stats    ]    Subphase: Pause Roots SystemDictionary                  0.000 / 0.000         0.012 / 0.042         0.012 / 0.042         0.012 / 0.042       ms
[2020-07-12T01:16:08.926+0000][5284][gc,stats    ]    Subphase: Pause Roots Teardown                          0.000 / 0.000         0.001 / 0.013         0.001 / 0.013         0.001 / 0.013       ms
[2020-07-12T01:16:08.926+0000][5284][gc,stats    ]    Subphase: Pause Roots Threads                           0.000 / 0.000         0.044 / 0.913         0.045 / 0.913         0.045 / 0.913       ms
[2020-07-12T01:16:08.926+0000][5284][gc,stats    ]    Subphase: Pause Roots Universe                          0.000 / 0.000         0.002 / 0.011         0.002 / 0.011         0.002 / 0.011       ms
[2020-07-12T01:16:08.926+0000][5284][gc,stats    ]    Subphase: Pause Weak Roots                              0.000 / 0.000         0.010 / 0.087         0.010 / 0.087         0.010 / 0.087       ms
[2020-07-12T01:16:08.926+0000][5284][gc,stats    ]    Subphase: Pause Weak Roots JFRWeak                      0.000 / 0.000         0.048 / 0.084         0.047 / 0.084         0.047 / 0.084       ms
[2020-07-12T01:16:08.926+0000][5284][gc,stats    ]    Subphase: Pause Weak Roots JVMTIWeakExport              0.000 / 0.000         0.001 / 0.002         0.001 / 0.002         0.001 / 0.002       ms
[2020-07-12T01:16:08.926+0000][5284][gc,stats    ]    Subphase: Pause Weak Roots Setup                        0.000 / 0.000         0.000 / 0.001         0.000 / 0.001         0.000 / 0.001       ms
[2020-07-12T01:16:08.926+0000][5284][gc,stats    ]    Subphase: Pause Weak Roots Teardown                     0.000 / 0.000         0.000 / 0.000         0.000 / 0.000         0.000 / 0.000       ms
[2020-07-12T01:16:08.926+0000][5284][gc,stats    ]      System: Java Threads                                      0 / 0                36 / 38               36 / 38               36 / 38          threads
[2020-07-12T01:16:08.926+0000][5284][gc,stats    ] =========================================================================================================================================================
[2020-07-12T01:16:18.925+0000][5284][gc,stats    ] === Garbage Collection Statistics =======================================================================================================================
[2020-07-12T01:16:18.925+0000][5284][gc,stats    ]                                                              Last 10s              Last 10m              Last 10h                Total
[2020-07-12T01:16:18.925+0000][5284][gc,stats    ]                                                              Avg / Max             Avg / Max             Avg / Max             Avg / Max
[2020-07-12T01:16:18.925+0000][5284][gc,stats    ]   Collector: Garbage Collection Cycle                      0.000 / 0.000        80.333 / 117.511      79.600 / 117.511      79.600 / 117.511     ms
[2020-07-12T01:16:18.925+0000][5284][gc,stats    ]  Contention: Mark Segment Reset Contention                     0 / 0                 0 / 0                 0 / 0                 0 / 0           ops/s
[2020-07-12T01:16:18.925+0000][5284][gc,stats    ]  Contention: Mark SeqNum Reset Contention                      0 / 0                 0 / 0                 0 / 0                 0 / 0           ops/s
[2020-07-12T01:16:18.925+0000][5284][gc,stats    ]  Contention: Relocation Contention                             0 / 0                 0 / 12                0 / 12                0 / 12          ops/s
[2020-07-12T01:16:18.925+0000][5284][gc,stats    ]    Critical: Allocation Stall                              0.000 / 0.000         0.000 / 0.000         0.000 / 0.000         0.000 / 0.000       ms
[2020-07-12T01:16:18.925+0000][5284][gc,stats    ]    Critical: Allocation Stall                                  0 / 0                 0 / 0                 0 / 0                 0 / 0           ops/s
[2020-07-12T01:16:18.925+0000][5284][gc,stats    ]    Critical: GC Locker Stall                               0.000 / 0.000         0.000 / 0.000         0.093 / 0.093         0.093 / 0.093       ms
[2020-07-12T01:16:18.925+0000][5284][gc,stats    ]    Critical: GC Locker Stall                                   0 / 0                 0 / 0                 0 / 1                 0 / 1           ops/s
[2020-07-12T01:16:18.925+0000][5284][gc,stats    ]      Memory: Allocation Rate                                   0 / 0                95 / 242              93 / 242              93 / 242         MB/s
[2020-07-12T01:16:18.925+0000][5284][gc,stats    ]      Memory: Heap Used After Mark                              0 / 0               601 / 1286            589 / 1286            589 / 1286        MB
[2020-07-12T01:16:18.925+0000][5284][gc,stats    ]      Memory: Heap Used After Relocation                        0 / 0                82 / 116              81 / 116              81 / 116         MB
[2020-07-12T01:16:18.925+0000][5284][gc,stats    ]      Memory: Heap Used Before Mark                             0 / 0               588 / 1270            576 / 1270            576 / 1270        MB
[2020-07-12T01:16:18.925+0000][5284][gc,stats    ]      Memory: Heap Used Before Relocation                       0 / 0               128 / 338             128 / 338             128 / 338         MB
[2020-07-12T01:16:18.925+0000][5284][gc,stats    ]      Memory: Out Of Memory                                     0 / 0                 0 / 0                 0 / 0                 0 / 0           ops/s
[2020-07-12T01:16:18.926+0000][5284][gc,stats    ]      Memory: Page Cache Flush                                  0 / 0                 0 / 0                 0 / 0                 0 / 0           MB/s
[2020-07-12T01:16:18.926+0000][5284][gc,stats    ]      Memory: Page Cache Hit L1                                 0 / 0                47 / 124              46 / 124              46 / 124         ops/s
[2020-07-12T01:16:18.926+0000][5284][gc,stats    ]      Memory: Page Cache Hit L2                                 0 / 0                 0 / 0                 0 / 0                 0 / 0           ops/s
[2020-07-12T01:16:18.926+0000][5284][gc,stats    ]      Memory: Page Cache Hit L3                                 0 / 0                 0 / 96                1 / 96                1 / 96          ops/s
[2020-07-12T01:16:18.926+0000][5284][gc,stats    ]      Memory: Page Cache Miss                                   0 / 0                 0 / 0                 0 / 0                 0 / 0           ops/s
[2020-07-12T01:16:18.926+0000][5284][gc,stats    ]      Memory: Uncommit                                          0 / 0                 0 / 0                 0 / 0                 0 / 0           MB/s
[2020-07-12T01:16:18.926+0000][5284][gc,stats    ]      Memory: Undo Object Allocation Failed                     0 / 0                 0 / 0                 0 / 0                 0 / 0           ops/s
[2020-07-12T01:16:18.926+0000][5284][gc,stats    ]      Memory: Undo Object Allocation Succeeded                  0 / 0                 0 / 12                0 / 12                0 / 12          ops/s
[2020-07-12T01:16:18.926+0000][5284][gc,stats    ]      Memory: Undo Page Allocation                              0 / 0                 0 / 0                 0 / 0                 0 / 0           ops/s
[2020-07-12T01:16:18.926+0000][5284][gc,stats    ]       Phase: Concurrent Mark                               0.000 / 0.000        48.931 / 77.269       48.432 / 77.269       48.432 / 77.269      ms
[2020-07-12T01:16:18.926+0000][5284][gc,stats    ]       Phase: Concurrent Mark Continue                      0.000 / 0.000         0.000 / 0.000         0.000 / 0.000         0.000 / 0.000       ms
[2020-07-12T01:16:18.926+0000][5284][gc,stats    ]       Phase: Concurrent Process Non-Strong References      0.000 / 0.000        27.151 / 42.104       26.589 / 42.104       26.589 / 42.104      ms
[2020-07-12T01:16:18.926+0000][5284][gc,stats    ]       Phase: Concurrent Relocate                           0.000 / 0.000         1.433 / 18.136        1.685 / 18.136        1.685 / 18.136      ms
[2020-07-12T01:16:18.926+0000][5284][gc,stats    ]       Phase: Concurrent Reset Relocation Set               0.000 / 0.000         0.004 / 0.015         0.004 / 0.015         0.004 / 0.015       ms
[2020-07-12T01:16:18.926+0000][5284][gc,stats    ]       Phase: Concurrent Select Relocation Set              0.000 / 0.000         1.016 / 1.432         1.060 / 5.622         1.060 / 5.622       ms
[2020-07-12T01:16:18.926+0000][5284][gc,stats    ]       Phase: Pause Mark End                                0.000 / 0.000         0.348 / 0.654         0.345 / 0.654         0.345 / 0.654       ms
[2020-07-12T01:16:18.926+0000][5284][gc,stats    ]       Phase: Pause Mark Start                              0.000 / 0.000         0.177 / 0.724         0.183 / 0.724         0.183 / 0.724       ms
[2020-07-12T01:16:18.926+0000][5284][gc,stats    ]       Phase: Pause Relocate Start                          0.000 / 0.000         0.132 / 1.014         0.136 / 1.014         0.136 / 1.014       ms
[2020-07-12T01:16:18.926+0000][5284][gc,stats    ]    Subphase: Concurrent Classes Purge                      0.000 / 0.000         0.811 / 8.877         0.794 / 8.877         0.794 / 8.877       ms
[2020-07-12T01:16:18.926+0000][5284][gc,stats    ]    Subphase: Concurrent Classes Unlink                     0.000 / 0.000        24.555 / 38.550       24.026 / 38.550       24.026 / 38.550      ms
[2020-07-12T01:16:18.926+0000][5284][gc,stats    ]    Subphase: Concurrent Mark                               0.000 / 0.000        48.115 / 76.517       47.628 / 76.517       47.628 / 76.517      ms
[2020-07-12T01:16:18.926+0000][5284][gc,stats    ]    Subphase: Concurrent Mark Idle                          0.000 / 0.000         0.000 / 0.000         0.000 / 0.000         0.000 / 0.000       ms
[2020-07-12T01:16:18.926+0000][5284][gc,stats    ]    Subphase: Concurrent Mark Try Flush                     0.000 / 0.000         0.128 / 4.734         0.128 / 4.734         0.128 / 4.734       ms
[2020-07-12T01:16:18.926+0000][5284][gc,stats    ]    Subphase: Concurrent Mark Try Terminate                 0.000 / 0.000         0.084 / 4.736         0.083 / 4.736         0.083 / 4.736       ms
[2020-07-12T01:16:18.926+0000][5284][gc,stats    ]    Subphase: Concurrent References Enqueue                 0.000 / 0.000         0.001 / 0.004         0.001 / 0.004         0.001 / 0.004       ms
[2020-07-12T01:16:18.926+0000][5284][gc,stats    ]    Subphase: Concurrent References Process                 0.000 / 0.000         0.527 / 0.982         0.526 / 1.144         0.526 / 1.144       ms
[2020-07-12T01:16:18.926+0000][5284][gc,stats    ]    Subphase: Concurrent Roots                              0.000 / 0.000         0.325 / 1.449         0.320 / 1.449         0.320 / 1.449       ms
[2020-07-12T01:16:18.927+0000][5284][gc,stats    ]    Subphase: Concurrent Roots ClassLoaderDataGraph         0.000 / 0.000         0.318 / 1.421         0.313 / 1.421         0.313 / 1.421       ms
[2020-07-12T01:16:18.927+0000][5284][gc,stats    ]    Subphase: Concurrent Roots JNIHandles                   0.000 / 0.000         0.004 / 0.017         0.004 / 0.017         0.004 / 0.017       ms
[2020-07-12T01:16:18.927+0000][5284][gc,stats    ]    Subphase: Concurrent Roots Setup                        0.000 / 0.000         0.196 / 0.465         0.191 / 0.465         0.191 / 0.465       ms
[2020-07-12T01:16:18.927+0000][5284][gc,stats    ]    Subphase: Concurrent Roots Teardown                     0.000 / 0.000         0.000 / 0.002         0.000 / 0.002         0.000 / 0.002       ms
[2020-07-12T01:16:18.927+0000][5284][gc,stats    ]    Subphase: Concurrent Roots VMHandles                    0.000 / 0.000         0.000 / 0.000         0.000 / 0.000         0.000 / 0.000       ms
[2020-07-12T01:16:18.927+0000][5284][gc,stats    ]    Subphase: Concurrent Weak Roots                         0.000 / 0.000         0.918 / 1.534         0.909 / 1.534         0.909 / 1.534       ms
[2020-07-12T01:16:18.927+0000][5284][gc,stats    ]    Subphase: Concurrent Weak Roots JNIWeakHandles          0.000 / 0.000         0.001 / 0.004         0.001 / 0.004         0.001 / 0.004       ms
[2020-07-12T01:16:18.927+0000][5284][gc,stats    ]    Subphase: Concurrent Weak Roots ResolvedMethodTable     0.000 / 0.000         0.096 / 0.181         0.095 / 0.181         0.095 / 0.181       ms
[2020-07-12T01:16:18.927+0000][5284][gc,stats    ]    Subphase: Concurrent Weak Roots StringTable             0.000 / 0.000         0.760 / 1.341         0.753 / 1.341         0.753 / 1.341       ms
[2020-07-12T01:16:18.927+0000][5284][gc,stats    ]    Subphase: Concurrent Weak Roots VMWeakHandles           0.000 / 0.000         0.058 / 0.125         0.057 / 0.125         0.057 / 0.125       ms
[2020-07-12T01:16:18.927+0000][5284][gc,stats    ]    Subphase: Pause Mark Try Complete                       0.000 / 0.000         0.159 / 0.214         0.156 / 0.214         0.156 / 0.214       ms
[2020-07-12T01:16:18.927+0000][5284][gc,stats    ]    Subphase: Pause Roots                                   0.000 / 0.000         0.038 / 0.936         0.039 / 0.936         0.039 / 0.936       ms
[2020-07-12T01:16:18.927+0000][5284][gc,stats    ]    Subphase: Pause Roots CodeCache                         0.000 / 0.000         0.000 / 0.000         0.000 / 0.000         0.000 / 0.000       ms
[2020-07-12T01:16:18.927+0000][5284][gc,stats    ]    Subphase: Pause Roots JVMTIExport                       0.000 / 0.000         0.002 / 0.008         0.002 / 0.008         0.002 / 0.008       ms
[2020-07-12T01:16:18.927+0000][5284][gc,stats    ]    Subphase: Pause Roots JVMTIWeakExport                   0.000 / 0.000         0.001 / 0.001         0.001 / 0.001         0.001 / 0.001       ms
[2020-07-12T01:16:18.927+0000][5284][gc,stats    ]    Subphase: Pause Roots Management                        0.000 / 0.000         0.001 / 0.009         0.001 / 0.009         0.001 / 0.009       ms
[2020-07-12T01:16:18.927+0000][5284][gc,stats    ]    Subphase: Pause Roots ObjectSynchronizer                0.000 / 0.000         0.000 / 0.001         0.000 / 0.001         0.000 / 0.001       ms
[2020-07-12T01:16:18.927+0000][5284][gc,stats    ]    Subphase: Pause Roots Setup                             0.000 / 0.000         0.001 / 0.036         0.001 / 0.036         0.001 / 0.036       ms
[2020-07-12T01:16:18.927+0000][5284][gc,stats    ]    Subphase: Pause Roots SystemDictionary                  0.000 / 0.000         0.012 / 0.042         0.012 / 0.042         0.012 / 0.042       ms
[2020-07-12T01:16:18.927+0000][5284][gc,stats    ]    Subphase: Pause Roots Teardown                          0.000 / 0.000         0.001 / 0.013         0.001 / 0.013         0.001 / 0.013       ms
[2020-07-12T01:16:18.927+0000][5284][gc,stats    ]    Subphase: Pause Roots Threads                           0.000 / 0.000         0.044 / 0.913         0.045 / 0.913         0.045 / 0.913       ms
[2020-07-12T01:16:18.927+0000][5284][gc,stats    ]    Subphase: Pause Roots Universe                          0.000 / 0.000         0.002 / 0.011         0.002 / 0.011         0.002 / 0.011       ms
[2020-07-12T01:16:18.927+0000][5284][gc,stats    ]    Subphase: Pause Weak Roots                              0.000 / 0.000         0.010 / 0.087         0.010 / 0.087         0.010 / 0.087       ms
[2020-07-12T01:16:18.927+0000][5284][gc,stats    ]    Subphase: Pause Weak Roots JFRWeak                      0.000 / 0.000         0.048 / 0.084         0.047 / 0.084         0.047 / 0.084       ms
[2020-07-12T01:16:18.927+0000][5284][gc,stats    ]    Subphase: Pause Weak Roots JVMTIWeakExport              0.000 / 0.000         0.001 / 0.002         0.001 / 0.002         0.001 / 0.002       ms
[2020-07-12T01:16:18.927+0000][5284][gc,stats    ]    Subphase: Pause Weak Roots Setup                        0.000 / 0.000         0.000 / 0.001         0.000 / 0.001         0.000 / 0.001       ms
[2020-07-12T01:16:18.927+0000][5284][gc,stats    ]    Subphase: Pause Weak Roots Teardown                     0.000 / 0.000         0.000 / 0.000         0.000 / 0.000         0.000 / 0.000       ms
[2020-07-12T01:16:18.928+0000][5284][gc,stats    ]      System: Java Threads                                      0 / 0                36 / 38               36 / 38               36 / 38          threads
[2020-07-12T01:16:18.928+0000][5284][gc,stats    ] =========================================================================================================================================================
[2020-07-12T01:16:28.924+0000][5284][gc,stats    ] === Garbage Collection Statistics =======================================================================================================================
[2020-07-12T01:16:28.924+0000][5284][gc,stats    ]                                                              Last 10s              Last 10m              Last 10h                Total
[2020-07-12T01:16:28.924+0000][5284][gc,stats    ]                                                              Avg / Max             Avg / Max             Avg / Max             Avg / Max
[2020-07-12T01:16:28.924+0000][5284][gc,stats    ]   Collector: Garbage Collection Cycle                      0.000 / 0.000        79.934 / 106.819      79.600 / 117.511      79.600 / 117.511     ms
[2020-07-12T01:16:28.924+0000][5284][gc,stats    ]  Contention: Mark Segment Reset Contention                     0 / 0                 0 / 0                 0 / 0                 0 / 0           ops/s
[2020-07-12T01:16:28.924+0000][5284][gc,stats    ]  Contention: Mark SeqNum Reset Contention                      0 / 0                 0 / 0                 0 / 0                 0 / 0           ops/s
[2020-07-12T01:16:28.924+0000][5284][gc,stats    ]  Contention: Relocation Contention                             0 / 0                 0 / 12                0 / 12                0 / 12          ops/s
[2020-07-12T01:16:28.924+0000][5284][gc,stats    ]    Critical: Allocation Stall                              0.000 / 0.000         0.000 / 0.000         0.000 / 0.000         0.000 / 0.000       ms
[2020-07-12T01:16:28.924+0000][5284][gc,stats    ]    Critical: Allocation Stall                                  0 / 0                 0 / 0                 0 / 0                 0 / 0           ops/s
[2020-07-12T01:16:28.924+0000][5284][gc,stats    ]    Critical: GC Locker Stall                               0.000 / 0.000         0.000 / 0.000         0.093 / 0.093         0.093 / 0.093       ms
[2020-07-12T01:16:28.925+0000][5284][gc,stats    ]    Critical: GC Locker Stall                                   0 / 0                 0 / 0                 0 / 1                 0 / 1           ops/s
[2020-07-12T01:16:28.925+0000][5284][gc,stats    ]      Memory: Allocation Rate                                   0 / 0                93 / 242              92 / 242              92 / 242         MB/s
[2020-07-12T01:16:28.925+0000][5284][gc,stats    ]      Memory: Heap Used After Mark                              0 / 0               600 / 1286            589 / 1286            589 / 1286        MB
[2020-07-12T01:16:28.925+0000][5284][gc,stats    ]      Memory: Heap Used After Relocation                        0 / 0                82 / 116              81 / 116              81 / 116         MB
[2020-07-12T01:16:28.925+0000][5284][gc,stats    ]      Memory: Heap Used Before Mark                             0 / 0               588 / 1270            576 / 1270            576 / 1270        MB
[2020-07-12T01:16:28.925+0000][5284][gc,stats    ]      Memory: Heap Used Before Relocation                       0 / 0               124 / 308             128 / 338             128 / 338         MB
[2020-07-12T01:16:28.925+0000][5284][gc,stats    ]      Memory: Out Of Memory                                     0 / 0                 0 / 0                 0 / 0                 0 / 0           ops/s
[2020-07-12T01:16:28.925+0000][5284][gc,stats    ]      Memory: Page Cache Flush                                  0 / 0                 0 / 0                 0 / 0                 0 / 0           MB/s
[2020-07-12T01:16:28.925+0000][5284][gc,stats    ]      Memory: Page Cache Hit L1                                 0 / 0                47 / 124              45 / 124              45 / 124         ops/s
[2020-07-12T01:16:28.925+0000][5284][gc,stats    ]      Memory: Page Cache Hit L2                                 0 / 0                 0 / 0                 0 / 0                 0 / 0           ops/s
[2020-07-12T01:16:28.925+0000][5284][gc,stats    ]      Memory: Page Cache Hit L3                                 0 / 0                 0 / 96                0 / 96                0 / 96          ops/s
[2020-07-12T01:16:28.925+0000][5284][gc,stats    ]      Memory: Page Cache Miss                                   0 / 0                 0 / 0                 0 / 0                 0 / 0           ops/s
[2020-07-12T01:16:28.925+0000][5284][gc,stats    ]      Memory: Uncommit                                          0 / 0                 0 / 0                 0 / 0                 0 / 0           MB/s
[2020-07-12T01:16:28.925+0000][5284][gc,stats    ]      Memory: Undo Object Allocation Failed                     0 / 0                 0 / 0                 0 / 0                 0 / 0           ops/s
[2020-07-12T01:16:28.925+0000][5284][gc,stats    ]      Memory: Undo Object Allocation Succeeded                  0 / 0                 0 / 12                0 / 12                0 / 12          ops/s
[2020-07-12T01:16:28.925+0000][5284][gc,stats    ]      Memory: Undo Page Allocation                              0 / 0                 0 / 0                 0 / 0                 0 / 0           ops/s
[2020-07-12T01:16:28.925+0000][5284][gc,stats    ]       Phase: Concurrent Mark                               0.000 / 0.000        48.551 / 72.502       48.432 / 77.269       48.432 / 77.269      ms
[2020-07-12T01:16:28.925+0000][5284][gc,stats    ]       Phase: Concurrent Mark Continue                      0.000 / 0.000         0.000 / 0.000         0.000 / 0.000         0.000 / 0.000       ms
[2020-07-12T01:16:28.925+0000][5284][gc,stats    ]       Phase: Concurrent Process Non-Strong References      0.000 / 0.000        27.293 / 42.104       26.589 / 42.104       26.589 / 42.104      ms
[2020-07-12T01:16:28.925+0000][5284][gc,stats    ]       Phase: Concurrent Relocate                           0.000 / 0.000         1.282 / 5.509         1.685 / 18.136        1.685 / 18.136      ms
[2020-07-12T01:16:28.925+0000][5284][gc,stats    ]       Phase: Concurrent Reset Relocation Set               0.000 / 0.000         0.004 / 0.010         0.004 / 0.015         0.004 / 0.015       ms
[2020-07-12T01:16:28.925+0000][5284][gc,stats    ]       Phase: Concurrent Select Relocation Set              0.000 / 0.000         1.013 / 1.432         1.060 / 5.622         1.060 / 5.622       ms
[2020-07-12T01:16:28.925+0000][5284][gc,stats    ]       Phase: Pause Mark End                                0.000 / 0.000         0.349 / 0.654         0.345 / 0.654         0.345 / 0.654       ms
[2020-07-12T01:16:28.925+0000][5284][gc,stats    ]       Phase: Pause Mark Start                              0.000 / 0.000         0.175 / 0.724         0.183 / 0.724         0.183 / 0.724       ms
[2020-07-12T01:16:28.925+0000][5284][gc,stats    ]       Phase: Pause Relocate Start                          0.000 / 0.000         0.124 / 0.586         0.136 / 1.014         0.136 / 1.014       ms
[2020-07-12T01:16:28.925+0000][5284][gc,stats    ]    Subphase: Concurrent Classes Purge                      0.000 / 0.000         0.817 / 8.877         0.794 / 8.877         0.794 / 8.877       ms
[2020-07-12T01:16:28.925+0000][5284][gc,stats    ]    Subphase: Concurrent Classes Unlink                     0.000 / 0.000        24.731 / 38.550       24.026 / 38.550       24.026 / 38.550      ms
[2020-07-12T01:16:28.925+0000][5284][gc,stats    ]    Subphase: Concurrent Mark                               0.000 / 0.000        47.733 / 70.416       47.628 / 76.517       47.628 / 76.517      ms
[2020-07-12T01:16:28.925+0000][5284][gc,stats    ]    Subphase: Concurrent Mark Idle                          0.000 / 0.000         0.000 / 0.000         0.000 / 0.000         0.000 / 0.000       ms
[2020-07-12T01:16:28.925+0000][5284][gc,stats    ]    Subphase: Concurrent Mark Try Flush                     0.000 / 0.000         0.120 / 4.734         0.128 / 4.734         0.128 / 4.734       ms
[2020-07-12T01:16:28.925+0000][5284][gc,stats    ]    Subphase: Concurrent Mark Try Terminate                 0.000 / 0.000         0.081 / 4.736         0.083 / 4.736         0.083 / 4.736       ms
[2020-07-12T01:16:28.925+0000][5284][gc,stats    ]    Subphase: Concurrent References Enqueue                 0.000 / 0.000         0.001 / 0.004         0.001 / 0.004         0.001 / 0.004       ms
[2020-07-12T01:16:28.925+0000][5284][gc,stats    ]    Subphase: Concurrent References Process                 0.000 / 0.000         0.524 / 0.982         0.526 / 1.144         0.526 / 1.144       ms
[2020-07-12T01:16:28.925+0000][5284][gc,stats    ]    Subphase: Concurrent Roots                              0.000 / 0.000         0.325 / 1.449         0.320 / 1.449         0.320 / 1.449       ms
[2020-07-12T01:16:28.925+0000][5284][gc,stats    ]    Subphase: Concurrent Roots ClassLoaderDataGraph         0.000 / 0.000         0.318 / 1.421         0.313 / 1.421         0.313 / 1.421       ms
[2020-07-12T01:16:28.925+0000][5284][gc,stats    ]    Subphase: Concurrent Roots JNIHandles                   0.000 / 0.000         0.004 / 0.017         0.004 / 0.017         0.004 / 0.017       ms
[2020-07-12T01:16:28.925+0000][5284][gc,stats    ]    Subphase: Concurrent Roots Setup                        0.000 / 0.000         0.196 / 0.465         0.191 / 0.465         0.191 / 0.465       ms
[2020-07-12T01:16:28.925+0000][5284][gc,stats    ]    Subphase: Concurrent Roots Teardown                     0.000 / 0.000         0.000 / 0.002         0.000 / 0.002         0.000 / 0.002       ms
[2020-07-12T01:16:28.925+0000][5284][gc,stats    ]    Subphase: Concurrent Roots VMHandles                    0.000 / 0.000         0.000 / 0.000         0.000 / 0.000         0.000 / 0.000       ms
[2020-07-12T01:16:28.925+0000][5284][gc,stats    ]    Subphase: Concurrent Weak Roots                         0.000 / 0.000         0.913 / 1.534         0.909 / 1.534         0.909 / 1.534       ms
[2020-07-12T01:16:28.925+0000][5284][gc,stats    ]    Subphase: Concurrent Weak Roots JNIWeakHandles          0.000 / 0.000         0.001 / 0.001         0.001 / 0.004         0.001 / 0.004       ms
[2020-07-12T01:16:28.925+0000][5284][gc,stats    ]    Subphase: Concurrent Weak Roots ResolvedMethodTable     0.000 / 0.000         0.095 / 0.140         0.095 / 0.181         0.095 / 0.181       ms
[2020-07-12T01:16:28.925+0000][5284][gc,stats    ]    Subphase: Concurrent Weak Roots StringTable             0.000 / 0.000         0.756 / 1.341         0.753 / 1.341         0.753 / 1.341       ms
[2020-07-12T01:16:28.925+0000][5284][gc,stats    ]    Subphase: Concurrent Weak Roots VMWeakHandles           0.000 / 0.000         0.058 / 0.125         0.057 / 0.125         0.057 / 0.125       ms
[2020-07-12T01:16:28.925+0000][5284][gc,stats    ]    Subphase: Pause Mark Try Complete                       0.000 / 0.000         0.159 / 0.214         0.156 / 0.214         0.156 / 0.214       ms
[2020-07-12T01:16:28.925+0000][5284][gc,stats    ]    Subphase: Pause Roots                                   0.000 / 0.000         0.036 / 0.285         0.039 / 0.936         0.039 / 0.936       ms
[2020-07-12T01:16:28.925+0000][5284][gc,stats    ]    Subphase: Pause Roots CodeCache                         0.000 / 0.000         0.000 / 0.000         0.000 / 0.000         0.000 / 0.000       ms
[2020-07-12T01:16:28.925+0000][5284][gc,stats    ]    Subphase: Pause Roots JVMTIExport                       0.000 / 0.000         0.002 / 0.008         0.002 / 0.008         0.002 / 0.008       ms
[2020-07-12T01:16:28.925+0000][5284][gc,stats    ]    Subphase: Pause Roots JVMTIWeakExport                   0.000 / 0.000         0.001 / 0.001         0.001 / 0.001         0.001 / 0.001       ms
[2020-07-12T01:16:28.925+0000][5284][gc,stats    ]    Subphase: Pause Roots Management                        0.000 / 0.000         0.001 / 0.009         0.001 / 0.009         0.001 / 0.009       ms
[2020-07-12T01:16:28.925+0000][5284][gc,stats    ]    Subphase: Pause Roots ObjectSynchronizer                0.000 / 0.000         0.000 / 0.001         0.000 / 0.001         0.000 / 0.001       ms
[2020-07-12T01:16:28.925+0000][5284][gc,stats    ]    Subphase: Pause Roots Setup                             0.000 / 0.000         0.001 / 0.036         0.001 / 0.036         0.001 / 0.036       ms
[2020-07-12T01:16:28.925+0000][5284][gc,stats    ]    Subphase: Pause Roots SystemDictionary                  0.000 / 0.000         0.012 / 0.042         0.012 / 0.042         0.012 / 0.042       ms
[2020-07-12T01:16:28.925+0000][5284][gc,stats    ]    Subphase: Pause Roots Teardown                          0.000 / 0.000         0.001 / 0.013         0.001 / 0.013         0.001 / 0.013       ms
[2020-07-12T01:16:28.925+0000][5284][gc,stats    ]    Subphase: Pause Roots Threads                           0.000 / 0.000         0.042 / 0.235         0.045 / 0.913         0.045 / 0.913       ms
[2020-07-12T01:16:28.925+0000][5284][gc,stats    ]    Subphase: Pause Roots Universe                          0.000 / 0.000         0.002 / 0.011         0.002 / 0.011         0.002 / 0.011       ms
[2020-07-12T01:16:28.925+0000][5284][gc,stats    ]    Subphase: Pause Weak Roots                              0.000 / 0.000         0.010 / 0.087         0.010 / 0.087         0.010 / 0.087       ms
[2020-07-12T01:16:28.925+0000][5284][gc,stats    ]    Subphase: Pause Weak Roots JFRWeak                      0.000 / 0.000         0.048 / 0.084         0.047 / 0.084         0.047 / 0.084       ms
[2020-07-12T01:16:28.925+0000][5284][gc,stats    ]    Subphase: Pause Weak Roots JVMTIWeakExport              0.000 / 0.000         0.001 / 0.002         0.001 / 0.002         0.001 / 0.002       ms
[2020-07-12T01:16:28.925+0000][5284][gc,stats    ]    Subphase: Pause Weak Roots Setup                        0.000 / 0.000         0.000 / 0.001         0.000 / 0.001         0.000 / 0.001       ms
[2020-07-12T01:16:28.925+0000][5284][gc,stats    ]    Subphase: Pause Weak Roots Teardown                     0.000 / 0.000         0.000 / 0.000         0.000 / 0.000         0.000 / 0.000       ms
[2020-07-12T01:16:28.925+0000][5284][gc,stats    ]      System: Java Threads                                      0 / 0                36 / 37               36 / 38               36 / 38          threads
[2020-07-12T01:16:28.925+0000][5284][gc,stats    ] =========================================================================================================================================================
[2020-07-12T01:16:38.925+0000][5284][gc,stats    ] === Garbage Collection Statistics =======================================================================================================================
[2020-07-12T01:16:38.925+0000][5284][gc,stats    ]                                                              Last 10s              Last 10m              Last 10h                Total
[2020-07-12T01:16:38.925+0000][5284][gc,stats    ]                                                              Avg / Max             Avg / Max             Avg / Max             Avg / Max
[2020-07-12T01:16:38.925+0000][5284][gc,stats    ]   Collector: Garbage Collection Cycle                      0.000 / 0.000        80.050 / 106.819      79.600 / 117.511      79.600 / 117.511     ms
[2020-07-12T01:16:38.925+0000][5284][gc,stats    ]  Contention: Mark Segment Reset Contention                     0 / 0                 0 / 0                 0 / 0                 0 / 0           ops/s
[2020-07-12T01:16:38.925+0000][5284][gc,stats    ]  Contention: Mark SeqNum Reset Contention                      0 / 0                 0 / 0                 0 / 0                 0 / 0           ops/s
[2020-07-12T01:16:38.925+0000][5284][gc,stats    ]  Contention: Relocation Contention                             0 / 0                 0 / 12                0 / 12                0 / 12          ops/s
[2020-07-12T01:16:38.925+0000][5284][gc,stats    ]    Critical: Allocation Stall                              0.000 / 0.000         0.000 / 0.000         0.000 / 0.000         0.000 / 0.000       ms
[2020-07-12T01:16:38.925+0000][5284][gc,stats    ]    Critical: Allocation Stall                                  0 / 0                 0 / 0                 0 / 0                 0 / 0           ops/s
[2020-07-12T01:16:38.925+0000][5284][gc,stats    ]    Critical: GC Locker Stall                               0.000 / 0.000         0.000 / 0.000         0.093 / 0.093         0.093 / 0.093       ms
[2020-07-12T01:16:38.925+0000][5284][gc,stats    ]    Critical: GC Locker Stall                                   0 / 0                 0 / 0                 0 / 1                 0 / 1           ops/s
[2020-07-12T01:16:38.925+0000][5284][gc,stats    ]      Memory: Allocation Rate                                   0 / 0                91 / 242              90 / 242              90 / 242         MB/s
[2020-07-12T01:16:38.925+0000][5284][gc,stats    ]      Memory: Heap Used After Mark                              0 / 0               594 / 848             589 / 1286            589 / 1286        MB
[2020-07-12T01:16:38.925+0000][5284][gc,stats    ]      Memory: Heap Used After Relocation                        0 / 0                82 / 116              81 / 116              81 / 116         MB
[2020-07-12T01:16:38.925+0000][5284][gc,stats    ]      Memory: Heap Used Before Mark                             0 / 0               582 / 820             576 / 1270            576 / 1270        MB
[2020-07-12T01:16:38.925+0000][5284][gc,stats    ]      Memory: Heap Used Before Relocation                       0 / 0               122 / 192             128 / 338             128 / 338         MB
[2020-07-12T01:16:38.925+0000][5284][gc,stats    ]      Memory: Out Of Memory                                     0 / 0                 0 / 0                 0 / 0                 0 / 0           ops/s
[2020-07-12T01:16:38.925+0000][5284][gc,stats    ]      Memory: Page Cache Flush                                  0 / 0                 0 / 0                 0 / 0                 0 / 0           MB/s
[2020-07-12T01:16:38.925+0000][5284][gc,stats    ]      Memory: Page Cache Hit L1                                 0 / 0                46 / 124              44 / 124              44 / 124         ops/s
[2020-07-12T01:16:38.925+0000][5284][gc,stats    ]      Memory: Page Cache Hit L2                                 0 / 0                 0 / 0                 0 / 0                 0 / 0           ops/s
[2020-07-12T01:16:38.925+0000][5284][gc,stats    ]      Memory: Page Cache Hit L3                                 0 / 0                 0 / 1                 0 / 96                0 / 96          ops/s
[2020-07-12T01:16:38.925+0000][5284][gc,stats    ]      Memory: Page Cache Miss                                   0 / 0                 0 / 0                 0 / 0                 0 / 0           ops/s
[2020-07-12T01:16:38.925+0000][5284][gc,stats    ]      Memory: Uncommit                                          0 / 0                 0 / 0                 0 / 0                 0 / 0           MB/s
[2020-07-12T01:16:38.925+0000][5284][gc,stats    ]      Memory: Undo Object Allocation Failed                     0 / 0                 0 / 0                 0 / 0                 0 / 0           ops/s
[2020-07-12T01:16:38.925+0000][5284][gc,stats    ]      Memory: Undo Object Allocation Succeeded                  0 / 0                 0 / 12                0 / 12                0 / 12          ops/s
[2020-07-12T01:16:38.925+0000][5284][gc,stats    ]      Memory: Undo Page Allocation                              0 / 0                 0 / 0                 0 / 0                 0 / 0           ops/s
[2020-07-12T01:16:38.925+0000][5284][gc,stats    ]       Phase: Concurrent Mark                               0.000 / 0.000        48.594 / 72.502       48.432 / 77.269       48.432 / 77.269      ms
[2020-07-12T01:16:38.925+0000][5284][gc,stats    ]       Phase: Concurrent Mark Continue                      0.000 / 0.000         0.000 / 0.000         0.000 / 0.000         0.000 / 0.000       ms
[2020-07-12T01:16:38.925+0000][5284][gc,stats    ]       Phase: Concurrent Process Non-Strong References      0.000 / 0.000        27.362 / 42.104       26.589 / 42.104       26.589 / 42.104      ms
[2020-07-12T01:16:38.925+0000][5284][gc,stats    ]       Phase: Concurrent Relocate                           0.000 / 0.000         1.284 / 5.509         1.685 / 18.136        1.685 / 18.136      ms
[2020-07-12T01:16:38.925+0000][5284][gc,stats    ]       Phase: Concurrent Reset Relocation Set               0.000 / 0.000         0.004 / 0.010         0.004 / 0.015         0.004 / 0.015       ms
[2020-07-12T01:16:38.925+0000][5284][gc,stats    ]       Phase: Concurrent Select Relocation Set              0.000 / 0.000         1.013 / 1.432         1.060 / 5.622         1.060 / 5.622       ms
[2020-07-12T01:16:38.925+0000][5284][gc,stats    ]       Phase: Pause Mark End                                0.000 / 0.000         0.349 / 0.654         0.345 / 0.654         0.345 / 0.654       ms
[2020-07-12T01:16:38.925+0000][5284][gc,stats    ]       Phase: Pause Mark Start                              0.000 / 0.000         0.174 / 0.724         0.183 / 0.724         0.183 / 0.724       ms
[2020-07-12T01:16:38.925+0000][5284][gc,stats    ]       Phase: Pause Relocate Start                          0.000 / 0.000         0.124 / 0.586         0.136 / 1.014         0.136 / 1.014       ms
[2020-07-12T01:16:38.925+0000][5284][gc,stats    ]    Subphase: Concurrent Classes Purge                      0.000 / 0.000         0.819 / 8.877         0.794 / 8.877         0.794 / 8.877       ms
[2020-07-12T01:16:38.925+0000][5284][gc,stats    ]    Subphase: Concurrent Classes Unlink                     0.000 / 0.000        24.794 / 38.550       24.026 / 38.550       24.026 / 38.550      ms
[2020-07-12T01:16:38.925+0000][5284][gc,stats    ]    Subphase: Concurrent Mark                               0.000 / 0.000        47.776 / 70.416       47.628 / 76.517       47.628 / 76.517      ms
[2020-07-12T01:16:38.925+0000][5284][gc,stats    ]    Subphase: Concurrent Mark Idle                          0.000 / 0.000         0.000 / 0.000         0.000 / 0.000         0.000 / 0.000       ms
[2020-07-12T01:16:38.925+0000][5284][gc,stats    ]    Subphase: Concurrent Mark Try Flush                     0.000 / 0.000         0.120 / 4.734         0.128 / 4.734         0.128 / 4.734       ms
[2020-07-12T01:16:38.925+0000][5284][gc,stats    ]    Subphase: Concurrent Mark Try Terminate                 0.000 / 0.000         0.081 / 4.736         0.083 / 4.736         0.083 / 4.736       ms
[2020-07-12T01:16:38.925+0000][5284][gc,stats    ]    Subphase: Concurrent References Enqueue                 0.000 / 0.000         0.001 / 0.004         0.001 / 0.004         0.001 / 0.004       ms
[2020-07-12T01:16:38.925+0000][5284][gc,stats    ]    Subphase: Concurrent References Process                 0.000 / 0.000         0.525 / 0.982         0.526 / 1.144         0.526 / 1.144       ms
[2020-07-12T01:16:38.925+0000][5284][gc,stats    ]    Subphase: Concurrent Roots                              0.000 / 0.000         0.325 / 1.449         0.320 / 1.449         0.320 / 1.449       ms
[2020-07-12T01:16:38.925+0000][5284][gc,stats    ]    Subphase: Concurrent Roots ClassLoaderDataGraph         0.000 / 0.000         0.318 / 1.421         0.313 / 1.421         0.313 / 1.421       ms
[2020-07-12T01:16:38.925+0000][5284][gc,stats    ]    Subphase: Concurrent Roots JNIHandles                   0.000 / 0.000         0.004 / 0.017         0.004 / 0.017         0.004 / 0.017       ms
[2020-07-12T01:16:38.925+0000][5284][gc,stats    ]    Subphase: Concurrent Roots Setup                        0.000 / 0.000         0.195 / 0.465         0.191 / 0.465         0.191 / 0.465       ms
[2020-07-12T01:16:38.925+0000][5284][gc,stats    ]    Subphase: Concurrent Roots Teardown                     0.000 / 0.000         0.000 / 0.002         0.000 / 0.002         0.000 / 0.002       ms
[2020-07-12T01:16:38.925+0000][5284][gc,stats    ]    Subphase: Concurrent Roots VMHandles                    0.000 / 0.000         0.000 / 0.000         0.000 / 0.000         0.000 / 0.000       ms
[2020-07-12T01:16:38.925+0000][5284][gc,stats    ]    Subphase: Concurrent Weak Roots                         0.000 / 0.000         0.914 / 1.534         0.909 / 1.534         0.909 / 1.534       ms
[2020-07-12T01:16:38.925+0000][5284][gc,stats    ]    Subphase: Concurrent Weak Roots JNIWeakHandles          0.000 / 0.000         0.001 / 0.001         0.001 / 0.004         0.001 / 0.004       ms
[2020-07-12T01:16:38.925+0000][5284][gc,stats    ]    Subphase: Concurrent Weak Roots ResolvedMethodTable     0.000 / 0.000         0.095 / 0.140         0.095 / 0.181         0.095 / 0.181       ms
[2020-07-12T01:16:38.925+0000][5284][gc,stats    ]    Subphase: Concurrent Weak Roots StringTable             0.000 / 0.000         0.757 / 1.341         0.753 / 1.341         0.753 / 1.341       ms
[2020-07-12T01:16:38.925+0000][5284][gc,stats    ]    Subphase: Concurrent Weak Roots VMWeakHandles           0.000 / 0.000         0.058 / 0.125         0.057 / 0.125         0.057 / 0.125       ms
[2020-07-12T01:16:38.925+0000][5284][gc,stats    ]    Subphase: Pause Mark Try Complete                       0.000 / 0.000         0.159 / 0.214         0.156 / 0.214         0.156 / 0.214       ms
[2020-07-12T01:16:38.925+0000][5284][gc,stats    ]    Subphase: Pause Roots                                   0.000 / 0.000         0.036 / 0.285         0.039 / 0.936         0.039 / 0.936       ms
[2020-07-12T01:16:38.925+0000][5284][gc,stats    ]    Subphase: Pause Roots CodeCache                         0.000 / 0.000         0.000 / 0.000         0.000 / 0.000         0.000 / 0.000       ms
[2020-07-12T01:16:38.925+0000][5284][gc,stats    ]    Subphase: Pause Roots JVMTIExport                       0.000 / 0.000         0.002 / 0.008         0.002 / 0.008         0.002 / 0.008       ms
[2020-07-12T01:16:38.925+0000][5284][gc,stats    ]    Subphase: Pause Roots JVMTIWeakExport                   0.000 / 0.000         0.001 / 0.001         0.001 / 0.001         0.001 / 0.001       ms
[2020-07-12T01:16:38.925+0000][5284][gc,stats    ]    Subphase: Pause Roots Management                        0.000 / 0.000         0.001 / 0.009         0.001 / 0.009         0.001 / 0.009       ms
[2020-07-12T01:16:38.925+0000][5284][gc,stats    ]    Subphase: Pause Roots ObjectSynchronizer                0.000 / 0.000         0.000 / 0.001         0.000 / 0.001         0.000 / 0.001       ms
[2020-07-12T01:16:38.925+0000][5284][gc,stats    ]    Subphase: Pause Roots Setup                             0.000 / 0.000         0.001 / 0.036         0.001 / 0.036         0.001 / 0.036       ms
[2020-07-12T01:16:38.925+0000][5284][gc,stats    ]    Subphase: Pause Roots SystemDictionary                  0.000 / 0.000         0.012 / 0.042         0.012 / 0.042         0.012 / 0.042       ms
[2020-07-12T01:16:38.925+0000][5284][gc,stats    ]    Subphase: Pause Roots Teardown                          0.000 / 0.000         0.001 / 0.013         0.001 / 0.013         0.001 / 0.013       ms
[2020-07-12T01:16:38.925+0000][5284][gc,stats    ]    Subphase: Pause Roots Threads                           0.000 / 0.000         0.042 / 0.235         0.045 / 0.913         0.045 / 0.913       ms
[2020-07-12T01:16:38.925+0000][5284][gc,stats    ]    Subphase: Pause Roots Universe                          0.000 / 0.000         0.002 / 0.011         0.002 / 0.011         0.002 / 0.011       ms
[2020-07-12T01:16:38.925+0000][5284][gc,stats    ]    Subphase: Pause Weak Roots                              0.000 / 0.000         0.010 / 0.087         0.010 / 0.087         0.010 / 0.087       ms
[2020-07-12T01:16:38.926+0000][5284][gc,stats    ]    Subphase: Pause Weak Roots JFRWeak                      0.000 / 0.000         0.048 / 0.084         0.047 / 0.084         0.047 / 0.084       ms
[2020-07-12T01:16:38.926+0000][5284][gc,stats    ]    Subphase: Pause Weak Roots JVMTIWeakExport              0.000 / 0.000         0.001 / 0.002         0.001 / 0.002         0.001 / 0.002       ms
[2020-07-12T01:16:38.926+0000][5284][gc,stats    ]    Subphase: Pause Weak Roots Setup                        0.000 / 0.000         0.000 / 0.001         0.000 / 0.001         0.000 / 0.001       ms
[2020-07-12T01:16:38.926+0000][5284][gc,stats    ]    Subphase: Pause Weak Roots Teardown                     0.000 / 0.000         0.000 / 0.000         0.000 / 0.000         0.000 / 0.000       ms
[2020-07-12T01:16:38.926+0000][5284][gc,stats    ]      System: Java Threads                                      0 / 0                36 / 37               36 / 38               36 / 38          threads
[2020-07-12T01:16:38.926+0000][5284][gc,stats    ] =========================================================================================================================================================
[2020-07-12T01:16:48.925+0000][5284][gc,stats    ] === Garbage Collection Statistics =======================================================================================================================
[2020-07-12T01:16:48.925+0000][5284][gc,stats    ]                                                              Last 10s              Last 10m              Last 10h                Total
[2020-07-12T01:16:48.925+0000][5284][gc,stats    ]                                                              Avg / Max             Avg / Max             Avg / Max             Avg / Max
[2020-07-12T01:16:48.925+0000][5284][gc,stats    ]   Collector: Garbage Collection Cycle                      0.000 / 0.000        80.277 / 106.819      79.600 / 117.511      79.600 / 117.511     ms
[2020-07-12T01:16:48.925+0000][5284][gc,stats    ]  Contention: Mark Segment Reset Contention                     0 / 0                 0 / 0                 0 / 0                 0 / 0           ops/s
[2020-07-12T01:16:48.925+0000][5284][gc,stats    ]  Contention: Mark SeqNum Reset Contention                      0 / 0                 0 / 0                 0 / 0                 0 / 0           ops/s
[2020-07-12T01:16:48.925+0000][5284][gc,stats    ]  Contention: Relocation Contention                             0 / 0                 0 / 12                0 / 12                0 / 12          ops/s
[2020-07-12T01:16:48.925+0000][5284][gc,stats    ]    Critical: Allocation Stall                              0.000 / 0.000         0.000 / 0.000         0.000 / 0.000         0.000 / 0.000       ms
[2020-07-12T01:16:48.925+0000][5284][gc,stats    ]    Critical: Allocation Stall                                  0 / 0                 0 / 0                 0 / 0                 0 / 0           ops/s
[2020-07-12T01:16:48.925+0000][5284][gc,stats    ]    Critical: GC Locker Stall                               0.000 / 0.000         0.000 / 0.000         0.093 / 0.093         0.093 / 0.093       ms
[2020-07-12T01:16:48.926+0000][5284][gc,stats    ]    Critical: GC Locker Stall                                   0 / 0                 0 / 0                 0 / 1                 0 / 1           ops/s
[2020-07-12T01:16:48.926+0000][5284][gc,stats    ]      Memory: Allocation Rate                                   0 / 0                89 / 242              89 / 242              89 / 242         MB/s
[2020-07-12T01:16:48.926+0000][5284][gc,stats    ]      Memory: Heap Used After Mark                              0 / 0               594 / 848             589 / 1286            589 / 1286        MB
[2020-07-12T01:16:48.926+0000][5284][gc,stats    ]      Memory: Heap Used After Relocation                        0 / 0                82 / 116              81 / 116              81 / 116         MB
[2020-07-12T01:16:48.926+0000][5284][gc,stats    ]      Memory: Heap Used Before Mark                             0 / 0               581 / 820             576 / 1270            576 / 1270        MB
[2020-07-12T01:16:48.926+0000][5284][gc,stats    ]      Memory: Heap Used Before Relocation                       0 / 0               122 / 192             128 / 338             128 / 338         MB
[2020-07-12T01:16:48.926+0000][5284][gc,stats    ]      Memory: Out Of Memory                                     0 / 0                 0 / 0                 0 / 0                 0 / 0           ops/s
[2020-07-12T01:16:48.926+0000][5284][gc,stats    ]      Memory: Page Cache Flush                                  0 / 0                 0 / 0                 0 / 0                 0 / 0           MB/s
[2020-07-12T01:16:48.926+0000][5284][gc,stats    ]      Memory: Page Cache Hit L1                                 0 / 0                45 / 124              44 / 124              44 / 124         ops/s
[2020-07-12T01:16:48.926+0000][5284][gc,stats    ]      Memory: Page Cache Hit L2                                 0 / 0                 0 / 0                 0 / 0                 0 / 0           ops/s
[2020-07-12T01:16:48.926+0000][5284][gc,stats    ]      Memory: Page Cache Hit L3                                 0 / 0                 0 / 1                 0 / 96                0 / 96          ops/s
[2020-07-12T01:16:48.926+0000][5284][gc,stats    ]      Memory: Page Cache Miss                                   0 / 0                 0 / 0                 0 / 0                 0 / 0           ops/s
[2020-07-12T01:16:48.926+0000][5284][gc,stats    ]      Memory: Uncommit                                          0 / 0                 0 / 0                 0 / 0                 0 / 0           MB/s
[2020-07-12T01:16:48.926+0000][5284][gc,stats    ]      Memory: Undo Object Allocation Failed                     0 / 0                 0 / 0                 0 / 0                 0 / 0           ops/s
[2020-07-12T01:16:48.926+0000][5284][gc,stats    ]      Memory: Undo Object Allocation Succeeded                  0 / 0                 0 / 12                0 / 12                0 / 12          ops/s
[2020-07-12T01:16:48.926+0000][5284][gc,stats    ]      Memory: Undo Page Allocation                              0 / 0                 0 / 0                 0 / 0                 0 / 0           ops/s
[2020-07-12T01:16:48.926+0000][5284][gc,stats    ]       Phase: Concurrent Mark                               0.000 / 0.000        48.695 / 72.502       48.432 / 77.269       48.432 / 77.269      ms
[2020-07-12T01:16:48.926+0000][5284][gc,stats    ]       Phase: Concurrent Mark Continue                      0.000 / 0.000         0.000 / 0.000         0.000 / 0.000         0.000 / 0.000       ms
[2020-07-12T01:16:48.926+0000][5284][gc,stats    ]       Phase: Concurrent Process Non-Strong References      0.000 / 0.000        27.482 / 42.104       26.589 / 42.104       26.589 / 42.104      ms
[2020-07-12T01:16:48.926+0000][5284][gc,stats    ]       Phase: Concurrent Relocate                           0.000 / 0.000         1.286 / 5.509         1.685 / 18.136        1.685 / 18.136      ms
[2020-07-12T01:16:48.926+0000][5284][gc,stats    ]       Phase: Concurrent Reset Relocation Set               0.000 / 0.000         0.004 / 0.006         0.004 / 0.015         0.004 / 0.015       ms
[2020-07-12T01:16:48.926+0000][5284][gc,stats    ]       Phase: Concurrent Select Relocation Set              0.000 / 0.000         1.013 / 1.432         1.060 / 5.622         1.060 / 5.622       ms
[2020-07-12T01:16:48.926+0000][5284][gc,stats    ]       Phase: Pause Mark End                                0.000 / 0.000         0.350 / 0.654         0.345 / 0.654         0.345 / 0.654       ms
[2020-07-12T01:16:48.926+0000][5284][gc,stats    ]       Phase: Pause Mark Start                              0.000 / 0.000         0.175 / 0.724         0.183 / 0.724         0.183 / 0.724       ms
[2020-07-12T01:16:48.926+0000][5284][gc,stats    ]       Phase: Pause Relocate Start                          0.000 / 0.000         0.125 / 0.586         0.136 / 1.014         0.136 / 1.014       ms
[2020-07-12T01:16:48.926+0000][5284][gc,stats    ]    Subphase: Concurrent Classes Purge                      0.000 / 0.000         0.824 / 8.877         0.794 / 8.877         0.794 / 8.877       ms
[2020-07-12T01:16:48.926+0000][5284][gc,stats    ]    Subphase: Concurrent Classes Unlink                     0.000 / 0.000        24.901 / 38.550       24.026 / 38.550       24.026 / 38.550      ms
[2020-07-12T01:16:48.926+0000][5284][gc,stats    ]    Subphase: Concurrent Mark                               0.000 / 0.000        47.872 / 70.416       47.628 / 76.517       47.628 / 76.517      ms
[2020-07-12T01:16:48.926+0000][5284][gc,stats    ]    Subphase: Concurrent Mark Idle                          0.000 / 0.000         0.000 / 0.000         0.000 / 0.000         0.000 / 0.000       ms
[2020-07-12T01:16:48.926+0000][5284][gc,stats    ]    Subphase: Concurrent Mark Try Flush                     0.000 / 0.000         0.121 / 4.734         0.128 / 4.734         0.128 / 4.734       ms
[2020-07-12T01:16:48.926+0000][5284][gc,stats    ]    Subphase: Concurrent Mark Try Terminate                 0.000 / 0.000         0.082 / 4.736         0.083 / 4.736         0.083 / 4.736       ms
[2020-07-12T01:16:48.926+0000][5284][gc,stats    ]    Subphase: Concurrent References Enqueue                 0.000 / 0.000         0.001 / 0.004         0.001 / 0.004         0.001 / 0.004       ms
[2020-07-12T01:16:48.926+0000][5284][gc,stats    ]    Subphase: Concurrent References Process                 0.000 / 0.000         0.526 / 0.982         0.526 / 1.144         0.526 / 1.144       ms
[2020-07-12T01:16:48.926+0000][5284][gc,stats    ]    Subphase: Concurrent Roots                              0.000 / 0.000         0.326 / 1.449         0.320 / 1.449         0.320 / 1.449       ms
[2020-07-12T01:16:48.926+0000][5284][gc,stats    ]    Subphase: Concurrent Roots ClassLoaderDataGraph         0.000 / 0.000         0.320 / 1.421         0.313 / 1.421         0.313 / 1.421       ms
[2020-07-12T01:16:48.926+0000][5284][gc,stats    ]    Subphase: Concurrent Roots JNIHandles                   0.000 / 0.000         0.004 / 0.017         0.004 / 0.017         0.004 / 0.017       ms
[2020-07-12T01:16:48.926+0000][5284][gc,stats    ]    Subphase: Concurrent Roots Setup                        0.000 / 0.000         0.196 / 0.465         0.191 / 0.465         0.191 / 0.465       ms
[2020-07-12T01:16:48.926+0000][5284][gc,stats    ]    Subphase: Concurrent Roots Teardown                     0.000 / 0.000         0.000 / 0.002         0.000 / 0.002         0.000 / 0.002       ms
[2020-07-12T01:16:48.926+0000][5284][gc,stats    ]    Subphase: Concurrent Roots VMHandles                    0.000 / 0.000         0.000 / 0.000         0.000 / 0.000         0.000 / 0.000       ms
[2020-07-12T01:16:48.926+0000][5284][gc,stats    ]    Subphase: Concurrent Weak Roots                         0.000 / 0.000         0.915 / 1.534         0.909 / 1.534         0.909 / 1.534       ms
[2020-07-12T01:16:48.926+0000][5284][gc,stats    ]    Subphase: Concurrent Weak Roots JNIWeakHandles          0.000 / 0.000         0.001 / 0.001         0.001 / 0.004         0.001 / 0.004       ms
[2020-07-12T01:16:48.926+0000][5284][gc,stats    ]    Subphase: Concurrent Weak Roots ResolvedMethodTable     0.000 / 0.000         0.095 / 0.140         0.095 / 0.181         0.095 / 0.181       ms
[2020-07-12T01:16:48.926+0000][5284][gc,stats    ]    Subphase: Concurrent Weak Roots StringTable             0.000 / 0.000         0.758 / 1.341         0.753 / 1.341         0.753 / 1.341       ms
[2020-07-12T01:16:48.926+0000][5284][gc,stats    ]    Subphase: Concurrent Weak Roots VMWeakHandles           0.000 / 0.000         0.058 / 0.125         0.057 / 0.125         0.057 / 0.125       ms
[2020-07-12T01:16:48.926+0000][5284][gc,stats    ]    Subphase: Pause Mark Try Complete                       0.000 / 0.000         0.159 / 0.214         0.156 / 0.214         0.156 / 0.214       ms
[2020-07-12T01:16:48.926+0000][5284][gc,stats    ]    Subphase: Pause Roots                                   0.000 / 0.000         0.036 / 0.285         0.039 / 0.936         0.039 / 0.936       ms
[2020-07-12T01:16:48.926+0000][5284][gc,stats    ]    Subphase: Pause Roots CodeCache                         0.000 / 0.000         0.000 / 0.000         0.000 / 0.000         0.000 / 0.000       ms
[2020-07-12T01:16:48.926+0000][5284][gc,stats    ]    Subphase: Pause Roots JVMTIExport                       0.000 / 0.000         0.002 / 0.008         0.002 / 0.008         0.002 / 0.008       ms
[2020-07-12T01:16:48.926+0000][5284][gc,stats    ]    Subphase: Pause Roots JVMTIWeakExport                   0.000 / 0.000         0.001 / 0.001         0.001 / 0.001         0.001 / 0.001       ms
[2020-07-12T01:16:48.926+0000][5284][gc,stats    ]    Subphase: Pause Roots Management                        0.000 / 0.000         0.001 / 0.009         0.001 / 0.009         0.001 / 0.009       ms
[2020-07-12T01:16:48.926+0000][5284][gc,stats    ]    Subphase: Pause Roots ObjectSynchronizer                0.000 / 0.000         0.000 / 0.001         0.000 / 0.001         0.000 / 0.001       ms
[2020-07-12T01:16:48.926+0000][5284][gc,stats    ]    Subphase: Pause Roots Setup                             0.000 / 0.000         0.001 / 0.036         0.001 / 0.036         0.001 / 0.036       ms
[2020-07-12T01:16:48.926+0000][5284][gc,stats    ]    Subphase: Pause Roots SystemDictionary                  0.000 / 0.000         0.012 / 0.042         0.012 / 0.042         0.012 / 0.042       ms
[2020-07-12T01:16:48.926+0000][5284][gc,stats    ]    Subphase: Pause Roots Teardown                          0.000 / 0.000         0.001 / 0.013         0.001 / 0.013         0.001 / 0.013       ms
[2020-07-12T01:16:48.926+0000][5284][gc,stats    ]    Subphase: Pause Roots Threads                           0.000 / 0.000         0.042 / 0.235         0.045 / 0.913         0.045 / 0.913       ms
[2020-07-12T01:16:48.926+0000][5284][gc,stats    ]    Subphase: Pause Roots Universe                          0.000 / 0.000         0.002 / 0.011         0.002 / 0.011         0.002 / 0.011       ms
[2020-07-12T01:16:48.926+0000][5284][gc,stats    ]    Subphase: Pause Weak Roots                              0.000 / 0.000         0.010 / 0.087         0.010 / 0.087         0.010 / 0.087       ms
[2020-07-12T01:16:48.926+0000][5284][gc,stats    ]    Subphase: Pause Weak Roots JFRWeak                      0.000 / 0.000         0.048 / 0.084         0.047 / 0.084         0.047 / 0.084       ms
[2020-07-12T01:16:48.926+0000][5284][gc,stats    ]    Subphase: Pause Weak Roots JVMTIWeakExport              0.000 / 0.000         0.001 / 0.002         0.001 / 0.002         0.001 / 0.002       ms
[2020-07-12T01:16:48.926+0000][5284][gc,stats    ]    Subphase: Pause Weak Roots Setup                        0.000 / 0.000         0.000 / 0.001         0.000 / 0.001         0.000 / 0.001       ms
[2020-07-12T01:16:48.926+0000][5284][gc,stats    ]    Subphase: Pause Weak Roots Teardown                     0.000 / 0.000         0.000 / 0.000         0.000 / 0.000         0.000 / 0.000       ms
[2020-07-12T01:16:48.926+0000][5284][gc,stats    ]      System: Java Threads                                      0 / 0                36 / 37               36 / 38               36 / 38          threads
[2020-07-12T01:16:48.926+0000][5284][gc,stats    ] =========================================================================================================================================================
[2020-07-12T01:16:53.841+0000][5284][safepoint   ] Safepoint "PrintThreads", Time since last: 60002328697 ns, Reaching safepoint: 97253 ns, At safepoint: 450077 ns, Total: 547330 ns
[2020-07-12T01:16:53.841+0000][5284][safepoint   ] Safepoint "PrintJNI", Time since last: 31871 ns, Reaching safepoint: 30510 ns, At safepoint: 2191 ns, Total: 32701 ns
[2020-07-12T01:16:53.842+0000][5284][safepoint   ] Safepoint "FindDeadlocks", Time since last: 27293 ns, Reaching safepoint: 35843 ns, At safepoint: 6230 ns, Total: 42073 ns
[2020-07-12T01:16:58.924+0000][5284][gc,stats    ] === Garbage Collection Statistics =======================================================================================================================
[2020-07-12T01:16:58.924+0000][5284][gc,stats    ]                                                              Last 10s              Last 10m              Last 10h                Total
[2020-07-12T01:16:58.924+0000][5284][gc,stats    ]                                                              Avg / Max             Avg / Max             Avg / Max             Avg / Max
[2020-07-12T01:16:58.924+0000][5284][gc,stats    ]   Collector: Garbage Collection Cycle                      0.000 / 0.000        80.409 / 106.819      79.600 / 117.511      79.600 / 117.511     ms
[2020-07-12T01:16:58.924+0000][5284][gc,stats    ]  Contention: Mark Segment Reset Contention                     0 / 0                 0 / 0                 0 / 0                 0 / 0           ops/s
[2020-07-12T01:16:58.924+0000][5284][gc,stats    ]  Contention: Mark SeqNum Reset Contention                      0 / 0                 0 / 0                 0 / 0                 0 / 0           ops/s
[2020-07-12T01:16:58.924+0000][5284][gc,stats    ]  Contention: Relocation Contention                             0 / 0                 0 / 12                0 / 12                0 / 12          ops/s
[2020-07-12T01:16:58.924+0000][5284][gc,stats    ]    Critical: Allocation Stall                              0.000 / 0.000         0.000 / 0.000         0.000 / 0.000         0.000 / 0.000       ms
[2020-07-12T01:16:58.924+0000][5284][gc,stats    ]    Critical: Allocation Stall                                  0 / 0                 0 / 0                 0 / 0                 0 / 0           ops/s
[2020-07-12T01:16:58.924+0000][5284][gc,stats    ]    Critical: GC Locker Stall                               0.000 / 0.000         0.000 / 0.000         0.093 / 0.093         0.093 / 0.093       ms
[2020-07-12T01:16:58.924+0000][5284][gc,stats    ]    Critical: GC Locker Stall                                   0 / 0                 0 / 0                 0 / 1                 0 / 1           ops/s
[2020-07-12T01:16:58.924+0000][5284][gc,stats    ]      Memory: Allocation Rate                                   0 / 0                88 / 242              87 / 242              87 / 242         MB/s
[2020-07-12T01:16:58.924+0000][5284][gc,stats    ]      Memory: Heap Used After Mark                              0 / 0               595 / 848             589 / 1286            589 / 1286        MB
[2020-07-12T01:16:58.924+0000][5284][gc,stats    ]      Memory: Heap Used After Relocation                        0 / 0                82 / 116              81 / 116              81 / 116         MB
[2020-07-12T01:16:58.924+0000][5284][gc,stats    ]      Memory: Heap Used Before Mark                             0 / 0               582 / 820             576 / 1270            576 / 1270        MB
[2020-07-12T01:16:58.924+0000][5284][gc,stats    ]      Memory: Heap Used Before Relocation                       0 / 0               122 / 192             128 / 338             128 / 338         MB
[2020-07-12T01:16:58.924+0000][5284][gc,stats    ]      Memory: Out Of Memory                                     0 / 0                 0 / 0                 0 / 0                 0 / 0           ops/s
[2020-07-12T01:16:58.924+0000][5284][gc,stats    ]      Memory: Page Cache Flush                                  0 / 0                 0 / 0                 0 / 0                 0 / 0           MB/s
[2020-07-12T01:16:58.924+0000][5284][gc,stats    ]      Memory: Page Cache Hit L1                                 0 / 0                44 / 124              43 / 124              43 / 124         ops/s
[2020-07-12T01:16:58.924+0000][5284][gc,stats    ]      Memory: Page Cache Hit L2                                 0 / 0                 0 / 0                 0 / 0                 0 / 0           ops/s
[2020-07-12T01:16:58.924+0000][5284][gc,stats    ]      Memory: Page Cache Hit L3                                 0 / 0                 0 / 1                 0 / 96                0 / 96          ops/s
[2020-07-12T01:16:58.924+0000][5284][gc,stats    ]      Memory: Page Cache Miss                                   0 / 0                 0 / 0                 0 / 0                 0 / 0           ops/s
[2020-07-12T01:16:58.924+0000][5284][gc,stats    ]      Memory: Uncommit                                          0 / 0                 0 / 0                 0 / 0                 0 / 0           MB/s
[2020-07-12T01:16:58.924+0000][5284][gc,stats    ]      Memory: Undo Object Allocation Failed                     0 / 0                 0 / 0                 0 / 0                 0 / 0           ops/s
[2020-07-12T01:16:58.924+0000][5284][gc,stats    ]      Memory: Undo Object Allocation Succeeded                  0 / 0                 0 / 12                0 / 12                0 / 12          ops/s
[2020-07-12T01:16:58.924+0000][5284][gc,stats    ]      Memory: Undo Page Allocation                              0 / 0                 0 / 0                 0 / 0                 0 / 0           ops/s
[2020-07-12T01:16:58.925+0000][5284][gc,stats    ]       Phase: Concurrent Mark                               0.000 / 0.000        48.661 / 72.502       48.432 / 77.269       48.432 / 77.269      ms
[2020-07-12T01:16:58.925+0000][5284][gc,stats    ]       Phase: Concurrent Mark Continue                      0.000 / 0.000         0.000 / 0.000         0.000 / 0.000         0.000 / 0.000       ms
[2020-07-12T01:16:58.925+0000][5284][gc,stats    ]       Phase: Concurrent Process Non-Strong References      0.000 / 0.000        27.694 / 42.104       26.589 / 42.104       26.589 / 42.104      ms
[2020-07-12T01:16:58.925+0000][5284][gc,stats    ]       Phase: Concurrent Relocate                           0.000 / 0.000         1.297 / 5.509         1.685 / 18.136        1.685 / 18.136      ms
[2020-07-12T01:16:58.925+0000][5284][gc,stats    ]       Phase: Concurrent Reset Relocation Set               0.000 / 0.000         0.004 / 0.006         0.004 / 0.015         0.004 / 0.015       ms
[2020-07-12T01:16:58.925+0000][5284][gc,stats    ]       Phase: Concurrent Select Relocation Set              0.000 / 0.000         1.014 / 1.432         1.060 / 5.622         1.060 / 5.622       ms
[2020-07-12T01:16:58.925+0000][5284][gc,stats    ]       Phase: Pause Mark End                                0.000 / 0.000         0.351 / 0.654         0.345 / 0.654         0.345 / 0.654       ms
[2020-07-12T01:16:58.925+0000][5284][gc,stats    ]       Phase: Pause Mark Start                              0.000 / 0.000         0.176 / 0.724         0.183 / 0.724         0.183 / 0.724       ms
[2020-07-12T01:16:58.925+0000][5284][gc,stats    ]       Phase: Pause Relocate Start                          0.000 / 0.000         0.125 / 0.586         0.136 / 1.014         0.136 / 1.014       ms
[2020-07-12T01:16:58.925+0000][5284][gc,stats    ]    Subphase: Concurrent Classes Purge                      0.000 / 0.000         0.832 / 8.877         0.794 / 8.877         0.794 / 8.877       ms
[2020-07-12T01:16:58.925+0000][5284][gc,stats    ]    Subphase: Concurrent Classes Unlink                     0.000 / 0.000        25.096 / 38.550       24.026 / 38.550       24.026 / 38.550      ms
[2020-07-12T01:16:58.925+0000][5284][gc,stats    ]    Subphase: Concurrent Mark                               0.000 / 0.000        47.832 / 70.416       47.628 / 76.517       47.628 / 76.517      ms
[2020-07-12T01:16:58.925+0000][5284][gc,stats    ]    Subphase: Concurrent Mark Idle                          0.000 / 0.000         0.000 / 0.000         0.000 / 0.000         0.000 / 0.000       ms
[2020-07-12T01:16:58.925+0000][5284][gc,stats    ]    Subphase: Concurrent Mark Try Flush                     0.000 / 0.000         0.123 / 4.734         0.128 / 4.734         0.128 / 4.734       ms
[2020-07-12T01:16:58.925+0000][5284][gc,stats    ]    Subphase: Concurrent Mark Try Terminate                 0.000 / 0.000         0.083 / 4.736         0.083 / 4.736         0.083 / 4.736       ms
[2020-07-12T01:16:58.925+0000][5284][gc,stats    ]    Subphase: Concurrent References Enqueue                 0.000 / 0.000         0.001 / 0.004         0.001 / 0.004         0.001 / 0.004       ms
[2020-07-12T01:16:58.925+0000][5284][gc,stats    ]    Subphase: Concurrent References Process                 0.000 / 0.000         0.529 / 0.982         0.526 / 1.144         0.526 / 1.144       ms
[2020-07-12T01:16:58.925+0000][5284][gc,stats    ]    Subphase: Concurrent Roots                              0.000 / 0.000         0.329 / 1.449         0.320 / 1.449         0.320 / 1.449       ms
[2020-07-12T01:16:58.925+0000][5284][gc,stats    ]    Subphase: Concurrent Roots ClassLoaderDataGraph         0.000 / 0.000         0.322 / 1.421         0.313 / 1.421         0.313 / 1.421       ms
[2020-07-12T01:16:58.925+0000][5284][gc,stats    ]    Subphase: Concurrent Roots JNIHandles                   0.000 / 0.000         0.004 / 0.017         0.004 / 0.017         0.004 / 0.017       ms
[2020-07-12T01:16:58.925+0000][5284][gc,stats    ]    Subphase: Concurrent Roots Setup                        0.000 / 0.000         0.197 / 0.465         0.191 / 0.465         0.191 / 0.465       ms
[2020-07-12T01:16:58.925+0000][5284][gc,stats    ]    Subphase: Concurrent Roots Teardown                     0.000 / 0.000         0.000 / 0.002         0.000 / 0.002         0.000 / 0.002       ms
[2020-07-12T01:16:58.925+0000][5284][gc,stats    ]    Subphase: Concurrent Roots VMHandles                    0.000 / 0.000         0.000 / 0.000         0.000 / 0.000         0.000 / 0.000       ms
[2020-07-12T01:16:58.925+0000][5284][gc,stats    ]    Subphase: Concurrent Weak Roots                         0.000 / 0.000         0.917 / 1.534         0.909 / 1.534         0.909 / 1.534       ms
[2020-07-12T01:16:58.925+0000][5284][gc,stats    ]    Subphase: Concurrent Weak Roots JNIWeakHandles          0.000 / 0.000         0.001 / 0.001         0.001 / 0.004         0.001 / 0.004       ms
[2020-07-12T01:16:58.925+0000][5284][gc,stats    ]    Subphase: Concurrent Weak Roots ResolvedMethodTable     0.000 / 0.000         0.095 / 0.140         0.095 / 0.181         0.095 / 0.181       ms
[2020-07-12T01:16:58.925+0000][5284][gc,stats    ]    Subphase: Concurrent Weak Roots StringTable             0.000 / 0.000         0.759 / 1.341         0.753 / 1.341         0.753 / 1.341       ms
[2020-07-12T01:16:58.925+0000][5284][gc,stats    ]    Subphase: Concurrent Weak Roots VMWeakHandles           0.000 / 0.000         0.058 / 0.125         0.057 / 0.125         0.057 / 0.125       ms
[2020-07-12T01:16:58.925+0000][5284][gc,stats    ]    Subphase: Pause Mark Try Complete                       0.000 / 0.000         0.160 / 0.214         0.156 / 0.214         0.156 / 0.214       ms
[2020-07-12T01:16:58.925+0000][5284][gc,stats    ]    Subphase: Pause Roots                                   0.000 / 0.000         0.036 / 0.285         0.039 / 0.936         0.039 / 0.936       ms
[2020-07-12T01:16:58.925+0000][5284][gc,stats    ]    Subphase: Pause Roots CodeCache                         0.000 / 0.000         0.000 / 0.000         0.000 / 0.000         0.000 / 0.000       ms
[2020-07-12T01:16:58.925+0000][5284][gc,stats    ]    Subphase: Pause Roots JVMTIExport                       0.000 / 0.000         0.002 / 0.008         0.002 / 0.008         0.002 / 0.008       ms
[2020-07-12T01:16:58.925+0000][5284][gc,stats    ]    Subphase: Pause Roots JVMTIWeakExport                   0.000 / 0.000         0.001 / 0.001         0.001 / 0.001         0.001 / 0.001       ms
[2020-07-12T01:16:58.925+0000][5284][gc,stats    ]    Subphase: Pause Roots Management                        0.000 / 0.000         0.001 / 0.009         0.001 / 0.009         0.001 / 0.009       ms
[2020-07-12T01:16:58.925+0000][5284][gc,stats    ]    Subphase: Pause Roots ObjectSynchronizer                0.000 / 0.000         0.000 / 0.001         0.000 / 0.001         0.000 / 0.001       ms
[2020-07-12T01:16:58.925+0000][5284][gc,stats    ]    Subphase: Pause Roots Setup                             0.000 / 0.000         0.001 / 0.036         0.001 / 0.036         0.001 / 0.036       ms
[2020-07-12T01:16:58.925+0000][5284][gc,stats    ]    Subphase: Pause Roots SystemDictionary                  0.000 / 0.000         0.012 / 0.042         0.012 / 0.042         0.012 / 0.042       ms
[2020-07-12T01:16:58.925+0000][5284][gc,stats    ]    Subphase: Pause Roots Teardown                          0.000 / 0.000         0.001 / 0.013         0.001 / 0.013         0.001 / 0.013       ms
[2020-07-12T01:16:58.925+0000][5284][gc,stats    ]    Subphase: Pause Roots Threads                           0.000 / 0.000         0.042 / 0.235         0.045 / 0.913         0.045 / 0.913       ms
[2020-07-12T01:16:58.925+0000][5284][gc,stats    ]    Subphase: Pause Roots Universe                          0.000 / 0.000         0.002 / 0.011         0.002 / 0.011         0.002 / 0.011       ms
[2020-07-12T01:16:58.926+0000][5284][gc,stats    ]    Subphase: Pause Weak Roots                              0.000 / 0.000         0.010 / 0.087         0.010 / 0.087         0.010 / 0.087       ms
[2020-07-12T01:16:58.926+0000][5284][gc,stats    ]    Subphase: Pause Weak Roots JFRWeak                      0.000 / 0.000         0.048 / 0.084         0.047 / 0.084         0.047 / 0.084       ms
[2020-07-12T01:16:58.926+0000][5284][gc,stats    ]    Subphase: Pause Weak Roots JVMTIWeakExport              0.000 / 0.000         0.001 / 0.002         0.001 / 0.002         0.001 / 0.002       ms
[2020-07-12T01:16:58.926+0000][5284][gc,stats    ]    Subphase: Pause Weak Roots Setup                        0.000 / 0.000         0.000 / 0.001         0.000 / 0.001         0.000 / 0.001       ms
[2020-07-12T01:16:58.926+0000][5284][gc,stats    ]    Subphase: Pause Weak Roots Teardown                     0.000 / 0.000         0.000 / 0.000         0.000 / 0.000         0.000 / 0.000       ms
[2020-07-12T01:16:58.926+0000][5284][gc,stats    ]      System: Java Threads                                      0 / 0                36 / 37               36 / 38               36 / 38          threads
[2020-07-12T01:16:58.926+0000][5284][gc,stats    ] =========================================================================================================================================================
[2020-07-12T01:17:08.926+0000][5284][gc,stats    ] === Garbage Collection Statistics =======================================================================================================================
[2020-07-12T01:17:08.926+0000][5284][gc,stats    ]                                                              Last 10s              Last 10m              Last 10h                Total
[2020-07-12T01:17:08.926+0000][5284][gc,stats    ]                                                              Avg / Max             Avg / Max             Avg / Max             Avg / Max
[2020-07-12T01:17:08.926+0000][5284][gc,stats    ]   Collector: Garbage Collection Cycle                      0.000 / 0.000        80.609 / 106.819      79.600 / 117.511      79.600 / 117.511     ms
[2020-07-12T01:17:08.926+0000][5284][gc,stats    ]  Contention: Mark Segment Reset Contention                     0 / 0                 0 / 0                 0 / 0                 0 / 0           ops/s
[2020-07-12T01:17:08.926+0000][5284][gc,stats    ]  Contention: Mark SeqNum Reset Contention                      0 / 0                 0 / 0                 0 / 0                 0 / 0           ops/s
[2020-07-12T01:17:08.926+0000][5284][gc,stats    ]  Contention: Relocation Contention                             0 / 0                 0 / 12                0 / 12                0 / 12          ops/s
[2020-07-12T01:17:08.926+0000][5284][gc,stats    ]    Critical: Allocation Stall                              0.000 / 0.000         0.000 / 0.000         0.000 / 0.000         0.000 / 0.000       ms
[2020-07-12T01:17:08.926+0000][5284][gc,stats    ]    Critical: Allocation Stall                                  0 / 0                 0 / 0                 0 / 0                 0 / 0           ops/s
[2020-07-12T01:17:08.926+0000][5284][gc,stats    ]    Critical: GC Locker Stall                               0.000 / 0.000         0.000 / 0.000         0.093 / 0.093         0.093 / 0.093       ms
[2020-07-12T01:17:08.926+0000][5284][gc,stats    ]    Critical: GC Locker Stall                                   0 / 0                 0 / 0                 0 / 1                 0 / 1           ops/s
[2020-07-12T01:17:08.926+0000][5284][gc,stats    ]      Memory: Allocation Rate                                   0 / 0                86 / 242              86 / 242              86 / 242         MB/s
[2020-07-12T01:17:08.926+0000][5284][gc,stats    ]      Memory: Heap Used After Mark                              0 / 0               595 / 848             589 / 1286            589 / 1286        MB
[2020-07-12T01:17:08.926+0000][5284][gc,stats    ]      Memory: Heap Used After Relocation                        0 / 0                82 / 116              81 / 116              81 / 116         MB
[2020-07-12T01:17:08.926+0000][5284][gc,stats    ]      Memory: Heap Used Before Mark                             0 / 0               583 / 820             576 / 1270            576 / 1270        MB
[2020-07-12T01:17:08.926+0000][5284][gc,stats    ]      Memory: Heap Used Before Relocation                       0 / 0               123 / 192             128 / 338             128 / 338         MB
[2020-07-12T01:17:08.926+0000][5284][gc,stats    ]      Memory: Out Of Memory                                     0 / 0                 0 / 0                 0 / 0                 0 / 0           ops/s
[2020-07-12T01:17:08.926+0000][5284][gc,stats    ]      Memory: Page Cache Flush                                  0 / 0                 0 / 0                 0 / 0                 0 / 0           MB/s
[2020-07-12T01:17:08.926+0000][5284][gc,stats    ]      Memory: Page Cache Hit L1                                 0 / 0                43 / 124              42 / 124              42 / 124         ops/s
[2020-07-12T01:17:08.926+0000][5284][gc,stats    ]      Memory: Page Cache Hit L2                                 0 / 0                 0 / 0                 0 / 0                 0 / 0           ops/s
[2020-07-12T01:17:08.926+0000][5284][gc,stats    ]      Memory: Page Cache Hit L3                                 0 / 0                 0 / 1                 0 / 96                0 / 96          ops/s
[2020-07-12T01:17:08.926+0000][5284][gc,stats    ]      Memory: Page Cache Miss                                   0 / 0                 0 / 0                 0 / 0                 0 / 0           ops/s
[2020-07-12T01:17:08.926+0000][5284][gc,stats    ]      Memory: Uncommit                                          0 / 0                 0 / 0                 0 / 0                 0 / 0           MB/s
[2020-07-12T01:17:08.926+0000][5284][gc,stats    ]      Memory: Undo Object Allocation Failed                     0 / 0                 0 / 0                 0 / 0                 0 / 0           ops/s
[2020-07-12T01:17:08.926+0000][5284][gc,stats    ]      Memory: Undo Object Allocation Succeeded                  0 / 0                 0 / 12                0 / 12                0 / 12          ops/s
[2020-07-12T01:17:08.926+0000][5284][gc,stats    ]      Memory: Undo Page Allocation                              0 / 0                 0 / 0                 0 / 0                 0 / 0           ops/s
[2020-07-12T01:17:08.926+0000][5284][gc,stats    ]       Phase: Concurrent Mark                               0.000 / 0.000        48.718 / 72.502       48.432 / 77.269       48.432 / 77.269      ms
[2020-07-12T01:17:08.926+0000][5284][gc,stats    ]       Phase: Concurrent Mark Continue                      0.000 / 0.000         0.000 / 0.000         0.000 / 0.000         0.000 / 0.000       ms
[2020-07-12T01:17:08.926+0000][5284][gc,stats    ]       Phase: Concurrent Process Non-Strong References      0.000 / 0.000        27.824 / 42.104       26.589 / 42.104       26.589 / 42.104      ms
[2020-07-12T01:17:08.926+0000][5284][gc,stats    ]       Phase: Concurrent Relocate                           0.000 / 0.000         1.303 / 5.509         1.685 / 18.136        1.685 / 18.136      ms
[2020-07-12T01:17:08.926+0000][5284][gc,stats    ]       Phase: Concurrent Reset Relocation Set               0.000 / 0.000         0.004 / 0.006         0.004 / 0.015         0.004 / 0.015       ms
[2020-07-12T01:17:08.926+0000][5284][gc,stats    ]       Phase: Concurrent Select Relocation Set              0.000 / 0.000         1.014 / 1.432         1.060 / 5.622         1.060 / 5.622       ms
[2020-07-12T01:17:08.926+0000][5284][gc,stats    ]       Phase: Pause Mark End                                0.000 / 0.000         0.351 / 0.654         0.345 / 0.654         0.345 / 0.654       ms
[2020-07-12T01:17:08.926+0000][5284][gc,stats    ]       Phase: Pause Mark Start                              0.000 / 0.000         0.177 / 0.724         0.183 / 0.724         0.183 / 0.724       ms
[2020-07-12T01:17:08.926+0000][5284][gc,stats    ]       Phase: Pause Relocate Start                          0.000 / 0.000         0.125 / 0.586         0.136 / 1.014         0.136 / 1.014       ms
[2020-07-12T01:17:08.926+0000][5284][gc,stats    ]    Subphase: Concurrent Classes Purge                      0.000 / 0.000         0.838 / 8.877         0.794 / 8.877         0.794 / 8.877       ms
[2020-07-12T01:17:08.926+0000][5284][gc,stats    ]    Subphase: Concurrent Classes Unlink                     0.000 / 0.000        25.217 / 38.550       24.026 / 38.550       24.026 / 38.550      ms
[2020-07-12T01:17:08.926+0000][5284][gc,stats    ]    Subphase: Concurrent Mark                               0.000 / 0.000        47.885 / 70.416       47.628 / 76.517       47.628 / 76.517      ms
[2020-07-12T01:17:08.926+0000][5284][gc,stats    ]    Subphase: Concurrent Mark Idle                          0.000 / 0.000         0.000 / 0.000         0.000 / 0.000         0.000 / 0.000       ms
[2020-07-12T01:17:08.926+0000][5284][gc,stats    ]    Subphase: Concurrent Mark Try Flush                     0.000 / 0.000         0.124 / 4.734         0.128 / 4.734         0.128 / 4.734       ms
[2020-07-12T01:17:08.927+0000][5284][gc,stats    ]    Subphase: Concurrent Mark Try Terminate                 0.000 / 0.000         0.085 / 4.736         0.083 / 4.736         0.083 / 4.736       ms
[2020-07-12T01:17:08.927+0000][5284][gc,stats    ]    Subphase: Concurrent References Enqueue                 0.000 / 0.000         0.001 / 0.004         0.001 / 0.004         0.001 / 0.004       ms
[2020-07-12T01:17:08.927+0000][5284][gc,stats    ]    Subphase: Concurrent References Process                 0.000 / 0.000         0.529 / 0.982         0.526 / 1.144         0.526 / 1.144       ms
[2020-07-12T01:17:08.927+0000][5284][gc,stats    ]    Subphase: Concurrent Roots                              0.000 / 0.000         0.331 / 1.449         0.320 / 1.449         0.320 / 1.449       ms
[2020-07-12T01:17:08.927+0000][5284][gc,stats    ]    Subphase: Concurrent Roots ClassLoaderDataGraph         0.000 / 0.000         0.324 / 1.421         0.313 / 1.421         0.313 / 1.421       ms
[2020-07-12T01:17:08.927+0000][5284][gc,stats    ]    Subphase: Concurrent Roots JNIHandles                   0.000 / 0.000         0.004 / 0.017         0.004 / 0.017         0.004 / 0.017       ms
[2020-07-12T01:17:08.927+0000][5284][gc,stats    ]    Subphase: Concurrent Roots Setup                        0.000 / 0.000         0.198 / 0.465         0.191 / 0.465         0.191 / 0.465       ms
[2020-07-12T01:17:08.927+0000][5284][gc,stats    ]    Subphase: Concurrent Roots Teardown                     0.000 / 0.000         0.000 / 0.002         0.000 / 0.002         0.000 / 0.002       ms
[2020-07-12T01:17:08.927+0000][5284][gc,stats    ]    Subphase: Concurrent Roots VMHandles                    0.000 / 0.000         0.000 / 0.000         0.000 / 0.000         0.000 / 0.000       ms
[2020-07-12T01:17:08.927+0000][5284][gc,stats    ]    Subphase: Concurrent Weak Roots                         0.000 / 0.000         0.917 / 1.534         0.909 / 1.534         0.909 / 1.534       ms
[2020-07-12T01:17:08.927+0000][5284][gc,stats    ]    Subphase: Concurrent Weak Roots JNIWeakHandles          0.000 / 0.000         0.001 / 0.001         0.001 / 0.004         0.001 / 0.004       ms
[2020-07-12T01:17:08.927+0000][5284][gc,stats    ]    Subphase: Concurrent Weak Roots ResolvedMethodTable     0.000 / 0.000         0.095 / 0.140         0.095 / 0.181         0.095 / 0.181       ms
[2020-07-12T01:17:08.927+0000][5284][gc,stats    ]    Subphase: Concurrent Weak Roots StringTable             0.000 / 0.000         0.760 / 1.341         0.753 / 1.341         0.753 / 1.341       ms
[2020-07-12T01:17:08.927+0000][5284][gc,stats    ]    Subphase: Concurrent Weak Roots VMWeakHandles           0.000 / 0.000         0.058 / 0.125         0.057 / 0.125         0.057 / 0.125       ms
[2020-07-12T01:17:08.927+0000][5284][gc,stats    ]    Subphase: Pause Mark Try Complete                       0.000 / 0.000         0.160 / 0.214         0.156 / 0.214         0.156 / 0.214       ms
[2020-07-12T01:17:08.927+0000][5284][gc,stats    ]    Subphase: Pause Roots                                   0.000 / 0.000         0.037 / 0.285         0.039 / 0.936         0.039 / 0.936       ms
[2020-07-12T01:17:08.927+0000][5284][gc,stats    ]    Subphase: Pause Roots CodeCache                         0.000 / 0.000         0.000 / 0.000         0.000 / 0.000         0.000 / 0.000       ms
[2020-07-12T01:17:08.927+0000][5284][gc,stats    ]    Subphase: Pause Roots JVMTIExport                       0.000 / 0.000         0.002 / 0.008         0.002 / 0.008         0.002 / 0.008       ms
[2020-07-12T01:17:08.927+0000][5284][gc,stats    ]    Subphase: Pause Roots JVMTIWeakExport                   0.000 / 0.000         0.001 / 0.001         0.001 / 0.001         0.001 / 0.001       ms
[2020-07-12T01:17:08.927+0000][5284][gc,stats    ]    Subphase: Pause Roots Management                        0.000 / 0.000         0.001 / 0.009         0.001 / 0.009         0.001 / 0.009       ms
[2020-07-12T01:17:08.927+0000][5284][gc,stats    ]    Subphase: Pause Roots ObjectSynchronizer                0.000 / 0.000         0.000 / 0.001         0.000 / 0.001         0.000 / 0.001       ms
[2020-07-12T01:17:08.927+0000][5284][gc,stats    ]    Subphase: Pause Roots Setup                             0.000 / 0.000         0.001 / 0.036         0.001 / 0.036         0.001 / 0.036       ms
[2020-07-12T01:17:08.927+0000][5284][gc,stats    ]    Subphase: Pause Roots SystemDictionary                  0.000 / 0.000         0.012 / 0.042         0.012 / 0.042         0.012 / 0.042       ms
[2020-07-12T01:17:08.927+0000][5284][gc,stats    ]    Subphase: Pause Roots Teardown                          0.000 / 0.000         0.001 / 0.013         0.001 / 0.013         0.001 / 0.013       ms
[2020-07-12T01:17:08.927+0000][5284][gc,stats    ]    Subphase: Pause Roots Threads                           0.000 / 0.000         0.043 / 0.235         0.045 / 0.913         0.045 / 0.913       ms
[2020-07-12T01:17:08.927+0000][5284][gc,stats    ]    Subphase: Pause Roots Universe                          0.000 / 0.000         0.002 / 0.011         0.002 / 0.011         0.002 / 0.011       ms
[2020-07-12T01:17:08.927+0000][5284][gc,stats    ]    Subphase: Pause Weak Roots                              0.000 / 0.000         0.010 / 0.087         0.010 / 0.087         0.010 / 0.087       ms
[2020-07-12T01:17:08.927+0000][5284][gc,stats    ]    Subphase: Pause Weak Roots JFRWeak                      0.000 / 0.000         0.048 / 0.084         0.047 / 0.084         0.047 / 0.084       ms
[2020-07-12T01:17:08.927+0000][5284][gc,stats    ]    Subphase: Pause Weak Roots JVMTIWeakExport              0.000 / 0.000         0.001 / 0.002         0.001 / 0.002         0.001 / 0.002       ms
[2020-07-12T01:17:08.927+0000][5284][gc,stats    ]    Subphase: Pause Weak Roots Setup                        0.000 / 0.000         0.000 / 0.001         0.000 / 0.001         0.000 / 0.001       ms
[2020-07-12T01:17:08.927+0000][5284][gc,stats    ]    Subphase: Pause Weak Roots Teardown                     0.000 / 0.000         0.000 / 0.000         0.000 / 0.000         0.000 / 0.000       ms
[2020-07-12T01:17:08.927+0000][5284][gc,stats    ]      System: Java Threads                                      0 / 0                36 / 37               36 / 38               36 / 38          threads
[2020-07-12T01:17:08.927+0000][5284][gc,stats    ] =========================================================================================================================================================
