[2020-07-12T00:30:56.407+0000][12883][gc,heap] Heap region size: 2M
[2020-07-12T00:30:56.407+0000][12883][gc,heap] Minimum heap 4294967296  Initial heap 4294967296  Maximum heap 4294967296
[2020-07-12T00:30:56.407+0000][12883][gc,heap,coops] Heap address: 0x0000000700000000, size: 4096 MB, Compressed Oops mode: Zero based, Oop shift amount: 3
[2020-07-12T00:30:56.419+0000][12883][gc           ] Using G1
[2020-07-12T00:30:56.419+0000][12883][gc,cds       ] Mark closed archive regions in map: [0x00000007ffe00000, 0x00000007ffe7eff8]
[2020-07-12T00:30:56.419+0000][12883][gc,cds       ] Mark open archive regions in map: [0x00000007ffd00000, 0x00000007ffd51ff8]
[2020-07-12T00:30:56.428+0000][12883][gc           ] Periodic GC disabled
[2020-07-12T00:30:57.288+0000][12883][safepoint    ] Safepoint "RedefineClasses", Time since last: 855125266 ns, Reaching safepoint: 328738 ns, At safepoint: 8678079 ns, Total: 9006817 ns
[2020-07-12T00:30:57.491+0000][12883][safepoint    ] Safepoint "JFRCheckpoint", Time since last: 202800221 ns, Reaching safepoint: 151875 ns, At safepoint: 10014 ns, Total: 161889 ns
[2020-07-12T00:30:57.503+0000][12883][safepoint    ] Safepoint "JFROldObject", Time since last: 10383264 ns, Reaching safepoint: 911499 ns, At safepoint: 11631 ns, Total: 923130 ns
[2020-07-12T00:30:57.517+0000][12883][safepoint    ] Safepoint "ClassLoaderStatsOperation", Time since last: 13859196 ns, Reaching safepoint: 620009 ns, At safepoint: 330760 ns, Total: 950769 ns
[2020-07-12T00:30:57.807+0000][12883][gc,heap      ] GC(0) Heap before GC invocations=0 (full 0): garbage-first heap   total 4194304K, used 48964K [0x0000000700000000, 0x0000000800000000)
[2020-07-12T00:30:57.807+0000][12883][gc,heap      ] GC(0)   region size 2048K, 24 young (49152K), 0 survivors (0K)
[2020-07-12T00:30:57.807+0000][12883][gc,heap      ] GC(0)  Metaspace       used 20571K, capacity 20972K, committed 21248K, reserved 1067008K
[2020-07-12T00:30:57.807+0000][12883][gc,heap      ] GC(0)   class space    used 2904K, capacity 3034K, committed 3072K, reserved 1048576K
[2020-07-12T00:30:57.807+0000][12883][gc,start     ] GC(0) Pause Young (Concurrent Start) (Metadata GC Threshold)
[2020-07-12T00:30:57.808+0000][12883][gc,task      ] GC(0) Using 8 workers of 8 for evacuation
[2020-07-12T00:30:57.808+0000][12883][gc,age       ] GC(0) Desired survivor size 13631488 bytes, new threshold 15 (max threshold 15)
[2020-07-12T00:30:57.812+0000][12883][gc,age       ] GC(0) Age table with threshold 15 (max threshold 15)
[2020-07-12T00:30:57.813+0000][12883][gc,age       ] GC(0) - age   1:    9197992 bytes,    9197992 total
[2020-07-12T00:30:57.813+0000][12883][gc,phases    ] GC(0)   Pre Evacuate Collection Set: 0.2ms
[2020-07-12T00:30:57.813+0000][12883][gc,phases    ] GC(0)   Merge Heap Roots: 0.1ms
[2020-07-12T00:30:57.813+0000][12883][gc,phases    ] GC(0)   Evacuate Collection Set: 3.8ms
[2020-07-12T00:30:57.813+0000][12883][gc,phases    ] GC(0)   Post Evacuate Collection Set: 0.5ms
[2020-07-12T00:30:57.813+0000][12883][gc,phases    ] GC(0)   Other: 0.9ms
[2020-07-12T00:30:57.813+0000][12883][gc,heap      ] GC(0) Eden regions: 24->0(97)
[2020-07-12T00:30:57.813+0000][12883][gc,heap      ] GC(0) Survivor regions: 0->5(13)
[2020-07-12T00:30:57.813+0000][12883][gc,heap      ] GC(0) Old regions: 0->0
[2020-07-12T00:30:57.813+0000][12883][gc,heap      ] GC(0) Archive regions: 2->2
[2020-07-12T00:30:57.813+0000][12883][gc,heap      ] GC(0) Humongous regions: 0->0
[2020-07-12T00:30:57.813+0000][12883][gc,metaspace ] GC(0) Metaspace: 20571K(21248K)->20571K(21248K) NonClass: 17666K(18176K)->17666K(18176K) Class: 2904K(3072K)->2904K(3072K)
[2020-07-12T00:30:57.813+0000][12883][gc,heap      ] GC(0) Heap after GC invocations=1 (full 0): garbage-first heap   total 4194304K, used 10982K [0x0000000700000000, 0x0000000800000000)
[2020-07-12T00:30:57.813+0000][12883][gc,heap      ] GC(0)   region size 2048K, 5 young (10240K), 5 survivors (10240K)
[2020-07-12T00:30:57.813+0000][12883][gc,heap      ] GC(0)  Metaspace       used 20571K, capacity 20972K, committed 21248K, reserved 1067008K
[2020-07-12T00:30:57.813+0000][12883][gc,heap      ] GC(0)   class space    used 2904K, capacity 3034K, committed 3072K, reserved 1048576K
[2020-07-12T00:30:57.813+0000][12883][gc           ] GC(0) Pause Young (Concurrent Start) (Metadata GC Threshold) 49M->10M(4096M) 5.589ms
[2020-07-12T00:30:57.813+0000][12883][gc,cpu       ] GC(0) User=0.03s Sys=0.00s Real=0.01s
[2020-07-12T00:30:57.813+0000][12883][safepoint    ] Safepoint "CollectForMetadataAllocation", Time since last: 289397563 ns, Reaching safepoint: 141659 ns, At safepoint: 5694812 ns, Total: 5836471 ns
[2020-07-12T00:30:57.813+0000][12883][gc           ] GC(1) Concurrent Cycle
[2020-07-12T00:30:57.813+0000][12883][gc,marking   ] GC(1) Concurrent Clear Claimed Marks
[2020-07-12T00:30:57.813+0000][12883][gc,marking   ] GC(1) Concurrent Clear Claimed Marks 0.035ms
[2020-07-12T00:30:57.813+0000][12883][gc,marking   ] GC(1) Concurrent Scan Root Regions
[2020-07-12T00:30:57.818+0000][12883][gc,marking   ] GC(1) Concurrent Scan Root Regions 4.743ms
[2020-07-12T00:30:57.818+0000][12883][gc,marking   ] GC(1) Concurrent Mark (1.413s)
[2020-07-12T00:30:57.818+0000][12883][gc,marking   ] GC(1) Concurrent Mark From Roots
[2020-07-12T00:30:57.818+0000][12883][gc,task      ] GC(1) Using 2 workers of 2 for marking
[2020-07-12T00:30:57.819+0000][12883][gc,marking   ] GC(1) Concurrent Mark From Roots 1.172ms
[2020-07-12T00:30:57.819+0000][12883][gc,marking   ] GC(1) Concurrent Preclean
[2020-07-12T00:30:57.819+0000][12883][gc,marking   ] GC(1) Concurrent Preclean 0.048ms
[2020-07-12T00:30:57.819+0000][12883][gc,marking   ] GC(1) Concurrent Mark (1.413s, 1.414s) 1.241ms
[2020-07-12T00:30:57.819+0000][12883][gc,start     ] GC(1) Pause Remark
[2020-07-12T00:30:57.822+0000][12883][gc           ] GC(1) Pause Remark 13M->13M(4096M) 2.950ms
[2020-07-12T00:30:57.822+0000][12883][gc,cpu       ] GC(1) User=0.00s Sys=0.00s Real=0.01s
[2020-07-12T00:30:57.822+0000][12883][safepoint    ] Safepoint "G1Concurrent", Time since last: 6113432 ns, Reaching safepoint: 84927 ns, At safepoint: 2981693 ns, Total: 3066620 ns
[2020-07-12T00:30:57.822+0000][12883][gc,marking   ] GC(1) Concurrent Rebuild Remembered Sets
[2020-07-12T00:30:57.822+0000][12883][gc,marking   ] GC(1) Concurrent Rebuild Remembered Sets 0.532ms
[2020-07-12T00:30:57.823+0000][12883][gc,start     ] GC(1) Pause Cleanup
[2020-07-12T00:30:57.824+0000][12883][gc           ] GC(1) Pause Cleanup 14M->14M(4096M) 0.244ms
[2020-07-12T00:30:57.824+0000][12883][gc,cpu       ] GC(1) User=0.00s Sys=0.00s Real=0.00s
[2020-07-12T00:30:57.824+0000][12883][safepoint    ] Safepoint "G1Concurrent", Time since last: 578901 ns, Reaching safepoint: 816602 ns, At safepoint: 276737 ns, Total: 1093339 ns
[2020-07-12T00:30:57.824+0000][12883][gc,marking   ] GC(1) Concurrent Cleanup for Next Mark
[2020-07-12T00:30:57.833+0000][12883][gc,marking   ] GC(1) Concurrent Cleanup for Next Mark 9.365ms
[2020-07-12T00:30:57.833+0000][12883][gc           ] GC(1) Concurrent Cycle 20.243ms
[2020-07-12T00:30:58.309+0000][12883][safepoint    ] Safepoint "ICBufferFull", Time since last: 484191902 ns, Reaching safepoint: 803896 ns, At safepoint: 12880 ns, Total: 816776 ns
[2020-07-12T00:30:58.672+0000][12883][safepoint    ] Safepoint "ICBufferFull", Time since last: 362954739 ns, Reaching safepoint: 205822 ns, At safepoint: 12219 ns, Total: 218041 ns
[2020-07-12T00:30:58.989+0000][12883][safepoint    ] Safepoint "ICBufferFull", Time since last: 316973591 ns, Reaching safepoint: 188650 ns, At safepoint: 11921 ns, Total: 200571 ns
[2020-07-12T00:30:59.237+0000][12883][safepoint    ] Safepoint "ICBufferFull", Time since last: 247579994 ns, Reaching safepoint: 234947 ns, At safepoint: 13876 ns, Total: 248823 ns
[2020-07-12T00:30:59.529+0000][12883][safepoint    ] Safepoint "ICBufferFull", Time since last: 291148112 ns, Reaching safepoint: 800093 ns, At safepoint: 12772 ns, Total: 812865 ns
[2020-07-12T00:30:59.911+0000][12883][safepoint    ] Safepoint "ICBufferFull", Time since last: 381284549 ns, Reaching safepoint: 819789 ns, At safepoint: 11045 ns, Total: 830834 ns
[2020-07-12T00:31:00.210+0000][12883][safepoint    ] Safepoint "ICBufferFull", Time since last: 298324221 ns, Reaching safepoint: 791728 ns, At safepoint: 14403 ns, Total: 806131 ns
[2020-07-12T00:31:00.530+0000][12883][safepoint    ] Safepoint "ICBufferFull", Time since last: 319551220 ns, Reaching safepoint: 532862 ns, At safepoint: 12109 ns, Total: 544971 ns
[2020-07-12T00:31:00.565+0000][12883][gc,heap      ] GC(2) Heap before GC invocations=2 (full 0): garbage-first heap   total 4194304K, used 178918K [0x0000000700000000, 0x0000000800000000)
[2020-07-12T00:31:00.565+0000][12883][gc,heap      ] GC(2)   region size 2048K, 88 young (180224K), 5 survivors (10240K)
[2020-07-12T00:31:00.565+0000][12883][gc,heap      ] GC(2)  Metaspace       used 34783K, capacity 35506K, committed 35584K, reserved 1079296K
[2020-07-12T00:31:00.565+0000][12883][gc,heap      ] GC(2)   class space    used 4998K, capacity 5337K, committed 5376K, reserved 1048576K
[2020-07-12T00:31:00.565+0000][12883][gc,start     ] GC(2) Pause Young (Concurrent Start) (Metadata GC Threshold)
[2020-07-12T00:31:00.565+0000][12883][gc,task      ] GC(2) Using 8 workers of 8 for evacuation
[2020-07-12T00:31:00.565+0000][12883][gc,age       ] GC(2) Desired survivor size 13631488 bytes, new threshold 15 (max threshold 15)
[2020-07-12T00:31:00.575+0000][12883][gc,age       ] GC(2) Age table with threshold 15 (max threshold 15)
[2020-07-12T00:31:00.575+0000][12883][gc,age       ] GC(2) - age   1:    6312304 bytes,    6312304 total
[2020-07-12T00:31:00.575+0000][12883][gc,age       ] GC(2) - age   2:    9005632 bytes,   15317936 total
[2020-07-12T00:31:00.575+0000][12883][gc,phases    ] GC(2)   Pre Evacuate Collection Set: 0.3ms
[2020-07-12T00:31:00.575+0000][12883][gc,phases    ] GC(2)   Merge Heap Roots: 0.1ms
[2020-07-12T00:31:00.575+0000][12883][gc,phases    ] GC(2)   Evacuate Collection Set: 8.6ms
[2020-07-12T00:31:00.575+0000][12883][gc,phases    ] GC(2)   Post Evacuate Collection Set: 1.0ms
[2020-07-12T00:31:00.575+0000][12883][gc,phases    ] GC(2)   Other: 0.2ms
[2020-07-12T00:31:00.575+0000][12883][gc,heap      ] GC(2) Eden regions: 83->0(94)
[2020-07-12T00:31:00.575+0000][12883][gc,heap      ] GC(2) Survivor regions: 5->8(13)
[2020-07-12T00:31:00.575+0000][12883][gc,heap      ] GC(2) Old regions: 0->0
[2020-07-12T00:31:00.575+0000][12883][gc,heap      ] GC(2) Archive regions: 2->2
[2020-07-12T00:31:00.575+0000][12883][gc,heap      ] GC(2) Humongous regions: 0->0
[2020-07-12T00:31:00.575+0000][12883][gc,metaspace ] GC(2) Metaspace: 34783K(35584K)->34783K(35584K) NonClass: 29784K(30208K)->29784K(30208K) Class: 4998K(5376K)->4998K(5376K)
[2020-07-12T00:31:00.575+0000][12883][gc,heap      ] GC(2) Heap after GC invocations=3 (full 0): garbage-first heap   total 4194304K, used 17523K [0x0000000700000000, 0x0000000800000000)
[2020-07-12T00:31:00.575+0000][12883][gc,heap      ] GC(2)   region size 2048K, 8 young (16384K), 8 survivors (16384K)
[2020-07-12T00:31:00.575+0000][12883][gc,heap      ] GC(2)  Metaspace       used 34783K, capacity 35506K, committed 35584K, reserved 1079296K
[2020-07-12T00:31:00.575+0000][12883][gc,heap      ] GC(2)   class space    used 4998K, capacity 5337K, committed 5376K, reserved 1048576K
[2020-07-12T00:31:00.575+0000][12883][gc           ] GC(2) Pause Young (Concurrent Start) (Metadata GC Threshold) 175M->17M(4096M) 10.325ms
[2020-07-12T00:31:00.575+0000][12883][gc,cpu       ] GC(2) User=0.03s Sys=0.00s Real=0.01s
[2020-07-12T00:31:00.575+0000][12883][safepoint    ] Safepoint "CollectForMetadataAllocation", Time since last: 34098605 ns, Reaching safepoint: 922153 ns, At safepoint: 10429275 ns, Total: 11351428 ns
[2020-07-12T00:31:00.575+0000][12883][gc           ] GC(3) Concurrent Cycle
[2020-07-12T00:31:00.575+0000][12883][gc,marking   ] GC(3) Concurrent Clear Claimed Marks
[2020-07-12T00:31:00.576+0000][12883][gc,marking   ] GC(3) Concurrent Clear Claimed Marks 0.074ms
[2020-07-12T00:31:00.576+0000][12883][gc,marking   ] GC(3) Concurrent Scan Root Regions
[2020-07-12T00:31:00.581+0000][12883][gc,marking   ] GC(3) Concurrent Scan Root Regions 5.404ms
[2020-07-12T00:31:00.581+0000][12883][gc,marking   ] GC(3) Concurrent Mark (4.176s)
[2020-07-12T00:31:00.581+0000][12883][gc,marking   ] GC(3) Concurrent Mark From Roots
[2020-07-12T00:31:00.581+0000][12883][gc,task      ] GC(3) Using 2 workers of 2 for marking
[2020-07-12T00:31:00.583+0000][12883][gc,marking   ] GC(3) Concurrent Mark From Roots 1.548ms
[2020-07-12T00:31:00.583+0000][12883][gc,marking   ] GC(3) Concurrent Preclean
[2020-07-12T00:31:00.583+0000][12883][gc,marking   ] GC(3) Concurrent Preclean 0.052ms
[2020-07-12T00:31:00.583+0000][12883][gc,marking   ] GC(3) Concurrent Mark (4.176s, 4.178s) 1.663ms
[2020-07-12T00:31:00.583+0000][12883][gc,start     ] GC(3) Pause Remark
[2020-07-12T00:31:00.586+0000][12883][gc           ] GC(3) Pause Remark 20M->20M(4096M) 3.434ms
[2020-07-12T00:31:00.586+0000][12883][gc,cpu       ] GC(3) User=0.00s Sys=0.00s Real=0.00s
[2020-07-12T00:31:00.586+0000][12883][safepoint    ] Safepoint "G1Concurrent", Time since last: 7215185 ns, Reaching safepoint: 277640 ns, At safepoint: 3484273 ns, Total: 3761913 ns
[2020-07-12T00:31:00.587+0000][12883][gc,marking   ] GC(3) Concurrent Rebuild Remembered Sets
[2020-07-12T00:31:00.587+0000][12883][gc,marking   ] GC(3) Concurrent Rebuild Remembered Sets 0.590ms
[2020-07-12T00:31:00.590+0000][12883][gc,start     ] GC(3) Pause Cleanup
[2020-07-12T00:31:00.590+0000][12883][gc           ] GC(3) Pause Cleanup 20M->20M(4096M) 0.266ms
[2020-07-12T00:31:00.590+0000][12883][gc,cpu       ] GC(3) User=0.00s Sys=0.00s Real=0.00s
[2020-07-12T00:31:00.590+0000][12883][safepoint    ] Safepoint "G1Concurrent", Time since last: 676534 ns, Reaching safepoint: 2468316 ns, At safepoint: 303081 ns, Total: 2771397 ns
[2020-07-12T00:31:00.590+0000][12883][gc,marking   ] GC(3) Concurrent Cleanup for Next Mark
[2020-07-12T00:31:00.600+0000][12883][gc,marking   ] GC(3) Concurrent Cleanup for Next Mark 10.138ms
[2020-07-12T00:31:00.600+0000][12883][gc           ] GC(3) Concurrent Cycle 24.632ms
[2020-07-12T00:31:00.971+0000][12883][safepoint    ] Safepoint "ICBufferFull", Time since last: 381209705 ns, Reaching safepoint: 253254 ns, At safepoint: 10383 ns, Total: 263637 ns
[2020-07-12T00:31:01.540+0000][12883][safepoint    ] Safepoint "ICBufferFull", Time since last: 568779032 ns, Reaching safepoint: 287363 ns, At safepoint: 12114 ns, Total: 299477 ns
[2020-07-12T00:31:01.963+0000][12883][safepoint    ] Safepoint "ICBufferFull", Time since last: 421544664 ns, Reaching safepoint: 687443 ns, At safepoint: 11140 ns, Total: 698583 ns
[2020-07-12T00:31:02.480+0000][12883][safepoint    ] Safepoint "ICBufferFull", Time since last: 516619247 ns, Reaching safepoint: 192075 ns, At safepoint: 11399 ns, Total: 203474 ns
[2020-07-12T00:31:02.714+0000][12883][safepoint    ] Safepoint "ICBufferFull", Time since last: 233690195 ns, Reaching safepoint: 743991 ns, At safepoint: 12118 ns, Total: 756109 ns
[2020-07-12T00:31:03.016+0000][12883][safepoint    ] Safepoint "ICBufferFull", Time since last: 301710359 ns, Reaching safepoint: 247159 ns, At safepoint: 13650 ns, Total: 260809 ns
[2020-07-12T00:31:03.225+0000][12883][safepoint    ] Safepoint "ICBufferFull", Time since last: 208714686 ns, Reaching safepoint: 319895 ns, At safepoint: 9458 ns, Total: 329353 ns
[2020-07-12T00:31:03.277+0000][12883][gc,heap      ] GC(4) Heap before GC invocations=4 (full 0): garbage-first heap   total 4194304K, used 207987K [0x0000000700000000, 0x0000000800000000)
[2020-07-12T00:31:03.277+0000][12883][gc,heap      ] GC(4)   region size 2048K, 102 young (208896K), 8 survivors (16384K)
[2020-07-12T00:31:03.277+0000][12883][gc,heap      ] GC(4)  Metaspace       used 53195K, capacity 54316K, committed 54528K, reserved 1095680K
[2020-07-12T00:31:03.277+0000][12883][gc,heap      ] GC(4)   class space    used 7359K, capacity 7875K, committed 7936K, reserved 1048576K
[2020-07-12T00:31:03.277+0000][12883][gc,start     ] GC(4) Pause Young (Normal) (G1 Evacuation Pause)
[2020-07-12T00:31:03.277+0000][12883][gc,task      ] GC(4) Using 8 workers of 8 for evacuation
[2020-07-12T00:31:03.277+0000][12883][gc,age       ] GC(4) Desired survivor size 13631488 bytes, new threshold 2 (max threshold 15)
[2020-07-12T00:31:03.286+0000][12883][gc,age       ] GC(4) Age table with threshold 2 (max threshold 15)
[2020-07-12T00:31:03.286+0000][12883][gc,age       ] GC(4) - age   1:    5723624 bytes,    5723624 total
[2020-07-12T00:31:03.286+0000][12883][gc,age       ] GC(4) - age   2:    5672512 bytes,   11396136 total
[2020-07-12T00:31:03.286+0000][12883][gc,phases    ] GC(4)   Pre Evacuate Collection Set: 0.2ms
[2020-07-12T00:31:03.286+0000][12883][gc,phases    ] GC(4)   Merge Heap Roots: 0.1ms
[2020-07-12T00:31:03.286+0000][12883][gc,phases    ] GC(4)   Evacuate Collection Set: 7.7ms
[2020-07-12T00:31:03.286+0000][12883][gc,phases    ] GC(4)   Post Evacuate Collection Set: 0.7ms
[2020-07-12T00:31:03.286+0000][12883][gc,phases    ] GC(4)   Other: 0.2ms
[2020-07-12T00:31:03.286+0000][12883][gc,heap      ] GC(4) Eden regions: 94->0(276)
[2020-07-12T00:31:03.286+0000][12883][gc,heap      ] GC(4) Survivor regions: 8->6(13)
[2020-07-12T00:31:03.286+0000][12883][gc,heap      ] GC(4) Old regions: 0->5
[2020-07-12T00:31:03.286+0000][12883][gc,heap      ] GC(4) Archive regions: 2->2
[2020-07-12T00:31:03.286+0000][12883][gc,heap      ] GC(4) Humongous regions: 0->0
[2020-07-12T00:31:03.286+0000][12883][gc,metaspace ] GC(4) Metaspace: 53195K(54528K)->53195K(54528K) NonClass: 45836K(46592K)->45836K(46592K) Class: 7359K(7936K)->7359K(7936K)
[2020-07-12T00:31:03.286+0000][12883][gc,heap      ] GC(4) Heap after GC invocations=5 (full 0): garbage-first heap   total 4194304K, used 23129K [0x0000000700000000, 0x0000000800000000)
[2020-07-12T00:31:03.286+0000][12883][gc,heap      ] GC(4)   region size 2048K, 6 young (12288K), 6 survivors (12288K)
[2020-07-12T00:31:03.286+0000][12883][gc,heap      ] GC(4)  Metaspace       used 53195K, capacity 54316K, committed 54528K, reserved 1095680K
[2020-07-12T00:31:03.286+0000][12883][gc,heap      ] GC(4)   class space    used 7359K, capacity 7875K, committed 7936K, reserved 1048576K
[2020-07-12T00:31:03.286+0000][12883][gc           ] GC(4) Pause Young (Normal) (G1 Evacuation Pause) 205M->22M(4096M) 8.758ms
[2020-07-12T00:31:03.286+0000][12883][gc,cpu       ] GC(4) User=0.05s Sys=0.00s Real=0.01s
[2020-07-12T00:31:03.286+0000][12883][safepoint    ] Safepoint "G1CollectForAllocation", Time since last: 51765172 ns, Reaching safepoint: 409937 ns, At safepoint: 8852801 ns, Total: 9262738 ns
[2020-07-12T00:31:03.794+0000][12883][gc,heap      ] GC(5) Heap before GC invocations=5 (full 0): garbage-first heap   total 4194304K, used 68185K [0x0000000700000000, 0x0000000800000000)
[2020-07-12T00:31:03.794+0000][12883][gc,heap      ] GC(5)   region size 2048K, 29 young (59392K), 6 survivors (12288K)
[2020-07-12T00:31:03.794+0000][12883][gc,heap      ] GC(5)  Metaspace       used 58406K, capacity 59668K, committed 59736K, reserved 1099776K
[2020-07-12T00:31:03.794+0000][12883][gc,heap      ] GC(5)   class space    used 7945K, capacity 8542K, committed 8576K, reserved 1048576K
[2020-07-12T00:31:03.794+0000][12883][gc,start     ] GC(5) Pause Young (Concurrent Start) (Metadata GC Threshold)
[2020-07-12T00:31:03.794+0000][12883][gc,task      ] GC(5) Using 8 workers of 8 for evacuation
[2020-07-12T00:31:03.794+0000][12883][gc,age       ] GC(5) Desired survivor size 37748736 bytes, new threshold 15 (max threshold 15)
[2020-07-12T00:31:03.800+0000][12883][gc,age       ] GC(5) Age table with threshold 15 (max threshold 15)
[2020-07-12T00:31:03.800+0000][12883][gc,age       ] GC(5) - age   1:    2205352 bytes,    2205352 total
[2020-07-12T00:31:03.800+0000][12883][gc,age       ] GC(5) - age   2:    5268472 bytes,    7473824 total
[2020-07-12T00:31:03.800+0000][12883][gc,age       ] GC(5) - age   3:    5668288 bytes,   13142112 total
[2020-07-12T00:31:03.800+0000][12883][gc,phases    ] GC(5)   Pre Evacuate Collection Set: 0.2ms
[2020-07-12T00:31:03.800+0000][12883][gc,phases    ] GC(5)   Merge Heap Roots: 0.1ms
[2020-07-12T00:31:03.800+0000][12883][gc,phases    ] GC(5)   Evacuate Collection Set: 4.5ms
[2020-07-12T00:31:03.800+0000][12883][gc,phases    ] GC(5)   Post Evacuate Collection Set: 1.1ms
[2020-07-12T00:31:03.800+0000][12883][gc,phases    ] GC(5)   Other: 0.2ms
[2020-07-12T00:31:03.800+0000][12883][gc,heap      ] GC(5) Eden regions: 23->0(307)
[2020-07-12T00:31:03.800+0000][12883][gc,heap      ] GC(5) Survivor regions: 6->7(36)
[2020-07-12T00:31:03.800+0000][12883][gc,heap      ] GC(5) Old regions: 5->5
[2020-07-12T00:31:03.800+0000][12883][gc,heap      ] GC(5) Archive regions: 2->2
[2020-07-12T00:31:03.800+0000][12883][gc,heap      ] GC(5) Humongous regions: 0->0
[2020-07-12T00:31:03.800+0000][12883][gc,metaspace ] GC(5) Metaspace: 58406K(59736K)->58406K(59736K) NonClass: 50461K(51160K)->50461K(51160K) Class: 7945K(8576K)->7945K(8576K)
[2020-07-12T00:31:03.800+0000][12883][gc,heap      ] GC(5) Heap after GC invocations=6 (full 0): garbage-first heap   total 4194304K, used 24724K [0x0000000700000000, 0x0000000800000000)
[2020-07-12T00:31:03.800+0000][12883][gc,heap      ] GC(5)   region size 2048K, 7 young (14336K), 7 survivors (14336K)
[2020-07-12T00:31:03.800+0000][12883][gc,heap      ] GC(5)  Metaspace       used 58406K, capacity 59668K, committed 59736K, reserved 1099776K
[2020-07-12T00:31:03.800+0000][12883][gc,heap      ] GC(5)   class space    used 7945K, capacity 8542K, committed 8576K, reserved 1048576K
[2020-07-12T00:31:03.800+0000][12883][gc           ] GC(5) Pause Young (Concurrent Start) (Metadata GC Threshold) 68M->24M(4096M) 6.176ms
[2020-07-12T00:31:03.800+0000][12883][gc,cpu       ] GC(5) User=0.03s Sys=0.00s Real=0.01s
[2020-07-12T00:31:03.801+0000][12883][safepoint    ] Safepoint "CollectForMetadataAllocation", Time since last: 507926401 ns, Reaching safepoint: 291753 ns, At safepoint: 6291937 ns, Total: 6583690 ns
[2020-07-12T00:31:03.801+0000][12883][gc           ] GC(6) Concurrent Cycle
[2020-07-12T00:31:03.801+0000][12883][gc,marking   ] GC(6) Concurrent Clear Claimed Marks
[2020-07-12T00:31:03.801+0000][12883][gc,marking   ] GC(6) Concurrent Clear Claimed Marks 0.102ms
[2020-07-12T00:31:03.801+0000][12883][gc,marking   ] GC(6) Concurrent Scan Root Regions
[2020-07-12T00:31:03.806+0000][12883][gc,marking   ] GC(6) Concurrent Scan Root Regions 5.316ms
[2020-07-12T00:31:03.806+0000][12883][gc,marking   ] GC(6) Concurrent Mark (7.401s)
[2020-07-12T00:31:03.806+0000][12883][gc,marking   ] GC(6) Concurrent Mark From Roots
[2020-07-12T00:31:03.806+0000][12883][gc,task      ] GC(6) Using 2 workers of 2 for marking
[2020-07-12T00:31:03.813+0000][12883][safepoint    ] Safepoint "CollectForMetadataAllocation", Time since last: 12016831 ns, Reaching safepoint: 340879 ns, At safepoint: 23470 ns, Total: 364349 ns
[2020-07-12T00:31:03.815+0000][12883][gc,marking   ] GC(6) Concurrent Mark From Roots 9.210ms
[2020-07-12T00:31:03.815+0000][12883][gc,marking   ] GC(6) Concurrent Preclean
[2020-07-12T00:31:03.815+0000][12883][gc,marking   ] GC(6) Concurrent Preclean 0.118ms
[2020-07-12T00:31:03.815+0000][12883][gc,marking   ] GC(6) Concurrent Mark (7.401s, 7.411s) 9.358ms
[2020-07-12T00:31:03.817+0000][12883][gc,start     ] GC(6) Pause Remark
[2020-07-12T00:31:03.825+0000][12883][gc           ] GC(6) Pause Remark 32M->32M(4096M) 7.470ms
[2020-07-12T00:31:03.825+0000][12883][gc,cpu       ] GC(6) User=0.03s Sys=0.01s Real=0.01s
[2020-07-12T00:31:03.825+0000][12883][safepoint    ] Safepoint "G1Concurrent", Time since last: 2488496 ns, Reaching safepoint: 2049530 ns, At safepoint: 7532586 ns, Total: 9582116 ns
[2020-07-12T00:31:03.825+0000][12883][gc,marking   ] GC(6) Concurrent Rebuild Remembered Sets
[2020-07-12T00:31:03.830+0000][12883][gc,marking   ] GC(6) Concurrent Rebuild Remembered Sets 4.795ms
[2020-07-12T00:31:03.833+0000][12883][gc,start     ] GC(6) Pause Cleanup
[2020-07-12T00:31:03.833+0000][12883][gc           ] GC(6) Pause Cleanup 32M->32M(4096M) 0.287ms
[2020-07-12T00:31:03.833+0000][12883][gc,cpu       ] GC(6) User=0.00s Sys=0.00s Real=0.00s
[2020-07-12T00:31:03.833+0000][12883][safepoint    ] Safepoint "G1Concurrent", Time since last: 4874565 ns, Reaching safepoint: 3175267 ns, At safepoint: 339585 ns, Total: 3514852 ns
[2020-07-12T00:31:03.833+0000][12883][gc,marking   ] GC(6) Concurrent Cleanup for Next Mark
[2020-07-12T00:31:03.841+0000][12883][gc,marking   ] GC(6) Concurrent Cleanup for Next Mark 7.763ms
[2020-07-12T00:31:03.841+0000][12883][gc           ] GC(6) Concurrent Cycle 40.642ms
[2020-07-12T00:31:03.867+0000][12883][safepoint    ] Safepoint "ICBufferFull", Time since last: 33387174 ns, Reaching safepoint: 368107 ns, At safepoint: 8263 ns, Total: 376370 ns
[2020-07-12T00:31:03.945+0000][12883][safepoint    ] Safepoint "ICBufferFull", Time since last: 77386137 ns, Reaching safepoint: 217554 ns, At safepoint: 24700 ns, Total: 242254 ns
[2020-07-12T00:31:04.241+0000][12883][safepoint    ] Safepoint "ICBufferFull", Time since last: 295188722 ns, Reaching safepoint: 683462 ns, At safepoint: 13310 ns, Total: 696772 ns
[2020-07-12T00:31:04.414+0000][12883][safepoint    ] Safepoint "ICBufferFull", Time since last: 172137296 ns, Reaching safepoint: 1087682 ns, At safepoint: 15792 ns, Total: 1103474 ns
[2020-07-12T00:31:04.857+0000][12883][safepoint    ] Safepoint "ICBufferFull", Time since last: 440455753 ns, Reaching safepoint: 2442982 ns, At safepoint: 9522 ns, Total: 2452504 ns
[2020-07-12T00:31:05.039+0000][12883][safepoint    ] Safepoint "ICBufferFull", Time since last: 180792527 ns, Reaching safepoint: 942387 ns, At safepoint: 12275 ns, Total: 954662 ns
[2020-07-12T00:31:05.232+0000][12883][safepoint    ] Safepoint "ICBufferFull", Time since last: 193228438 ns, Reaching safepoint: 223670 ns, At safepoint: 10972 ns, Total: 234642 ns
[2020-07-12T00:31:05.665+0000][12883][safepoint    ] Safepoint "ICBufferFull", Time since last: 432413595 ns, Reaching safepoint: 741173 ns, At safepoint: 32101 ns, Total: 773274 ns
[2020-07-12T00:31:06.098+0000][12883][safepoint    ] Safepoint "ICBufferFull", Time since last: 431648102 ns, Reaching safepoint: 750789 ns, At safepoint: 10427 ns, Total: 761216 ns
[2020-07-12T00:31:07.098+0000][12883][safepoint    ] Safepoint "Cleanup", Time since last: 1000194217 ns, Reaching safepoint: 61354 ns, At safepoint: 1420 ns, Total: 62774 ns
[2020-07-12T00:31:08.098+0000][12883][safepoint    ] Safepoint "Cleanup", Time since last: 1000360430 ns, Reaching safepoint: 56888 ns, At safepoint: 1511 ns, Total: 58399 ns
[2020-07-12T00:31:09.099+0000][12883][safepoint    ] Safepoint "Cleanup", Time since last: 1000371558 ns, Reaching safepoint: 48701 ns, At safepoint: 1434 ns, Total: 50135 ns
[2020-07-12T00:31:10.099+0000][12883][safepoint    ] Safepoint "Cleanup", Time since last: 1000145135 ns, Reaching safepoint: 52018 ns, At safepoint: 1166 ns, Total: 53184 ns
[2020-07-12T00:31:14.744+0000][12883][safepoint    ] Safepoint "ICBufferFull", Time since last: 4644538828 ns, Reaching safepoint: 600187 ns, At safepoint: 7587 ns, Total: 607774 ns
[2020-07-12T00:31:14.750+0000][12883][safepoint    ] Safepoint "ICBufferFull", Time since last: 5685927 ns, Reaching safepoint: 231539 ns, At safepoint: 13607 ns, Total: 245146 ns
[2020-07-12T00:31:14.753+0000][12883][safepoint    ] Safepoint "ICBufferFull", Time since last: 2234212 ns, Reaching safepoint: 629699 ns, At safepoint: 10681 ns, Total: 640380 ns
[2020-07-12T00:31:14.798+0000][12883][safepoint    ] Safepoint "ICBufferFull", Time since last: 43736956 ns, Reaching safepoint: 1311141 ns, At safepoint: 13615 ns, Total: 1324756 ns
[2020-07-12T00:31:14.934+0000][12883][safepoint    ] Safepoint "ICBufferFull", Time since last: 135834353 ns, Reaching safepoint: 423704 ns, At safepoint: 11889 ns, Total: 435593 ns
[2020-07-12T00:31:15.464+0000][12883][safepoint    ] Safepoint "ICBufferFull", Time since last: 529453621 ns, Reaching safepoint: 253240 ns, At safepoint: 9039 ns, Total: 262279 ns
[2020-07-12T00:31:15.941+0000][12883][safepoint    ] Safepoint "ICBufferFull", Time since last: 476451386 ns, Reaching safepoint: 827184 ns, At safepoint: 13223 ns, Total: 840407 ns
[2020-07-12T00:31:16.512+0000][12883][safepoint    ] Safepoint "ICBufferFull", Time since last: 570095429 ns, Reaching safepoint: 544750 ns, At safepoint: 33683 ns, Total: 578433 ns
[2020-07-12T00:31:17.513+0000][12883][safepoint    ] Safepoint "Cleanup", Time since last: 1000408518 ns, Reaching safepoint: 348654 ns, At safepoint: 18509 ns, Total: 367163 ns
[2020-07-12T00:31:17.650+0000][12883][gc,heap      ] GC(7) Heap before GC invocations=7 (full 0): garbage-first heap   total 4194304K, used 755860K [0x0000000700000000, 0x0000000800000000)
[2020-07-12T00:31:17.650+0000][12883][gc,heap      ] GC(7)   region size 2048K, 365 young (747520K), 7 survivors (14336K)
[2020-07-12T00:31:17.650+0000][12883][gc,heap      ] GC(7)  Metaspace       used 85721K, capacity 88328K, committed 88612K, reserved 1126400K
[2020-07-12T00:31:17.650+0000][12883][gc,heap      ] GC(7)   class space    used 11282K, capacity 12556K, committed 12620K, reserved 1048576K
[2020-07-12T00:31:17.650+0000][12883][gc,start     ] GC(7) Pause Young (Concurrent Start) (G1 Evacuation Pause)
[2020-07-12T00:31:17.650+0000][12883][gc,task      ] GC(7) Using 8 workers of 8 for evacuation
[2020-07-12T00:31:17.650+0000][12883][gc,age       ] GC(7) Desired survivor size 48234496 bytes, new threshold 15 (max threshold 15)
[2020-07-12T00:31:17.664+0000][12883][gc,age       ] GC(7) Age table with threshold 15 (max threshold 15)
[2020-07-12T00:31:17.664+0000][12883][gc,age       ] GC(7) - age   1:    7986304 bytes,    7986304 total
[2020-07-12T00:31:17.664+0000][12883][gc,age       ] GC(7) - age   2:    1418712 bytes,    9405016 total
[2020-07-12T00:31:17.664+0000][12883][gc,age       ] GC(7) - age   3:    4955192 bytes,   14360208 total
[2020-07-12T00:31:17.664+0000][12883][gc,age       ] GC(7) - age   4:    5637272 bytes,   19997480 total
[2020-07-12T00:31:17.664+0000][12883][gc,phases    ] GC(7)   Pre Evacuate Collection Set: 0.4ms
[2020-07-12T00:31:17.664+0000][12883][gc,phases    ] GC(7)   Merge Heap Roots: 0.1ms
[2020-07-12T00:31:17.664+0000][12883][gc,phases    ] GC(7)   Evacuate Collection Set: 11.6ms
[2020-07-12T00:31:17.664+0000][12883][gc,phases    ] GC(7)   Post Evacuate Collection Set: 1.3ms
[2020-07-12T00:31:17.664+0000][12883][gc,phases    ] GC(7)   Other: 0.4ms
[2020-07-12T00:31:17.664+0000][12883][gc,heap      ] GC(7) Eden regions: 358->0(1218)
[2020-07-12T00:31:17.664+0000][12883][gc,heap      ] GC(7) Survivor regions: 7->10(46)
[2020-07-12T00:31:17.664+0000][12883][gc,heap      ] GC(7) Old regions: 5->5
[2020-07-12T00:31:17.664+0000][12883][gc,heap      ] GC(7) Archive regions: 2->2
[2020-07-12T00:31:17.664+0000][12883][gc,heap      ] GC(7) Humongous regions: 0->0
[2020-07-12T00:31:17.664+0000][12883][gc,metaspace ] GC(7) Metaspace: 85721K(88612K)->85721K(88612K) NonClass: 74438K(75992K)->74438K(75992K) Class: 11282K(12620K)->11282K(12620K)
[2020-07-12T00:31:17.664+0000][12883][gc,heap      ] GC(7) Heap after GC invocations=8 (full 0): garbage-first heap   total 4194304K, used 31321K [0x0000000700000000, 0x0000000800000000)
[2020-07-12T00:31:17.664+0000][12883][gc,heap      ] GC(7)   region size 2048K, 10 young (20480K), 10 survivors (20480K)
[2020-07-12T00:31:17.664+0000][12883][gc,heap      ] GC(7)  Metaspace       used 85721K, capacity 88328K, committed 88612K, reserved 1126400K
[2020-07-12T00:31:17.664+0000][12883][gc,heap      ] GC(7)   class space    used 11282K, capacity 12556K, committed 12620K, reserved 1048576K
[2020-07-12T00:31:17.664+0000][12883][gc           ] GC(7) Pause Young (Concurrent Start) (G1 Evacuation Pause) 740M->30M(4096M) 13.797ms
[2020-07-12T00:31:17.664+0000][12883][gc,cpu       ] GC(7) User=0.07s Sys=0.00s Real=0.02s
[2020-07-12T00:31:17.664+0000][12883][safepoint    ] Safepoint "G1CollectForAllocation", Time since last: 137370422 ns, Reaching safepoint: 274001 ns, At safepoint: 13935073 ns, Total: 14209074 ns
[2020-07-12T00:31:17.664+0000][12883][gc           ] GC(8) Concurrent Cycle
[2020-07-12T00:31:17.664+0000][12883][gc,marking   ] GC(8) Concurrent Clear Claimed Marks
[2020-07-12T00:31:17.664+0000][12883][gc,marking   ] GC(8) Concurrent Clear Claimed Marks 0.241ms
[2020-07-12T00:31:17.664+0000][12883][gc,marking   ] GC(8) Concurrent Scan Root Regions
[2020-07-12T00:31:17.674+0000][12883][gc,marking   ] GC(8) Concurrent Scan Root Regions 9.654ms
[2020-07-12T00:31:17.674+0000][12883][gc,marking   ] GC(8) Concurrent Mark (21.269s)
[2020-07-12T00:31:17.674+0000][12883][gc,marking   ] GC(8) Concurrent Mark From Roots
[2020-07-12T00:31:17.674+0000][12883][gc,task      ] GC(8) Using 2 workers of 2 for marking
[2020-07-12T00:31:17.682+0000][12883][gc,marking   ] GC(8) Concurrent Mark From Roots 7.970ms
[2020-07-12T00:31:17.682+0000][12883][gc,marking   ] GC(8) Concurrent Preclean
[2020-07-12T00:31:17.682+0000][12883][gc,marking   ] GC(8) Concurrent Preclean 0.118ms
[2020-07-12T00:31:17.682+0000][12883][gc,marking   ] GC(8) Concurrent Mark (21.269s, 21.278s) 8.122ms
[2020-07-12T00:31:17.683+0000][12883][gc,start     ] GC(8) Pause Remark
[2020-07-12T00:31:17.688+0000][12883][gc           ] GC(8) Pause Remark 42M->42M(4096M) 4.725ms
[2020-07-12T00:31:17.688+0000][12883][gc,cpu       ] GC(8) User=0.03s Sys=0.00s Real=0.00s
[2020-07-12T00:31:17.688+0000][12883][safepoint    ] Safepoint "G1Concurrent", Time since last: 18107546 ns, Reaching safepoint: 805056 ns, At safepoint: 4791326 ns, Total: 5596382 ns
[2020-07-12T00:31:17.688+0000][12883][gc,marking   ] GC(8) Concurrent Rebuild Remembered Sets
[2020-07-12T00:31:17.701+0000][12883][gc,marking   ] GC(8) Concurrent Rebuild Remembered Sets 12.732ms
[2020-07-12T00:31:17.704+0000][12883][gc,start     ] GC(8) Pause Cleanup
[2020-07-12T00:31:17.704+0000][12883][gc           ] GC(8) Pause Cleanup 44M->44M(4096M) 0.277ms
[2020-07-12T00:31:17.704+0000][12883][gc,cpu       ] GC(8) User=0.01s Sys=0.00s Real=0.00s
[2020-07-12T00:31:17.704+0000][12883][safepoint    ] Safepoint "G1Concurrent", Time since last: 12819296 ns, Reaching safepoint: 2889294 ns, At safepoint: 330407 ns, Total: 3219701 ns
[2020-07-12T00:31:17.704+0000][12883][gc,marking   ] GC(8) Concurrent Cleanup for Next Mark
[2020-07-12T00:31:17.714+0000][12883][gc,marking   ] GC(8) Concurrent Cleanup for Next Mark 9.199ms
[2020-07-12T00:31:17.714+0000][12883][gc           ] GC(8) Concurrent Cycle 49.412ms
[2020-07-12T00:31:18.712+0000][12883][safepoint    ] Safepoint "Cleanup", Time since last: 1000208089 ns, Reaching safepoint: 7489396 ns, At safepoint: 25447 ns, Total: 7514843 ns
[2020-07-12T00:31:19.716+0000][12883][safepoint    ] Safepoint "Cleanup", Time since last: 1000379604 ns, Reaching safepoint: 3707204 ns, At safepoint: 23227 ns, Total: 3730431 ns
[2020-07-12T00:31:20.729+0000][12883][safepoint    ] Safepoint "Cleanup", Time since last: 1000732486 ns, Reaching safepoint: 12276737 ns, At safepoint: 22091 ns, Total: 12298828 ns
[2020-07-12T00:31:21.730+0000][12883][safepoint    ] Safepoint "Cleanup", Time since last: 1000845774 ns, Reaching safepoint: 640736 ns, At safepoint: 10978 ns, Total: 651714 ns
[2020-07-12T00:31:22.582+0000][12883][safepoint    ] Safepoint "ICBufferFull", Time since last: 850378727 ns, Reaching safepoint: 1017136 ns, At safepoint: 17027 ns, Total: 1034163 ns
[2020-07-12T00:31:23.197+0000][12883][safepoint    ] Safepoint "ICBufferFull", Time since last: 614519296 ns, Reaching safepoint: 373788 ns, At safepoint: 16029 ns, Total: 389817 ns
[2020-07-12T00:31:23.882+0000][12883][safepoint    ] Safepoint "ICBufferFull", Time since last: 683587692 ns, Reaching safepoint: 2183901 ns, At safepoint: 14444 ns, Total: 2198345 ns
[2020-07-12T00:31:24.733+0000][12883][safepoint    ] Safepoint "ICBufferFull", Time since last: 850483024 ns, Reaching safepoint: 229452 ns, At safepoint: 11964 ns, Total: 241416 ns
[2020-07-12T00:31:25.734+0000][12883][safepoint    ] Safepoint "Cleanup", Time since last: 1000340896 ns, Reaching safepoint: 217734 ns, At safepoint: 15383 ns, Total: 233117 ns
[2020-07-12T00:31:26.678+0000][12883][safepoint    ] Safepoint "ICBufferFull", Time since last: 943439899 ns, Reaching safepoint: 996203 ns, At safepoint: 12564 ns, Total: 1008767 ns
[2020-07-12T00:31:26.963+0000][12883][gc,heap      ] GC(9) Heap before GC invocations=9 (full 0): garbage-first heap   total 4194304K, used 2525785K [0x0000000700000000, 0x0000000800000000)
[2020-07-12T00:31:26.963+0000][12883][gc,heap      ] GC(9)   region size 2048K, 1228 young (2514944K), 10 survivors (20480K)
[2020-07-12T00:31:26.963+0000][12883][gc,heap      ] GC(9)  Metaspace       used 86732K, capacity 89538K, committed 89764K, reserved 1126400K
[2020-07-12T00:31:26.963+0000][12883][gc,heap      ] GC(9)   class space    used 11346K, capacity 12670K, committed 12748K, reserved 1048576K
[2020-07-12T00:31:26.963+0000][12883][gc,start     ] GC(9) Pause Young (Normal) (G1 Evacuation Pause)
[2020-07-12T00:31:26.963+0000][12883][gc,task      ] GC(9) Using 8 workers of 8 for evacuation
[2020-07-12T00:31:26.963+0000][12883][gc,age       ] GC(9) Desired survivor size 161480704 bytes, new threshold 15 (max threshold 15)
[2020-07-12T00:31:26.976+0000][12883][gc,age       ] GC(9) Age table with threshold 15 (max threshold 15)
[2020-07-12T00:31:26.976+0000][12883][gc,age       ] GC(9) - age   1:    2848568 bytes,    2848568 total
[2020-07-12T00:31:26.976+0000][12883][gc,age       ] GC(9) - age   2:    6469584 bytes,    9318152 total
[2020-07-12T00:31:26.976+0000][12883][gc,age       ] GC(9) - age   3:    1414256 bytes,   10732408 total
[2020-07-12T00:31:26.976+0000][12883][gc,age       ] GC(9) - age   4:    4928112 bytes,   15660520 total
[2020-07-12T00:31:26.976+0000][12883][gc,age       ] GC(9) - age   5:    5610544 bytes,   21271064 total
[2020-07-12T00:31:26.976+0000][12883][gc,phases    ] GC(9)   Pre Evacuate Collection Set: 0.2ms
[2020-07-12T00:31:26.976+0000][12883][gc,phases    ] GC(9)   Merge Heap Roots: 0.1ms
[2020-07-12T00:31:26.976+0000][12883][gc,phases    ] GC(9)   Evacuate Collection Set: 10.6ms
[2020-07-12T00:31:26.976+0000][12883][gc,phases    ] GC(9)   Post Evacuate Collection Set: 1.8ms
[2020-07-12T00:31:26.976+0000][12883][gc,phases    ] GC(9)   Other: 0.3ms
[2020-07-12T00:31:26.976+0000][12883][gc,heap      ] GC(9) Eden regions: 1218->0(1217)
[2020-07-12T00:31:26.976+0000][12883][gc,heap      ] GC(9) Survivor regions: 10->11(154)
[2020-07-12T00:31:26.976+0000][12883][gc,heap      ] GC(9) Old regions: 5->5
[2020-07-12T00:31:26.976+0000][12883][gc,heap      ] GC(9) Archive regions: 2->2
[2020-07-12T00:31:26.976+0000][12883][gc,heap      ] GC(9) Humongous regions: 0->0
[2020-07-12T00:31:26.976+0000][12883][gc,metaspace ] GC(9) Metaspace: 86732K(89764K)->86732K(89764K) NonClass: 75385K(77016K)->75385K(77016K) Class: 11346K(12748K)->11346K(12748K)
[2020-07-12T00:31:26.976+0000][12883][gc,heap      ] GC(9) Heap after GC invocations=10 (full 0): garbage-first heap   total 4194304K, used 32606K [0x0000000700000000, 0x0000000800000000)
[2020-07-12T00:31:26.976+0000][12883][gc,heap      ] GC(9)   region size 2048K, 11 young (22528K), 11 survivors (22528K)
[2020-07-12T00:31:26.976+0000][12883][gc,heap      ] GC(9)  Metaspace       used 86732K, capacity 89538K, committed 89764K, reserved 1126400K
[2020-07-12T00:31:26.976+0000][12883][gc,heap      ] GC(9)   class space    used 11346K, capacity 12670K, committed 12748K, reserved 1048576K
[2020-07-12T00:31:26.976+0000][12883][gc           ] GC(9) Pause Young (Normal) (G1 Evacuation Pause) 2466M->31M(4096M) 13.053ms
[2020-07-12T00:31:26.976+0000][12883][gc,cpu       ] GC(9) User=0.05s Sys=0.01s Real=0.01s
[2020-07-12T00:31:26.976+0000][12883][safepoint    ] Safepoint "G1CollectForAllocation", Time since last: 284314868 ns, Reaching safepoint: 603284 ns, At safepoint: 13154674 ns, Total: 13757958 ns
[2020-07-12T00:31:27.977+0000][12883][safepoint    ] Safepoint "Cleanup", Time since last: 1000101144 ns, Reaching safepoint: 164581 ns, At safepoint: 16602 ns, Total: 181183 ns
[2020-07-12T00:31:28.616+0000][12883][safepoint    ] Safepoint "ICBufferFull", Time since last: 638827897 ns, Reaching safepoint: 559081 ns, At safepoint: 13151 ns, Total: 572232 ns
[2020-07-12T00:31:29.616+0000][12883][safepoint    ] Safepoint "Cleanup", Time since last: 1000092060 ns, Reaching safepoint: 304662 ns, At safepoint: 14809 ns, Total: 319471 ns
[2020-07-12T00:31:30.617+0000][12883][safepoint    ] Safepoint "Cleanup", Time since last: 1000302228 ns, Reaching safepoint: 210844 ns, At safepoint: 8261 ns, Total: 219105 ns
[2020-07-12T00:31:31.500+0000][12883][safepoint    ] Safepoint "ICBufferFull", Time since last: 883133158 ns, Reaching safepoint: 297518 ns, At safepoint: 36047 ns, Total: 333565 ns
[2020-07-12T00:31:32.501+0000][12883][safepoint    ] Safepoint "Cleanup", Time since last: 1000447960 ns, Reaching safepoint: 589509 ns, At safepoint: 15395 ns, Total: 604904 ns
[2020-07-12T00:31:33.295+0000][12883][gc,heap      ] GC(10) Heap before GC invocations=10 (full 0): garbage-first heap   total 4194304K, used 2525022K [0x0000000700000000, 0x0000000800000000)
[2020-07-12T00:31:33.295+0000][12883][gc,heap      ] GC(10)   region size 2048K, 1228 young (2514944K), 11 survivors (22528K)
[2020-07-12T00:31:33.295+0000][12883][gc,heap      ] GC(10)  Metaspace       used 86935K, capacity 89743K, committed 90020K, reserved 1126400K
[2020-07-12T00:31:33.295+0000][12883][gc,heap      ] GC(10)   class space    used 11347K, capacity 12671K, committed 12748K, reserved 1048576K
[2020-07-12T00:31:33.295+0000][12883][gc,start     ] GC(10) Pause Young (Normal) (G1 Evacuation Pause)
[2020-07-12T00:31:33.295+0000][12883][gc,task      ] GC(10) Using 8 workers of 8 for evacuation
[2020-07-12T00:31:33.295+0000][12883][gc,age       ] GC(10) Desired survivor size 161480704 bytes, new threshold 15 (max threshold 15)
[2020-07-12T00:31:33.308+0000][12883][gc,age       ] GC(10) Age table with threshold 15 (max threshold 15)
[2020-07-12T00:31:33.309+0000][12883][gc,age       ] GC(10) - age   1:    1642952 bytes,    1642952 total
[2020-07-12T00:31:33.309+0000][12883][gc,age       ] GC(10) - age   2:    1439672 bytes,    3082624 total
[2020-07-12T00:31:33.309+0000][12883][gc,age       ] GC(10) - age   3:    6414904 bytes,    9497528 total
[2020-07-12T00:31:33.309+0000][12883][gc,age       ] GC(10) - age   4:    1414128 bytes,   10911656 total
[2020-07-12T00:31:33.309+0000][12883][gc,age       ] GC(10) - age   5:    4926112 bytes,   15837768 total
[2020-07-12T00:31:33.309+0000][12883][gc,age       ] GC(10) - age   6:    5610544 bytes,   21448312 total
[2020-07-12T00:31:33.309+0000][12883][gc,phases    ] GC(10)   Pre Evacuate Collection Set: 0.2ms
[2020-07-12T00:31:33.309+0000][12883][gc,phases    ] GC(10)   Merge Heap Roots: 0.1ms
[2020-07-12T00:31:33.309+0000][12883][gc,phases    ] GC(10)   Evacuate Collection Set: 10.6ms
[2020-07-12T00:31:33.309+0000][12883][gc,phases    ] GC(10)   Post Evacuate Collection Set: 1.9ms
[2020-07-12T00:31:33.309+0000][12883][gc,phases    ] GC(10)   Other: 0.4ms
[2020-07-12T00:31:33.309+0000][12883][gc,heap      ] GC(10) Eden regions: 1217->0(1216)
[2020-07-12T00:31:33.309+0000][12883][gc,heap      ] GC(10) Survivor regions: 11->12(154)
[2020-07-12T00:31:33.309+0000][12883][gc,heap      ] GC(10) Old regions: 5->5
[2020-07-12T00:31:33.309+0000][12883][gc,heap      ] GC(10) Archive regions: 2->2
[2020-07-12T00:31:33.309+0000][12883][gc,heap      ] GC(10) Humongous regions: 0->0
[2020-07-12T00:31:33.309+0000][12883][gc,metaspace ] GC(10) Metaspace: 86935K(90020K)->86935K(90020K) NonClass: 75588K(77272K)->75588K(77272K) Class: 11347K(12748K)->11347K(12748K)
[2020-07-12T00:31:33.309+0000][12883][gc,heap      ] GC(10) Heap after GC invocations=11 (full 0): garbage-first heap   total 4194304K, used 34352K [0x0000000700000000, 0x0000000800000000)
[2020-07-12T00:31:33.309+0000][12883][gc,heap      ] GC(10)   region size 2048K, 12 young (24576K), 12 survivors (24576K)
[2020-07-12T00:31:33.309+0000][12883][gc,heap      ] GC(10)  Metaspace       used 86935K, capacity 89743K, committed 90020K, reserved 1126400K
[2020-07-12T00:31:33.309+0000][12883][gc,heap      ] GC(10)   class space    used 11347K, capacity 12671K, committed 12748K, reserved 1048576K
[2020-07-12T00:31:33.309+0000][12883][gc           ] GC(10) Pause Young (Normal) (G1 Evacuation Pause) 2465M->33M(4096M) 13.311ms
[2020-07-12T00:31:33.309+0000][12883][gc,cpu       ] GC(10) User=0.06s Sys=0.00s Real=0.01s
[2020-07-12T00:31:33.309+0000][12883][safepoint    ] Safepoint "G1CollectForAllocation", Time since last: 793696528 ns, Reaching safepoint: 220026 ns, At safepoint: 13423355 ns, Total: 13643381 ns
[2020-07-12T00:31:34.309+0000][12883][safepoint    ] Safepoint "Cleanup", Time since last: 1000111113 ns, Reaching safepoint: 274879 ns, At safepoint: 10750 ns, Total: 285629 ns
[2020-07-12T00:31:35.310+0000][12883][safepoint    ] Safepoint "Cleanup", Time since last: 1000364098 ns, Reaching safepoint: 160913 ns, At safepoint: 7540 ns, Total: 168453 ns
[2020-07-12T00:31:36.312+0000][12883][safepoint    ] Safepoint "Cleanup", Time since last: 1001471111 ns, Reaching safepoint: 698337 ns, At safepoint: 10441 ns, Total: 708778 ns
[2020-07-12T00:31:37.324+0000][12883][safepoint    ] Safepoint "Cleanup", Time since last: 1000560066 ns, Reaching safepoint: 11659156 ns, At safepoint: 12659 ns, Total: 11671815 ns
[2020-07-12T00:31:38.325+0000][12883][safepoint    ] Safepoint "Cleanup", Time since last: 1000414259 ns, Reaching safepoint: 543216 ns, At safepoint: 18392 ns, Total: 561608 ns
[2020-07-12T00:31:39.328+0000][12883][safepoint    ] Safepoint "Cleanup", Time since last: 1002170216 ns, Reaching safepoint: 278729 ns, At safepoint: 9645 ns, Total: 288374 ns
[2020-07-12T00:31:40.471+0000][12883][safepoint    ] Safepoint "Cleanup", Time since last: 1143118841 ns, Reaching safepoint: 231993 ns, At safepoint: 18838 ns, Total: 250831 ns
[2020-07-12T00:31:41.473+0000][12883][safepoint    ] Safepoint "Cleanup", Time since last: 1000454537 ns, Reaching safepoint: 1163456 ns, At safepoint: 20862 ns, Total: 1184318 ns
[2020-07-12T00:31:42.473+0000][12883][safepoint    ] Safepoint "Cleanup", Time since last: 1000710616 ns, Reaching safepoint: 113484 ns, At safepoint: 4007 ns, Total: 117491 ns
[2020-07-12T00:31:43.474+0000][12883][safepoint    ] Safepoint "Cleanup", Time since last: 1000728072 ns, Reaching safepoint: 69329 ns, At safepoint: 1516 ns, Total: 70845 ns
[2020-07-12T00:31:45.479+0000][12883][safepoint    ] Safepoint "Cleanup", Time since last: 2004547851 ns, Reaching safepoint: 72503 ns, At safepoint: 1473 ns, Total: 73976 ns
[2020-07-12T00:31:46.479+0000][12883][safepoint    ] Safepoint "Cleanup", Time since last: 1000116218 ns, Reaching safepoint: 79310 ns, At safepoint: 1571 ns, Total: 80881 ns
[2020-07-12T00:31:48.480+0000][12883][safepoint    ] Safepoint "Cleanup", Time since last: 2001056839 ns, Reaching safepoint: 195701 ns, At safepoint: 10155 ns, Total: 205856 ns
[2020-07-12T00:31:49.482+0000][12883][safepoint    ] Safepoint "Cleanup", Time since last: 1001970916 ns, Reaching safepoint: 150089 ns, At safepoint: 3592 ns, Total: 153681 ns
[2020-07-12T00:31:50.483+0000][12883][safepoint    ] Safepoint "Cleanup", Time since last: 1000800666 ns, Reaching safepoint: 305220 ns, At safepoint: 20273 ns, Total: 325493 ns
[2020-07-12T00:31:50.921+0000][12883][gc,heap      ] GC(11) Heap before GC invocations=11 (full 0): garbage-first heap   total 4194304K, used 2524720K [0x0000000700000000, 0x0000000800000000)
[2020-07-12T00:31:50.921+0000][12883][gc,heap      ] GC(11)   region size 2048K, 1228 young (2514944K), 12 survivors (24576K)
[2020-07-12T00:31:50.921+0000][12883][gc,heap      ] GC(11)  Metaspace       used 87241K, capacity 90018K, committed 90276K, reserved 1126400K
[2020-07-12T00:31:50.921+0000][12883][gc,heap      ] GC(11)   class space    used 11347K, capacity 12671K, committed 12748K, reserved 1048576K
[2020-07-12T00:31:50.921+0000][12883][gc,start     ] GC(11) Pause Young (Normal) (G1 Evacuation Pause)
[2020-07-12T00:31:50.921+0000][12883][gc,task      ] GC(11) Using 8 workers of 8 for evacuation
[2020-07-12T00:31:50.921+0000][12883][gc,age       ] GC(11) Desired survivor size 161480704 bytes, new threshold 15 (max threshold 15)
[2020-07-12T00:31:50.935+0000][12883][gc,age       ] GC(11) Age table with threshold 15 (max threshold 15)
[2020-07-12T00:31:50.935+0000][12883][gc,age       ] GC(11) - age   1:     329184 bytes,     329184 total
[2020-07-12T00:31:50.935+0000][12883][gc,age       ] GC(11) - age   2:     479200 bytes,     808384 total
[2020-07-12T00:31:50.935+0000][12883][gc,age       ] GC(11) - age   3:     920088 bytes,    1728472 total
[2020-07-12T00:31:50.935+0000][12883][gc,age       ] GC(11) - age   4:    6332664 bytes,    8061136 total
[2020-07-12T00:31:50.935+0000][12883][gc,age       ] GC(11) - age   5:    1414128 bytes,    9475264 total
[2020-07-12T00:31:50.935+0000][12883][gc,age       ] GC(11) - age   6:    4925920 bytes,   14401184 total
[2020-07-12T00:31:50.935+0000][12883][gc,age       ] GC(11) - age   7:    5610480 bytes,   20011664 total
[2020-07-12T00:31:50.935+0000][12883][gc,phases    ] GC(11)   Pre Evacuate Collection Set: 0.2ms
[2020-07-12T00:31:50.935+0000][12883][gc,phases    ] GC(11)   Merge Heap Roots: 0.1ms
[2020-07-12T00:31:50.935+0000][12883][gc,phases    ] GC(11)   Evacuate Collection Set: 11.7ms
[2020-07-12T00:31:50.935+0000][12883][gc,phases    ] GC(11)   Post Evacuate Collection Set: 2.1ms
[2020-07-12T00:31:50.935+0000][12883][gc,phases    ] GC(11)   Other: 0.3ms
[2020-07-12T00:31:50.935+0000][12883][gc,heap      ] GC(11) Eden regions: 1216->0(1217)
[2020-07-12T00:31:50.935+0000][12883][gc,heap      ] GC(11) Survivor regions: 12->11(154)
[2020-07-12T00:31:50.935+0000][12883][gc,heap      ] GC(11) Old regions: 5->5
[2020-07-12T00:31:50.935+0000][12883][gc,heap      ] GC(11) Archive regions: 2->2
[2020-07-12T00:31:50.935+0000][12883][gc,heap      ] GC(11) Humongous regions: 0->0
[2020-07-12T00:31:50.935+0000][12883][gc,metaspace ] GC(11) Metaspace: 87241K(90276K)->87241K(90276K) NonClass: 75893K(77528K)->75893K(77528K) Class: 11347K(12748K)->11347K(12748K)
[2020-07-12T00:31:50.935+0000][12883][gc,heap      ] GC(11) Heap after GC invocations=12 (full 0): garbage-first heap   total 4194304K, used 32835K [0x0000000700000000, 0x0000000800000000)
[2020-07-12T00:31:50.935+0000][12883][gc,heap      ] GC(11)   region size 2048K, 11 young (22528K), 11 survivors (22528K)
[2020-07-12T00:31:50.935+0000][12883][gc,heap      ] GC(11)  Metaspace       used 87241K, capacity 90018K, committed 90276K, reserved 1126400K
[2020-07-12T00:31:50.935+0000][12883][gc,heap      ] GC(11)   class space    used 11347K, capacity 12671K, committed 12748K, reserved 1048576K
[2020-07-12T00:31:50.935+0000][12883][gc           ] GC(11) Pause Young (Normal) (G1 Evacuation Pause) 2465M->32M(4096M) 14.445ms
[2020-07-12T00:31:50.935+0000][12883][gc,cpu       ] GC(11) User=0.06s Sys=0.00s Real=0.01s
[2020-07-12T00:31:50.935+0000][12883][safepoint    ] Safepoint "G1CollectForAllocation", Time since last: 437040787 ns, Reaching safepoint: 93806 ns, At safepoint: 14548031 ns, Total: 14641837 ns
[2020-07-12T00:31:51.936+0000][12883][safepoint    ] Safepoint "Cleanup", Time since last: 1000268851 ns, Reaching safepoint: 76931 ns, At safepoint: 6268 ns, Total: 83199 ns
[2020-07-12T00:31:53.433+0000][12883][safepoint    ] Safepoint "Cleanup", Time since last: 1496800812 ns, Reaching safepoint: 876165 ns, At safepoint: 18593 ns, Total: 894758 ns
[2020-07-12T00:31:54.495+0000][12883][safepoint    ] Safepoint "Cleanup", Time since last: 1060766115 ns, Reaching safepoint: 540741 ns, At safepoint: 15725 ns, Total: 556466 ns
[2020-07-12T00:31:55.495+0000][12883][safepoint    ] Safepoint "Cleanup", Time since last: 1000077241 ns, Reaching safepoint: 251716 ns, At safepoint: 8361 ns, Total: 260077 ns
[2020-07-12T00:31:56.498+0000][12883][safepoint    ] Safepoint "Cleanup", Time since last: 1001677544 ns, Reaching safepoint: 1058519 ns, At safepoint: 253111 ns, Total: 1311630 ns
[2020-07-12T00:31:57.529+0000][12883][safepoint    ] Safepoint "PrintThreads", Time since last: 1027110056 ns, Reaching safepoint: 565517 ns, At safepoint: 3914129 ns, Total: 4479646 ns
[2020-07-12T00:31:57.530+0000][12883][safepoint    ] Safepoint "PrintJNI", Time since last: 473379 ns, Reaching safepoint: 468638 ns, At safepoint: 36703 ns, Total: 505341 ns
[2020-07-12T00:31:57.533+0000][12883][safepoint    ] Safepoint "FindDeadlocks", Time since last: 1548029 ns, Reaching safepoint: 605178 ns, At safepoint: 56485 ns, Total: 661663 ns
[2020-07-12T00:31:58.534+0000][12883][safepoint    ] Safepoint "Cleanup", Time since last: 1000836407 ns, Reaching safepoint: 86704 ns, At safepoint: 2014 ns, Total: 88718 ns
[2020-07-12T00:31:59.534+0000][12883][safepoint    ] Safepoint "Cleanup", Time since last: 1000807513 ns, Reaching safepoint: 86242 ns, At safepoint: 1866 ns, Total: 88108 ns
[2020-07-12T00:32:01.001+0000][12883][safepoint    ] Safepoint "Cleanup", Time since last: 1466423497 ns, Reaching safepoint: 139589 ns, At safepoint: 3540 ns, Total: 143129 ns
[2020-07-12T00:32:03.722+0000][12883][safepoint    ] Safepoint "Cleanup", Time since last: 2721056959 ns, Reaching safepoint: 117551 ns, At safepoint: 2152 ns, Total: 119703 ns
[2020-07-12T00:32:04.722+0000][12883][safepoint    ] Safepoint "Cleanup", Time since last: 1000150865 ns, Reaching safepoint: 90516 ns, At safepoint: 2574 ns, Total: 93090 ns
[2020-07-12T00:32:06.723+0000][12883][safepoint    ] Safepoint "Cleanup", Time since last: 2000357553 ns, Reaching safepoint: 74317 ns, At safepoint: 1819 ns, Total: 76136 ns
[2020-07-12T00:32:07.723+0000][12883][safepoint    ] Safepoint "Cleanup", Time since last: 1000198273 ns, Reaching safepoint: 115310 ns, At safepoint: 3256 ns, Total: 118566 ns
[2020-07-12T00:32:08.724+0000][12883][safepoint    ] Safepoint "Cleanup", Time since last: 1000227291 ns, Reaching safepoint: 101883 ns, At safepoint: 7492 ns, Total: 109375 ns
[2020-07-12T00:32:10.725+0000][12883][safepoint    ] Safepoint "Cleanup", Time since last: 2000308192 ns, Reaching safepoint: 1011246 ns, At safepoint: 10844 ns, Total: 1022090 ns
[2020-07-12T00:32:12.725+0000][12883][safepoint    ] Safepoint "Cleanup", Time since last: 2000328685 ns, Reaching safepoint: 209218 ns, At safepoint: 10131 ns, Total: 219349 ns
[2020-07-12T00:32:13.726+0000][12883][safepoint    ] Safepoint "Cleanup", Time since last: 1000256392 ns, Reaching safepoint: 73590 ns, At safepoint: 1781 ns, Total: 75371 ns
[2020-07-12T00:32:15.726+0000][12883][safepoint    ] Safepoint "Cleanup", Time since last: 2000164037 ns, Reaching safepoint: 71372 ns, At safepoint: 2132 ns, Total: 73504 ns
[2020-07-12T00:32:16.726+0000][12883][safepoint    ] Safepoint "Cleanup", Time since last: 1000148820 ns, Reaching safepoint: 73731 ns, At safepoint: 4368 ns, Total: 78099 ns
[2020-07-12T00:32:17.727+0000][12883][safepoint    ] Safepoint "Cleanup", Time since last: 1000297052 ns, Reaching safepoint: 832274 ns, At safepoint: 6590 ns, Total: 838864 ns
[2020-07-12T00:32:18.728+0000][12883][safepoint    ] Safepoint "Cleanup", Time since last: 1000146111 ns, Reaching safepoint: 77424 ns, At safepoint: 8928 ns, Total: 86352 ns
[2020-07-12T00:32:19.847+0000][12883][gc,heap      ] GC(12) Heap before GC invocations=12 (full 0): garbage-first heap   total 4194304K, used 2525251K [0x0000000700000000, 0x0000000800000000)
[2020-07-12T00:32:19.847+0000][12883][gc,heap      ] GC(12)   region size 2048K, 1228 young (2514944K), 11 survivors (22528K)
[2020-07-12T00:32:19.847+0000][12883][gc,heap      ] GC(12)  Metaspace       used 87396K, capacity 90212K, committed 90532K, reserved 1126400K
[2020-07-12T00:32:19.847+0000][12883][gc,heap      ] GC(12)   class space    used 11347K, capacity 12671K, committed 12748K, reserved 1048576K
[2020-07-12T00:32:19.847+0000][12883][gc,start     ] GC(12) Pause Young (Normal) (G1 Evacuation Pause)
[2020-07-12T00:32:19.847+0000][12883][gc,task      ] GC(12) Using 8 workers of 8 for evacuation
[2020-07-12T00:32:19.847+0000][12883][gc,age       ] GC(12) Desired survivor size 161480704 bytes, new threshold 15 (max threshold 15)
[2020-07-12T00:32:19.865+0000][12883][gc,age       ] GC(12) Age table with threshold 15 (max threshold 15)
[2020-07-12T00:32:19.865+0000][12883][gc,age       ] GC(12) - age   1:     138128 bytes,     138128 total
[2020-07-12T00:32:19.865+0000][12883][gc,age       ] GC(12) - age   2:      83272 bytes,     221400 total
[2020-07-12T00:32:19.865+0000][12883][gc,age       ] GC(12) - age   3:     448384 bytes,     669784 total
[2020-07-12T00:32:19.865+0000][12883][gc,age       ] GC(12) - age   4:     859912 bytes,    1529696 total
[2020-07-12T00:32:19.865+0000][12883][gc,age       ] GC(12) - age   5:    6322184 bytes,    7851880 total
[2020-07-12T00:32:19.865+0000][12883][gc,age       ] GC(12) - age   6:    1414128 bytes,    9266008 total
[2020-07-12T00:32:19.865+0000][12883][gc,age       ] GC(12) - age   7:    4925920 bytes,   14191928 total
[2020-07-12T00:32:19.865+0000][12883][gc,age       ] GC(12) - age   8:    5610480 bytes,   19802408 total
[2020-07-12T00:32:19.865+0000][12883][gc,phases    ] GC(12)   Pre Evacuate Collection Set: 0.2ms
[2020-07-12T00:32:19.865+0000][12883][gc,phases    ] GC(12)   Merge Heap Roots: 0.1ms
[2020-07-12T00:32:19.865+0000][12883][gc,phases    ] GC(12)   Evacuate Collection Set: 14.2ms
[2020-07-12T00:32:19.865+0000][12883][gc,phases    ] GC(12)   Post Evacuate Collection Set: 3.2ms
[2020-07-12T00:32:19.865+0000][12883][gc,phases    ] GC(12)   Other: 0.4ms
[2020-07-12T00:32:19.865+0000][12883][gc,heap      ] GC(12) Eden regions: 1217->0(1217)
[2020-07-12T00:32:19.865+0000][12883][gc,heap      ] GC(12) Survivor regions: 11->11(154)
[2020-07-12T00:32:19.865+0000][12883][gc,heap      ] GC(12) Old regions: 5->5
[2020-07-12T00:32:19.865+0000][12883][gc,heap      ] GC(12) Archive regions: 2->2
[2020-07-12T00:32:19.865+0000][12883][gc,heap      ] GC(12) Humongous regions: 0->0
[2020-07-12T00:32:19.865+0000][12883][gc,metaspace ] GC(12) Metaspace: 87396K(90532K)->87396K(90532K) NonClass: 76048K(77784K)->76048K(77784K) Class: 11347K(12748K)->11347K(12748K)
[2020-07-12T00:32:19.865+0000][12883][gc,heap      ] GC(12) Heap after GC invocations=13 (full 0): garbage-first heap   total 4194304K, used 32276K [0x0000000700000000, 0x0000000800000000)
[2020-07-12T00:32:19.865+0000][12883][gc,heap      ] GC(12)   region size 2048K, 11 young (22528K), 11 survivors (22528K)
[2020-07-12T00:32:19.865+0000][12883][gc,heap      ] GC(12)  Metaspace       used 87396K, capacity 90212K, committed 90532K, reserved 1126400K
[2020-07-12T00:32:19.865+0000][12883][gc,heap      ] GC(12)   class space    used 11347K, capacity 12671K, committed 12748K, reserved 1048576K
[2020-07-12T00:32:19.865+0000][12883][gc           ] GC(12) Pause Young (Normal) (G1 Evacuation Pause) 2466M->31M(4096M) 18.129ms
[2020-07-12T00:32:19.865+0000][12883][gc,cpu       ] GC(12) User=0.06s Sys=0.01s Real=0.02s
[2020-07-12T00:32:19.865+0000][12883][safepoint    ] Safepoint "G1CollectForAllocation", Time since last: 1119534748 ns, Reaching safepoint: 84625 ns, At safepoint: 18234231 ns, Total: 18318856 ns
[2020-07-12T00:32:20.866+0000][12883][safepoint    ] Safepoint "Cleanup", Time since last: 1000477949 ns, Reaching safepoint: 143238 ns, At safepoint: 4039 ns, Total: 147277 ns
[2020-07-12T00:32:24.868+0000][12883][safepoint    ] Safepoint "Cleanup", Time since last: 4001820271 ns, Reaching safepoint: 60149 ns, At safepoint: 9224 ns, Total: 69373 ns
[2020-07-12T00:32:27.869+0000][12883][safepoint    ] Safepoint "Cleanup", Time since last: 3000398556 ns, Reaching safepoint: 159108 ns, At safepoint: 6893 ns, Total: 166001 ns
[2020-07-12T00:32:29.869+0000][12883][safepoint    ] Safepoint "Cleanup", Time since last: 2000246632 ns, Reaching safepoint: 194913 ns, At safepoint: 9410 ns, Total: 204323 ns
[2020-07-12T00:32:32.870+0000][12883][safepoint    ] Safepoint "Cleanup", Time since last: 3000395308 ns, Reaching safepoint: 902997 ns, At safepoint: 11587 ns, Total: 914584 ns
[2020-07-12T00:32:33.871+0000][12883][safepoint    ] Safepoint "Cleanup", Time since last: 1000384498 ns, Reaching safepoint: 78975 ns, At safepoint: 1608 ns, Total: 80583 ns
[2020-07-12T00:32:34.871+0000][12883][safepoint    ] Safepoint "Cleanup", Time since last: 1000116161 ns, Reaching safepoint: 76276 ns, At safepoint: 1510 ns, Total: 77786 ns
[2020-07-12T00:32:35.871+0000][12883][safepoint    ] Safepoint "Cleanup", Time since last: 1000093093 ns, Reaching safepoint: 70948 ns, At safepoint: 1314 ns, Total: 72262 ns
[2020-07-12T00:32:36.871+0000][12883][safepoint    ] Safepoint "Cleanup", Time since last: 1000131946 ns, Reaching safepoint: 112661 ns, At safepoint: 11393 ns, Total: 124054 ns
[2020-07-12T00:32:37.872+0000][12883][safepoint    ] Safepoint "Cleanup", Time since last: 1000101300 ns, Reaching safepoint: 76956 ns, At safepoint: 6942 ns, Total: 83898 ns
[2020-07-12T00:32:38.872+0000][12883][safepoint    ] Safepoint "Cleanup", Time since last: 1000139851 ns, Reaching safepoint: 116864 ns, At safepoint: 9125 ns, Total: 125989 ns
[2020-07-12T00:32:39.872+0000][12883][safepoint    ] Safepoint "Cleanup", Time since last: 1000136465 ns, Reaching safepoint: 97414 ns, At safepoint: 4454 ns, Total: 101868 ns
[2020-07-12T00:32:41.872+0000][12883][safepoint    ] Safepoint "Cleanup", Time since last: 2000244133 ns, Reaching safepoint: 85044 ns, At safepoint: 4920 ns, Total: 89964 ns
[2020-07-12T00:32:42.874+0000][12883][safepoint    ] Safepoint "Cleanup", Time since last: 1001212798 ns, Reaching safepoint: 504460 ns, At safepoint: 19555 ns, Total: 524015 ns
[2020-07-12T00:32:44.875+0000][12883][safepoint    ] Safepoint "Cleanup", Time since last: 2000312132 ns, Reaching safepoint: 86766 ns, At safepoint: 3843 ns, Total: 90609 ns
[2020-07-12T00:32:47.875+0000][12883][safepoint    ] Safepoint "Cleanup", Time since last: 3000209438 ns, Reaching safepoint: 187393 ns, At safepoint: 11754 ns, Total: 199147 ns
[2020-07-12T00:32:48.838+0000][12883][gc,heap      ] GC(13) Heap before GC invocations=13 (full 0): garbage-first heap   total 4194304K, used 2524692K [0x0000000700000000, 0x0000000800000000)
[2020-07-12T00:32:48.838+0000][12883][gc,heap      ] GC(13)   region size 2048K, 1228 young (2514944K), 11 survivors (22528K)
[2020-07-12T00:32:48.838+0000][12883][gc,heap      ] GC(13)  Metaspace       used 87502K, capacity 90280K, committed 90532K, reserved 1126400K
[2020-07-12T00:32:48.838+0000][12883][gc,heap      ] GC(13)   class space    used 11347K, capacity 12671K, committed 12748K, reserved 1048576K
[2020-07-12T00:32:48.839+0000][12883][gc,start     ] GC(13) Pause Young (Normal) (G1 Evacuation Pause)
[2020-07-12T00:32:48.839+0000][12883][gc,task      ] GC(13) Using 8 workers of 8 for evacuation
[2020-07-12T00:32:48.839+0000][12883][gc,age       ] GC(13) Desired survivor size 161480704 bytes, new threshold 15 (max threshold 15)
[2020-07-12T00:32:48.855+0000][12883][gc,age       ] GC(13) Age table with threshold 15 (max threshold 15)
[2020-07-12T00:32:48.855+0000][12883][gc,age       ] GC(13) - age   1:     119600 bytes,     119600 total
[2020-07-12T00:32:48.855+0000][12883][gc,age       ] GC(13) - age   2:      11544 bytes,     131144 total
[2020-07-12T00:32:48.855+0000][12883][gc,age       ] GC(13) - age   3:      78216 bytes,     209360 total
[2020-07-12T00:32:48.855+0000][12883][gc,age       ] GC(13) - age   4:     447264 bytes,     656624 total
[2020-07-12T00:32:48.855+0000][12883][gc,age       ] GC(13) - age   5:     859752 bytes,    1516376 total
[2020-07-12T00:32:48.855+0000][12883][gc,age       ] GC(13) - age   6:    6321928 bytes,    7838304 total
[2020-07-12T00:32:48.855+0000][12883][gc,age       ] GC(13) - age   7:    1414128 bytes,    9252432 total
[2020-07-12T00:32:48.855+0000][12883][gc,age       ] GC(13) - age   8:    4925920 bytes,   14178352 total
[2020-07-12T00:32:48.855+0000][12883][gc,age       ] GC(13) - age   9:    5610480 bytes,   19788832 total
[2020-07-12T00:32:48.855+0000][12883][gc,phases    ] GC(13)   Pre Evacuate Collection Set: 0.2ms
[2020-07-12T00:32:48.855+0000][12883][gc,phases    ] GC(13)   Merge Heap Roots: 0.1ms
[2020-07-12T00:32:48.855+0000][12883][gc,phases    ] GC(13)   Evacuate Collection Set: 13.4ms
[2020-07-12T00:32:48.855+0000][12883][gc,phases    ] GC(13)   Post Evacuate Collection Set: 2.0ms
[2020-07-12T00:32:48.855+0000][12883][gc,phases    ] GC(13)   Other: 0.4ms
[2020-07-12T00:32:48.855+0000][12883][gc,heap      ] GC(13) Eden regions: 1217->0(1218)
[2020-07-12T00:32:48.855+0000][12883][gc,heap      ] GC(13) Survivor regions: 11->10(154)
[2020-07-12T00:32:48.855+0000][12883][gc,heap      ] GC(13) Old regions: 5->5
[2020-07-12T00:32:48.855+0000][12883][gc,heap      ] GC(13) Archive regions: 2->2
[2020-07-12T00:32:48.855+0000][12883][gc,heap      ] GC(13) Humongous regions: 0->0
[2020-07-12T00:32:48.855+0000][12883][gc,metaspace ] GC(13) Metaspace: 87502K(90532K)->87502K(90532K) NonClass: 76154K(77784K)->76154K(77784K) Class: 11347K(12748K)->11347K(12748K)
[2020-07-12T00:32:48.855+0000][12883][gc,heap      ] GC(13) Heap after GC invocations=14 (full 0): garbage-first heap   total 4194304K, used 31321K [0x0000000700000000, 0x0000000800000000)
[2020-07-12T00:32:48.855+0000][12883][gc,heap      ] GC(13)   region size 2048K, 10 young (20480K), 10 survivors (20480K)
[2020-07-12T00:32:48.855+0000][12883][gc,heap      ] GC(13)  Metaspace       used 87502K, capacity 90280K, committed 90532K, reserved 1126400K
[2020-07-12T00:32:48.855+0000][12883][gc,heap      ] GC(13)   class space    used 11347K, capacity 12671K, committed 12748K, reserved 1048576K
[2020-07-12T00:32:48.855+0000][12883][gc           ] GC(13) Pause Young (Normal) (G1 Evacuation Pause) 2465M->30M(4096M) 16.187ms
[2020-07-12T00:32:48.855+0000][12883][gc,cpu       ] GC(13) User=0.06s Sys=0.00s Real=0.02s
[2020-07-12T00:32:48.855+0000][12883][safepoint    ] Safepoint "G1CollectForAllocation", Time since last: 962586744 ns, Reaching safepoint: 952366 ns, At safepoint: 16294138 ns, Total: 17246504 ns
[2020-07-12T00:32:52.859+0000][12883][safepoint    ] Safepoint "Cleanup", Time since last: 4003772305 ns, Reaching safepoint: 79753 ns, At safepoint: 9050 ns, Total: 88803 ns
[2020-07-12T00:32:54.859+0000][12883][safepoint    ] Safepoint "Cleanup", Time since last: 2000154678 ns, Reaching safepoint: 89658 ns, At safepoint: 6450 ns, Total: 96108 ns
[2020-07-12T00:32:56.859+0000][12883][safepoint    ] Safepoint "Cleanup", Time since last: 2000275736 ns, Reaching safepoint: 247809 ns, At safepoint: 8115 ns, Total: 255924 ns
[2020-07-12T00:32:57.299+0000][12883][safepoint    ] Safepoint "PrintThreads", Time since last: 437394775 ns, Reaching safepoint: 270766 ns, At safepoint: 1954797 ns, Total: 2225563 ns
[2020-07-12T00:32:57.300+0000][12883][safepoint    ] Safepoint "PrintJNI", Time since last: 310522 ns, Reaching safepoint: 190351 ns, At safepoint: 11495 ns, Total: 201846 ns
[2020-07-12T00:32:57.300+0000][12883][safepoint    ] Safepoint "FindDeadlocks", Time since last: 174109 ns, Reaching safepoint: 234384 ns, At safepoint: 27563 ns, Total: 261947 ns
[2020-07-12T00:32:58.301+0000][12883][safepoint    ] Safepoint "Cleanup", Time since last: 1000197114 ns, Reaching safepoint: 643931 ns, At safepoint: 18133 ns, Total: 662064 ns
[2020-07-12T00:32:59.303+0000][12883][safepoint    ] Safepoint "Cleanup", Time since last: 1001450969 ns, Reaching safepoint: 325342 ns, At safepoint: 10519 ns, Total: 335861 ns
[2020-07-12T00:33:00.304+0000][12883][safepoint    ] Safepoint "Cleanup", Time since last: 1001157027 ns, Reaching safepoint: 393486 ns, At safepoint: 8288 ns, Total: 401774 ns
[2020-07-12T00:33:11.319+0000][12883][safepoint    ] Safepoint "Cleanup", Time since last: 11014759266 ns, Reaching safepoint: 95853 ns, At safepoint: 3045 ns, Total: 98898 ns
[2020-07-12T00:33:16.326+0000][12883][safepoint    ] Safepoint "Cleanup", Time since last: 5006418246 ns, Reaching safepoint: 137164 ns, At safepoint: 4544 ns, Total: 141708 ns
[2020-07-12T00:33:17.328+0000][12883][safepoint    ] Safepoint "Cleanup", Time since last: 1002022696 ns, Reaching safepoint: 427769 ns, At safepoint: 14197 ns, Total: 441966 ns
[2020-07-12T00:33:17.837+0000][12883][gc,heap      ] GC(14) Heap before GC invocations=14 (full 0): garbage-first heap   total 4194304K, used 2525785K [0x0000000700000000, 0x0000000800000000)
[2020-07-12T00:33:17.837+0000][12883][gc,heap      ] GC(14)   region size 2048K, 1228 young (2514944K), 10 survivors (20480K)
[2020-07-12T00:33:17.837+0000][12883][gc,heap      ] GC(14)  Metaspace       used 87556K, capacity 90414K, committed 90532K, reserved 1126400K
[2020-07-12T00:33:17.837+0000][12883][gc,heap      ] GC(14)   class space    used 11347K, capacity 12671K, committed 12748K, reserved 1048576K
[2020-07-12T00:33:17.837+0000][12883][gc,start     ] GC(14) Pause Young (Normal) (G1 Evacuation Pause)
[2020-07-12T00:33:17.837+0000][12883][gc,task      ] GC(14) Using 8 workers of 8 for evacuation
[2020-07-12T00:33:17.837+0000][12883][gc,age       ] GC(14) Desired survivor size 161480704 bytes, new threshold 15 (max threshold 15)
[2020-07-12T00:33:17.851+0000][12883][gc,age       ] GC(14) Age table with threshold 15 (max threshold 15)
[2020-07-12T00:33:17.851+0000][12883][gc,age       ] GC(14) - age   1:     103968 bytes,     103968 total
[2020-07-12T00:33:17.851+0000][12883][gc,age       ] GC(14) - age   2:       8344 bytes,     112312 total
[2020-07-12T00:33:17.851+0000][12883][gc,age       ] GC(14) - age   3:      10904 bytes,     123216 total
[2020-07-12T00:33:17.851+0000][12883][gc,age       ] GC(14) - age   4:      76776 bytes,     199992 total
[2020-07-12T00:33:17.851+0000][12883][gc,age       ] GC(14) - age   5:     447008 bytes,     647000 total
[2020-07-12T00:33:17.851+0000][12883][gc,age       ] GC(14) - age   6:     859752 bytes,    1506752 total
[2020-07-12T00:33:17.851+0000][12883][gc,age       ] GC(14) - age   7:    6321864 bytes,    7828616 total
[2020-07-12T00:33:17.851+0000][12883][gc,age       ] GC(14) - age   8:    1414128 bytes,    9242744 total
[2020-07-12T00:33:17.851+0000][12883][gc,age       ] GC(14) - age   9:    4925920 bytes,   14168664 total
[2020-07-12T00:33:17.851+0000][12883][gc,age       ] GC(14) - age  10:    5610480 bytes,   19779144 total
[2020-07-12T00:33:17.851+0000][12883][gc,phases    ] GC(14)   Pre Evacuate Collection Set: 0.2ms
[2020-07-12T00:33:17.851+0000][12883][gc,phases    ] GC(14)   Merge Heap Roots: 0.1ms
[2020-07-12T00:33:17.851+0000][12883][gc,phases    ] GC(14)   Evacuate Collection Set: 11.4ms
[2020-07-12T00:33:17.851+0000][12883][gc,phases    ] GC(14)   Post Evacuate Collection Set: 2.1ms
[2020-07-12T00:33:17.851+0000][12883][gc,phases    ] GC(14)   Other: 0.4ms
[2020-07-12T00:33:17.851+0000][12883][gc,heap      ] GC(14) Eden regions: 1218->0(1217)
[2020-07-12T00:33:17.852+0000][12883][gc,heap      ] GC(14) Survivor regions: 10->11(154)
[2020-07-12T00:33:17.852+0000][12883][gc,heap      ] GC(14) Old regions: 5->5
[2020-07-12T00:33:17.852+0000][12883][gc,heap      ] GC(14) Archive regions: 2->2
[2020-07-12T00:33:17.852+0000][12883][gc,heap      ] GC(14) Humongous regions: 0->0
[2020-07-12T00:33:17.852+0000][12883][gc,metaspace ] GC(14) Metaspace: 87556K(90532K)->87556K(90532K) NonClass: 76208K(77784K)->76208K(77784K) Class: 11347K(12748K)->11347K(12748K)
[2020-07-12T00:33:17.852+0000][12883][gc,heap      ] GC(14) Heap after GC invocations=15 (full 0): garbage-first heap   total 4194304K, used 31794K [0x0000000700000000, 0x0000000800000000)
[2020-07-12T00:33:17.852+0000][12883][gc,heap      ] GC(14)   region size 2048K, 11 young (22528K), 11 survivors (22528K)
[2020-07-12T00:33:17.852+0000][12883][gc,heap      ] GC(14)  Metaspace       used 87556K, capacity 90414K, committed 90532K, reserved 1126400K
[2020-07-12T00:33:17.852+0000][12883][gc,heap      ] GC(14)   class space    used 11347K, capacity 12671K, committed 12748K, reserved 1048576K
[2020-07-12T00:33:17.852+0000][12883][gc           ] GC(14) Pause Young (Normal) (G1 Evacuation Pause) 2466M->31M(4096M) 14.291ms
[2020-07-12T00:33:17.852+0000][12883][gc,cpu       ] GC(14) User=0.06s Sys=0.00s Real=0.01s
[2020-07-12T00:33:17.852+0000][12883][safepoint    ] Safepoint "G1CollectForAllocation", Time since last: 509134075 ns, Reaching safepoint: 55881 ns, At safepoint: 14398795 ns, Total: 14454676 ns
[2020-07-12T00:33:18.852+0000][12883][safepoint    ] Safepoint "Cleanup", Time since last: 1000126089 ns, Reaching safepoint: 65276 ns, At safepoint: 5120 ns, Total: 70396 ns
[2020-07-12T00:33:19.852+0000][12883][safepoint    ] Safepoint "Cleanup", Time since last: 1000074202 ns, Reaching safepoint: 62283 ns, At safepoint: 1555 ns, Total: 63838 ns
[2020-07-12T00:33:21.854+0000][12883][safepoint    ] Safepoint "Cleanup", Time since last: 2001237631 ns, Reaching safepoint: 1103939 ns, At safepoint: 5208 ns, Total: 1109147 ns
[2020-07-12T00:33:22.854+0000][12883][safepoint    ] Safepoint "Cleanup", Time since last: 1000116229 ns, Reaching safepoint: 57588 ns, At safepoint: 4340 ns, Total: 61928 ns
[2020-07-12T00:33:23.855+0000][12883][safepoint    ] Safepoint "Cleanup", Time since last: 1000105881 ns, Reaching safepoint: 55614 ns, At safepoint: 3961 ns, Total: 59575 ns
[2020-07-12T00:33:24.855+0000][12883][safepoint    ] Safepoint "Cleanup", Time since last: 1000120563 ns, Reaching safepoint: 63888 ns, At safepoint: 1478 ns, Total: 65366 ns
[2020-07-12T00:33:27.855+0000][12883][safepoint    ] Safepoint "Cleanup", Time since last: 3000372855 ns, Reaching safepoint: 117859 ns, At safepoint: 5954 ns, Total: 123813 ns
[2020-07-12T00:33:28.856+0000][12883][safepoint    ] Safepoint "Cleanup", Time since last: 1000192520 ns, Reaching safepoint: 81167 ns, At safepoint: 6801 ns, Total: 87968 ns
[2020-07-12T00:33:29.856+0000][12883][safepoint    ] Safepoint "Cleanup", Time since last: 1000138326 ns, Reaching safepoint: 67667 ns, At safepoint: 1306 ns, Total: 68973 ns
[2020-07-12T00:33:31.857+0000][12883][safepoint    ] Safepoint "Cleanup", Time since last: 2000529898 ns, Reaching safepoint: 289118 ns, At safepoint: 7744 ns, Total: 296862 ns
[2020-07-12T00:33:33.857+0000][12883][safepoint    ] Safepoint "Cleanup", Time since last: 2000176133 ns, Reaching safepoint: 333067 ns, At safepoint: 5331 ns, Total: 338398 ns
[2020-07-12T00:33:35.858+0000][12883][safepoint    ] Safepoint "Cleanup", Time since last: 2000261171 ns, Reaching safepoint: 826766 ns, At safepoint: 7944 ns, Total: 834710 ns
[2020-07-12T00:33:36.859+0000][12883][safepoint    ] Safepoint "Cleanup", Time since last: 1000193197 ns, Reaching safepoint: 54157 ns, At safepoint: 5925 ns, Total: 60082 ns
[2020-07-12T00:33:39.860+0000][12883][safepoint    ] Safepoint "Cleanup", Time since last: 3000222481 ns, Reaching safepoint: 1076817 ns, At safepoint: 5240 ns, Total: 1082057 ns
[2020-07-12T00:33:41.861+0000][12883][safepoint    ] Safepoint "Cleanup", Time since last: 2000190750 ns, Reaching safepoint: 846757 ns, At safepoint: 6543 ns, Total: 853300 ns
[2020-07-12T00:33:42.861+0000][12883][safepoint    ] Safepoint "Cleanup", Time since last: 1000117265 ns, Reaching safepoint: 61708 ns, At safepoint: 4400 ns, Total: 66108 ns
[2020-07-12T00:33:44.861+0000][12883][safepoint    ] Safepoint "Cleanup", Time since last: 2000115819 ns, Reaching safepoint: 82994 ns, At safepoint: 7379 ns, Total: 90373 ns
[2020-07-12T00:33:46.882+0000][12883][gc,heap      ] GC(15) Heap before GC invocations=15 (full 0): garbage-first heap   total 4194304K, used 2524210K [0x0000000700000000, 0x0000000800000000)
[2020-07-12T00:33:46.882+0000][12883][gc,heap      ] GC(15)   region size 2048K, 1228 young (2514944K), 11 survivors (22528K)
[2020-07-12T00:33:46.882+0000][12883][gc,heap      ] GC(15)  Metaspace       used 87657K, capacity 90484K, committed 90788K, reserved 1128448K
[2020-07-12T00:33:46.882+0000][12883][gc,heap      ] GC(15)   class space    used 11347K, capacity 12671K, committed 12748K, reserved 1048576K
[2020-07-12T00:33:46.882+0000][12883][gc,start     ] GC(15) Pause Young (Normal) (G1 Evacuation Pause)
[2020-07-12T00:33:46.882+0000][12883][gc,task      ] GC(15) Using 8 workers of 8 for evacuation
[2020-07-12T00:33:46.882+0000][12883][gc,age       ] GC(15) Desired survivor size 161480704 bytes, new threshold 15 (max threshold 15)
[2020-07-12T00:33:46.897+0000][12883][gc,age       ] GC(15) Age table with threshold 15 (max threshold 15)
[2020-07-12T00:33:46.897+0000][12883][gc,age       ] GC(15) - age   1:      89032 bytes,      89032 total
[2020-07-12T00:33:46.897+0000][12883][gc,age       ] GC(15) - age   2:       8864 bytes,      97896 total
[2020-07-12T00:33:46.897+0000][12883][gc,age       ] GC(15) - age   3:       6296 bytes,     104192 total
[2020-07-12T00:33:46.897+0000][12883][gc,age       ] GC(15) - age   4:       8984 bytes,     113176 total
[2020-07-12T00:33:46.897+0000][12883][gc,age       ] GC(15) - age   5:      76008 bytes,     189184 total
[2020-07-12T00:33:46.897+0000][12883][gc,age       ] GC(15) - age   6:     446688 bytes,     635872 total
[2020-07-12T00:33:46.897+0000][12883][gc,age       ] GC(15) - age   7:     859624 bytes,    1495496 total
[2020-07-12T00:33:46.897+0000][12883][gc,age       ] GC(15) - age   8:    6321736 bytes,    7817232 total
[2020-07-12T00:33:46.897+0000][12883][gc,age       ] GC(15) - age   9:    1414128 bytes,    9231360 total
[2020-07-12T00:33:46.897+0000][12883][gc,age       ] GC(15) - age  10:    4925920 bytes,   14157280 total
[2020-07-12T00:33:46.897+0000][12883][gc,age       ] GC(15) - age  11:    5610480 bytes,   19767760 total
[2020-07-12T00:33:46.897+0000][12883][gc,phases    ] GC(15)   Pre Evacuate Collection Set: 0.2ms
[2020-07-12T00:33:46.897+0000][12883][gc,phases    ] GC(15)   Merge Heap Roots: 0.2ms
[2020-07-12T00:33:46.897+0000][12883][gc,phases    ] GC(15)   Evacuate Collection Set: 12.0ms
[2020-07-12T00:33:46.897+0000][12883][gc,phases    ] GC(15)   Post Evacuate Collection Set: 1.8ms
[2020-07-12T00:33:46.897+0000][12883][gc,phases    ] GC(15)   Other: 0.2ms
[2020-07-12T00:33:46.897+0000][12883][gc,heap      ] GC(15) Eden regions: 1217->0(1217)
[2020-07-12T00:33:46.897+0000][12883][gc,heap      ] GC(15) Survivor regions: 11->11(154)
[2020-07-12T00:33:46.897+0000][12883][gc,heap      ] GC(15) Old regions: 5->5
[2020-07-12T00:33:46.897+0000][12883][gc,heap      ] GC(15) Archive regions: 2->2
[2020-07-12T00:33:46.897+0000][12883][gc,heap      ] GC(15) Humongous regions: 0->0
[2020-07-12T00:33:46.897+0000][12883][gc,metaspace ] GC(15) Metaspace: 87657K(90788K)->87657K(90788K) NonClass: 76309K(78040K)->76309K(78040K) Class: 11347K(12748K)->11347K(12748K)
[2020-07-12T00:33:46.897+0000][12883][gc,heap      ] GC(15) Heap after GC invocations=16 (full 0): garbage-first heap   total 4194304K, used 32719K [0x0000000700000000, 0x0000000800000000)
[2020-07-12T00:33:46.897+0000][12883][gc,heap      ] GC(15)   region size 2048K, 11 young (22528K), 11 survivors (22528K)
[2020-07-12T00:33:46.897+0000][12883][gc,heap      ] GC(15)  Metaspace       used 87657K, capacity 90484K, committed 90788K, reserved 1128448K
[2020-07-12T00:33:46.897+0000][12883][gc,heap      ] GC(15)   class space    used 11347K, capacity 12671K, committed 12748K, reserved 1048576K
[2020-07-12T00:33:46.897+0000][12883][gc           ] GC(15) Pause Young (Normal) (G1 Evacuation Pause) 2465M->31M(4096M) 14.498ms
[2020-07-12T00:33:46.897+0000][12883][gc,cpu       ] GC(15) User=0.06s Sys=0.00s Real=0.01s
[2020-07-12T00:33:46.897+0000][12883][safepoint    ] Safepoint "G1CollectForAllocation", Time since last: 2020934214 ns, Reaching safepoint: 68589 ns, At safepoint: 14587369 ns, Total: 14655958 ns
[2020-07-12T00:33:57.306+0000][12883][safepoint    ] Safepoint "PrintThreads", Time since last: 10406125459 ns, Reaching safepoint: 354856 ns, At safepoint: 2705756 ns, Total: 3060612 ns
[2020-07-12T00:33:57.307+0000][12883][safepoint    ] Safepoint "PrintJNI", Time since last: 343382 ns, Reaching safepoint: 437567 ns, At safepoint: 43186 ns, Total: 480753 ns
[2020-07-12T00:33:57.307+0000][12883][safepoint    ] Safepoint "FindDeadlocks", Time since last: 248599 ns, Reaching safepoint: 288945 ns, At safepoint: 22267 ns, Total: 311212 ns
[2020-07-12T00:34:15.946+0000][12883][gc,heap      ] GC(16) Heap before GC invocations=16 (full 0): garbage-first heap   total 4194304K, used 2525135K [0x0000000700000000, 0x0000000800000000)
[2020-07-12T00:34:15.947+0000][12883][gc,heap      ] GC(16)   region size 2048K, 1228 young (2514944K), 11 survivors (22528K)
[2020-07-12T00:34:15.947+0000][12883][gc,heap      ] GC(16)  Metaspace       used 87659K, capacity 90484K, committed 90788K, reserved 1128448K
[2020-07-12T00:34:15.947+0000][12883][gc,heap      ] GC(16)   class space    used 11347K, capacity 12671K, committed 12748K, reserved 1048576K
[2020-07-12T00:34:15.947+0000][12883][gc,start     ] GC(16) Pause Young (Normal) (G1 Evacuation Pause)
[2020-07-12T00:34:15.947+0000][12883][gc,task      ] GC(16) Using 8 workers of 8 for evacuation
[2020-07-12T00:34:15.947+0000][12883][gc,age       ] GC(16) Desired survivor size 161480704 bytes, new threshold 15 (max threshold 15)
[2020-07-12T00:34:15.964+0000][12883][gc,age       ] GC(16) Age table with threshold 15 (max threshold 15)
[2020-07-12T00:34:15.964+0000][12883][gc,age       ] GC(16) - age   1:      74816 bytes,      74816 total
[2020-07-12T00:34:15.964+0000][12883][gc,age       ] GC(16) - age   2:      23024 bytes,      97840 total
[2020-07-12T00:34:15.964+0000][12883][gc,age       ] GC(16) - age   3:       8864 bytes,     106704 total
[2020-07-12T00:34:15.964+0000][12883][gc,age       ] GC(16) - age   4:       6296 bytes,     113000 total
[2020-07-12T00:34:15.964+0000][12883][gc,age       ] GC(16) - age   5:       8984 bytes,     121984 total
[2020-07-12T00:34:15.964+0000][12883][gc,age       ] GC(16) - age   6:      76008 bytes,     197992 total
[2020-07-12T00:34:15.964+0000][12883][gc,age       ] GC(16) - age   7:     446688 bytes,     644680 total
[2020-07-12T00:34:15.964+0000][12883][gc,age       ] GC(16) - age   8:     859624 bytes,    1504304 total
[2020-07-12T00:34:15.964+0000][12883][gc,age       ] GC(16) - age   9:    6321736 bytes,    7826040 total
[2020-07-12T00:34:15.964+0000][12883][gc,age       ] GC(16) - age  10:    1414128 bytes,    9240168 total
[2020-07-12T00:34:15.964+0000][12883][gc,age       ] GC(16) - age  11:    4925920 bytes,   14166088 total
[2020-07-12T00:34:15.964+0000][12883][gc,age       ] GC(16) - age  12:    5610480 bytes,   19776568 total
[2020-07-12T00:34:15.964+0000][12883][gc,phases    ] GC(16)   Pre Evacuate Collection Set: 0.2ms
[2020-07-12T00:34:15.964+0000][12883][gc,phases    ] GC(16)   Merge Heap Roots: 0.1ms
[2020-07-12T00:34:15.964+0000][12883][gc,phases    ] GC(16)   Evacuate Collection Set: 15.4ms
[2020-07-12T00:34:15.964+0000][12883][gc,phases    ] GC(16)   Post Evacuate Collection Set: 1.8ms
[2020-07-12T00:34:15.964+0000][12883][gc,phases    ] GC(16)   Other: 0.4ms
[2020-07-12T00:34:15.964+0000][12883][gc,heap      ] GC(16) Eden regions: 1217->0(1217)
[2020-07-12T00:34:15.964+0000][12883][gc,heap      ] GC(16) Survivor regions: 11->11(154)
[2020-07-12T00:34:15.965+0000][12883][gc,heap      ] GC(16) Old regions: 5->5
[2020-07-12T00:34:15.965+0000][12883][gc,heap      ] GC(16) Archive regions: 2->2
[2020-07-12T00:34:15.965+0000][12883][gc,heap      ] GC(16) Humongous regions: 0->0
[2020-07-12T00:34:15.965+0000][12883][gc,metaspace ] GC(16) Metaspace: 87659K(90788K)->87659K(90788K) NonClass: 76311K(78040K)->76311K(78040K) Class: 11347K(12748K)->11347K(12748K)
[2020-07-12T00:34:15.965+0000][12883][gc,heap      ] GC(16) Heap after GC invocations=17 (full 0): garbage-first heap   total 4194304K, used 32379K [0x0000000700000000, 0x0000000800000000)
[2020-07-12T00:34:15.965+0000][12883][gc,heap      ] GC(16)   region size 2048K, 11 young (22528K), 11 survivors (22528K)
[2020-07-12T00:34:15.965+0000][12883][gc,heap      ] GC(16)  Metaspace       used 87659K, capacity 90484K, committed 90788K, reserved 1128448K
[2020-07-12T00:34:15.965+0000][12883][gc,heap      ] GC(16)   class space    used 11347K, capacity 12671K, committed 12748K, reserved 1048576K
[2020-07-12T00:34:15.965+0000][12883][gc           ] GC(16) Pause Young (Normal) (G1 Evacuation Pause) 2465M->31M(4096M) 18.013ms
[2020-07-12T00:34:15.965+0000][12883][gc,cpu       ] GC(16) User=0.07s Sys=0.00s Real=0.02s
[2020-07-12T00:34:15.965+0000][12883][safepoint    ] Safepoint "G1CollectForAllocation", Time since last: 18639001088 ns, Reaching safepoint: 60499 ns, At safepoint: 18113446 ns, Total: 18173945 ns
[2020-07-12T00:34:23.453+0000][12883][safepoint    ] Safepoint "Cleanup", Time since last: 7488536601 ns, Reaching safepoint: 118745 ns, At safepoint: 13399 ns, Total: 132144 ns
[2020-07-12T00:34:24.454+0000][12883][safepoint    ] Safepoint "Cleanup", Time since last: 1000534000 ns, Reaching safepoint: 86774 ns, At safepoint: 2372 ns, Total: 89146 ns
[2020-07-12T00:34:27.456+0000][12883][safepoint    ] Safepoint "Cleanup", Time since last: 3001615723 ns, Reaching safepoint: 207234 ns, At safepoint: 8622 ns, Total: 215856 ns
[2020-07-12T00:34:28.457+0000][12883][safepoint    ] Safepoint "Cleanup", Time since last: 1000824126 ns, Reaching safepoint: 157313 ns, At safepoint: 5036 ns, Total: 162349 ns
[2020-07-12T00:34:36.469+0000][12883][safepoint    ] Safepoint "Cleanup", Time since last: 8012299793 ns, Reaching safepoint: 215120 ns, At safepoint: 7839 ns, Total: 222959 ns
[2020-07-12T00:34:37.470+0000][12883][safepoint    ] Safepoint "Cleanup", Time since last: 1000869341 ns, Reaching safepoint: 146264 ns, At safepoint: 10065 ns, Total: 156329 ns
[2020-07-12T00:34:45.732+0000][12883][gc,heap      ] GC(17) Heap before GC invocations=17 (full 0): garbage-first heap   total 4194304K, used 2524795K [0x0000000700000000, 0x0000000800000000)
[2020-07-12T00:34:45.732+0000][12883][gc,heap      ] GC(17)   region size 2048K, 1228 young (2514944K), 11 survivors (22528K)
[2020-07-12T00:34:45.732+0000][12883][gc,heap      ] GC(17)  Metaspace       used 87697K, capacity 90548K, committed 90788K, reserved 1128448K
[2020-07-12T00:34:45.732+0000][12883][gc,heap      ] GC(17)   class space    used 11347K, capacity 12671K, committed 12748K, reserved 1048576K
[2020-07-12T00:34:45.732+0000][12883][gc,start     ] GC(17) Pause Young (Normal) (G1 Evacuation Pause)
[2020-07-12T00:34:45.732+0000][12883][gc,task      ] GC(17) Using 8 workers of 8 for evacuation
[2020-07-12T00:34:45.732+0000][12883][gc,age       ] GC(17) Desired survivor size 161480704 bytes, new threshold 15 (max threshold 15)
[2020-07-12T00:34:45.744+0000][12883][gc,age       ] GC(17) Age table with threshold 15 (max threshold 15)
[2020-07-12T00:34:45.744+0000][12883][gc,age       ] GC(17) - age   1:      92704 bytes,      92704 total
[2020-07-12T00:34:45.744+0000][12883][gc,age       ] GC(17) - age   3:       6640 bytes,      99344 total
[2020-07-12T00:34:45.744+0000][12883][gc,age       ] GC(17) - age   4:       8256 bytes,     107600 total
[2020-07-12T00:34:45.744+0000][12883][gc,age       ] GC(17) - age   5:       6104 bytes,     113704 total
[2020-07-12T00:34:45.744+0000][12883][gc,age       ] GC(17) - age   6:       8568 bytes,     122272 total
[2020-07-12T00:34:45.744+0000][12883][gc,age       ] GC(17) - age   7:      74504 bytes,     196776 total
[2020-07-12T00:34:45.744+0000][12883][gc,age       ] GC(17) - age   8:     446400 bytes,     643176 total
[2020-07-12T00:34:45.744+0000][12883][gc,age       ] GC(17) - age   9:     859560 bytes,    1502736 total
[2020-07-12T00:34:45.744+0000][12883][gc,age       ] GC(17) - age  10:    6321736 bytes,    7824472 total
[2020-07-12T00:34:45.744+0000][12883][gc,age       ] GC(17) - age  11:    1414128 bytes,    9238600 total
[2020-07-12T00:34:45.744+0000][12883][gc,age       ] GC(17) - age  12:    4925920 bytes,   14164520 total
[2020-07-12T00:34:45.744+0000][12883][gc,age       ] GC(17) - age  13:    5610480 bytes,   19775000 total
[2020-07-12T00:34:45.744+0000][12883][gc,phases    ] GC(17)   Pre Evacuate Collection Set: 0.2ms
[2020-07-12T00:34:45.744+0000][12883][gc,phases    ] GC(17)   Merge Heap Roots: 0.1ms
[2020-07-12T00:34:45.744+0000][12883][gc,phases    ] GC(17)   Evacuate Collection Set: 10.4ms
[2020-07-12T00:34:45.744+0000][12883][gc,phases    ] GC(17)   Post Evacuate Collection Set: 1.9ms
[2020-07-12T00:34:45.744+0000][12883][gc,phases    ] GC(17)   Other: 0.2ms
[2020-07-12T00:34:45.744+0000][12883][gc,heap      ] GC(17) Eden regions: 1217->0(1218)
[2020-07-12T00:34:45.744+0000][12883][gc,heap      ] GC(17) Survivor regions: 11->10(154)
[2020-07-12T00:34:45.744+0000][12883][gc,heap      ] GC(17) Old regions: 5->5
[2020-07-12T00:34:45.744+0000][12883][gc,heap      ] GC(17) Archive regions: 2->2
[2020-07-12T00:34:45.744+0000][12883][gc,heap      ] GC(17) Humongous regions: 0->0
[2020-07-12T00:34:45.745+0000][12883][gc,metaspace ] GC(17) Metaspace: 87697K(90788K)->87697K(90788K) NonClass: 76350K(78040K)->76350K(78040K) Class: 11347K(12748K)->11347K(12748K)
[2020-07-12T00:34:45.745+0000][12883][gc,heap      ] GC(17) Heap after GC invocations=18 (full 0): garbage-first heap   total 4194304K, used 31321K [0x0000000700000000, 0x0000000800000000)
[2020-07-12T00:34:45.745+0000][12883][gc,heap      ] GC(17)   region size 2048K, 10 young (20480K), 10 survivors (20480K)
[2020-07-12T00:34:45.745+0000][12883][gc,heap      ] GC(17)  Metaspace       used 87697K, capacity 90548K, committed 90788K, reserved 1128448K
[2020-07-12T00:34:45.745+0000][12883][gc,heap      ] GC(17)   class space    used 11347K, capacity 12671K, committed 12748K, reserved 1048576K
[2020-07-12T00:34:45.745+0000][12883][gc           ] GC(17) Pause Young (Normal) (G1 Evacuation Pause) 2465M->30M(4096M) 12.926ms
[2020-07-12T00:34:45.745+0000][12883][gc,cpu       ] GC(17) User=0.07s Sys=0.00s Real=0.02s
[2020-07-12T00:34:45.745+0000][12883][safepoint    ] Safepoint "G1CollectForAllocation", Time since last: 8261239914 ns, Reaching safepoint: 70152 ns, At safepoint: 13400827 ns, Total: 13470979 ns
[2020-07-12T00:34:56.746+0000][12883][safepoint    ] Safepoint "Cleanup", Time since last: 11000966505 ns, Reaching safepoint: 94754 ns, At safepoint: 3485 ns, Total: 98239 ns
[2020-07-12T00:34:57.316+0000][12883][safepoint    ] Safepoint "PrintThreads", Time since last: 566233940 ns, Reaching safepoint: 528849 ns, At safepoint: 3326331 ns, Total: 3855180 ns
[2020-07-12T00:34:57.317+0000][12883][safepoint    ] Safepoint "PrintJNI", Time since last: 155075 ns, Reaching safepoint: 641867 ns, At safepoint: 35302 ns, Total: 677169 ns
[2020-07-12T00:34:57.317+0000][12883][safepoint    ] Safepoint "FindDeadlocks", Time since last: 124593 ns, Reaching safepoint: 359561 ns, At safepoint: 25734 ns, Total: 385295 ns
[2020-07-12T00:35:00.321+0000][12883][safepoint    ] Safepoint "Cleanup", Time since last: 3003538227 ns, Reaching safepoint: 464322 ns, At safepoint: 16338 ns, Total: 480660 ns
[2020-07-12T00:35:03.324+0000][12883][safepoint    ] Safepoint "Cleanup", Time since last: 3001953434 ns, Reaching safepoint: 85634 ns, At safepoint: 1910 ns, Total: 87544 ns
[2020-07-12T00:35:06.326+0000][12883][safepoint    ] Safepoint "Cleanup", Time since last: 3002016099 ns, Reaching safepoint: 758653 ns, At safepoint: 43161 ns, Total: 801814 ns
[2020-07-12T00:35:10.446+0000][12883][safepoint    ] Safepoint "Cleanup", Time since last: 4119847764 ns, Reaching safepoint: 99318 ns, At safepoint: 2680 ns, Total: 101998 ns
[2020-07-12T00:35:14.451+0000][12883][safepoint    ] Safepoint "Cleanup", Time since last: 4004466353 ns, Reaching safepoint: 309054 ns, At safepoint: 9292 ns, Total: 318346 ns
[2020-07-12T00:35:14.799+0000][12883][gc,heap      ] GC(18) Heap before GC invocations=18 (full 0): garbage-first heap   total 4194304K, used 2525785K [0x0000000700000000, 0x0000000800000000)
[2020-07-12T00:35:14.799+0000][12883][gc,heap      ] GC(18)   region size 2048K, 1228 young (2514944K), 10 survivors (20480K)
[2020-07-12T00:35:14.799+0000][12883][gc,heap      ] GC(18)  Metaspace       used 87803K, capacity 90614K, committed 90788K, reserved 1128448K
[2020-07-12T00:35:14.799+0000][12883][gc,heap      ] GC(18)   class space    used 11347K, capacity 12671K, committed 12748K, reserved 1048576K
[2020-07-12T00:35:14.799+0000][12883][gc,start     ] GC(18) Pause Young (Normal) (G1 Evacuation Pause)
[2020-07-12T00:35:14.799+0000][12883][gc,task      ] GC(18) Using 8 workers of 8 for evacuation
[2020-07-12T00:35:14.799+0000][12883][gc,age       ] GC(18) Desired survivor size 161480704 bytes, new threshold 15 (max threshold 15)
[2020-07-12T00:35:14.812+0000][12883][gc,age       ] GC(18) Age table with threshold 15 (max threshold 15)
[2020-07-12T00:35:14.812+0000][12883][gc,age       ] GC(18) - age   1:      78152 bytes,      78152 total
[2020-07-12T00:35:14.812+0000][12883][gc,age       ] GC(18) - age   2:       6064 bytes,      84216 total
[2020-07-12T00:35:14.812+0000][12883][gc,age       ] GC(18) - age   4:       6544 bytes,      90760 total
[2020-07-12T00:35:14.812+0000][12883][gc,age       ] GC(18) - age   5:       8064 bytes,      98824 total
[2020-07-12T00:35:14.812+0000][12883][gc,age       ] GC(18) - age   6:       6104 bytes,     104928 total
[2020-07-12T00:35:14.812+0000][12883][gc,age       ] GC(18) - age   7:       8568 bytes,     113496 total
[2020-07-12T00:35:14.812+0000][12883][gc,age       ] GC(18) - age   8:      74472 bytes,     187968 total
[2020-07-12T00:35:14.812+0000][12883][gc,age       ] GC(18) - age   9:     446400 bytes,     634368 total
[2020-07-12T00:35:14.812+0000][12883][gc,age       ] GC(18) - age  10:     859560 bytes,    1493928 total
[2020-07-12T00:35:14.812+0000][12883][gc,age       ] GC(18) - age  11:    6321736 bytes,    7815664 total
[2020-07-12T00:35:14.812+0000][12883][gc,age       ] GC(18) - age  12:    1414128 bytes,    9229792 total
[2020-07-12T00:35:14.812+0000][12883][gc,age       ] GC(18) - age  13:    4925920 bytes,   14155712 total
[2020-07-12T00:35:14.812+0000][12883][gc,age       ] GC(18) - age  14:    5610480 bytes,   19766192 total
[2020-07-12T00:35:14.812+0000][12883][gc,phases    ] GC(18)   Pre Evacuate Collection Set: 0.2ms
[2020-07-12T00:35:14.812+0000][12883][gc,phases    ] GC(18)   Merge Heap Roots: 0.1ms
[2020-07-12T00:35:14.812+0000][12883][gc,phases    ] GC(18)   Evacuate Collection Set: 10.7ms
[2020-07-12T00:35:14.812+0000][12883][gc,phases    ] GC(18)   Post Evacuate Collection Set: 1.6ms
[2020-07-12T00:35:14.812+0000][12883][gc,phases    ] GC(18)   Other: 0.4ms
[2020-07-12T00:35:14.812+0000][12883][gc,heap      ] GC(18) Eden regions: 1218->0(1217)
[2020-07-12T00:35:14.812+0000][12883][gc,heap      ] GC(18) Survivor regions: 10->11(154)
[2020-07-12T00:35:14.812+0000][12883][gc,heap      ] GC(18) Old regions: 5->5
[2020-07-12T00:35:14.812+0000][12883][gc,heap      ] GC(18) Archive regions: 2->2
[2020-07-12T00:35:14.812+0000][12883][gc,heap      ] GC(18) Humongous regions: 0->0
[2020-07-12T00:35:14.812+0000][12883][gc,metaspace ] GC(18) Metaspace: 87803K(90788K)->87803K(90788K) NonClass: 76455K(78040K)->76455K(78040K) Class: 11347K(12748K)->11347K(12748K)
[2020-07-12T00:35:14.812+0000][12883][gc,heap      ] GC(18) Heap after GC invocations=19 (full 0): garbage-first heap   total 4194304K, used 32248K [0x0000000700000000, 0x0000000800000000)
[2020-07-12T00:35:14.812+0000][12883][gc,heap      ] GC(18)   region size 2048K, 11 young (22528K), 11 survivors (22528K)
[2020-07-12T00:35:14.812+0000][12883][gc,heap      ] GC(18)  Metaspace       used 87803K, capacity 90614K, committed 90788K, reserved 1128448K
[2020-07-12T00:35:14.812+0000][12883][gc,heap      ] GC(18)   class space    used 11347K, capacity 12671K, committed 12748K, reserved 1048576K
[2020-07-12T00:35:14.812+0000][12883][gc           ] GC(18) Pause Young (Normal) (G1 Evacuation Pause) 2466M->31M(4096M) 13.069ms
[2020-07-12T00:35:14.812+0000][12883][gc,cpu       ] GC(18) User=0.07s Sys=0.00s Real=0.01s
[2020-07-12T00:35:14.812+0000][12883][safepoint    ] Safepoint "G1CollectForAllocation", Time since last: 347626129 ns, Reaching safepoint: 69436 ns, At safepoint: 13169257 ns, Total: 13238693 ns
[2020-07-12T00:35:22.813+0000][12883][safepoint    ] Safepoint "Cleanup", Time since last: 8000691138 ns, Reaching safepoint: 260457 ns, At safepoint: 10276 ns, Total: 270733 ns
[2020-07-12T00:35:26.814+0000][12883][safepoint    ] Safepoint "Cleanup", Time since last: 4000539558 ns, Reaching safepoint: 67108 ns, At safepoint: 2840 ns, Total: 69948 ns
[2020-07-12T00:35:28.814+0000][12883][safepoint    ] Safepoint "Cleanup", Time since last: 2000222064 ns, Reaching safepoint: 68473 ns, At safepoint: 12084 ns, Total: 80557 ns
[2020-07-12T00:35:29.814+0000][12883][safepoint    ] Safepoint "Cleanup", Time since last: 1000135523 ns, Reaching safepoint: 110233 ns, At safepoint: 4778 ns, Total: 115011 ns
[2020-07-12T00:35:30.814+0000][12883][safepoint    ] Safepoint "Cleanup", Time since last: 1000100131 ns, Reaching safepoint: 84130 ns, At safepoint: 3986 ns, Total: 88116 ns
[2020-07-12T00:35:32.815+0000][12883][safepoint    ] Safepoint "Cleanup", Time since last: 2000970076 ns, Reaching safepoint: 65105 ns, At safepoint: 1882 ns, Total: 66987 ns
[2020-07-12T00:35:42.817+0000][12883][safepoint    ] Safepoint "Cleanup", Time since last: 10000890854 ns, Reaching safepoint: 456966 ns, At safepoint: 8500 ns, Total: 465466 ns
[2020-07-12T00:35:43.865+0000][12883][gc,heap      ] GC(19) Heap before GC invocations=19 (full 0): garbage-first heap   total 4194304K, used 2524664K [0x0000000700000000, 0x0000000800000000)
[2020-07-12T00:35:43.865+0000][12883][gc,heap      ] GC(19)   region size 2048K, 1228 young (2514944K), 11 survivors (22528K)
[2020-07-12T00:35:43.865+0000][12883][gc,heap      ] GC(19)  Metaspace       used 87989K, capacity 90814K, committed 91044K, reserved 1128448K
[2020-07-12T00:35:43.865+0000][12883][gc,heap      ] GC(19)   class space    used 11347K, capacity 12671K, committed 12748K, reserved 1048576K
[2020-07-12T00:35:43.865+0000][12883][gc,start     ] GC(19) Pause Young (Normal) (G1 Evacuation Pause)
[2020-07-12T00:35:43.865+0000][12883][gc,task      ] GC(19) Using 8 workers of 8 for evacuation
[2020-07-12T00:35:43.865+0000][12883][gc,age       ] GC(19) Desired survivor size 161480704 bytes, new threshold 15 (max threshold 15)
[2020-07-12T00:35:43.882+0000][12883][gc,age       ] GC(19) Age table with threshold 15 (max threshold 15)
[2020-07-12T00:35:43.882+0000][12883][gc,age       ] GC(19) - age   1:      66792 bytes,      66792 total
[2020-07-12T00:35:43.882+0000][12883][gc,age       ] GC(19) - age   2:       3456 bytes,      70248 total
[2020-07-12T00:35:43.882+0000][12883][gc,age       ] GC(19) - age   3:       6032 bytes,      76280 total
[2020-07-12T00:35:43.882+0000][12883][gc,age       ] GC(19) - age   5:       6544 bytes,      82824 total
[2020-07-12T00:35:43.882+0000][12883][gc,age       ] GC(19) - age   6:       8064 bytes,      90888 total
[2020-07-12T00:35:43.882+0000][12883][gc,age       ] GC(19) - age   7:       6104 bytes,      96992 total
[2020-07-12T00:35:43.882+0000][12883][gc,age       ] GC(19) - age   8:       8568 bytes,     105560 total
[2020-07-12T00:35:43.882+0000][12883][gc,age       ] GC(19) - age   9:      74472 bytes,     180032 total
[2020-07-12T00:35:43.882+0000][12883][gc,age       ] GC(19) - age  10:     446400 bytes,     626432 total
[2020-07-12T00:35:43.882+0000][12883][gc,age       ] GC(19) - age  11:     859560 bytes,    1485992 total
[2020-07-12T00:35:43.882+0000][12883][gc,age       ] GC(19) - age  12:    6321736 bytes,    7807728 total
[2020-07-12T00:35:43.882+0000][12883][gc,age       ] GC(19) - age  13:    1414128 bytes,    9221856 total
[2020-07-12T00:35:43.882+0000][12883][gc,age       ] GC(19) - age  14:    4925920 bytes,   14147776 total
[2020-07-12T00:35:43.882+0000][12883][gc,age       ] GC(19) - age  15:    5610480 bytes,   19758256 total
[2020-07-12T00:35:43.882+0000][12883][gc,phases    ] GC(19)   Pre Evacuate Collection Set: 0.3ms
[2020-07-12T00:35:43.882+0000][12883][gc,phases    ] GC(19)   Merge Heap Roots: 0.1ms
[2020-07-12T00:35:43.882+0000][12883][gc,phases    ] GC(19)   Evacuate Collection Set: 14.0ms
[2020-07-12T00:35:43.882+0000][12883][gc,phases    ] GC(19)   Post Evacuate Collection Set: 1.8ms
[2020-07-12T00:35:43.882+0000][12883][gc,phases    ] GC(19)   Other: 0.4ms
[2020-07-12T00:35:43.882+0000][12883][gc,heap      ] GC(19) Eden regions: 1217->0(1218)
[2020-07-12T00:35:43.882+0000][12883][gc,heap      ] GC(19) Survivor regions: 11->10(154)
[2020-07-12T00:35:43.882+0000][12883][gc,heap      ] GC(19) Old regions: 5->5
[2020-07-12T00:35:43.882+0000][12883][gc,heap      ] GC(19) Archive regions: 2->2
[2020-07-12T00:35:43.882+0000][12883][gc,heap      ] GC(19) Humongous regions: 0->0
[2020-07-12T00:35:43.882+0000][12883][gc,metaspace ] GC(19) Metaspace: 87989K(91044K)->87989K(91044K) NonClass: 76641K(78296K)->76641K(78296K) Class: 11347K(12748K)->11347K(12748K)
[2020-07-12T00:35:43.882+0000][12883][gc,heap      ] GC(19) Heap after GC invocations=20 (full 0): garbage-first heap   total 4194304K, used 31321K [0x0000000700000000, 0x0000000800000000)
[2020-07-12T00:35:43.882+0000][12883][gc,heap      ] GC(19)   region size 2048K, 10 young (20480K), 10 survivors (20480K)
[2020-07-12T00:35:43.882+0000][12883][gc,heap      ] GC(19)  Metaspace       used 87989K, capacity 90814K, committed 91044K, reserved 1128448K
[2020-07-12T00:35:43.882+0000][12883][gc,heap      ] GC(19)   class space    used 11347K, capacity 12671K, committed 12748K, reserved 1048576K
[2020-07-12T00:35:43.882+0000][12883][gc           ] GC(19) Pause Young (Normal) (G1 Evacuation Pause) 2465M->30M(4096M) 16.725ms
[2020-07-12T00:35:43.882+0000][12883][gc,cpu       ] GC(19) User=0.08s Sys=0.00s Real=0.02s
[2020-07-12T00:35:43.882+0000][12883][safepoint    ] Safepoint "G1CollectForAllocation", Time since last: 1048388168 ns, Reaching safepoint: 157710 ns, At safepoint: 16839139 ns, Total: 16996849 ns
[2020-07-12T00:35:47.882+0000][12883][safepoint    ] Safepoint "Cleanup", Time since last: 4000303930 ns, Reaching safepoint: 68848 ns, At safepoint: 7054 ns, Total: 75902 ns
[2020-07-12T00:35:53.884+0000][12883][safepoint    ] Safepoint "Cleanup", Time since last: 6001476451 ns, Reaching safepoint: 65623 ns, At safepoint: 4723 ns, Total: 70346 ns
[2020-07-12T00:35:57.315+0000][12883][safepoint    ] Safepoint "PrintThreads", Time since last: 3429091972 ns, Reaching safepoint: 204918 ns, At safepoint: 1364477 ns, Total: 1569395 ns
[2020-07-12T00:35:57.315+0000][12883][safepoint    ] Safepoint "PrintJNI", Time since last: 261582 ns, Reaching safepoint: 162794 ns, At safepoint: 13529 ns, Total: 176323 ns
[2020-07-12T00:35:57.315+0000][12883][safepoint    ] Safepoint "FindDeadlocks", Time since last: 229035 ns, Reaching safepoint: 146200 ns, At safepoint: 13928 ns, Total: 160128 ns
[2020-07-12T00:36:07.332+0000][12883][safepoint    ] Safepoint "Cleanup", Time since last: 10016276731 ns, Reaching safepoint: 436984 ns, At safepoint: 8317 ns, Total: 445301 ns
[2020-07-12T00:36:12.341+0000][12883][safepoint    ] Safepoint "Cleanup", Time since last: 5007938250 ns, Reaching safepoint: 523950 ns, At safepoint: 17701 ns, Total: 541651 ns
[2020-07-12T00:36:12.943+0000][12883][gc,heap      ] GC(20) Heap before GC invocations=20 (full 0): garbage-first heap   total 4194304K, used 2525785K [0x0000000700000000, 0x0000000800000000)
[2020-07-12T00:36:12.943+0000][12883][gc,heap      ] GC(20)   region size 2048K, 1228 young (2514944K), 10 survivors (20480K)
[2020-07-12T00:36:12.943+0000][12883][gc,heap      ] GC(20)  Metaspace       used 88018K, capacity 90825K, committed 91044K, reserved 1128448K
[2020-07-12T00:36:12.943+0000][12883][gc,heap      ] GC(20)   class space    used 11347K, capacity 12671K, committed 12748K, reserved 1048576K
[2020-07-12T00:36:12.943+0000][12883][gc,start     ] GC(20) Pause Young (Normal) (G1 Evacuation Pause)
[2020-07-12T00:36:12.943+0000][12883][gc,task      ] GC(20) Using 8 workers of 8 for evacuation
[2020-07-12T00:36:12.943+0000][12883][gc,age       ] GC(20) Desired survivor size 161480704 bytes, new threshold 15 (max threshold 15)
[2020-07-12T00:36:12.957+0000][12883][gc,age       ] GC(20) Age table with threshold 15 (max threshold 15)
[2020-07-12T00:36:12.957+0000][12883][gc,age       ] GC(20) - age   1:      75248 bytes,      75248 total
[2020-07-12T00:36:12.957+0000][12883][gc,age       ] GC(20) - age   2:       1120 bytes,      76368 total
[2020-07-12T00:36:12.957+0000][12883][gc,age       ] GC(20) - age   3:       3424 bytes,      79792 total
[2020-07-12T00:36:12.957+0000][12883][gc,age       ] GC(20) - age   4:       5968 bytes,      85760 total
[2020-07-12T00:36:12.957+0000][12883][gc,age       ] GC(20) - age   6:       6512 bytes,      92272 total
[2020-07-12T00:36:12.957+0000][12883][gc,age       ] GC(20) - age   7:       8064 bytes,     100336 total
[2020-07-12T00:36:12.957+0000][12883][gc,age       ] GC(20) - age   8:       6104 bytes,     106440 total
[2020-07-12T00:36:12.957+0000][12883][gc,age       ] GC(20) - age   9:       8568 bytes,     115008 total
[2020-07-12T00:36:12.957+0000][12883][gc,age       ] GC(20) - age  10:      74472 bytes,     189480 total
[2020-07-12T00:36:12.957+0000][12883][gc,age       ] GC(20) - age  11:     446400 bytes,     635880 total
[2020-07-12T00:36:12.957+0000][12883][gc,age       ] GC(20) - age  12:     859560 bytes,    1495440 total
[2020-07-12T00:36:12.957+0000][12883][gc,age       ] GC(20) - age  13:    6321736 bytes,    7817176 total
[2020-07-12T00:36:12.957+0000][12883][gc,age       ] GC(20) - age  14:    1414128 bytes,    9231304 total
[2020-07-12T00:36:12.957+0000][12883][gc,age       ] GC(20) - age  15:    4925920 bytes,   14157224 total
[2020-07-12T00:36:12.957+0000][12883][gc,phases    ] GC(20)   Pre Evacuate Collection Set: 0.2ms
[2020-07-12T00:36:12.957+0000][12883][gc,phases    ] GC(20)   Merge Heap Roots: 0.1ms
[2020-07-12T00:36:12.957+0000][12883][gc,phases    ] GC(20)   Evacuate Collection Set: 11.4ms
[2020-07-12T00:36:12.957+0000][12883][gc,phases    ] GC(20)   Post Evacuate Collection Set: 1.9ms
[2020-07-12T00:36:12.957+0000][12883][gc,phases    ] GC(20)   Other: 0.4ms
[2020-07-12T00:36:12.957+0000][12883][gc,heap      ] GC(20) Eden regions: 1218->0(1220)
[2020-07-12T00:36:12.957+0000][12883][gc,heap      ] GC(20) Survivor regions: 10->8(154)
[2020-07-12T00:36:12.957+0000][12883][gc,heap      ] GC(20) Old regions: 5->8
[2020-07-12T00:36:12.957+0000][12883][gc,heap      ] GC(20) Archive regions: 2->2
[2020-07-12T00:36:12.957+0000][12883][gc,heap      ] GC(20) Humongous regions: 0->0
[2020-07-12T00:36:12.957+0000][12883][gc,metaspace ] GC(20) Metaspace: 88018K(91044K)->88018K(91044K) NonClass: 76670K(78296K)->76670K(78296K) Class: 11347K(12748K)->11347K(12748K)
[2020-07-12T00:36:12.957+0000][12883][gc,heap      ] GC(20) Heap after GC invocations=21 (full 0): garbage-first heap   total 4194304K, used 32169K [0x0000000700000000, 0x0000000800000000)
[2020-07-12T00:36:12.957+0000][12883][gc,heap      ] GC(20)   region size 2048K, 8 young (16384K), 8 survivors (16384K)
[2020-07-12T00:36:12.957+0000][12883][gc,heap      ] GC(20)  Metaspace       used 88018K, capacity 90825K, committed 91044K, reserved 1128448K
[2020-07-12T00:36:12.957+0000][12883][gc,heap      ] GC(20)   class space    used 11347K, capacity 12671K, committed 12748K, reserved 1048576K
[2020-07-12T00:36:12.957+0000][12883][gc           ] GC(20) Pause Young (Normal) (G1 Evacuation Pause) 2466M->31M(4096M) 14.126ms
[2020-07-12T00:36:12.957+0000][12883][gc,cpu       ] GC(20) User=0.07s Sys=0.00s Real=0.01s
[2020-07-12T00:36:12.957+0000][12883][safepoint    ] Safepoint "G1CollectForAllocation", Time since last: 602194567 ns, Reaching safepoint: 80732 ns, At safepoint: 14234601 ns, Total: 14315333 ns
[2020-07-12T00:36:21.959+0000][12883][safepoint    ] Safepoint "Cleanup", Time since last: 9001417586 ns, Reaching safepoint: 66549 ns, At safepoint: 5390 ns, Total: 71939 ns
[2020-07-12T00:36:28.959+0000][12883][safepoint    ] Safepoint "Cleanup", Time since last: 7000731133 ns, Reaching safepoint: 96628 ns, At safepoint: 4281 ns, Total: 100909 ns
[2020-07-12T00:36:30.960+0000][12883][safepoint    ] Safepoint "Cleanup", Time since last: 2000202711 ns, Reaching safepoint: 66491 ns, At safepoint: 3918 ns, Total: 70409 ns
[2020-07-12T00:36:31.960+0000][12883][safepoint    ] Safepoint "Cleanup", Time since last: 1000184139 ns, Reaching safepoint: 78046 ns, At safepoint: 2791 ns, Total: 80837 ns
[2020-07-12T00:36:36.964+0000][12883][safepoint    ] Safepoint "Cleanup", Time since last: 5003969975 ns, Reaching safepoint: 57831 ns, At safepoint: 4721 ns, Total: 62552 ns
[2020-07-12T00:36:42.784+0000][12883][gc,heap      ] GC(21) Heap before GC invocations=21 (full 0): garbage-first heap   total 4194304K, used 2530729K [0x0000000700000000, 0x0000000800000000)
[2020-07-12T00:36:42.784+0000][12883][gc,heap      ] GC(21)   region size 2048K, 1228 young (2514944K), 8 survivors (16384K)
[2020-07-12T00:36:42.784+0000][12883][gc,heap      ] GC(21)  Metaspace       used 88026K, capacity 90826K, committed 91044K, reserved 1128448K
[2020-07-12T00:36:42.784+0000][12883][gc,heap      ] GC(21)   class space    used 11347K, capacity 12671K, committed 12748K, reserved 1048576K
[2020-07-12T00:36:42.784+0000][12883][gc,start     ] GC(21) Pause Young (Normal) (G1 Evacuation Pause)
[2020-07-12T00:36:42.784+0000][12883][gc,task      ] GC(21) Using 8 workers of 8 for evacuation
[2020-07-12T00:36:42.785+0000][12883][gc,age       ] GC(21) Desired survivor size 161480704 bytes, new threshold 15 (max threshold 15)
[2020-07-12T00:36:42.793+0000][12883][gc,age       ] GC(21) Age table with threshold 15 (max threshold 15)
[2020-07-12T00:36:42.793+0000][12883][gc,age       ] GC(21) - age   1:      69656 bytes,      69656 total
[2020-07-12T00:36:42.793+0000][12883][gc,age       ] GC(21) - age   2:        408 bytes,      70064 total
[2020-07-12T00:36:42.793+0000][12883][gc,age       ] GC(21) - age   3:       1120 bytes,      71184 total
[2020-07-12T00:36:42.793+0000][12883][gc,age       ] GC(21) - age   4:       3392 bytes,      74576 total
[2020-07-12T00:36:42.793+0000][12883][gc,age       ] GC(21) - age   5:       5872 bytes,      80448 total
[2020-07-12T00:36:42.793+0000][12883][gc,age       ] GC(21) - age   7:       6480 bytes,      86928 total
[2020-07-12T00:36:42.793+0000][12883][gc,age       ] GC(21) - age   8:       8064 bytes,      94992 total
[2020-07-12T00:36:42.793+0000][12883][gc,age       ] GC(21) - age   9:       6072 bytes,     101064 total
[2020-07-12T00:36:42.793+0000][12883][gc,age       ] GC(21) - age  10:       8536 bytes,     109600 total
[2020-07-12T00:36:42.793+0000][12883][gc,age       ] GC(21) - age  11:      74408 bytes,     184008 total
[2020-07-12T00:36:42.793+0000][12883][gc,age       ] GC(21) - age  12:     446240 bytes,     630248 total
[2020-07-12T00:36:42.793+0000][12883][gc,age       ] GC(21) - age  13:     859560 bytes,    1489808 total
[2020-07-12T00:36:42.793+0000][12883][gc,age       ] GC(21) - age  14:    6321736 bytes,    7811544 total
[2020-07-12T00:36:42.793+0000][12883][gc,age       ] GC(21) - age  15:    1414128 bytes,    9225672 total
[2020-07-12T00:36:42.793+0000][12883][gc,phases    ] GC(21)   Pre Evacuate Collection Set: 0.2ms
[2020-07-12T00:36:42.793+0000][12883][gc,phases    ] GC(21)   Merge Heap Roots: 0.1ms
[2020-07-12T00:36:42.793+0000][12883][gc,phases    ] GC(21)   Evacuate Collection Set: 6.6ms
[2020-07-12T00:36:42.793+0000][12883][gc,phases    ] GC(21)   Post Evacuate Collection Set: 1.4ms
[2020-07-12T00:36:42.793+0000][12883][gc,phases    ] GC(21)   Other: 0.4ms
[2020-07-12T00:36:42.793+0000][12883][gc,heap      ] GC(21) Eden regions: 1220->0(1222)
[2020-07-12T00:36:42.793+0000][12883][gc,heap      ] GC(21) Survivor regions: 8->6(154)
[2020-07-12T00:36:42.793+0000][12883][gc,heap      ] GC(21) Old regions: 8->10
[2020-07-12T00:36:42.793+0000][12883][gc,heap      ] GC(21) Archive regions: 2->2
[2020-07-12T00:36:42.793+0000][12883][gc,heap      ] GC(21) Humongous regions: 0->0
[2020-07-12T00:36:42.793+0000][12883][gc,metaspace ] GC(21) Metaspace: 88026K(91044K)->88026K(91044K) NonClass: 76679K(78296K)->76679K(78296K) Class: 11347K(12748K)->11347K(12748K)
[2020-07-12T00:36:42.793+0000][12883][gc,heap      ] GC(21) Heap after GC invocations=22 (full 0): garbage-first heap   total 4194304K, used 32173K [0x0000000700000000, 0x0000000800000000)
[2020-07-12T00:36:42.793+0000][12883][gc,heap      ] GC(21)   region size 2048K, 6 young (12288K), 6 survivors (12288K)
[2020-07-12T00:36:42.793+0000][12883][gc,heap      ] GC(21)  Metaspace       used 88026K, capacity 90826K, committed 91044K, reserved 1128448K
[2020-07-12T00:36:42.793+0000][12883][gc,heap      ] GC(21)   class space    used 11347K, capacity 12671K, committed 12748K, reserved 1048576K
[2020-07-12T00:36:42.793+0000][12883][gc           ] GC(21) Pause Young (Normal) (G1 Evacuation Pause) 2471M->31M(4096M) 8.687ms
[2020-07-12T00:36:42.793+0000][12883][gc,cpu       ] GC(21) User=0.04s Sys=0.01s Real=0.01s
[2020-07-12T00:36:42.793+0000][12883][safepoint    ] Safepoint "G1CollectForAllocation", Time since last: 5820281649 ns, Reaching safepoint: 77500 ns, At safepoint: 8810931 ns, Total: 8888431 ns
[2020-07-12T00:36:57.317+0000][12883][safepoint    ] Safepoint "PrintThreads", Time since last: 14520259037 ns, Reaching safepoint: 508455 ns, At safepoint: 3431855 ns, Total: 3940310 ns
[2020-07-12T00:36:57.319+0000][12883][safepoint    ] Safepoint "PrintJNI", Time since last: 624214 ns, Reaching safepoint: 670172 ns, At safepoint: 67198 ns, Total: 737370 ns
[2020-07-12T00:36:57.320+0000][12883][safepoint    ] Safepoint "FindDeadlocks", Time since last: 247222 ns, Reaching safepoint: 456586 ns, At safepoint: 30228 ns, Total: 486814 ns
[2020-07-12T00:37:03.325+0000][12883][safepoint    ] Safepoint "Cleanup", Time since last: 6004415759 ns, Reaching safepoint: 885106 ns, At safepoint: 19865 ns, Total: 904971 ns
[2020-07-12T00:37:05.330+0000][12883][safepoint    ] Safepoint "Cleanup", Time since last: 2004558092 ns, Reaching safepoint: 511993 ns, At safepoint: 19301 ns, Total: 531294 ns
[2020-07-12T00:37:11.867+0000][12883][gc,heap      ] GC(22) Heap before GC invocations=22 (full 0): garbage-first heap   total 4194304K, used 2534829K [0x0000000700000000, 0x0000000800000000)
[2020-07-12T00:37:11.867+0000][12883][gc,heap      ] GC(22)   region size 2048K, 1228 young (2514944K), 6 survivors (12288K)
[2020-07-12T00:37:11.867+0000][12883][gc,heap      ] GC(22)  Metaspace       used 88037K, capacity 90827K, committed 91044K, reserved 1128448K
[2020-07-12T00:37:11.867+0000][12883][gc,heap      ] GC(22)   class space    used 11347K, capacity 12671K, committed 12748K, reserved 1048576K
[2020-07-12T00:37:11.867+0000][12883][gc,start     ] GC(22) Pause Young (Normal) (G1 Evacuation Pause)
[2020-07-12T00:37:11.867+0000][12883][gc,task      ] GC(22) Using 8 workers of 8 for evacuation
[2020-07-12T00:37:11.868+0000][12883][gc,age       ] GC(22) Desired survivor size 161480704 bytes, new threshold 15 (max threshold 15)
[2020-07-12T00:37:11.877+0000][12883][gc,age       ] GC(22) Age table with threshold 15 (max threshold 15)
[2020-07-12T00:37:11.877+0000][12883][gc,age       ] GC(22) - age   1:      66656 bytes,      66656 total
[2020-07-12T00:37:11.877+0000][12883][gc,age       ] GC(22) - age   2:        448 bytes,      67104 total
[2020-07-12T00:37:11.877+0000][12883][gc,age       ] GC(22) - age   3:        408 bytes,      67512 total
[2020-07-12T00:37:11.877+0000][12883][gc,age       ] GC(22) - age   4:       1120 bytes,      68632 total
[2020-07-12T00:37:11.877+0000][12883][gc,age       ] GC(22) - age   5:       3392 bytes,      72024 total
[2020-07-12T00:37:11.877+0000][12883][gc,age       ] GC(22) - age   6:       5680 bytes,      77704 total
[2020-07-12T00:37:11.877+0000][12883][gc,age       ] GC(22) - age   8:       6480 bytes,      84184 total
[2020-07-12T00:37:11.877+0000][12883][gc,age       ] GC(22) - age   9:       8064 bytes,      92248 total
[2020-07-12T00:37:11.877+0000][12883][gc,age       ] GC(22) - age  10:       6072 bytes,      98320 total
[2020-07-12T00:37:11.877+0000][12883][gc,age       ] GC(22) - age  11:       8536 bytes,     106856 total
[2020-07-12T00:37:11.877+0000][12883][gc,age       ] GC(22) - age  12:      74344 bytes,     181200 total
[2020-07-12T00:37:11.877+0000][12883][gc,age       ] GC(22) - age  13:     446240 bytes,     627440 total
[2020-07-12T00:37:11.877+0000][12883][gc,age       ] GC(22) - age  14:     859560 bytes,    1487000 total
[2020-07-12T00:37:11.877+0000][12883][gc,age       ] GC(22) - age  15:    6321736 bytes,    7808736 total
[2020-07-12T00:37:11.877+0000][12883][gc,phases    ] GC(22)   Pre Evacuate Collection Set: 0.3ms
[2020-07-12T00:37:11.877+0000][12883][gc,phases    ] GC(22)   Merge Heap Roots: 0.2ms
[2020-07-12T00:37:11.877+0000][12883][gc,phases    ] GC(22)   Evacuate Collection Set: 7.5ms
[2020-07-12T00:37:11.877+0000][12883][gc,phases    ] GC(22)   Post Evacuate Collection Set: 1.6ms
[2020-07-12T00:37:11.877+0000][12883][gc,phases    ] GC(22)   Other: 0.4ms
[2020-07-12T00:37:11.877+0000][12883][gc,heap      ] GC(22) Eden regions: 1222->0(1223)
[2020-07-12T00:37:11.877+0000][12883][gc,heap      ] GC(22) Survivor regions: 6->5(154)
[2020-07-12T00:37:11.877+0000][12883][gc,heap      ] GC(22) Old regions: 10->11
[2020-07-12T00:37:11.877+0000][12883][gc,heap      ] GC(22) Archive regions: 2->2
[2020-07-12T00:37:11.877+0000][12883][gc,heap      ] GC(22) Humongous regions: 0->0
[2020-07-12T00:37:11.877+0000][12883][gc,metaspace ] GC(22) Metaspace: 88037K(91044K)->88037K(91044K) NonClass: 76690K(78296K)->76690K(78296K) Class: 11347K(12748K)->11347K(12748K)
[2020-07-12T00:37:11.877+0000][12883][gc,heap      ] GC(22) Heap after GC invocations=23 (full 0): garbage-first heap   total 4194304K, used 31971K [0x0000000700000000, 0x0000000800000000)
[2020-07-12T00:37:11.877+0000][12883][gc,heap      ] GC(22)   region size 2048K, 5 young (10240K), 5 survivors (10240K)
[2020-07-12T00:37:11.877+0000][12883][gc,heap      ] GC(22)  Metaspace       used 88037K, capacity 90827K, committed 91044K, reserved 1128448K
[2020-07-12T00:37:11.877+0000][12883][gc,heap      ] GC(22)   class space    used 11347K, capacity 12671K, committed 12748K, reserved 1048576K
[2020-07-12T00:37:11.877+0000][12883][gc           ] GC(22) Pause Young (Normal) (G1 Evacuation Pause) 2475M->31M(4096M) 9.970ms
[2020-07-12T00:37:11.877+0000][12883][gc,cpu       ] GC(22) User=0.04s Sys=0.00s Real=0.01s
[2020-07-12T00:37:11.877+0000][12883][safepoint    ] Safepoint "G1CollectForAllocation", Time since last: 6537378099 ns, Reaching safepoint: 115191 ns, At safepoint: 10079765 ns, Total: 10194956 ns
[2020-07-12T00:37:16.878+0000][12883][safepoint    ] Safepoint "Cleanup", Time since last: 5000487309 ns, Reaching safepoint: 112843 ns, At safepoint: 20729 ns, Total: 133572 ns
[2020-07-12T00:37:17.878+0000][12883][safepoint    ] Safepoint "Cleanup", Time since last: 1000157653 ns, Reaching safepoint: 206903 ns, At safepoint: 11507 ns, Total: 218410 ns
[2020-07-12T00:37:30.881+0000][12883][safepoint    ] Safepoint "Cleanup", Time since last: 13001905831 ns, Reaching safepoint: 772452 ns, At safepoint: 9909 ns, Total: 782361 ns
[2020-07-12T00:37:31.882+0000][12883][safepoint    ] Safepoint "Cleanup", Time since last: 1000279239 ns, Reaching safepoint: 112515 ns, At safepoint: 7488 ns, Total: 120003 ns
[2020-07-12T00:37:37.883+0000][12883][safepoint    ] Safepoint "Cleanup", Time since last: 6000928989 ns, Reaching safepoint: 78380 ns, At safepoint: 8018 ns, Total: 86398 ns
[2020-07-12T00:37:38.883+0000][12883][safepoint    ] Safepoint "Cleanup", Time since last: 1000222837 ns, Reaching safepoint: 202720 ns, At safepoint: 7926 ns, Total: 210646 ns
[2020-07-12T00:37:40.883+0000][12883][safepoint    ] Safepoint "Cleanup", Time since last: 2000166289 ns, Reaching safepoint: 226643 ns, At safepoint: 9705 ns, Total: 236348 ns
[2020-07-12T00:37:40.938+0000][12883][gc,heap      ] GC(23) Heap before GC invocations=23 (full 0): garbage-first heap   total 4194304K, used 2536675K [0x0000000700000000, 0x0000000800000000)
[2020-07-12T00:37:40.938+0000][12883][gc,heap      ] GC(23)   region size 2048K, 1228 young (2514944K), 5 survivors (10240K)
[2020-07-12T00:37:40.938+0000][12883][gc,heap      ] GC(23)  Metaspace       used 88149K, capacity 90959K, committed 91300K, reserved 1128448K
[2020-07-12T00:37:40.938+0000][12883][gc,heap      ] GC(23)   class space    used 11347K, capacity 12671K, committed 12748K, reserved 1048576K
[2020-07-12T00:37:40.938+0000][12883][gc,start     ] GC(23) Pause Young (Normal) (G1 Evacuation Pause)
[2020-07-12T00:37:40.938+0000][12883][gc,task      ] GC(23) Using 8 workers of 8 for evacuation
[2020-07-12T00:37:40.938+0000][12883][gc,age       ] GC(23) Desired survivor size 161480704 bytes, new threshold 15 (max threshold 15)
[2020-07-12T00:37:40.945+0000][12883][gc,age       ] GC(23) Age table with threshold 15 (max threshold 15)
[2020-07-12T00:37:40.945+0000][12883][gc,age       ] GC(23) - age   1:      73248 bytes,      73248 total
[2020-07-12T00:37:40.945+0000][12883][gc,age       ] GC(23) - age   2:        392 bytes,      73640 total
[2020-07-12T00:37:40.945+0000][12883][gc,age       ] GC(23) - age   3:        448 bytes,      74088 total
[2020-07-12T00:37:40.945+0000][12883][gc,age       ] GC(23) - age   4:        376 bytes,      74464 total
[2020-07-12T00:37:40.945+0000][12883][gc,age       ] GC(23) - age   5:       1120 bytes,      75584 total
[2020-07-12T00:37:40.945+0000][12883][gc,age       ] GC(23) - age   6:       3392 bytes,      78976 total
[2020-07-12T00:37:40.945+0000][12883][gc,age       ] GC(23) - age   7:       5584 bytes,      84560 total
[2020-07-12T00:37:40.945+0000][12883][gc,age       ] GC(23) - age   9:       6128 bytes,      90688 total
[2020-07-12T00:37:40.945+0000][12883][gc,age       ] GC(23) - age  10:       7904 bytes,      98592 total
[2020-07-12T00:37:40.945+0000][12883][gc,age       ] GC(23) - age  11:       6040 bytes,     104632 total
[2020-07-12T00:37:40.945+0000][12883][gc,age       ] GC(23) - age  12:       8472 bytes,     113104 total
[2020-07-12T00:37:40.945+0000][12883][gc,age       ] GC(23) - age  13:      74152 bytes,     187256 total
[2020-07-12T00:37:40.945+0000][12883][gc,age       ] GC(23) - age  14:     446176 bytes,     633432 total
[2020-07-12T00:37:40.945+0000][12883][gc,age       ] GC(23) - age  15:     859368 bytes,    1492800 total
[2020-07-12T00:37:40.945+0000][12883][gc,phases    ] GC(23)   Pre Evacuate Collection Set: 0.2ms
[2020-07-12T00:37:40.945+0000][12883][gc,phases    ] GC(23)   Merge Heap Roots: 0.2ms
[2020-07-12T00:37:40.945+0000][12883][gc,phases    ] GC(23)   Evacuate Collection Set: 5.7ms
[2020-07-12T00:37:40.945+0000][12883][gc,phases    ] GC(23)   Post Evacuate Collection Set: 1.4ms
[2020-07-12T00:37:40.946+0000][12883][gc,phases    ] GC(23)   Other: 0.4ms
[2020-07-12T00:37:40.946+0000][12883][gc,heap      ] GC(23) Eden regions: 1223->0(1227)
[2020-07-12T00:37:40.946+0000][12883][gc,heap      ] GC(23) Survivor regions: 5->1(154)
[2020-07-12T00:37:40.946+0000][12883][gc,heap      ] GC(23) Old regions: 11->14
[2020-07-12T00:37:40.946+0000][12883][gc,heap      ] GC(23) Archive regions: 2->2
[2020-07-12T00:37:40.946+0000][12883][gc,heap      ] GC(23) Humongous regions: 0->0
[2020-07-12T00:37:40.946+0000][12883][gc,metaspace ] GC(23) Metaspace: 88149K(91300K)->88149K(91300K) NonClass: 76802K(78552K)->76802K(78552K) Class: 11347K(12748K)->11347K(12748K)
[2020-07-12T00:37:40.946+0000][12883][gc,heap      ] GC(23) Heap after GC invocations=24 (full 0): garbage-first heap   total 4194304K, used 31725K [0x0000000700000000, 0x0000000800000000)
[2020-07-12T00:37:40.946+0000][12883][gc,heap      ] GC(23)   region size 2048K, 1 young (2048K), 1 survivors (2048K)
[2020-07-12T00:37:40.946+0000][12883][gc,heap      ] GC(23)  Metaspace       used 88149K, capacity 90959K, committed 91300K, reserved 1128448K
[2020-07-12T00:37:40.946+0000][12883][gc,heap      ] GC(23)   class space    used 11347K, capacity 12671K, committed 12748K, reserved 1048576K
[2020-07-12T00:37:40.946+0000][12883][gc           ] GC(23) Pause Young (Normal) (G1 Evacuation Pause) 2477M->30M(4096M) 7.943ms
[2020-07-12T00:37:40.946+0000][12883][gc,cpu       ] GC(23) User=0.03s Sys=0.00s Real=0.01s
[2020-07-12T00:37:40.946+0000][12883][safepoint    ] Safepoint "G1CollectForAllocation", Time since last: 53900923 ns, Reaching safepoint: 242875 ns, At safepoint: 8046332 ns, Total: 8289207 ns
[2020-07-12T00:37:41.946+0000][12883][safepoint    ] Safepoint "Cleanup", Time since last: 1000064709 ns, Reaching safepoint: 91049 ns, At safepoint: 7164 ns, Total: 98213 ns
[2020-07-12T00:37:47.947+0000][12883][safepoint    ] Safepoint "Cleanup", Time since last: 6001146373 ns, Reaching safepoint: 105055 ns, At safepoint: 9537 ns, Total: 114592 ns
[2020-07-12T00:37:57.321+0000][12883][safepoint    ] Safepoint "PrintThreads", Time since last: 9372323695 ns, Reaching safepoint: 235702 ns, At safepoint: 1256759 ns, Total: 1492461 ns
[2020-07-12T00:37:57.321+0000][12883][safepoint    ] Safepoint "PrintJNI", Time since last: 257039 ns, Reaching safepoint: 214306 ns, At safepoint: 12136 ns, Total: 226442 ns
[2020-07-12T00:37:57.322+0000][12883][safepoint    ] Safepoint "FindDeadlocks", Time since last: 211988 ns, Reaching safepoint: 210442 ns, At safepoint: 13249 ns, Total: 223691 ns
[2020-07-12T00:38:09.340+0000][12883][safepoint    ] Safepoint "Cleanup", Time since last: 12016990041 ns, Reaching safepoint: 632600 ns, At safepoint: 55483 ns, Total: 688083 ns
[2020-07-12T00:38:10.342+0000][12883][safepoint    ] Safepoint "Cleanup", Time since last: 1001857383 ns, Reaching safepoint: 592701 ns, At safepoint: 43450 ns, Total: 636151 ns
[2020-07-12T00:38:10.822+0000][12883][gc,heap      ] GC(24) Heap before GC invocations=24 (full 0): garbage-first heap   total 4194304K, used 2544621K [0x0000000700000000, 0x0000000800000000)
[2020-07-12T00:38:10.822+0000][12883][gc,heap      ] GC(24)   region size 2048K, 1228 young (2514944K), 1 survivors (2048K)
[2020-07-12T00:38:10.822+0000][12883][gc,heap      ] GC(24)  Metaspace       used 88150K, capacity 90959K, committed 91300K, reserved 1128448K
[2020-07-12T00:38:10.822+0000][12883][gc,heap      ] GC(24)   class space    used 11347K, capacity 12671K, committed 12748K, reserved 1048576K
[2020-07-12T00:38:10.822+0000][12883][gc,start     ] GC(24) Pause Young (Normal) (G1 Evacuation Pause)
[2020-07-12T00:38:10.822+0000][12883][gc,task      ] GC(24) Using 8 workers of 8 for evacuation
[2020-07-12T00:38:10.822+0000][12883][gc,age       ] GC(24) Desired survivor size 161480704 bytes, new threshold 15 (max threshold 15)
[2020-07-12T00:38:10.833+0000][12883][gc,age       ] GC(24) Age table with threshold 15 (max threshold 15)
[2020-07-12T00:38:10.833+0000][12883][gc,age       ] GC(24) - age   1:      78240 bytes,      78240 total
[2020-07-12T00:38:10.833+0000][12883][gc,age       ] GC(24) - age   2:       1648 bytes,      79888 total
[2020-07-12T00:38:10.833+0000][12883][gc,age       ] GC(24) - age   3:        392 bytes,      80280 total
[2020-07-12T00:38:10.833+0000][12883][gc,age       ] GC(24) - age   4:        448 bytes,      80728 total
[2020-07-12T00:38:10.833+0000][12883][gc,age       ] GC(24) - age   5:        344 bytes,      81072 total
[2020-07-12T00:38:10.833+0000][12883][gc,age       ] GC(24) - age   6:       1120 bytes,      82192 total
[2020-07-12T00:38:10.833+0000][12883][gc,age       ] GC(24) - age   7:       3360 bytes,      85552 total
[2020-07-12T00:38:10.833+0000][12883][gc,age       ] GC(24) - age   8:       4848 bytes,      90400 total
[2020-07-12T00:38:10.833+0000][12883][gc,age       ] GC(24) - age  10:       5904 bytes,      96304 total
[2020-07-12T00:38:10.833+0000][12883][gc,age       ] GC(24) - age  11:       7584 bytes,     103888 total
[2020-07-12T00:38:10.833+0000][12883][gc,age       ] GC(24) - age  12:       5912 bytes,     109800 total
[2020-07-12T00:38:10.833+0000][12883][gc,age       ] GC(24) - age  13:       8376 bytes,     118176 total
[2020-07-12T00:38:10.833+0000][12883][gc,age       ] GC(24) - age  14:      73352 bytes,     191528 total
[2020-07-12T00:38:10.834+0000][12883][gc,age       ] GC(24) - age  15:     445888 bytes,     637416 total
[2020-07-12T00:38:10.834+0000][12883][gc,phases    ] GC(24)   Pre Evacuate Collection Set: 0.3ms
[2020-07-12T00:38:10.834+0000][12883][gc,phases    ] GC(24)   Merge Heap Roots: 0.2ms
[2020-07-12T00:38:10.834+0000][12883][gc,phases    ] GC(24)   Evacuate Collection Set: 8.5ms
[2020-07-12T00:38:10.834+0000][12883][gc,phases    ] GC(24)   Post Evacuate Collection Set: 1.9ms
[2020-07-12T00:38:10.834+0000][12883][gc,phases    ] GC(24)   Other: 0.4ms
[2020-07-12T00:38:10.834+0000][12883][gc,heap      ] GC(24) Eden regions: 1227->0(1227)
[2020-07-12T00:38:10.834+0000][12883][gc,heap      ] GC(24) Survivor regions: 1->1(154)
[2020-07-12T00:38:10.834+0000][12883][gc,heap      ] GC(24) Old regions: 14->15
[2020-07-12T00:38:10.834+0000][12883][gc,heap      ] GC(24) Archive regions: 2->2
[2020-07-12T00:38:10.834+0000][12883][gc,heap      ] GC(24) Humongous regions: 0->0
[2020-07-12T00:38:10.834+0000][12883][gc,metaspace ] GC(24) Metaspace: 88150K(91300K)->88150K(91300K) NonClass: 76802K(78552K)->76802K(78552K) Class: 11347K(12748K)->11347K(12748K)
[2020-07-12T00:38:10.834+0000][12883][gc,heap      ] GC(24) Heap after GC invocations=25 (full 0): garbage-first heap   total 4194304K, used 31877K [0x0000000700000000, 0x0000000800000000)
[2020-07-12T00:38:10.834+0000][12883][gc,heap      ] GC(24)   region size 2048K, 1 young (2048K), 1 survivors (2048K)
[2020-07-12T00:38:10.834+0000][12883][gc,heap      ] GC(24)  Metaspace       used 88150K, capacity 90959K, committed 91300K, reserved 1128448K
[2020-07-12T00:38:10.834+0000][12883][gc,heap      ] GC(24)   class space    used 11347K, capacity 12671K, committed 12748K, reserved 1048576K
[2020-07-12T00:38:10.834+0000][12883][gc           ] GC(24) Pause Young (Normal) (G1 Evacuation Pause) 2484M->31M(4096M) 11.230ms
[2020-07-12T00:38:10.834+0000][12883][gc,cpu       ] GC(24) User=0.02s Sys=0.00s Real=0.01s
[2020-07-12T00:38:10.834+0000][12883][safepoint    ] Safepoint "G1CollectForAllocation", Time since last: 480277172 ns, Reaching safepoint: 113526 ns, At safepoint: 11340151 ns, Total: 11453677 ns
[2020-07-12T00:38:15.835+0000][12883][safepoint    ] Safepoint "Cleanup", Time since last: 5000708539 ns, Reaching safepoint: 560040 ns, At safepoint: 7299 ns, Total: 567339 ns
[2020-07-12T00:38:16.835+0000][12883][safepoint    ] Safepoint "Cleanup", Time since last: 1000092240 ns, Reaching safepoint: 113534 ns, At safepoint: 9218 ns, Total: 122752 ns
[2020-07-12T00:38:20.836+0000][12883][safepoint    ] Safepoint "Cleanup", Time since last: 4000633221 ns, Reaching safepoint: 114603 ns, At safepoint: 7634 ns, Total: 122237 ns
[2020-07-12T00:38:24.837+0000][12883][safepoint    ] Safepoint "Cleanup", Time since last: 4000883509 ns, Reaching safepoint: 111774 ns, At safepoint: 5378 ns, Total: 117152 ns
[2020-07-12T00:38:32.838+0000][12883][safepoint    ] Safepoint "Cleanup", Time since last: 8001026872 ns, Reaching safepoint: 96640 ns, At safepoint: 10830 ns, Total: 107470 ns
[2020-07-12T00:38:39.938+0000][12883][gc,heap      ] GC(25) Heap before GC invocations=25 (full 0): garbage-first heap   total 4194304K, used 2544773K [0x0000000700000000, 0x0000000800000000)
[2020-07-12T00:38:39.938+0000][12883][gc,heap      ] GC(25)   region size 2048K, 1228 young (2514944K), 1 survivors (2048K)
[2020-07-12T00:38:39.938+0000][12883][gc,heap      ] GC(25)  Metaspace       used 88152K, capacity 90959K, committed 91300K, reserved 1128448K
[2020-07-12T00:38:39.938+0000][12883][gc,heap      ] GC(25)   class space    used 11347K, capacity 12671K, committed 12748K, reserved 1048576K
[2020-07-12T00:38:39.938+0000][12883][gc,start     ] GC(25) Pause Young (Normal) (G1 Evacuation Pause)
[2020-07-12T00:38:39.938+0000][12883][gc,task      ] GC(25) Using 8 workers of 8 for evacuation
[2020-07-12T00:38:39.938+0000][12883][gc,age       ] GC(25) Desired survivor size 161480704 bytes, new threshold 15 (max threshold 15)
[2020-07-12T00:38:39.945+0000][12883][gc,age       ] GC(25) Age table with threshold 15 (max threshold 15)
[2020-07-12T00:38:39.945+0000][12883][gc,age       ] GC(25) - age   1:      73848 bytes,      73848 total
[2020-07-12T00:38:39.945+0000][12883][gc,age       ] GC(25) - age   2:       3296 bytes,      77144 total
[2020-07-12T00:38:39.945+0000][12883][gc,age       ] GC(25) - age   3:       1552 bytes,      78696 total
[2020-07-12T00:38:39.945+0000][12883][gc,age       ] GC(25) - age   4:        392 bytes,      79088 total
[2020-07-12T00:38:39.945+0000][12883][gc,age       ] GC(25) - age   5:        416 bytes,      79504 total
[2020-07-12T00:38:39.945+0000][12883][gc,age       ] GC(25) - age   6:        344 bytes,      79848 total
[2020-07-12T00:38:39.945+0000][12883][gc,age       ] GC(25) - age   7:       1120 bytes,      80968 total
[2020-07-12T00:38:39.945+0000][12883][gc,age       ] GC(25) - age   8:       3264 bytes,      84232 total
[2020-07-12T00:38:39.945+0000][12883][gc,age       ] GC(25) - age   9:       4848 bytes,      89080 total
[2020-07-12T00:38:39.945+0000][12883][gc,age       ] GC(25) - age  11:       5808 bytes,      94888 total
[2020-07-12T00:38:39.945+0000][12883][gc,age       ] GC(25) - age  12:       7488 bytes,     102376 total
[2020-07-12T00:38:39.945+0000][12883][gc,age       ] GC(25) - age  13:       5912 bytes,     108288 total
[2020-07-12T00:38:39.945+0000][12883][gc,age       ] GC(25) - age  14:       8280 bytes,     116568 total
[2020-07-12T00:38:39.945+0000][12883][gc,age       ] GC(25) - age  15:      73128 bytes,     189696 total
[2020-07-12T00:38:39.945+0000][12883][gc,phases    ] GC(25)   Pre Evacuate Collection Set: 0.3ms
[2020-07-12T00:38:39.945+0000][12883][gc,phases    ] GC(25)   Merge Heap Roots: 0.1ms
[2020-07-12T00:38:39.945+0000][12883][gc,phases    ] GC(25)   Evacuate Collection Set: 5.1ms
[2020-07-12T00:38:39.945+0000][12883][gc,phases    ] GC(25)   Post Evacuate Collection Set: 1.1ms
[2020-07-12T00:38:39.945+0000][12883][gc,phases    ] GC(25)   Other: 0.5ms
[2020-07-12T00:38:39.945+0000][12883][gc,heap      ] GC(25) Eden regions: 1227->0(1227)
[2020-07-12T00:38:39.945+0000][12883][gc,heap      ] GC(25) Survivor regions: 1->1(154)
[2020-07-12T00:38:39.945+0000][12883][gc,heap      ] GC(25) Old regions: 15->15
[2020-07-12T00:38:39.945+0000][12883][gc,heap      ] GC(25) Archive regions: 2->2
[2020-07-12T00:38:39.945+0000][12883][gc,heap      ] GC(25) Humongous regions: 0->0
[2020-07-12T00:38:39.945+0000][12883][gc,metaspace ] GC(25) Metaspace: 88152K(91300K)->88152K(91300K) NonClass: 76805K(78552K)->76805K(78552K) Class: 11347K(12748K)->11347K(12748K)
[2020-07-12T00:38:39.945+0000][12883][gc,heap      ] GC(25) Heap after GC invocations=26 (full 0): garbage-first heap   total 4194304K, used 31810K [0x0000000700000000, 0x0000000800000000)
[2020-07-12T00:38:39.945+0000][12883][gc,heap      ] GC(25)   region size 2048K, 1 young (2048K), 1 survivors (2048K)
[2020-07-12T00:38:39.945+0000][12883][gc,heap      ] GC(25)  Metaspace       used 88152K, capacity 90959K, committed 91300K, reserved 1128448K
[2020-07-12T00:38:39.945+0000][12883][gc,heap      ] GC(25)   class space    used 11347K, capacity 12671K, committed 12748K, reserved 1048576K
[2020-07-12T00:38:39.945+0000][12883][gc           ] GC(25) Pause Young (Normal) (G1 Evacuation Pause) 2485M->31M(4096M) 7.174ms
[2020-07-12T00:38:39.945+0000][12883][gc,cpu       ] GC(25) User=0.02s Sys=0.00s Real=0.01s
[2020-07-12T00:38:39.945+0000][12883][safepoint    ] Safepoint "G1CollectForAllocation", Time since last: 7099913102 ns, Reaching safepoint: 94789 ns, At safepoint: 7323794 ns, Total: 7418583 ns
[2020-07-12T00:38:42.946+0000][12883][safepoint    ] Safepoint "Cleanup", Time since last: 3000309676 ns, Reaching safepoint: 79653 ns, At safepoint: 4314 ns, Total: 83967 ns
[2020-07-12T00:38:53.422+0000][12883][safepoint    ] Safepoint "ClassLoaderStatsOperation", Time since last: 10474482791 ns, Reaching safepoint: 486493 ns, At safepoint: 1531194 ns, Total: 2017687 ns
[2020-07-12T00:38:53.432+0000][12883][safepoint    ] Safepoint "JFRCheckpoint", Time since last: 7679745 ns, Reaching safepoint: 139979 ns, At safepoint: 1756020 ns, Total: 1895999 ns
[2020-07-12T00:38:53.450+0000][12883][safepoint    ] Safepoint "ClassLoaderStatsOperation", Time since last: 16906562 ns, Reaching safepoint: 136242 ns, At safepoint: 1421859 ns, Total: 1558101 ns
[2020-07-12T00:38:54.454+0000][12883][safepoint    ] Safepoint "Cleanup", Time since last: 1003569377 ns, Reaching safepoint: 136436 ns, At safepoint: 3967 ns, Total: 140403 ns
[2020-07-12T00:38:55.455+0000][12883][safepoint    ] Safepoint "Cleanup", Time since last: 1001151427 ns, Reaching safepoint: 208086 ns, At safepoint: 4612 ns, Total: 212698 ns
[2020-07-12T00:38:57.325+0000][12883][safepoint    ] Safepoint "PrintThreads", Time since last: 1869087209 ns, Reaching safepoint: 326384 ns, At safepoint: 655335 ns, Total: 981719 ns
[2020-07-12T00:38:57.326+0000][12883][safepoint    ] Safepoint "PrintJNI", Time since last: 106136 ns, Reaching safepoint: 129890 ns, At safepoint: 6876 ns, Total: 136766 ns
[2020-07-12T00:38:57.326+0000][12883][safepoint    ] Safepoint "FindDeadlocks", Time since last: 125374 ns, Reaching safepoint: 63847 ns, At safepoint: 5963 ns, Total: 69810 ns
[2020-07-12T00:39:00.329+0000][12883][safepoint    ] Safepoint "Cleanup", Time since last: 3003323382 ns, Reaching safepoint: 119414 ns, At safepoint: 2192 ns, Total: 121606 ns
[2020-07-12T00:39:06.332+0000][12883][safepoint    ] Safepoint "Cleanup", Time since last: 6002525758 ns, Reaching safepoint: 97080 ns, At safepoint: 5977 ns, Total: 103057 ns
[2020-07-12T00:39:09.781+0000][12883][gc,heap      ] GC(26) Heap before GC invocations=26 (full 0): garbage-first heap   total 4194304K, used 2544706K [0x0000000700000000, 0x0000000800000000)
[2020-07-12T00:39:09.781+0000][12883][gc,heap      ] GC(26)   region size 2048K, 1228 young (2514944K), 1 survivors (2048K)
[2020-07-12T00:39:09.781+0000][12883][gc,heap      ] GC(26)  Metaspace       used 88288K, capacity 91128K, committed 91300K, reserved 1128448K
[2020-07-12T00:39:09.781+0000][12883][gc,heap      ] GC(26)   class space    used 11362K, capacity 12682K, committed 12748K, reserved 1048576K
[2020-07-12T00:39:09.781+0000][12883][gc,start     ] GC(26) Pause Young (Normal) (G1 Evacuation Pause)
[2020-07-12T00:39:09.781+0000][12883][gc,task      ] GC(26) Using 8 workers of 8 for evacuation
[2020-07-12T00:39:09.781+0000][12883][gc,age       ] GC(26) Desired survivor size 161480704 bytes, new threshold 15 (max threshold 15)
[2020-07-12T00:39:09.792+0000][12883][gc,age       ] GC(26) Age table with threshold 15 (max threshold 15)
[2020-07-12T00:39:09.792+0000][12883][gc,age       ] GC(26) - age   1:     204528 bytes,     204528 total
[2020-07-12T00:39:09.792+0000][12883][gc,age       ] GC(26) - age   2:       1216 bytes,     205744 total
[2020-07-12T00:39:09.792+0000][12883][gc,age       ] GC(26) - age   3:       2496 bytes,     208240 total
[2020-07-12T00:39:09.793+0000][12883][gc,age       ] GC(26) - age   4:       1520 bytes,     209760 total
[2020-07-12T00:39:09.793+0000][12883][gc,age       ] GC(26) - age   5:        168 bytes,     209928 total
[2020-07-12T00:39:09.793+0000][12883][gc,age       ] GC(26) - age   6:        384 bytes,     210312 total
[2020-07-12T00:39:09.793+0000][12883][gc,age       ] GC(26) - age   7:        344 bytes,     210656 total
[2020-07-12T00:39:09.793+0000][12883][gc,age       ] GC(26) - age   8:       1120 bytes,     211776 total
[2020-07-12T00:39:09.793+0000][12883][gc,age       ] GC(26) - age   9:       3264 bytes,     215040 total
[2020-07-12T00:39:09.793+0000][12883][gc,age       ] GC(26) - age  10:       4592 bytes,     219632 total
[2020-07-12T00:39:09.793+0000][12883][gc,age       ] GC(26) - age  12:       5296 bytes,     224928 total
[2020-07-12T00:39:09.793+0000][12883][gc,age       ] GC(26) - age  13:       6976 bytes,     231904 total
[2020-07-12T00:39:09.793+0000][12883][gc,age       ] GC(26) - age  14:       5656 bytes,     237560 total
[2020-07-12T00:39:09.793+0000][12883][gc,age       ] GC(26) - age  15:       8184 bytes,     245744 total
[2020-07-12T00:39:09.793+0000][12883][gc,phases    ] GC(26)   Pre Evacuate Collection Set: 0.3ms
[2020-07-12T00:39:09.793+0000][12883][gc,phases    ] GC(26)   Merge Heap Roots: 0.1ms
[2020-07-12T00:39:09.793+0000][12883][gc,phases    ] GC(26)   Evacuate Collection Set: 7.0ms
[2020-07-12T00:39:09.793+0000][12883][gc,phases    ] GC(26)   Post Evacuate Collection Set: 4.1ms
[2020-07-12T00:39:09.793+0000][12883][gc,phases    ] GC(26)   Other: 0.4ms
[2020-07-12T00:39:09.793+0000][12883][gc,heap      ] GC(26) Eden regions: 1227->0(1227)
[2020-07-12T00:39:09.793+0000][12883][gc,heap      ] GC(26) Survivor regions: 1->1(154)
[2020-07-12T00:39:09.793+0000][12883][gc,heap      ] GC(26) Old regions: 15->15
[2020-07-12T00:39:09.793+0000][12883][gc,heap      ] GC(26) Archive regions: 2->2
[2020-07-12T00:39:09.793+0000][12883][gc,heap      ] GC(26) Humongous regions: 0->0
[2020-07-12T00:39:09.793+0000][12883][gc,metaspace ] GC(26) Metaspace: 88288K(91300K)->88288K(91300K) NonClass: 76925K(78552K)->76925K(78552K) Class: 11362K(12748K)->11362K(12748K)
[2020-07-12T00:39:09.793+0000][12883][gc,heap      ] GC(26) Heap after GC invocations=27 (full 0): garbage-first heap   total 4194304K, used 31887K [0x0000000700000000, 0x0000000800000000)
[2020-07-12T00:39:09.793+0000][12883][gc,heap      ] GC(26)   region size 2048K, 1 young (2048K), 1 survivors (2048K)
[2020-07-12T00:39:09.793+0000][12883][gc,heap      ] GC(26)  Metaspace       used 88288K, capacity 91128K, committed 91300K, reserved 1128448K
[2020-07-12T00:39:09.793+0000][12883][gc,heap      ] GC(26)   class space    used 11362K, capacity 12682K, committed 12748K, reserved 1048576K
[2020-07-12T00:39:09.793+0000][12883][gc           ] GC(26) Pause Young (Normal) (G1 Evacuation Pause) 2485M->31M(4096M) 11.945ms
[2020-07-12T00:39:09.793+0000][12883][gc,cpu       ] GC(26) User=0.02s Sys=0.01s Real=0.01s
[2020-07-12T00:39:09.793+0000][12883][safepoint    ] Safepoint "G1CollectForAllocation", Time since last: 3448620321 ns, Reaching safepoint: 76960 ns, At safepoint: 12064531 ns, Total: 12141491 ns
[2020-07-12T00:39:33.795+0000][12883][safepoint    ] Safepoint "Cleanup", Time since last: 24002127723 ns, Reaching safepoint: 83993 ns, At safepoint: 7020 ns, Total: 91013 ns
[2020-07-12T00:39:35.796+0000][12883][safepoint    ] Safepoint "Cleanup", Time since last: 2000548632 ns, Reaching safepoint: 75145 ns, At safepoint: 1540 ns, Total: 76685 ns
[2020-07-12T00:39:57.329+0000][12883][safepoint    ] Safepoint "PrintThreads", Time since last: 21529413345 ns, Reaching safepoint: 3232548 ns, At safepoint: 777216 ns, Total: 4009764 ns
[2020-07-12T00:39:57.329+0000][12883][safepoint    ] Safepoint "PrintJNI", Time since last: 48535 ns, Reaching safepoint: 102374 ns, At safepoint: 11316 ns, Total: 113690 ns
[2020-07-12T00:39:57.329+0000][12883][safepoint    ] Safepoint "FindDeadlocks", Time since last: 30626 ns, Reaching safepoint: 204522 ns, At safepoint: 10539 ns, Total: 215061 ns
[2020-07-12T00:40:57.329+0000][12883][safepoint    ] Safepoint "PrintThreads", Time since last: 59998150396 ns, Reaching safepoint: 246322 ns, At safepoint: 701154 ns, Total: 947476 ns
[2020-07-12T00:40:57.329+0000][12883][safepoint    ] Safepoint "PrintJNI", Time since last: 534782 ns, Reaching safepoint: 256925 ns, At safepoint: 6225 ns, Total: 263150 ns
[2020-07-12T00:40:57.330+0000][12883][safepoint    ] Safepoint "FindDeadlocks", Time since last: 683308 ns, Reaching safepoint: 99045 ns, At safepoint: 8848 ns, Total: 107893 ns
[2020-07-12T00:41:57.333+0000][12883][safepoint    ] Safepoint "PrintThreads", Time since last: 59999223650 ns, Reaching safepoint: 589129 ns, At safepoint: 2683479 ns, Total: 3272608 ns
[2020-07-12T00:41:57.333+0000][12883][safepoint    ] Safepoint "PrintJNI", Time since last: 167825 ns, Reaching safepoint: 558978 ns, At safepoint: 35251 ns, Total: 594229 ns
[2020-07-12T00:41:57.334+0000][12883][safepoint    ] Safepoint "FindDeadlocks", Time since last: 117489 ns, Reaching safepoint: 555450 ns, At safepoint: 43762 ns, Total: 599212 ns
[2020-07-12T00:42:57.332+0000][12883][safepoint    ] Safepoint "PrintThreads", Time since last: 59996847777 ns, Reaching safepoint: 113663 ns, At safepoint: 493753 ns, Total: 607416 ns
[2020-07-12T00:42:57.332+0000][12883][safepoint    ] Safepoint "PrintJNI", Time since last: 117494 ns, Reaching safepoint: 142848 ns, At safepoint: 5666 ns, Total: 148514 ns
[2020-07-12T00:42:57.332+0000][12883][safepoint    ] Safepoint "FindDeadlocks", Time since last: 138787 ns, Reaching safepoint: 55676 ns, At safepoint: 5731 ns, Total: 61407 ns
