[2020-07-12T01:22:48.925+0000][5284][gc,stats    ]      Memory: Heap Used Before Mark                             0 / 0               591 / 754             573 / 1270            573 / 1270        MB
[2020-07-12T01:22:48.925+0000][5284][gc,stats    ]      Memory: Heap Used Before Relocation                       0 / 0               121 / 162             127 / 338             127 / 338         MB
[2020-07-12T01:22:48.925+0000][5284][gc,stats    ]      Memory: Out Of Memory                                     0 / 0                 0 / 0                 0 / 0                 0 / 0           ops/s
[2020-07-12T01:22:48.925+0000][5284][gc,stats    ]      Memory: Page Cache Flush                                  0 / 0                 0 / 0                 0 / 0                 0 / 0           MB/s
[2020-07-12T01:22:48.925+0000][5284][gc,stats    ]      Memory: Page Cache Hit L1                                 0 / 0                10 / 124              28 / 124              28 / 124         ops/s
[2020-07-12T01:22:48.925+0000][5284][gc,stats    ]      Memory: Page Cache Hit L2                                 0 / 0                 0 / 0                 0 / 0                 0 / 0           ops/s
[2020-07-12T01:22:48.925+0000][5284][gc,stats    ]      Memory: Page Cache Hit L3                                 0 / 0                 0 / 0                 0 / 96                0 / 96          ops/s
[2020-07-12T01:22:48.925+0000][5284][gc,stats    ]      Memory: Page Cache Miss                                   0 / 0                 0 / 0                 0 / 0                 0 / 0           ops/s
[2020-07-12T01:22:48.925+0000][5284][gc,stats    ]      Memory: Uncommit                                          0 / 0                 0 / 0                 0 / 0                 0 / 0           MB/s
[2020-07-12T01:22:48.925+0000][5284][gc,stats    ]      Memory: Undo Object Allocation Failed                     0 / 0                 0 / 0                 0 / 0                 0 / 0           ops/s
[2020-07-12T01:22:48.925+0000][5284][gc,stats    ]      Memory: Undo Object Allocation Succeeded                  0 / 0                 0 / 2                 0 / 12                0 / 12          ops/s
[2020-07-12T01:22:48.925+0000][5284][gc,stats    ]      Memory: Undo Page Allocation                              0 / 0                 0 / 0                 0 / 0                 0 / 0           ops/s
[2020-07-12T01:22:48.925+0000][5284][gc,stats    ]       Phase: Concurrent Mark                               0.000 / 0.000        49.558 / 72.502       48.385 / 77.269       48.385 / 77.269      ms
[2020-07-12T01:22:48.925+0000][5284][gc,stats    ]       Phase: Concurrent Mark Continue                      0.000 / 0.000         0.000 / 0.000         0.000 / 0.000         0.000 / 0.000       ms
[2020-07-12T01:22:48.925+0000][5284][gc,stats    ]       Phase: Concurrent Process Non-Strong References      0.000 / 0.000        30.015 / 42.104       26.611 / 42.104       26.611 / 42.104      ms
[2020-07-12T01:22:48.925+0000][5284][gc,stats    ]       Phase: Concurrent Relocate                           0.000 / 0.000         1.567 / 5.509         1.682 / 18.136        1.682 / 18.136      ms
[2020-07-12T01:22:48.925+0000][5284][gc,stats    ]       Phase: Concurrent Reset Relocation Set               0.000 / 0.000         0.004 / 0.005         0.004 / 0.015         0.004 / 0.015       ms
[2020-07-12T01:22:48.925+0000][5284][gc,stats    ]       Phase: Concurrent Select Relocation Set              0.000 / 0.000         1.016 / 1.278         1.059 / 5.622         1.059 / 5.622       ms
[2020-07-12T01:22:48.925+0000][5284][gc,stats    ]       Phase: Pause Mark End                                0.000 / 0.000         0.360 / 0.467         0.346 / 0.654         0.346 / 0.654       ms
[2020-07-12T01:22:48.925+0000][5284][gc,stats    ]       Phase: Pause Mark Start                              0.000 / 0.000         0.234 / 0.681         0.183 / 0.724         0.183 / 0.724       ms
[2020-07-12T01:22:48.925+0000][5284][gc,stats    ]       Phase: Pause Relocate Start                          0.000 / 0.000         0.144 / 0.586         0.136 / 1.014         0.136 / 1.014       ms
[2020-07-12T01:22:48.925+0000][5284][gc,stats    ]    Subphase: Concurrent Classes Purge                      0.000 / 0.000         0.765 / 1.159         0.792 / 8.877         0.792 / 8.877       ms
[2020-07-12T01:22:48.925+0000][5284][gc,stats    ]    Subphase: Concurrent Classes Unlink                     0.000 / 0.000        27.301 / 35.584       24.052 / 38.550       24.052 / 38.550      ms
[2020-07-12T01:22:48.925+0000][5284][gc,stats    ]    Subphase: Concurrent Mark                               0.000 / 0.000        48.711 / 70.416       47.581 / 76.517       47.581 / 76.517      ms
[2020-07-12T01:22:48.925+0000][5284][gc,stats    ]    Subphase: Concurrent Mark Idle                          0.000 / 0.000         0.000 / 0.000         0.000 / 0.000         0.000 / 0.000       ms
[2020-07-12T01:22:48.925+0000][5284][gc,stats    ]    Subphase: Concurrent Mark Try Flush                     0.000 / 0.000         0.150 / 4.046         0.128 / 4.734         0.128 / 4.734       ms
[2020-07-12T01:22:48.925+0000][5284][gc,stats    ]    Subphase: Concurrent Mark Try Terminate                 0.000 / 0.000         0.121 / 4.047         0.083 / 4.736         0.083 / 4.736       ms
[2020-07-12T01:22:48.925+0000][5284][gc,stats    ]    Subphase: Concurrent References Enqueue                 0.000 / 0.000         0.001 / 0.004         0.001 / 0.004         0.001 / 0.004       ms
[2020-07-12T01:22:48.925+0000][5284][gc,stats    ]    Subphase: Concurrent References Process                 0.000 / 0.000         0.508 / 0.817         0.525 / 1.144         0.525 / 1.144       ms
[2020-07-12T01:22:48.925+0000][5284][gc,stats    ]    Subphase: Concurrent Roots                              0.000 / 0.000         0.379 / 1.172         0.320 / 1.449         0.320 / 1.449       ms
[2020-07-12T01:22:48.925+0000][5284][gc,stats    ]    Subphase: Concurrent Roots ClassLoaderDataGraph         0.000 / 0.000         0.371 / 1.147         0.314 / 1.421         0.314 / 1.421       ms
[2020-07-12T01:22:48.925+0000][5284][gc,stats    ]    Subphase: Concurrent Roots JNIHandles                   0.000 / 0.000         0.005 / 0.017         0.004 / 0.017         0.004 / 0.017       ms
[2020-07-12T01:22:48.925+0000][5284][gc,stats    ]    Subphase: Concurrent Roots Setup                        0.000 / 0.000         0.207 / 0.416         0.192 / 0.465         0.192 / 0.465       ms
[2020-07-12T01:22:48.925+0000][5284][gc,stats    ]    Subphase: Concurrent Roots Teardown                     0.000 / 0.000         0.000 / 0.001         0.000 / 0.002         0.000 / 0.002       ms
[2020-07-12T01:22:48.925+0000][5284][gc,stats    ]    Subphase: Concurrent Roots VMHandles                    0.000 / 0.000         0.000 / 0.000         0.000 / 0.000         0.000 / 0.000       ms
[2020-07-12T01:22:48.925+0000][5284][gc,stats    ]    Subphase: Concurrent Weak Roots                         0.000 / 0.000         0.921 / 1.033         0.908 / 1.534         0.908 / 1.534       ms
[2020-07-12T01:22:48.925+0000][5284][gc,stats    ]    Subphase: Concurrent Weak Roots JNIWeakHandles          0.000 / 0.000         0.001 / 0.001         0.001 / 0.004         0.001 / 0.004       ms
[2020-07-12T01:22:48.925+0000][5284][gc,stats    ]    Subphase: Concurrent Weak Roots ResolvedMethodTable     0.000 / 0.000         0.099 / 0.140         0.095 / 0.181         0.095 / 0.181       ms
[2020-07-12T01:22:48.925+0000][5284][gc,stats    ]    Subphase: Concurrent Weak Roots StringTable             0.000 / 0.000         0.757 / 0.875         0.752 / 1.341         0.752 / 1.341       ms
[2020-07-12T01:22:48.925+0000][5284][gc,stats    ]    Subphase: Concurrent Weak Roots VMWeakHandles           0.000 / 0.000         0.060 / 0.125         0.057 / 0.125         0.057 / 0.125       ms
[2020-07-12T01:22:48.925+0000][5284][gc,stats    ]    Subphase: Pause Mark Try Complete                       0.000 / 0.000         0.164 / 0.190         0.156 / 0.214         0.156 / 0.214       ms
[2020-07-12T01:22:48.925+0000][5284][gc,stats    ]    Subphase: Pause Roots                                   0.000 / 0.000         0.041 / 0.285         0.039 / 0.936         0.039 / 0.936       ms
[2020-07-12T01:22:48.925+0000][5284][gc,stats    ]    Subphase: Pause Roots CodeCache                         0.000 / 0.000         0.000 / 0.000         0.000 / 0.000         0.000 / 0.000       ms
[2020-07-12T01:22:48.925+0000][5284][gc,stats    ]    Subphase: Pause Roots JVMTIExport                       0.000 / 0.000         0.002 / 0.008         0.002 / 0.008         0.002 / 0.008       ms
[2020-07-12T01:22:48.925+0000][5284][gc,stats    ]    Subphase: Pause Roots JVMTIWeakExport                   0.000 / 0.000         0.001 / 0.001         0.001 / 0.001         0.001 / 0.001       ms
[2020-07-12T01:22:48.925+0000][5284][gc,stats    ]    Subphase: Pause Roots Management                        0.000 / 0.000         0.001 / 0.003         0.001 / 0.009         0.001 / 0.009       ms
[2020-07-12T01:22:48.925+0000][5284][gc,stats    ]    Subphase: Pause Roots ObjectSynchronizer                0.000 / 0.000         0.000 / 0.001         0.000 / 0.001         0.000 / 0.001       ms
[2020-07-12T01:22:48.925+0000][5284][gc,stats    ]    Subphase: Pause Roots Setup                             0.000 / 0.000         0.000 / 0.001         0.001 / 0.036         0.001 / 0.036       ms
[2020-07-12T01:22:48.925+0000][5284][gc,stats    ]    Subphase: Pause Roots SystemDictionary                  0.000 / 0.000         0.013 / 0.040         0.012 / 0.042         0.012 / 0.042       ms
[2020-07-12T01:22:48.925+0000][5284][gc,stats    ]    Subphase: Pause Roots Teardown                          0.000 / 0.000         0.001 / 0.007         0.001 / 0.013         0.001 / 0.013       ms
[2020-07-12T01:22:48.925+0000][5284][gc,stats    ]    Subphase: Pause Roots Threads                           0.000 / 0.000         0.047 / 0.235         0.045 / 0.913         0.045 / 0.913       ms
[2020-07-12T01:22:48.925+0000][5284][gc,stats    ]    Subphase: Pause Roots Universe                          0.000 / 0.000         0.002 / 0.011         0.002 / 0.011         0.002 / 0.011       ms
[2020-07-12T01:22:48.925+0000][5284][gc,stats    ]    Subphase: Pause Weak Roots                              0.000 / 0.000         0.010 / 0.087         0.010 / 0.087         0.010 / 0.087       ms
[2020-07-12T01:22:48.925+0000][5284][gc,stats    ]    Subphase: Pause Weak Roots JFRWeak                      0.000 / 0.000         0.047 / 0.082         0.047 / 0.084         0.047 / 0.084       ms
[2020-07-12T01:22:48.925+0000][5284][gc,stats    ]    Subphase: Pause Weak Roots JVMTIWeakExport              0.000 / 0.000         0.001 / 0.002         0.001 / 0.002         0.001 / 0.002       ms
[2020-07-12T01:22:48.925+0000][5284][gc,stats    ]    Subphase: Pause Weak Roots Setup                        0.000 / 0.000         0.000 / 0.000         0.000 / 0.001         0.000 / 0.001       ms
[2020-07-12T01:22:48.925+0000][5284][gc,stats    ]    Subphase: Pause Weak Roots Teardown                     0.000 / 0.000         0.000 / 0.000         0.000 / 0.000         0.000 / 0.000       ms
[2020-07-12T01:22:48.925+0000][5284][gc,stats    ]      System: Java Threads                                      0 / 0                36 / 37               35 / 38               35 / 38          threads
[2020-07-12T01:22:48.925+0000][5284][gc,stats    ] =========================================================================================================================================================
[2020-07-12T01:22:53.871+0000][5284][safepoint   ] Safepoint "PrintThreads", Time since last: 60001416605 ns, Reaching safepoint: 444161 ns, At safepoint: 1704832 ns, Total: 2148993 ns
[2020-07-12T01:22:53.872+0000][5284][safepoint   ] Safepoint "PrintJNI", Time since last: 462661 ns, Reaching safepoint: 187661 ns, At safepoint: 17095 ns, Total: 204756 ns
[2020-07-12T01:22:53.873+0000][5284][safepoint   ] Safepoint "FindDeadlocks", Time since last: 222630 ns, Reaching safepoint: 256048 ns, At safepoint: 63263 ns, Total: 319311 ns
[2020-07-12T01:22:58.926+0000][5284][gc,stats    ] === Garbage Collection Statistics =======================================================================================================================
[2020-07-12T01:22:58.926+0000][5284][gc,stats    ]                                                              Last 10s              Last 10m              Last 10h                Total
[2020-07-12T01:22:58.926+0000][5284][gc,stats    ]                                                              Avg / Max             Avg / Max             Avg / Max             Avg / Max
[2020-07-12T01:22:58.926+0000][5284][gc,stats    ]   Collector: Garbage Collection Cycle                      0.000 / 0.000        84.570 / 106.819      79.618 / 117.511      79.618 / 117.511     ms
[2020-07-12T01:22:58.926+0000][5284][gc,stats    ]  Contention: Mark Segment Reset Contention                     0 / 0                 0 / 0                 0 / 0                 0 / 0           ops/s
[2020-07-12T01:22:58.926+0000][5284][gc,stats    ]  Contention: Mark SeqNum Reset Contention                      0 / 0                 0 / 0                 0 / 0                 0 / 0           ops/s
[2020-07-12T01:22:58.926+0000][5284][gc,stats    ]  Contention: Relocation Contention                             0 / 0                 0 / 2                 0 / 12                0 / 12          ops/s
[2020-07-12T01:22:58.926+0000][5284][gc,stats    ]    Critical: Allocation Stall                              0.000 / 0.000         0.000 / 0.000         0.000 / 0.000         0.000 / 0.000       ms
[2020-07-12T01:22:58.926+0000][5284][gc,stats    ]    Critical: Allocation Stall                                  0 / 0                 0 / 0                 0 / 0                 0 / 0           ops/s
[2020-07-12T01:22:58.926+0000][5284][gc,stats    ]    Critical: GC Locker Stall                               0.000 / 0.000         0.000 / 0.000         0.093 / 0.093         0.093 / 0.093       ms
[2020-07-12T01:22:58.926+0000][5284][gc,stats    ]    Critical: GC Locker Stall                                   0 / 0                 0 / 0                 0 / 1                 0 / 1           ops/s
[2020-07-12T01:22:58.926+0000][5284][gc,stats    ]      Memory: Allocation Rate                                   0 / 0                19 / 242              57 / 242              57 / 242         MB/s
[2020-07-12T01:22:58.926+0000][5284][gc,stats    ]      Memory: Heap Used After Mark                              0 / 0               604 / 756             585 / 1286            585 / 1286        MB
[2020-07-12T01:22:58.926+0000][5284][gc,stats    ]      Memory: Heap Used After Relocation                        0 / 0                81 / 114              81 / 116              81 / 116         MB
[2020-07-12T01:22:58.926+0000][5284][gc,stats    ]      Memory: Heap Used Before Mark                             0 / 0               594 / 754             573 / 1270            573 / 1270        MB
[2020-07-12T01:22:58.926+0000][5284][gc,stats    ]      Memory: Heap Used Before Relocation                       0 / 0               120 / 162             127 / 338             127 / 338         MB
[2020-07-12T01:22:58.926+0000][5284][gc,stats    ]      Memory: Out Of Memory                                     0 / 0                 0 / 0                 0 / 0                 0 / 0           ops/s
[2020-07-12T01:22:58.926+0000][5284][gc,stats    ]      Memory: Page Cache Flush                                  0 / 0                 0 / 0                 0 / 0                 0 / 0           MB/s
[2020-07-12T01:22:58.926+0000][5284][gc,stats    ]      Memory: Page Cache Hit L1                                 0 / 0                 9 / 124              28 / 124              28 / 124         ops/s
[2020-07-12T01:22:58.926+0000][5284][gc,stats    ]      Memory: Page Cache Hit L2                                 0 / 0                 0 / 0                 0 / 0                 0 / 0           ops/s
[2020-07-12T01:22:58.926+0000][5284][gc,stats    ]      Memory: Page Cache Hit L3                                 0 / 0                 0 / 0                 0 / 96                0 / 96          ops/s
[2020-07-12T01:22:58.926+0000][5284][gc,stats    ]      Memory: Page Cache Miss                                   0 / 0                 0 / 0                 0 / 0                 0 / 0           ops/s
[2020-07-12T01:22:58.926+0000][5284][gc,stats    ]      Memory: Uncommit                                          0 / 0                 0 / 0                 0 / 0                 0 / 0           MB/s
[2020-07-12T01:22:58.926+0000][5284][gc,stats    ]      Memory: Undo Object Allocation Failed                     0 / 0                 0 / 0                 0 / 0                 0 / 0           ops/s
[2020-07-12T01:22:58.926+0000][5284][gc,stats    ]      Memory: Undo Object Allocation Succeeded                  0 / 0                 0 / 2                 0 / 12                0 / 12          ops/s
[2020-07-12T01:22:58.926+0000][5284][gc,stats    ]      Memory: Undo Page Allocation                              0 / 0                 0 / 0                 0 / 0                 0 / 0           ops/s
[2020-07-12T01:22:58.926+0000][5284][gc,stats    ]       Phase: Concurrent Mark                               0.000 / 0.000        49.709 / 72.502       48.385 / 77.269       48.385 / 77.269      ms
[2020-07-12T01:22:58.926+0000][5284][gc,stats    ]       Phase: Concurrent Mark Continue                      0.000 / 0.000         0.000 / 0.000         0.000 / 0.000         0.000 / 0.000       ms
[2020-07-12T01:22:58.926+0000][5284][gc,stats    ]       Phase: Concurrent Process Non-Strong References      0.000 / 0.000        29.982 / 42.104       26.611 / 42.104       26.611 / 42.104      ms
[2020-07-12T01:22:58.926+0000][5284][gc,stats    ]       Phase: Concurrent Relocate                           0.000 / 0.000         1.581 / 5.509         1.682 / 18.136        1.682 / 18.136      ms
[2020-07-12T01:22:58.926+0000][5284][gc,stats    ]       Phase: Concurrent Reset Relocation Set               0.000 / 0.000         0.004 / 0.005         0.004 / 0.015         0.004 / 0.015       ms
[2020-07-12T01:22:58.926+0000][5284][gc,stats    ]       Phase: Concurrent Select Relocation Set              0.000 / 0.000         1.019 / 1.278         1.059 / 5.622         1.059 / 5.622       ms
[2020-07-12T01:22:58.926+0000][5284][gc,stats    ]       Phase: Pause Mark End                                0.000 / 0.000         0.351 / 0.449         0.346 / 0.654         0.346 / 0.654       ms
[2020-07-12T01:22:58.926+0000][5284][gc,stats    ]       Phase: Pause Mark Start                              0.000 / 0.000         0.221 / 0.681         0.183 / 0.724         0.183 / 0.724       ms
[2020-07-12T01:22:58.926+0000][5284][gc,stats    ]       Phase: Pause Relocate Start                          0.000 / 0.000         0.144 / 0.586         0.136 / 1.014         0.136 / 1.014       ms
[2020-07-12T01:22:58.926+0000][5284][gc,stats    ]    Subphase: Concurrent Classes Purge                      0.000 / 0.000         0.756 / 1.159         0.792 / 8.877         0.792 / 8.877       ms
[2020-07-12T01:22:58.926+0000][5284][gc,stats    ]    Subphase: Concurrent Classes Unlink                     0.000 / 0.000        27.254 / 35.584       24.052 / 38.550       24.052 / 38.550      ms
[2020-07-12T01:22:58.926+0000][5284][gc,stats    ]    Subphase: Concurrent Mark                               0.000 / 0.000        48.899 / 70.416       47.581 / 76.517       47.581 / 76.517      ms
[2020-07-12T01:22:58.926+0000][5284][gc,stats    ]    Subphase: Concurrent Mark Idle                          0.000 / 0.000         0.000 / 0.000         0.000 / 0.000         0.000 / 0.000       ms
[2020-07-12T01:22:58.926+0000][5284][gc,stats    ]    Subphase: Concurrent Mark Try Flush                     0.000 / 0.000         0.157 / 4.046         0.128 / 4.734         0.128 / 4.734       ms
[2020-07-12T01:22:58.926+0000][5284][gc,stats    ]    Subphase: Concurrent Mark Try Terminate                 0.000 / 0.000         0.129 / 4.047         0.083 / 4.736         0.083 / 4.736       ms
[2020-07-12T01:22:58.926+0000][5284][gc,stats    ]    Subphase: Concurrent References Enqueue                 0.000 / 0.000         0.001 / 0.004         0.001 / 0.004         0.001 / 0.004       ms
[2020-07-12T01:22:58.926+0000][5284][gc,stats    ]    Subphase: Concurrent References Process                 0.000 / 0.000         0.485 / 0.667         0.525 / 1.144         0.525 / 1.144       ms
[2020-07-12T01:22:58.926+0000][5284][gc,stats    ]    Subphase: Concurrent Roots                              0.000 / 0.000         0.362 / 1.172         0.320 / 1.449         0.320 / 1.449       ms
[2020-07-12T01:22:58.926+0000][5284][gc,stats    ]    Subphase: Concurrent Roots ClassLoaderDataGraph         0.000 / 0.000         0.354 / 1.147         0.314 / 1.421         0.314 / 1.421       ms
[2020-07-12T01:22:58.926+0000][5284][gc,stats    ]    Subphase: Concurrent Roots JNIHandles                   0.000 / 0.000         0.005 / 0.017         0.004 / 0.017         0.004 / 0.017       ms
[2020-07-12T01:22:58.926+0000][5284][gc,stats    ]    Subphase: Concurrent Roots Setup                        0.000 / 0.000         0.202 / 0.416         0.192 / 0.465         0.192 / 0.465       ms
[2020-07-12T01:22:58.926+0000][5284][gc,stats    ]    Subphase: Concurrent Roots Teardown                     0.000 / 0.000         0.000 / 0.001         0.000 / 0.002         0.000 / 0.002       ms
[2020-07-12T01:22:58.926+0000][5284][gc,stats    ]    Subphase: Concurrent Roots VMHandles                    0.000 / 0.000         0.000 / 0.000         0.000 / 0.000         0.000 / 0.000       ms
[2020-07-12T01:22:58.926+0000][5284][gc,stats    ]    Subphase: Concurrent Weak Roots                         0.000 / 0.000         0.913 / 1.029         0.908 / 1.534         0.908 / 1.534       ms
[2020-07-12T01:22:58.926+0000][5284][gc,stats    ]    Subphase: Concurrent Weak Roots JNIWeakHandles          0.000 / 0.000         0.001 / 0.001         0.001 / 0.004         0.001 / 0.004       ms
[2020-07-12T01:22:58.926+0000][5284][gc,stats    ]    Subphase: Concurrent Weak Roots ResolvedMethodTable     0.000 / 0.000         0.097 / 0.131         0.095 / 0.181         0.095 / 0.181       ms
[2020-07-12T01:22:58.926+0000][5284][gc,stats    ]    Subphase: Concurrent Weak Roots StringTable             0.000 / 0.000         0.752 / 0.875         0.752 / 1.341         0.752 / 1.341       ms
[2020-07-12T01:22:58.926+0000][5284][gc,stats    ]    Subphase: Concurrent Weak Roots VMWeakHandles           0.000 / 0.000         0.059 / 0.125         0.057 / 0.125         0.057 / 0.125       ms
[2020-07-12T01:22:58.926+0000][5284][gc,stats    ]    Subphase: Pause Mark Try Complete                       0.000 / 0.000         0.163 / 0.190         0.156 / 0.214         0.156 / 0.214       ms
[2020-07-12T01:22:58.926+0000][5284][gc,stats    ]    Subphase: Pause Roots                                   0.000 / 0.000         0.040 / 0.250         0.039 / 0.936         0.039 / 0.936       ms
[2020-07-12T01:22:58.926+0000][5284][gc,stats    ]    Subphase: Pause Roots CodeCache                         0.000 / 0.000         0.000 / 0.000         0.000 / 0.000         0.000 / 0.000       ms
[2020-07-12T01:22:58.926+0000][5284][gc,stats    ]    Subphase: Pause Roots JVMTIExport                       0.000 / 0.000         0.002 / 0.008         0.002 / 0.008         0.002 / 0.008       ms
[2020-07-12T01:22:58.926+0000][5284][gc,stats    ]    Subphase: Pause Roots JVMTIWeakExport                   0.000 / 0.000         0.001 / 0.001         0.001 / 0.001         0.001 / 0.001       ms
[2020-07-12T01:22:58.926+0000][5284][gc,stats    ]    Subphase: Pause Roots Management                        0.000 / 0.000         0.001 / 0.003         0.001 / 0.009         0.001 / 0.009       ms
[2020-07-12T01:22:58.926+0000][5284][gc,stats    ]    Subphase: Pause Roots ObjectSynchronizer                0.000 / 0.000         0.000 / 0.001         0.000 / 0.001         0.000 / 0.001       ms
[2020-07-12T01:22:58.926+0000][5284][gc,stats    ]    Subphase: Pause Roots Setup                             0.000 / 0.000         0.000 / 0.001         0.001 / 0.036         0.001 / 0.036       ms
[2020-07-12T01:22:58.926+0000][5284][gc,stats    ]    Subphase: Pause Roots SystemDictionary                  0.000 / 0.000         0.012 / 0.040         0.012 / 0.042         0.012 / 0.042       ms
[2020-07-12T01:22:58.926+0000][5284][gc,stats    ]    Subphase: Pause Roots Teardown                          0.000 / 0.000         0.001 / 0.007         0.001 / 0.013         0.001 / 0.013       ms
[2020-07-12T01:22:58.926+0000][5284][gc,stats    ]    Subphase: Pause Roots Threads                           0.000 / 0.000         0.045 / 0.235         0.045 / 0.913         0.045 / 0.913       ms
[2020-07-12T01:22:58.926+0000][5284][gc,stats    ]    Subphase: Pause Roots Universe                          0.000 / 0.000         0.002 / 0.011         0.002 / 0.011         0.002 / 0.011       ms
[2020-07-12T01:22:58.926+0000][5284][gc,stats    ]    Subphase: Pause Weak Roots                              0.000 / 0.000         0.010 / 0.055         0.010 / 0.087         0.010 / 0.087       ms
[2020-07-12T01:22:58.927+0000][5284][gc,stats    ]    Subphase: Pause Weak Roots JFRWeak                      0.000 / 0.000         0.045 / 0.052         0.047 / 0.084         0.047 / 0.084       ms
[2020-07-12T01:22:58.927+0000][5284][gc,stats    ]    Subphase: Pause Weak Roots JVMTIWeakExport              0.000 / 0.000         0.001 / 0.001         0.001 / 0.002         0.001 / 0.002       ms
[2020-07-12T01:22:58.927+0000][5284][gc,stats    ]    Subphase: Pause Weak Roots Setup                        0.000 / 0.000         0.000 / 0.000         0.000 / 0.001         0.000 / 0.001       ms
[2020-07-12T01:22:58.927+0000][5284][gc,stats    ]    Subphase: Pause Weak Roots Teardown                     0.000 / 0.000         0.000 / 0.000         0.000 / 0.000         0.000 / 0.000       ms
[2020-07-12T01:22:58.927+0000][5284][gc,stats    ]      System: Java Threads                                      0 / 0                36 / 37               35 / 38               35 / 38          threads
[2020-07-12T01:22:58.927+0000][5284][gc,stats    ] =========================================================================================================================================================
[2020-07-12T01:23:08.924+0000][5284][gc,stats    ] === Garbage Collection Statistics =======================================================================================================================
[2020-07-12T01:23:08.924+0000][5284][gc,stats    ]                                                              Last 10s              Last 10m              Last 10h                Total
[2020-07-12T01:23:08.924+0000][5284][gc,stats    ]                                                              Avg / Max             Avg / Max             Avg / Max             Avg / Max
[2020-07-12T01:23:08.924+0000][5284][gc,stats    ]   Collector: Garbage Collection Cycle                      0.000 / 0.000        84.422 / 106.819      79.618 / 117.511      79.618 / 117.511     ms
[2020-07-12T01:23:08.924+0000][5284][gc,stats    ]  Contention: Mark Segment Reset Contention                     0 / 0                 0 / 0                 0 / 0                 0 / 0           ops/s
[2020-07-12T01:23:08.924+0000][5284][gc,stats    ]  Contention: Mark SeqNum Reset Contention                      0 / 0                 0 / 0                 0 / 0                 0 / 0           ops/s
[2020-07-12T01:23:08.924+0000][5284][gc,stats    ]  Contention: Relocation Contention                             0 / 0                 0 / 2                 0 / 12                0 / 12          ops/s
[2020-07-12T01:23:08.924+0000][5284][gc,stats    ]    Critical: Allocation Stall                              0.000 / 0.000         0.000 / 0.000         0.000 / 0.000         0.000 / 0.000       ms
[2020-07-12T01:23:08.924+0000][5284][gc,stats    ]    Critical: Allocation Stall                                  0 / 0                 0 / 0                 0 / 0                 0 / 0           ops/s
[2020-07-12T01:23:08.924+0000][5284][gc,stats    ]    Critical: GC Locker Stall                               0.000 / 0.000         0.000 / 0.000         0.093 / 0.093         0.093 / 0.093       ms
[2020-07-12T01:23:08.924+0000][5284][gc,stats    ]    Critical: GC Locker Stall                                   0 / 0                 0 / 0                 0 / 1                 0 / 1           ops/s
[2020-07-12T01:23:08.924+0000][5284][gc,stats    ]      Memory: Allocation Rate                                   0 / 0                17 / 242              56 / 242              56 / 242         MB/s
[2020-07-12T01:23:08.924+0000][5284][gc,stats    ]      Memory: Heap Used After Mark                              0 / 0               604 / 756             585 / 1286            585 / 1286        MB
[2020-07-12T01:23:08.924+0000][5284][gc,stats    ]      Memory: Heap Used After Relocation                        0 / 0                80 / 108              81 / 116              81 / 116         MB
[2020-07-12T01:23:08.924+0000][5284][gc,stats    ]      Memory: Heap Used Before Mark                             0 / 0               595 / 754             573 / 1270            573 / 1270        MB
[2020-07-12T01:23:08.924+0000][5284][gc,stats    ]      Memory: Heap Used Before Relocation                       0 / 0               119 / 162             127 / 338             127 / 338         MB
[2020-07-12T01:23:08.924+0000][5284][gc,stats    ]      Memory: Out Of Memory                                     0 / 0                 0 / 0                 0 / 0                 0 / 0           ops/s
[2020-07-12T01:23:08.924+0000][5284][gc,stats    ]      Memory: Page Cache Flush                                  0 / 0                 0 / 0                 0 / 0                 0 / 0           MB/s
[2020-07-12T01:23:08.924+0000][5284][gc,stats    ]      Memory: Page Cache Hit L1                                 0 / 0                 8 / 124              27 / 124              27 / 124         ops/s
[2020-07-12T01:23:08.924+0000][5284][gc,stats    ]      Memory: Page Cache Hit L2                                 0 / 0                 0 / 0                 0 / 0                 0 / 0           ops/s
[2020-07-12T01:23:08.924+0000][5284][gc,stats    ]      Memory: Page Cache Hit L3                                 0 / 0                 0 / 0                 0 / 96                0 / 96          ops/s
[2020-07-12T01:23:08.924+0000][5284][gc,stats    ]      Memory: Page Cache Miss                                   0 / 0                 0 / 0                 0 / 0                 0 / 0           ops/s
[2020-07-12T01:23:08.924+0000][5284][gc,stats    ]      Memory: Uncommit                                          0 / 0                 0 / 0                 0 / 0                 0 / 0           MB/s
[2020-07-12T01:23:08.924+0000][5284][gc,stats    ]      Memory: Undo Object Allocation Failed                     0 / 0                 0 / 0                 0 / 0                 0 / 0           ops/s
[2020-07-12T01:23:08.924+0000][5284][gc,stats    ]      Memory: Undo Object Allocation Succeeded                  0 / 0                 0 / 2                 0 / 12                0 / 12          ops/s
[2020-07-12T01:23:08.924+0000][5284][gc,stats    ]      Memory: Undo Page Allocation                              0 / 0                 0 / 0                 0 / 0                 0 / 0           ops/s
[2020-07-12T01:23:08.924+0000][5284][gc,stats    ]       Phase: Concurrent Mark                               0.000 / 0.000        49.420 / 72.502       48.385 / 77.269       48.385 / 77.269      ms
[2020-07-12T01:23:08.924+0000][5284][gc,stats    ]       Phase: Concurrent Mark Continue                      0.000 / 0.000         0.000 / 0.000         0.000 / 0.000         0.000 / 0.000       ms
[2020-07-12T01:23:08.924+0000][5284][gc,stats    ]       Phase: Concurrent Process Non-Strong References      0.000 / 0.000        30.026 / 42.104       26.611 / 42.104       26.611 / 42.104      ms
[2020-07-12T01:23:08.924+0000][5284][gc,stats    ]       Phase: Concurrent Relocate                           0.000 / 0.000         1.609 / 5.509         1.682 / 18.136        1.682 / 18.136      ms
[2020-07-12T01:23:08.924+0000][5284][gc,stats    ]       Phase: Concurrent Reset Relocation Set               0.000 / 0.000         0.004 / 0.005         0.004 / 0.015         0.004 / 0.015       ms
[2020-07-12T01:23:08.924+0000][5284][gc,stats    ]       Phase: Concurrent Select Relocation Set              0.000 / 0.000         1.020 / 1.278         1.059 / 5.622         1.059 / 5.622       ms
[2020-07-12T01:23:08.924+0000][5284][gc,stats    ]       Phase: Pause Mark End                                0.000 / 0.000         0.345 / 0.449         0.346 / 0.654         0.346 / 0.654       ms
[2020-07-12T01:23:08.924+0000][5284][gc,stats    ]       Phase: Pause Mark Start                              0.000 / 0.000         0.227 / 0.681         0.183 / 0.724         0.183 / 0.724       ms
[2020-07-12T01:23:08.924+0000][5284][gc,stats    ]       Phase: Pause Relocate Start                          0.000 / 0.000         0.146 / 0.586         0.136 / 1.014         0.136 / 1.014       ms
[2020-07-12T01:23:08.924+0000][5284][gc,stats    ]    Subphase: Concurrent Classes Purge                      0.000 / 0.000         0.757 / 1.159         0.792 / 8.877         0.792 / 8.877       ms
[2020-07-12T01:23:08.924+0000][5284][gc,stats    ]    Subphase: Concurrent Classes Unlink                     0.000 / 0.000        27.267 / 35.584       24.052 / 38.550       24.052 / 38.550      ms
[2020-07-12T01:23:08.924+0000][5284][gc,stats    ]    Subphase: Concurrent Mark                               0.000 / 0.000        48.612 / 70.416       47.581 / 76.517       47.581 / 76.517      ms
[2020-07-12T01:23:08.924+0000][5284][gc,stats    ]    Subphase: Concurrent Mark Idle                          0.000 / 0.000         0.000 / 0.000         0.000 / 0.000         0.000 / 0.000       ms
[2020-07-12T01:23:08.924+0000][5284][gc,stats    ]    Subphase: Concurrent Mark Try Flush                     0.000 / 0.000         0.165 / 4.046         0.128 / 4.734         0.128 / 4.734       ms
[2020-07-12T01:23:08.924+0000][5284][gc,stats    ]    Subphase: Concurrent Mark Try Terminate                 0.000 / 0.000         0.139 / 4.047         0.083 / 4.736         0.083 / 4.736       ms
[2020-07-12T01:23:08.924+0000][5284][gc,stats    ]    Subphase: Concurrent References Enqueue                 0.000 / 0.000         0.001 / 0.004         0.001 / 0.004         0.001 / 0.004       ms
[2020-07-12T01:23:08.924+0000][5284][gc,stats    ]    Subphase: Concurrent References Process                 0.000 / 0.000         0.473 / 0.579         0.525 / 1.144         0.525 / 1.144       ms
[2020-07-12T01:23:08.924+0000][5284][gc,stats    ]    Subphase: Concurrent Roots                              0.000 / 0.000         0.370 / 1.172         0.320 / 1.449         0.320 / 1.449       ms
[2020-07-12T01:23:08.924+0000][5284][gc,stats    ]    Subphase: Concurrent Roots ClassLoaderDataGraph         0.000 / 0.000         0.362 / 1.147         0.314 / 1.421         0.314 / 1.421       ms
[2020-07-12T01:23:08.924+0000][5284][gc,stats    ]    Subphase: Concurrent Roots JNIHandles                   0.000 / 0.000         0.005 / 0.014         0.004 / 0.017         0.004 / 0.017       ms
[2020-07-12T01:23:08.924+0000][5284][gc,stats    ]    Subphase: Concurrent Roots Setup                        0.000 / 0.000         0.205 / 0.416         0.192 / 0.465         0.192 / 0.465       ms
[2020-07-12T01:23:08.924+0000][5284][gc,stats    ]    Subphase: Concurrent Roots Teardown                     0.000 / 0.000         0.000 / 0.001         0.000 / 0.002         0.000 / 0.002       ms
[2020-07-12T01:23:08.924+0000][5284][gc,stats    ]    Subphase: Concurrent Roots VMHandles                    0.000 / 0.000         0.000 / 0.000         0.000 / 0.000         0.000 / 0.000       ms
[2020-07-12T01:23:08.924+0000][5284][gc,stats    ]    Subphase: Concurrent Weak Roots                         0.000 / 0.000         0.909 / 1.029         0.908 / 1.534         0.908 / 1.534       ms
[2020-07-12T01:23:08.924+0000][5284][gc,stats    ]    Subphase: Concurrent Weak Roots JNIWeakHandles          0.000 / 0.000         0.001 / 0.001         0.001 / 0.004         0.001 / 0.004       ms
[2020-07-12T01:23:08.924+0000][5284][gc,stats    ]    Subphase: Concurrent Weak Roots ResolvedMethodTable     0.000 / 0.000         0.097 / 0.131         0.095 / 0.181         0.095 / 0.181       ms
[2020-07-12T01:23:08.924+0000][5284][gc,stats    ]    Subphase: Concurrent Weak Roots StringTable             0.000 / 0.000         0.749 / 0.875         0.752 / 1.341         0.752 / 1.341       ms
[2020-07-12T01:23:08.924+0000][5284][gc,stats    ]    Subphase: Concurrent Weak Roots VMWeakHandles           0.000 / 0.000         0.059 / 0.125         0.057 / 0.125         0.057 / 0.125       ms
[2020-07-12T01:23:08.924+0000][5284][gc,stats    ]    Subphase: Pause Mark Try Complete                       0.000 / 0.000         0.163 / 0.190         0.156 / 0.214         0.156 / 0.214       ms
[2020-07-12T01:23:08.924+0000][5284][gc,stats    ]    Subphase: Pause Roots                                   0.000 / 0.000         0.042 / 0.250         0.039 / 0.936         0.039 / 0.936       ms
[2020-07-12T01:23:08.924+0000][5284][gc,stats    ]    Subphase: Pause Roots CodeCache                         0.000 / 0.000         0.000 / 0.000         0.000 / 0.000         0.000 / 0.000       ms
[2020-07-12T01:23:08.924+0000][5284][gc,stats    ]    Subphase: Pause Roots JVMTIExport                       0.000 / 0.000         0.002 / 0.008         0.002 / 0.008         0.002 / 0.008       ms
[2020-07-12T01:23:08.924+0000][5284][gc,stats    ]    Subphase: Pause Roots JVMTIWeakExport                   0.000 / 0.000         0.001 / 0.001         0.001 / 0.001         0.001 / 0.001       ms
[2020-07-12T01:23:08.924+0000][5284][gc,stats    ]    Subphase: Pause Roots Management                        0.000 / 0.000         0.001 / 0.003         0.001 / 0.009         0.001 / 0.009       ms
[2020-07-12T01:23:08.924+0000][5284][gc,stats    ]    Subphase: Pause Roots ObjectSynchronizer                0.000 / 0.000         0.000 / 0.001         0.000 / 0.001         0.000 / 0.001       ms
[2020-07-12T01:23:08.924+0000][5284][gc,stats    ]    Subphase: Pause Roots Setup                             0.000 / 0.000         0.000 / 0.001         0.001 / 0.036         0.001 / 0.036       ms
[2020-07-12T01:23:08.924+0000][5284][gc,stats    ]    Subphase: Pause Roots SystemDictionary                  0.000 / 0.000         0.013 / 0.040         0.012 / 0.042         0.012 / 0.042       ms
[2020-07-12T01:23:08.924+0000][5284][gc,stats    ]    Subphase: Pause Roots Teardown                          0.000 / 0.000         0.001 / 0.007         0.001 / 0.013         0.001 / 0.013       ms
[2020-07-12T01:23:08.924+0000][5284][gc,stats    ]    Subphase: Pause Roots Threads                           0.000 / 0.000         0.046 / 0.235         0.045 / 0.913         0.045 / 0.913       ms
[2020-07-12T01:23:08.924+0000][5284][gc,stats    ]    Subphase: Pause Roots Universe                          0.000 / 0.000         0.002 / 0.011         0.002 / 0.011         0.002 / 0.011       ms
[2020-07-12T01:23:08.924+0000][5284][gc,stats    ]    Subphase: Pause Weak Roots                              0.000 / 0.000         0.009 / 0.055         0.010 / 0.087         0.010 / 0.087       ms
[2020-07-12T01:23:08.924+0000][5284][gc,stats    ]    Subphase: Pause Weak Roots JFRWeak                      0.000 / 0.000         0.045 / 0.052         0.047 / 0.084         0.047 / 0.084       ms
[2020-07-12T01:23:08.924+0000][5284][gc,stats    ]    Subphase: Pause Weak Roots JVMTIWeakExport              0.000 / 0.000         0.001 / 0.001         0.001 / 0.002         0.001 / 0.002       ms
[2020-07-12T01:23:08.924+0000][5284][gc,stats    ]    Subphase: Pause Weak Roots Setup                        0.000 / 0.000         0.000 / 0.000         0.000 / 0.001         0.000 / 0.001       ms
[2020-07-12T01:23:08.924+0000][5284][gc,stats    ]    Subphase: Pause Weak Roots Teardown                     0.000 / 0.000         0.000 / 0.000         0.000 / 0.000         0.000 / 0.000       ms
[2020-07-12T01:23:08.924+0000][5284][gc,stats    ]      System: Java Threads                                      0 / 0                36 / 37               35 / 38               35 / 38          threads
[2020-07-12T01:23:08.924+0000][5284][gc,stats    ] =========================================================================================================================================================
[2020-07-12T01:23:18.928+0000][5284][gc,stats    ] === Garbage Collection Statistics =======================================================================================================================
[2020-07-12T01:23:18.928+0000][5284][gc,stats    ]                                                              Last 10s              Last 10m              Last 10h                Total
[2020-07-12T01:23:18.928+0000][5284][gc,stats    ]                                                              Avg / Max             Avg / Max             Avg / Max             Avg / Max
[2020-07-12T01:23:18.928+0000][5284][gc,stats    ]   Collector: Garbage Collection Cycle                      0.000 / 0.000        84.471 / 106.819      79.618 / 117.511      79.618 / 117.511     ms
[2020-07-12T01:23:18.928+0000][5284][gc,stats    ]  Contention: Mark Segment Reset Contention                     0 / 0                 0 / 0                 0 / 0                 0 / 0           ops/s
[2020-07-12T01:23:18.928+0000][5284][gc,stats    ]  Contention: Mark SeqNum Reset Contention                      0 / 0                 0 / 0                 0 / 0                 0 / 0           ops/s
[2020-07-12T01:23:18.929+0000][5284][gc,stats    ]  Contention: Relocation Contention                             0 / 0                 0 / 2                 0 / 12                0 / 12          ops/s
[2020-07-12T01:23:18.929+0000][5284][gc,stats    ]    Critical: Allocation Stall                              0.000 / 0.000         0.000 / 0.000         0.000 / 0.000         0.000 / 0.000       ms
[2020-07-12T01:23:18.929+0000][5284][gc,stats    ]    Critical: Allocation Stall                                  0 / 0                 0 / 0                 0 / 0                 0 / 0           ops/s
[2020-07-12T01:23:18.929+0000][5284][gc,stats    ]    Critical: GC Locker Stall                               0.000 / 0.000         0.000 / 0.000         0.093 / 0.093         0.093 / 0.093       ms
[2020-07-12T01:23:18.929+0000][5284][gc,stats    ]    Critical: GC Locker Stall                                   0 / 0                 0 / 0                 0 / 1                 0 / 1           ops/s
[2020-07-12T01:23:18.929+0000][5284][gc,stats    ]      Memory: Allocation Rate                                   0 / 0                15 / 222              56 / 242              56 / 242         MB/s
[2020-07-12T01:23:18.929+0000][5284][gc,stats    ]      Memory: Heap Used After Mark                              0 / 0               606 / 756             585 / 1286            585 / 1286        MB
[2020-07-12T01:23:18.929+0000][5284][gc,stats    ]      Memory: Heap Used After Relocation                        0 / 0                80 / 108              81 / 116              81 / 116         MB
[2020-07-12T01:23:18.929+0000][5284][gc,stats    ]      Memory: Heap Used Before Mark                             0 / 0               595 / 754             573 / 1270            573 / 1270        MB
[2020-07-12T01:23:18.929+0000][5284][gc,stats    ]      Memory: Heap Used Before Relocation                       0 / 0               119 / 162             127 / 338             127 / 338         MB
[2020-07-12T01:23:18.929+0000][5284][gc,stats    ]      Memory: Out Of Memory                                     0 / 0                 0 / 0                 0 / 0                 0 / 0           ops/s
[2020-07-12T01:23:18.929+0000][5284][gc,stats    ]      Memory: Page Cache Flush                                  0 / 0                 0 / 0                 0 / 0                 0 / 0           MB/s
[2020-07-12T01:23:18.929+0000][5284][gc,stats    ]      Memory: Page Cache Hit L1                                 0 / 0                 7 / 111              27 / 124              27 / 124         ops/s
[2020-07-12T01:23:18.929+0000][5284][gc,stats    ]      Memory: Page Cache Hit L2                                 0 / 0                 0 / 0                 0 / 0                 0 / 0           ops/s
[2020-07-12T01:23:18.929+0000][5284][gc,stats    ]      Memory: Page Cache Hit L3                                 0 / 0                 0 / 0                 0 / 96                0 / 96          ops/s
[2020-07-12T01:23:18.929+0000][5284][gc,stats    ]      Memory: Page Cache Miss                                   0 / 0                 0 / 0                 0 / 0                 0 / 0           ops/s
[2020-07-12T01:23:18.929+0000][5284][gc,stats    ]      Memory: Uncommit                                          0 / 0                 0 / 0                 0 / 0                 0 / 0           MB/s
[2020-07-12T01:23:18.929+0000][5284][gc,stats    ]      Memory: Undo Object Allocation Failed                     0 / 0                 0 / 0                 0 / 0                 0 / 0           ops/s
[2020-07-12T01:23:18.929+0000][5284][gc,stats    ]      Memory: Undo Object Allocation Succeeded                  0 / 0                 0 / 2                 0 / 12                0 / 12          ops/s
[2020-07-12T01:23:18.929+0000][5284][gc,stats    ]      Memory: Undo Page Allocation                              0 / 0                 0 / 0                 0 / 0                 0 / 0           ops/s
[2020-07-12T01:23:18.929+0000][5284][gc,stats    ]       Phase: Concurrent Mark                               0.000 / 0.000        49.856 / 72.502       48.385 / 77.269       48.385 / 77.269      ms
[2020-07-12T01:23:18.929+0000][5284][gc,stats    ]       Phase: Concurrent Mark Continue                      0.000 / 0.000         0.000 / 0.000         0.000 / 0.000         0.000 / 0.000       ms
[2020-07-12T01:23:18.929+0000][5284][gc,stats    ]       Phase: Concurrent Process Non-Strong References      0.000 / 0.000        30.120 / 42.104       26.611 / 42.104       26.611 / 42.104      ms
[2020-07-12T01:23:18.929+0000][5284][gc,stats    ]       Phase: Concurrent Relocate                           0.000 / 0.000         1.334 / 1.488         1.682 / 18.136        1.682 / 18.136      ms
[2020-07-12T01:23:18.929+0000][5284][gc,stats    ]       Phase: Concurrent Reset Relocation Set               0.000 / 0.000         0.004 / 0.005         0.004 / 0.015         0.004 / 0.015       ms
[2020-07-12T01:23:18.929+0000][5284][gc,stats    ]       Phase: Concurrent Select Relocation Set              0.000 / 0.000         1.021 / 1.278         1.059 / 5.622         1.059 / 5.622       ms
[2020-07-12T01:23:18.929+0000][5284][gc,stats    ]       Phase: Pause Mark End                                0.000 / 0.000         0.341 / 0.449         0.346 / 0.654         0.346 / 0.654       ms
[2020-07-12T01:23:18.929+0000][5284][gc,stats    ]       Phase: Pause Mark Start                              0.000 / 0.000         0.223 / 0.681         0.183 / 0.724         0.183 / 0.724       ms
[2020-07-12T01:23:18.929+0000][5284][gc,stats    ]       Phase: Pause Relocate Start                          0.000 / 0.000         0.121 / 0.243         0.136 / 1.014         0.136 / 1.014       ms
[2020-07-12T01:23:18.929+0000][5284][gc,stats    ]    Subphase: Concurrent Classes Purge                      0.000 / 0.000         0.761 / 1.159         0.792 / 8.877         0.792 / 8.877       ms
[2020-07-12T01:23:18.929+0000][5284][gc,stats    ]    Subphase: Concurrent Classes Unlink                     0.000 / 0.000        27.314 / 35.584       24.052 / 38.550       24.052 / 38.550      ms
[2020-07-12T01:23:18.929+0000][5284][gc,stats    ]    Subphase: Concurrent Mark                               0.000 / 0.000        49.057 / 70.416       47.581 / 76.517       47.581 / 76.517      ms
[2020-07-12T01:23:18.929+0000][5284][gc,stats    ]    Subphase: Concurrent Mark Idle                          0.000 / 0.000         0.000 / 0.000         0.000 / 0.000         0.000 / 0.000       ms
[2020-07-12T01:23:18.929+0000][5284][gc,stats    ]    Subphase: Concurrent Mark Try Flush                     0.000 / 0.000         0.175 / 4.046         0.128 / 4.734         0.128 / 4.734       ms
[2020-07-12T01:23:18.929+0000][5284][gc,stats    ]    Subphase: Concurrent Mark Try Terminate                 0.000 / 0.000         0.150 / 4.047         0.083 / 4.736         0.083 / 4.736       ms
[2020-07-12T01:23:18.929+0000][5284][gc,stats    ]    Subphase: Concurrent References Enqueue                 0.000 / 0.000         0.001 / 0.004         0.001 / 0.004         0.001 / 0.004       ms
[2020-07-12T01:23:18.929+0000][5284][gc,stats    ]    Subphase: Concurrent References Process                 0.000 / 0.000         0.472 / 0.579         0.525 / 1.144         0.525 / 1.144       ms
[2020-07-12T01:23:18.929+0000][5284][gc,stats    ]    Subphase: Concurrent Roots                              0.000 / 0.000         0.361 / 1.172         0.320 / 1.449         0.320 / 1.449       ms
[2020-07-12T01:23:18.929+0000][5284][gc,stats    ]    Subphase: Concurrent Roots ClassLoaderDataGraph         0.000 / 0.000         0.354 / 1.147         0.314 / 1.421         0.314 / 1.421       ms
[2020-07-12T01:23:18.929+0000][5284][gc,stats    ]    Subphase: Concurrent Roots JNIHandles                   0.000 / 0.000         0.005 / 0.014         0.004 / 0.017         0.004 / 0.017       ms
[2020-07-12T01:23:18.929+0000][5284][gc,stats    ]    Subphase: Concurrent Roots Setup                        0.000 / 0.000         0.202 / 0.416         0.192 / 0.465         0.192 / 0.465       ms
[2020-07-12T01:23:18.929+0000][5284][gc,stats    ]    Subphase: Concurrent Roots Teardown                     0.000 / 0.000         0.000 / 0.001         0.000 / 0.002         0.000 / 0.002       ms
[2020-07-12T01:23:18.929+0000][5284][gc,stats    ]    Subphase: Concurrent Roots VMHandles                    0.000 / 0.000         0.000 / 0.000         0.000 / 0.000         0.000 / 0.000       ms
[2020-07-12T01:23:18.929+0000][5284][gc,stats    ]    Subphase: Concurrent Weak Roots                         0.000 / 0.000         0.908 / 1.029         0.908 / 1.534         0.908 / 1.534       ms
[2020-07-12T01:23:18.929+0000][5284][gc,stats    ]    Subphase: Concurrent Weak Roots JNIWeakHandles          0.000 / 0.000         0.001 / 0.001         0.001 / 0.004         0.001 / 0.004       ms
[2020-07-12T01:23:18.929+0000][5284][gc,stats    ]    Subphase: Concurrent Weak Roots ResolvedMethodTable     0.000 / 0.000         0.097 / 0.131         0.095 / 0.181         0.095 / 0.181       ms
[2020-07-12T01:23:18.929+0000][5284][gc,stats    ]    Subphase: Concurrent Weak Roots StringTable             0.000 / 0.000         0.748 / 0.875         0.752 / 1.341         0.752 / 1.341       ms
[2020-07-12T01:23:18.929+0000][5284][gc,stats    ]    Subphase: Concurrent Weak Roots VMWeakHandles           0.000 / 0.000         0.058 / 0.125         0.057 / 0.125         0.057 / 0.125       ms
[2020-07-12T01:23:18.929+0000][5284][gc,stats    ]    Subphase: Pause Mark Try Complete                       0.000 / 0.000         0.163 / 0.190         0.156 / 0.214         0.156 / 0.214       ms
[2020-07-12T01:23:18.929+0000][5284][gc,stats    ]    Subphase: Pause Roots                                   0.000 / 0.000         0.039 / 0.250         0.039 / 0.936         0.039 / 0.936       ms
[2020-07-12T01:23:18.929+0000][5284][gc,stats    ]    Subphase: Pause Roots CodeCache                         0.000 / 0.000         0.000 / 0.000         0.000 / 0.000         0.000 / 0.000       ms
[2020-07-12T01:23:18.929+0000][5284][gc,stats    ]    Subphase: Pause Roots JVMTIExport                       0.000 / 0.000         0.002 / 0.008         0.002 / 0.008         0.002 / 0.008       ms
[2020-07-12T01:23:18.929+0000][5284][gc,stats    ]    Subphase: Pause Roots JVMTIWeakExport                   0.000 / 0.000         0.001 / 0.001         0.001 / 0.001         0.001 / 0.001       ms
[2020-07-12T01:23:18.929+0000][5284][gc,stats    ]    Subphase: Pause Roots Management                        0.000 / 0.000         0.001 / 0.003         0.001 / 0.009         0.001 / 0.009       ms
[2020-07-12T01:23:18.929+0000][5284][gc,stats    ]    Subphase: Pause Roots ObjectSynchronizer                0.000 / 0.000         0.000 / 0.001         0.000 / 0.001         0.000 / 0.001       ms
[2020-07-12T01:23:18.929+0000][5284][gc,stats    ]    Subphase: Pause Roots Setup                             0.000 / 0.000         0.000 / 0.001         0.001 / 0.036         0.001 / 0.036       ms
[2020-07-12T01:23:18.929+0000][5284][gc,stats    ]    Subphase: Pause Roots SystemDictionary                  0.000 / 0.000         0.012 / 0.040         0.012 / 0.042         0.012 / 0.042       ms
[2020-07-12T01:23:18.929+0000][5284][gc,stats    ]    Subphase: Pause Roots Teardown                          0.000 / 0.000         0.001 / 0.005         0.001 / 0.013         0.001 / 0.013       ms
[2020-07-12T01:23:18.929+0000][5284][gc,stats    ]    Subphase: Pause Roots Threads                           0.000 / 0.000         0.042 / 0.230         0.045 / 0.913         0.045 / 0.913       ms
[2020-07-12T01:23:18.929+0000][5284][gc,stats    ]    Subphase: Pause Roots Universe                          0.000 / 0.000         0.002 / 0.011         0.002 / 0.011         0.002 / 0.011       ms
[2020-07-12T01:23:18.929+0000][5284][gc,stats    ]    Subphase: Pause Weak Roots                              0.000 / 0.000         0.009 / 0.055         0.010 / 0.087         0.010 / 0.087       ms
[2020-07-12T01:23:18.929+0000][5284][gc,stats    ]    Subphase: Pause Weak Roots JFRWeak                      0.000 / 0.000         0.045 / 0.052         0.047 / 0.084         0.047 / 0.084       ms
[2020-07-12T01:23:18.929+0000][5284][gc,stats    ]    Subphase: Pause Weak Roots JVMTIWeakExport              0.000 / 0.000         0.001 / 0.001         0.001 / 0.002         0.001 / 0.002       ms
[2020-07-12T01:23:18.929+0000][5284][gc,stats    ]    Subphase: Pause Weak Roots Setup                        0.000 / 0.000         0.000 / 0.000         0.000 / 0.001         0.000 / 0.001       ms
[2020-07-12T01:23:18.929+0000][5284][gc,stats    ]    Subphase: Pause Weak Roots Teardown                     0.000 / 0.000         0.000 / 0.000         0.000 / 0.000         0.000 / 0.000       ms
[2020-07-12T01:23:18.929+0000][5284][gc,stats    ]      System: Java Threads                                      0 / 0                36 / 37               35 / 38               35 / 38          threads
[2020-07-12T01:23:18.929+0000][5284][gc,stats    ] =========================================================================================================================================================
[2020-07-12T01:23:28.927+0000][5284][gc,stats    ] === Garbage Collection Statistics =======================================================================================================================
[2020-07-12T01:23:28.927+0000][5284][gc,stats    ]                                                              Last 10s              Last 10m              Last 10h                Total
[2020-07-12T01:23:28.927+0000][5284][gc,stats    ]                                                              Avg / Max             Avg / Max             Avg / Max             Avg / Max
[2020-07-12T01:23:28.927+0000][5284][gc,stats    ]   Collector: Garbage Collection Cycle                      0.000 / 0.000        82.710 / 101.755      79.618 / 117.511      79.618 / 117.511     ms
[2020-07-12T01:23:28.927+0000][5284][gc,stats    ]  Contention: Mark Segment Reset Contention                     0 / 0                 0 / 0                 0 / 0                 0 / 0           ops/s
[2020-07-12T01:23:28.927+0000][5284][gc,stats    ]  Contention: Mark SeqNum Reset Contention                      0 / 0                 0 / 0                 0 / 0                 0 / 0           ops/s
[2020-07-12T01:23:28.927+0000][5284][gc,stats    ]  Contention: Relocation Contention                             0 / 0                 0 / 2                 0 / 12                0 / 12          ops/s
[2020-07-12T01:23:28.927+0000][5284][gc,stats    ]    Critical: Allocation Stall                              0.000 / 0.000         0.000 / 0.000         0.000 / 0.000         0.000 / 0.000       ms
[2020-07-12T01:23:28.927+0000][5284][gc,stats    ]    Critical: Allocation Stall                                  0 / 0                 0 / 0                 0 / 0                 0 / 0           ops/s
[2020-07-12T01:23:28.927+0000][5284][gc,stats    ]    Critical: GC Locker Stall                               0.000 / 0.000         0.000 / 0.000         0.093 / 0.093         0.093 / 0.093       ms
[2020-07-12T01:23:28.927+0000][5284][gc,stats    ]    Critical: GC Locker Stall                                   0 / 0                 0 / 0                 0 / 1                 0 / 1           ops/s
[2020-07-12T01:23:28.927+0000][5284][gc,stats    ]      Memory: Allocation Rate                                   0 / 0                13 / 222              55 / 242              55 / 242         MB/s
[2020-07-12T01:23:28.927+0000][5284][gc,stats    ]      Memory: Heap Used After Mark                              0 / 0               595 / 756             585 / 1286            585 / 1286        MB
[2020-07-12T01:23:28.927+0000][5284][gc,stats    ]      Memory: Heap Used After Relocation                        0 / 0                79 / 108              81 / 116              81 / 116         MB
[2020-07-12T01:23:28.927+0000][5284][gc,stats    ]      Memory: Heap Used Before Mark                             0 / 0               585 / 754             573 / 1270            573 / 1270        MB
[2020-07-12T01:23:28.927+0000][5284][gc,stats    ]      Memory: Heap Used Before Relocation                       0 / 0               118 / 162             127 / 338             127 / 338         MB
[2020-07-12T01:23:28.927+0000][5284][gc,stats    ]      Memory: Out Of Memory                                     0 / 0                 0 / 0                 0 / 0                 0 / 0           ops/s
[2020-07-12T01:23:28.927+0000][5284][gc,stats    ]      Memory: Page Cache Flush                                  0 / 0                 0 / 0                 0 / 0                 0 / 0           MB/s
[2020-07-12T01:23:28.927+0000][5284][gc,stats    ]      Memory: Page Cache Hit L1                                 0 / 0                 6 / 111              27 / 124              27 / 124         ops/s
[2020-07-12T01:23:28.927+0000][5284][gc,stats    ]      Memory: Page Cache Hit L2                                 0 / 0                 0 / 0                 0 / 0                 0 / 0           ops/s
[2020-07-12T01:23:28.927+0000][5284][gc,stats    ]      Memory: Page Cache Hit L3                                 0 / 0                 0 / 0                 0 / 96                0 / 96          ops/s
[2020-07-12T01:23:28.927+0000][5284][gc,stats    ]      Memory: Page Cache Miss                                   0 / 0                 0 / 0                 0 / 0                 0 / 0           ops/s
[2020-07-12T01:23:28.927+0000][5284][gc,stats    ]      Memory: Uncommit                                          0 / 0                 0 / 0                 0 / 0                 0 / 0           MB/s
[2020-07-12T01:23:28.927+0000][5284][gc,stats    ]      Memory: Undo Object Allocation Failed                     0 / 0                 0 / 0                 0 / 0                 0 / 0           ops/s
[2020-07-12T01:23:28.927+0000][5284][gc,stats    ]      Memory: Undo Object Allocation Succeeded                  0 / 0                 0 / 2                 0 / 12                0 / 12          ops/s
[2020-07-12T01:23:28.927+0000][5284][gc,stats    ]      Memory: Undo Page Allocation                              0 / 0                 0 / 0                 0 / 0                 0 / 0           ops/s
[2020-07-12T01:23:28.927+0000][5284][gc,stats    ]       Phase: Concurrent Mark                               0.000 / 0.000        48.115 / 59.625       48.385 / 77.269       48.385 / 77.269      ms
[2020-07-12T01:23:28.927+0000][5284][gc,stats    ]       Phase: Concurrent Mark Continue                      0.000 / 0.000         0.000 / 0.000         0.000 / 0.000         0.000 / 0.000       ms
[2020-07-12T01:23:28.927+0000][5284][gc,stats    ]       Phase: Concurrent Process Non-Strong References      0.000 / 0.000        30.208 / 42.104       26.611 / 42.104       26.611 / 42.104      ms
[2020-07-12T01:23:28.927+0000][5284][gc,stats    ]       Phase: Concurrent Relocate                           0.000 / 0.000         1.349 / 1.488         1.682 / 18.136        1.682 / 18.136      ms
[2020-07-12T01:23:28.927+0000][5284][gc,stats    ]       Phase: Concurrent Reset Relocation Set               0.000 / 0.000         0.004 / 0.005         0.004 / 0.015         0.004 / 0.015       ms
[2020-07-12T01:23:28.927+0000][5284][gc,stats    ]       Phase: Concurrent Select Relocation Set              0.000 / 0.000         1.024 / 1.278         1.059 / 5.622         1.059 / 5.622       ms
[2020-07-12T01:23:28.927+0000][5284][gc,stats    ]       Phase: Pause Mark End                                0.000 / 0.000         0.346 / 0.449         0.346 / 0.654         0.346 / 0.654       ms
[2020-07-12T01:23:28.927+0000][5284][gc,stats    ]       Phase: Pause Mark Start                              0.000 / 0.000         0.184 / 0.681         0.183 / 0.724         0.183 / 0.724       ms
[2020-07-12T01:23:28.927+0000][5284][gc,stats    ]       Phase: Pause Relocate Start                          0.000 / 0.000         0.127 / 0.243         0.136 / 1.014         0.136 / 1.014       ms
[2020-07-12T01:23:28.927+0000][5284][gc,stats    ]    Subphase: Concurrent Classes Purge                      0.000 / 0.000         0.760 / 1.159         0.792 / 8.877         0.792 / 8.877       ms
[2020-07-12T01:23:28.927+0000][5284][gc,stats    ]    Subphase: Concurrent Classes Unlink                     0.000 / 0.000        27.348 / 35.584       24.052 / 38.550       24.052 / 38.550      ms
[2020-07-12T01:23:28.927+0000][5284][gc,stats    ]    Subphase: Concurrent Mark                               0.000 / 0.000        47.485 / 58.972       47.581 / 76.517       47.581 / 76.517      ms
[2020-07-12T01:23:28.927+0000][5284][gc,stats    ]    Subphase: Concurrent Mark Idle                          0.000 / 0.000         0.000 / 0.000         0.000 / 0.000         0.000 / 0.000       ms
[2020-07-12T01:23:28.927+0000][5284][gc,stats    ]    Subphase: Concurrent Mark Try Flush                     0.000 / 0.000         0.190 / 4.046         0.128 / 4.734         0.128 / 4.734       ms
[2020-07-12T01:23:28.927+0000][5284][gc,stats    ]    Subphase: Concurrent Mark Try Terminate                 0.000 / 0.000         0.167 / 4.047         0.083 / 4.736         0.083 / 4.736       ms
[2020-07-12T01:23:28.927+0000][5284][gc,stats    ]    Subphase: Concurrent References Enqueue                 0.000 / 0.000         0.001 / 0.004         0.001 / 0.004         0.001 / 0.004       ms
[2020-07-12T01:23:28.927+0000][5284][gc,stats    ]    Subphase: Concurrent References Process                 0.000 / 0.000         0.465 / 0.548         0.525 / 1.144         0.525 / 1.144       ms
[2020-07-12T01:23:28.927+0000][5284][gc,stats    ]    Subphase: Concurrent Roots                              0.000 / 0.000         0.273 / 0.387         0.320 / 1.449         0.320 / 1.449       ms
[2020-07-12T01:23:28.927+0000][5284][gc,stats    ]    Subphase: Concurrent Roots ClassLoaderDataGraph         0.000 / 0.000         0.267 / 0.380         0.314 / 1.421         0.314 / 1.421       ms
[2020-07-12T01:23:28.927+0000][5284][gc,stats    ]    Subphase: Concurrent Roots JNIHandles                   0.000 / 0.000         0.004 / 0.005         0.004 / 0.017         0.004 / 0.017       ms
[2020-07-12T01:23:28.927+0000][5284][gc,stats    ]    Subphase: Concurrent Roots Setup                        0.000 / 0.000         0.180 / 0.237         0.192 / 0.465         0.192 / 0.465       ms
[2020-07-12T01:23:28.927+0000][5284][gc,stats    ]    Subphase: Concurrent Roots Teardown                     0.000 / 0.000         0.000 / 0.000         0.000 / 0.002         0.000 / 0.002       ms
[2020-07-12T01:23:28.927+0000][5284][gc,stats    ]    Subphase: Concurrent Roots VMHandles                    0.000 / 0.000         0.000 / 0.000         0.000 / 0.000         0.000 / 0.000       ms
[2020-07-12T01:23:28.927+0000][5284][gc,stats    ]    Subphase: Concurrent Weak Roots                         0.000 / 0.000         0.908 / 1.014         0.908 / 1.534         0.908 / 1.534       ms
[2020-07-12T01:23:28.927+0000][5284][gc,stats    ]    Subphase: Concurrent Weak Roots JNIWeakHandles          0.000 / 0.000         0.001 / 0.001         0.001 / 0.004         0.001 / 0.004       ms
[2020-07-12T01:23:28.927+0000][5284][gc,stats    ]    Subphase: Concurrent Weak Roots ResolvedMethodTable     0.000 / 0.000         0.098 / 0.131         0.095 / 0.181         0.095 / 0.181       ms
[2020-07-12T01:23:28.927+0000][5284][gc,stats    ]    Subphase: Concurrent Weak Roots StringTable             0.000 / 0.000         0.748 / 0.875         0.752 / 1.341         0.752 / 1.341       ms
[2020-07-12T01:23:28.927+0000][5284][gc,stats    ]    Subphase: Concurrent Weak Roots VMWeakHandles           0.000 / 0.000         0.059 / 0.125         0.057 / 0.125         0.057 / 0.125       ms
[2020-07-12T01:23:28.927+0000][5284][gc,stats    ]    Subphase: Pause Mark Try Complete                       0.000 / 0.000         0.163 / 0.190         0.156 / 0.214         0.156 / 0.214       ms
[2020-07-12T01:23:28.927+0000][5284][gc,stats    ]    Subphase: Pause Roots                                   0.000 / 0.000         0.035 / 0.243         0.039 / 0.936         0.039 / 0.936       ms
[2020-07-12T01:23:28.927+0000][5284][gc,stats    ]    Subphase: Pause Roots CodeCache                         0.000 / 0.000         0.000 / 0.000         0.000 / 0.000         0.000 / 0.000       ms
[2020-07-12T01:23:28.927+0000][5284][gc,stats    ]    Subphase: Pause Roots JVMTIExport                       0.000 / 0.000         0.002 / 0.003         0.002 / 0.008         0.002 / 0.008       ms
[2020-07-12T01:23:28.927+0000][5284][gc,stats    ]    Subphase: Pause Roots JVMTIWeakExport                   0.000 / 0.000         0.001 / 0.001         0.001 / 0.001         0.001 / 0.001       ms
[2020-07-12T01:23:28.927+0000][5284][gc,stats    ]    Subphase: Pause Roots Management                        0.000 / 0.000         0.001 / 0.001         0.001 / 0.009         0.001 / 0.009       ms
[2020-07-12T01:23:28.927+0000][5284][gc,stats    ]    Subphase: Pause Roots ObjectSynchronizer                0.000 / 0.000         0.000 / 0.001         0.000 / 0.001         0.000 / 0.001       ms
[2020-07-12T01:23:28.927+0000][5284][gc,stats    ]    Subphase: Pause Roots Setup                             0.000 / 0.000         0.000 / 0.001         0.001 / 0.036         0.001 / 0.036       ms
[2020-07-12T01:23:28.927+0000][5284][gc,stats    ]    Subphase: Pause Roots SystemDictionary                  0.000 / 0.000         0.011 / 0.016         0.012 / 0.042         0.012 / 0.042       ms
[2020-07-12T01:23:28.927+0000][5284][gc,stats    ]    Subphase: Pause Roots Teardown                          0.000 / 0.000         0.001 / 0.002         0.001 / 0.013         0.001 / 0.013       ms
[2020-07-12T01:23:28.927+0000][5284][gc,stats    ]    Subphase: Pause Roots Threads                           0.000 / 0.000         0.038 / 0.230         0.045 / 0.913         0.045 / 0.913       ms
[2020-07-12T01:23:28.927+0000][5284][gc,stats    ]    Subphase: Pause Roots Universe                          0.000 / 0.000         0.002 / 0.004         0.002 / 0.011         0.002 / 0.011       ms
[2020-07-12T01:23:28.927+0000][5284][gc,stats    ]    Subphase: Pause Weak Roots                              0.000 / 0.000         0.009 / 0.055         0.010 / 0.087         0.010 / 0.087       ms
[2020-07-12T01:23:28.927+0000][5284][gc,stats    ]    Subphase: Pause Weak Roots JFRWeak                      0.000 / 0.000         0.044 / 0.052         0.047 / 0.084         0.047 / 0.084       ms
[2020-07-12T01:23:28.927+0000][5284][gc,stats    ]    Subphase: Pause Weak Roots JVMTIWeakExport              0.000 / 0.000         0.001 / 0.001         0.001 / 0.002         0.001 / 0.002       ms
[2020-07-12T01:23:28.927+0000][5284][gc,stats    ]    Subphase: Pause Weak Roots Setup                        0.000 / 0.000         0.000 / 0.000         0.000 / 0.001         0.000 / 0.001       ms
[2020-07-12T01:23:28.927+0000][5284][gc,stats    ]    Subphase: Pause Weak Roots Teardown                     0.000 / 0.000         0.000 / 0.000         0.000 / 0.000         0.000 / 0.000       ms
[2020-07-12T01:23:28.927+0000][5284][gc,stats    ]      System: Java Threads                                      0 / 0                36 / 37               35 / 38               35 / 38          threads
[2020-07-12T01:23:28.927+0000][5284][gc,stats    ] =========================================================================================================================================================
[2020-07-12T01:23:38.924+0000][5284][gc,stats    ] === Garbage Collection Statistics =======================================================================================================================
[2020-07-12T01:23:38.924+0000][5284][gc,stats    ]                                                              Last 10s              Last 10m              Last 10h                Total
[2020-07-12T01:23:38.924+0000][5284][gc,stats    ]                                                              Avg / Max             Avg / Max             Avg / Max             Avg / Max
[2020-07-12T01:23:38.924+0000][5284][gc,stats    ]   Collector: Garbage Collection Cycle                      0.000 / 0.000        80.865 / 93.750       79.618 / 117.511      79.618 / 117.511     ms
[2020-07-12T01:23:38.924+0000][5284][gc,stats    ]  Contention: Mark Segment Reset Contention                     0 / 0                 0 / 0                 0 / 0                 0 / 0           ops/s
[2020-07-12T01:23:38.924+0000][5284][gc,stats    ]  Contention: Mark SeqNum Reset Contention                      0 / 0                 0 / 0                 0 / 0                 0 / 0           ops/s
[2020-07-12T01:23:38.924+0000][5284][gc,stats    ]  Contention: Relocation Contention                             0 / 0                 0 / 0                 0 / 12                0 / 12          ops/s
[2020-07-12T01:23:38.924+0000][5284][gc,stats    ]    Critical: Allocation Stall                              0.000 / 0.000         0.000 / 0.000         0.000 / 0.000         0.000 / 0.000       ms
[2020-07-12T01:23:38.924+0000][5284][gc,stats    ]    Critical: Allocation Stall                                  0 / 0                 0 / 0                 0 / 0                 0 / 0           ops/s
[2020-07-12T01:23:38.924+0000][5284][gc,stats    ]    Critical: GC Locker Stall                               0.000 / 0.000         0.000 / 0.000         0.093 / 0.093         0.093 / 0.093       ms
[2020-07-12T01:23:38.924+0000][5284][gc,stats    ]    Critical: GC Locker Stall                                   0 / 0                 0 / 0                 0 / 1                 0 / 1           ops/s
[2020-07-12T01:23:38.924+0000][5284][gc,stats    ]      Memory: Allocation Rate                                   0 / 0                11 / 140              54 / 242              54 / 242         MB/s
[2020-07-12T01:23:38.924+0000][5284][gc,stats    ]      Memory: Heap Used After Mark                              0 / 0               580 / 756             585 / 1286            585 / 1286        MB
[2020-07-12T01:23:38.924+0000][5284][gc,stats    ]      Memory: Heap Used After Relocation                        0 / 0                75 / 106              81 / 116              81 / 116         MB
[2020-07-12T01:23:38.924+0000][5284][gc,stats    ]      Memory: Heap Used Before Mark                             0 / 0               573 / 754             573 / 1270            573 / 1270        MB
[2020-07-12T01:23:38.924+0000][5284][gc,stats    ]      Memory: Heap Used Before Relocation                       0 / 0               113 / 146             127 / 338             127 / 338         MB
[2020-07-12T01:23:38.924+0000][5284][gc,stats    ]      Memory: Out Of Memory                                     0 / 0                 0 / 0                 0 / 0                 0 / 0           ops/s
[2020-07-12T01:23:38.925+0000][5284][gc,stats    ]      Memory: Page Cache Flush                                  0 / 0                 0 / 0                 0 / 0                 0 / 0           MB/s
[2020-07-12T01:23:38.925+0000][5284][gc,stats    ]      Memory: Page Cache Hit L1                                 0 / 0                 5 / 70               27 / 124              27 / 124         ops/s
[2020-07-12T01:23:38.925+0000][5284][gc,stats    ]      Memory: Page Cache Hit L2                                 0 / 0                 0 / 0                 0 / 0                 0 / 0           ops/s
[2020-07-12T01:23:38.925+0000][5284][gc,stats    ]      Memory: Page Cache Hit L3                                 0 / 0                 0 / 0                 0 / 96                0 / 96          ops/s
[2020-07-12T01:23:38.925+0000][5284][gc,stats    ]      Memory: Page Cache Miss                                   0 / 0                 0 / 0                 0 / 0                 0 / 0           ops/s
[2020-07-12T01:23:38.925+0000][5284][gc,stats    ]      Memory: Uncommit                                          0 / 0                 0 / 0                 0 / 0                 0 / 0           MB/s
[2020-07-12T01:23:38.925+0000][5284][gc,stats    ]      Memory: Undo Object Allocation Failed                     0 / 0                 0 / 0                 0 / 0                 0 / 0           ops/s
[2020-07-12T01:23:38.925+0000][5284][gc,stats    ]      Memory: Undo Object Allocation Succeeded                  0 / 0                 0 / 0                 0 / 12                0 / 12          ops/s
[2020-07-12T01:23:38.925+0000][5284][gc,stats    ]      Memory: Undo Page Allocation                              0 / 0                 0 / 0                 0 / 0                 0 / 0           ops/s
[2020-07-12T01:23:38.925+0000][5284][gc,stats    ]       Phase: Concurrent Mark                               0.000 / 0.000        47.717 / 59.625       48.385 / 77.269       48.385 / 77.269      ms
[2020-07-12T01:23:38.925+0000][5284][gc,stats    ]       Phase: Concurrent Mark Continue                      0.000 / 0.000         0.000 / 0.000         0.000 / 0.000         0.000 / 0.000       ms
[2020-07-12T01:23:38.925+0000][5284][gc,stats    ]       Phase: Concurrent Process Non-Strong References      0.000 / 0.000        28.816 / 30.634       26.611 / 42.104       26.611 / 42.104      ms
[2020-07-12T01:23:38.925+0000][5284][gc,stats    ]       Phase: Concurrent Relocate                           0.000 / 0.000         1.346 / 1.488         1.682 / 18.136        1.682 / 18.136      ms
[2020-07-12T01:23:38.925+0000][5284][gc,stats    ]       Phase: Concurrent Reset Relocation Set               0.000 / 0.000         0.004 / 0.005         0.004 / 0.015         0.004 / 0.015       ms
[2020-07-12T01:23:38.925+0000][5284][gc,stats    ]       Phase: Concurrent Select Relocation Set              0.000 / 0.000         1.022 / 1.278         1.059 / 5.622         1.059 / 5.622       ms
[2020-07-12T01:23:38.925+0000][5284][gc,stats    ]       Phase: Pause Mark End                                0.000 / 0.000         0.351 / 0.449         0.346 / 0.654         0.346 / 0.654       ms
[2020-07-12T01:23:38.925+0000][5284][gc,stats    ]       Phase: Pause Mark Start                              0.000 / 0.000         0.196 / 0.681         0.183 / 0.724         0.183 / 0.724       ms
[2020-07-12T01:23:38.925+0000][5284][gc,stats    ]       Phase: Pause Relocate Start                          0.000 / 0.000         0.127 / 0.243         0.136 / 1.014         0.136 / 1.014       ms
[2020-07-12T01:23:38.925+0000][5284][gc,stats    ]    Subphase: Concurrent Classes Purge                      0.000 / 0.000         0.761 / 1.159         0.792 / 8.877         0.792 / 8.877       ms
[2020-07-12T01:23:38.925+0000][5284][gc,stats    ]    Subphase: Concurrent Classes Unlink                     0.000 / 0.000        26.508 / 28.174       24.052 / 38.550       24.052 / 38.550      ms
[2020-07-12T01:23:38.925+0000][5284][gc,stats    ]    Subphase: Concurrent Mark                               0.000 / 0.000        47.081 / 58.972       47.581 / 76.517       47.581 / 76.517      ms
[2020-07-12T01:23:38.925+0000][5284][gc,stats    ]    Subphase: Concurrent Mark Idle                          0.000 / 0.000         0.000 / 0.000         0.000 / 0.000         0.000 / 0.000       ms
[2020-07-12T01:23:38.925+0000][5284][gc,stats    ]    Subphase: Concurrent Mark Try Flush                     0.000 / 0.000         0.208 / 4.046         0.128 / 4.734         0.128 / 4.734       ms
[2020-07-12T01:23:38.925+0000][5284][gc,stats    ]    Subphase: Concurrent Mark Try Terminate                 0.000 / 0.000         0.187 / 4.047         0.083 / 4.736         0.083 / 4.736       ms
[2020-07-12T01:23:38.925+0000][5284][gc,stats    ]    Subphase: Concurrent References Enqueue                 0.000 / 0.000         0.001 / 0.004         0.001 / 0.004         0.001 / 0.004       ms
[2020-07-12T01:23:38.925+0000][5284][gc,stats    ]    Subphase: Concurrent References Process                 0.000 / 0.000         0.467 / 0.548         0.525 / 1.144         0.525 / 1.144       ms
[2020-07-12T01:23:38.925+0000][5284][gc,stats    ]    Subphase: Concurrent Roots                              0.000 / 0.000         0.276 / 0.387         0.320 / 1.449         0.320 / 1.449       ms
[2020-07-12T01:23:38.925+0000][5284][gc,stats    ]    Subphase: Concurrent Roots ClassLoaderDataGraph         0.000 / 0.000         0.270 / 0.380         0.314 / 1.421         0.314 / 1.421       ms
[2020-07-12T01:23:38.925+0000][5284][gc,stats    ]    Subphase: Concurrent Roots JNIHandles                   0.000 / 0.000         0.004 / 0.005         0.004 / 0.017         0.004 / 0.017       ms
[2020-07-12T01:23:38.925+0000][5284][gc,stats    ]    Subphase: Concurrent Roots Setup                        0.000 / 0.000         0.180 / 0.237         0.192 / 0.465         0.192 / 0.465       ms
[2020-07-12T01:23:38.925+0000][5284][gc,stats    ]    Subphase: Concurrent Roots Teardown                     0.000 / 0.000         0.000 / 0.000         0.000 / 0.002         0.000 / 0.002       ms
[2020-07-12T01:23:38.925+0000][5284][gc,stats    ]    Subphase: Concurrent Roots VMHandles                    0.000 / 0.000         0.000 / 0.000         0.000 / 0.000         0.000 / 0.000       ms
[2020-07-12T01:23:38.925+0000][5284][gc,stats    ]    Subphase: Concurrent Weak Roots                         0.000 / 0.000         0.910 / 1.014         0.908 / 1.534         0.908 / 1.534       ms
[2020-07-12T01:23:38.925+0000][5284][gc,stats    ]    Subphase: Concurrent Weak Roots JNIWeakHandles          0.000 / 0.000         0.001 / 0.001         0.001 / 0.004         0.001 / 0.004       ms
[2020-07-12T01:23:38.925+0000][5284][gc,stats    ]    Subphase: Concurrent Weak Roots ResolvedMethodTable     0.000 / 0.000         0.098 / 0.131         0.095 / 0.181         0.095 / 0.181       ms
[2020-07-12T01:23:38.925+0000][5284][gc,stats    ]    Subphase: Concurrent Weak Roots StringTable             0.000 / 0.000         0.750 / 0.875         0.752 / 1.341         0.752 / 1.341       ms
[2020-07-12T01:23:38.925+0000][5284][gc,stats    ]    Subphase: Concurrent Weak Roots VMWeakHandles           0.000 / 0.000         0.058 / 0.125         0.057 / 0.125         0.057 / 0.125       ms
[2020-07-12T01:23:38.925+0000][5284][gc,stats    ]    Subphase: Pause Mark Try Complete                       0.000 / 0.000         0.163 / 0.190         0.156 / 0.214         0.156 / 0.214       ms
[2020-07-12T01:23:38.925+0000][5284][gc,stats    ]    Subphase: Pause Roots                                   0.000 / 0.000         0.035 / 0.243         0.039 / 0.936         0.039 / 0.936       ms
[2020-07-12T01:23:38.925+0000][5284][gc,stats    ]    Subphase: Pause Roots CodeCache                         0.000 / 0.000         0.000 / 0.000         0.000 / 0.000         0.000 / 0.000       ms
[2020-07-12T01:23:38.925+0000][5284][gc,stats    ]    Subphase: Pause Roots JVMTIExport                       0.000 / 0.000         0.002 / 0.003         0.002 / 0.008         0.002 / 0.008       ms
[2020-07-12T01:23:38.925+0000][5284][gc,stats    ]    Subphase: Pause Roots JVMTIWeakExport                   0.000 / 0.000         0.001 / 0.001         0.001 / 0.001         0.001 / 0.001       ms
[2020-07-12T01:23:38.926+0000][5284][gc,stats    ]    Subphase: Pause Roots Management                        0.000 / 0.000         0.001 / 0.001         0.001 / 0.009         0.001 / 0.009       ms
[2020-07-12T01:23:38.926+0000][5284][gc,stats    ]    Subphase: Pause Roots ObjectSynchronizer                0.000 / 0.000         0.000 / 0.001         0.000 / 0.001         0.000 / 0.001       ms
[2020-07-12T01:23:38.926+0000][5284][gc,stats    ]    Subphase: Pause Roots Setup                             0.000 / 0.000         0.000 / 0.001         0.001 / 0.036         0.001 / 0.036       ms
[2020-07-12T01:23:38.926+0000][5284][gc,stats    ]    Subphase: Pause Roots SystemDictionary                  0.000 / 0.000         0.011 / 0.016         0.012 / 0.042         0.012 / 0.042       ms
[2020-07-12T01:23:38.926+0000][5284][gc,stats    ]    Subphase: Pause Roots Teardown                          0.000 / 0.000         0.001 / 0.002         0.001 / 0.013         0.001 / 0.013       ms
[2020-07-12T01:23:38.926+0000][5284][gc,stats    ]    Subphase: Pause Roots Threads                           0.000 / 0.000         0.038 / 0.230         0.045 / 0.913         0.045 / 0.913       ms
[2020-07-12T01:23:38.926+0000][5284][gc,stats    ]    Subphase: Pause Roots Universe                          0.000 / 0.000         0.002 / 0.004         0.002 / 0.011         0.002 / 0.011       ms
[2020-07-12T01:23:38.926+0000][5284][gc,stats    ]    Subphase: Pause Weak Roots                              0.000 / 0.000         0.009 / 0.055         0.010 / 0.087         0.010 / 0.087       ms
[2020-07-12T01:23:38.926+0000][5284][gc,stats    ]    Subphase: Pause Weak Roots JFRWeak                      0.000 / 0.000         0.045 / 0.052         0.047 / 0.084         0.047 / 0.084       ms
[2020-07-12T01:23:38.926+0000][5284][gc,stats    ]    Subphase: Pause Weak Roots JVMTIWeakExport              0.000 / 0.000         0.001 / 0.001         0.001 / 0.002         0.001 / 0.002       ms
[2020-07-12T01:23:38.926+0000][5284][gc,stats    ]    Subphase: Pause Weak Roots Setup                        0.000 / 0.000         0.000 / 0.000         0.000 / 0.001         0.000 / 0.001       ms
[2020-07-12T01:23:38.926+0000][5284][gc,stats    ]    Subphase: Pause Weak Roots Teardown                     0.000 / 0.000         0.000 / 0.000         0.000 / 0.000         0.000 / 0.000       ms
[2020-07-12T01:23:38.926+0000][5284][gc,stats    ]      System: Java Threads                                      0 / 0                36 / 37               35 / 38               35 / 38          threads
[2020-07-12T01:23:38.926+0000][5284][gc,stats    ] =========================================================================================================================================================
[2020-07-12T01:23:48.923+0000][5284][gc,stats    ] === Garbage Collection Statistics =======================================================================================================================
[2020-07-12T01:23:48.923+0000][5284][gc,stats    ]                                                              Last 10s              Last 10m              Last 10h                Total
[2020-07-12T01:23:48.923+0000][5284][gc,stats    ]                                                              Avg / Max             Avg / Max             Avg / Max             Avg / Max
[2020-07-12T01:23:48.923+0000][5284][gc,stats    ]   Collector: Garbage Collection Cycle                      0.000 / 0.000        81.303 / 93.750       79.618 / 117.511      79.618 / 117.511     ms
[2020-07-12T01:23:48.923+0000][5284][gc,stats    ]  Contention: Mark Segment Reset Contention                     0 / 0                 0 / 0                 0 / 0                 0 / 0           ops/s
[2020-07-12T01:23:48.923+0000][5284][gc,stats    ]  Contention: Mark SeqNum Reset Contention                      0 / 0                 0 / 0                 0 / 0                 0 / 0           ops/s
[2020-07-12T01:23:48.923+0000][5284][gc,stats    ]  Contention: Relocation Contention                             0 / 0                 0 / 0                 0 / 12                0 / 12          ops/s
[2020-07-12T01:23:48.923+0000][5284][gc,stats    ]    Critical: Allocation Stall                              0.000 / 0.000         0.000 / 0.000         0.000 / 0.000         0.000 / 0.000       ms
[2020-07-12T01:23:48.923+0000][5284][gc,stats    ]    Critical: Allocation Stall                                  0 / 0                 0 / 0                 0 / 0                 0 / 0           ops/s
[2020-07-12T01:23:48.923+0000][5284][gc,stats    ]    Critical: GC Locker Stall                               0.000 / 0.000         0.000 / 0.000         0.093 / 0.093         0.093 / 0.093       ms
[2020-07-12T01:23:48.923+0000][5284][gc,stats    ]    Critical: GC Locker Stall                                   0 / 0                 0 / 0                 0 / 1                 0 / 1           ops/s
[2020-07-12T01:23:48.923+0000][5284][gc,stats    ]      Memory: Allocation Rate                                   0 / 0                 9 / 140              54 / 242              54 / 242         MB/s
[2020-07-12T01:23:48.923+0000][5284][gc,stats    ]      Memory: Heap Used After Mark                              0 / 0               560 / 658             585 / 1286            585 / 1286        MB
[2020-07-12T01:23:48.923+0000][5284][gc,stats    ]      Memory: Heap Used After Relocation                        0 / 0                76 / 106              81 / 116              81 / 116         MB
[2020-07-12T01:23:48.923+0000][5284][gc,stats    ]      Memory: Heap Used Before Mark                             0 / 0               552 / 646             573 / 1270            573 / 1270        MB
[2020-07-12T01:23:48.923+0000][5284][gc,stats    ]      Memory: Heap Used Before Relocation                       0 / 0               113 / 146             127 / 338             127 / 338         MB
[2020-07-12T01:23:48.923+0000][5284][gc,stats    ]      Memory: Out Of Memory                                     0 / 0                 0 / 0                 0 / 0                 0 / 0           ops/s
[2020-07-12T01:23:48.923+0000][5284][gc,stats    ]      Memory: Page Cache Flush                                  0 / 0                 0 / 0                 0 / 0                 0 / 0           MB/s
[2020-07-12T01:23:48.923+0000][5284][gc,stats    ]      Memory: Page Cache Hit L1                                 0 / 0                 4 / 70               26 / 124              26 / 124         ops/s
[2020-07-12T01:23:48.924+0000][5284][gc,stats    ]      Memory: Page Cache Hit L2                                 0 / 0                 0 / 0                 0 / 0                 0 / 0           ops/s
[2020-07-12T01:23:48.924+0000][5284][gc,stats    ]      Memory: Page Cache Hit L3                                 0 / 0                 0 / 0                 0 / 96                0 / 96          ops/s
[2020-07-12T01:23:48.924+0000][5284][gc,stats    ]      Memory: Page Cache Miss                                   0 / 0                 0 / 0                 0 / 0                 0 / 0           ops/s
[2020-07-12T01:23:48.924+0000][5284][gc,stats    ]      Memory: Uncommit                                          0 / 0                 0 / 0                 0 / 0                 0 / 0           MB/s
[2020-07-12T01:23:48.924+0000][5284][gc,stats    ]      Memory: Undo Object Allocation Failed                     0 / 0                 0 / 0                 0 / 0                 0 / 0           ops/s
[2020-07-12T01:23:48.924+0000][5284][gc,stats    ]      Memory: Undo Object Allocation Succeeded                  0 / 0                 0 / 0                 0 / 12                0 / 12          ops/s
[2020-07-12T01:23:48.924+0000][5284][gc,stats    ]      Memory: Undo Page Allocation                              0 / 0                 0 / 0                 0 / 0                 0 / 0           ops/s
[2020-07-12T01:23:48.924+0000][5284][gc,stats    ]       Phase: Concurrent Mark                               0.000 / 0.000        48.065 / 59.625       48.385 / 77.269       48.385 / 77.269      ms
[2020-07-12T01:23:48.924+0000][5284][gc,stats    ]       Phase: Concurrent Mark Continue                      0.000 / 0.000         0.000 / 0.000         0.000 / 0.000         0.000 / 0.000       ms
[2020-07-12T01:23:48.924+0000][5284][gc,stats    ]       Phase: Concurrent Process Non-Strong References      0.000 / 0.000        28.830 / 30.634       26.611 / 42.104       26.611 / 42.104      ms
[2020-07-12T01:23:48.924+0000][5284][gc,stats    ]       Phase: Concurrent Relocate                           0.000 / 0.000         1.353 / 1.488         1.682 / 18.136        1.682 / 18.136      ms
[2020-07-12T01:23:48.924+0000][5284][gc,stats    ]       Phase: Concurrent Reset Relocation Set               0.000 / 0.000         0.004 / 0.005         0.004 / 0.015         0.004 / 0.015       ms
[2020-07-12T01:23:48.924+0000][5284][gc,stats    ]       Phase: Concurrent Select Relocation Set              0.000 / 0.000         1.025 / 1.278         1.059 / 5.622         1.059 / 5.622       ms
[2020-07-12T01:23:48.924+0000][5284][gc,stats    ]       Phase: Pause Mark End                                0.000 / 0.000         0.350 / 0.449         0.346 / 0.654         0.346 / 0.654       ms
[2020-07-12T01:23:48.924+0000][5284][gc,stats    ]       Phase: Pause Mark Start                              0.000 / 0.000         0.187 / 0.681         0.183 / 0.724         0.183 / 0.724       ms
[2020-07-12T01:23:48.924+0000][5284][gc,stats    ]       Phase: Pause Relocate Start                          0.000 / 0.000         0.128 / 0.243         0.136 / 1.014         0.136 / 1.014       ms
[2020-07-12T01:23:48.924+0000][5284][gc,stats    ]    Subphase: Concurrent Classes Purge                      0.000 / 0.000         0.784 / 1.159         0.792 / 8.877         0.792 / 8.877       ms
[2020-07-12T01:23:48.924+0000][5284][gc,stats    ]    Subphase: Concurrent Classes Unlink                     0.000 / 0.000        26.515 / 28.174       24.052 / 38.550       24.052 / 38.550      ms
[2020-07-12T01:23:48.924+0000][5284][gc,stats    ]    Subphase: Concurrent Mark                               0.000 / 0.000        47.458 / 58.972       47.581 / 76.517       47.581 / 76.517      ms
[2020-07-12T01:23:48.924+0000][5284][gc,stats    ]    Subphase: Concurrent Mark Idle                          0.000 / 0.000         0.000 / 0.000         0.000 / 0.000         0.000 / 0.000       ms
[2020-07-12T01:23:48.924+0000][5284][gc,stats    ]    Subphase: Concurrent Mark Try Flush                     0.000 / 0.000         0.222 / 4.046         0.128 / 4.734         0.128 / 4.734       ms
[2020-07-12T01:23:48.924+0000][5284][gc,stats    ]    Subphase: Concurrent Mark Try Terminate                 0.000 / 0.000         0.208 / 4.047         0.083 / 4.736         0.083 / 4.736       ms
[2020-07-12T01:23:48.924+0000][5284][gc,stats    ]    Subphase: Concurrent References Enqueue                 0.000 / 0.000         0.001 / 0.004         0.001 / 0.004         0.001 / 0.004       ms
[2020-07-12T01:23:48.924+0000][5284][gc,stats    ]    Subphase: Concurrent References Process                 0.000 / 0.000         0.463 / 0.548         0.525 / 1.144         0.525 / 1.144       ms
[2020-07-12T01:23:48.924+0000][5284][gc,stats    ]    Subphase: Concurrent Roots                              0.000 / 0.000         0.266 / 0.387         0.320 / 1.449         0.320 / 1.449       ms
[2020-07-12T01:23:48.924+0000][5284][gc,stats    ]    Subphase: Concurrent Roots ClassLoaderDataGraph         0.000 / 0.000         0.260 / 0.380         0.314 / 1.421         0.314 / 1.421       ms
[2020-07-12T01:23:48.924+0000][5284][gc,stats    ]    Subphase: Concurrent Roots JNIHandles                   0.000 / 0.000         0.004 / 0.005         0.004 / 0.017         0.004 / 0.017       ms
[2020-07-12T01:23:48.924+0000][5284][gc,stats    ]    Subphase: Concurrent Roots Setup                        0.000 / 0.000         0.180 / 0.237         0.192 / 0.465         0.192 / 0.465       ms
[2020-07-12T01:23:48.924+0000][5284][gc,stats    ]    Subphase: Concurrent Roots Teardown                     0.000 / 0.000         0.000 / 0.000         0.000 / 0.002         0.000 / 0.002       ms
[2020-07-12T01:23:48.924+0000][5284][gc,stats    ]    Subphase: Concurrent Roots VMHandles                    0.000 / 0.000         0.000 / 0.000         0.000 / 0.000         0.000 / 0.000       ms
[2020-07-12T01:23:48.924+0000][5284][gc,stats    ]    Subphase: Concurrent Weak Roots                         0.000 / 0.000         0.898 / 1.014         0.908 / 1.534         0.908 / 1.534       ms
[2020-07-12T01:23:48.924+0000][5284][gc,stats    ]    Subphase: Concurrent Weak Roots JNIWeakHandles          0.000 / 0.000         0.001 / 0.001         0.001 / 0.004         0.001 / 0.004       ms
[2020-07-12T01:23:48.924+0000][5284][gc,stats    ]    Subphase: Concurrent Weak Roots ResolvedMethodTable     0.000 / 0.000         0.096 / 0.108         0.095 / 0.181         0.095 / 0.181       ms
[2020-07-12T01:23:48.924+0000][5284][gc,stats    ]    Subphase: Concurrent Weak Roots StringTable             0.000 / 0.000         0.740 / 0.875         0.752 / 1.341         0.752 / 1.341       ms
[2020-07-12T01:23:48.924+0000][5284][gc,stats    ]    Subphase: Concurrent Weak Roots VMWeakHandles           0.000 / 0.000         0.059 / 0.125         0.057 / 0.125         0.057 / 0.125       ms
[2020-07-12T01:23:48.924+0000][5284][gc,stats    ]    Subphase: Pause Mark Try Complete                       0.000 / 0.000         0.163 / 0.190         0.156 / 0.214         0.156 / 0.214       ms
[2020-07-12T01:23:48.924+0000][5284][gc,stats    ]    Subphase: Pause Roots                                   0.000 / 0.000         0.033 / 0.098         0.039 / 0.936         0.039 / 0.936       ms
[2020-07-12T01:23:48.924+0000][5284][gc,stats    ]    Subphase: Pause Roots CodeCache                         0.000 / 0.000         0.000 / 0.000         0.000 / 0.000         0.000 / 0.000       ms
[2020-07-12T01:23:48.924+0000][5284][gc,stats    ]    Subphase: Pause Roots JVMTIExport                       0.000 / 0.000         0.002 / 0.003         0.002 / 0.008         0.002 / 0.008       ms
[2020-07-12T01:23:48.924+0000][5284][gc,stats    ]    Subphase: Pause Roots JVMTIWeakExport                   0.000 / 0.000         0.001 / 0.001         0.001 / 0.001         0.001 / 0.001       ms
[2020-07-12T01:23:48.924+0000][5284][gc,stats    ]    Subphase: Pause Roots Management                        0.000 / 0.000         0.001 / 0.001         0.001 / 0.009         0.001 / 0.009       ms
[2020-07-12T01:23:48.924+0000][5284][gc,stats    ]    Subphase: Pause Roots ObjectSynchronizer                0.000 / 0.000         0.000 / 0.001         0.000 / 0.001         0.000 / 0.001       ms
[2020-07-12T01:23:48.924+0000][5284][gc,stats    ]    Subphase: Pause Roots Setup                             0.000 / 0.000         0.000 / 0.001         0.001 / 0.036         0.001 / 0.036       ms
[2020-07-12T01:23:48.924+0000][5284][gc,stats    ]    Subphase: Pause Roots SystemDictionary                  0.000 / 0.000         0.011 / 0.016         0.012 / 0.042         0.012 / 0.042       ms
[2020-07-12T01:23:48.924+0000][5284][gc,stats    ]    Subphase: Pause Roots Teardown                          0.000 / 0.000         0.001 / 0.002         0.001 / 0.013         0.001 / 0.013       ms
[2020-07-12T01:23:48.924+0000][5284][gc,stats    ]    Subphase: Pause Roots Threads                           0.000 / 0.000         0.035 / 0.080         0.045 / 0.913         0.045 / 0.913       ms
[2020-07-12T01:23:48.924+0000][5284][gc,stats    ]    Subphase: Pause Roots Universe                          0.000 / 0.000         0.002 / 0.003         0.002 / 0.011         0.002 / 0.011       ms
[2020-07-12T01:23:48.924+0000][5284][gc,stats    ]    Subphase: Pause Weak Roots                              0.000 / 0.000         0.009 / 0.055         0.010 / 0.087         0.010 / 0.087       ms
[2020-07-12T01:23:48.924+0000][5284][gc,stats    ]    Subphase: Pause Weak Roots JFRWeak                      0.000 / 0.000         0.045 / 0.052         0.047 / 0.084         0.047 / 0.084       ms
[2020-07-12T01:23:48.924+0000][5284][gc,stats    ]    Subphase: Pause Weak Roots JVMTIWeakExport              0.000 / 0.000         0.001 / 0.001         0.001 / 0.002         0.001 / 0.002       ms
[2020-07-12T01:23:48.924+0000][5284][gc,stats    ]    Subphase: Pause Weak Roots Setup                        0.000 / 0.000         0.000 / 0.000         0.000 / 0.001         0.000 / 0.001       ms
[2020-07-12T01:23:48.924+0000][5284][gc,stats    ]    Subphase: Pause Weak Roots Teardown                     0.000 / 0.000         0.000 / 0.000         0.000 / 0.000         0.000 / 0.000       ms
[2020-07-12T01:23:48.924+0000][5284][gc,stats    ]      System: Java Threads                                      0 / 0                35 / 37               35 / 38               35 / 38          threads
[2020-07-12T01:23:48.924+0000][5284][gc,stats    ] =========================================================================================================================================================
[2020-07-12T01:23:53.874+0000][5284][safepoint   ] Safepoint "PrintThreads", Time since last: 60000862821 ns, Reaching safepoint: 123218 ns, At safepoint: 650485 ns, Total: 773703 ns
[2020-07-12T01:23:53.875+0000][5284][safepoint   ] Safepoint "PrintJNI", Time since last: 100279 ns, Reaching safepoint: 129402 ns, At safepoint: 6056 ns, Total: 135458 ns
[2020-07-12T01:23:53.875+0000][5284][safepoint   ] Safepoint "FindDeadlocks", Time since last: 37466 ns, Reaching safepoint: 115281 ns, At safepoint: 6161 ns, Total: 121442 ns
[2020-07-12T01:23:56.199+0000][5284][safepoint   ] Safepoint "ClassLoaderStatsOperation", Time since last: 2323132677 ns, Reaching safepoint: 55657 ns, At safepoint: 1160816 ns, Total: 1216473 ns
[2020-07-12T01:23:56.201+0000][5284][safepoint   ] Safepoint "JFRCheckpoint", Time since last: 1669368 ns, Reaching safepoint: 195502 ns, At safepoint: 279351 ns, Total: 474853 ns
[2020-07-12T01:23:56.207+0000][5284][safepoint   ] Safepoint "JFROldObject", Time since last: 4324216 ns, Reaching safepoint: 1163750 ns, At safepoint: 46858 ns, Total: 1210608 ns
[2020-07-12T01:23:56.247+0000][5284][gc,heap,exit] Heap
[2020-07-12T01:23:56.247+0000][5284][gc,heap,exit]  ZHeap           used 80M, capacity 4096M, max capacity 4096M
[2020-07-12T01:23:56.247+0000][5284][gc,heap,exit]  Metaspace       used 80767K, capacity 83634K, committed 83780K, reserved 83968K
