[2020-07-12T01:01:55.388+0000][3439][gc,heap] Minimum heap 4294967296  Initial heap 4294967296  Maximum heap 4294967296
[2020-07-12T01:01:55.397+0000][3439][gc,init] Initializing The Z Garbage Collector
[2020-07-12T01:01:55.397+0000][3439][gc,init] Version: 14.0.1+7 (release)
[2020-07-12T01:01:55.397+0000][3439][gc,init] NUMA Support: Disabled
[2020-07-12T01:01:55.397+0000][3439][gc,init] CPUs: 8 total, 8 available
[2020-07-12T01:01:55.397+0000][3439][gc,init] Memory: 23961M
[2020-07-12T01:01:55.397+0000][3439][gc,init] Large Page Support: Enabled (Explicit)
[2020-07-12T01:01:55.397+0000][3439][gc,init] Medium Page Size: 32M
[2020-07-12T01:01:55.397+0000][3439][gc,init] Workers: 5 parallel, 1 concurrent
[2020-07-12T01:01:55.398+0000][3439][gc,init] Address Space Type: Contiguous/Unrestricted/Complete
[2020-07-12T01:01:55.398+0000][3439][gc,init] Address Space Size: 65536M x 3 = 196608M
[2020-07-12T01:01:55.398+0000][3439][gc,init] Heap backed by file: /memfd:java_heap.hugetlb
[2020-07-12T01:01:55.398+0000][3439][gc,init] Min Capacity: 4096M
[2020-07-12T01:01:55.398+0000][3439][gc,init] Initial Capacity: 4096M
[2020-07-12T01:01:55.398+0000][3439][gc,init] Max Capacity: 4096M
[2020-07-12T01:01:55.398+0000][3439][gc,init] Max Reserve: 42M
[2020-07-12T01:01:55.398+0000][3439][gc,init] Pre-touch: Disabled
[2020-07-12T01:01:55.398+0000][3439][gc,init] Available space on backing filesystem: N/A
[2020-07-12T01:01:55.398+0000][3439][gc     ] Failed to commit memory (Not enough space)
[2020-07-12T01:01:55.398+0000][3439][gc     ] Failed to commit memory (Not enough space)
[2020-07-12T01:01:55.398+0000][3439][gc     ] Failed to commit memory (Not enough space)
[2020-07-12T01:01:55.398+0000][3439][gc     ] Failed to commit memory (Not enough space)
[2020-07-12T01:01:55.398+0000][3439][gc     ] Failed to commit memory (Not enough space)
[2020-07-12T01:01:55.398+0000][3439][gc     ] Failed to commit memory (Not enough space)
[2020-07-12T01:01:55.398+0000][3439][gc     ] Failed to commit memory (Not enough space)
[2020-07-12T01:01:55.398+0000][3439][gc     ] Failed to commit memory (Not enough space)
[2020-07-12T01:01:55.398+0000][3439][gc     ] Failed to commit memory (Not enough space)
[2020-07-12T01:01:55.398+0000][3439][gc     ] Failed to commit memory (Not enough space)
[2020-07-12T01:01:55.398+0000][3439][gc     ] Failed to commit memory (Not enough space)
[2020-07-12T01:01:55.398+0000][3439][gc     ] Failed to commit memory (Not enough space)
[2020-07-12T01:01:55.398+0000][3439][gc     ] Failed to allocate initial Java heap (4096M)
[2020-07-12T01:01:55.406+0000][3439][gc,init] Runtime Workers: 5 parallel
