[2020-07-12T01:25:28.914+0000][10164][gc,init] Regions: 2048 x 2048K
[2020-07-12T01:25:28.914+0000][10164][gc,init] Humongous object threshold: 2048K
[2020-07-12T01:25:28.914+0000][10164][gc,init] Max TLAB size: 2048K
[2020-07-12T01:25:28.914+0000][10164][gc,heap] Minimum heap 4294967296  Initial heap 4294967296  Maximum heap 4294967296
[2020-07-12T01:25:28.914+0000][10164][gc,init] GC threads: 4 parallel, 2 concurrent
[2020-07-12T01:25:28.914+0000][10164][gc,init] Reference processing: parallel
[2020-07-12T01:25:28.914+0000][10164][gc     ] Heuristics ergonomically sets -XX:+ExplicitGCInvokesConcurrent
[2020-07-12T01:25:28.914+0000][10164][gc     ] Heuristics ergonomically sets -XX:+ShenandoahImplicitGCInvokesConcurrent
[2020-07-12T01:25:28.914+0000][10164][gc     ] Heuristics ergonomically sets -XX:+ShenandoahUncommit
[2020-07-12T01:25:28.914+0000][10164][gc     ] Heuristics ergonomically sets -XX:+ShenandoahAlwaysClearSoftRefs
[2020-07-12T01:25:28.914+0000][10164][gc     ] Heuristics ergonomically sets -XX:ShenandoahAllocationThreshold=10
[2020-07-12T01:25:28.914+0000][10164][gc     ] Heuristics ergonomically sets -XX:ShenandoahImmediateThreshold=100
[2020-07-12T01:25:28.914+0000][10164][gc     ] Heuristics ergonomically sets -XX:ShenandoahUncommitDelay=1000
[2020-07-12T01:25:28.914+0000][10164][gc     ] Heuristics ergonomically sets -XX:ShenandoahGuaranteedGCInterval=30000
[2020-07-12T01:25:28.914+0000][10164][gc     ] Heuristics ergonomically sets -XX:ShenandoahGarbageThreshold=10
[2020-07-12T01:25:28.914+0000][10164][gc,init] Shenandoah heuristics: compact
[2020-07-12T01:25:28.914+0000][10164][gc,heap,coops] Heap address: 0x0000000700000000, size: 4096 MB, Compressed Oops mode: Zero based, Oop shift amount: 3
[2020-07-12T01:25:28.921+0000][10164][gc,init      ] Pretouch bitmap: 2048 regions, 4096 bytes page
[2020-07-12T01:25:28.927+0000][10164][gc,init      ] Pretouch heap: 2048 regions, 4096 bytes page
[2020-07-12T01:25:29.222+0000][10164][gc,ergo      ] Pacer for Idle. Initial: 83886K, Alloc Tax Rate: 1.0x
[2020-07-12T01:25:29.223+0000][10164][gc,init      ] Initialize Shenandoah heap: 4096M initial, 4096M min, 4096M max
[2020-07-12T01:25:29.223+0000][10164][gc,init      ] Safepointing mechanism: thread-local poll
[2020-07-12T01:25:29.223+0000][10164][gc           ] Using Shenandoah
[2020-07-12T01:25:30.063+0000][10164][safepoint    ] Safepoint "RedefineClasses", Time since last: 825052378 ns, Reaching safepoint: 89467 ns, At safepoint: 10279578 ns, Total: 10369045 ns
[2020-07-12T01:25:30.199+0000][10164][safepoint    ] Safepoint "JFRCheckpoint", Time since last: 136351134 ns, Reaching safepoint: 53909 ns, At safepoint: 8641 ns, Total: 62550 ns
[2020-07-12T01:25:30.204+0000][10164][safepoint    ] Safepoint "JFROldObject", Time since last: 4901590 ns, Reaching safepoint: 104238 ns, At safepoint: 12516 ns, Total: 116754 ns
[2020-07-12T01:25:30.216+0000][10164][safepoint    ] Safepoint "ClassLoaderStatsOperation", Time since last: 11005881 ns, Reaching safepoint: 33113 ns, At safepoint: 189292 ns, Total: 222405 ns
[2020-07-12T01:25:31.604+0000][10164][gc           ] Trigger: Metadata GC Threshold
[2020-07-12T01:25:31.604+0000][10164][gc,ergo      ] Free: 3784M (1892 regions), Max regular: 2048K, Max humongous: 3782M, External frag: 1%, Internal frag: 0%
[2020-07-12T01:25:31.604+0000][10164][gc,ergo      ] Evacuation Reserve: 206M (103 regions), Max regular: 2048K
[2020-07-12T01:25:31.604+0000][10164][gc,start     ] GC(0) Concurrent reset
[2020-07-12T01:25:31.604+0000][10164][gc,task      ] GC(0) Using 2 of 4 workers for concurrent reset
[2020-07-12T01:25:31.604+0000][10164][gc           ] GC(0) Concurrent reset 106M->106M(4096M) 0.151ms
[2020-07-12T01:25:31.605+0000][10164][gc,start     ] GC(0) Pause Init Mark (process weakrefs) (unload classes)
[2020-07-12T01:25:31.605+0000][10164][gc,task      ] GC(0) Using 4 of 4 workers for init marking
[2020-07-12T01:25:31.613+0000][10164][gc,ergo      ] GC(0) Pacer for Mark. Expected Live: 409M, Free: 3784M, Non-Taxable: 378M, Alloc Tax Rate: 0.4x
[2020-07-12T01:25:31.613+0000][10164][gc           ] GC(0) Pause Init Mark (process weakrefs) (unload classes) 8.482ms
[2020-07-12T01:25:31.614+0000][10164][safepoint    ] Safepoint "ShenandoahInitMark", Time since last: 1388622928 ns, Reaching safepoint: 764227 ns, At safepoint: 8518170 ns, Total: 9282397 ns
[2020-07-12T01:25:31.614+0000][10164][gc,start     ] GC(0) Concurrent marking (process weakrefs) (unload classes)
[2020-07-12T01:25:31.614+0000][10164][gc,task      ] GC(0) Using 2 of 4 workers for concurrent marking
[2020-07-12T01:25:31.619+0000][10164][gc           ] GC(0) Concurrent marking (process weakrefs) (unload classes) 108M->110M(4096M) 5.820ms
[2020-07-12T01:25:31.619+0000][10164][gc,start     ] GC(0) Concurrent precleaning
[2020-07-12T01:25:31.619+0000][10164][gc,task      ] GC(0) Using 1 of 4 workers for concurrent preclean
[2020-07-12T01:25:31.620+0000][10164][gc           ] GC(0) Concurrent precleaning 110M->110M(4096M) 0.397ms
[2020-07-12T01:25:31.620+0000][10164][gc,start     ] GC(0) Pause Final Mark (process weakrefs) (unload classes)
[2020-07-12T01:25:31.620+0000][10164][gc,task      ] GC(0) Using 4 of 4 workers for final marking
[2020-07-12T01:25:31.622+0000][10164][gc,ergo      ] GC(0) CSet Selection. Actual Free: 3986M, Max CSet: 2989M
[2020-07-12T01:25:31.622+0000][10164][gc,ergo      ] GC(0) Collectable Garbage: 99417K (100% of total), 9126K CSet, 53 CSet regions
[2020-07-12T01:25:31.622+0000][10164][gc,ergo      ] GC(0) Immediate Garbage: 0B (0% of total), 0 regions
[2020-07-12T01:25:31.622+0000][10164][gc,ergo      ] GC(0) Pacer for Evacuation. Used CSet: 106M, Free: 3780M, Non-Taxable: 378M, Alloc Tax Rate: 1.1x
[2020-07-12T01:25:31.622+0000][10164][gc           ] GC(0) Pause Final Mark (process weakrefs) (unload classes) 2.241ms
[2020-07-12T01:25:31.622+0000][10164][safepoint    ] Safepoint "ShenandoahFinalMarkStartEvac", Time since last: 6378663 ns, Reaching safepoint: 135894 ns, At safepoint: 2260994 ns, Total: 2396888 ns
[2020-07-12T01:25:31.622+0000][10164][gc,start     ] GC(0) Concurrent roots processing
[2020-07-12T01:25:31.622+0000][10164][gc,task      ] GC(0) Using 2 of 4 workers for concurrent root processing
[2020-07-12T01:25:31.628+0000][10164][gc           ] GC(0) Concurrent roots processing 110M->113M(4096M) 5.449ms
[2020-07-12T01:25:31.628+0000][10164][gc,start     ] GC(0) Concurrent cleanup
[2020-07-12T01:25:31.628+0000][10164][gc           ] GC(0) Concurrent cleanup 113M->113M(4096M) 0.154ms
[2020-07-12T01:25:31.628+0000][10164][gc,ergo      ] GC(0) Free: 3778M (1889 regions), Max regular: 2048K, Max humongous: 3776M, External frag: 1%, Internal frag: 0%
[2020-07-12T01:25:31.628+0000][10164][gc,ergo      ] GC(0) Evacuation Reserve: 204M (103 regions), Max regular: 2048K
[2020-07-12T01:25:31.628+0000][10164][gc,start     ] GC(0) Concurrent evacuation
[2020-07-12T01:25:31.628+0000][10164][gc,task      ] GC(0) Using 2 of 4 workers for concurrent evacuation
[2020-07-12T01:25:31.631+0000][10164][gc           ] GC(0) Concurrent evacuation 113M->126M(4096M) 3.141ms
[2020-07-12T01:25:31.633+0000][10164][gc,start     ] GC(0) Pause Init Update Refs
[2020-07-12T01:25:31.633+0000][10164][gc,ergo      ] GC(0) Pacer for Update Refs. Used: 126M, Free: 3776M, Non-Taxable: 377M, Alloc Tax Rate: 1.1x
[2020-07-12T01:25:31.633+0000][10164][gc           ] GC(0) Pause Init Update Refs 0.088ms
[2020-07-12T01:25:31.633+0000][10164][safepoint    ] Safepoint "ShenandoahInitUpdateRefs", Time since last: 8935996 ns, Reaching safepoint: 1892404 ns, At safepoint: 109266 ns, Total: 2001670 ns
[2020-07-12T01:25:31.633+0000][10164][gc,start     ] GC(0) Concurrent update references
[2020-07-12T01:25:31.633+0000][10164][gc,task      ] GC(0) Using 2 of 4 workers for concurrent reference update
[2020-07-12T01:25:31.639+0000][10164][gc           ] GC(0) Concurrent update references 126M->130M(4096M) 5.279ms
[2020-07-12T01:25:31.639+0000][10164][gc,start     ] GC(0) Pause Final Update Refs
[2020-07-12T01:25:31.639+0000][10164][gc,task      ] GC(0) Using 4 of 4 workers for final reference update
[2020-07-12T01:25:31.639+0000][10164][gc           ] GC(0) Pause Final Update Refs 0.244ms
[2020-07-12T01:25:31.639+0000][10164][safepoint    ] Safepoint "ShenandoahFinalUpdateRefs", Time since last: 5379999 ns, Reaching safepoint: 504827 ns, At safepoint: 269385 ns, Total: 774212 ns
[2020-07-12T01:25:31.639+0000][10164][gc,start     ] GC(0) Concurrent cleanup
[2020-07-12T01:25:31.640+0000][10164][gc           ] GC(0) Concurrent cleanup 130M->24M(4096M) 0.097ms
[2020-07-12T01:25:31.640+0000][10164][gc,ergo      ] Free: 3866M (1933 regions), Max regular: 2048K, Max humongous: 3758M, External frag: 3%, Internal frag: 0%
[2020-07-12T01:25:31.640+0000][10164][gc,ergo      ] Evacuation Reserve: 206M (103 regions), Max regular: 2048K
[2020-07-12T01:25:31.640+0000][10164][gc,ergo      ] Pacer for Idle. Initial: 83886K, Alloc Tax Rate: 1.0x
[2020-07-12T01:25:32.701+0000][10164][safepoint    ] Safepoint "Cleanup", Time since last: 1060720000 ns, Reaching safepoint: 1021105 ns, At safepoint: 20248 ns, Total: 1041353 ns
[2020-07-12T01:25:32.772+0000][10164][gc           ] Trigger: Metadata GC Threshold
[2020-07-12T01:25:32.772+0000][10164][gc,ergo      ] Free: 3810M (1905 regions), Max regular: 2048K, Max humongous: 3758M, External frag: 2%, Internal frag: 0%
[2020-07-12T01:25:32.772+0000][10164][gc,ergo      ] Evacuation Reserve: 206M (103 regions), Max regular: 2048K
[2020-07-12T01:25:32.772+0000][10164][gc,start     ] GC(1) Concurrent reset
[2020-07-12T01:25:32.772+0000][10164][gc,task      ] GC(1) Using 2 of 4 workers for concurrent reset
[2020-07-12T01:25:32.773+0000][10164][gc           ] GC(1) Concurrent reset 80M->80M(4096M) 0.323ms
[2020-07-12T01:25:32.773+0000][10164][gc,start     ] GC(1) Pause Init Mark (unload classes)
[2020-07-12T01:25:32.773+0000][10164][gc,task      ] GC(1) Using 4 of 4 workers for init marking
[2020-07-12T01:25:32.774+0000][10164][gc,ergo      ] GC(1) Pacer for Mark. Expected Live: 9126K, Free: 3810M, Non-Taxable: 381M, Alloc Tax Rate: 0.0x
[2020-07-12T01:25:32.774+0000][10164][gc           ] GC(1) Pause Init Mark (unload classes) 0.837ms
[2020-07-12T01:25:32.774+0000][10164][safepoint    ] Safepoint "ShenandoahInitMark", Time since last: 71537683 ns, Reaching safepoint: 785441 ns, At safepoint: 862111 ns, Total: 1647552 ns
[2020-07-12T01:25:32.774+0000][10164][gc,start     ] GC(1) Concurrent marking (unload classes)
[2020-07-12T01:25:32.774+0000][10164][gc,task      ] GC(1) Using 2 of 4 workers for concurrent marking
[2020-07-12T01:25:32.781+0000][10164][gc           ] GC(1) Concurrent marking (unload classes) 81M->81M(4096M) 6.140ms
[2020-07-12T01:25:32.781+0000][10164][gc,start     ] GC(1) Pause Final Mark (unload classes)
[2020-07-12T01:25:32.781+0000][10164][gc,task      ] GC(1) Using 4 of 4 workers for final marking
[2020-07-12T01:25:32.781+0000][10164][gc,ergo      ] GC(1) CSet Selection. Actual Free: 4016M, Max CSet: 3012M
[2020-07-12T01:25:32.781+0000][10164][gc,ergo      ] GC(1) Collectable Garbage: 67104K (96% of total), 8671K CSet, 37 CSet regions
[2020-07-12T01:25:32.781+0000][10164][gc,ergo      ] GC(1) Immediate Garbage: 2048K (2% of total), 1 regions
[2020-07-12T01:25:32.782+0000][10164][gc,ergo      ] GC(1) Pacer for Evacuation. Used CSet: 75776K, Free: 3810M, Non-Taxable: 381M, Alloc Tax Rate: 1.1x
[2020-07-12T01:25:32.782+0000][10164][gc           ] GC(1) Pause Final Mark (unload classes) 1.111ms
[2020-07-12T01:25:32.782+0000][10164][safepoint    ] Safepoint "ShenandoahFinalMarkStartEvac", Time since last: 6295809 ns, Reaching safepoint: 64286 ns, At safepoint: 1133737 ns, Total: 1198023 ns
[2020-07-12T01:25:32.782+0000][10164][gc,start     ] GC(1) Concurrent roots processing
[2020-07-12T01:25:32.782+0000][10164][gc,task      ] GC(1) Using 2 of 4 workers for concurrent root processing
[2020-07-12T01:25:32.786+0000][10164][gc           ] GC(1) Concurrent roots processing 82M->87M(4096M) 3.763ms
[2020-07-12T01:25:32.786+0000][10164][gc,start     ] GC(1) Concurrent cleanup
[2020-07-12T01:25:32.786+0000][10164][gc           ] GC(1) Concurrent cleanup 87M->85M(4096M) 0.162ms
[2020-07-12T01:25:32.786+0000][10164][gc,ergo      ] GC(1) Free: 3808M (1904 regions), Max regular: 2048K, Max humongous: 3758M, External frag: 2%, Internal frag: 0%
[2020-07-12T01:25:32.786+0000][10164][gc,ergo      ] GC(1) Evacuation Reserve: 202M (102 regions), Max regular: 2048K
[2020-07-12T01:25:32.786+0000][10164][gc,start     ] GC(1) Concurrent evacuation
[2020-07-12T01:25:32.786+0000][10164][gc,task      ] GC(1) Using 2 of 4 workers for concurrent evacuation
[2020-07-12T01:25:32.789+0000][10164][gc           ] GC(1) Concurrent evacuation 85M->94M(4096M) 3.174ms
[2020-07-12T01:25:32.791+0000][10164][gc,start     ] GC(1) Pause Init Update Refs
[2020-07-12T01:25:32.791+0000][10164][gc,ergo      ] GC(1) Pacer for Update Refs. Used: 96256K, Free: 3808M, Non-Taxable: 380M, Alloc Tax Rate: 1.1x
[2020-07-12T01:25:32.791+0000][10164][gc           ] GC(1) Pause Init Update Refs 0.055ms
[2020-07-12T01:25:32.791+0000][10164][safepoint    ] Safepoint "ShenandoahInitUpdateRefs", Time since last: 7307463 ns, Reaching safepoint: 1422177 ns, At safepoint: 73923 ns, Total: 1496100 ns
[2020-07-12T01:25:32.791+0000][10164][gc,start     ] GC(1) Concurrent update references
[2020-07-12T01:25:32.791+0000][10164][gc,task      ] GC(1) Using 2 of 4 workers for concurrent reference update
[2020-07-12T01:25:32.797+0000][10164][gc           ] GC(1) Concurrent update references 94M->95M(4096M) 6.044ms
[2020-07-12T01:25:32.798+0000][10164][gc,start     ] GC(1) Pause Final Update Refs
[2020-07-12T01:25:32.798+0000][10164][gc,task      ] GC(1) Using 4 of 4 workers for final reference update
[2020-07-12T01:25:32.798+0000][10164][gc           ] GC(1) Pause Final Update Refs 0.496ms
[2020-07-12T01:25:32.798+0000][10164][safepoint    ] Safepoint "ShenandoahFinalUpdateRefs", Time since last: 6165733 ns, Reaching safepoint: 841560 ns, At safepoint: 519405 ns, Total: 1360965 ns
[2020-07-12T01:25:32.798+0000][10164][gc,start     ] GC(1) Concurrent cleanup
[2020-07-12T01:25:32.798+0000][10164][gc           ] GC(1) Concurrent cleanup 95M->21M(4096M) 0.100ms
[2020-07-12T01:25:32.798+0000][10164][gc,ergo      ] Free: 3868M (1935 regions), Max regular: 2048K, Max humongous: 3812M, External frag: 2%, Internal frag: 0%
[2020-07-12T01:25:32.798+0000][10164][gc,ergo      ] Evacuation Reserve: 206M (103 regions), Max regular: 2048K
[2020-07-12T01:25:32.798+0000][10164][gc,ergo      ] Pacer for Idle. Initial: 83886K, Alloc Tax Rate: 1.0x
[2020-07-12T01:25:33.801+0000][10164][safepoint    ] Safepoint "Cleanup", Time since last: 1002263420 ns, Reaching safepoint: 726544 ns, At safepoint: 14597 ns, Total: 741141 ns
[2020-07-12T01:25:34.519+0000][10164][gc           ] Trigger: Metadata GC Threshold
[2020-07-12T01:25:34.519+0000][10164][gc,ergo      ] Free: 3762M (1881 regions), Max regular: 2048K, Max humongous: 3760M, External frag: 1%, Internal frag: 0%
[2020-07-12T01:25:34.519+0000][10164][gc,ergo      ] Evacuation Reserve: 206M (103 regions), Max regular: 2048K
[2020-07-12T01:25:34.519+0000][10164][gc,start     ] GC(2) Concurrent reset
[2020-07-12T01:25:34.519+0000][10164][gc,task      ] GC(2) Using 2 of 4 workers for concurrent reset
[2020-07-12T01:25:34.519+0000][10164][gc           ] GC(2) Concurrent reset 127M->127M(4096M) 0.229ms
[2020-07-12T01:25:34.519+0000][10164][gc,start     ] GC(2) Pause Init Mark (unload classes)
[2020-07-12T01:25:34.519+0000][10164][gc,task      ] GC(2) Using 4 of 4 workers for init marking
[2020-07-12T01:25:34.520+0000][10164][gc,ergo      ] GC(2) Pacer for Mark. Expected Live: 10917K, Free: 3762M, Non-Taxable: 376M, Alloc Tax Rate: 0.0x
[2020-07-12T01:25:34.520+0000][10164][gc           ] GC(2) Pause Init Mark (unload classes) 0.640ms
[2020-07-12T01:25:34.520+0000][10164][safepoint    ] Safepoint "ShenandoahInitMark", Time since last: 717955742 ns, Reaching safepoint: 350397 ns, At safepoint: 663495 ns, Total: 1013892 ns
[2020-07-12T01:25:34.520+0000][10164][gc,start     ] GC(2) Concurrent marking (unload classes)
[2020-07-12T01:25:34.520+0000][10164][gc,task      ] GC(2) Using 2 of 4 workers for concurrent marking
[2020-07-12T01:25:34.531+0000][10164][gc           ] GC(2) Concurrent marking (unload classes) 129M->131M(4096M) 10.598ms
[2020-07-12T01:25:34.531+0000][10164][gc,start     ] GC(2) Pause Final Mark (unload classes)
[2020-07-12T01:25:34.531+0000][10164][gc,task      ] GC(2) Using 4 of 4 workers for final marking
[2020-07-12T01:25:34.531+0000][10164][gc,ergo      ] GC(2) CSet Selection. Actual Free: 3964M, Max CSet: 2973M
[2020-07-12T01:25:34.531+0000][10164][gc,ergo      ] GC(2) Collectable Garbage: 109M (99% of total), 10585K CSet, 60 CSet regions
[2020-07-12T01:25:34.531+0000][10164][gc,ergo      ] GC(2) Immediate Garbage: 0B (0% of total), 0 regions
[2020-07-12T01:25:34.532+0000][10164][gc,ergo      ] GC(2) Pacer for Evacuation. Used CSet: 119M, Free: 3758M, Non-Taxable: 375M, Alloc Tax Rate: 1.1x
[2020-07-12T01:25:34.532+0000][10164][gc           ] GC(2) Pause Final Mark (unload classes) 0.908ms
[2020-07-12T01:25:34.532+0000][10164][safepoint    ] Safepoint "ShenandoahFinalMarkStartEvac", Time since last: 10695801 ns, Reaching safepoint: 63232 ns, At safepoint: 933040 ns, Total: 996272 ns
[2020-07-12T01:25:34.532+0000][10164][gc,start     ] GC(2) Concurrent roots processing
[2020-07-12T01:25:34.532+0000][10164][gc,task      ] GC(2) Using 2 of 4 workers for concurrent root processing
[2020-07-12T01:25:34.539+0000][10164][gc           ] GC(2) Concurrent roots processing 132M->141M(4096M) 7.081ms
[2020-07-12T01:25:34.539+0000][10164][gc,start     ] GC(2) Concurrent cleanup
[2020-07-12T01:25:34.539+0000][10164][gc           ] GC(2) Concurrent cleanup 141M->141M(4096M) 0.175ms
[2020-07-12T01:25:34.539+0000][10164][gc,ergo      ] GC(2) Free: 3752M (1876 regions), Max regular: 2048K, Max humongous: 3750M, External frag: 1%, Internal frag: 0%
[2020-07-12T01:25:34.539+0000][10164][gc,ergo      ] GC(2) Evacuation Reserve: 202M (101 regions), Max regular: 2048K
[2020-07-12T01:25:34.539+0000][10164][gc,start     ] GC(2) Concurrent evacuation
[2020-07-12T01:25:34.539+0000][10164][gc,task      ] GC(2) Using 2 of 4 workers for concurrent evacuation
[2020-07-12T01:25:34.545+0000][10164][gc           ] GC(2) Concurrent evacuation 141M->151M(4096M) 5.332ms
[2020-07-12T01:25:34.547+0000][10164][gc,start     ] GC(2) Pause Init Update Refs
[2020-07-12T01:25:34.547+0000][10164][gc,ergo      ] GC(2) Pacer for Update Refs. Used: 151M, Free: 3750M, Non-Taxable: 375M, Alloc Tax Rate: 1.1x
[2020-07-12T01:25:34.547+0000][10164][gc           ] GC(2) Pause Init Update Refs 0.066ms
[2020-07-12T01:25:34.547+0000][10164][safepoint    ] Safepoint "ShenandoahInitUpdateRefs", Time since last: 12802207 ns, Reaching safepoint: 2766563 ns, At safepoint: 87811 ns, Total: 2854374 ns
[2020-07-12T01:25:34.548+0000][10164][gc,start     ] GC(2) Concurrent update references
[2020-07-12T01:25:34.548+0000][10164][gc,task      ] GC(2) Using 2 of 4 workers for concurrent reference update
[2020-07-12T01:25:34.563+0000][10164][gc           ] GC(2) Concurrent update references 153M->161M(4096M) 15.379ms
[2020-07-12T01:25:34.563+0000][10164][gc,start     ] GC(2) Pause Final Update Refs
[2020-07-12T01:25:34.563+0000][10164][gc,task      ] GC(2) Using 4 of 4 workers for final reference update
[2020-07-12T01:25:34.564+0000][10164][gc           ] GC(2) Pause Final Update Refs 0.421ms
[2020-07-12T01:25:34.564+0000][10164][safepoint    ] Safepoint "ShenandoahFinalUpdateRefs", Time since last: 15512466 ns, Reaching safepoint: 191361 ns, At safepoint: 448263 ns, Total: 639624 ns
[2020-07-12T01:25:34.564+0000][10164][gc,start     ] GC(2) Concurrent cleanup
[2020-07-12T01:25:34.564+0000][10164][gc           ] GC(2) Concurrent cleanup 161M->42M(4096M) 0.132ms
[2020-07-12T01:25:34.564+0000][10164][gc,ergo      ] Free: 3848M (1924 regions), Max regular: 2048K, Max humongous: 3734M, External frag: 3%, Internal frag: 0%
[2020-07-12T01:25:34.564+0000][10164][gc,ergo      ] Evacuation Reserve: 206M (103 regions), Max regular: 2048K
[2020-07-12T01:25:34.564+0000][10164][gc,ergo      ] Pacer for Idle. Initial: 83886K, Alloc Tax Rate: 1.0x
[2020-07-12T01:25:35.567+0000][10164][safepoint    ] Safepoint "Cleanup", Time since last: 1003363774 ns, Reaching safepoint: 162586 ns, At safepoint: 6287 ns, Total: 168873 ns
[2020-07-12T01:25:47.453+0000][10164][safepoint    ] Safepoint "Cleanup", Time since last: 11885493870 ns, Reaching safepoint: 625595 ns, At safepoint: 6571 ns, Total: 632166 ns
[2020-07-12T01:25:48.486+0000][10164][safepoint    ] Safepoint "Cleanup", Time since last: 1032447971 ns, Reaching safepoint: 573469 ns, At safepoint: 13174 ns, Total: 586643 ns
[2020-07-12T01:25:49.508+0000][10164][safepoint    ] Safepoint "ICBufferFull", Time since last: 1020551251 ns, Reaching safepoint: 628471 ns, At safepoint: 19137 ns, Total: 647608 ns
[2020-07-12T01:25:50.510+0000][10164][safepoint    ] Safepoint "Cleanup", Time since last: 1000279209 ns, Reaching safepoint: 2612551 ns, At safepoint: 16197 ns, Total: 2628748 ns
[2020-07-12T01:25:51.628+0000][10164][safepoint    ] Safepoint "Cleanup", Time since last: 1116799430 ns, Reaching safepoint: 704728 ns, At safepoint: 20811 ns, Total: 725539 ns
[2020-07-12T01:25:52.628+0000][10164][safepoint    ] Safepoint "Cleanup", Time since last: 1000128888 ns, Reaching safepoint: 372918 ns, At safepoint: 36379 ns, Total: 409297 ns
[2020-07-12T01:25:52.729+0000][10164][gc           ] Trigger: Allocated since last cycle (410M) is larger than allocation threshold (409M)
[2020-07-12T01:25:52.729+0000][10164][gc,ergo      ] Free: 3460M (1730 regions), Max regular: 2048K, Max humongous: 3458M, External frag: 1%, Internal frag: 0%
[2020-07-12T01:25:52.729+0000][10164][gc,ergo      ] Evacuation Reserve: 206M (103 regions), Max regular: 2048K
[2020-07-12T01:25:52.729+0000][10164][gc,start     ] GC(3) Concurrent reset
[2020-07-12T01:25:52.729+0000][10164][gc,task      ] GC(3) Using 2 of 4 workers for concurrent reset
[2020-07-12T01:25:52.729+0000][10164][gc           ] GC(3) Concurrent reset 430M->430M(4096M) 0.378ms
[2020-07-12T01:25:52.734+0000][10164][gc,start     ] GC(3) Pause Init Mark (unload classes)
[2020-07-12T01:25:52.734+0000][10164][gc,task      ] GC(3) Using 4 of 4 workers for init marking
[2020-07-12T01:25:52.735+0000][10164][gc,ergo      ] GC(3) Pacer for Mark. Expected Live: 13496K, Free: 3460M, Non-Taxable: 346M, Alloc Tax Rate: 0.0x
[2020-07-12T01:25:52.735+0000][10164][gc           ] GC(3) Pause Init Mark (unload classes) 0.866ms
[2020-07-12T01:25:52.735+0000][10164][safepoint    ] Safepoint "ShenandoahInitMark", Time since last: 100742913 ns, Reaching safepoint: 4892843 ns, At safepoint: 903667 ns, Total: 5796510 ns
[2020-07-12T01:25:52.735+0000][10164][gc,start     ] GC(3) Concurrent marking (unload classes)
[2020-07-12T01:25:52.735+0000][10164][gc,task      ] GC(3) Using 2 of 4 workers for concurrent marking
[2020-07-12T01:25:52.755+0000][10164][gc           ] GC(3) Concurrent marking (unload classes) 433M->460M(4096M) 20.026ms
[2020-07-12T01:25:52.757+0000][10164][gc,start     ] GC(3) Pause Final Mark (unload classes)
[2020-07-12T01:25:52.757+0000][10164][gc,task      ] GC(3) Using 4 of 4 workers for final marking
[2020-07-12T01:25:52.758+0000][10164][gc,ergo      ] GC(3) CSet Selection. Actual Free: 3738M, Max CSet: 2803M
[2020-07-12T01:25:52.758+0000][10164][gc,ergo      ] GC(3) Collectable Garbage: 307M (75% of total), 8705K CSet, 158 CSet regions
[2020-07-12T01:25:52.758+0000][10164][gc,ergo      ] GC(3) Immediate Garbage: 102M (24% of total), 51 regions
[2020-07-12T01:25:52.759+0000][10164][gc,ergo      ] GC(3) Pacer for Evacuation. Used CSet: 316M, Free: 3532M, Non-Taxable: 353M, Alloc Tax Rate: 1.1x
[2020-07-12T01:25:52.759+0000][10164][gc           ] GC(3) Pause Final Mark (unload classes) 1.449ms
[2020-07-12T01:25:52.759+0000][10164][safepoint    ] Safepoint "ShenandoahFinalMarkStartEvac", Time since last: 20123837 ns, Reaching safepoint: 2169869 ns, At safepoint: 1491991 ns, Total: 3661860 ns
[2020-07-12T01:25:52.759+0000][10164][gc,start     ] GC(3) Concurrent roots processing
[2020-07-12T01:25:52.759+0000][10164][gc,task      ] GC(3) Using 2 of 4 workers for concurrent root processing
[2020-07-12T01:25:52.785+0000][10164][gc           ] GC(3) Concurrent roots processing 461M->498M(4096M) 26.351ms
[2020-07-12T01:25:52.785+0000][10164][gc,start     ] GC(3) Concurrent cleanup
[2020-07-12T01:25:52.785+0000][10164][gc           ] GC(3) Concurrent cleanup 498M->396M(4096M) 0.202ms
[2020-07-12T01:25:52.785+0000][10164][gc,ergo      ] GC(3) Free: 3498M (1750 regions), Max regular: 2048K, Max humongous: 3396M, External frag: 3%, Internal frag: 0%
[2020-07-12T01:25:52.786+0000][10164][gc,ergo      ] GC(3) Evacuation Reserve: 200M (101 regions), Max regular: 2048K
[2020-07-12T01:25:52.786+0000][10164][gc,start     ] GC(3) Concurrent evacuation
[2020-07-12T01:25:52.786+0000][10164][gc,task      ] GC(3) Using 2 of 4 workers for concurrent evacuation
[2020-07-12T01:25:52.800+0000][10164][gc           ] GC(3) Concurrent evacuation 396M->401M(4096M) 14.162ms
[2020-07-12T01:25:52.802+0000][10164][gc,start     ] GC(3) Pause Init Update Refs
[2020-07-12T01:25:52.802+0000][10164][gc,ergo      ] GC(3) Pacer for Update Refs. Used: 401M, Free: 3498M, Non-Taxable: 349M, Alloc Tax Rate: 1.1x
[2020-07-12T01:25:52.802+0000][10164][gc           ] GC(3) Pause Init Update Refs 0.106ms
[2020-07-12T01:25:52.802+0000][10164][safepoint    ] Safepoint "ShenandoahInitUpdateRefs", Time since last: 40952945 ns, Reaching safepoint: 2501914 ns, At safepoint: 139386 ns, Total: 2641300 ns
[2020-07-12T01:25:52.802+0000][10164][gc,start     ] GC(3) Concurrent update references
[2020-07-12T01:25:52.802+0000][10164][gc,task      ] GC(3) Using 2 of 4 workers for concurrent reference update
[2020-07-12T01:25:52.839+0000][10164][gc           ] GC(3) Concurrent update references 403M->437M(4096M) 36.950ms
[2020-07-12T01:25:52.840+0000][10164][gc,start     ] GC(3) Pause Final Update Refs
[2020-07-12T01:25:52.840+0000][10164][gc,task      ] GC(3) Using 4 of 4 workers for final reference update
[2020-07-12T01:25:52.840+0000][10164][gc           ] GC(3) Pause Final Update Refs 0.431ms
[2020-07-12T01:25:52.840+0000][10164][safepoint    ] Safepoint "ShenandoahFinalUpdateRefs", Time since last: 37046212 ns, Reaching safepoint: 355155 ns, At safepoint: 467952 ns, Total: 823107 ns
[2020-07-12T01:25:52.840+0000][10164][gc,start     ] GC(3) Concurrent cleanup
[2020-07-12T01:25:52.840+0000][10164][gc           ] GC(3) Concurrent cleanup 437M->121M(4096M) 0.143ms
[2020-07-12T01:25:52.840+0000][10164][gc,ergo      ] Free: 3768M (1886 regions), Max regular: 2048K, Max humongous: 3394M, External frag: 10%, Internal frag: 0%
[2020-07-12T01:25:52.840+0000][10164][gc,ergo      ] Evacuation Reserve: 206M (103 regions), Max regular: 2048K
[2020-07-12T01:25:52.841+0000][10164][gc,ergo      ] Pacer for Idle. Initial: 83886K, Alloc Tax Rate: 1.0x
[2020-07-12T01:25:53.937+0000][10164][safepoint    ] Safepoint "Cleanup", Time since last: 1096443980 ns, Reaching safepoint: 387940 ns, At safepoint: 14871 ns, Total: 402811 ns
[2020-07-12T01:25:54.938+0000][10164][safepoint    ] Safepoint "Cleanup", Time since last: 1000203321 ns, Reaching safepoint: 224240 ns, At safepoint: 13351 ns, Total: 237591 ns
[2020-07-12T01:25:55.354+0000][10164][gc           ] Trigger: Allocated since last cycle (409M) is larger than allocation threshold (409M)
[2020-07-12T01:25:55.354+0000][10164][gc,ergo      ] Free: 3458M (1730 regions), Max regular: 2048K, Max humongous: 3394M, External frag: 2%, Internal frag: 0%
[2020-07-12T01:25:55.355+0000][10164][gc,ergo      ] Evacuation Reserve: 206M (103 regions), Max regular: 2048K
[2020-07-12T01:25:55.355+0000][10164][gc,start     ] GC(4) Concurrent reset
[2020-07-12T01:25:55.355+0000][10164][gc,task      ] GC(4) Using 2 of 4 workers for concurrent reset
[2020-07-12T01:25:55.355+0000][10164][gc           ] GC(4) Concurrent reset 431M->431M(4096M) 0.631ms
[2020-07-12T01:25:55.356+0000][10164][gc,start     ] GC(4) Pause Init Mark (unload classes)
[2020-07-12T01:25:55.356+0000][10164][gc,task      ] GC(4) Using 4 of 4 workers for init marking
[2020-07-12T01:25:55.356+0000][10164][gc,ergo      ] GC(4) Pacer for Mark. Expected Live: 15317K, Free: 3458M, Non-Taxable: 345M, Alloc Tax Rate: 0.0x
[2020-07-12T01:25:55.356+0000][10164][gc           ] GC(4) Pause Init Mark (unload classes) 0.722ms
[2020-07-12T01:25:55.356+0000][10164][safepoint    ] Safepoint "ShenandoahInitMark", Time since last: 417627895 ns, Reaching safepoint: 457702 ns, At safepoint: 743104 ns, Total: 1200806 ns
[2020-07-12T01:25:55.356+0000][10164][gc,start     ] GC(4) Concurrent marking (unload classes)
[2020-07-12T01:25:55.357+0000][10164][gc,task      ] GC(4) Using 2 of 4 workers for concurrent marking
[2020-07-12T01:25:55.369+0000][10164][gc           ] GC(4) Concurrent marking (unload classes) 433M->439M(4096M) 12.411ms
[2020-07-12T01:25:55.369+0000][10164][gc,start     ] GC(4) Pause Final Mark (unload classes)
[2020-07-12T01:25:55.369+0000][10164][gc,task      ] GC(4) Using 4 of 4 workers for final marking
[2020-07-12T01:25:55.370+0000][10164][gc,ergo      ] GC(4) CSet Selection. Actual Free: 3897M, Max CSet: 2923M
[2020-07-12T01:25:55.370+0000][10164][gc,ergo      ] GC(4) Collectable Garbage: 169M (41% of total), 6711K CSet, 88 CSet regions
[2020-07-12T01:25:55.370+0000][10164][gc,ergo      ] GC(4) Immediate Garbage: 241M (58% of total), 121 regions
[2020-07-12T01:25:55.370+0000][10164][gc,ergo      ] GC(4) Pacer for Evacuation. Used CSet: 176M, Free: 3692M, Non-Taxable: 369M, Alloc Tax Rate: 1.1x
[2020-07-12T01:25:55.370+0000][10164][gc           ] GC(4) Pause Final Mark (unload classes) 1.207ms
[2020-07-12T01:25:55.370+0000][10164][safepoint    ] Safepoint "ShenandoahFinalMarkStartEvac", Time since last: 12606837 ns, Reaching safepoint: 81780 ns, At safepoint: 1227481 ns, Total: 1309261 ns
[2020-07-12T01:25:55.370+0000][10164][gc,start     ] GC(4) Concurrent roots processing
[2020-07-12T01:25:55.370+0000][10164][gc,task      ] GC(4) Using 2 of 4 workers for concurrent root processing
[2020-07-12T01:25:55.382+0000][10164][gc           ] GC(4) Concurrent roots processing 441M->456M(4096M) 11.369ms
[2020-07-12T01:25:55.382+0000][10164][gc,start     ] GC(4) Concurrent cleanup
[2020-07-12T01:25:55.382+0000][10164][gc           ] GC(4) Concurrent cleanup 456M->214M(4096M) 0.306ms
[2020-07-12T01:25:55.382+0000][10164][gc,ergo      ] GC(4) Free: 3680M (1841 regions), Max regular: 2048K, Max humongous: 3404M, External frag: 8%, Internal frag: 0%
[2020-07-12T01:25:55.382+0000][10164][gc,ergo      ] GC(4) Evacuation Reserve: 201M (101 regions), Max regular: 2048K
[2020-07-12T01:25:55.382+0000][10164][gc,start     ] GC(4) Concurrent evacuation
[2020-07-12T01:25:55.382+0000][10164][gc,task      ] GC(4) Using 2 of 4 workers for concurrent evacuation
[2020-07-12T01:25:55.385+0000][10164][gc           ] GC(4) Concurrent evacuation 214M->220M(4096M) 2.823ms
[2020-07-12T01:25:55.387+0000][10164][gc,start     ] GC(4) Pause Init Update Refs
[2020-07-12T01:25:55.387+0000][10164][gc,ergo      ] GC(4) Pacer for Update Refs. Used: 220M, Free: 3678M, Non-Taxable: 367M, Alloc Tax Rate: 1.1x
[2020-07-12T01:25:55.387+0000][10164][gc           ] GC(4) Pause Init Update Refs 0.067ms
[2020-07-12T01:25:55.387+0000][10164][safepoint    ] Safepoint "ShenandoahInitUpdateRefs", Time since last: 14790788 ns, Reaching safepoint: 2189935 ns, At safepoint: 92882 ns, Total: 2282817 ns
[2020-07-12T01:25:55.387+0000][10164][gc,start     ] GC(4) Concurrent update references
[2020-07-12T01:25:55.387+0000][10164][gc,task      ] GC(4) Using 2 of 4 workers for concurrent reference update
[2020-07-12T01:25:55.404+0000][10164][gc           ] GC(4) Concurrent update references 220M->232M(4096M) 16.557ms
[2020-07-12T01:25:55.404+0000][10164][gc,start     ] GC(4) Pause Final Update Refs
[2020-07-12T01:25:55.404+0000][10164][gc,task      ] GC(4) Using 4 of 4 workers for final reference update
[2020-07-12T01:25:55.404+0000][10164][gc           ] GC(4) Pause Final Update Refs 0.248ms
[2020-07-12T01:25:55.404+0000][10164][safepoint    ] Safepoint "ShenandoahFinalUpdateRefs", Time since last: 16711768 ns, Reaching safepoint: 68742 ns, At safepoint: 269496 ns, Total: 338238 ns
[2020-07-12T01:25:55.404+0000][10164][gc,start     ] GC(4) Concurrent cleanup
[2020-07-12T01:25:55.405+0000][10164][gc           ] GC(4) Concurrent cleanup 232M->56M(4096M) 0.114ms
[2020-07-12T01:25:55.405+0000][10164][gc,ergo      ] Free: 3833M (1919 regions), Max regular: 2048K, Max humongous: 3500M, External frag: 9%, Internal frag: 0%
[2020-07-12T01:25:55.405+0000][10164][gc,ergo      ] Evacuation Reserve: 206M (103 regions), Max regular: 2048K
[2020-07-12T01:25:55.405+0000][10164][gc,ergo      ] Pacer for Idle. Initial: 83886K, Alloc Tax Rate: 1.0x
[2020-07-12T01:25:56.445+0000][10164][safepoint    ] Safepoint "Cleanup", Time since last: 1040156591 ns, Reaching safepoint: 167010 ns, At safepoint: 8814 ns, Total: 175824 ns
[2020-07-12T01:25:57.445+0000][10164][safepoint    ] Safepoint "Cleanup", Time since last: 1000079379 ns, Reaching safepoint: 107745 ns, At safepoint: 5742 ns, Total: 113487 ns
[2020-07-12T01:25:59.199+0000][10164][safepoint    ] Safepoint "Cleanup", Time since last: 1753380810 ns, Reaching safepoint: 768477 ns, At safepoint: 11551 ns, Total: 780028 ns
[2020-07-12T01:25:59.639+0000][10164][gc           ] Trigger: Allocated since last cycle (409M) is larger than allocation threshold (409M)
[2020-07-12T01:25:59.639+0000][10164][gc,ergo      ] Free: 3457M (1730 regions), Max regular: 2048K, Max humongous: 3456M, External frag: 1%, Internal frag: 0%
[2020-07-12T01:25:59.639+0000][10164][gc,ergo      ] Evacuation Reserve: 206M (103 regions), Max regular: 2048K
[2020-07-12T01:25:59.639+0000][10164][gc,start     ] GC(5) Concurrent reset
[2020-07-12T01:25:59.639+0000][10164][gc,task      ] GC(5) Using 2 of 4 workers for concurrent reset
[2020-07-12T01:25:59.640+0000][10164][gc           ] GC(5) Concurrent reset 432M->432M(4096M) 0.370ms
[2020-07-12T01:25:59.640+0000][10164][gc,start     ] GC(5) Pause Init Mark (process weakrefs) (unload classes)
[2020-07-12T01:25:59.640+0000][10164][gc,task      ] GC(5) Using 4 of 4 workers for init marking
[2020-07-12T01:25:59.640+0000][10164][gc,ergo      ] GC(5) Pacer for Mark. Expected Live: 16410K, Free: 3457M, Non-Taxable: 345M, Alloc Tax Rate: 0.0x
[2020-07-12T01:25:59.640+0000][10164][gc           ] GC(5) Pause Init Mark (process weakrefs) (unload classes) 0.469ms
[2020-07-12T01:25:59.640+0000][10164][safepoint    ] Safepoint "ShenandoahInitMark", Time since last: 440607368 ns, Reaching safepoint: 92896 ns, At safepoint: 488723 ns, Total: 581619 ns
[2020-07-12T01:25:59.640+0000][10164][gc,start     ] GC(5) Concurrent marking (process weakrefs) (unload classes)
[2020-07-12T01:25:59.640+0000][10164][gc,task      ] GC(5) Using 2 of 4 workers for concurrent marking
[2020-07-12T01:25:59.650+0000][10164][gc           ] GC(5) Concurrent marking (process weakrefs) (unload classes) 432M->448M(4096M) 9.767ms
[2020-07-12T01:25:59.650+0000][10164][gc,start     ] GC(5) Concurrent precleaning
[2020-07-12T01:25:59.650+0000][10164][gc,task      ] GC(5) Using 1 of 4 workers for concurrent preclean
[2020-07-12T01:25:59.651+0000][10164][gc           ] GC(5) Concurrent precleaning 448M->448M(4096M) 0.794ms
[2020-07-12T01:25:59.651+0000][10164][gc,start     ] GC(5) Pause Final Mark (process weakrefs) (unload classes)
[2020-07-12T01:25:59.651+0000][10164][gc,task      ] GC(5) Using 4 of 4 workers for final marking
[2020-07-12T01:25:59.652+0000][10164][gc,ergo      ] GC(5) CSet Selection. Actual Free: 3930M, Max CSet: 2947M
[2020-07-12T01:25:59.652+0000][10164][gc,ergo      ] GC(5) Collectable Garbage: 130M (31% of total), 12147K CSet, 71 CSet regions
[2020-07-12T01:25:59.652+0000][10164][gc,ergo      ] GC(5) Immediate Garbage: 284M (68% of total), 142 regions
[2020-07-12T01:25:59.653+0000][10164][gc,ergo      ] GC(5) Pacer for Evacuation. Used CSet: 142M, Free: 3725M, Non-Taxable: 372M, Alloc Tax Rate: 1.1x
[2020-07-12T01:25:59.653+0000][10164][gc           ] GC(5) Pause Final Mark (process weakrefs) (unload classes) 1.792ms
[2020-07-12T01:25:59.653+0000][10164][safepoint    ] Safepoint "ShenandoahFinalMarkStartEvac", Time since last: 10664277 ns, Reaching safepoint: 66098 ns, At safepoint: 1812640 ns, Total: 1878738 ns
[2020-07-12T01:25:59.653+0000][10164][gc,start     ] GC(5) Concurrent roots processing
[2020-07-12T01:25:59.653+0000][10164][gc,task      ] GC(5) Using 2 of 4 workers for concurrent root processing
[2020-07-12T01:25:59.675+0000][10164][safepoint    ] Safepoint "ICBufferFull", Time since last: 21336518 ns, Reaching safepoint: 1015893 ns, At safepoint: 25033 ns, Total: 1040926 ns
[2020-07-12T01:25:59.697+0000][10164][gc           ] GC(5) Concurrent roots processing 450M->470M(4096M) 44.170ms
[2020-07-12T01:25:59.697+0000][10164][gc,start     ] GC(5) Concurrent cleanup
[2020-07-12T01:25:59.697+0000][10164][gc           ] GC(5) Concurrent cleanup 470M->186M(4096M) 0.257ms
[2020-07-12T01:25:59.697+0000][10164][gc,ergo      ] GC(5) Free: 3708M (1855 regions), Max regular: 2048K, Max humongous: 3422M, External frag: 8%, Internal frag: 0%
[2020-07-12T01:25:59.697+0000][10164][gc,ergo      ] GC(5) Evacuation Reserve: 200M (101 regions), Max regular: 2048K
[2020-07-12T01:25:59.697+0000][10164][gc,start     ] GC(5) Concurrent evacuation
[2020-07-12T01:25:59.697+0000][10164][gc,task      ] GC(5) Using 2 of 4 workers for concurrent evacuation
[2020-07-12T01:25:59.703+0000][10164][gc           ] GC(5) Concurrent evacuation 186M->197M(4096M) 5.108ms
[2020-07-12T01:25:59.703+0000][10164][gc,start     ] GC(5) Pause Init Update Refs
[2020-07-12T01:25:59.703+0000][10164][gc,ergo      ] GC(5) Pacer for Update Refs. Used: 197M, Free: 3708M, Non-Taxable: 370M, Alloc Tax Rate: 1.1x
[2020-07-12T01:25:59.703+0000][10164][gc           ] GC(5) Pause Init Update Refs 0.067ms
[2020-07-12T01:25:59.703+0000][10164][safepoint    ] Safepoint "ShenandoahInitUpdateRefs", Time since last: 27349290 ns, Reaching safepoint: 770168 ns, At safepoint: 85756 ns, Total: 855924 ns
[2020-07-12T01:25:59.703+0000][10164][gc,start     ] GC(5) Concurrent update references
[2020-07-12T01:25:59.703+0000][10164][gc,task      ] GC(5) Using 2 of 4 workers for concurrent reference update
[2020-07-12T01:25:59.725+0000][10164][gc           ] GC(5) Concurrent update references 198M->213M(4096M) 21.795ms
[2020-07-12T01:25:59.726+0000][10164][gc,start     ] GC(5) Pause Final Update Refs
[2020-07-12T01:25:59.726+0000][10164][gc,task      ] GC(5) Using 4 of 4 workers for final reference update
[2020-07-12T01:25:59.727+0000][10164][gc           ] GC(5) Pause Final Update Refs 0.176ms
[2020-07-12T01:25:59.727+0000][10164][safepoint    ] Safepoint "ShenandoahFinalUpdateRefs", Time since last: 21876250 ns, Reaching safepoint: 1020153 ns, At safepoint: 198501 ns, Total: 1218654 ns
[2020-07-12T01:25:59.727+0000][10164][gc,start     ] GC(5) Concurrent cleanup
[2020-07-12T01:25:59.727+0000][10164][gc           ] GC(5) Concurrent cleanup 213M->71M(4096M) 0.106ms
[2020-07-12T01:25:59.727+0000][10164][gc,ergo      ] Free: 3818M (1911 regions), Max regular: 2048K, Max humongous: 3422M, External frag: 11%, Internal frag: 0%
[2020-07-12T01:25:59.727+0000][10164][gc,ergo      ] Evacuation Reserve: 206M (103 regions), Max regular: 2048K
[2020-07-12T01:25:59.727+0000][10164][gc,ergo      ] Pacer for Idle. Initial: 83886K, Alloc Tax Rate: 1.0x
[2020-07-12T01:26:01.375+0000][10164][safepoint    ] Safepoint "Cleanup", Time since last: 1648212017 ns, Reaching safepoint: 435681 ns, At safepoint: 8243 ns, Total: 443924 ns
[2020-07-12T01:26:02.386+0000][10164][safepoint    ] Safepoint "Cleanup", Time since last: 1011021883 ns, Reaching safepoint: 213988 ns, At safepoint: 17493 ns, Total: 231481 ns
[2020-07-12T01:26:03.602+0000][10164][safepoint    ] Safepoint "Cleanup", Time since last: 1215906214 ns, Reaching safepoint: 100789 ns, At safepoint: 1778 ns, Total: 102567 ns
[2020-07-12T01:26:04.438+0000][10164][gc           ] Trigger: Allocated since last cycle (410M) is larger than allocation threshold (409M)
[2020-07-12T01:26:04.438+0000][10164][gc,ergo      ] Free: 3457M (1730 regions), Max regular: 2048K, Max humongous: 3422M, External frag: 2%, Internal frag: 0%
[2020-07-12T01:26:04.438+0000][10164][gc,ergo      ] Evacuation Reserve: 206M (103 regions), Max regular: 2048K
[2020-07-12T01:26:04.438+0000][10164][gc,start     ] GC(6) Concurrent reset
[2020-07-12T01:26:04.438+0000][10164][gc,task      ] GC(6) Using 2 of 4 workers for concurrent reset
[2020-07-12T01:26:04.439+0000][10164][gc           ] GC(6) Concurrent reset 432M->432M(4096M) 0.579ms
[2020-07-12T01:26:04.439+0000][10164][gc,start     ] GC(6) Pause Init Mark (unload classes)
[2020-07-12T01:26:04.439+0000][10164][gc,task      ] GC(6) Using 4 of 4 workers for init marking
[2020-07-12T01:26:04.439+0000][10164][gc,ergo      ] GC(6) Pacer for Mark. Expected Live: 18339K, Free: 3457M, Non-Taxable: 345M, Alloc Tax Rate: 0.0x
[2020-07-12T01:26:04.439+0000][10164][gc           ] GC(6) Pause Init Mark (unload classes) 0.568ms
[2020-07-12T01:26:04.439+0000][10164][safepoint    ] Safepoint "ShenandoahInitMark", Time since last: 836249991 ns, Reaching safepoint: 85303 ns, At safepoint: 590266 ns, Total: 675569 ns
[2020-07-12T01:26:04.439+0000][10164][gc,start     ] GC(6) Concurrent marking (unload classes)
[2020-07-12T01:26:04.439+0000][10164][gc,task      ] GC(6) Using 2 of 4 workers for concurrent marking
[2020-07-12T01:26:04.448+0000][10164][gc           ] GC(6) Concurrent marking (unload classes) 434M->445M(4096M) 8.689ms
[2020-07-12T01:26:04.449+0000][10164][gc,start     ] GC(6) Pause Final Mark (unload classes)
[2020-07-12T01:26:04.449+0000][10164][gc,task      ] GC(6) Using 4 of 4 workers for final marking
[2020-07-12T01:26:04.450+0000][10164][gc,ergo      ] GC(6) CSet Selection. Actual Free: 3934M, Max CSet: 2950M
[2020-07-12T01:26:04.450+0000][10164][gc,ergo      ] GC(6) Collectable Garbage: 128M (30% of total), 5970K CSet, 67 CSet regions
[2020-07-12T01:26:04.450+0000][10164][gc,ergo      ] GC(6) Immediate Garbage: 286M (68% of total), 143 regions
[2020-07-12T01:26:04.450+0000][10164][gc,ergo      ] GC(6) Pacer for Evacuation. Used CSet: 133M, Free: 3729M, Non-Taxable: 372M, Alloc Tax Rate: 1.1x
[2020-07-12T01:26:04.450+0000][10164][gc           ] GC(6) Pause Final Mark (unload classes) 1.036ms
[2020-07-12T01:26:04.450+0000][10164][safepoint    ] Safepoint "ShenandoahFinalMarkStartEvac", Time since last: 8836789 ns, Reaching safepoint: 1039338 ns, At safepoint: 1058175 ns, Total: 2097513 ns
[2020-07-12T01:26:04.450+0000][10164][gc,start     ] GC(6) Concurrent roots processing
[2020-07-12T01:26:04.450+0000][10164][gc,task      ] GC(6) Using 2 of 4 workers for concurrent root processing
[2020-07-12T01:26:04.470+0000][10164][gc           ] GC(6) Concurrent roots processing 448M->466M(4096M) 20.048ms
[2020-07-12T01:26:04.470+0000][10164][gc,start     ] GC(6) Concurrent cleanup
[2020-07-12T01:26:04.471+0000][10164][gc           ] GC(6) Concurrent cleanup 466M->180M(4096M) 0.184ms
[2020-07-12T01:26:04.471+0000][10164][gc,ergo      ] GC(6) Free: 3713M (1858 regions), Max regular: 2048K, Max humongous: 3422M, External frag: 8%, Internal frag: 0%
[2020-07-12T01:26:04.471+0000][10164][gc,ergo      ] GC(6) Evacuation Reserve: 202M (101 regions), Max regular: 2048K
[2020-07-12T01:26:04.471+0000][10164][gc,start     ] GC(6) Concurrent evacuation
[2020-07-12T01:26:04.471+0000][10164][gc,task      ] GC(6) Using 2 of 4 workers for concurrent evacuation
[2020-07-12T01:26:04.473+0000][10164][gc           ] GC(6) Concurrent evacuation 180M->184M(4096M) 2.128ms
[2020-07-12T01:26:04.474+0000][10164][gc,start     ] GC(6) Pause Init Update Refs
[2020-07-12T01:26:04.474+0000][10164][gc,ergo      ] GC(6) Pacer for Update Refs. Used: 184M, Free: 3713M, Non-Taxable: 371M, Alloc Tax Rate: 1.1x
[2020-07-12T01:26:04.474+0000][10164][gc           ] GC(6) Pause Init Update Refs 0.054ms
[2020-07-12T01:26:04.474+0000][10164][safepoint    ] Safepoint "ShenandoahInitUpdateRefs", Time since last: 22584212 ns, Reaching safepoint: 1042680 ns, At safepoint: 85301 ns, Total: 1127981 ns
[2020-07-12T01:26:04.474+0000][10164][gc,start     ] GC(6) Concurrent update references
[2020-07-12T01:26:04.474+0000][10164][gc,task      ] GC(6) Using 2 of 4 workers for concurrent reference update
[2020-07-12T01:26:04.485+0000][10164][gc           ] GC(6) Concurrent update references 184M->198M(4096M) 11.437ms
[2020-07-12T01:26:04.487+0000][10164][gc,start     ] GC(6) Pause Final Update Refs
[2020-07-12T01:26:04.487+0000][10164][gc,task      ] GC(6) Using 4 of 4 workers for final reference update
[2020-07-12T01:26:04.487+0000][10164][gc           ] GC(6) Pause Final Update Refs 0.180ms
[2020-07-12T01:26:04.487+0000][10164][safepoint    ] Safepoint "ShenandoahFinalUpdateRefs", Time since last: 11502847 ns, Reaching safepoint: 1157879 ns, At safepoint: 202010 ns, Total: 1359889 ns
[2020-07-12T01:26:04.487+0000][10164][gc,start     ] GC(6) Concurrent cleanup
[2020-07-12T01:26:04.487+0000][10164][gc           ] GC(6) Concurrent cleanup 198M->64M(4096M) 0.105ms
[2020-07-12T01:26:04.487+0000][10164][gc,ergo      ] Free: 3825M (1916 regions), Max regular: 2048K, Max humongous: 3460M, External frag: 10%, Internal frag: 0%
[2020-07-12T01:26:04.487+0000][10164][gc,ergo      ] Evacuation Reserve: 206M (103 regions), Max regular: 2048K
[2020-07-12T01:26:04.487+0000][10164][gc,ergo      ] Pacer for Idle. Initial: 83886K, Alloc Tax Rate: 1.0x
[2020-07-12T01:26:05.487+0000][10164][safepoint    ] Safepoint "Cleanup", Time since last: 1000203316 ns, Reaching safepoint: 76813 ns, At safepoint: 1699 ns, Total: 78512 ns
[2020-07-12T01:26:07.290+0000][10164][safepoint    ] Safepoint "Cleanup", Time since last: 1801296863 ns, Reaching safepoint: 1124713 ns, At safepoint: 15563 ns, Total: 1140276 ns
[2020-07-12T01:26:08.290+0000][10164][safepoint    ] Safepoint "Cleanup", Time since last: 1000100529 ns, Reaching safepoint: 53545 ns, At safepoint: 4641 ns, Total: 58186 ns
[2020-07-12T01:26:09.290+0000][10164][safepoint    ] Safepoint "Cleanup", Time since last: 1000277121 ns, Reaching safepoint: 55090 ns, At safepoint: 4730 ns, Total: 59820 ns
[2020-07-12T01:26:09.342+0000][10164][gc           ] Trigger: Allocated since last cycle (410M) is larger than allocation threshold (409M)
[2020-07-12T01:26:09.342+0000][10164][gc,ergo      ] Free: 3459M (1732 regions), Max regular: 2048K, Max humongous: 3458M, External frag: 1%, Internal frag: 0%
[2020-07-12T01:26:09.342+0000][10164][gc,ergo      ] Evacuation Reserve: 206M (103 regions), Max regular: 2048K
[2020-07-12T01:26:09.342+0000][10164][gc,start     ] GC(7) Concurrent reset
[2020-07-12T01:26:09.342+0000][10164][gc,task      ] GC(7) Using 2 of 4 workers for concurrent reset
[2020-07-12T01:26:09.343+0000][10164][gc           ] GC(7) Concurrent reset 430M->430M(4096M) 0.292ms
[2020-07-12T01:26:09.343+0000][10164][gc,start     ] GC(7) Pause Init Mark (unload classes)
[2020-07-12T01:26:09.343+0000][10164][gc,task      ] GC(7) Using 4 of 4 workers for init marking
[2020-07-12T01:26:09.343+0000][10164][gc,ergo      ] GC(7) Pacer for Mark. Expected Live: 19525K, Free: 3459M, Non-Taxable: 345M, Alloc Tax Rate: 0.0x
[2020-07-12T01:26:09.343+0000][10164][gc           ] GC(7) Pause Init Mark (unload classes) 0.491ms
[2020-07-12T01:26:09.343+0000][10164][safepoint    ] Safepoint "ShenandoahInitMark", Time since last: 52520958 ns, Reaching safepoint: 57420 ns, At safepoint: 510074 ns, Total: 567494 ns
[2020-07-12T01:26:09.343+0000][10164][gc,start     ] GC(7) Concurrent marking (unload classes)
[2020-07-12T01:26:09.343+0000][10164][gc,task      ] GC(7) Using 2 of 4 workers for concurrent marking
[2020-07-12T01:26:09.351+0000][10164][gc           ] GC(7) Concurrent marking (unload classes) 430M->444M(4096M) 8.279ms
[2020-07-12T01:26:09.352+0000][10164][gc,start     ] GC(7) Pause Final Mark (unload classes)
[2020-07-12T01:26:09.352+0000][10164][gc,task      ] GC(7) Using 4 of 4 workers for final marking
[2020-07-12T01:26:09.354+0000][10164][gc,ergo      ] GC(7) CSet Selection. Actual Free: 3994M, Max CSet: 2995M
[2020-07-12T01:26:09.354+0000][10164][gc,ergo      ] GC(7) Collectable Garbage: 69696K (16% of total), 1967K CSet, 35 CSet regions
[2020-07-12T01:26:09.354+0000][10164][gc,ergo      ] GC(7) Immediate Garbage: 344M (83% of total), 172 regions
[2020-07-12T01:26:09.354+0000][10164][gc,ergo      ] GC(7) Pacer for Evacuation. Used CSet: 71664K, Free: 3788M, Non-Taxable: 378M, Alloc Tax Rate: 1.1x
[2020-07-12T01:26:09.354+0000][10164][gc           ] GC(7) Pause Final Mark (unload classes) 2.005ms
[2020-07-12T01:26:09.354+0000][10164][safepoint    ] Safepoint "ShenandoahFinalMarkStartEvac", Time since last: 8348611 ns, Reaching safepoint: 400058 ns, At safepoint: 2026964 ns, Total: 2427022 ns
[2020-07-12T01:26:09.354+0000][10164][gc,start     ] GC(7) Concurrent roots processing
[2020-07-12T01:26:09.354+0000][10164][gc,task      ] GC(7) Using 2 of 4 workers for concurrent root processing
[2020-07-12T01:26:09.367+0000][10164][gc           ] GC(7) Concurrent roots processing 448M->456M(4096M) 13.089ms
[2020-07-12T01:26:09.367+0000][10164][gc,start     ] GC(7) Concurrent cleanup
[2020-07-12T01:26:09.367+0000][10164][gc           ] GC(7) Concurrent cleanup 456M->112M(4096M) 0.256ms
[2020-07-12T01:26:09.367+0000][10164][gc,ergo      ] GC(7) Free: 3778M (1890 regions), Max regular: 2048K, Max humongous: 3432M, External frag: 10%, Internal frag: 0%
[2020-07-12T01:26:09.367+0000][10164][gc,ergo      ] GC(7) Evacuation Reserve: 204M (103 regions), Max regular: 2048K
[2020-07-12T01:26:09.367+0000][10164][gc,start     ] GC(7) Concurrent evacuation
[2020-07-12T01:26:09.367+0000][10164][gc,task      ] GC(7) Using 2 of 4 workers for concurrent evacuation
[2020-07-12T01:26:09.368+0000][10164][gc           ] GC(7) Concurrent evacuation 112M->116M(4096M) 0.651ms
[2020-07-12T01:26:09.369+0000][10164][gc,start     ] GC(7) Pause Init Update Refs
[2020-07-12T01:26:09.369+0000][10164][gc,ergo      ] GC(7) Pacer for Update Refs. Used: 116M, Free: 3776M, Non-Taxable: 377M, Alloc Tax Rate: 1.1x
[2020-07-12T01:26:09.369+0000][10164][gc           ] GC(7) Pause Init Update Refs 0.058ms
[2020-07-12T01:26:09.369+0000][10164][safepoint    ] Safepoint "ShenandoahInitUpdateRefs", Time since last: 14187423 ns, Reaching safepoint: 937370 ns, At safepoint: 79504 ns, Total: 1016874 ns
[2020-07-12T01:26:09.369+0000][10164][gc,start     ] GC(7) Concurrent update references
[2020-07-12T01:26:09.369+0000][10164][gc,task      ] GC(7) Using 2 of 4 workers for concurrent reference update
[2020-07-12T01:26:09.379+0000][10164][gc           ] GC(7) Concurrent update references 116M->138M(4096M) 9.284ms
[2020-07-12T01:26:09.379+0000][10164][gc,start     ] GC(7) Pause Final Update Refs
[2020-07-12T01:26:09.379+0000][10164][gc,task      ] GC(7) Using 4 of 4 workers for final reference update
[2020-07-12T01:26:09.379+0000][10164][gc           ] GC(7) Pause Final Update Refs 0.221ms
[2020-07-12T01:26:09.380+0000][10164][safepoint    ] Safepoint "ShenandoahFinalUpdateRefs", Time since last: 9389431 ns, Reaching safepoint: 716543 ns, At safepoint: 241428 ns, Total: 957971 ns
[2020-07-12T01:26:09.380+0000][10164][gc,start     ] GC(7) Concurrent cleanup
[2020-07-12T01:26:09.380+0000][10164][gc           ] GC(7) Concurrent cleanup 138M->68M(4096M) 0.098ms
[2020-07-12T01:26:09.380+0000][10164][gc,ergo      ] Free: 3821M (1913 regions), Max regular: 2048K, Max humongous: 3432M, External frag: 11%, Internal frag: 0%
[2020-07-12T01:26:09.380+0000][10164][gc,ergo      ] Evacuation Reserve: 206M (103 regions), Max regular: 2048K
[2020-07-12T01:26:09.380+0000][10164][gc,ergo      ] Pacer for Idle. Initial: 83886K, Alloc Tax Rate: 1.0x
[2020-07-12T01:26:10.380+0000][10164][safepoint    ] Safepoint "Cleanup", Time since last: 1000151452 ns, Reaching safepoint: 74320 ns, At safepoint: 4967 ns, Total: 79287 ns
[2020-07-12T01:26:11.380+0000][10164][safepoint    ] Safepoint "Cleanup", Time since last: 1000249222 ns, Reaching safepoint: 214113 ns, At safepoint: 6442 ns, Total: 220555 ns
[2020-07-12T01:26:12.381+0000][10164][safepoint    ] Safepoint "Cleanup", Time since last: 1000121238 ns, Reaching safepoint: 190893 ns, At safepoint: 6747 ns, Total: 197640 ns
[2020-07-12T01:26:13.381+0000][10164][safepoint    ] Safepoint "Cleanup", Time since last: 1000080961 ns, Reaching safepoint: 68234 ns, At safepoint: 6003 ns, Total: 74237 ns
[2020-07-12T01:26:13.529+0000][10164][gc           ] Trigger: Allocated since last cycle (410M) is larger than allocation threshold (409M)
[2020-07-12T01:26:13.529+0000][10164][gc,ergo      ] Free: 3459M (1731 regions), Max regular: 2048K, Max humongous: 3432M, External frag: 1%, Internal frag: 0%
[2020-07-12T01:26:13.529+0000][10164][gc,ergo      ] Evacuation Reserve: 206M (103 regions), Max regular: 2048K
[2020-07-12T01:26:13.529+0000][10164][gc,start     ] GC(8) Concurrent reset
[2020-07-12T01:26:13.529+0000][10164][gc,task      ] GC(8) Using 2 of 4 workers for concurrent reset
[2020-07-12T01:26:13.530+0000][10164][gc           ] GC(8) Concurrent reset 430M->430M(4096M) 0.277ms
[2020-07-12T01:26:13.530+0000][10164][gc,start     ] GC(8) Pause Init Mark (unload classes)
[2020-07-12T01:26:13.530+0000][10164][gc,task      ] GC(8) Using 4 of 4 workers for init marking
[2020-07-12T01:26:13.530+0000][10164][gc,ergo      ] GC(8) Pacer for Mark. Expected Live: 19523K, Free: 3459M, Non-Taxable: 345M, Alloc Tax Rate: 0.0x
[2020-07-12T01:26:13.530+0000][10164][gc           ] GC(8) Pause Init Mark (unload classes) 0.463ms
[2020-07-12T01:26:13.530+0000][10164][safepoint    ] Safepoint "ShenandoahInitMark", Time since last: 148995118 ns, Reaching safepoint: 152552 ns, At safepoint: 481305 ns, Total: 633857 ns
[2020-07-12T01:26:13.530+0000][10164][gc,start     ] GC(8) Concurrent marking (unload classes)
[2020-07-12T01:26:13.530+0000][10164][gc,task      ] GC(8) Using 2 of 4 workers for concurrent marking
[2020-07-12T01:26:13.538+0000][10164][gc           ] GC(8) Concurrent marking (unload classes) 432M->434M(4096M) 7.910ms
[2020-07-12T01:26:13.541+0000][10164][gc,start     ] GC(8) Pause Final Mark (unload classes)
[2020-07-12T01:26:13.541+0000][10164][gc,task      ] GC(8) Using 4 of 4 workers for final marking
[2020-07-12T01:26:13.544+0000][10164][gc,ergo      ] GC(8) CSet Selection. Actual Free: 4018M, Max CSet: 3013M
[2020-07-12T01:26:13.544+0000][10164][gc,ergo      ] GC(8) Collectable Garbage: 54889K (13% of total), 1954K CSet, 28 CSet regions
[2020-07-12T01:26:13.544+0000][10164][gc,ergo      ] GC(8) Immediate Garbage: 358M (86% of total), 179 regions
[2020-07-12T01:26:13.546+0000][10164][gc,ergo      ] GC(8) Pacer for Evacuation. Used CSet: 56844K, Free: 3812M, Non-Taxable: 381M, Alloc Tax Rate: 1.1x
[2020-07-12T01:26:13.546+0000][10164][gc           ] GC(8) Pause Final Mark (unload classes) 4.329ms
[2020-07-12T01:26:13.546+0000][10164][safepoint    ] Safepoint "ShenandoahFinalMarkStartEvac", Time since last: 7981674 ns, Reaching safepoint: 2996022 ns, At safepoint: 4407676 ns, Total: 7403698 ns
[2020-07-12T01:26:13.546+0000][10164][gc,start     ] GC(8) Concurrent roots processing
[2020-07-12T01:26:13.546+0000][10164][gc,task      ] GC(8) Using 2 of 4 workers for concurrent root processing
[2020-07-12T01:26:13.566+0000][10164][gc           ] GC(8) Concurrent roots processing 435M->456M(4096M) 20.259ms
[2020-07-12T01:26:13.566+0000][10164][gc,start     ] GC(8) Concurrent cleanup
[2020-07-12T01:26:13.566+0000][10164][gc           ] GC(8) Concurrent cleanup 456M->98M(4096M) 0.259ms
[2020-07-12T01:26:13.566+0000][10164][gc,ergo      ] GC(8) Free: 3793M (1898 regions), Max regular: 2048K, Max humongous: 3438M, External frag: 10%, Internal frag: 0%
[2020-07-12T01:26:13.566+0000][10164][gc,ergo      ] GC(8) Evacuation Reserve: 204M (103 regions), Max regular: 2048K
[2020-07-12T01:26:13.567+0000][10164][gc,start     ] GC(8) Concurrent evacuation
[2020-07-12T01:26:13.567+0000][10164][gc,task      ] GC(8) Using 2 of 4 workers for concurrent evacuation
[2020-07-12T01:26:13.568+0000][10164][gc           ] GC(8) Concurrent evacuation 98M->98M(4096M) 1.019ms
[2020-07-12T01:26:13.569+0000][10164][gc,start     ] GC(8) Pause Init Update Refs
[2020-07-12T01:26:13.569+0000][10164][gc,ergo      ] GC(8) Pacer for Update Refs. Used: 101323K, Free: 3793M, Non-Taxable: 379M, Alloc Tax Rate: 1.1x
[2020-07-12T01:26:13.569+0000][10164][gc           ] GC(8) Pause Init Update Refs 0.063ms
[2020-07-12T01:26:13.569+0000][10164][safepoint    ] Safepoint "ShenandoahInitUpdateRefs", Time since last: 21876665 ns, Reaching safepoint: 1069873 ns, At safepoint: 91043 ns, Total: 1160916 ns
[2020-07-12T01:26:13.569+0000][10164][gc,start     ] GC(8) Concurrent update references
[2020-07-12T01:26:13.569+0000][10164][gc,task      ] GC(8) Using 2 of 4 workers for concurrent reference update
[2020-07-12T01:26:13.578+0000][10164][gc           ] GC(8) Concurrent update references 100M->120M(4096M) 9.256ms
[2020-07-12T01:26:13.579+0000][10164][gc,start     ] GC(8) Pause Final Update Refs
[2020-07-12T01:26:13.579+0000][10164][gc,task      ] GC(8) Using 4 of 4 workers for final reference update
[2020-07-12T01:26:13.579+0000][10164][gc           ] GC(8) Pause Final Update Refs 0.191ms
[2020-07-12T01:26:13.579+0000][10164][safepoint    ] Safepoint "ShenandoahFinalUpdateRefs", Time since last: 9394964 ns, Reaching safepoint: 980880 ns, At safepoint: 216946 ns, Total: 1197826 ns
[2020-07-12T01:26:13.579+0000][10164][gc,start     ] GC(8) Concurrent cleanup
[2020-07-12T01:26:13.580+0000][10164][gc           ] GC(8) Concurrent cleanup 120M->65M(4096M) 0.154ms
[2020-07-12T01:26:13.580+0000][10164][gc,ergo      ] Free: 3824M (1915 regions), Max regular: 2048K, Max humongous: 3458M, External frag: 10%, Internal frag: 0%
[2020-07-12T01:26:13.580+0000][10164][gc,ergo      ] Evacuation Reserve: 206M (103 regions), Max regular: 2048K
[2020-07-12T01:26:13.580+0000][10164][gc,ergo      ] Pacer for Idle. Initial: 83886K, Alloc Tax Rate: 1.0x
[2020-07-12T01:26:14.580+0000][10164][safepoint    ] Safepoint "Cleanup", Time since last: 1000087873 ns, Reaching safepoint: 81102 ns, At safepoint: 8852 ns, Total: 89954 ns
[2020-07-12T01:26:15.581+0000][10164][safepoint    ] Safepoint "Cleanup", Time since last: 1001269328 ns, Reaching safepoint: 68765 ns, At safepoint: 1506 ns, Total: 70271 ns
[2020-07-12T01:26:16.582+0000][10164][safepoint    ] Safepoint "Cleanup", Time since last: 1000677500 ns, Reaching safepoint: 736344 ns, At safepoint: 7534 ns, Total: 743878 ns
[2020-07-12T01:26:17.586+0000][10164][safepoint    ] Safepoint "Cleanup", Time since last: 1004096772 ns, Reaching safepoint: 70989 ns, At safepoint: 1410 ns, Total: 72399 ns
[2020-07-12T01:26:18.494+0000][10164][gc           ] Trigger: Allocated since last cycle (409M) is larger than allocation threshold (409M)
[2020-07-12T01:26:18.495+0000][10164][gc,ergo      ] Free: 3460M (1733 regions), Max regular: 2048K, Max humongous: 3458M, External frag: 1%, Internal frag: 0%
[2020-07-12T01:26:18.495+0000][10164][gc,ergo      ] Evacuation Reserve: 206M (103 regions), Max regular: 2048K
[2020-07-12T01:26:18.495+0000][10164][gc,start     ] GC(9) Concurrent reset
[2020-07-12T01:26:18.495+0000][10164][gc,task      ] GC(9) Using 2 of 4 workers for concurrent reset
[2020-07-12T01:26:18.495+0000][10164][gc           ] GC(9) Concurrent reset 429M->429M(4096M) 0.231ms
[2020-07-12T01:26:18.495+0000][10164][gc,start     ] GC(9) Pause Init Mark (unload classes)
[2020-07-12T01:26:18.495+0000][10164][gc,task      ] GC(9) Using 4 of 4 workers for init marking
[2020-07-12T01:26:18.495+0000][10164][gc,ergo      ] GC(9) Pacer for Mark. Expected Live: 19095K, Free: 3460M, Non-Taxable: 346M, Alloc Tax Rate: 0.0x
[2020-07-12T01:26:18.495+0000][10164][gc           ] GC(9) Pause Init Mark (unload classes) 0.402ms
[2020-07-12T01:26:18.495+0000][10164][safepoint    ] Safepoint "ShenandoahInitMark", Time since last: 908439740 ns, Reaching safepoint: 65499 ns, At safepoint: 414149 ns, Total: 479648 ns
[2020-07-12T01:26:18.495+0000][10164][gc,start     ] GC(9) Concurrent marking (unload classes)
[2020-07-12T01:26:18.495+0000][10164][gc,task      ] GC(9) Using 2 of 4 workers for concurrent marking
[2020-07-12T01:26:18.504+0000][10164][gc           ] GC(9) Concurrent marking (unload classes) 429M->443M(4096M) 8.410ms
[2020-07-12T01:26:18.504+0000][10164][gc,start     ] GC(9) Pause Final Mark (unload classes)
[2020-07-12T01:26:18.504+0000][10164][gc,task      ] GC(9) Using 4 of 4 workers for final marking
[2020-07-12T01:26:18.504+0000][10164][gc,ergo      ] GC(9) CSet Selection. Actual Free: 4008M, Max CSet: 3006M
[2020-07-12T01:26:18.504+0000][10164][gc,ergo      ] GC(9) Collectable Garbage: 53733K (12% of total), 1562K CSet, 27 CSet regions
[2020-07-12T01:26:18.504+0000][10164][gc,ergo      ] GC(9) Immediate Garbage: 358M (87% of total), 179 regions
[2020-07-12T01:26:18.505+0000][10164][gc,ergo      ] GC(9) Pacer for Evacuation. Used CSet: 55296K, Free: 3804M, Non-Taxable: 380M, Alloc Tax Rate: 1.1x
[2020-07-12T01:26:18.505+0000][10164][gc           ] GC(9) Pause Final Mark (unload classes) 0.808ms
[2020-07-12T01:26:18.505+0000][10164][safepoint    ] Safepoint "ShenandoahFinalMarkStartEvac", Time since last: 8482134 ns, Reaching safepoint: 55215 ns, At safepoint: 825380 ns, Total: 880595 ns
[2020-07-12T01:26:18.505+0000][10164][gc,start     ] GC(9) Concurrent roots processing
[2020-07-12T01:26:18.505+0000][10164][gc,task      ] GC(9) Using 2 of 4 workers for concurrent root processing
[2020-07-12T01:26:18.515+0000][10164][gc           ] GC(9) Concurrent roots processing 444M->461M(4096M) 9.953ms
[2020-07-12T01:26:18.515+0000][10164][gc,start     ] GC(9) Concurrent cleanup
[2020-07-12T01:26:18.515+0000][10164][gc           ] GC(9) Concurrent cleanup 461M->105M(4096M) 0.222ms
[2020-07-12T01:26:18.515+0000][10164][gc,ergo      ] GC(9) Free: 3786M (1896 regions), Max regular: 2048K, Max humongous: 3428M, External frag: 10%, Internal frag: 0%
[2020-07-12T01:26:18.515+0000][10164][gc,ergo      ] GC(9) Evacuation Reserve: 204M (103 regions), Max regular: 2048K
[2020-07-12T01:26:18.515+0000][10164][gc,start     ] GC(9) Concurrent evacuation
[2020-07-12T01:26:18.515+0000][10164][gc,task      ] GC(9) Using 2 of 4 workers for concurrent evacuation
[2020-07-12T01:26:18.515+0000][10164][gc           ] GC(9) Concurrent evacuation 105M->105M(4096M) 0.441ms
[2020-07-12T01:26:18.516+0000][10164][gc,start     ] GC(9) Pause Init Update Refs
[2020-07-12T01:26:18.516+0000][10164][gc,ergo      ] GC(9) Pacer for Update Refs. Used: 105M, Free: 3786M, Non-Taxable: 378M, Alloc Tax Rate: 1.1x
[2020-07-12T01:26:18.516+0000][10164][gc           ] GC(9) Pause Init Update Refs 0.041ms
[2020-07-12T01:26:18.516+0000][10164][safepoint    ] Safepoint "ShenandoahInitUpdateRefs", Time since last: 10793934 ns, Reaching safepoint: 806885 ns, At safepoint: 58303 ns, Total: 865188 ns
[2020-07-12T01:26:18.516+0000][10164][gc,start     ] GC(9) Concurrent update references
[2020-07-12T01:26:18.516+0000][10164][gc,task      ] GC(9) Using 2 of 4 workers for concurrent reference update
[2020-07-12T01:26:18.524+0000][10164][gc           ] GC(9) Concurrent update references 105M->123M(4096M) 7.524ms
[2020-07-12T01:26:18.525+0000][10164][gc,start     ] GC(9) Pause Final Update Refs
[2020-07-12T01:26:18.525+0000][10164][gc,task      ] GC(9) Using 4 of 4 workers for final reference update
[2020-07-12T01:26:18.525+0000][10164][gc           ] GC(9) Pause Final Update Refs 0.173ms
[2020-07-12T01:26:18.525+0000][10164][safepoint    ] Safepoint "ShenandoahFinalUpdateRefs", Time since last: 7664562 ns, Reaching safepoint: 999137 ns, At safepoint: 197772 ns, Total: 1196909 ns
[2020-07-12T01:26:18.525+0000][10164][gc,start     ] GC(9) Concurrent cleanup
[2020-07-12T01:26:18.525+0000][10164][gc           ] GC(9) Concurrent cleanup 123M->69M(4096M) 0.125ms
[2020-07-12T01:26:18.525+0000][10164][gc,ergo      ] Free: 3820M (1914 regions), Max regular: 2048K, Max humongous: 3426M, External frag: 11%, Internal frag: 0%
[2020-07-12T01:26:18.525+0000][10164][gc,ergo      ] Evacuation Reserve: 206M (103 regions), Max regular: 2048K
[2020-07-12T01:26:18.525+0000][10164][gc,ergo      ] Pacer for Idle. Initial: 83886K, Alloc Tax Rate: 1.0x
[2020-07-12T01:26:19.526+0000][10164][safepoint    ] Safepoint "Cleanup", Time since last: 1000056870 ns, Reaching safepoint: 239764 ns, At safepoint: 6883 ns, Total: 246647 ns
[2020-07-12T01:26:20.526+0000][10164][safepoint    ] Safepoint "Cleanup", Time since last: 1000115251 ns, Reaching safepoint: 80067 ns, At safepoint: 4924 ns, Total: 84991 ns
[2020-07-12T01:26:21.528+0000][10164][safepoint    ] Safepoint "Cleanup", Time since last: 1000126337 ns, Reaching safepoint: 2294156 ns, At safepoint: 4883 ns, Total: 2299039 ns
[2020-07-12T01:26:22.529+0000][10164][safepoint    ] Safepoint "Cleanup", Time since last: 1000595960 ns, Reaching safepoint: 92259 ns, At safepoint: 1660 ns, Total: 93919 ns
[2020-07-12T01:26:23.370+0000][10164][gc           ] Trigger: Allocated since last cycle (410M) is larger than allocation threshold (409M)
[2020-07-12T01:26:23.370+0000][10164][gc,ergo      ] Free: 3460M (1734 regions), Max regular: 2048K, Max humongous: 3426M, External frag: 1%, Internal frag: 0%
[2020-07-12T01:26:23.370+0000][10164][gc,ergo      ] Evacuation Reserve: 206M (103 regions), Max regular: 2048K
[2020-07-12T01:26:23.370+0000][10164][gc,start     ] GC(10) Concurrent reset
[2020-07-12T01:26:23.370+0000][10164][gc,task      ] GC(10) Using 2 of 4 workers for concurrent reset
[2020-07-12T01:26:23.370+0000][10164][gc           ] GC(10) Concurrent reset 429M->429M(4096M) 0.314ms
[2020-07-12T01:26:23.372+0000][10164][gc,start     ] GC(10) Pause Init Mark (process weakrefs) (unload classes)
[2020-07-12T01:26:23.372+0000][10164][gc,task      ] GC(10) Using 4 of 4 workers for init marking
[2020-07-12T01:26:23.373+0000][10164][gc,ergo      ] GC(10) Pacer for Mark. Expected Live: 18667K, Free: 3460M, Non-Taxable: 346M, Alloc Tax Rate: 0.0x
[2020-07-12T01:26:23.373+0000][10164][gc           ] GC(10) Pause Init Mark (process weakrefs) (unload classes) 0.408ms
[2020-07-12T01:26:23.373+0000][10164][safepoint    ] Safepoint "ShenandoahInitMark", Time since last: 841311688 ns, Reaching safepoint: 2241151 ns, At safepoint: 423869 ns, Total: 2665020 ns
[2020-07-12T01:26:23.373+0000][10164][gc,start     ] GC(10) Concurrent marking (process weakrefs) (unload classes)
[2020-07-12T01:26:23.373+0000][10164][gc,task      ] GC(10) Using 2 of 4 workers for concurrent marking
[2020-07-12T01:26:23.382+0000][10164][gc           ] GC(10) Concurrent marking (process weakrefs) (unload classes) 429M->447M(4096M) 9.564ms
[2020-07-12T01:26:23.382+0000][10164][gc,start     ] GC(10) Concurrent precleaning
[2020-07-12T01:26:23.382+0000][10164][gc,task      ] GC(10) Using 1 of 4 workers for concurrent preclean
[2020-07-12T01:26:23.383+0000][10164][gc           ] GC(10) Concurrent precleaning 447M->447M(4096M) 0.418ms
[2020-07-12T01:26:23.383+0000][10164][gc,start     ] GC(10) Pause Final Mark (process weakrefs) (unload classes)
[2020-07-12T01:26:23.383+0000][10164][gc,task      ] GC(10) Using 4 of 4 workers for final marking
[2020-07-12T01:26:23.384+0000][10164][gc,ergo      ] GC(10) CSet Selection. Actual Free: 3999M, Max CSet: 2999M
[2020-07-12T01:26:23.384+0000][10164][gc,ergo      ] GC(10) Collectable Garbage: 56391K (13% of total), 3365K CSet, 30 CSet regions
[2020-07-12T01:26:23.384+0000][10164][gc,ergo      ] GC(10) Immediate Garbage: 355M (86% of total), 178 regions
[2020-07-12T01:26:23.384+0000][10164][gc,ergo      ] GC(10) Pacer for Evacuation. Used CSet: 59756K, Free: 3796M, Non-Taxable: 379M, Alloc Tax Rate: 1.1x
[2020-07-12T01:26:23.384+0000][10164][gc           ] GC(10) Pause Final Mark (process weakrefs) (unload classes) 0.994ms
[2020-07-12T01:26:23.384+0000][10164][safepoint    ] Safepoint "ShenandoahFinalMarkStartEvac", Time since last: 10094717 ns, Reaching safepoint: 71921 ns, At safepoint: 1010139 ns, Total: 1082060 ns
[2020-07-12T01:26:23.384+0000][10164][gc,start     ] GC(10) Concurrent roots processing
[2020-07-12T01:26:23.384+0000][10164][gc,task      ] GC(10) Using 2 of 4 workers for concurrent root processing
[2020-07-12T01:26:23.394+0000][10164][gc           ] GC(10) Concurrent roots processing 448M->466M(4096M) 10.124ms
[2020-07-12T01:26:23.394+0000][10164][gc,start     ] GC(10) Concurrent cleanup
[2020-07-12T01:26:23.394+0000][10164][gc           ] GC(10) Concurrent cleanup 466M->110M(4096M) 0.150ms
[2020-07-12T01:26:23.394+0000][10164][gc,ergo      ] GC(10) Free: 3780M (1892 regions), Max regular: 2048K, Max humongous: 3422M, External frag: 10%, Internal frag: 0%
[2020-07-12T01:26:23.394+0000][10164][gc,ergo      ] GC(10) Evacuation Reserve: 203M (102 regions), Max regular: 2048K
[2020-07-12T01:26:23.394+0000][10164][gc,start     ] GC(10) Concurrent evacuation
[2020-07-12T01:26:23.394+0000][10164][gc,task      ] GC(10) Using 2 of 4 workers for concurrent evacuation
[2020-07-12T01:26:23.396+0000][10164][gc           ] GC(10) Concurrent evacuation 110M->111M(4096M) 1.512ms
[2020-07-12T01:26:23.397+0000][10164][gc,start     ] GC(10) Pause Init Update Refs
[2020-07-12T01:26:23.397+0000][10164][gc,ergo      ] GC(10) Pacer for Update Refs. Used: 111M, Free: 3780M, Non-Taxable: 378M, Alloc Tax Rate: 1.1x
[2020-07-12T01:26:23.397+0000][10164][gc           ] GC(10) Pause Init Update Refs 0.056ms
[2020-07-12T01:26:23.397+0000][10164][safepoint    ] Safepoint "ShenandoahInitUpdateRefs", Time since last: 12017052 ns, Reaching safepoint: 852253 ns, At safepoint: 71271 ns, Total: 923524 ns
[2020-07-12T01:26:23.397+0000][10164][gc,start     ] GC(10) Concurrent update references
[2020-07-12T01:26:23.397+0000][10164][gc,task      ] GC(10) Using 2 of 4 workers for concurrent reference update
[2020-07-12T01:26:23.405+0000][10164][gc           ] GC(10) Concurrent update references 111M->129M(4096M) 8.243ms
[2020-07-12T01:26:23.405+0000][10164][gc,start     ] GC(10) Pause Final Update Refs
[2020-07-12T01:26:23.405+0000][10164][gc,task      ] GC(10) Using 4 of 4 workers for final reference update
[2020-07-12T01:26:23.406+0000][10164][gc           ] GC(10) Pause Final Update Refs 0.160ms
[2020-07-12T01:26:23.406+0000][10164][safepoint    ] Safepoint "ShenandoahFinalUpdateRefs", Time since last: 8343305 ns, Reaching safepoint: 166817 ns, At safepoint: 178877 ns, Total: 345694 ns
[2020-07-12T01:26:23.406+0000][10164][gc,start     ] GC(10) Concurrent cleanup
[2020-07-12T01:26:23.406+0000][10164][gc           ] GC(10) Concurrent cleanup 129M->71M(4096M) 0.101ms
[2020-07-12T01:26:23.406+0000][10164][gc,ergo      ] Free: 3818M (1911 regions), Max regular: 2048K, Max humongous: 3424M, External frag: 11%, Internal frag: 0%
[2020-07-12T01:26:23.406+0000][10164][gc,ergo      ] Evacuation Reserve: 206M (103 regions), Max regular: 2048K
[2020-07-12T01:26:23.406+0000][10164][gc,ergo      ] Pacer for Idle. Initial: 83886K, Alloc Tax Rate: 1.0x
[2020-07-12T01:26:24.406+0000][10164][safepoint    ] Safepoint "Cleanup", Time since last: 1000114517 ns, Reaching safepoint: 61232 ns, At safepoint: 5385 ns, Total: 66617 ns
[2020-07-12T01:26:25.406+0000][10164][safepoint    ] Safepoint "Cleanup", Time since last: 1000167295 ns, Reaching safepoint: 164916 ns, At safepoint: 1440 ns, Total: 166356 ns
[2020-07-12T01:26:26.407+0000][10164][safepoint    ] Safepoint "Cleanup", Time since last: 1000758204 ns, Reaching safepoint: 60978 ns, At safepoint: 1391 ns, Total: 62369 ns
[2020-07-12T01:26:27.408+0000][10164][safepoint    ] Safepoint "Cleanup", Time since last: 1000076307 ns, Reaching safepoint: 728020 ns, At safepoint: 5892 ns, Total: 733912 ns
[2020-07-12T01:26:27.564+0000][10164][gc           ] Trigger: Allocated since last cycle (409M) is larger than allocation threshold (409M)
[2020-07-12T01:26:27.564+0000][10164][gc,ergo      ] Free: 3460M (1733 regions), Max regular: 2048K, Max humongous: 3424M, External frag: 2%, Internal frag: 0%
[2020-07-12T01:26:27.564+0000][10164][gc,ergo      ] Evacuation Reserve: 206M (103 regions), Max regular: 2048K
[2020-07-12T01:26:27.564+0000][10164][gc,start     ] GC(11) Concurrent reset
[2020-07-12T01:26:27.564+0000][10164][gc,task      ] GC(11) Using 2 of 4 workers for concurrent reset
[2020-07-12T01:26:27.564+0000][10164][gc           ] GC(11) Concurrent reset 429M->429M(4096M) 0.331ms
[2020-07-12T01:26:27.565+0000][10164][gc,start     ] GC(11) Pause Init Mark (unload classes)
[2020-07-12T01:26:27.565+0000][10164][gc,task      ] GC(11) Using 4 of 4 workers for init marking
[2020-07-12T01:26:27.565+0000][10164][gc,ergo      ] GC(11) Pacer for Mark. Expected Live: 18628K, Free: 3460M, Non-Taxable: 346M, Alloc Tax Rate: 0.0x
[2020-07-12T01:26:27.565+0000][10164][gc           ] GC(11) Pause Init Mark (unload classes) 0.515ms
[2020-07-12T01:26:27.565+0000][10164][safepoint    ] Safepoint "ShenandoahInitMark", Time since last: 156401946 ns, Reaching safepoint: 627067 ns, At safepoint: 536784 ns, Total: 1163851 ns
[2020-07-12T01:26:27.565+0000][10164][gc,start     ] GC(11) Concurrent marking (unload classes)
[2020-07-12T01:26:27.565+0000][10164][gc,task      ] GC(11) Using 2 of 4 workers for concurrent marking
[2020-07-12T01:26:27.574+0000][10164][gc           ] GC(11) Concurrent marking (unload classes) 429M->443M(4096M) 8.392ms
[2020-07-12T01:26:27.574+0000][10164][gc,start     ] GC(11) Pause Final Mark (unload classes)
[2020-07-12T01:26:27.574+0000][10164][gc,task      ] GC(11) Using 4 of 4 workers for final marking
[2020-07-12T01:26:27.938+0000][10164][gc,ergo      ] GC(11) CSet Selection. Actual Free: 3992M, Max CSet: 2994M
[2020-07-12T01:26:27.938+0000][10164][gc,ergo      ] GC(11) Collectable Garbage: 70264K (16% of total), 3438K CSet, 36 CSet regions
[2020-07-12T01:26:27.938+0000][10164][gc,ergo      ] GC(11) Immediate Garbage: 342M (83% of total), 171 regions
[2020-07-12T01:26:27.939+0000][10164][gc,ergo      ] GC(11) Pacer for Evacuation. Used CSet: 73702K, Free: 3788M, Non-Taxable: 378M, Alloc Tax Rate: 1.1x
[2020-07-12T01:26:27.939+0000][10164][gc           ] GC(11) Pause Final Mark (unload classes) 364.748ms
[2020-07-12T01:26:27.939+0000][10164][safepoint    ] Safepoint "ShenandoahFinalMarkStartEvac", Time since last: 8436312 ns, Reaching safepoint: 162962 ns, At safepoint: 364780065 ns, Total: 364943027 ns
[2020-07-12T01:26:27.939+0000][10164][gc,start     ] GC(11) Concurrent roots processing
[2020-07-12T01:26:27.939+0000][10164][gc,task      ] GC(11) Using 2 of 4 workers for concurrent root processing
[2020-07-12T01:26:27.960+0000][10164][gc           ] GC(11) Concurrent roots processing 444M->464M(4096M) 20.798ms
[2020-07-12T01:26:27.960+0000][10164][gc,start     ] GC(11) Concurrent cleanup
[2020-07-12T01:26:27.960+0000][10164][gc           ] GC(11) Concurrent cleanup 464M->122M(4096M) 0.258ms
[2020-07-12T01:26:27.960+0000][10164][gc,ergo      ] GC(11) Free: 3770M (1887 regions), Max regular: 2048K, Max humongous: 3422M, External frag: 10%, Internal frag: 0%
[2020-07-12T01:26:27.960+0000][10164][gc,ergo      ] GC(11) Evacuation Reserve: 203M (102 regions), Max regular: 2048K
[2020-07-12T01:26:27.960+0000][10164][gc,start     ] GC(11) Concurrent evacuation
[2020-07-12T01:26:27.960+0000][10164][gc,task      ] GC(11) Using 2 of 4 workers for concurrent evacuation
[2020-07-12T01:26:27.961+0000][10164][gc           ] GC(11) Concurrent evacuation 122M->123M(4096M) 1.464ms
[2020-07-12T01:26:27.962+0000][10164][gc,start     ] GC(11) Pause Init Update Refs
[2020-07-12T01:26:27.962+0000][10164][gc,ergo      ] GC(11) Pacer for Update Refs. Used: 123M, Free: 3770M, Non-Taxable: 377M, Alloc Tax Rate: 1.1x
[2020-07-12T01:26:27.962+0000][10164][gc           ] GC(11) Pause Init Update Refs 0.050ms
[2020-07-12T01:26:27.962+0000][10164][safepoint    ] Safepoint "ShenandoahInitUpdateRefs", Time since last: 22649719 ns, Reaching safepoint: 1025739 ns, At safepoint: 62053 ns, Total: 1087792 ns
[2020-07-12T01:26:27.962+0000][10164][gc,start     ] GC(11) Concurrent update references
[2020-07-12T01:26:27.962+0000][10164][gc,task      ] GC(11) Using 2 of 4 workers for concurrent reference update
[2020-07-12T01:26:27.970+0000][10164][gc           ] GC(11) Concurrent update references 123M->125M(4096M) 7.844ms
[2020-07-12T01:26:27.970+0000][10164][gc,start     ] GC(11) Pause Final Update Refs
[2020-07-12T01:26:27.970+0000][10164][gc,task      ] GC(11) Using 4 of 4 workers for final reference update
[2020-07-12T01:26:27.971+0000][10164][gc           ] GC(11) Pause Final Update Refs 0.155ms
[2020-07-12T01:26:27.971+0000][10164][safepoint    ] Safepoint "ShenandoahFinalUpdateRefs", Time since last: 7892833 ns, Reaching safepoint: 63989 ns, At safepoint: 168517 ns, Total: 232506 ns
[2020-07-12T01:26:27.971+0000][10164][gc,start     ] GC(11) Concurrent cleanup
[2020-07-12T01:26:27.971+0000][10164][gc           ] GC(11) Concurrent cleanup 125M->53M(4096M) 0.102ms
[2020-07-12T01:26:27.971+0000][10164][gc,ergo      ] Free: 3836M (1921 regions), Max regular: 2048K, Max humongous: 3430M, External frag: 11%, Internal frag: 0%
[2020-07-12T01:26:27.971+0000][10164][gc,ergo      ] Evacuation Reserve: 206M (103 regions), Max regular: 2048K
[2020-07-12T01:26:27.971+0000][10164][gc,ergo      ] Pacer for Idle. Initial: 83886K, Alloc Tax Rate: 1.0x
[2020-07-12T01:26:28.972+0000][10164][safepoint    ] Safepoint "Cleanup", Time since last: 1000794905 ns, Reaching safepoint: 117659 ns, At safepoint: 1424 ns, Total: 119083 ns
[2020-07-12T01:26:29.972+0000][10164][safepoint    ] Safepoint "Cleanup", Time since last: 1000210817 ns, Reaching safepoint: 232337 ns, At safepoint: 5864 ns, Total: 238201 ns
[2020-07-12T01:26:30.071+0000][10164][safepoint    ] Safepoint "PrintThreads", Time since last: 98086658 ns, Reaching safepoint: 66474 ns, At safepoint: 593719 ns, Total: 660193 ns
[2020-07-12T01:26:30.071+0000][10164][safepoint    ] Safepoint "PrintJNI", Time since last: 112396 ns, Reaching safepoint: 36648 ns, At safepoint: 3274 ns, Total: 39922 ns
[2020-07-12T01:26:30.071+0000][10164][safepoint    ] Safepoint "FindDeadlocks", Time since last: 112896 ns, Reaching safepoint: 33432 ns, At safepoint: 4166 ns, Total: 37598 ns
[2020-07-12T01:26:31.071+0000][10164][safepoint    ] Safepoint "Cleanup", Time since last: 1000323843 ns, Reaching safepoint: 88069 ns, At safepoint: 1620 ns, Total: 89689 ns
[2020-07-12T01:26:32.073+0000][10164][safepoint    ] Safepoint "Cleanup", Time since last: 1001028610 ns, Reaching safepoint: 66239 ns, At safepoint: 19140 ns, Total: 85379 ns
[2020-07-12T01:26:32.465+0000][10164][gc           ] Trigger: Allocated since last cycle (409M) is larger than allocation threshold (409M)
[2020-07-12T01:26:32.465+0000][10164][gc,ergo      ] Free: 3460M (1733 regions), Max regular: 2048K, Max humongous: 3430M, External frag: 1%, Internal frag: 0%
[2020-07-12T01:26:32.465+0000][10164][gc,ergo      ] Evacuation Reserve: 206M (103 regions), Max regular: 2048K
[2020-07-12T01:26:32.465+0000][10164][gc,start     ] GC(12) Concurrent reset
[2020-07-12T01:26:32.465+0000][10164][gc,task      ] GC(12) Using 2 of 4 workers for concurrent reset
[2020-07-12T01:26:32.465+0000][10164][gc           ] GC(12) Concurrent reset 429M->429M(4096M) 0.223ms
[2020-07-12T01:26:32.467+0000][10164][gc,start     ] GC(12) Pause Init Mark (unload classes)
[2020-07-12T01:26:32.467+0000][10164][gc,task      ] GC(12) Using 4 of 4 workers for init marking
[2020-07-12T01:26:32.467+0000][10164][gc,ergo      ] GC(12) Pacer for Mark. Expected Live: 18629K, Free: 3460M, Non-Taxable: 346M, Alloc Tax Rate: 0.0x
[2020-07-12T01:26:32.467+0000][10164][gc           ] GC(12) Pause Init Mark (unload classes) 0.389ms
[2020-07-12T01:26:32.467+0000][10164][safepoint    ] Safepoint "ShenandoahInitMark", Time since last: 392335217 ns, Reaching safepoint: 1950440 ns, At safepoint: 409340 ns, Total: 2359780 ns
[2020-07-12T01:26:32.467+0000][10164][gc,start     ] GC(12) Concurrent marking (unload classes)
[2020-07-12T01:26:32.467+0000][10164][gc,task      ] GC(12) Using 2 of 4 workers for concurrent marking
[2020-07-12T01:26:32.476+0000][10164][gc           ] GC(12) Concurrent marking (unload classes) 429M->447M(4096M) 8.374ms
[2020-07-12T01:26:32.476+0000][10164][gc,start     ] GC(12) Pause Final Mark (unload classes)
[2020-07-12T01:26:32.476+0000][10164][gc,task      ] GC(12) Using 4 of 4 workers for final marking
[2020-07-12T01:26:32.476+0000][10164][gc,ergo      ] GC(12) CSet Selection. Actual Free: 4001M, Max CSet: 3001M
[2020-07-12T01:26:32.476+0000][10164][gc,ergo      ] GC(12) Collectable Garbage: 55768K (13% of total), 1575K CSet, 28 CSet regions
[2020-07-12T01:26:32.476+0000][10164][gc,ergo      ] GC(12) Immediate Garbage: 355M (86% of total), 178 regions
[2020-07-12T01:26:32.477+0000][10164][gc,ergo      ] GC(12) Pacer for Evacuation. Used CSet: 57344K, Free: 3798M, Non-Taxable: 379M, Alloc Tax Rate: 1.1x
[2020-07-12T01:26:32.477+0000][10164][gc           ] GC(12) Pause Final Mark (unload classes) 0.810ms
[2020-07-12T01:26:32.477+0000][10164][safepoint    ] Safepoint "ShenandoahFinalMarkStartEvac", Time since last: 8477243 ns, Reaching safepoint: 173758 ns, At safepoint: 827569 ns, Total: 1001327 ns
[2020-07-12T01:26:32.477+0000][10164][gc,start     ] GC(12) Concurrent roots processing
[2020-07-12T01:26:32.477+0000][10164][gc,task      ] GC(12) Using 2 of 4 workers for concurrent root processing
[2020-07-12T01:26:32.487+0000][10164][gc           ] GC(12) Concurrent roots processing 448M->465M(4096M) 10.642ms
[2020-07-12T01:26:32.487+0000][10164][gc,start     ] GC(12) Concurrent cleanup
[2020-07-12T01:26:32.488+0000][10164][gc           ] GC(12) Concurrent cleanup 465M->109M(4096M) 0.170ms
[2020-07-12T01:26:32.488+0000][10164][gc,ergo      ] GC(12) Free: 3782M (1893 regions), Max regular: 2048K, Max humongous: 3424M, External frag: 10%, Internal frag: 0%
[2020-07-12T01:26:32.488+0000][10164][gc,ergo      ] GC(12) Evacuation Reserve: 204M (103 regions), Max regular: 2048K
[2020-07-12T01:26:32.488+0000][10164][gc,start     ] GC(12) Concurrent evacuation
[2020-07-12T01:26:32.488+0000][10164][gc,task      ] GC(12) Using 2 of 4 workers for concurrent evacuation
[2020-07-12T01:26:32.488+0000][10164][gc           ] GC(12) Concurrent evacuation 109M->109M(4096M) 0.297ms
[2020-07-12T01:26:32.489+0000][10164][gc,start     ] GC(12) Pause Init Update Refs
[2020-07-12T01:26:32.489+0000][10164][gc,ergo      ] GC(12) Pacer for Update Refs. Used: 109M, Free: 3782M, Non-Taxable: 378M, Alloc Tax Rate: 1.1x
[2020-07-12T01:26:32.489+0000][10164][gc           ] GC(12) Pause Init Update Refs 0.049ms
[2020-07-12T01:26:32.489+0000][10164][safepoint    ] Safepoint "ShenandoahInitUpdateRefs", Time since last: 11309193 ns, Reaching safepoint: 1167349 ns, At safepoint: 69102 ns, Total: 1236451 ns
[2020-07-12T01:26:32.489+0000][10164][gc,start     ] GC(12) Concurrent update references
[2020-07-12T01:26:32.489+0000][10164][gc,task      ] GC(12) Using 2 of 4 workers for concurrent reference update
[2020-07-12T01:26:32.499+0000][10164][gc           ] GC(12) Concurrent update references 113M->113M(4096M) 9.612ms
[2020-07-12T01:26:32.499+0000][10164][gc,start     ] GC(12) Pause Final Update Refs
[2020-07-12T01:26:32.499+0000][10164][gc,task      ] GC(12) Using 4 of 4 workers for final reference update
[2020-07-12T01:26:32.499+0000][10164][gc           ] GC(12) Pause Final Update Refs 0.173ms
[2020-07-12T01:26:32.499+0000][10164][safepoint    ] Safepoint "ShenandoahFinalUpdateRefs", Time since last: 9785377 ns, Reaching safepoint: 63072 ns, At safepoint: 192511 ns, Total: 255583 ns
[2020-07-12T01:26:32.499+0000][10164][gc,start     ] GC(12) Concurrent cleanup
[2020-07-12T01:26:32.499+0000][10164][gc           ] GC(12) Concurrent cleanup 115M->59M(4096M) 0.128ms
[2020-07-12T01:26:32.500+0000][10164][gc,ergo      ] Free: 3830M (1919 regions), Max regular: 2048K, Max humongous: 3424M, External frag: 11%, Internal frag: 0%
[2020-07-12T01:26:32.500+0000][10164][gc,ergo      ] Evacuation Reserve: 206M (103 regions), Max regular: 2048K
[2020-07-12T01:26:32.500+0000][10164][gc,ergo      ] Pacer for Idle. Initial: 83886K, Alloc Tax Rate: 1.0x
[2020-07-12T01:26:37.375+0000][10164][gc           ] Trigger: Allocated since last cycle (410M) is larger than allocation threshold (409M)
[2020-07-12T01:26:37.375+0000][10164][gc,ergo      ] Free: 3460M (1734 regions), Max regular: 2048K, Max humongous: 3424M, External frag: 2%, Internal frag: 0%
[2020-07-12T01:26:37.375+0000][10164][gc,ergo      ] Evacuation Reserve: 206M (103 regions), Max regular: 2048K
[2020-07-12T01:26:37.375+0000][10164][gc,start     ] GC(13) Concurrent reset
[2020-07-12T01:26:37.375+0000][10164][gc,task      ] GC(13) Using 2 of 4 workers for concurrent reset
[2020-07-12T01:26:37.376+0000][10164][gc           ] GC(13) Concurrent reset 429M->429M(4096M) 0.331ms
[2020-07-12T01:26:37.376+0000][10164][gc,start     ] GC(13) Pause Init Mark (unload classes)
[2020-07-12T01:26:37.376+0000][10164][gc,task      ] GC(13) Using 4 of 4 workers for init marking
[2020-07-12T01:26:37.376+0000][10164][gc,ergo      ] GC(13) Pacer for Mark. Expected Live: 18629K, Free: 3460M, Non-Taxable: 346M, Alloc Tax Rate: 0.0x
[2020-07-12T01:26:37.376+0000][10164][gc           ] GC(13) Pause Init Mark (unload classes) 0.439ms
[2020-07-12T01:26:37.376+0000][10164][safepoint    ] Safepoint "ShenandoahInitMark", Time since last: 4876247646 ns, Reaching safepoint: 219844 ns, At safepoint: 457686 ns, Total: 677530 ns
[2020-07-12T01:26:37.376+0000][10164][gc,start     ] GC(13) Concurrent marking (unload classes)
[2020-07-12T01:26:37.376+0000][10164][gc,task      ] GC(13) Using 2 of 4 workers for concurrent marking
[2020-07-12T01:26:37.385+0000][10164][gc           ] GC(13) Concurrent marking (unload classes) 429M->443M(4096M) 8.507ms
[2020-07-12T01:26:37.385+0000][10164][gc,start     ] GC(13) Pause Final Mark (unload classes)
[2020-07-12T01:26:37.385+0000][10164][gc,task      ] GC(13) Using 4 of 4 workers for final marking
[2020-07-12T01:26:37.385+0000][10164][gc,ergo      ] GC(13) CSet Selection. Actual Free: 4007M, Max CSet: 3005M
[2020-07-12T01:26:37.386+0000][10164][gc,ergo      ] GC(13) Collectable Garbage: 53601K (12% of total), 1569K CSet, 27 CSet regions
[2020-07-12T01:26:37.386+0000][10164][gc,ergo      ] GC(13) Immediate Garbage: 357M (87% of total), 179 regions
[2020-07-12T01:26:37.386+0000][10164][gc,ergo      ] GC(13) Pacer for Evacuation. Used CSet: 55170K, Free: 3804M, Non-Taxable: 380M, Alloc Tax Rate: 1.1x
[2020-07-12T01:26:37.386+0000][10164][gc           ] GC(13) Pause Final Mark (unload classes) 0.846ms
[2020-07-12T01:26:37.386+0000][10164][safepoint    ] Safepoint "ShenandoahFinalMarkStartEvac", Time since last: 8597056 ns, Reaching safepoint: 272292 ns, At safepoint: 868474 ns, Total: 1140766 ns
[2020-07-12T01:26:37.386+0000][10164][gc,start     ] GC(13) Concurrent roots processing
[2020-07-12T01:26:37.386+0000][10164][gc,task      ] GC(13) Using 2 of 4 workers for concurrent root processing
[2020-07-12T01:26:37.397+0000][10164][gc           ] GC(13) Concurrent roots processing 444M->461M(4096M) 11.310ms
[2020-07-12T01:26:37.397+0000][10164][gc,start     ] GC(13) Concurrent cleanup
[2020-07-12T01:26:37.398+0000][10164][gc           ] GC(13) Concurrent cleanup 461M->103M(4096M) 0.244ms
[2020-07-12T01:26:37.398+0000][10164][gc,ergo      ] GC(13) Free: 3788M (1896 regions), Max regular: 2048K, Max humongous: 3434M, External frag: 10%, Internal frag: 0%
[2020-07-12T01:26:37.398+0000][10164][gc,ergo      ] GC(13) Evacuation Reserve: 204M (103 regions), Max regular: 2048K
[2020-07-12T01:26:37.398+0000][10164][gc,start     ] GC(13) Concurrent evacuation
[2020-07-12T01:26:37.398+0000][10164][gc,task      ] GC(13) Using 2 of 4 workers for concurrent evacuation
[2020-07-12T01:26:37.398+0000][10164][gc           ] GC(13) Concurrent evacuation 103M->103M(4096M) 0.279ms
[2020-07-12T01:26:37.399+0000][10164][gc,start     ] GC(13) Pause Init Update Refs
[2020-07-12T01:26:37.399+0000][10164][gc,ergo      ] GC(13) Pacer for Update Refs. Used: 103M, Free: 3788M, Non-Taxable: 378M, Alloc Tax Rate: 1.1x
[2020-07-12T01:26:37.399+0000][10164][gc           ] GC(13) Pause Init Update Refs 0.051ms
[2020-07-12T01:26:37.399+0000][10164][safepoint    ] Safepoint "ShenandoahInitUpdateRefs", Time since last: 12062700 ns, Reaching safepoint: 924117 ns, At safepoint: 67148 ns, Total: 991265 ns
[2020-07-12T01:26:37.399+0000][10164][gc,start     ] GC(13) Concurrent update references
[2020-07-12T01:26:37.399+0000][10164][gc,task      ] GC(13) Using 2 of 4 workers for concurrent reference update
[2020-07-12T01:26:37.407+0000][10164][gc           ] GC(13) Concurrent update references 105M->117M(4096M) 8.371ms
[2020-07-12T01:26:37.408+0000][10164][gc,start     ] GC(13) Pause Final Update Refs
[2020-07-12T01:26:37.408+0000][10164][gc,task      ] GC(13) Using 4 of 4 workers for final reference update
[2020-07-12T01:26:37.408+0000][10164][gc           ] GC(13) Pause Final Update Refs 0.145ms
[2020-07-12T01:26:37.408+0000][10164][safepoint    ] Safepoint "ShenandoahFinalUpdateRefs", Time since last: 8473235 ns, Reaching safepoint: 66665 ns, At safepoint: 163888 ns, Total: 230553 ns
[2020-07-12T01:26:37.408+0000][10164][gc,start     ] GC(13) Concurrent cleanup
[2020-07-12T01:26:37.408+0000][10164][gc           ] GC(13) Concurrent cleanup 117M->63M(4096M) 0.099ms
[2020-07-12T01:26:37.408+0000][10164][gc,ergo      ] Free: 3826M (1916 regions), Max regular: 2048K, Max humongous: 3434M, External frag: 11%, Internal frag: 0%
[2020-07-12T01:26:37.408+0000][10164][gc,ergo      ] Evacuation Reserve: 206M (103 regions), Max regular: 2048K
[2020-07-12T01:26:37.408+0000][10164][gc,ergo      ] Pacer for Idle. Initial: 83886K, Alloc Tax Rate: 1.0x
[2020-07-12T01:26:39.408+0000][10164][safepoint    ] Safepoint "Cleanup", Time since last: 2000190992 ns, Reaching safepoint: 72269 ns, At safepoint: 4372 ns, Total: 76641 ns
[2020-07-12T01:26:41.409+0000][10164][safepoint    ] Safepoint "Cleanup", Time since last: 2000435075 ns, Reaching safepoint: 84919 ns, At safepoint: 1225 ns, Total: 86144 ns
[2020-07-12T01:26:42.307+0000][10164][gc           ] Trigger: Allocated since last cycle (409M) is larger than allocation threshold (409M)
[2020-07-12T01:26:42.307+0000][10164][gc,ergo      ] Free: 3460M (1734 regions), Max regular: 2048K, Max humongous: 3434M, External frag: 1%, Internal frag: 0%
[2020-07-12T01:26:42.307+0000][10164][gc,ergo      ] Evacuation Reserve: 206M (103 regions), Max regular: 2048K
[2020-07-12T01:26:42.307+0000][10164][gc,start     ] GC(14) Concurrent reset
[2020-07-12T01:26:42.307+0000][10164][gc,task      ] GC(14) Using 2 of 4 workers for concurrent reset
[2020-07-12T01:26:42.307+0000][10164][gc           ] GC(14) Concurrent reset 429M->429M(4096M) 0.240ms
[2020-07-12T01:26:42.308+0000][10164][gc,start     ] GC(14) Pause Init Mark (unload classes)
[2020-07-12T01:26:42.308+0000][10164][gc,task      ] GC(14) Using 4 of 4 workers for init marking
[2020-07-12T01:26:42.309+0000][10164][gc,ergo      ] GC(14) Pacer for Mark. Expected Live: 18629K, Free: 3460M, Non-Taxable: 346M, Alloc Tax Rate: 0.0x
[2020-07-12T01:26:42.309+0000][10164][gc           ] GC(14) Pause Init Mark (unload classes) 0.420ms
[2020-07-12T01:26:42.309+0000][10164][safepoint    ] Safepoint "ShenandoahInitMark", Time since last: 898830368 ns, Reaching safepoint: 1091890 ns, At safepoint: 438784 ns, Total: 1530674 ns
[2020-07-12T01:26:42.309+0000][10164][gc,start     ] GC(14) Concurrent marking (unload classes)
[2020-07-12T01:26:42.309+0000][10164][gc,task      ] GC(14) Using 2 of 4 workers for concurrent marking
[2020-07-12T01:26:42.318+0000][10164][gc           ] GC(14) Concurrent marking (unload classes) 429M->445M(4096M) 9.341ms
[2020-07-12T01:26:42.318+0000][10164][gc,start     ] GC(14) Pause Final Mark (unload classes)
[2020-07-12T01:26:42.318+0000][10164][gc,task      ] GC(14) Using 4 of 4 workers for final marking
[2020-07-12T01:26:42.319+0000][10164][gc,ergo      ] GC(14) CSet Selection. Actual Free: 4007M, Max CSet: 3005M
[2020-07-12T01:26:42.319+0000][10164][gc,ergo      ] GC(14) Collectable Garbage: 51650K (12% of total), 1584K CSet, 26 CSet regions
[2020-07-12T01:26:42.319+0000][10164][gc,ergo      ] GC(14) Immediate Garbage: 359M (87% of total), 180 regions
[2020-07-12T01:26:42.319+0000][10164][gc,ergo      ] GC(14) Pacer for Evacuation. Used CSet: 53234K, Free: 3804M, Non-Taxable: 380M, Alloc Tax Rate: 1.1x
[2020-07-12T01:26:42.319+0000][10164][gc           ] GC(14) Pause Final Mark (unload classes) 0.782ms
[2020-07-12T01:26:42.319+0000][10164][safepoint    ] Safepoint "ShenandoahFinalMarkStartEvac", Time since last: 9537523 ns, Reaching safepoint: 67358 ns, At safepoint: 804386 ns, Total: 871744 ns
[2020-07-12T01:26:42.319+0000][10164][gc,start     ] GC(14) Concurrent roots processing
[2020-07-12T01:26:42.319+0000][10164][gc,task      ] GC(14) Using 2 of 4 workers for concurrent root processing
[2020-07-12T01:26:42.330+0000][10164][gc           ] GC(14) Concurrent roots processing 446M->461M(4096M) 11.009ms
[2020-07-12T01:26:42.330+0000][10164][gc,start     ] GC(14) Concurrent cleanup
[2020-07-12T01:26:42.331+0000][10164][gc           ] GC(14) Concurrent cleanup 461M->101M(4096M) 0.239ms
[2020-07-12T01:26:42.331+0000][10164][gc,ergo      ] GC(14) Free: 3790M (1896 regions), Max regular: 2048K, Max humongous: 3426M, External frag: 10%, Internal frag: 0%
[2020-07-12T01:26:42.331+0000][10164][gc,ergo      ] GC(14) Evacuation Reserve: 204M (103 regions), Max regular: 2048K
[2020-07-12T01:26:42.331+0000][10164][gc,start     ] GC(14) Concurrent evacuation
[2020-07-12T01:26:42.331+0000][10164][gc,task      ] GC(14) Using 2 of 4 workers for concurrent evacuation
[2020-07-12T01:26:42.331+0000][10164][gc           ] GC(14) Concurrent evacuation 101M->101M(4096M) 0.272ms
[2020-07-12T01:26:42.333+0000][10164][gc,start     ] GC(14) Pause Init Update Refs
[2020-07-12T01:26:42.333+0000][10164][gc,ergo      ] GC(14) Pacer for Update Refs. Used: 101M, Free: 3790M, Non-Taxable: 379M, Alloc Tax Rate: 1.1x
[2020-07-12T01:26:42.333+0000][10164][gc           ] GC(14) Pause Init Update Refs 0.058ms
[2020-07-12T01:26:42.333+0000][10164][safepoint    ] Safepoint "ShenandoahInitUpdateRefs", Time since last: 11717755 ns, Reaching safepoint: 1815981 ns, At safepoint: 79826 ns, Total: 1895807 ns
[2020-07-12T01:26:42.333+0000][10164][gc,start     ] GC(14) Concurrent update references
[2020-07-12T01:26:42.333+0000][10164][gc,task      ] GC(14) Using 2 of 4 workers for concurrent reference update
[2020-07-12T01:26:42.340+0000][10164][gc           ] GC(14) Concurrent update references 103M->113M(4096M) 7.515ms
[2020-07-12T01:26:42.341+0000][10164][gc,start     ] GC(14) Pause Final Update Refs
[2020-07-12T01:26:42.341+0000][10164][gc,task      ] GC(14) Using 4 of 4 workers for final reference update
[2020-07-12T01:26:42.341+0000][10164][gc           ] GC(14) Pause Final Update Refs 0.235ms
[2020-07-12T01:26:42.341+0000][10164][safepoint    ] Safepoint "ShenandoahFinalUpdateRefs", Time since last: 7613933 ns, Reaching safepoint: 57638 ns, At safepoint: 257199 ns, Total: 314837 ns
[2020-07-12T01:26:42.341+0000][10164][gc,start     ] GC(14) Concurrent cleanup
[2020-07-12T01:26:42.341+0000][10164][gc           ] GC(14) Concurrent cleanup 113M->61M(4096M) 0.096ms
[2020-07-12T01:26:42.341+0000][10164][gc,ergo      ] Free: 3828M (1915 regions), Max regular: 2048K, Max humongous: 3426M, External frag: 11%, Internal frag: 0%
[2020-07-12T01:26:42.341+0000][10164][gc,ergo      ] Evacuation Reserve: 206M (103 regions), Max regular: 2048K
[2020-07-12T01:26:42.341+0000][10164][gc,ergo      ] Pacer for Idle. Initial: 83886K, Alloc Tax Rate: 1.0x
[2020-07-12T01:26:43.341+0000][10164][safepoint    ] Safepoint "Cleanup", Time since last: 1000136106 ns, Reaching safepoint: 167660 ns, At safepoint: 9275 ns, Total: 176935 ns
[2020-07-12T01:26:45.341+0000][10164][safepoint    ] Safepoint "Cleanup", Time since last: 2000226881 ns, Reaching safepoint: 71579 ns, At safepoint: 7132 ns, Total: 78711 ns
[2020-07-12T01:26:46.342+0000][10164][safepoint    ] Safepoint "Cleanup", Time since last: 1000109650 ns, Reaching safepoint: 67223 ns, At safepoint: 1180 ns, Total: 68403 ns
[2020-07-12T01:26:47.022+0000][10164][gc           ] Trigger: Allocated since last cycle (410M) is larger than allocation threshold (409M)
[2020-07-12T01:26:47.022+0000][10164][gc,ergo      ] Free: 3460M (1732 regions), Max regular: 2048K, Max humongous: 3426M, External frag: 1%, Internal frag: 0%
[2020-07-12T01:26:47.022+0000][10164][gc,ergo      ] Evacuation Reserve: 206M (103 regions), Max regular: 2048K
[2020-07-12T01:26:47.022+0000][10164][gc,start     ] GC(15) Concurrent reset
[2020-07-12T01:26:47.022+0000][10164][gc,task      ] GC(15) Using 2 of 4 workers for concurrent reset
[2020-07-12T01:26:47.022+0000][10164][gc           ] GC(15) Concurrent reset 429M->429M(4096M) 0.257ms
[2020-07-12T01:26:47.023+0000][10164][gc,start     ] GC(15) Pause Init Mark (process weakrefs) (unload classes)
[2020-07-12T01:26:47.023+0000][10164][gc,task      ] GC(15) Using 4 of 4 workers for init marking
[2020-07-12T01:26:47.023+0000][10164][gc,ergo      ] GC(15) Pacer for Mark. Expected Live: 18630K, Free: 3458M, Non-Taxable: 345M, Alloc Tax Rate: 0.0x
[2020-07-12T01:26:47.023+0000][10164][gc           ] GC(15) Pause Init Mark (process weakrefs) (unload classes) 0.381ms
[2020-07-12T01:26:47.023+0000][10164][safepoint    ] Safepoint "ShenandoahInitMark", Time since last: 680747515 ns, Reaching safepoint: 257913 ns, At safepoint: 397690 ns, Total: 655603 ns
[2020-07-12T01:26:47.023+0000][10164][gc,start     ] GC(15) Concurrent marking (process weakrefs) (unload classes)
[2020-07-12T01:26:47.023+0000][10164][gc,task      ] GC(15) Using 2 of 4 workers for concurrent marking
[2020-07-12T01:26:47.032+0000][10164][gc           ] GC(15) Concurrent marking (process weakrefs) (unload classes) 431M->453M(4096M) 8.634ms
[2020-07-12T01:26:47.032+0000][10164][gc,start     ] GC(15) Concurrent precleaning
[2020-07-12T01:26:47.032+0000][10164][gc,task      ] GC(15) Using 1 of 4 workers for concurrent preclean
[2020-07-12T01:26:47.032+0000][10164][gc           ] GC(15) Concurrent precleaning 453M->453M(4096M) 0.379ms
[2020-07-12T01:26:47.032+0000][10164][gc,start     ] GC(15) Pause Final Mark (process weakrefs) (unload classes)
[2020-07-12T01:26:47.032+0000][10164][gc,task      ] GC(15) Using 4 of 4 workers for final marking
[2020-07-12T01:26:47.033+0000][10164][gc,ergo      ] GC(15) CSet Selection. Actual Free: 3996M, Max CSet: 2997M
[2020-07-12T01:26:47.033+0000][10164][gc,ergo      ] GC(15) Collectable Garbage: 58059K (13% of total), 3380K CSet, 30 CSet regions
[2020-07-12T01:26:47.033+0000][10164][gc,ergo      ] GC(15) Immediate Garbage: 356M (86% of total), 178 regions
[2020-07-12T01:26:47.033+0000][10164][gc,ergo      ] GC(15) Pacer for Evacuation. Used CSet: 61440K, Free: 3792M, Non-Taxable: 379M, Alloc Tax Rate: 1.1x
[2020-07-12T01:26:47.033+0000][10164][gc           ] GC(15) Pause Final Mark (process weakrefs) (unload classes) 0.784ms
[2020-07-12T01:26:47.033+0000][10164][safepoint    ] Safepoint "ShenandoahFinalMarkStartEvac", Time since last: 9123604 ns, Reaching safepoint: 50541 ns, At safepoint: 799216 ns, Total: 849757 ns
[2020-07-12T01:26:47.033+0000][10164][gc,start     ] GC(15) Concurrent roots processing
[2020-07-12T01:26:47.033+0000][10164][gc,task      ] GC(15) Using 2 of 4 workers for concurrent root processing
[2020-07-12T01:26:47.044+0000][10164][gc           ] GC(15) Concurrent roots processing 454M->478M(4096M) 11.115ms
[2020-07-12T01:26:47.044+0000][10164][gc,start     ] GC(15) Concurrent cleanup
[2020-07-12T01:26:47.044+0000][10164][gc           ] GC(15) Concurrent cleanup 478M->122M(4096M) 0.305ms
[2020-07-12T01:26:47.045+0000][10164][gc,ergo      ] GC(15) Free: 3770M (1887 regions), Max regular: 2048K, Max humongous: 3412M, External frag: 10%, Internal frag: 0%
[2020-07-12T01:26:47.045+0000][10164][gc,ergo      ] GC(15) Evacuation Reserve: 203M (102 regions), Max regular: 2048K
[2020-07-12T01:26:47.045+0000][10164][gc,start     ] GC(15) Concurrent evacuation
[2020-07-12T01:26:47.045+0000][10164][gc,task      ] GC(15) Using 2 of 4 workers for concurrent evacuation
[2020-07-12T01:26:47.046+0000][10164][gc           ] GC(15) Concurrent evacuation 122M->125M(4096M) 1.480ms
[2020-07-12T01:26:47.050+0000][10164][gc,start     ] GC(15) Pause Init Update Refs
[2020-07-12T01:26:47.050+0000][10164][gc,ergo      ] GC(15) Pacer for Update Refs. Used: 125M, Free: 3770M, Non-Taxable: 377M, Alloc Tax Rate: 1.1x
[2020-07-12T01:26:47.050+0000][10164][gc           ] GC(15) Pause Init Update Refs 0.044ms
[2020-07-12T01:26:47.050+0000][10164][safepoint    ] Safepoint "ShenandoahInitUpdateRefs", Time since last: 13136260 ns, Reaching safepoint: 3818186 ns, At safepoint: 64323 ns, Total: 3882509 ns
[2020-07-12T01:26:47.050+0000][10164][gc,start     ] GC(15) Concurrent update references
[2020-07-12T01:26:47.050+0000][10164][gc,task      ] GC(15) Using 2 of 4 workers for concurrent reference update
[2020-07-12T01:26:47.058+0000][10164][gc           ] GC(15) Concurrent update references 127M->145M(4096M) 8.005ms
[2020-07-12T01:26:47.059+0000][10164][gc,start     ] GC(15) Pause Final Update Refs
[2020-07-12T01:26:47.059+0000][10164][gc,task      ] GC(15) Using 4 of 4 workers for final reference update
[2020-07-12T01:26:47.059+0000][10164][gc           ] GC(15) Pause Final Update Refs 0.146ms
[2020-07-12T01:26:47.059+0000][10164][safepoint    ] Safepoint "ShenandoahFinalUpdateRefs", Time since last: 8155218 ns, Reaching safepoint: 897670 ns, At safepoint: 169236 ns, Total: 1066906 ns
[2020-07-12T01:26:47.059+0000][10164][gc,start     ] GC(15) Concurrent cleanup
[2020-07-12T01:26:47.059+0000][10164][gc           ] GC(15) Concurrent cleanup 145M->85M(4096M) 0.109ms
[2020-07-12T01:26:47.059+0000][10164][gc,ergo      ] Free: 3804M (1906 regions), Max regular: 2048K, Max humongous: 3410M, External frag: 11%, Internal frag: 0%
[2020-07-12T01:26:47.059+0000][10164][gc,ergo      ] Evacuation Reserve: 206M (103 regions), Max regular: 2048K
[2020-07-12T01:26:47.059+0000][10164][gc,ergo      ] Pacer for Idle. Initial: 83886K, Alloc Tax Rate: 1.0x
[2020-07-12T01:26:51.397+0000][10164][gc           ] Trigger: Allocated since last cycle (409M) is larger than allocation threshold (409M)
[2020-07-12T01:26:51.397+0000][10164][gc,ergo      ] Free: 3460M (1734 regions), Max regular: 2048K, Max humongous: 3410M, External frag: 2%, Internal frag: 0%
[2020-07-12T01:26:51.397+0000][10164][gc,ergo      ] Evacuation Reserve: 206M (103 regions), Max regular: 2048K
[2020-07-12T01:26:51.397+0000][10164][gc,start     ] GC(16) Concurrent reset
[2020-07-12T01:26:51.397+0000][10164][gc,task      ] GC(16) Using 2 of 4 workers for concurrent reset
[2020-07-12T01:26:51.398+0000][10164][gc           ] GC(16) Concurrent reset 429M->429M(4096M) 0.211ms
[2020-07-12T01:26:51.398+0000][10164][gc,start     ] GC(16) Pause Init Mark (unload classes)
[2020-07-12T01:26:51.398+0000][10164][gc,task      ] GC(16) Using 4 of 4 workers for init marking
[2020-07-12T01:26:51.398+0000][10164][gc,ergo      ] GC(16) Pacer for Mark. Expected Live: 18634K, Free: 3460M, Non-Taxable: 346M, Alloc Tax Rate: 0.0x
[2020-07-12T01:26:51.398+0000][10164][gc           ] GC(16) Pause Init Mark (unload classes) 0.411ms
[2020-07-12T01:26:51.398+0000][10164][safepoint    ] Safepoint "ShenandoahInitMark", Time since last: 4338313888 ns, Reaching safepoint: 80002 ns, At safepoint: 427487 ns, Total: 507489 ns
[2020-07-12T01:26:51.398+0000][10164][gc,start     ] GC(16) Concurrent marking (unload classes)
[2020-07-12T01:26:51.398+0000][10164][gc,task      ] GC(16) Using 2 of 4 workers for concurrent marking
[2020-07-12T01:26:51.407+0000][10164][gc           ] GC(16) Concurrent marking (unload classes) 431M->453M(4096M) 8.705ms
[2020-07-12T01:26:51.408+0000][10164][gc,start     ] GC(16) Pause Final Mark (unload classes)
[2020-07-12T01:26:51.408+0000][10164][gc,task      ] GC(16) Using 4 of 4 workers for final marking
[2020-07-12T01:26:51.409+0000][10164][gc,ergo      ] GC(16) CSet Selection. Actual Free: 3995M, Max CSet: 2996M
[2020-07-12T01:26:51.409+0000][10164][gc,ergo      ] GC(16) Collectable Garbage: 55962K (13% of total), 3429K CSet, 29 CSet regions
[2020-07-12T01:26:51.409+0000][10164][gc,ergo      ] GC(16) Immediate Garbage: 355M (86% of total), 178 regions
[2020-07-12T01:26:51.409+0000][10164][gc,ergo      ] GC(16) Pacer for Evacuation. Used CSet: 59391K, Free: 3792M, Non-Taxable: 379M, Alloc Tax Rate: 1.1x
[2020-07-12T01:26:51.409+0000][10164][gc           ] GC(16) Pause Final Mark (unload classes) 0.692ms
[2020-07-12T01:26:51.409+0000][10164][safepoint    ] Safepoint "ShenandoahFinalMarkStartEvac", Time since last: 8901415 ns, Reaching safepoint: 1441459 ns, At safepoint: 709232 ns, Total: 2150691 ns
[2020-07-12T01:26:51.409+0000][10164][gc,start     ] GC(16) Concurrent roots processing
[2020-07-12T01:26:51.409+0000][10164][gc,task      ] GC(16) Using 2 of 4 workers for concurrent root processing
[2020-07-12T01:26:51.430+0000][10164][gc           ] GC(16) Concurrent roots processing 454M->474M(4096M) 20.883ms
[2020-07-12T01:26:51.430+0000][10164][gc,start     ] GC(16) Concurrent cleanup
[2020-07-12T01:26:51.430+0000][10164][gc           ] GC(16) Concurrent cleanup 474M->118M(4096M) 0.277ms
[2020-07-12T01:26:51.430+0000][10164][gc,ergo      ] GC(16) Free: 3774M (1889 regions), Max regular: 2048K, Max humongous: 3416M, External frag: 10%, Internal frag: 0%
[2020-07-12T01:26:51.430+0000][10164][gc,ergo      ] GC(16) Evacuation Reserve: 203M (102 regions), Max regular: 2048K
[2020-07-12T01:26:51.430+0000][10164][gc,start     ] GC(16) Concurrent evacuation
[2020-07-12T01:26:51.430+0000][10164][gc,task      ] GC(16) Using 2 of 4 workers for concurrent evacuation
[2020-07-12T01:26:51.432+0000][10164][gc           ] GC(16) Concurrent evacuation 118M->122M(4096M) 1.386ms
[2020-07-12T01:26:51.433+0000][10164][gc,start     ] GC(16) Pause Init Update Refs
[2020-07-12T01:26:51.433+0000][10164][gc,ergo      ] GC(16) Pacer for Update Refs. Used: 122M, Free: 3772M, Non-Taxable: 377M, Alloc Tax Rate: 1.1x
[2020-07-12T01:26:51.433+0000][10164][gc           ] GC(16) Pause Init Update Refs 0.048ms
[2020-07-12T01:26:51.433+0000][10164][safepoint    ] Safepoint "ShenandoahInitUpdateRefs", Time since last: 22711620 ns, Reaching safepoint: 869318 ns, At safepoint: 59981 ns, Total: 929299 ns
[2020-07-12T01:26:51.433+0000][10164][gc,start     ] GC(16) Concurrent update references
[2020-07-12T01:26:51.433+0000][10164][gc,task      ] GC(16) Using 2 of 4 workers for concurrent reference update
[2020-07-12T01:26:51.443+0000][10164][gc           ] GC(16) Concurrent update references 124M->140M(4096M) 9.704ms
[2020-07-12T01:26:51.444+0000][10164][gc,start     ] GC(16) Pause Final Update Refs
[2020-07-12T01:26:51.444+0000][10164][gc,task      ] GC(16) Using 4 of 4 workers for final reference update
[2020-07-12T01:26:51.444+0000][10164][gc           ] GC(16) Pause Final Update Refs 0.477ms
[2020-07-12T01:26:51.444+0000][10164][safepoint    ] Safepoint "ShenandoahFinalUpdateRefs", Time since last: 9835880 ns, Reaching safepoint: 1032201 ns, At safepoint: 534131 ns, Total: 1566332 ns
[2020-07-12T01:26:51.444+0000][10164][gc,start     ] GC(16) Concurrent cleanup
[2020-07-12T01:26:51.444+0000][10164][gc           ] GC(16) Concurrent cleanup 140M->82M(4096M) 0.116ms
[2020-07-12T01:26:51.444+0000][10164][gc,ergo      ] Free: 3807M (1906 regions), Max regular: 2048K, Max humongous: 3456M, External frag: 10%, Internal frag: 0%
[2020-07-12T01:26:51.444+0000][10164][gc,ergo      ] Evacuation Reserve: 206M (103 regions), Max regular: 2048K
[2020-07-12T01:26:51.444+0000][10164][gc,ergo      ] Pacer for Idle. Initial: 83886K, Alloc Tax Rate: 1.0x
[2020-07-12T01:26:52.444+0000][10164][safepoint    ] Safepoint "Cleanup", Time since last: 1000155400 ns, Reaching safepoint: 87109 ns, At safepoint: 1421 ns, Total: 88530 ns
[2020-07-12T01:26:53.445+0000][10164][safepoint    ] Safepoint "Cleanup", Time since last: 1001003531 ns, Reaching safepoint: 71044 ns, At safepoint: 1202 ns, Total: 72246 ns
[2020-07-12T01:26:54.446+0000][10164][safepoint    ] Safepoint "Cleanup", Time since last: 1000096717 ns, Reaching safepoint: 59460 ns, At safepoint: 1397 ns, Total: 60857 ns
[2020-07-12T01:26:55.446+0000][10164][safepoint    ] Safepoint "Cleanup", Time since last: 1000053601 ns, Reaching safepoint: 93818 ns, At safepoint: 4879 ns, Total: 98697 ns
[2020-07-12T01:26:55.560+0000][10164][gc           ] Trigger: Allocated since last cycle (409M) is larger than allocation threshold (409M)
[2020-07-12T01:26:55.560+0000][10164][gc,ergo      ] Free: 3459M (1733 regions), Max regular: 2048K, Max humongous: 3456M, External frag: 1%, Internal frag: 0%
[2020-07-12T01:26:55.560+0000][10164][gc,ergo      ] Evacuation Reserve: 206M (103 regions), Max regular: 2048K
[2020-07-12T01:26:55.560+0000][10164][gc,start     ] GC(17) Concurrent reset
[2020-07-12T01:26:55.560+0000][10164][gc,task      ] GC(17) Using 2 of 4 workers for concurrent reset
[2020-07-12T01:26:55.560+0000][10164][gc           ] GC(17) Concurrent reset 430M->430M(4096M) 0.223ms
[2020-07-12T01:26:55.560+0000][10164][gc,start     ] GC(17) Pause Init Mark (unload classes)
[2020-07-12T01:26:55.560+0000][10164][gc,task      ] GC(17) Using 4 of 4 workers for init marking
[2020-07-12T01:26:55.561+0000][10164][gc,ergo      ] GC(17) Pacer for Mark. Expected Live: 18633K, Free: 3459M, Non-Taxable: 345M, Alloc Tax Rate: 0.0x
[2020-07-12T01:26:55.561+0000][10164][gc           ] GC(17) Pause Init Mark (unload classes) 0.467ms
[2020-07-12T01:26:55.561+0000][10164][safepoint    ] Safepoint "ShenandoahInitMark", Time since last: 114458838 ns, Reaching safepoint: 59031 ns, At safepoint: 488946 ns, Total: 547977 ns
[2020-07-12T01:26:55.561+0000][10164][gc,start     ] GC(17) Concurrent marking (unload classes)
[2020-07-12T01:26:55.561+0000][10164][gc,task      ] GC(17) Using 2 of 4 workers for concurrent marking
[2020-07-12T01:26:55.569+0000][10164][gc           ] GC(17) Concurrent marking (unload classes) 430M->448M(4096M) 8.588ms
[2020-07-12T01:26:55.570+0000][10164][gc,start     ] GC(17) Pause Final Mark (unload classes)
[2020-07-12T01:26:55.570+0000][10164][gc,task      ] GC(17) Using 4 of 4 workers for final marking
[2020-07-12T01:26:55.570+0000][10164][gc,ergo      ] GC(17) CSet Selection. Actual Free: 4006M, Max CSet: 3004M
[2020-07-12T01:26:55.570+0000][10164][gc,ergo      ] GC(17) Collectable Garbage: 51346K (12% of total), 3449K CSet, 27 CSet regions
[2020-07-12T01:26:55.570+0000][10164][gc,ergo      ] GC(17) Immediate Garbage: 362M (87% of total), 181 regions
[2020-07-12T01:26:55.570+0000][10164][gc,ergo      ] GC(17) Pacer for Evacuation. Used CSet: 54796K, Free: 3802M, Non-Taxable: 380M, Alloc Tax Rate: 1.1x
[2020-07-12T01:26:55.570+0000][10164][gc           ] GC(17) Pause Final Mark (unload classes) 0.714ms
[2020-07-12T01:26:55.570+0000][10164][safepoint    ] Safepoint "ShenandoahFinalMarkStartEvac", Time since last: 8693637 ns, Reaching safepoint: 55879 ns, At safepoint: 727999 ns, Total: 783878 ns
[2020-07-12T01:26:55.570+0000][10164][gc,start     ] GC(17) Concurrent roots processing
[2020-07-12T01:26:55.570+0000][10164][gc,task      ] GC(17) Using 2 of 4 workers for concurrent root processing
[2020-07-12T01:26:55.582+0000][10164][gc           ] GC(17) Concurrent roots processing 450M->451M(4096M) 11.758ms
[2020-07-12T01:26:55.582+0000][10164][gc,start     ] GC(17) Concurrent cleanup
[2020-07-12T01:26:55.582+0000][10164][gc           ] GC(17) Concurrent cleanup 451M->89M(4096M) 0.253ms
[2020-07-12T01:26:55.582+0000][10164][gc,ergo      ] GC(17) Free: 3802M (1902 regions), Max regular: 2048K, Max humongous: 3436M, External frag: 10%, Internal frag: 0%
[2020-07-12T01:26:55.582+0000][10164][gc,ergo      ] GC(17) Evacuation Reserve: 202M (102 regions), Max regular: 2048K
[2020-07-12T01:26:55.582+0000][10164][gc,start     ] GC(17) Concurrent evacuation
[2020-07-12T01:26:55.582+0000][10164][gc,task      ] GC(17) Using 2 of 4 workers for concurrent evacuation
[2020-07-12T01:26:55.584+0000][10164][gc           ] GC(17) Concurrent evacuation 89M->92M(4096M) 1.163ms
[2020-07-12T01:26:55.585+0000][10164][gc,start     ] GC(17) Pause Init Update Refs
[2020-07-12T01:26:55.585+0000][10164][gc,ergo      ] GC(17) Pacer for Update Refs. Used: 95193K, Free: 3802M, Non-Taxable: 380M, Alloc Tax Rate: 1.1x
[2020-07-12T01:26:55.585+0000][10164][gc           ] GC(17) Pause Init Update Refs 0.042ms
[2020-07-12T01:26:55.585+0000][10164][safepoint    ] Safepoint "ShenandoahInitUpdateRefs", Time since last: 13438084 ns, Reaching safepoint: 1013516 ns, At safepoint: 57553 ns, Total: 1071069 ns
[2020-07-12T01:26:55.585+0000][10164][gc,start     ] GC(17) Concurrent update references
[2020-07-12T01:26:55.585+0000][10164][gc,task      ] GC(17) Using 2 of 4 workers for concurrent reference update
[2020-07-12T01:26:55.593+0000][10164][gc           ] GC(17) Concurrent update references 92M->94M(4096M) 8.557ms
[2020-07-12T01:26:55.594+0000][10164][gc,start     ] GC(17) Pause Final Update Refs
[2020-07-12T01:26:55.594+0000][10164][gc,task      ] GC(17) Using 4 of 4 workers for final reference update
[2020-07-12T01:26:55.594+0000][10164][gc           ] GC(17) Pause Final Update Refs 0.182ms
[2020-07-12T01:26:55.594+0000][10164][safepoint    ] Safepoint "ShenandoahFinalUpdateRefs", Time since last: 8703468 ns, Reaching safepoint: 67781 ns, At safepoint: 197266 ns, Total: 265047 ns
[2020-07-12T01:26:55.594+0000][10164][gc,start     ] GC(17) Concurrent cleanup
[2020-07-12T01:26:55.594+0000][10164][gc           ] GC(17) Concurrent cleanup 94M->41M(4096M) 0.109ms
[2020-07-12T01:26:55.594+0000][10164][gc,ergo      ] Free: 3848M (1926 regions), Max regular: 2048K, Max humongous: 3436M, External frag: 11%, Internal frag: 0%
[2020-07-12T01:26:55.594+0000][10164][gc,ergo      ] Evacuation Reserve: 206M (103 regions), Max regular: 2048K
[2020-07-12T01:26:55.594+0000][10164][gc,ergo      ] Pacer for Idle. Initial: 83886K, Alloc Tax Rate: 1.0x
[2020-07-12T01:26:56.595+0000][10164][safepoint    ] Safepoint "Cleanup", Time since last: 1000867550 ns, Reaching safepoint: 59941 ns, At safepoint: 1388 ns, Total: 61329 ns
[2020-07-12T01:26:57.596+0000][10164][safepoint    ] Safepoint "Cleanup", Time since last: 1001418862 ns, Reaching safepoint: 63400 ns, At safepoint: 1550 ns, Total: 64950 ns
[2020-07-12T01:26:58.599+0000][10164][safepoint    ] Safepoint "Cleanup", Time since last: 1002679379 ns, Reaching safepoint: 61195 ns, At safepoint: 1912 ns, Total: 63107 ns
[2020-07-12T01:26:59.601+0000][10164][safepoint    ] Safepoint "Cleanup", Time since last: 1001988112 ns, Reaching safepoint: 68871 ns, At safepoint: 1498 ns, Total: 70369 ns
[2020-07-12T01:27:00.505+0000][10164][gc           ] Trigger: Allocated since last cycle (412M) is larger than allocation threshold (409M)
[2020-07-12T01:27:00.505+0000][10164][gc,ergo      ] Free: 3456M (1730 regions), Max regular: 2048K, Max humongous: 3436M, External frag: 1%, Internal frag: 0%
[2020-07-12T01:27:00.505+0000][10164][gc,ergo      ] Evacuation Reserve: 206M (103 regions), Max regular: 2048K
[2020-07-12T01:27:00.505+0000][10164][gc,start     ] GC(18) Concurrent reset
[2020-07-12T01:27:00.505+0000][10164][gc,task      ] GC(18) Using 2 of 4 workers for concurrent reset
[2020-07-12T01:27:00.505+0000][10164][gc           ] GC(18) Concurrent reset 433M->433M(4096M) 0.252ms
[2020-07-12T01:27:00.505+0000][10164][gc,start     ] GC(18) Pause Init Mark (unload classes)
[2020-07-12T01:27:00.505+0000][10164][gc,task      ] GC(18) Using 4 of 4 workers for init marking
[2020-07-12T01:27:00.506+0000][10164][gc,ergo      ] GC(18) Pacer for Mark. Expected Live: 18630K, Free: 3456M, Non-Taxable: 345M, Alloc Tax Rate: 0.0x
[2020-07-12T01:27:00.506+0000][10164][gc           ] GC(18) Pause Init Mark (unload classes) 0.496ms
[2020-07-12T01:27:00.506+0000][10164][safepoint    ] Safepoint "ShenandoahInitMark", Time since last: 904218158 ns, Reaching safepoint: 76779 ns, At safepoint: 514802 ns, Total: 591581 ns
[2020-07-12T01:27:00.506+0000][10164][gc,start     ] GC(18) Concurrent marking (unload classes)
[2020-07-12T01:27:00.506+0000][10164][gc,task      ] GC(18) Using 2 of 4 workers for concurrent marking
[2020-07-12T01:27:00.515+0000][10164][gc           ] GC(18) Concurrent marking (unload classes) 433M->459M(4096M) 8.706ms
[2020-07-12T01:27:00.516+0000][10164][gc,start     ] GC(18) Pause Final Mark (unload classes)
[2020-07-12T01:27:00.516+0000][10164][gc,task      ] GC(18) Using 4 of 4 workers for final marking
[2020-07-12T01:27:00.516+0000][10164][gc,ergo      ] GC(18) CSet Selection. Actual Free: 3992M, Max CSet: 2994M
[2020-07-12T01:27:00.516+0000][10164][gc,ergo      ] GC(18) Collectable Garbage: 57858K (13% of total), 1533K CSet, 29 CSet regions
[2020-07-12T01:27:00.516+0000][10164][gc,ergo      ] GC(18) Immediate Garbage: 358M (86% of total), 179 regions
[2020-07-12T01:27:00.517+0000][10164][gc,ergo      ] GC(18) Pacer for Evacuation. Used CSet: 59392K, Free: 3788M, Non-Taxable: 378M, Alloc Tax Rate: 1.1x
[2020-07-12T01:27:00.517+0000][10164][gc           ] GC(18) Pause Final Mark (unload classes) 0.806ms
[2020-07-12T01:27:00.517+0000][10164][safepoint    ] Safepoint "ShenandoahFinalMarkStartEvac", Time since last: 8784760 ns, Reaching safepoint: 1221015 ns, At safepoint: 823484 ns, Total: 2044499 ns
[2020-07-12T01:27:00.517+0000][10164][gc,start     ] GC(18) Concurrent roots processing
[2020-07-12T01:27:00.517+0000][10164][gc,task      ] GC(18) Using 2 of 4 workers for concurrent root processing
[2020-07-12T01:27:00.528+0000][10164][gc           ] GC(18) Concurrent roots processing 459M->484M(4096M) 11.163ms
[2020-07-12T01:27:00.528+0000][10164][gc,start     ] GC(18) Concurrent cleanup
[2020-07-12T01:27:00.528+0000][10164][gc           ] GC(18) Concurrent cleanup 484M->126M(4096M) 0.222ms
[2020-07-12T01:27:00.528+0000][10164][gc,ergo      ] GC(18) Free: 3764M (1883 regions), Max regular: 2048K, Max humongous: 3402M, External frag: 10%, Internal frag: 0%
[2020-07-12T01:27:00.528+0000][10164][gc,ergo      ] GC(18) Evacuation Reserve: 205M (103 regions), Max regular: 2048K
[2020-07-12T01:27:00.528+0000][10164][gc,start     ] GC(18) Concurrent evacuation
[2020-07-12T01:27:00.528+0000][10164][gc,task      ] GC(18) Using 2 of 4 workers for concurrent evacuation
[2020-07-12T01:27:00.529+0000][10164][gc           ] GC(18) Concurrent evacuation 126M->127M(4096M) 1.108ms
[2020-07-12T01:27:00.530+0000][10164][gc,start     ] GC(18) Pause Init Update Refs
[2020-07-12T01:27:00.530+0000][10164][gc,ergo      ] GC(18) Pacer for Update Refs. Used: 127M, Free: 3764M, Non-Taxable: 376M, Alloc Tax Rate: 1.1x
[2020-07-12T01:27:00.530+0000][10164][gc           ] GC(18) Pause Init Update Refs 0.042ms
[2020-07-12T01:27:00.530+0000][10164][safepoint    ] Safepoint "ShenandoahInitUpdateRefs", Time since last: 12638458 ns, Reaching safepoint: 993237 ns, At safepoint: 85790 ns, Total: 1079027 ns
[2020-07-12T01:27:00.530+0000][10164][gc,start     ] GC(18) Concurrent update references
[2020-07-12T01:27:00.530+0000][10164][gc,task      ] GC(18) Using 2 of 4 workers for concurrent reference update
[2020-07-12T01:27:00.539+0000][10164][gc           ] GC(18) Concurrent update references 135M->151M(4096M) 8.324ms
[2020-07-12T01:27:00.539+0000][10164][gc,start     ] GC(18) Pause Final Update Refs
[2020-07-12T01:27:00.539+0000][10164][gc,task      ] GC(18) Using 4 of 4 workers for final reference update
[2020-07-12T01:27:00.539+0000][10164][gc           ] GC(18) Pause Final Update Refs 0.148ms
[2020-07-12T01:27:00.539+0000][10164][safepoint    ] Safepoint "ShenandoahFinalUpdateRefs", Time since last: 8500699 ns, Reaching safepoint: 393616 ns, At safepoint: 168538 ns, Total: 562154 ns
[2020-07-12T01:27:00.539+0000][10164][gc,start     ] GC(18) Concurrent cleanup
[2020-07-12T01:27:00.540+0000][10164][gc           ] GC(18) Concurrent cleanup 151M->93M(4096M) 0.111ms
[2020-07-12T01:27:00.540+0000][10164][gc,ergo      ] Free: 3796M (1900 regions), Max regular: 2048K, Max humongous: 3404M, External frag: 11%, Internal frag: 0%
[2020-07-12T01:27:00.540+0000][10164][gc,ergo      ] Evacuation Reserve: 206M (103 regions), Max regular: 2048K
[2020-07-12T01:27:00.540+0000][10164][gc,ergo      ] Pacer for Idle. Initial: 83886K, Alloc Tax Rate: 1.0x
[2020-07-12T01:27:01.540+0000][10164][safepoint    ] Safepoint "Cleanup", Time since last: 1000060752 ns, Reaching safepoint: 134202 ns, At safepoint: 5665 ns, Total: 139867 ns
[2020-07-12T01:27:02.540+0000][10164][safepoint    ] Safepoint "Cleanup", Time since last: 1000136653 ns, Reaching safepoint: 63356 ns, At safepoint: 1405 ns, Total: 64761 ns
[2020-07-12T01:27:03.541+0000][10164][safepoint    ] Safepoint "Cleanup", Time since last: 1000111711 ns, Reaching safepoint: 949213 ns, At safepoint: 5524 ns, Total: 954737 ns
[2020-07-12T01:27:04.541+0000][10164][safepoint    ] Safepoint "Cleanup", Time since last: 1000174540 ns, Reaching safepoint: 62725 ns, At safepoint: 1435 ns, Total: 64160 ns
[2020-07-12T01:27:05.388+0000][10164][gc           ] Trigger: Allocated since last cycle (410M) is larger than allocation threshold (409M)
[2020-07-12T01:27:05.388+0000][10164][gc,ergo      ] Free: 3460M (1732 regions), Max regular: 2048K, Max humongous: 3404M, External frag: 2%, Internal frag: 0%
[2020-07-12T01:27:05.388+0000][10164][gc,ergo      ] Evacuation Reserve: 206M (103 regions), Max regular: 2048K
[2020-07-12T01:27:05.388+0000][10164][gc,start     ] GC(19) Concurrent reset
[2020-07-12T01:27:05.388+0000][10164][gc,task      ] GC(19) Using 2 of 4 workers for concurrent reset
[2020-07-12T01:27:05.388+0000][10164][gc           ] GC(19) Concurrent reset 429M->429M(4096M) 0.246ms
[2020-07-12T01:27:05.388+0000][10164][gc,start     ] GC(19) Pause Init Mark (unload classes)
[2020-07-12T01:27:05.388+0000][10164][gc,task      ] GC(19) Using 4 of 4 workers for init marking
[2020-07-12T01:27:05.389+0000][10164][gc,ergo      ] GC(19) Pacer for Mark. Expected Live: 18629K, Free: 3460M, Non-Taxable: 346M, Alloc Tax Rate: 0.0x
[2020-07-12T01:27:05.389+0000][10164][gc           ] GC(19) Pause Init Mark (unload classes) 0.428ms
[2020-07-12T01:27:05.389+0000][10164][safepoint    ] Safepoint "ShenandoahInitMark", Time since last: 847135950 ns, Reaching safepoint: 92473 ns, At safepoint: 446990 ns, Total: 539463 ns
[2020-07-12T01:27:05.389+0000][10164][gc,start     ] GC(19) Concurrent marking (unload classes)
[2020-07-12T01:27:05.389+0000][10164][gc,task      ] GC(19) Using 2 of 4 workers for concurrent marking
[2020-07-12T01:27:05.398+0000][10164][gc           ] GC(19) Concurrent marking (unload classes) 431M->447M(4096M) 8.805ms
[2020-07-12T01:27:05.398+0000][10164][gc,start     ] GC(19) Pause Final Mark (unload classes)
[2020-07-12T01:27:05.398+0000][10164][gc,task      ] GC(19) Using 4 of 4 workers for final marking
[2020-07-12T01:27:05.398+0000][10164][gc,ergo      ] GC(19) CSet Selection. Actual Free: 4008M, Max CSet: 3006M
[2020-07-12T01:27:05.398+0000][10164][gc,ergo      ] GC(19) Collectable Garbage: 49517K (11% of total), 1517K CSet, 25 CSet regions
[2020-07-12T01:27:05.398+0000][10164][gc,ergo      ] GC(19) Immediate Garbage: 362M (88% of total), 181 regions
[2020-07-12T01:27:05.399+0000][10164][gc,ergo      ] GC(19) Pacer for Evacuation. Used CSet: 51035K, Free: 3804M, Non-Taxable: 380M, Alloc Tax Rate: 1.1x
[2020-07-12T01:27:05.399+0000][10164][gc           ] GC(19) Pause Final Mark (unload classes) 0.797ms
[2020-07-12T01:27:05.399+0000][10164][safepoint    ] Safepoint "ShenandoahFinalMarkStartEvac", Time since last: 8939473 ns, Reaching safepoint: 67130 ns, At safepoint: 815510 ns, Total: 882640 ns
[2020-07-12T01:27:05.399+0000][10164][gc,start     ] GC(19) Concurrent roots processing
[2020-07-12T01:27:05.399+0000][10164][gc,task      ] GC(19) Using 2 of 4 workers for concurrent root processing
[2020-07-12T01:27:05.410+0000][10164][gc           ] GC(19) Concurrent roots processing 447M->465M(4096M) 11.263ms
[2020-07-12T01:27:05.410+0000][10164][gc,start     ] GC(19) Concurrent cleanup
[2020-07-12T01:27:05.410+0000][10164][gc           ] GC(19) Concurrent cleanup 465M->103M(4096M) 0.152ms
[2020-07-12T01:27:05.410+0000][10164][gc,ergo      ] GC(19) Free: 3786M (1895 regions), Max regular: 2048K, Max humongous: 3412M, External frag: 10%, Internal frag: 0%
[2020-07-12T01:27:05.410+0000][10164][gc,ergo      ] GC(19) Evacuation Reserve: 205M (103 regions), Max regular: 2048K
[2020-07-12T01:27:05.410+0000][10164][gc,start     ] GC(19) Concurrent evacuation
[2020-07-12T01:27:05.410+0000][10164][gc,task      ] GC(19) Using 2 of 4 workers for concurrent evacuation
[2020-07-12T01:27:05.412+0000][10164][gc           ] GC(19) Concurrent evacuation 103M->105M(4096M) 1.545ms
[2020-07-12T01:27:05.413+0000][10164][gc,start     ] GC(19) Pause Init Update Refs
[2020-07-12T01:27:05.413+0000][10164][gc,ergo      ] GC(19) Pacer for Update Refs. Used: 105M, Free: 3786M, Non-Taxable: 378M, Alloc Tax Rate: 1.1x
[2020-07-12T01:27:05.413+0000][10164][gc           ] GC(19) Pause Init Update Refs 0.081ms
[2020-07-12T01:27:05.413+0000][10164][safepoint    ] Safepoint "ShenandoahInitUpdateRefs", Time since last: 13124190 ns, Reaching safepoint: 817167 ns, At safepoint: 101628 ns, Total: 918795 ns
[2020-07-12T01:27:05.413+0000][10164][gc,start     ] GC(19) Concurrent update references
[2020-07-12T01:27:05.413+0000][10164][gc,task      ] GC(19) Using 2 of 4 workers for concurrent reference update
[2020-07-12T01:27:05.420+0000][10164][gc           ] GC(19) Concurrent update references 107M->121M(4096M) 7.463ms
[2020-07-12T01:27:05.420+0000][10164][gc,start     ] GC(19) Pause Final Update Refs
[2020-07-12T01:27:05.420+0000][10164][gc,task      ] GC(19) Using 4 of 4 workers for final reference update
[2020-07-12T01:27:05.420+0000][10164][gc           ] GC(19) Pause Final Update Refs 0.153ms
[2020-07-12T01:27:05.420+0000][10164][safepoint    ] Safepoint "ShenandoahFinalUpdateRefs", Time since last: 7623038 ns, Reaching safepoint: 53628 ns, At safepoint: 175833 ns, Total: 229461 ns
[2020-07-12T01:27:05.421+0000][10164][gc,start     ] GC(19) Concurrent cleanup
[2020-07-12T01:27:05.421+0000][10164][gc           ] GC(19) Concurrent cleanup 121M->71M(4096M) 0.096ms
[2020-07-12T01:27:05.421+0000][10164][gc,ergo      ] Free: 3818M (1911 regions), Max regular: 2048K, Max humongous: 3456M, External frag: 10%, Internal frag: 0%
[2020-07-12T01:27:05.421+0000][10164][gc,ergo      ] Evacuation Reserve: 206M (103 regions), Max regular: 2048K
[2020-07-12T01:27:05.421+0000][10164][gc,ergo      ] Pacer for Idle. Initial: 83886K, Alloc Tax Rate: 1.0x
[2020-07-12T01:27:06.421+0000][10164][safepoint    ] Safepoint "Cleanup", Time since last: 1000133448 ns, Reaching safepoint: 809751 ns, At safepoint: 5094 ns, Total: 814845 ns
[2020-07-12T01:27:07.422+0000][10164][safepoint    ] Safepoint "Cleanup", Time since last: 1000141702 ns, Reaching safepoint: 80131 ns, At safepoint: 4803 ns, Total: 84934 ns
[2020-07-12T01:27:08.422+0000][10164][safepoint    ] Safepoint "Cleanup", Time since last: 1000083239 ns, Reaching safepoint: 54990 ns, At safepoint: 1441 ns, Total: 56431 ns
[2020-07-12T01:27:09.422+0000][10164][safepoint    ] Safepoint "Cleanup", Time since last: 1000141127 ns, Reaching safepoint: 58747 ns, At safepoint: 5091 ns, Total: 63838 ns
[2020-07-12T01:27:10.299+0000][10164][gc           ] Trigger: Allocated since last cycle (409M) is larger than allocation threshold (409M)
[2020-07-12T01:27:10.299+0000][10164][gc,ergo      ] Free: 3460M (1733 regions), Max regular: 2048K, Max humongous: 3456M, External frag: 1%, Internal frag: 0%
[2020-07-12T01:27:10.299+0000][10164][gc,ergo      ] Evacuation Reserve: 206M (103 regions), Max regular: 2048K
[2020-07-12T01:27:10.299+0000][10164][gc,start     ] GC(20) Concurrent reset
[2020-07-12T01:27:10.299+0000][10164][gc,task      ] GC(20) Using 2 of 4 workers for concurrent reset
[2020-07-12T01:27:10.299+0000][10164][gc           ] GC(20) Concurrent reset 429M->429M(4096M) 0.270ms
[2020-07-12T01:27:10.299+0000][10164][gc,start     ] GC(20) Pause Init Mark (process weakrefs) (unload classes)
[2020-07-12T01:27:10.299+0000][10164][gc,task      ] GC(20) Using 4 of 4 workers for init marking
[2020-07-12T01:27:10.300+0000][10164][gc,ergo      ] GC(20) Pacer for Mark. Expected Live: 18629K, Free: 3460M, Non-Taxable: 346M, Alloc Tax Rate: 0.0x
[2020-07-12T01:27:10.300+0000][10164][gc           ] GC(20) Pause Init Mark (process weakrefs) (unload classes) 0.420ms
[2020-07-12T01:27:10.300+0000][10164][safepoint    ] Safepoint "ShenandoahInitMark", Time since last: 877425107 ns, Reaching safepoint: 54059 ns, At safepoint: 436818 ns, Total: 490877 ns
[2020-07-12T01:27:10.300+0000][10164][gc,start     ] GC(20) Concurrent marking (process weakrefs) (unload classes)
[2020-07-12T01:27:10.300+0000][10164][gc,task      ] GC(20) Using 2 of 4 workers for concurrent marking
[2020-07-12T01:27:10.309+0000][10164][gc           ] GC(20) Concurrent marking (process weakrefs) (unload classes) 431M->439M(4096M) 8.822ms
[2020-07-12T01:27:10.309+0000][10164][gc,start     ] GC(20) Concurrent precleaning
[2020-07-12T01:27:10.309+0000][10164][gc,task      ] GC(20) Using 1 of 4 workers for concurrent preclean
[2020-07-12T01:27:10.309+0000][10164][gc           ] GC(20) Concurrent precleaning 439M->439M(4096M) 0.432ms
[2020-07-12T01:27:10.309+0000][10164][gc,start     ] GC(20) Pause Final Mark (process weakrefs) (unload classes)
[2020-07-12T01:27:10.309+0000][10164][gc,task      ] GC(20) Using 4 of 4 workers for final marking
[2020-07-12T01:27:10.310+0000][10164][gc,ergo      ] GC(20) CSet Selection. Actual Free: 4014M, Max CSet: 3010M
[2020-07-12T01:27:10.310+0000][10164][gc,ergo      ] GC(20) Collectable Garbage: 51770K (12% of total), 1477K CSet, 26 CSet regions
[2020-07-12T01:27:10.310+0000][10164][gc,ergo      ] GC(20) Immediate Garbage: 360M (87% of total), 180 regions
[2020-07-12T01:27:10.310+0000][10164][gc,ergo      ] GC(20) Pacer for Evacuation. Used CSet: 53248K, Free: 3810M, Non-Taxable: 381M, Alloc Tax Rate: 1.1x
[2020-07-12T01:27:10.310+0000][10164][gc           ] GC(20) Pause Final Mark (process weakrefs) (unload classes) 0.950ms
[2020-07-12T01:27:10.310+0000][10164][safepoint    ] Safepoint "ShenandoahFinalMarkStartEvac", Time since last: 9429899 ns, Reaching safepoint: 62639 ns, At safepoint: 969760 ns, Total: 1032399 ns
[2020-07-12T01:27:10.310+0000][10164][gc,start     ] GC(20) Concurrent roots processing
[2020-07-12T01:27:10.310+0000][10164][gc,task      ] GC(20) Using 2 of 4 workers for concurrent root processing
[2020-07-12T01:27:10.323+0000][10164][gc           ] GC(20) Concurrent roots processing 441M->451M(4096M) 12.110ms
[2020-07-12T01:27:10.323+0000][10164][gc,start     ] GC(20) Concurrent cleanup
[2020-07-12T01:27:10.323+0000][10164][gc           ] GC(20) Concurrent cleanup 451M->93M(4096M) 0.237ms
[2020-07-12T01:27:10.323+0000][10164][gc,ergo      ] GC(20) Free: 3796M (1900 regions), Max regular: 2048K, Max humongous: 3436M, External frag: 10%, Internal frag: 0%
[2020-07-12T01:27:10.323+0000][10164][gc,ergo      ] GC(20) Evacuation Reserve: 205M (103 regions), Max regular: 2048K
[2020-07-12T01:27:10.323+0000][10164][gc,start     ] GC(20) Concurrent evacuation
[2020-07-12T01:27:10.323+0000][10164][gc,task      ] GC(20) Using 2 of 4 workers for concurrent evacuation
[2020-07-12T01:27:10.324+0000][10164][gc           ] GC(20) Concurrent evacuation 93M->95M(4096M) 1.432ms
[2020-07-12T01:27:10.325+0000][10164][gc,start     ] GC(20) Pause Init Update Refs
[2020-07-12T01:27:10.325+0000][10164][gc,ergo      ] GC(20) Pacer for Update Refs. Used: 97725K, Free: 3796M, Non-Taxable: 379M, Alloc Tax Rate: 1.1x
[2020-07-12T01:27:10.325+0000][10164][gc           ] GC(20) Pause Init Update Refs 0.046ms
[2020-07-12T01:27:10.325+0000][10164][safepoint    ] Safepoint "ShenandoahInitUpdateRefs", Time since last: 13959037 ns, Reaching safepoint: 907056 ns, At safepoint: 65310 ns, Total: 972366 ns
[2020-07-12T01:27:10.325+0000][10164][gc,start     ] GC(20) Concurrent update references
[2020-07-12T01:27:10.325+0000][10164][gc,task      ] GC(20) Using 2 of 4 workers for concurrent reference update
[2020-07-12T01:27:10.332+0000][10164][gc           ] GC(20) Concurrent update references 97M->111M(4096M) 6.837ms
[2020-07-12T01:27:10.333+0000][10164][gc,start     ] GC(20) Pause Final Update Refs
[2020-07-12T01:27:10.333+0000][10164][gc,task      ] GC(20) Using 4 of 4 workers for final reference update
[2020-07-12T01:27:10.333+0000][10164][gc           ] GC(20) Pause Final Update Refs 0.159ms
[2020-07-12T01:27:10.333+0000][10164][safepoint    ] Safepoint "ShenandoahFinalUpdateRefs", Time since last: 6982864 ns, Reaching safepoint: 542738 ns, At safepoint: 176731 ns, Total: 719469 ns
[2020-07-12T01:27:10.333+0000][10164][gc,start     ] GC(20) Concurrent cleanup
[2020-07-12T01:27:10.333+0000][10164][gc           ] GC(20) Concurrent cleanup 111M->59M(4096M) 0.111ms
[2020-07-12T01:27:10.333+0000][10164][gc,ergo      ] Free: 3830M (1918 regions), Max regular: 2048K, Max humongous: 3436M, External frag: 11%, Internal frag: 0%
[2020-07-12T01:27:10.333+0000][10164][gc,ergo      ] Evacuation Reserve: 206M (103 regions), Max regular: 2048K
[2020-07-12T01:27:10.333+0000][10164][gc,ergo      ] Pacer for Idle. Initial: 83886K, Alloc Tax Rate: 1.0x
[2020-07-12T01:27:11.333+0000][10164][safepoint    ] Safepoint "Cleanup", Time since last: 1000050316 ns, Reaching safepoint: 61038 ns, At safepoint: 7391 ns, Total: 68429 ns
[2020-07-12T01:27:12.334+0000][10164][safepoint    ] Safepoint "Cleanup", Time since last: 1000138298 ns, Reaching safepoint: 635375 ns, At safepoint: 7360 ns, Total: 642735 ns
[2020-07-12T01:27:13.334+0000][10164][safepoint    ] Safepoint "Cleanup", Time since last: 1000528274 ns, Reaching safepoint: 60607 ns, At safepoint: 1390 ns, Total: 61997 ns
[2020-07-12T01:27:14.335+0000][10164][safepoint    ] Safepoint "Cleanup", Time since last: 1000106268 ns, Reaching safepoint: 97464 ns, At safepoint: 4950 ns, Total: 102414 ns
[2020-07-12T01:27:14.525+0000][10164][gc           ] Trigger: Allocated since last cycle (410M) is larger than allocation threshold (409M)
[2020-07-12T01:27:14.525+0000][10164][gc,ergo      ] Free: 3460M (1733 regions), Max regular: 2048K, Max humongous: 3436M, External frag: 1%, Internal frag: 0%
[2020-07-12T01:27:14.525+0000][10164][gc,ergo      ] Evacuation Reserve: 206M (103 regions), Max regular: 2048K
[2020-07-12T01:27:14.525+0000][10164][gc,start     ] GC(21) Concurrent reset
[2020-07-12T01:27:14.525+0000][10164][gc,task      ] GC(21) Using 2 of 4 workers for concurrent reset
[2020-07-12T01:27:14.526+0000][10164][gc           ] GC(21) Concurrent reset 429M->429M(4096M) 0.246ms
[2020-07-12T01:27:14.528+0000][10164][gc,start     ] GC(21) Pause Init Mark (unload classes)
[2020-07-12T01:27:14.528+0000][10164][gc,task      ] GC(21) Using 4 of 4 workers for init marking
[2020-07-12T01:27:14.528+0000][10164][gc,ergo      ] GC(21) Pacer for Mark. Expected Live: 18618K, Free: 3460M, Non-Taxable: 346M, Alloc Tax Rate: 0.0x
[2020-07-12T01:27:14.528+0000][10164][gc           ] GC(21) Pause Init Mark (unload classes) 0.395ms
[2020-07-12T01:27:14.528+0000][10164][safepoint    ] Safepoint "ShenandoahInitMark", Time since last: 190993576 ns, Reaching safepoint: 1813554 ns, At safepoint: 413455 ns, Total: 2227009 ns
[2020-07-12T01:27:14.528+0000][10164][gc,start     ] GC(21) Concurrent marking (unload classes)
[2020-07-12T01:27:14.528+0000][10164][gc,task      ] GC(21) Using 2 of 4 workers for concurrent marking
[2020-07-12T01:27:14.536+0000][10164][gc           ] GC(21) Concurrent marking (unload classes) 429M->443M(4096M) 8.359ms
[2020-07-12T01:27:14.536+0000][10164][gc,start     ] GC(21) Pause Final Mark (unload classes)
[2020-07-12T01:27:14.536+0000][10164][gc,task      ] GC(21) Using 4 of 4 workers for final marking
[2020-07-12T01:27:14.537+0000][10164][gc,ergo      ] GC(21) CSet Selection. Actual Free: 4006M, Max CSet: 3004M
[2020-07-12T01:27:14.537+0000][10164][gc,ergo      ] GC(21) Collectable Garbage: 55800K (13% of total), 1528K CSet, 28 CSet regions
[2020-07-12T01:27:14.537+0000][10164][gc,ergo      ] GC(21) Immediate Garbage: 356M (86% of total), 178 regions
[2020-07-12T01:27:14.537+0000][10164][gc,ergo      ] GC(21) Pacer for Evacuation. Used CSet: 57328K, Free: 3802M, Non-Taxable: 380M, Alloc Tax Rate: 1.1x
[2020-07-12T01:27:14.537+0000][10164][gc           ] GC(21) Pause Final Mark (unload classes) 0.596ms
[2020-07-12T01:27:14.537+0000][10164][safepoint    ] Safepoint "ShenandoahFinalMarkStartEvac", Time since last: 8427358 ns, Reaching safepoint: 56106 ns, At safepoint: 614670 ns, Total: 670776 ns
[2020-07-12T01:27:14.537+0000][10164][gc,start     ] GC(21) Concurrent roots processing
[2020-07-12T01:27:14.537+0000][10164][gc,task      ] GC(21) Using 2 of 4 workers for concurrent root processing
[2020-07-12T01:27:14.559+0000][10164][gc           ] GC(21) Concurrent roots processing 443M->468M(4096M) 21.810ms
[2020-07-12T01:27:14.559+0000][10164][gc,start     ] GC(21) Concurrent cleanup
[2020-07-12T01:27:14.559+0000][10164][gc           ] GC(21) Concurrent cleanup 468M->112M(4096M) 0.285ms
[2020-07-12T01:27:14.559+0000][10164][gc,ergo      ] GC(21) Free: 3778M (1891 regions), Max regular: 2048K, Max humongous: 3420M, External frag: 10%, Internal frag: 0%
[2020-07-12T01:27:14.559+0000][10164][gc,ergo      ] GC(21) Evacuation Reserve: 205M (103 regions), Max regular: 2048K
[2020-07-12T01:27:14.559+0000][10164][gc,start     ] GC(21) Concurrent evacuation
[2020-07-12T01:27:14.559+0000][10164][gc,task      ] GC(21) Using 2 of 4 workers for concurrent evacuation
[2020-07-12T01:27:14.561+0000][10164][gc           ] GC(21) Concurrent evacuation 112M->113M(4096M) 1.474ms
[2020-07-12T01:27:14.563+0000][10164][gc,start     ] GC(21) Pause Init Update Refs
[2020-07-12T01:27:14.564+0000][10164][gc,ergo      ] GC(21) Pacer for Update Refs. Used: 113M, Free: 3778M, Non-Taxable: 377M, Alloc Tax Rate: 1.1x
[2020-07-12T01:27:14.564+0000][10164][gc           ] GC(21) Pause Init Update Refs 0.054ms
[2020-07-12T01:27:14.564+0000][10164][safepoint    ] Safepoint "ShenandoahInitUpdateRefs", Time since last: 23771976 ns, Reaching safepoint: 2696541 ns, At safepoint: 90414 ns, Total: 2786955 ns
[2020-07-12T01:27:14.564+0000][10164][gc,start     ] GC(21) Concurrent update references
[2020-07-12T01:27:14.564+0000][10164][gc,task      ] GC(21) Using 2 of 4 workers for concurrent reference update
[2020-07-12T01:27:14.573+0000][10164][gc           ] GC(21) Concurrent update references 113M->127M(4096M) 9.136ms
[2020-07-12T01:27:14.573+0000][10164][gc,start     ] GC(21) Pause Final Update Refs
[2020-07-12T01:27:14.573+0000][10164][gc,task      ] GC(21) Using 4 of 4 workers for final reference update
[2020-07-12T01:27:14.574+0000][10164][gc           ] GC(21) Pause Final Update Refs 0.184ms
[2020-07-12T01:27:14.574+0000][10164][safepoint    ] Safepoint "ShenandoahFinalUpdateRefs", Time since last: 9255074 ns, Reaching safepoint: 611090 ns, At safepoint: 206918 ns, Total: 818008 ns
[2020-07-12T01:27:14.574+0000][10164][gc,start     ] GC(21) Concurrent cleanup
[2020-07-12T01:27:14.574+0000][10164][gc           ] GC(21) Concurrent cleanup 127M->71M(4096M) 0.130ms
[2020-07-12T01:27:14.574+0000][10164][gc,ergo      ] Free: 3818M (1911 regions), Max regular: 2048K, Max humongous: 3420M, External frag: 11%, Internal frag: 0%
[2020-07-12T01:27:14.574+0000][10164][gc,ergo      ] Evacuation Reserve: 206M (103 regions), Max regular: 2048K
[2020-07-12T01:27:14.574+0000][10164][gc,ergo      ] Pacer for Idle. Initial: 83886K, Alloc Tax Rate: 1.0x
[2020-07-12T01:27:15.574+0000][10164][safepoint    ] Safepoint "Cleanup", Time since last: 1000561586 ns, Reaching safepoint: 88267 ns, At safepoint: 1633 ns, Total: 89900 ns
[2020-07-12T01:27:16.576+0000][10164][safepoint    ] Safepoint "Cleanup", Time since last: 1001493321 ns, Reaching safepoint: 60667 ns, At safepoint: 1369 ns, Total: 62036 ns
[2020-07-12T01:27:17.578+0000][10164][safepoint    ] Safepoint "Cleanup", Time since last: 1001727050 ns, Reaching safepoint: 63589 ns, At safepoint: 1452 ns, Total: 65041 ns
[2020-07-12T01:27:18.579+0000][10164][safepoint    ] Safepoint "Cleanup", Time since last: 1000874807 ns, Reaching safepoint: 180760 ns, At safepoint: 5068 ns, Total: 185828 ns
[2020-07-12T01:27:19.424+0000][10164][gc           ] Trigger: Allocated since last cycle (409M) is larger than allocation threshold (409M)
[2020-07-12T01:27:19.424+0000][10164][gc,ergo      ] Free: 3460M (1733 regions), Max regular: 2048K, Max humongous: 3420M, External frag: 2%, Internal frag: 0%
[2020-07-12T01:27:19.424+0000][10164][gc,ergo      ] Evacuation Reserve: 206M (103 regions), Max regular: 2048K
[2020-07-12T01:27:19.424+0000][10164][gc,start     ] GC(22) Concurrent reset
[2020-07-12T01:27:19.424+0000][10164][gc,task      ] GC(22) Using 2 of 4 workers for concurrent reset
[2020-07-12T01:27:19.425+0000][10164][gc           ] GC(22) Concurrent reset 429M->429M(4096M) 0.236ms
[2020-07-12T01:27:19.425+0000][10164][gc,start     ] GC(22) Pause Init Mark (unload classes)
[2020-07-12T01:27:19.425+0000][10164][gc,task      ] GC(22) Using 4 of 4 workers for init marking
[2020-07-12T01:27:19.425+0000][10164][gc,ergo      ] GC(22) Pacer for Mark. Expected Live: 18615K, Free: 3460M, Non-Taxable: 346M, Alloc Tax Rate: 0.0x
[2020-07-12T01:27:19.425+0000][10164][gc           ] GC(22) Pause Init Mark (unload classes) 0.446ms
[2020-07-12T01:27:19.425+0000][10164][safepoint    ] Safepoint "ShenandoahInitMark", Time since last: 845898849 ns, Reaching safepoint: 60627 ns, At safepoint: 463081 ns, Total: 523708 ns
[2020-07-12T01:27:19.425+0000][10164][gc,start     ] GC(22) Concurrent marking (unload classes)
[2020-07-12T01:27:19.425+0000][10164][gc,task      ] GC(22) Using 2 of 4 workers for concurrent marking
[2020-07-12T01:27:19.433+0000][10164][gc           ] GC(22) Concurrent marking (unload classes) 429M->445M(4096M) 8.060ms
[2020-07-12T01:27:19.433+0000][10164][gc,start     ] GC(22) Pause Final Mark (unload classes)
[2020-07-12T01:27:19.433+0000][10164][gc,task      ] GC(22) Using 4 of 4 workers for final marking
[2020-07-12T01:27:19.434+0000][10164][gc,ergo      ] GC(22) CSet Selection. Actual Free: 4001M, Max CSet: 3001M
[2020-07-12T01:27:19.434+0000][10164][gc,ergo      ] GC(22) Collectable Garbage: 57851K (13% of total), 1540K CSet, 29 CSet regions
[2020-07-12T01:27:19.434+0000][10164][gc,ergo      ] GC(22) Immediate Garbage: 353M (86% of total), 177 regions
[2020-07-12T01:27:19.434+0000][10164][gc,ergo      ] GC(22) Pacer for Evacuation. Used CSet: 59392K, Free: 3798M, Non-Taxable: 379M, Alloc Tax Rate: 1.1x
[2020-07-12T01:27:19.434+0000][10164][gc           ] GC(22) Pause Final Mark (unload classes) 0.699ms
[2020-07-12T01:27:19.434+0000][10164][safepoint    ] Safepoint "ShenandoahFinalMarkStartEvac", Time since last: 8167100 ns, Reaching safepoint: 55548 ns, At safepoint: 719990 ns, Total: 775538 ns
[2020-07-12T01:27:19.434+0000][10164][gc,start     ] GC(22) Concurrent roots processing
[2020-07-12T01:27:19.434+0000][10164][gc,task      ] GC(22) Using 2 of 4 workers for concurrent root processing
[2020-07-12T01:27:19.446+0000][10164][gc           ] GC(22) Concurrent roots processing 445M->463M(4096M) 11.378ms
[2020-07-12T01:27:19.446+0000][10164][gc,start     ] GC(22) Concurrent cleanup
[2020-07-12T01:27:19.446+0000][10164][gc           ] GC(22) Concurrent cleanup 463M->109M(4096M) 0.225ms
[2020-07-12T01:27:19.446+0000][10164][gc,ergo      ] GC(22) Free: 3780M (1892 regions), Max regular: 2048K, Max humongous: 3420M, External frag: 10%, Internal frag: 0%
[2020-07-12T01:27:19.446+0000][10164][gc,ergo      ] GC(22) Evacuation Reserve: 205M (103 regions), Max regular: 2048K
[2020-07-12T01:27:19.446+0000][10164][gc,start     ] GC(22) Concurrent evacuation
[2020-07-12T01:27:19.446+0000][10164][gc,task      ] GC(22) Using 2 of 4 workers for concurrent evacuation
[2020-07-12T01:27:19.447+0000][10164][gc           ] GC(22) Concurrent evacuation 109M->111M(4096M) 1.335ms
[2020-07-12T01:27:19.448+0000][10164][gc,start     ] GC(22) Pause Init Update Refs
[2020-07-12T01:27:19.448+0000][10164][gc,ergo      ] GC(22) Pacer for Update Refs. Used: 111M, Free: 3780M, Non-Taxable: 378M, Alloc Tax Rate: 1.1x
[2020-07-12T01:27:19.448+0000][10164][gc           ] GC(22) Pause Init Update Refs 0.042ms
[2020-07-12T01:27:19.448+0000][10164][safepoint    ] Safepoint "ShenandoahInitUpdateRefs", Time since last: 13126352 ns, Reaching safepoint: 828833 ns, At safepoint: 61990 ns, Total: 890823 ns
[2020-07-12T01:27:19.448+0000][10164][gc,start     ] GC(22) Concurrent update references
[2020-07-12T01:27:19.448+0000][10164][gc,task      ] GC(22) Using 2 of 4 workers for concurrent reference update
[2020-07-12T01:27:19.455+0000][10164][gc           ] GC(22) Concurrent update references 111M->129M(4096M) 7.308ms
[2020-07-12T01:27:19.457+0000][10164][gc,start     ] GC(22) Pause Final Update Refs
[2020-07-12T01:27:19.457+0000][10164][gc,task      ] GC(22) Using 4 of 4 workers for final reference update
[2020-07-12T01:27:19.457+0000][10164][gc           ] GC(22) Pause Final Update Refs 0.162ms
[2020-07-12T01:27:19.457+0000][10164][safepoint    ] Safepoint "ShenandoahFinalUpdateRefs", Time since last: 7420103 ns, Reaching safepoint: 1762887 ns, At safepoint: 181281 ns, Total: 1944168 ns
[2020-07-12T01:27:19.458+0000][10164][gc,start     ] GC(22) Concurrent cleanup
[2020-07-12T01:27:19.458+0000][10164][gc           ] GC(22) Concurrent cleanup 129M->71M(4096M) 0.100ms
[2020-07-12T01:27:19.458+0000][10164][gc,ergo      ] Free: 3818M (1912 regions), Max regular: 2048K, Max humongous: 3440M, External frag: 10%, Internal frag: 0%
[2020-07-12T01:27:19.458+0000][10164][gc,ergo      ] Evacuation Reserve: 206M (103 regions), Max regular: 2048K
[2020-07-12T01:27:19.458+0000][10164][gc,ergo      ] Pacer for Idle. Initial: 83886K, Alloc Tax Rate: 1.0x
[2020-07-12T01:27:20.458+0000][10164][safepoint    ] Safepoint "Cleanup", Time since last: 1000086659 ns, Reaching safepoint: 68962 ns, At safepoint: 4703 ns, Total: 73665 ns
[2020-07-12T01:27:21.458+0000][10164][safepoint    ] Safepoint "Cleanup", Time since last: 1000297181 ns, Reaching safepoint: 88396 ns, At safepoint: 5932 ns, Total: 94328 ns
[2020-07-12T01:27:22.458+0000][10164][safepoint    ] Safepoint "Cleanup", Time since last: 1000239581 ns, Reaching safepoint: 61297 ns, At safepoint: 1364 ns, Total: 62661 ns
[2020-07-12T01:27:23.458+0000][10164][safepoint    ] Safepoint "Cleanup", Time since last: 1000054973 ns, Reaching safepoint: 64916 ns, At safepoint: 7054 ns, Total: 71970 ns
[2020-07-12T01:27:24.367+0000][10164][gc           ] Trigger: Allocated since last cycle (409M) is larger than allocation threshold (409M)
[2020-07-12T01:27:24.367+0000][10164][gc,ergo      ] Free: 3460M (1733 regions), Max regular: 2048K, Max humongous: 3440M, External frag: 1%, Internal frag: 0%
[2020-07-12T01:27:24.367+0000][10164][gc,ergo      ] Evacuation Reserve: 206M (103 regions), Max regular: 2048K
[2020-07-12T01:27:24.367+0000][10164][gc,start     ] GC(23) Concurrent reset
[2020-07-12T01:27:24.367+0000][10164][gc,task      ] GC(23) Using 2 of 4 workers for concurrent reset
[2020-07-12T01:27:24.367+0000][10164][gc           ] GC(23) Concurrent reset 429M->429M(4096M) 0.239ms
[2020-07-12T01:27:24.368+0000][10164][gc,start     ] GC(23) Pause Init Mark (unload classes)
[2020-07-12T01:27:24.368+0000][10164][gc,task      ] GC(23) Using 4 of 4 workers for init marking
[2020-07-12T01:27:24.368+0000][10164][gc,ergo      ] GC(23) Pacer for Mark. Expected Live: 18619K, Free: 3460M, Non-Taxable: 346M, Alloc Tax Rate: 0.0x
[2020-07-12T01:27:24.368+0000][10164][gc           ] GC(23) Pause Init Mark (unload classes) 0.435ms
[2020-07-12T01:27:24.368+0000][10164][safepoint    ] Safepoint "ShenandoahInitMark", Time since last: 909008225 ns, Reaching safepoint: 61198 ns, At safepoint: 450926 ns, Total: 512124 ns
[2020-07-12T01:27:24.368+0000][10164][gc,start     ] GC(23) Concurrent marking (unload classes)
[2020-07-12T01:27:24.368+0000][10164][gc,task      ] GC(23) Using 2 of 4 workers for concurrent marking
[2020-07-12T01:27:24.377+0000][10164][gc           ] GC(23) Concurrent marking (unload classes) 429M->447M(4096M) 9.035ms
[2020-07-12T01:27:24.378+0000][10164][gc,start     ] GC(23) Pause Final Mark (unload classes)
[2020-07-12T01:27:24.378+0000][10164][gc,task      ] GC(23) Using 4 of 4 workers for final marking
[2020-07-12T01:27:24.378+0000][10164][gc,ergo      ] GC(23) CSet Selection. Actual Free: 4004M, Max CSet: 3003M
[2020-07-12T01:27:24.378+0000][10164][gc,ergo      ] GC(23) Collectable Garbage: 53736K (12% of total), 1559K CSet, 27 CSet regions
[2020-07-12T01:27:24.378+0000][10164][gc,ergo      ] GC(23) Immediate Garbage: 358M (87% of total), 179 regions
[2020-07-12T01:27:24.378+0000][10164][gc,ergo      ] GC(23) Pacer for Evacuation. Used CSet: 55296K, Free: 3800M, Non-Taxable: 380M, Alloc Tax Rate: 1.1x
[2020-07-12T01:27:24.378+0000][10164][gc           ] GC(23) Pause Final Mark (unload classes) 0.762ms
[2020-07-12T01:27:24.378+0000][10164][safepoint    ] Safepoint "ShenandoahFinalMarkStartEvac", Time since last: 9135512 ns, Reaching safepoint: 433452 ns, At safepoint: 783198 ns, Total: 1216650 ns
[2020-07-12T01:27:24.378+0000][10164][gc,start     ] GC(23) Concurrent roots processing
[2020-07-12T01:27:24.378+0000][10164][gc,task      ] GC(23) Using 2 of 4 workers for concurrent root processing
[2020-07-12T01:27:24.392+0000][10164][gc           ] GC(23) Concurrent roots processing 449M->465M(4096M) 14.111ms
[2020-07-12T01:27:24.393+0000][10164][gc,start     ] GC(23) Concurrent cleanup
[2020-07-12T01:27:24.393+0000][10164][gc           ] GC(23) Concurrent cleanup 465M->107M(4096M) 0.266ms
[2020-07-12T01:27:24.393+0000][10164][gc,ergo      ] GC(23) Free: 3782M (1893 regions), Max regular: 2048K, Max humongous: 3422M, External frag: 10%, Internal frag: 0%
[2020-07-12T01:27:24.393+0000][10164][gc,ergo      ] GC(23) Evacuation Reserve: 205M (103 regions), Max regular: 2048K
[2020-07-12T01:27:24.393+0000][10164][gc,start     ] GC(23) Concurrent evacuation
[2020-07-12T01:27:24.393+0000][10164][gc,task      ] GC(23) Using 2 of 4 workers for concurrent evacuation
[2020-07-12T01:27:24.395+0000][10164][gc           ] GC(23) Concurrent evacuation 107M->109M(4096M) 1.625ms
[2020-07-12T01:27:24.396+0000][10164][gc,start     ] GC(23) Pause Init Update Refs
[2020-07-12T01:27:24.396+0000][10164][gc,ergo      ] GC(23) Pacer for Update Refs. Used: 109M, Free: 3782M, Non-Taxable: 378M, Alloc Tax Rate: 1.1x
[2020-07-12T01:27:24.396+0000][10164][gc           ] GC(23) Pause Init Update Refs 0.075ms
[2020-07-12T01:27:24.396+0000][10164][safepoint    ] Safepoint "ShenandoahInitUpdateRefs", Time since last: 16306400 ns, Reaching safepoint: 1449071 ns, At safepoint: 96601 ns, Total: 1545672 ns
[2020-07-12T01:27:24.396+0000][10164][gc,start     ] GC(23) Concurrent update references
[2020-07-12T01:27:24.396+0000][10164][gc,task      ] GC(23) Using 2 of 4 workers for concurrent reference update
[2020-07-12T01:27:24.408+0000][10164][gc           ] GC(23) Concurrent update references 109M->127M(4096M) 11.464ms
[2020-07-12T01:27:24.408+0000][10164][gc,start     ] GC(23) Pause Final Update Refs
[2020-07-12T01:27:24.408+0000][10164][gc,task      ] GC(23) Using 4 of 4 workers for final reference update
[2020-07-12T01:27:24.408+0000][10164][gc           ] GC(23) Pause Final Update Refs 0.385ms
[2020-07-12T01:27:24.409+0000][10164][safepoint    ] Safepoint "ShenandoahFinalUpdateRefs", Time since last: 11699819 ns, Reaching safepoint: 195646 ns, At safepoint: 454995 ns, Total: 650641 ns
[2020-07-12T01:27:24.409+0000][10164][gc,start     ] GC(23) Concurrent cleanup
[2020-07-12T01:27:24.409+0000][10164][gc           ] GC(23) Concurrent cleanup 127M->73M(4096M) 0.139ms
[2020-07-12T01:27:24.409+0000][10164][gc,ergo      ] Free: 3816M (1910 regions), Max regular: 2048K, Max humongous: 3422M, External frag: 11%, Internal frag: 0%
[2020-07-12T01:27:24.409+0000][10164][gc,ergo      ] Evacuation Reserve: 206M (103 regions), Max regular: 2048K
[2020-07-12T01:27:24.409+0000][10164][gc,ergo      ] Pacer for Idle. Initial: 83886K, Alloc Tax Rate: 1.0x
[2020-07-12T01:27:25.409+0000][10164][safepoint    ] Safepoint "Cleanup", Time since last: 1000046616 ns, Reaching safepoint: 231653 ns, At safepoint: 4721 ns, Total: 236374 ns
[2020-07-12T01:27:26.409+0000][10164][safepoint    ] Safepoint "Cleanup", Time since last: 1000052907 ns, Reaching safepoint: 56304 ns, At safepoint: 1039 ns, Total: 57343 ns
[2020-07-12T01:27:27.409+0000][10164][safepoint    ] Safepoint "Cleanup", Time since last: 1000093663 ns, Reaching safepoint: 61219 ns, At safepoint: 1078 ns, Total: 62297 ns
[2020-07-12T01:27:28.409+0000][10164][safepoint    ] Safepoint "Cleanup", Time since last: 1000184965 ns, Reaching safepoint: 83607 ns, At safepoint: 5219 ns, Total: 88826 ns
[2020-07-12T01:27:28.596+0000][10164][gc           ] Trigger: Allocated since last cycle (409M) is larger than allocation threshold (409M)
[2020-07-12T01:27:28.596+0000][10164][gc,ergo      ] Free: 3460M (1733 regions), Max regular: 2048K, Max humongous: 3422M, External frag: 2%, Internal frag: 0%
[2020-07-12T01:27:28.596+0000][10164][gc,ergo      ] Evacuation Reserve: 206M (103 regions), Max regular: 2048K
[2020-07-12T01:27:28.596+0000][10164][gc,start     ] GC(24) Concurrent reset
[2020-07-12T01:27:28.596+0000][10164][gc,task      ] GC(24) Using 2 of 4 workers for concurrent reset
[2020-07-12T01:27:28.596+0000][10164][gc           ] GC(24) Concurrent reset 429M->429M(4096M) 0.225ms
[2020-07-12T01:27:28.596+0000][10164][gc,start     ] GC(24) Pause Init Mark (unload classes)
[2020-07-12T01:27:28.596+0000][10164][gc,task      ] GC(24) Using 4 of 4 workers for init marking
[2020-07-12T01:27:28.597+0000][10164][gc,ergo      ] GC(24) Pacer for Mark. Expected Live: 18619K, Free: 3460M, Non-Taxable: 346M, Alloc Tax Rate: 0.0x
[2020-07-12T01:27:28.597+0000][10164][gc           ] GC(24) Pause Init Mark (unload classes) 0.447ms
[2020-07-12T01:27:28.597+0000][10164][safepoint    ] Safepoint "ShenandoahInitMark", Time since last: 186743321 ns, Reaching safepoint: 57402 ns, At safepoint: 462985 ns, Total: 520387 ns
[2020-07-12T01:27:28.597+0000][10164][gc,start     ] GC(24) Concurrent marking (unload classes)
[2020-07-12T01:27:28.597+0000][10164][gc,task      ] GC(24) Using 2 of 4 workers for concurrent marking
[2020-07-12T01:27:28.606+0000][10164][gc           ] GC(24) Concurrent marking (unload classes) 429M->447M(4096M) 9.150ms
[2020-07-12T01:27:28.606+0000][10164][gc,start     ] GC(24) Pause Final Mark (unload classes)
[2020-07-12T01:27:28.606+0000][10164][gc,task      ] GC(24) Using 4 of 4 workers for final marking
[2020-07-12T01:27:28.606+0000][10164][gc,ergo      ] GC(24) CSet Selection. Actual Free: 4007M, Max CSet: 3005M
[2020-07-12T01:27:28.606+0000][10164][gc,ergo      ] GC(24) Collectable Garbage: 49672K (11% of total), 1527K CSet, 25 CSet regions
[2020-07-12T01:27:28.606+0000][10164][gc,ergo      ] GC(24) Immediate Garbage: 361M (88% of total), 181 regions
[2020-07-12T01:27:28.607+0000][10164][gc,ergo      ] GC(24) Pacer for Evacuation. Used CSet: 51200K, Free: 3804M, Non-Taxable: 380M, Alloc Tax Rate: 1.1x
[2020-07-12T01:27:28.607+0000][10164][gc           ] GC(24) Pause Final Mark (unload classes) 0.765ms
[2020-07-12T01:27:28.607+0000][10164][safepoint    ] Safepoint "ShenandoahFinalMarkStartEvac", Time since last: 9259533 ns, Reaching safepoint: 67300 ns, At safepoint: 778322 ns, Total: 845622 ns
[2020-07-12T01:27:28.607+0000][10164][gc,start     ] GC(24) Concurrent roots processing
[2020-07-12T01:27:28.607+0000][10164][gc,task      ] GC(24) Using 2 of 4 workers for concurrent root processing
[2020-07-12T01:27:28.619+0000][10164][gc           ] GC(24) Concurrent roots processing 447M->447M(4096M) 12.408ms
[2020-07-12T01:27:28.619+0000][10164][gc,start     ] GC(24) Concurrent cleanup
[2020-07-12T01:27:28.619+0000][10164][gc           ] GC(24) Concurrent cleanup 447M->85M(4096M) 0.153ms
[2020-07-12T01:27:28.619+0000][10164][gc,ergo      ] GC(24) Free: 3804M (1903 regions), Max regular: 2048K, Max humongous: 3432M, External frag: 10%, Internal frag: 0%
[2020-07-12T01:27:28.619+0000][10164][gc,ergo      ] GC(24) Evacuation Reserve: 205M (103 regions), Max regular: 2048K
[2020-07-12T01:27:28.619+0000][10164][gc,start     ] GC(24) Concurrent evacuation
[2020-07-12T01:27:28.619+0000][10164][gc,task      ] GC(24) Using 2 of 4 workers for concurrent evacuation
[2020-07-12T01:27:28.621+0000][10164][gc           ] GC(24) Concurrent evacuation 85M->87M(4096M) 1.288ms
[2020-07-12T01:27:28.622+0000][10164][gc,start     ] GC(24) Pause Init Update Refs
[2020-07-12T01:27:28.622+0000][10164][gc,ergo      ] GC(24) Pacer for Update Refs. Used: 89549K, Free: 3804M, Non-Taxable: 380M, Alloc Tax Rate: 1.1x
[2020-07-12T01:27:28.622+0000][10164][gc           ] GC(24) Pause Init Update Refs 0.039ms
[2020-07-12T01:27:28.622+0000][10164][safepoint    ] Safepoint "ShenandoahInitUpdateRefs", Time since last: 14054191 ns, Reaching safepoint: 843288 ns, At safepoint: 54287 ns, Total: 897575 ns
[2020-07-12T01:27:28.622+0000][10164][gc,start     ] GC(24) Concurrent update references
[2020-07-12T01:27:28.622+0000][10164][gc,task      ] GC(24) Using 2 of 4 workers for concurrent reference update
[2020-07-12T01:27:28.628+0000][10164][gc           ] GC(24) Concurrent update references 87M->87M(4096M) 6.546ms
[2020-07-12T01:27:28.628+0000][10164][gc,start     ] GC(24) Pause Final Update Refs
[2020-07-12T01:27:28.628+0000][10164][gc,task      ] GC(24) Using 4 of 4 workers for final reference update
[2020-07-12T01:27:28.629+0000][10164][gc           ] GC(24) Pause Final Update Refs 0.177ms
[2020-07-12T01:27:28.629+0000][10164][safepoint    ] Safepoint "ShenandoahFinalUpdateRefs", Time since last: 6649402 ns, Reaching safepoint: 53218 ns, At safepoint: 191811 ns, Total: 245029 ns
[2020-07-12T01:27:28.629+0000][10164][gc,start     ] GC(24) Concurrent cleanup
[2020-07-12T01:27:28.629+0000][10164][gc           ] GC(24) Concurrent cleanup 87M->37M(4096M) 0.127ms
[2020-07-12T01:27:28.629+0000][10164][gc,ergo      ] Free: 3852M (1927 regions), Max regular: 2048K, Max humongous: 3474M, External frag: 10%, Internal frag: 0%
[2020-07-12T01:27:28.629+0000][10164][gc,ergo      ] Evacuation Reserve: 206M (103 regions), Max regular: 2048K
[2020-07-12T01:27:28.629+0000][10164][gc,ergo      ] Pacer for Idle. Initial: 83886K, Alloc Tax Rate: 1.0x
[2020-07-12T01:27:29.630+0000][10164][safepoint    ] Safepoint "Cleanup", Time since last: 1000945824 ns, Reaching safepoint: 70693 ns, At safepoint: 1297 ns, Total: 71990 ns
[2020-07-12T01:27:30.075+0000][10164][safepoint    ] Safepoint "PrintThreads", Time since last: 444393130 ns, Reaching safepoint: 114251 ns, At safepoint: 627735 ns, Total: 741986 ns
[2020-07-12T01:27:30.075+0000][10164][safepoint    ] Safepoint "PrintJNI", Time since last: 130181 ns, Reaching safepoint: 37028 ns, At safepoint: 3334 ns, Total: 40362 ns
[2020-07-12T01:27:30.075+0000][10164][safepoint    ] Safepoint "FindDeadlocks", Time since last: 120741 ns, Reaching safepoint: 36938 ns, At safepoint: 4625 ns, Total: 41563 ns
[2020-07-12T01:27:31.077+0000][10164][safepoint    ] Safepoint "Cleanup", Time since last: 1001502690 ns, Reaching safepoint: 61238 ns, At safepoint: 1579 ns, Total: 62817 ns
[2020-07-12T01:27:32.077+0000][10164][safepoint    ] Safepoint "Cleanup", Time since last: 1000457637 ns, Reaching safepoint: 75219 ns, At safepoint: 1784 ns, Total: 77003 ns
[2020-07-12T01:27:33.078+0000][10164][safepoint    ] Safepoint "Cleanup", Time since last: 1000149320 ns, Reaching safepoint: 347196 ns, At safepoint: 12653 ns, Total: 359849 ns
[2020-07-12T01:27:33.545+0000][10164][safepoint    ] Safepoint "ClassLoaderStatsOperation", Time since last: 465977308 ns, Reaching safepoint: 79148 ns, At safepoint: 1116891 ns, Total: 1196039 ns
[2020-07-12T01:27:33.552+0000][10164][safepoint    ] Safepoint "JFRCheckpoint", Time since last: 6739746 ns, Reaching safepoint: 64944 ns, At safepoint: 457302 ns, Total: 522246 ns
[2020-07-12T01:27:33.562+0000][10164][safepoint    ] Safepoint "ClassLoaderStatsOperation", Time since last: 8662059 ns, Reaching safepoint: 58815 ns, At safepoint: 1133471 ns, Total: 1192286 ns
[2020-07-12T01:27:33.977+0000][10164][gc           ] Trigger: Allocated since last cycle (431M) is larger than allocation threshold (409M)
[2020-07-12T01:27:33.977+0000][10164][gc,ergo      ] Free: 3438M (1721 regions), Max regular: 2048K, Max humongous: 3436M, External frag: 1%, Internal frag: 0%
[2020-07-12T01:27:33.977+0000][10164][gc,ergo      ] Evacuation Reserve: 206M (103 regions), Max regular: 2048K
[2020-07-12T01:27:33.977+0000][10164][gc,start     ] GC(25) Concurrent reset
[2020-07-12T01:27:33.977+0000][10164][gc,task      ] GC(25) Using 2 of 4 workers for concurrent reset
[2020-07-12T01:27:33.977+0000][10164][gc           ] GC(25) Concurrent reset 451M->451M(4096M) 0.258ms
[2020-07-12T01:27:33.977+0000][10164][gc,start     ] GC(25) Pause Init Mark (process weakrefs) (unload classes)
[2020-07-12T01:27:33.978+0000][10164][gc,task      ] GC(25) Using 4 of 4 workers for init marking
[2020-07-12T01:27:33.978+0000][10164][gc,ergo      ] GC(25) Pacer for Mark. Expected Live: 18614K, Free: 3438M, Non-Taxable: 343M, Alloc Tax Rate: 0.0x
[2020-07-12T01:27:33.978+0000][10164][gc           ] GC(25) Pause Init Mark (process weakrefs) (unload classes) 0.686ms
[2020-07-12T01:27:33.978+0000][10164][safepoint    ] Safepoint "ShenandoahInitMark", Time since last: 415471345 ns, Reaching safepoint: 75822 ns, At safepoint: 704900 ns, Total: 780722 ns
[2020-07-12T01:27:33.978+0000][10164][gc,start     ] GC(25) Concurrent marking (process weakrefs) (unload classes)
[2020-07-12T01:27:33.978+0000][10164][gc,task      ] GC(25) Using 2 of 4 workers for concurrent marking
[2020-07-12T01:27:33.988+0000][10164][gc           ] GC(25) Concurrent marking (process weakrefs) (unload classes) 451M->455M(4096M) 10.209ms
[2020-07-12T01:27:33.988+0000][10164][gc,start     ] GC(25) Concurrent precleaning
[2020-07-12T01:27:33.988+0000][10164][gc,task      ] GC(25) Using 1 of 4 workers for concurrent preclean
[2020-07-12T01:27:33.989+0000][10164][gc           ] GC(25) Concurrent precleaning 455M->455M(4096M) 0.559ms
[2020-07-12T01:27:33.989+0000][10164][gc,start     ] GC(25) Pause Final Mark (process weakrefs) (unload classes)
[2020-07-12T01:27:33.989+0000][10164][gc,task      ] GC(25) Using 4 of 4 workers for final marking
[2020-07-12T01:27:33.990+0000][10164][gc,ergo      ] GC(25) CSet Selection. Actual Free: 4022M, Max CSet: 3016M
[2020-07-12T01:27:33.990+0000][10164][gc,ergo      ] GC(25) Collectable Garbage: 49406K (11% of total), 1793K CSet, 25 CSet regions
[2020-07-12T01:27:33.990+0000][10164][gc,ergo      ] GC(25) Immediate Garbage: 384M (88% of total), 192 regions
[2020-07-12T01:27:33.990+0000][10164][gc,ergo      ] GC(25) Pacer for Evacuation. Used CSet: 51200K, Free: 3818M, Non-Taxable: 381M, Alloc Tax Rate: 1.1x
[2020-07-12T01:27:33.990+0000][10164][gc           ] GC(25) Pause Final Mark (process weakrefs) (unload classes) 0.968ms
[2020-07-12T01:27:33.990+0000][10164][safepoint    ] Safepoint "ShenandoahFinalMarkStartEvac", Time since last: 10885713 ns, Reaching safepoint: 84985 ns, At safepoint: 989451 ns, Total: 1074436 ns
[2020-07-12T01:27:33.990+0000][10164][gc,start     ] GC(25) Concurrent roots processing
[2020-07-12T01:27:33.990+0000][10164][gc,task      ] GC(25) Using 2 of 4 workers for concurrent root processing
[2020-07-12T01:27:34.005+0000][10164][gc           ] GC(25) Concurrent roots processing 455M->457M(4096M) 14.795ms
[2020-07-12T01:27:34.005+0000][10164][gc,start     ] GC(25) Concurrent cleanup
[2020-07-12T01:27:34.005+0000][10164][gc           ] GC(25) Concurrent cleanup 457M->73M(4096M) 0.259ms
[2020-07-12T01:27:34.005+0000][10164][gc,ergo      ] GC(25) Free: 3816M (1910 regions), Max regular: 2048K, Max humongous: 3430M, External frag: 11%, Internal frag: 0%
[2020-07-12T01:27:34.005+0000][10164][gc,ergo      ] GC(25) Evacuation Reserve: 205M (103 regions), Max regular: 2048K
[2020-07-12T01:27:34.005+0000][10164][gc,start     ] GC(25) Concurrent evacuation
[2020-07-12T01:27:34.005+0000][10164][gc,task      ] GC(25) Using 2 of 4 workers for concurrent evacuation
[2020-07-12T01:27:34.007+0000][10164][gc           ] GC(25) Concurrent evacuation 73M->76M(4096M) 1.441ms
[2020-07-12T01:27:34.008+0000][10164][gc,start     ] GC(25) Pause Init Update Refs
[2020-07-12T01:27:34.008+0000][10164][gc,ergo      ] GC(25) Pacer for Update Refs. Used: 78285K, Free: 3816M, Non-Taxable: 381M, Alloc Tax Rate: 1.1x
[2020-07-12T01:27:34.008+0000][10164][gc           ] GC(25) Pause Init Update Refs 0.061ms
[2020-07-12T01:27:34.008+0000][10164][safepoint    ] Safepoint "ShenandoahInitUpdateRefs", Time since last: 16699483 ns, Reaching safepoint: 1465202 ns, At safepoint: 78505 ns, Total: 1543707 ns
[2020-07-12T01:27:34.008+0000][10164][gc,start     ] GC(25) Concurrent update references
[2020-07-12T01:27:34.008+0000][10164][gc,task      ] GC(25) Using 2 of 4 workers for concurrent reference update
[2020-07-12T01:27:34.016+0000][10164][gc           ] GC(25) Concurrent update references 76M->78M(4096M) 7.041ms
[2020-07-12T01:27:34.016+0000][10164][gc,start     ] GC(25) Pause Final Update Refs
[2020-07-12T01:27:34.016+0000][10164][gc,task      ] GC(25) Using 4 of 4 workers for final reference update
[2020-07-12T01:27:34.016+0000][10164][gc           ] GC(25) Pause Final Update Refs 0.208ms
[2020-07-12T01:27:34.016+0000][10164][safepoint    ] Safepoint "ShenandoahFinalUpdateRefs", Time since last: 7183773 ns, Reaching safepoint: 85941 ns, At safepoint: 230435 ns, Total: 316376 ns
[2020-07-12T01:27:34.016+0000][10164][gc,start     ] GC(25) Concurrent cleanup
[2020-07-12T01:27:34.016+0000][10164][gc           ] GC(25) Concurrent cleanup 78M->28M(4096M) 0.113ms
[2020-07-12T01:27:34.016+0000][10164][gc,ergo      ] Free: 3861M (1934 regions), Max regular: 2048K, Max humongous: 3428M, External frag: 12%, Internal frag: 0%
[2020-07-12T01:27:34.016+0000][10164][gc,ergo      ] Evacuation Reserve: 206M (103 regions), Max regular: 2048K
[2020-07-12T01:27:34.016+0000][10164][gc,ergo      ] Pacer for Idle. Initial: 83886K, Alloc Tax Rate: 1.0x
[2020-07-12T01:27:35.913+0000][10164][safepoint    ] Safepoint "Cleanup", Time since last: 1896796221 ns, Reaching safepoint: 80744 ns, At safepoint: 1418 ns, Total: 82162 ns
[2020-07-12T01:27:37.914+0000][10164][safepoint    ] Safepoint "Cleanup", Time since last: 2000820293 ns, Reaching safepoint: 84905 ns, At safepoint: 1715 ns, Total: 86620 ns
[2020-07-12T01:27:38.915+0000][10164][safepoint    ] Safepoint "Cleanup", Time since last: 1000757293 ns, Reaching safepoint: 82899 ns, At safepoint: 1265 ns, Total: 84164 ns
[2020-07-12T01:27:39.292+0000][10164][gc           ] Trigger: Allocated since last cycle (410M) is larger than allocation threshold (409M)
[2020-07-12T01:27:39.292+0000][10164][gc,ergo      ] Free: 3459M (1732 regions), Max regular: 2048K, Max humongous: 3428M, External frag: 1%, Internal frag: 0%
[2020-07-12T01:27:39.292+0000][10164][gc,ergo      ] Evacuation Reserve: 206M (103 regions), Max regular: 2048K
[2020-07-12T01:27:39.292+0000][10164][gc,start     ] GC(26) Concurrent reset
[2020-07-12T01:27:39.292+0000][10164][gc,task      ] GC(26) Using 2 of 4 workers for concurrent reset
[2020-07-12T01:27:39.292+0000][10164][gc           ] GC(26) Concurrent reset 430M->430M(4096M) 0.386ms
[2020-07-12T01:27:39.293+0000][10164][gc,start     ] GC(26) Pause Init Mark (unload classes)
[2020-07-12T01:27:39.293+0000][10164][gc,task      ] GC(26) Using 4 of 4 workers for init marking
[2020-07-12T01:27:39.293+0000][10164][gc,ergo      ] GC(26) Pacer for Mark. Expected Live: 18660K, Free: 3459M, Non-Taxable: 345M, Alloc Tax Rate: 0.0x
[2020-07-12T01:27:39.293+0000][10164][gc           ] GC(26) Pause Init Mark (unload classes) 0.601ms
[2020-07-12T01:27:39.293+0000][10164][safepoint    ] Safepoint "ShenandoahInitMark", Time since last: 377701401 ns, Reaching safepoint: 387012 ns, At safepoint: 617124 ns, Total: 1004136 ns
[2020-07-12T01:27:39.293+0000][10164][gc,start     ] GC(26) Concurrent marking (unload classes)
[2020-07-12T01:27:39.293+0000][10164][gc,task      ] GC(26) Using 2 of 4 workers for concurrent marking
[2020-07-12T01:27:39.303+0000][10164][gc           ] GC(26) Concurrent marking (unload classes) 432M->452M(4096M) 9.843ms
[2020-07-12T01:27:39.303+0000][10164][gc,start     ] GC(26) Pause Final Mark (unload classes)
[2020-07-12T01:27:39.303+0000][10164][gc,task      ] GC(26) Using 4 of 4 workers for final marking
[2020-07-12T01:27:39.304+0000][10164][gc,ergo      ] GC(26) CSet Selection. Actual Free: 3989M, Max CSet: 2992M
[2020-07-12T01:27:39.304+0000][10164][gc,ergo      ] GC(26) Collectable Garbage: 62590K (14% of total), 1929K CSet, 32 CSet regions
[2020-07-12T01:27:39.304+0000][10164][gc,ergo      ] GC(26) Immediate Garbage: 349M (84% of total), 175 regions
[2020-07-12T01:27:39.304+0000][10164][gc,ergo      ] GC(26) Pacer for Evacuation. Used CSet: 64520K, Free: 3786M, Non-Taxable: 378M, Alloc Tax Rate: 1.1x
[2020-07-12T01:27:39.304+0000][10164][gc           ] GC(26) Pause Final Mark (unload classes) 0.681ms
[2020-07-12T01:27:39.304+0000][10164][safepoint    ] Safepoint "ShenandoahFinalMarkStartEvac", Time since last: 9975873 ns, Reaching safepoint: 70409 ns, At safepoint: 695829 ns, Total: 766238 ns
[2020-07-12T01:27:39.304+0000][10164][gc,start     ] GC(26) Concurrent roots processing
[2020-07-12T01:27:39.304+0000][10164][gc,task      ] GC(26) Using 2 of 4 workers for concurrent root processing
[2020-07-12T01:27:39.329+0000][10164][gc           ] GC(26) Concurrent roots processing 452M->481M(4096M) 25.161ms
[2020-07-12T01:27:39.329+0000][10164][gc,start     ] GC(26) Concurrent cleanup
[2020-07-12T01:27:39.330+0000][10164][gc           ] GC(26) Concurrent cleanup 481M->131M(4096M) 0.471ms
[2020-07-12T01:27:39.330+0000][10164][gc,ergo      ] GC(26) Free: 3758M (1880 regions), Max regular: 2048K, Max humongous: 3404M, External frag: 10%, Internal frag: 0%
[2020-07-12T01:27:39.330+0000][10164][gc,ergo      ] GC(26) Evacuation Reserve: 205M (103 regions), Max regular: 2048K
[2020-07-12T01:27:39.330+0000][10164][gc,start     ] GC(26) Concurrent evacuation
[2020-07-12T01:27:39.330+0000][10164][gc,task      ] GC(26) Using 2 of 4 workers for concurrent evacuation
[2020-07-12T01:27:39.331+0000][10164][gc           ] GC(26) Concurrent evacuation 131M->133M(4096M) 0.940ms
[2020-07-12T01:27:39.332+0000][10164][gc,start     ] GC(26) Pause Init Update Refs
[2020-07-12T01:27:39.332+0000][10164][gc,ergo      ] GC(26) Pacer for Update Refs. Used: 133M, Free: 3758M, Non-Taxable: 375M, Alloc Tax Rate: 1.1x
[2020-07-12T01:27:39.332+0000][10164][gc           ] GC(26) Pause Init Update Refs 0.052ms
[2020-07-12T01:27:39.332+0000][10164][safepoint    ] Safepoint "ShenandoahInitUpdateRefs", Time since last: 26758616 ns, Reaching safepoint: 1157445 ns, At safepoint: 72804 ns, Total: 1230249 ns
[2020-07-12T01:27:39.332+0000][10164][gc,start     ] GC(26) Concurrent update references
[2020-07-12T01:27:39.332+0000][10164][gc,task      ] GC(26) Using 2 of 4 workers for concurrent reference update
[2020-07-12T01:27:39.341+0000][10164][gc           ] GC(26) Concurrent update references 135M->157M(4096M) 9.195ms
[2020-07-12T01:27:39.341+0000][10164][gc,start     ] GC(26) Pause Final Update Refs
[2020-07-12T01:27:39.341+0000][10164][gc,task      ] GC(26) Using 4 of 4 workers for final reference update
[2020-07-12T01:27:39.342+0000][10164][gc           ] GC(26) Pause Final Update Refs 0.143ms
[2020-07-12T01:27:39.342+0000][10164][safepoint    ] Safepoint "ShenandoahFinalUpdateRefs", Time since last: 9365035 ns, Reaching safepoint: 54602 ns, At safepoint: 159730 ns, Total: 214332 ns
[2020-07-12T01:27:39.342+0000][10164][gc,start     ] GC(26) Concurrent cleanup
[2020-07-12T01:27:39.342+0000][10164][gc           ] GC(26) Concurrent cleanup 157M->94M(4096M) 0.142ms
[2020-07-12T01:27:39.342+0000][10164][gc,ergo      ] Free: 3795M (1900 regions), Max regular: 2048K, Max humongous: 3404M, External frag: 11%, Internal frag: 0%
[2020-07-12T01:27:39.342+0000][10164][gc,ergo      ] Evacuation Reserve: 206M (103 regions), Max regular: 2048K
[2020-07-12T01:27:39.342+0000][10164][gc,ergo      ] Pacer for Idle. Initial: 83886K, Alloc Tax Rate: 1.0x
[2020-07-12T01:27:40.342+0000][10164][safepoint    ] Safepoint "Cleanup", Time since last: 1000064817 ns, Reaching safepoint: 92912 ns, At safepoint: 4143 ns, Total: 97055 ns
[2020-07-12T01:27:43.415+0000][10164][gc           ] Trigger: Allocated since last cycle (410M) is larger than allocation threshold (409M)
[2020-07-12T01:27:43.415+0000][10164][gc,ergo      ] Free: 3459M (1731 regions), Max regular: 2048K, Max humongous: 3404M, External frag: 2%, Internal frag: 0%
[2020-07-12T01:27:43.415+0000][10164][gc,ergo      ] Evacuation Reserve: 206M (103 regions), Max regular: 2048K
[2020-07-12T01:27:43.415+0000][10164][gc,start     ] GC(27) Concurrent reset
[2020-07-12T01:27:43.415+0000][10164][gc,task      ] GC(27) Using 2 of 4 workers for concurrent reset
[2020-07-12T01:27:43.415+0000][10164][gc           ] GC(27) Concurrent reset 430M->430M(4096M) 0.303ms
[2020-07-12T01:27:43.415+0000][10164][gc,start     ] GC(27) Pause Init Mark (unload classes)
[2020-07-12T01:27:43.415+0000][10164][gc,task      ] GC(27) Using 4 of 4 workers for init marking
[2020-07-12T01:27:43.416+0000][10164][gc,ergo      ] GC(27) Pacer for Mark. Expected Live: 18718K, Free: 3459M, Non-Taxable: 345M, Alloc Tax Rate: 0.0x
[2020-07-12T01:27:43.416+0000][10164][gc           ] GC(27) Pause Init Mark (unload classes) 0.515ms
[2020-07-12T01:27:43.416+0000][10164][safepoint    ] Safepoint "ShenandoahInitMark", Time since last: 3073615688 ns, Reaching safepoint: 156777 ns, At safepoint: 532459 ns, Total: 689236 ns
[2020-07-12T01:27:43.416+0000][10164][gc,start     ] GC(27) Concurrent marking (unload classes)
[2020-07-12T01:27:43.416+0000][10164][gc,task      ] GC(27) Using 2 of 4 workers for concurrent marking
[2020-07-12T01:27:43.427+0000][10164][gc           ] GC(27) Concurrent marking (unload classes) 432M->452M(4096M) 11.100ms
[2020-07-12T01:27:43.427+0000][10164][gc,start     ] GC(27) Pause Final Mark (unload classes)
[2020-07-12T01:27:43.428+0000][10164][gc,task      ] GC(27) Using 4 of 4 workers for final marking
[2020-07-12T01:27:43.429+0000][10164][gc,ergo      ] GC(27) CSet Selection. Actual Free: 3998M, Max CSet: 2998M
[2020-07-12T01:27:43.429+0000][10164][gc,ergo      ] GC(27) Collectable Garbage: 54911K (13% of total), 1932K CSet, 28 CSet regions
[2020-07-12T01:27:43.429+0000][10164][gc,ergo      ] GC(27) Immediate Garbage: 358M (86% of total), 179 regions
[2020-07-12T01:27:43.430+0000][10164][gc,ergo      ] GC(27) Pacer for Evacuation. Used CSet: 56844K, Free: 3794M, Non-Taxable: 379M, Alloc Tax Rate: 1.1x
[2020-07-12T01:27:43.430+0000][10164][gc           ] GC(27) Pause Final Mark (unload classes) 2.070ms
[2020-07-12T01:27:43.430+0000][10164][safepoint    ] Safepoint "ShenandoahFinalMarkStartEvac", Time since last: 11183695 ns, Reaching safepoint: 270850 ns, At safepoint: 2128687 ns, Total: 2399537 ns
[2020-07-12T01:27:43.430+0000][10164][gc,start     ] GC(27) Concurrent roots processing
[2020-07-12T01:27:43.430+0000][10164][gc,task      ] GC(27) Using 2 of 4 workers for concurrent root processing
[2020-07-12T01:27:43.442+0000][10164][gc           ] GC(27) Concurrent roots processing 452M->469M(4096M) 12.689ms
[2020-07-12T01:27:43.442+0000][10164][gc,start     ] GC(27) Concurrent cleanup
[2020-07-12T01:27:43.443+0000][10164][gc           ] GC(27) Concurrent cleanup 469M->111M(4096M) 0.174ms
[2020-07-12T01:27:43.443+0000][10164][gc,ergo      ] GC(27) Free: 3778M (1891 regions), Max regular: 2048K, Max humongous: 3406M, External frag: 10%, Internal frag: 0%
[2020-07-12T01:27:43.443+0000][10164][gc,ergo      ] GC(27) Evacuation Reserve: 205M (103 regions), Max regular: 2048K
[2020-07-12T01:27:43.443+0000][10164][gc,start     ] GC(27) Concurrent evacuation
[2020-07-12T01:27:43.443+0000][10164][gc,task      ] GC(27) Using 2 of 4 workers for concurrent evacuation
[2020-07-12T01:27:43.444+0000][10164][gc           ] GC(27) Concurrent evacuation 111M->113M(4096M) 1.162ms
[2020-07-12T01:27:43.445+0000][10164][gc,start     ] GC(27) Pause Init Update Refs
[2020-07-12T01:27:43.445+0000][10164][gc,ergo      ] GC(27) Pacer for Update Refs. Used: 113M, Free: 3778M, Non-Taxable: 377M, Alloc Tax Rate: 1.1x
[2020-07-12T01:27:43.445+0000][10164][gc           ] GC(27) Pause Init Update Refs 0.051ms
[2020-07-12T01:27:43.445+0000][10164][safepoint    ] Safepoint "ShenandoahInitUpdateRefs", Time since last: 14177672 ns, Reaching safepoint: 894912 ns, At safepoint: 71951 ns, Total: 966863 ns
[2020-07-12T01:27:43.445+0000][10164][gc,start     ] GC(27) Concurrent update references
[2020-07-12T01:27:43.445+0000][10164][gc,task      ] GC(27) Using 2 of 4 workers for concurrent reference update
[2020-07-12T01:27:43.454+0000][10164][gc           ] GC(27) Concurrent update references 113M->129M(4096M) 9.057ms
[2020-07-12T01:27:43.454+0000][10164][gc,start     ] GC(27) Pause Final Update Refs
[2020-07-12T01:27:43.454+0000][10164][gc,task      ] GC(27) Using 4 of 4 workers for final reference update
[2020-07-12T01:27:43.454+0000][10164][gc           ] GC(27) Pause Final Update Refs 0.165ms
[2020-07-12T01:27:43.454+0000][10164][safepoint    ] Safepoint "ShenandoahFinalUpdateRefs", Time since last: 9130947 ns, Reaching safepoint: 126555 ns, At safepoint: 186876 ns, Total: 313431 ns
[2020-07-12T01:27:43.454+0000][10164][gc,start     ] GC(27) Concurrent cleanup
[2020-07-12T01:27:43.454+0000][10164][gc           ] GC(27) Concurrent cleanup 129M->74M(4096M) 0.146ms
[2020-07-12T01:27:43.454+0000][10164][gc,ergo      ] Free: 3815M (1910 regions), Max regular: 2048K, Max humongous: 3468M, External frag: 10%, Internal frag: 0%
[2020-07-12T01:27:43.454+0000][10164][gc,ergo      ] Evacuation Reserve: 206M (103 regions), Max regular: 2048K
[2020-07-12T01:27:43.454+0000][10164][gc,ergo      ] Pacer for Idle. Initial: 83886K, Alloc Tax Rate: 1.0x
[2020-07-12T01:27:46.455+0000][10164][safepoint    ] Safepoint "Cleanup", Time since last: 3000358295 ns, Reaching safepoint: 179731 ns, At safepoint: 10721 ns, Total: 190452 ns
[2020-07-12T01:27:47.455+0000][10164][safepoint    ] Safepoint "Cleanup", Time since last: 1000134496 ns, Reaching safepoint: 170425 ns, At safepoint: 5257 ns, Total: 175682 ns
[2020-07-12T01:27:48.319+0000][10164][gc           ] Trigger: Allocated since last cycle (409M) is larger than allocation threshold (409M)
[2020-07-12T01:27:48.319+0000][10164][gc,ergo      ] Free: 3459M (1732 regions), Max regular: 2048K, Max humongous: 3456M, External frag: 1%, Internal frag: 0%
[2020-07-12T01:27:48.319+0000][10164][gc,ergo      ] Evacuation Reserve: 206M (103 regions), Max regular: 2048K
[2020-07-12T01:27:48.319+0000][10164][gc,start     ] GC(28) Concurrent reset
[2020-07-12T01:27:48.319+0000][10164][gc,task      ] GC(28) Using 2 of 4 workers for concurrent reset
[2020-07-12T01:27:48.319+0000][10164][gc           ] GC(28) Concurrent reset 430M->430M(4096M) 0.249ms
[2020-07-12T01:27:48.319+0000][10164][gc,start     ] GC(28) Pause Init Mark (unload classes)
[2020-07-12T01:27:48.319+0000][10164][gc,task      ] GC(28) Using 4 of 4 workers for init marking
[2020-07-12T01:27:48.320+0000][10164][gc,ergo      ] GC(28) Pacer for Mark. Expected Live: 18773K, Free: 3459M, Non-Taxable: 345M, Alloc Tax Rate: 0.0x
[2020-07-12T01:27:48.320+0000][10164][gc           ] GC(28) Pause Init Mark (unload classes) 0.465ms
[2020-07-12T01:27:48.320+0000][10164][safepoint    ] Safepoint "ShenandoahInitMark", Time since last: 863941569 ns, Reaching safepoint: 339026 ns, At safepoint: 483150 ns, Total: 822176 ns
[2020-07-12T01:27:48.320+0000][10164][gc,start     ] GC(28) Concurrent marking (unload classes)
[2020-07-12T01:27:48.320+0000][10164][gc,task      ] GC(28) Using 2 of 4 workers for concurrent marking
[2020-07-12T01:27:48.328+0000][10164][gc           ] GC(28) Concurrent marking (unload classes) 430M->448M(4096M) 8.140ms
[2020-07-12T01:27:48.328+0000][10164][gc,start     ] GC(28) Pause Final Mark (unload classes)
[2020-07-12T01:27:48.328+0000][10164][gc,task      ] GC(28) Using 4 of 4 workers for final marking
[2020-07-12T01:27:48.329+0000][10164][gc,ergo      ] GC(28) CSet Selection. Actual Free: 4010M, Max CSet: 3007M
[2020-07-12T01:27:48.329+0000][10164][gc,ergo      ] GC(28) Collectable Garbage: 46171K (10% of total), 1964K CSet, 24 CSet regions
[2020-07-12T01:27:48.329+0000][10164][gc,ergo      ] GC(28) Immediate Garbage: 366M (88% of total), 183 regions
[2020-07-12T01:27:48.329+0000][10164][gc,ergo      ] GC(28) Pacer for Evacuation. Used CSet: 48136K, Free: 3806M, Non-Taxable: 380M, Alloc Tax Rate: 1.1x
[2020-07-12T01:27:48.329+0000][10164][gc           ] GC(28) Pause Final Mark (unload classes) 0.841ms
[2020-07-12T01:27:48.329+0000][10164][safepoint    ] Safepoint "ShenandoahFinalMarkStartEvac", Time since last: 8231617 ns, Reaching safepoint: 116142 ns, At safepoint: 859570 ns, Total: 975712 ns
[2020-07-12T01:27:48.329+0000][10164][gc,start     ] GC(28) Concurrent roots processing
[2020-07-12T01:27:48.329+0000][10164][gc,task      ] GC(28) Using 2 of 4 workers for concurrent root processing
[2020-07-12T01:27:48.340+0000][10164][gc           ] GC(28) Concurrent roots processing 450M->465M(4096M) 10.938ms
[2020-07-12T01:27:48.340+0000][10164][gc,start     ] GC(28) Concurrent cleanup
[2020-07-12T01:27:48.340+0000][10164][gc           ] GC(28) Concurrent cleanup 465M->99M(4096M) 0.149ms
[2020-07-12T01:27:48.340+0000][10164][gc,ergo      ] GC(28) Free: 3790M (1896 regions), Max regular: 2048K, Max humongous: 3420M, External frag: 10%, Internal frag: 0%
[2020-07-12T01:27:48.340+0000][10164][gc,ergo      ] GC(28) Evacuation Reserve: 205M (103 regions), Max regular: 2048K
[2020-07-12T01:27:48.340+0000][10164][gc,start     ] GC(28) Concurrent evacuation
[2020-07-12T01:27:48.340+0000][10164][gc,task      ] GC(28) Using 2 of 4 workers for concurrent evacuation
[2020-07-12T01:27:48.342+0000][10164][gc           ] GC(28) Concurrent evacuation 99M->101M(4096M) 1.497ms
[2020-07-12T01:27:48.345+0000][10164][gc,start     ] GC(28) Pause Init Update Refs
[2020-07-12T01:27:48.345+0000][10164][gc,ergo      ] GC(28) Pacer for Update Refs. Used: 101M, Free: 3790M, Non-Taxable: 379M, Alloc Tax Rate: 1.1x
[2020-07-12T01:27:48.345+0000][10164][gc           ] GC(28) Pause Init Update Refs 0.042ms
[2020-07-12T01:27:48.345+0000][10164][safepoint    ] Safepoint "ShenandoahInitUpdateRefs", Time since last: 12772209 ns, Reaching safepoint: 2935326 ns, At safepoint: 61479 ns, Total: 2996805 ns
[2020-07-12T01:27:48.345+0000][10164][gc,start     ] GC(28) Concurrent update references
[2020-07-12T01:27:48.345+0000][10164][gc,task      ] GC(28) Using 2 of 4 workers for concurrent reference update
[2020-07-12T01:27:48.359+0000][10164][gc           ] GC(28) Concurrent update references 101M->115M(4096M) 13.947ms
[2020-07-12T01:27:48.359+0000][10164][gc,start     ] GC(28) Pause Final Update Refs
[2020-07-12T01:27:48.359+0000][10164][gc,task      ] GC(28) Using 4 of 4 workers for final reference update
[2020-07-12T01:27:48.360+0000][10164][gc           ] GC(28) Pause Final Update Refs 0.200ms
[2020-07-12T01:27:48.360+0000][10164][safepoint    ] Safepoint "ShenandoahFinalUpdateRefs", Time since last: 14095586 ns, Reaching safepoint: 561783 ns, At safepoint: 220009 ns, Total: 781792 ns
[2020-07-12T01:27:48.360+0000][10164][gc,start     ] GC(28) Concurrent cleanup
[2020-07-12T01:27:48.360+0000][10164][gc           ] GC(28) Concurrent cleanup 115M->68M(4096M) 0.126ms
[2020-07-12T01:27:48.360+0000][10164][gc,ergo      ] Free: 3821M (1912 regions), Max regular: 2048K, Max humongous: 3420M, External frag: 11%, Internal frag: 0%
[2020-07-12T01:27:48.360+0000][10164][gc,ergo      ] Evacuation Reserve: 206M (103 regions), Max regular: 2048K
[2020-07-12T01:27:48.360+0000][10164][gc,ergo      ] Pacer for Idle. Initial: 83886K, Alloc Tax Rate: 1.0x
[2020-07-12T01:27:49.361+0000][10164][safepoint    ] Safepoint "Cleanup", Time since last: 1000915219 ns, Reaching safepoint: 104928 ns, At safepoint: 8557 ns, Total: 113485 ns
[2020-07-12T01:27:50.362+0000][10164][safepoint    ] Safepoint "Cleanup", Time since last: 1001663652 ns, Reaching safepoint: 129006 ns, At safepoint: 8267 ns, Total: 137273 ns
[2020-07-12T01:27:51.364+0000][10164][safepoint    ] Safepoint "Cleanup", Time since last: 1000092488 ns, Reaching safepoint: 1124416 ns, At safepoint: 8010 ns, Total: 1132426 ns
[2020-07-12T01:27:52.364+0000][10164][safepoint    ] Safepoint "Cleanup", Time since last: 1000395048 ns, Reaching safepoint: 170426 ns, At safepoint: 3605 ns, Total: 174031 ns
[2020-07-12T01:27:52.488+0000][10164][gc           ] Trigger: Allocated since last cycle (410M) is larger than allocation threshold (409M)
[2020-07-12T01:27:52.488+0000][10164][gc,ergo      ] Free: 3459M (1732 regions), Max regular: 2048K, Max humongous: 3420M, External frag: 2%, Internal frag: 0%
[2020-07-12T01:27:52.488+0000][10164][gc,ergo      ] Evacuation Reserve: 206M (103 regions), Max regular: 2048K
[2020-07-12T01:27:52.488+0000][10164][gc,start     ] GC(29) Concurrent reset
[2020-07-12T01:27:52.488+0000][10164][gc,task      ] GC(29) Using 2 of 4 workers for concurrent reset
[2020-07-12T01:27:52.489+0000][10164][gc           ] GC(29) Concurrent reset 430M->430M(4096M) 0.207ms
[2020-07-12T01:27:52.489+0000][10164][gc,start     ] GC(29) Pause Init Mark (unload classes)
[2020-07-12T01:27:52.489+0000][10164][gc,task      ] GC(29) Using 4 of 4 workers for init marking
[2020-07-12T01:27:52.489+0000][10164][gc,ergo      ] GC(29) Pacer for Mark. Expected Live: 18830K, Free: 3459M, Non-Taxable: 345M, Alloc Tax Rate: 0.0x
[2020-07-12T01:27:52.489+0000][10164][gc           ] GC(29) Pause Init Mark (unload classes) 0.418ms
[2020-07-12T01:27:52.489+0000][10164][safepoint    ] Safepoint "ShenandoahInitMark", Time since last: 124399121 ns, Reaching safepoint: 121504 ns, At safepoint: 436375 ns, Total: 557879 ns
[2020-07-12T01:27:52.489+0000][10164][gc,start     ] GC(29) Concurrent marking (unload classes)
[2020-07-12T01:27:52.489+0000][10164][gc,task      ] GC(29) Using 2 of 4 workers for concurrent marking
[2020-07-12T01:27:52.498+0000][10164][gc           ] GC(29) Concurrent marking (unload classes) 432M->448M(4096M) 8.368ms
[2020-07-12T01:27:52.498+0000][10164][gc,start     ] GC(29) Pause Final Mark (unload classes)
[2020-07-12T01:27:52.498+0000][10164][gc,task      ] GC(29) Using 4 of 4 workers for final marking
[2020-07-12T01:27:52.499+0000][10164][gc,ergo      ] GC(29) CSet Selection. Actual Free: 4000M, Max CSet: 3000M
[2020-07-12T01:27:52.499+0000][10164][gc,ergo      ] GC(29) Collectable Garbage: 56417K (13% of total), 1958K CSet, 29 CSet regions
[2020-07-12T01:27:52.499+0000][10164][gc,ergo      ] GC(29) Immediate Garbage: 356M (86% of total), 178 regions
[2020-07-12T01:27:52.499+0000][10164][gc,ergo      ] GC(29) Pacer for Evacuation. Used CSet: 58376K, Free: 3796M, Non-Taxable: 379M, Alloc Tax Rate: 1.1x
[2020-07-12T01:27:52.499+0000][10164][gc           ] GC(29) Pause Final Mark (unload classes) 0.780ms
[2020-07-12T01:27:52.499+0000][10164][safepoint    ] Safepoint "ShenandoahFinalMarkStartEvac", Time since last: 9088941 ns, Reaching safepoint: 92476 ns, At safepoint: 801610 ns, Total: 894086 ns
[2020-07-12T01:27:52.499+0000][10164][gc,start     ] GC(29) Concurrent roots processing
[2020-07-12T01:27:52.499+0000][10164][gc,task      ] GC(29) Using 2 of 4 workers for concurrent root processing
[2020-07-12T01:27:52.511+0000][10164][gc           ] GC(29) Concurrent roots processing 448M->469M(4096M) 12.121ms
[2020-07-12T01:27:52.511+0000][10164][gc,start     ] GC(29) Concurrent cleanup
[2020-07-12T01:27:52.512+0000][10164][gc           ] GC(29) Concurrent cleanup 469M->113M(4096M) 0.156ms
[2020-07-12T01:27:52.512+0000][10164][gc,ergo      ] GC(29) Free: 3776M (1890 regions), Max regular: 2048K, Max humongous: 3418M, External frag: 10%, Internal frag: 0%
[2020-07-12T01:27:52.512+0000][10164][gc,ergo      ] GC(29) Evacuation Reserve: 205M (103 regions), Max regular: 2048K
[2020-07-12T01:27:52.512+0000][10164][gc,start     ] GC(29) Concurrent evacuation
[2020-07-12T01:27:52.512+0000][10164][gc,task      ] GC(29) Using 2 of 4 workers for concurrent evacuation
[2020-07-12T01:27:52.513+0000][10164][gc           ] GC(29) Concurrent evacuation 113M->116M(4096M) 1.415ms
[2020-07-12T01:27:52.514+0000][10164][gc,start     ] GC(29) Pause Init Update Refs
[2020-07-12T01:27:52.514+0000][10164][gc,ergo      ] GC(29) Pacer for Update Refs. Used: 116M, Free: 3776M, Non-Taxable: 377M, Alloc Tax Rate: 1.1x
[2020-07-12T01:27:52.514+0000][10164][gc           ] GC(29) Pause Init Update Refs 0.057ms
[2020-07-12T01:27:52.514+0000][10164][safepoint    ] Safepoint "ShenandoahInitUpdateRefs", Time since last: 13876456 ns, Reaching safepoint: 856461 ns, At safepoint: 90567 ns, Total: 947028 ns
[2020-07-12T01:27:52.514+0000][10164][gc,start     ] GC(29) Concurrent update references
[2020-07-12T01:27:52.514+0000][10164][gc,task      ] GC(29) Using 2 of 4 workers for concurrent reference update
[2020-07-12T01:27:52.523+0000][10164][gc           ] GC(29) Concurrent update references 118M->130M(4096M) 9.120ms
[2020-07-12T01:27:52.523+0000][10164][gc,start     ] GC(29) Pause Final Update Refs
[2020-07-12T01:27:52.523+0000][10164][gc,task      ] GC(29) Using 4 of 4 workers for final reference update
[2020-07-12T01:27:52.524+0000][10164][gc           ] GC(29) Pause Final Update Refs 0.202ms
[2020-07-12T01:27:52.524+0000][10164][safepoint    ] Safepoint "ShenandoahFinalUpdateRefs", Time since last: 9236502 ns, Reaching safepoint: 62071 ns, At safepoint: 225322 ns, Total: 287393 ns
[2020-07-12T01:27:52.524+0000][10164][gc,start     ] GC(29) Concurrent cleanup
[2020-07-12T01:27:52.524+0000][10164][gc           ] GC(29) Concurrent cleanup 130M->73M(4096M) 0.102ms
[2020-07-12T01:27:52.524+0000][10164][gc,ergo      ] Free: 3816M (1910 regions), Max regular: 2048K, Max humongous: 3418M, External frag: 11%, Internal frag: 0%
[2020-07-12T01:27:52.524+0000][10164][gc,ergo      ] Evacuation Reserve: 206M (103 regions), Max regular: 2048K
[2020-07-12T01:27:52.524+0000][10164][gc,ergo      ] Pacer for Idle. Initial: 83886K, Alloc Tax Rate: 1.0x
[2020-07-12T01:27:54.524+0000][10164][safepoint    ] Safepoint "Cleanup", Time since last: 2000365040 ns, Reaching safepoint: 188268 ns, At safepoint: 11350 ns, Total: 199618 ns
[2020-07-12T01:27:55.525+0000][10164][safepoint    ] Safepoint "Cleanup", Time since last: 1001035276 ns, Reaching safepoint: 78583 ns, At safepoint: 1312 ns, Total: 79895 ns
[2020-07-12T01:27:56.526+0000][10164][safepoint    ] Safepoint "Cleanup", Time since last: 1000071967 ns, Reaching safepoint: 197299 ns, At safepoint: 5762 ns, Total: 203061 ns
[2020-07-12T01:27:57.419+0000][10164][gc           ] Trigger: Allocated since last cycle (409M) is larger than allocation threshold (409M)
[2020-07-12T01:27:57.419+0000][10164][gc,ergo      ] Free: 3458M (1732 regions), Max regular: 2048K, Max humongous: 3418M, External frag: 2%, Internal frag: 0%
[2020-07-12T01:27:57.419+0000][10164][gc,ergo      ] Evacuation Reserve: 206M (103 regions), Max regular: 2048K
[2020-07-12T01:27:57.419+0000][10164][gc,start     ] GC(30) Concurrent reset
[2020-07-12T01:27:57.419+0000][10164][gc,task      ] GC(30) Using 2 of 4 workers for concurrent reset
[2020-07-12T01:27:57.419+0000][10164][gc           ] GC(30) Concurrent reset 431M->431M(4096M) 0.198ms
[2020-07-12T01:27:57.420+0000][10164][gc,start     ] GC(30) Pause Init Mark (process weakrefs) (unload classes)
[2020-07-12T01:27:57.420+0000][10164][gc,task      ] GC(30) Using 4 of 4 workers for init marking
[2020-07-12T01:27:57.420+0000][10164][gc,ergo      ] GC(30) Pacer for Mark. Expected Live: 18888K, Free: 3458M, Non-Taxable: 345M, Alloc Tax Rate: 0.0x
[2020-07-12T01:27:57.420+0000][10164][gc           ] GC(30) Pause Init Mark (process weakrefs) (unload classes) 0.511ms
[2020-07-12T01:27:57.420+0000][10164][safepoint    ] Safepoint "ShenandoahInitMark", Time since last: 893459332 ns, Reaching safepoint: 700005 ns, At safepoint: 530400 ns, Total: 1230405 ns
[2020-07-12T01:27:57.420+0000][10164][gc,start     ] GC(30) Concurrent marking (process weakrefs) (unload classes)
[2020-07-12T01:27:57.420+0000][10164][gc,task      ] GC(30) Using 2 of 4 workers for concurrent marking
[2020-07-12T01:27:57.430+0000][10164][gc           ] GC(30) Concurrent marking (process weakrefs) (unload classes) 431M->449M(4096M) 9.983ms
[2020-07-12T01:27:57.430+0000][10164][gc,start     ] GC(30) Concurrent precleaning
[2020-07-12T01:27:57.430+0000][10164][gc,task      ] GC(30) Using 1 of 4 workers for concurrent preclean
[2020-07-12T01:27:57.431+0000][10164][gc           ] GC(30) Concurrent precleaning 449M->449M(4096M) 0.462ms
[2020-07-12T01:27:57.431+0000][10164][gc,start     ] GC(30) Pause Final Mark (process weakrefs) (unload classes)
[2020-07-12T01:27:57.431+0000][10164][gc,task      ] GC(30) Using 4 of 4 workers for final marking
[2020-07-12T01:27:57.432+0000][10164][gc,ergo      ] GC(30) CSet Selection. Actual Free: 3993M, Max CSet: 2995M
[2020-07-12T01:27:57.432+0000][10164][gc,ergo      ] GC(30) Collectable Garbage: 63484K (15% of total), 2050K CSet, 32 CSet regions
[2020-07-12T01:27:57.432+0000][10164][gc,ergo      ] GC(30) Immediate Garbage: 349M (84% of total), 175 regions
[2020-07-12T01:27:57.432+0000][10164][gc,ergo      ] GC(30) Pacer for Evacuation. Used CSet: 65535K, Free: 3790M, Non-Taxable: 379M, Alloc Tax Rate: 1.1x
[2020-07-12T01:27:57.432+0000][10164][gc           ] GC(30) Pause Final Mark (process weakrefs) (unload classes) 1.236ms
[2020-07-12T01:27:57.432+0000][10164][safepoint    ] Safepoint "ShenandoahFinalMarkStartEvac", Time since last: 10595419 ns, Reaching safepoint: 67577 ns, At safepoint: 1257630 ns, Total: 1325207 ns
[2020-07-12T01:27:57.432+0000][10164][gc,start     ] GC(30) Concurrent roots processing
[2020-07-12T01:27:57.432+0000][10164][gc,task      ] GC(30) Using 2 of 4 workers for concurrent root processing
[2020-07-12T01:27:57.444+0000][10164][gc           ] GC(30) Concurrent roots processing 449M->471M(4096M) 11.355ms
[2020-07-12T01:27:57.444+0000][10164][gc,start     ] GC(30) Concurrent cleanup
[2020-07-12T01:27:57.444+0000][10164][gc           ] GC(30) Concurrent cleanup 471M->121M(4096M) 0.233ms
[2020-07-12T01:27:57.444+0000][10164][gc,ergo      ] GC(30) Free: 3768M (1886 regions), Max regular: 2048K, Max humongous: 3416M, External frag: 10%, Internal frag: 0%
[2020-07-12T01:27:57.444+0000][10164][gc,ergo      ] GC(30) Evacuation Reserve: 205M (103 regions), Max regular: 2048K
[2020-07-12T01:27:57.444+0000][10164][gc,start     ] GC(30) Concurrent evacuation
[2020-07-12T01:27:57.444+0000][10164][gc,task      ] GC(30) Using 2 of 4 workers for concurrent evacuation
[2020-07-12T01:27:57.446+0000][10164][gc           ] GC(30) Concurrent evacuation 121M->125M(4096M) 1.655ms
[2020-07-12T01:27:57.447+0000][10164][gc,start     ] GC(30) Pause Init Update Refs
[2020-07-12T01:27:57.447+0000][10164][gc,ergo      ] GC(30) Pacer for Update Refs. Used: 125M, Free: 3768M, Non-Taxable: 376M, Alloc Tax Rate: 1.1x
[2020-07-12T01:27:57.447+0000][10164][gc           ] GC(30) Pause Init Update Refs 0.078ms
[2020-07-12T01:27:57.447+0000][10164][safepoint    ] Safepoint "ShenandoahInitUpdateRefs", Time since last: 13465599 ns, Reaching safepoint: 1397429 ns, At safepoint: 105282 ns, Total: 1502711 ns
[2020-07-12T01:27:57.447+0000][10164][gc,start     ] GC(30) Concurrent update references
[2020-07-12T01:27:57.447+0000][10164][gc,task      ] GC(30) Using 2 of 4 workers for concurrent reference update
[2020-07-12T01:27:57.456+0000][10164][gc           ] GC(30) Concurrent update references 127M->141M(4096M) 8.617ms
[2020-07-12T01:27:57.456+0000][10164][gc,start     ] GC(30) Pause Final Update Refs
[2020-07-12T01:27:57.456+0000][10164][gc,task      ] GC(30) Using 4 of 4 workers for final reference update
[2020-07-12T01:27:57.456+0000][10164][gc           ] GC(30) Pause Final Update Refs 0.202ms
[2020-07-12T01:27:57.456+0000][10164][safepoint    ] Safepoint "ShenandoahFinalUpdateRefs", Time since last: 8782550 ns, Reaching safepoint: 73447 ns, At safepoint: 226606 ns, Total: 300053 ns
[2020-07-12T01:27:57.456+0000][10164][gc,start     ] GC(30) Concurrent cleanup
[2020-07-12T01:27:57.456+0000][10164][gc           ] GC(30) Concurrent cleanup 141M->77M(4096M) 0.111ms
[2020-07-12T01:27:57.456+0000][10164][gc,ergo      ] Free: 3812M (1909 regions), Max regular: 2048K, Max humongous: 3416M, External frag: 11%, Internal frag: 0%
[2020-07-12T01:27:57.456+0000][10164][gc,ergo      ] Evacuation Reserve: 206M (103 regions), Max regular: 2048K
[2020-07-12T01:27:57.456+0000][10164][gc,ergo      ] Pacer for Idle. Initial: 83886K, Alloc Tax Rate: 1.0x
[2020-07-12T01:27:58.456+0000][10164][safepoint    ] Safepoint "Cleanup", Time since last: 1000113962 ns, Reaching safepoint: 91167 ns, At safepoint: 6500 ns, Total: 97667 ns
[2020-07-12T01:27:59.457+0000][10164][safepoint    ] Safepoint "Cleanup", Time since last: 1000090699 ns, Reaching safepoint: 151139 ns, At safepoint: 2494 ns, Total: 153633 ns
[2020-07-12T01:28:00.458+0000][10164][safepoint    ] Safepoint "Cleanup", Time since last: 1000077240 ns, Reaching safepoint: 1066547 ns, At safepoint: 12444 ns, Total: 1078991 ns
[2020-07-12T01:28:01.458+0000][10164][safepoint    ] Safepoint "Cleanup", Time since last: 1000122711 ns, Reaching safepoint: 69727 ns, At safepoint: 4930 ns, Total: 74657 ns
[2020-07-12T01:28:01.811+0000][10164][gc           ] Trigger: Allocated since last cycle (409M) is larger than allocation threshold (409M)
[2020-07-12T01:28:01.811+0000][10164][gc,ergo      ] Free: 3458M (1731 regions), Max regular: 2048K, Max humongous: 3416M, External frag: 2%, Internal frag: 0%
[2020-07-12T01:28:01.811+0000][10164][gc,ergo      ] Evacuation Reserve: 206M (103 regions), Max regular: 2048K
[2020-07-12T01:28:01.811+0000][10164][gc,start     ] GC(31) Concurrent reset
[2020-07-12T01:28:01.811+0000][10164][gc,task      ] GC(31) Using 2 of 4 workers for concurrent reset
[2020-07-12T01:28:01.812+0000][10164][gc           ] GC(31) Concurrent reset 431M->431M(4096M) 0.306ms
[2020-07-12T01:28:01.812+0000][10164][gc,start     ] GC(31) Pause Init Mark (unload classes)
[2020-07-12T01:28:01.812+0000][10164][gc,task      ] GC(31) Using 4 of 4 workers for init marking
[2020-07-12T01:28:01.813+0000][10164][gc,ergo      ] GC(31) Pacer for Mark. Expected Live: 18940K, Free: 3458M, Non-Taxable: 345M, Alloc Tax Rate: 0.0x
[2020-07-12T01:28:01.813+0000][10164][gc           ] GC(31) Pause Init Mark (unload classes) 1.188ms
[2020-07-12T01:28:01.813+0000][10164][safepoint    ] Safepoint "ShenandoahInitMark", Time since last: 353780734 ns, Reaching safepoint: 113739 ns, At safepoint: 1207333 ns, Total: 1321072 ns
[2020-07-12T01:28:01.813+0000][10164][gc,start     ] GC(31) Concurrent marking (unload classes)
[2020-07-12T01:28:01.813+0000][10164][gc,task      ] GC(31) Using 2 of 4 workers for concurrent marking
[2020-07-12T01:28:01.824+0000][10164][gc           ] GC(31) Concurrent marking (unload classes) 431M->435M(4096M) 11.344ms
[2020-07-12T01:28:01.825+0000][10164][gc,start     ] GC(31) Pause Final Mark (unload classes)
[2020-07-12T01:28:01.825+0000][10164][gc,task      ] GC(31) Using 4 of 4 workers for final marking
[2020-07-12T01:28:01.825+0000][10164][gc,ergo      ] GC(31) CSet Selection. Actual Free: 4007M, Max CSet: 3005M
[2020-07-12T01:28:01.825+0000][10164][gc,ergo      ] GC(31) Collectable Garbage: 62877K (14% of total), 2658K CSet, 32 CSet regions
[2020-07-12T01:28:01.825+0000][10164][gc,ergo      ] GC(31) Immediate Garbage: 349M (84% of total), 175 regions
[2020-07-12T01:28:01.826+0000][10164][gc,ergo      ] GC(31) Pacer for Evacuation. Used CSet: 65536K, Free: 3804M, Non-Taxable: 380M, Alloc Tax Rate: 1.1x
[2020-07-12T01:28:01.826+0000][10164][gc           ] GC(31) Pause Final Mark (unload classes) 0.993ms
[2020-07-12T01:28:01.826+0000][10164][safepoint    ] Safepoint "ShenandoahFinalMarkStartEvac", Time since last: 11421157 ns, Reaching safepoint: 107837 ns, At safepoint: 1009854 ns, Total: 1117691 ns
[2020-07-12T01:28:01.826+0000][10164][gc,start     ] GC(31) Concurrent roots processing
[2020-07-12T01:28:01.826+0000][10164][gc,task      ] GC(31) Using 2 of 4 workers for concurrent root processing
[2020-07-12T01:28:01.865+0000][10164][gc           ] GC(31) Concurrent roots processing 435M->439M(4096M) 39.683ms
[2020-07-12T01:28:01.865+0000][10164][gc,start     ] GC(31) Concurrent cleanup
[2020-07-12T01:28:01.866+0000][10164][gc           ] GC(31) Concurrent cleanup 439M->89M(4096M) 0.227ms
[2020-07-12T01:28:01.866+0000][10164][gc,ergo      ] GC(31) Free: 3800M (1901 regions), Max regular: 2048K, Max humongous: 3420M, External frag: 11%, Internal frag: 0%
[2020-07-12T01:28:01.866+0000][10164][gc,ergo      ] GC(31) Evacuation Reserve: 205M (103 regions), Max regular: 2048K
[2020-07-12T01:28:01.866+0000][10164][gc,start     ] GC(31) Concurrent evacuation
[2020-07-12T01:28:01.866+0000][10164][gc,task      ] GC(31) Using 2 of 4 workers for concurrent evacuation
[2020-07-12T01:28:01.870+0000][10164][gc           ] GC(31) Concurrent evacuation 89M->93M(4096M) 3.663ms
[2020-07-12T01:28:01.871+0000][10164][gc,start     ] GC(31) Pause Init Update Refs
[2020-07-12T01:28:01.871+0000][10164][gc,ergo      ] GC(31) Pacer for Update Refs. Used: 95693K, Free: 3800M, Non-Taxable: 380M, Alloc Tax Rate: 1.1x
[2020-07-12T01:28:01.871+0000][10164][gc           ] GC(31) Pause Init Update Refs 0.097ms
[2020-07-12T01:28:01.872+0000][10164][safepoint    ] Safepoint "ShenandoahInitUpdateRefs", Time since last: 43933320 ns, Reaching safepoint: 1825955 ns, At safepoint: 123201 ns, Total: 1949156 ns
[2020-07-12T01:28:01.872+0000][10164][gc,start     ] GC(31) Concurrent update references
[2020-07-12T01:28:01.872+0000][10164][gc,task      ] GC(31) Using 2 of 4 workers for concurrent reference update
[2020-07-12T01:28:01.882+0000][10164][gc           ] GC(31) Concurrent update references 95M->97M(4096M) 10.253ms
[2020-07-12T01:28:01.882+0000][10164][gc,start     ] GC(31) Pause Final Update Refs
[2020-07-12T01:28:01.882+0000][10164][gc,task      ] GC(31) Using 4 of 4 workers for final reference update
[2020-07-12T01:28:01.883+0000][10164][gc           ] GC(31) Pause Final Update Refs 0.391ms
[2020-07-12T01:28:01.883+0000][10164][safepoint    ] Safepoint "ShenandoahFinalUpdateRefs", Time since last: 10384997 ns, Reaching safepoint: 271722 ns, At safepoint: 419957 ns, Total: 691679 ns
[2020-07-12T01:28:01.883+0000][10164][gc,start     ] GC(31) Concurrent cleanup
[2020-07-12T01:28:01.883+0000][10164][gc           ] GC(31) Concurrent cleanup 97M->33M(4096M) 0.156ms
[2020-07-12T01:28:01.883+0000][10164][gc,ergo      ] Free: 3856M (1929 regions), Max regular: 2048K, Max humongous: 3482M, External frag: 10%, Internal frag: 0%
[2020-07-12T01:28:01.883+0000][10164][gc,ergo      ] Evacuation Reserve: 206M (103 regions), Max regular: 2048K
[2020-07-12T01:28:01.883+0000][10164][gc,ergo      ] Pacer for Idle. Initial: 83886K, Alloc Tax Rate: 1.0x
[2020-07-12T01:28:02.893+0000][10164][safepoint    ] Safepoint "Cleanup", Time since last: 1010427693 ns, Reaching safepoint: 188350 ns, At safepoint: 1630 ns, Total: 189980 ns
[2020-07-12T01:28:03.894+0000][10164][safepoint    ] Safepoint "Cleanup", Time since last: 1000182745 ns, Reaching safepoint: 223884 ns, At safepoint: 2865 ns, Total: 226749 ns
[2020-07-12T01:28:04.894+0000][10164][safepoint    ] Safepoint "Cleanup", Time since last: 1000393299 ns, Reaching safepoint: 136755 ns, At safepoint: 2398 ns, Total: 139153 ns
[2020-07-12T01:28:06.104+0000][10164][safepoint    ] Safepoint "Cleanup", Time since last: 1209632740 ns, Reaching safepoint: 142169 ns, At safepoint: 2244 ns, Total: 144413 ns
[2020-07-12T01:28:06.510+0000][10164][gc           ] Trigger: Allocated since last cycle (409M) is larger than allocation threshold (409M)
[2020-07-12T01:28:06.510+0000][10164][gc,ergo      ] Free: 3458M (1731 regions), Max regular: 2048K, Max humongous: 3456M, External frag: 1%, Internal frag: 0%
[2020-07-12T01:28:06.510+0000][10164][gc,ergo      ] Evacuation Reserve: 206M (103 regions), Max regular: 2048K
[2020-07-12T01:28:06.510+0000][10164][gc,start     ] GC(32) Concurrent reset
[2020-07-12T01:28:06.510+0000][10164][gc,task      ] GC(32) Using 2 of 4 workers for concurrent reset
[2020-07-12T01:28:06.510+0000][10164][gc           ] GC(32) Concurrent reset 431M->431M(4096M) 0.395ms
[2020-07-12T01:28:06.510+0000][10164][gc,start     ] GC(32) Pause Init Mark (unload classes)
[2020-07-12T01:28:06.510+0000][10164][gc,task      ] GC(32) Using 4 of 4 workers for init marking
[2020-07-12T01:28:06.511+0000][10164][gc,ergo      ] GC(32) Pacer for Mark. Expected Live: 19085K, Free: 3458M, Non-Taxable: 345M, Alloc Tax Rate: 0.0x
[2020-07-12T01:28:06.511+0000][10164][gc           ] GC(32) Pause Init Mark (unload classes) 0.808ms
[2020-07-12T01:28:06.511+0000][10164][safepoint    ] Safepoint "ShenandoahInitMark", Time since last: 406369763 ns, Reaching safepoint: 135809 ns, At safepoint: 833313 ns, Total: 969122 ns
[2020-07-12T01:28:06.511+0000][10164][gc,start     ] GC(32) Concurrent marking (unload classes)
[2020-07-12T01:28:06.511+0000][10164][gc,task      ] GC(32) Using 2 of 4 workers for concurrent marking
[2020-07-12T01:28:06.522+0000][10164][gc           ] GC(32) Concurrent marking (unload classes) 433M->459M(4096M) 11.044ms
[2020-07-12T01:28:06.523+0000][10164][gc,start     ] GC(32) Pause Final Mark (unload classes)
[2020-07-12T01:28:06.523+0000][10164][gc,task      ] GC(32) Using 4 of 4 workers for final marking
[2020-07-12T01:28:06.525+0000][10164][gc,ergo      ] GC(32) CSet Selection. Actual Free: 3978M, Max CSet: 2983M
[2020-07-12T01:28:06.526+0000][10164][gc,ergo      ] GC(32) Collectable Garbage: 68429K (16% of total), 3250K CSet, 35 CSet regions
[2020-07-12T01:28:06.526+0000][10164][gc,ergo      ] GC(32) Immediate Garbage: 344M (83% of total), 172 regions
[2020-07-12T01:28:06.526+0000][10164][gc,ergo      ] GC(32) Pacer for Evacuation. Used CSet: 71680K, Free: 3774M, Non-Taxable: 377M, Alloc Tax Rate: 1.1x
[2020-07-12T01:28:06.526+0000][10164][gc           ] GC(32) Pause Final Mark (unload classes) 3.496ms
[2020-07-12T01:28:06.526+0000][10164][safepoint    ] Safepoint "ShenandoahFinalMarkStartEvac", Time since last: 11129336 ns, Reaching safepoint: 302124 ns, At safepoint: 3531324 ns, Total: 3833448 ns
[2020-07-12T01:28:06.526+0000][10164][gc,start     ] GC(32) Concurrent roots processing
[2020-07-12T01:28:06.526+0000][10164][gc,task      ] GC(32) Using 2 of 4 workers for concurrent root processing
[2020-07-12T01:28:06.543+0000][10164][gc           ] GC(32) Concurrent roots processing 459M->488M(4096M) 16.684ms
[2020-07-12T01:28:06.543+0000][10164][gc,start     ] GC(32) Concurrent cleanup
[2020-07-12T01:28:06.543+0000][10164][gc           ] GC(32) Concurrent cleanup 488M->144M(4096M) 0.204ms
[2020-07-12T01:28:06.543+0000][10164][gc,ergo      ] GC(32) Free: 3746M (1874 regions), Max regular: 2048K, Max humongous: 3398M, External frag: 10%, Internal frag: 0%
[2020-07-12T01:28:06.543+0000][10164][gc,ergo      ] GC(32) Evacuation Reserve: 205M (103 regions), Max regular: 2048K
[2020-07-12T01:28:06.543+0000][10164][gc,start     ] GC(32) Concurrent evacuation
[2020-07-12T01:28:06.543+0000][10164][gc,task      ] GC(32) Using 2 of 4 workers for concurrent evacuation
[2020-07-12T01:28:06.546+0000][10164][gc           ] GC(32) Concurrent evacuation 144M->151M(4096M) 2.302ms
[2020-07-12T01:28:06.548+0000][10164][gc,start     ] GC(32) Pause Init Update Refs
[2020-07-12T01:28:06.548+0000][10164][gc,ergo      ] GC(32) Pacer for Update Refs. Used: 151M, Free: 3742M, Non-Taxable: 374M, Alloc Tax Rate: 1.1x
[2020-07-12T01:28:06.548+0000][10164][gc           ] GC(32) Pause Init Update Refs 0.098ms
[2020-07-12T01:28:06.548+0000][10164][safepoint    ] Safepoint "ShenandoahInitUpdateRefs", Time since last: 19378665 ns, Reaching safepoint: 2264166 ns, At safepoint: 134046 ns, Total: 2398212 ns
[2020-07-12T01:28:06.548+0000][10164][gc,start     ] GC(32) Concurrent update references
[2020-07-12T01:28:06.548+0000][10164][gc,task      ] GC(32) Using 2 of 4 workers for concurrent reference update
[2020-07-12T01:28:06.561+0000][10164][gc           ] GC(32) Concurrent update references 153M->181M(4096M) 12.918ms
[2020-07-12T01:28:06.561+0000][10164][gc,start     ] GC(32) Pause Final Update Refs
[2020-07-12T01:28:06.561+0000][10164][gc,task      ] GC(32) Using 4 of 4 workers for final reference update
[2020-07-12T01:28:06.561+0000][10164][gc           ] GC(32) Pause Final Update Refs 0.220ms
[2020-07-12T01:28:06.561+0000][10164][safepoint    ] Safepoint "ShenandoahFinalUpdateRefs", Time since last: 13077618 ns, Reaching safepoint: 92778 ns, At safepoint: 247492 ns, Total: 340270 ns
[2020-07-12T01:28:06.561+0000][10164][gc,start     ] GC(32) Concurrent cleanup
[2020-07-12T01:28:06.562+0000][10164][gc           ] GC(32) Concurrent cleanup 181M->111M(4096M) 0.135ms
[2020-07-12T01:28:06.562+0000][10164][gc,ergo      ] Free: 3778M (1890 regions), Max regular: 2048K, Max humongous: 3396M, External frag: 11%, Internal frag: 0%
[2020-07-12T01:28:06.562+0000][10164][gc,ergo      ] Evacuation Reserve: 206M (103 regions), Max regular: 2048K
[2020-07-12T01:28:06.562+0000][10164][gc,ergo      ] Pacer for Idle. Initial: 83886K, Alloc Tax Rate: 1.0x
[2020-07-12T01:28:07.562+0000][10164][safepoint    ] Safepoint "Cleanup", Time since last: 1000118609 ns, Reaching safepoint: 118076 ns, At safepoint: 5435 ns, Total: 123511 ns
[2020-07-12T01:28:08.563+0000][10164][safepoint    ] Safepoint "Cleanup", Time since last: 1000810121 ns, Reaching safepoint: 236631 ns, At safepoint: 6337 ns, Total: 242968 ns
[2020-07-12T01:28:09.563+0000][10164][safepoint    ] Safepoint "Cleanup", Time since last: 1000326822 ns, Reaching safepoint: 150251 ns, At safepoint: 1809 ns, Total: 152060 ns
[2020-07-12T01:28:10.544+0000][10164][gc           ] Trigger: Allocated since last cycle (410M) is larger than allocation threshold (409M)
[2020-07-12T01:28:10.544+0000][10164][gc,ergo      ] Free: 3458M (1731 regions), Max regular: 2048K, Max humongous: 3396M, External frag: 2%, Internal frag: 0%
[2020-07-12T01:28:10.544+0000][10164][gc,ergo      ] Evacuation Reserve: 206M (103 regions), Max regular: 2048K
[2020-07-12T01:28:10.544+0000][10164][gc,start     ] GC(33) Concurrent reset
[2020-07-12T01:28:10.544+0000][10164][gc,task      ] GC(33) Using 2 of 4 workers for concurrent reset
[2020-07-12T01:28:10.545+0000][10164][gc           ] GC(33) Concurrent reset 431M->431M(4096M) 0.321ms
[2020-07-12T01:28:10.549+0000][10164][gc,start     ] GC(33) Pause Init Mark (unload classes)
[2020-07-12T01:28:10.549+0000][10164][gc,task      ] GC(33) Using 4 of 4 workers for init marking
[2020-07-12T01:28:10.549+0000][10164][gc,ergo      ] GC(33) Pacer for Mark. Expected Live: 19342K, Free: 3456M, Non-Taxable: 345M, Alloc Tax Rate: 0.0x
[2020-07-12T01:28:10.549+0000][10164][gc           ] GC(33) Pause Init Mark (unload classes) 0.575ms
[2020-07-12T01:28:10.549+0000][10164][safepoint    ] Safepoint "ShenandoahInitMark", Time since last: 984557688 ns, Reaching safepoint: 1053683 ns, At safepoint: 600715 ns, Total: 1654398 ns
[2020-07-12T01:28:10.549+0000][10164][gc,start     ] GC(33) Concurrent marking (unload classes)
[2020-07-12T01:28:10.549+0000][10164][gc,task      ] GC(33) Using 2 of 4 workers for concurrent marking
[2020-07-12T01:28:10.560+0000][10164][gc           ] GC(33) Concurrent marking (unload classes) 435M->459M(4096M) 10.651ms
[2020-07-12T01:28:10.560+0000][10164][gc,start     ] GC(33) Pause Final Mark (unload classes)
[2020-07-12T01:28:10.560+0000][10164][gc,task      ] GC(33) Using 4 of 4 workers for final marking
[2020-07-12T01:28:10.561+0000][10164][gc,ergo      ] GC(33) CSet Selection. Actual Free: 3980M, Max CSet: 2985M
[2020-07-12T01:28:10.561+0000][10164][gc,ergo      ] GC(33) Collectable Garbage: 66183K (15% of total), 1400K CSet, 33 CSet regions
[2020-07-12T01:28:10.561+0000][10164][gc,ergo      ] GC(33) Immediate Garbage: 348M (84% of total), 174 regions
[2020-07-12T01:28:10.561+0000][10164][gc,ergo      ] GC(33) Pacer for Evacuation. Used CSet: 67584K, Free: 3778M, Non-Taxable: 377M, Alloc Tax Rate: 1.1x
[2020-07-12T01:28:10.561+0000][10164][gc           ] GC(33) Pause Final Mark (unload classes) 1.033ms
[2020-07-12T01:28:10.561+0000][10164][safepoint    ] Safepoint "ShenandoahFinalMarkStartEvac", Time since last: 10748017 ns, Reaching safepoint: 92886 ns, At safepoint: 1059294 ns, Total: 1152180 ns
[2020-07-12T01:28:10.562+0000][10164][gc,start     ] GC(33) Concurrent roots processing
[2020-07-12T01:28:10.562+0000][10164][gc,task      ] GC(33) Using 2 of 4 workers for concurrent root processing
[2020-07-12T01:28:10.577+0000][10164][gc           ] GC(33) Concurrent roots processing 459M->463M(4096M) 14.695ms
[2020-07-12T01:28:10.577+0000][10164][gc,start     ] GC(33) Concurrent cleanup
[2020-07-12T01:28:10.577+0000][10164][gc           ] GC(33) Concurrent cleanup 463M->115M(4096M) 0.269ms
[2020-07-12T01:28:10.577+0000][10164][gc,ergo      ] GC(33) Free: 3774M (1889 regions), Max regular: 2048K, Max humongous: 3414M, External frag: 10%, Internal frag: 0%
[2020-07-12T01:28:10.577+0000][10164][gc,ergo      ] GC(33) Evacuation Reserve: 205M (103 regions), Max regular: 2048K
[2020-07-12T01:28:10.577+0000][10164][gc,start     ] GC(33) Concurrent evacuation
[2020-07-12T01:28:10.577+0000][10164][gc,task      ] GC(33) Using 2 of 4 workers for concurrent evacuation
[2020-07-12T01:28:10.579+0000][10164][gc           ] GC(33) Concurrent evacuation 115M->117M(4096M) 1.417ms
[2020-07-12T01:28:10.580+0000][10164][gc,start     ] GC(33) Pause Init Update Refs
[2020-07-12T01:28:10.580+0000][10164][gc,ergo      ] GC(33) Pacer for Update Refs. Used: 117M, Free: 3774M, Non-Taxable: 377M, Alloc Tax Rate: 1.1x
[2020-07-12T01:28:10.580+0000][10164][gc           ] GC(33) Pause Init Update Refs 0.051ms
[2020-07-12T01:28:10.580+0000][10164][safepoint    ] Safepoint "ShenandoahInitUpdateRefs", Time since last: 17297193 ns, Reaching safepoint: 1026079 ns, At safepoint: 86801 ns, Total: 1112880 ns
[2020-07-12T01:28:10.580+0000][10164][gc,start     ] GC(33) Concurrent update references
[2020-07-12T01:28:10.580+0000][10164][gc,task      ] GC(33) Using 2 of 4 workers for concurrent reference update
[2020-07-12T01:28:10.587+0000][10164][gc           ] GC(33) Concurrent update references 119M->123M(4096M) 7.688ms
[2020-07-12T01:28:10.588+0000][10164][gc,start     ] GC(33) Pause Final Update Refs
[2020-07-12T01:28:10.588+0000][10164][gc,task      ] GC(33) Using 4 of 4 workers for final reference update
[2020-07-12T01:28:10.588+0000][10164][gc           ] GC(33) Pause Final Update Refs 0.229ms
[2020-07-12T01:28:10.588+0000][10164][safepoint    ] Safepoint "ShenandoahFinalUpdateRefs", Time since last: 7816500 ns, Reaching safepoint: 93031 ns, At safepoint: 252851 ns, Total: 345882 ns
[2020-07-12T01:28:10.588+0000][10164][gc,start     ] GC(33) Concurrent cleanup
[2020-07-12T01:28:10.588+0000][10164][gc           ] GC(33) Concurrent cleanup 123M->57M(4096M) 0.138ms
[2020-07-12T01:28:10.588+0000][10164][gc,ergo      ] Free: 3832M (1919 regions), Max regular: 2048K, Max humongous: 3478M, External frag: 10%, Internal frag: 0%
[2020-07-12T01:28:10.588+0000][10164][gc,ergo      ] Evacuation Reserve: 206M (103 regions), Max regular: 2048K
[2020-07-12T01:28:10.588+0000][10164][gc,ergo      ] Pacer for Idle. Initial: 83886K, Alloc Tax Rate: 1.0x
[2020-07-12T01:28:12.087+0000][10164][safepoint    ] Safepoint "Cleanup", Time since last: 1499013158 ns, Reaching safepoint: 110562 ns, At safepoint: 1502 ns, Total: 112064 ns
[2020-07-12T01:28:13.087+0000][10164][safepoint    ] Safepoint "Cleanup", Time since last: 1000223793 ns, Reaching safepoint: 102723 ns, At safepoint: 1580 ns, Total: 104303 ns
[2020-07-12T01:28:14.089+0000][10164][safepoint    ] Safepoint "Cleanup", Time since last: 1000318556 ns, Reaching safepoint: 1025470 ns, At safepoint: 11020 ns, Total: 1036490 ns
[2020-07-12T01:28:15.089+0000][10164][safepoint    ] Safepoint "Cleanup", Time since last: 1000312870 ns, Reaching safepoint: 170668 ns, At safepoint: 3281 ns, Total: 173949 ns
[2020-07-12T01:28:15.456+0000][10164][gc           ] Trigger: Allocated since last cycle (410M) is larger than allocation threshold (409M)
[2020-07-12T01:28:15.457+0000][10164][gc,ergo      ] Free: 3460M (1731 regions), Max regular: 2048K, Max humongous: 3454M, External frag: 1%, Internal frag: 0%
[2020-07-12T01:28:15.457+0000][10164][gc,ergo      ] Evacuation Reserve: 206M (103 regions), Max regular: 2048K
[2020-07-12T01:28:15.457+0000][10164][gc,start     ] GC(34) Concurrent reset
[2020-07-12T01:28:15.457+0000][10164][gc,task      ] GC(34) Using 2 of 4 workers for concurrent reset
[2020-07-12T01:28:15.457+0000][10164][gc           ] GC(34) Concurrent reset 429M->429M(4096M) 0.336ms
[2020-07-12T01:28:15.457+0000][10164][gc,start     ] GC(34) Pause Init Mark (unload classes)
[2020-07-12T01:28:15.457+0000][10164][gc,task      ] GC(34) Using 4 of 4 workers for init marking
[2020-07-12T01:28:15.458+0000][10164][gc,ergo      ] GC(34) Pacer for Mark. Expected Live: 19609K, Free: 3460M, Non-Taxable: 346M, Alloc Tax Rate: 0.0x
[2020-07-12T01:28:15.458+0000][10164][gc           ] GC(34) Pause Init Mark (unload classes) 0.722ms
[2020-07-12T01:28:15.458+0000][10164][safepoint    ] Safepoint "ShenandoahInitMark", Time since last: 367837164 ns, Reaching safepoint: 99939 ns, At safepoint: 753926 ns, Total: 853865 ns
[2020-07-12T01:28:15.458+0000][10164][gc,start     ] GC(34) Concurrent marking (unload classes)
[2020-07-12T01:28:15.458+0000][10164][gc,task      ] GC(34) Using 2 of 4 workers for concurrent marking
[2020-07-12T01:28:15.468+0000][10164][gc           ] GC(34) Concurrent marking (unload classes) 431M->449M(4096M) 9.739ms
[2020-07-12T01:28:15.468+0000][10164][gc,start     ] GC(34) Pause Final Mark (unload classes)
[2020-07-12T01:28:15.468+0000][10164][gc,task      ] GC(34) Using 4 of 4 workers for final marking
[2020-07-12T01:28:15.469+0000][10164][gc,ergo      ] GC(34) CSet Selection. Actual Free: 3984M, Max CSet: 2988M
[2020-07-12T01:28:15.469+0000][10164][gc,ergo      ] GC(34) Collectable Garbage: 68166K (16% of total), 1465K CSet, 34 CSet regions
[2020-07-12T01:28:15.469+0000][10164][gc,ergo      ] GC(34) Immediate Garbage: 342M (83% of total), 171 regions
[2020-07-12T01:28:15.469+0000][10164][gc,ergo      ] GC(34) Pacer for Evacuation. Used CSet: 69632K, Free: 3782M, Non-Taxable: 378M, Alloc Tax Rate: 1.1x
[2020-07-12T01:28:15.469+0000][10164][gc           ] GC(34) Pause Final Mark (unload classes) 1.317ms
[2020-07-12T01:28:15.469+0000][10164][safepoint    ] Safepoint "ShenandoahFinalMarkStartEvac", Time since last: 9866635 ns, Reaching safepoint: 152999 ns, At safepoint: 1363039 ns, Total: 1516038 ns
[2020-07-12T01:28:15.469+0000][10164][gc,start     ] GC(34) Concurrent roots processing
[2020-07-12T01:28:15.469+0000][10164][gc,task      ] GC(34) Using 2 of 4 workers for concurrent root processing
[2020-07-12T01:28:15.484+0000][10164][gc           ] GC(34) Concurrent roots processing 449M->477M(4096M) 14.502ms
[2020-07-12T01:28:15.484+0000][10164][gc,start     ] GC(34) Concurrent cleanup
[2020-07-12T01:28:15.484+0000][10164][gc           ] GC(34) Concurrent cleanup 477M->135M(4096M) 0.260ms
[2020-07-12T01:28:15.484+0000][10164][gc,ergo      ] GC(34) Free: 3754M (1879 regions), Max regular: 2048K, Max humongous: 3408M, External frag: 10%, Internal frag: 0%
[2020-07-12T01:28:15.484+0000][10164][gc,ergo      ] GC(34) Evacuation Reserve: 205M (103 regions), Max regular: 2048K
[2020-07-12T01:28:15.484+0000][10164][gc,start     ] GC(34) Concurrent evacuation
[2020-07-12T01:28:15.484+0000][10164][gc,task      ] GC(34) Using 2 of 4 workers for concurrent evacuation
[2020-07-12T01:28:15.486+0000][10164][gc           ] GC(34) Concurrent evacuation 135M->137M(4096M) 1.422ms
[2020-07-12T01:28:15.487+0000][10164][gc,start     ] GC(34) Pause Init Update Refs
[2020-07-12T01:28:15.487+0000][10164][gc,ergo      ] GC(34) Pacer for Update Refs. Used: 137M, Free: 3754M, Non-Taxable: 375M, Alloc Tax Rate: 1.1x
[2020-07-12T01:28:15.487+0000][10164][gc           ] GC(34) Pause Init Update Refs 0.054ms
[2020-07-12T01:28:15.487+0000][10164][safepoint    ] Safepoint "ShenandoahInitUpdateRefs", Time since last: 16336249 ns, Reaching safepoint: 1017745 ns, At safepoint: 76840 ns, Total: 1094585 ns
[2020-07-12T01:28:15.487+0000][10164][gc,start     ] GC(34) Concurrent update references
[2020-07-12T01:28:15.487+0000][10164][gc,task      ] GC(34) Using 2 of 4 workers for concurrent reference update
[2020-07-12T01:28:15.497+0000][10164][gc           ] GC(34) Concurrent update references 139M->163M(4096M) 9.839ms
[2020-07-12T01:28:15.497+0000][10164][gc,start     ] GC(34) Pause Final Update Refs
[2020-07-12T01:28:15.497+0000][10164][gc,task      ] GC(34) Using 4 of 4 workers for final reference update
[2020-07-12T01:28:15.497+0000][10164][gc           ] GC(34) Pause Final Update Refs 0.438ms
[2020-07-12T01:28:15.497+0000][10164][safepoint    ] Safepoint "ShenandoahFinalUpdateRefs", Time since last: 9949012 ns, Reaching safepoint: 75678 ns, At safepoint: 468602 ns, Total: 544280 ns
[2020-07-12T01:28:15.497+0000][10164][gc,start     ] GC(34) Concurrent cleanup
[2020-07-12T01:28:15.498+0000][10164][gc           ] GC(34) Concurrent cleanup 163M->95M(4096M) 0.255ms
[2020-07-12T01:28:15.498+0000][10164][gc,ergo      ] Free: 3794M (1900 regions), Max regular: 2048K, Max humongous: 3408M, External frag: 11%, Internal frag: 0%
[2020-07-12T01:28:15.498+0000][10164][gc,ergo      ] Evacuation Reserve: 206M (103 regions), Max regular: 2048K
[2020-07-12T01:28:15.498+0000][10164][gc,ergo      ] Pacer for Idle. Initial: 83886K, Alloc Tax Rate: 1.0x
[2020-07-12T01:28:16.497+0000][10164][safepoint    ] Safepoint "Cleanup", Time since last: 1000094922 ns, Reaching safepoint: 94750 ns, At safepoint: 9233 ns, Total: 103983 ns
[2020-07-12T01:28:17.498+0000][10164][safepoint    ] Safepoint "Cleanup", Time since last: 1000062048 ns, Reaching safepoint: 122958 ns, At safepoint: 1693 ns, Total: 124651 ns
[2020-07-12T01:28:19.523+0000][10164][gc           ] Trigger: Allocated since last cycle (409M) is larger than allocation threshold (409M)
[2020-07-12T01:28:19.523+0000][10164][gc,ergo      ] Free: 3458M (1732 regions), Max regular: 2048K, Max humongous: 3408M, External frag: 2%, Internal frag: 0%
[2020-07-12T01:28:19.523+0000][10164][gc,ergo      ] Evacuation Reserve: 206M (103 regions), Max regular: 2048K
[2020-07-12T01:28:19.523+0000][10164][gc,start     ] GC(35) Concurrent reset
[2020-07-12T01:28:19.523+0000][10164][gc,task      ] GC(35) Using 2 of 4 workers for concurrent reset
[2020-07-12T01:28:19.524+0000][10164][gc           ] GC(35) Concurrent reset 431M->431M(4096M) 0.368ms
[2020-07-12T01:28:19.524+0000][10164][gc,start     ] GC(35) Pause Init Mark (process weakrefs) (unload classes)
[2020-07-12T01:28:19.524+0000][10164][gc,task      ] GC(35) Using 4 of 4 workers for init marking
[2020-07-12T01:28:19.525+0000][10164][gc,ergo      ] GC(35) Pacer for Mark. Expected Live: 19889K, Free: 3458M, Non-Taxable: 345M, Alloc Tax Rate: 0.0x
[2020-07-12T01:28:19.525+0000][10164][gc           ] GC(35) Pause Init Mark (process weakrefs) (unload classes) 0.605ms
[2020-07-12T01:28:19.525+0000][10164][safepoint    ] Safepoint "ShenandoahInitMark", Time since last: 2026325493 ns, Reaching safepoint: 87723 ns, At safepoint: 626197 ns, Total: 713920 ns
[2020-07-12T01:28:19.525+0000][10164][gc,start     ] GC(35) Concurrent marking (process weakrefs) (unload classes)
[2020-07-12T01:28:19.525+0000][10164][gc,task      ] GC(35) Using 2 of 4 workers for concurrent marking
[2020-07-12T01:28:19.535+0000][10164][gc           ] GC(35) Concurrent marking (process weakrefs) (unload classes) 433M->455M(4096M) 9.998ms
[2020-07-12T01:28:19.535+0000][10164][gc,start     ] GC(35) Concurrent precleaning
[2020-07-12T01:28:19.535+0000][10164][gc,task      ] GC(35) Using 1 of 4 workers for concurrent preclean
[2020-07-12T01:28:19.535+0000][10164][gc           ] GC(35) Concurrent precleaning 455M->455M(4096M) 0.473ms
[2020-07-12T01:28:19.535+0000][10164][gc,start     ] GC(35) Pause Final Mark (process weakrefs) (unload classes)
[2020-07-12T01:28:19.535+0000][10164][gc,task      ] GC(35) Using 4 of 4 workers for final marking
[2020-07-12T01:28:19.536+0000][10164][gc,ergo      ] GC(35) CSet Selection. Actual Free: 3977M, Max CSet: 2983M
[2020-07-12T01:28:19.536+0000][10164][gc,ergo      ] GC(35) Collectable Garbage: 70840K (16% of total), 2887K CSet, 36 CSet regions
[2020-07-12T01:28:19.536+0000][10164][gc,ergo      ] GC(35) Immediate Garbage: 341M (82% of total), 171 regions
[2020-07-12T01:28:19.537+0000][10164][gc,ergo      ] GC(35) Pacer for Evacuation. Used CSet: 73728K, Free: 3776M, Non-Taxable: 377M, Alloc Tax Rate: 1.1x
[2020-07-12T01:28:19.537+0000][10164][gc           ] GC(35) Pause Final Mark (process weakrefs) (unload classes) 1.401ms
[2020-07-12T01:28:19.537+0000][10164][safepoint    ] Safepoint "ShenandoahFinalMarkStartEvac", Time since last: 10554489 ns, Reaching safepoint: 221466 ns, At safepoint: 1448201 ns, Total: 1669667 ns
[2020-07-12T01:28:19.537+0000][10164][gc,start     ] GC(35) Concurrent roots processing
[2020-07-12T01:28:19.537+0000][10164][gc,task      ] GC(35) Using 2 of 4 workers for concurrent root processing
[2020-07-12T01:28:19.566+0000][10164][gc           ] GC(35) Concurrent roots processing 455M->476M(4096M) 29.523ms
[2020-07-12T01:28:19.566+0000][10164][gc,start     ] GC(35) Concurrent cleanup
[2020-07-12T01:28:19.567+0000][10164][gc           ] GC(35) Concurrent cleanup 476M->134M(4096M) 0.240ms
[2020-07-12T01:28:19.567+0000][10164][gc,ergo      ] GC(35) Free: 3756M (1880 regions), Max regular: 2048K, Max humongous: 3428M, External frag: 9%, Internal frag: 0%
[2020-07-12T01:28:19.567+0000][10164][gc,ergo      ] GC(35) Evacuation Reserve: 204M (103 regions), Max regular: 2048K
[2020-07-12T01:28:19.567+0000][10164][gc,start     ] GC(35) Concurrent evacuation
[2020-07-12T01:28:19.567+0000][10164][gc,task      ] GC(35) Using 2 of 4 workers for concurrent evacuation
[2020-07-12T01:28:19.568+0000][10164][gc           ] GC(35) Concurrent evacuation 134M->137M(4096M) 1.508ms
[2020-07-12T01:28:19.570+0000][10164][gc,start     ] GC(35) Pause Init Update Refs
[2020-07-12T01:28:19.570+0000][10164][gc,ergo      ] GC(35) Pacer for Update Refs. Used: 137M, Free: 3756M, Non-Taxable: 375M, Alloc Tax Rate: 1.1x
[2020-07-12T01:28:19.570+0000][10164][gc           ] GC(35) Pause Init Update Refs 0.071ms
[2020-07-12T01:28:19.570+0000][10164][safepoint    ] Safepoint "ShenandoahInitUpdateRefs", Time since last: 31470387 ns, Reaching safepoint: 1976460 ns, At safepoint: 98555 ns, Total: 2075015 ns
[2020-07-12T01:28:19.570+0000][10164][gc,start     ] GC(35) Concurrent update references
[2020-07-12T01:28:19.570+0000][10164][gc,task      ] GC(35) Using 2 of 4 workers for concurrent reference update
[2020-07-12T01:28:19.580+0000][10164][gc           ] GC(35) Concurrent update references 139M->161M(4096M) 9.735ms
[2020-07-12T01:28:19.581+0000][10164][gc,start     ] GC(35) Pause Final Update Refs
[2020-07-12T01:28:19.581+0000][10164][gc,task      ] GC(35) Using 4 of 4 workers for final reference update
[2020-07-12T01:28:19.581+0000][10164][gc           ] GC(35) Pause Final Update Refs 0.185ms
[2020-07-12T01:28:19.581+0000][10164][safepoint    ] Safepoint "ShenandoahFinalUpdateRefs", Time since last: 9847285 ns, Reaching safepoint: 1042840 ns, At safepoint: 212127 ns, Total: 1254967 ns
[2020-07-12T01:28:19.582+0000][10164][gc,start     ] GC(35) Concurrent cleanup
[2020-07-12T01:28:19.582+0000][10164][gc           ] GC(35) Concurrent cleanup 161M->89M(4096M) 0.122ms
[2020-07-12T01:28:19.582+0000][10164][gc,ergo      ] Free: 3800M (1902 regions), Max regular: 2048K, Max humongous: 3458M, External frag: 10%, Internal frag: 0%
[2020-07-12T01:28:19.582+0000][10164][gc,ergo      ] Evacuation Reserve: 206M (103 regions), Max regular: 2048K
[2020-07-12T01:28:19.582+0000][10164][gc,ergo      ] Pacer for Idle. Initial: 83886K, Alloc Tax Rate: 1.0x
[2020-07-12T01:28:20.582+0000][10164][safepoint    ] Safepoint "Cleanup", Time since last: 1000141686 ns, Reaching safepoint: 148217 ns, At safepoint: 1947 ns, Total: 150164 ns
[2020-07-12T01:28:23.583+0000][10164][safepoint    ] Safepoint "Cleanup", Time since last: 3000729549 ns, Reaching safepoint: 244810 ns, At safepoint: 6116 ns, Total: 250926 ns
[2020-07-12T01:28:24.392+0000][10164][gc           ] Trigger: Allocated since last cycle (409M) is larger than allocation threshold (409M)
[2020-07-12T01:28:24.392+0000][10164][gc,ergo      ] Free: 3458M (1731 regions), Max regular: 2048K, Max humongous: 3454M, External frag: 1%, Internal frag: 0%
[2020-07-12T01:28:24.392+0000][10164][gc,ergo      ] Evacuation Reserve: 206M (103 regions), Max regular: 2048K
[2020-07-12T01:28:24.392+0000][10164][gc,start     ] GC(36) Concurrent reset
[2020-07-12T01:28:24.392+0000][10164][gc,task      ] GC(36) Using 2 of 4 workers for concurrent reset
[2020-07-12T01:28:24.392+0000][10164][gc           ] GC(36) Concurrent reset 431M->431M(4096M) 0.263ms
[2020-07-12T01:28:24.392+0000][10164][gc,start     ] GC(36) Pause Init Mark (unload classes)
[2020-07-12T01:28:24.392+0000][10164][gc,task      ] GC(36) Using 4 of 4 workers for init marking
[2020-07-12T01:28:24.393+0000][10164][gc,ergo      ] GC(36) Pacer for Mark. Expected Live: 20057K, Free: 3458M, Non-Taxable: 345M, Alloc Tax Rate: 0.0x
[2020-07-12T01:28:24.393+0000][10164][gc           ] GC(36) Pause Init Mark (unload classes) 0.580ms
[2020-07-12T01:28:24.393+0000][10164][safepoint    ] Safepoint "ShenandoahInitMark", Time since last: 809339782 ns, Reaching safepoint: 85395 ns, At safepoint: 605005 ns, Total: 690400 ns
[2020-07-12T01:28:24.393+0000][10164][gc,start     ] GC(36) Concurrent marking (unload classes)
[2020-07-12T01:28:24.393+0000][10164][gc,task      ] GC(36) Using 2 of 4 workers for concurrent marking
[2020-07-12T01:28:24.404+0000][10164][gc           ] GC(36) Concurrent marking (unload classes) 433M->453M(4096M) 11.125ms
[2020-07-12T01:28:24.404+0000][10164][gc,start     ] GC(36) Pause Final Mark (unload classes)
[2020-07-12T01:28:24.404+0000][10164][gc,task      ] GC(36) Using 4 of 4 workers for final marking
[2020-07-12T01:28:24.405+0000][10164][gc,ergo      ] GC(36) CSet Selection. Actual Free: 3972M, Max CSet: 2979M
[2020-07-12T01:28:24.405+0000][10164][gc,ergo      ] GC(36) Collectable Garbage: 78869K (18% of total), 3050K CSet, 40 CSet regions
[2020-07-12T01:28:24.405+0000][10164][gc,ergo      ] GC(36) Immediate Garbage: 334M (81% of total), 167 regions
[2020-07-12T01:28:24.405+0000][10164][gc,ergo      ] GC(36) Pacer for Evacuation. Used CSet: 81920K, Free: 3770M, Non-Taxable: 377M, Alloc Tax Rate: 1.1x
[2020-07-12T01:28:24.405+0000][10164][gc           ] GC(36) Pause Final Mark (unload classes) 0.920ms
[2020-07-12T01:28:24.405+0000][10164][safepoint    ] Safepoint "ShenandoahFinalMarkStartEvac", Time since last: 11212288 ns, Reaching safepoint: 74186 ns, At safepoint: 943367 ns, Total: 1017553 ns
[2020-07-12T01:28:24.405+0000][10164][gc,start     ] GC(36) Concurrent roots processing
[2020-07-12T01:28:24.405+0000][10164][gc,task      ] GC(36) Using 2 of 4 workers for concurrent root processing
[2020-07-12T01:28:24.434+0000][10164][gc           ] GC(36) Concurrent roots processing 455M->472M(4096M) 29.193ms
[2020-07-12T01:28:24.434+0000][10164][gc,start     ] GC(36) Concurrent cleanup
[2020-07-12T01:28:24.434+0000][10164][gc           ] GC(36) Concurrent cleanup 472M->138M(4096M) 0.189ms
[2020-07-12T01:28:24.435+0000][10164][gc,ergo      ] GC(36) Free: 3752M (1877 regions), Max regular: 2048K, Max humongous: 3412M, External frag: 10%, Internal frag: 0%
[2020-07-12T01:28:24.435+0000][10164][gc,ergo      ] GC(36) Evacuation Reserve: 205M (103 regions), Max regular: 2048K
[2020-07-12T01:28:24.435+0000][10164][gc,start     ] GC(36) Concurrent evacuation
[2020-07-12T01:28:24.435+0000][10164][gc,task      ] GC(36) Using 2 of 4 workers for concurrent evacuation
[2020-07-12T01:28:24.436+0000][10164][gc           ] GC(36) Concurrent evacuation 140M->143M(4096M) 1.568ms
[2020-07-12T01:28:24.438+0000][10164][gc,start     ] GC(36) Pause Init Update Refs
[2020-07-12T01:28:24.438+0000][10164][gc,ergo      ] GC(36) Pacer for Update Refs. Used: 143M, Free: 3750M, Non-Taxable: 375M, Alloc Tax Rate: 1.1x
[2020-07-12T01:28:24.438+0000][10164][gc           ] GC(36) Pause Init Update Refs 0.065ms
[2020-07-12T01:28:24.438+0000][10164][safepoint    ] Safepoint "ShenandoahInitUpdateRefs", Time since last: 31170620 ns, Reaching safepoint: 1592080 ns, At safepoint: 87605 ns, Total: 1679685 ns
[2020-07-12T01:28:24.438+0000][10164][gc,start     ] GC(36) Concurrent update references
[2020-07-12T01:28:24.438+0000][10164][gc,task      ] GC(36) Using 2 of 4 workers for concurrent reference update
[2020-07-12T01:28:24.449+0000][10164][gc           ] GC(36) Concurrent update references 147M->163M(4096M) 10.863ms
[2020-07-12T01:28:24.452+0000][10164][gc,start     ] GC(36) Pause Final Update Refs
[2020-07-12T01:28:24.452+0000][10164][gc,task      ] GC(36) Using 4 of 4 workers for final reference update
[2020-07-12T01:28:24.452+0000][10164][gc           ] GC(36) Pause Final Update Refs 0.237ms
[2020-07-12T01:28:24.452+0000][10164][safepoint    ] Safepoint "ShenandoahFinalUpdateRefs", Time since last: 11006969 ns, Reaching safepoint: 2732697 ns, At safepoint: 266497 ns, Total: 2999194 ns
[2020-07-12T01:28:24.452+0000][10164][gc,start     ] GC(36) Concurrent cleanup
[2020-07-12T01:28:24.452+0000][10164][gc           ] GC(36) Concurrent cleanup 163M->83M(4096M) 0.105ms
[2020-07-12T01:28:24.452+0000][10164][gc,ergo      ] Free: 3806M (1905 regions), Max regular: 2048K, Max humongous: 3412M, External frag: 11%, Internal frag: 0%
[2020-07-12T01:28:24.452+0000][10164][gc,ergo      ] Evacuation Reserve: 206M (103 regions), Max regular: 2048K
[2020-07-12T01:28:24.452+0000][10164][gc,ergo      ] Pacer for Idle. Initial: 83886K, Alloc Tax Rate: 1.0x
[2020-07-12T01:28:25.452+0000][10164][safepoint    ] Safepoint "Cleanup", Time since last: 1000075277 ns, Reaching safepoint: 381205 ns, At safepoint: 16967 ns, Total: 398172 ns
[2020-07-12T01:28:26.453+0000][10164][safepoint    ] Safepoint "Cleanup", Time since last: 1000080229 ns, Reaching safepoint: 181911 ns, At safepoint: 7201 ns, Total: 189112 ns
[2020-07-12T01:28:28.453+0000][10164][safepoint    ] Safepoint "Cleanup", Time since last: 2000255484 ns, Reaching safepoint: 248924 ns, At safepoint: 7404 ns, Total: 256328 ns
[2020-07-12T01:28:28.506+0000][10164][gc           ] Trigger: Allocated since last cycle (410M) is larger than allocation threshold (409M)
[2020-07-12T01:28:28.506+0000][10164][gc,ergo      ] Free: 3458M (1731 regions), Max regular: 2048K, Max humongous: 3412M, External frag: 2%, Internal frag: 0%
[2020-07-12T01:28:28.506+0000][10164][gc,ergo      ] Evacuation Reserve: 206M (103 regions), Max regular: 2048K
[2020-07-12T01:28:28.506+0000][10164][gc,start     ] GC(37) Concurrent reset
[2020-07-12T01:28:28.506+0000][10164][gc,task      ] GC(37) Using 2 of 4 workers for concurrent reset
[2020-07-12T01:28:28.507+0000][10164][gc           ] GC(37) Concurrent reset 431M->431M(4096M) 0.287ms
[2020-07-12T01:28:28.507+0000][10164][gc,start     ] GC(37) Pause Init Mark (unload classes)
[2020-07-12T01:28:28.507+0000][10164][gc,task      ] GC(37) Using 4 of 4 workers for init marking
[2020-07-12T01:28:28.507+0000][10164][gc,ergo      ] GC(37) Pacer for Mark. Expected Live: 20127K, Free: 3458M, Non-Taxable: 345M, Alloc Tax Rate: 0.0x
[2020-07-12T01:28:28.507+0000][10164][gc           ] GC(37) Pause Init Mark (unload classes) 0.535ms
[2020-07-12T01:28:28.507+0000][10164][safepoint    ] Safepoint "ShenandoahInitMark", Time since last: 53541084 ns, Reaching safepoint: 107757 ns, At safepoint: 556819 ns, Total: 664576 ns
[2020-07-12T01:28:28.507+0000][10164][gc,start     ] GC(37) Concurrent marking (unload classes)
[2020-07-12T01:28:28.507+0000][10164][gc,task      ] GC(37) Using 2 of 4 workers for concurrent marking
[2020-07-12T01:28:28.517+0000][10164][gc           ] GC(37) Concurrent marking (unload classes) 433M->449M(4096M) 9.353ms
[2020-07-12T01:28:28.517+0000][10164][gc,start     ] GC(37) Pause Final Mark (unload classes)
[2020-07-12T01:28:28.517+0000][10164][gc,task      ] GC(37) Using 4 of 4 workers for final marking
[2020-07-12T01:28:28.517+0000][10164][gc,ergo      ] GC(37) CSet Selection. Actual Free: 3982M, Max CSet: 2986M
[2020-07-12T01:28:28.517+0000][10164][gc,ergo      ] GC(37) Collectable Garbage: 72696K (17% of total), 3079K CSet, 37 CSet regions
[2020-07-12T01:28:28.517+0000][10164][gc,ergo      ] GC(37) Immediate Garbage: 340M (82% of total), 170 regions
[2020-07-12T01:28:28.518+0000][10164][gc,ergo      ] GC(37) Pacer for Evacuation. Used CSet: 75776K, Free: 3780M, Non-Taxable: 378M, Alloc Tax Rate: 1.1x
[2020-07-12T01:28:28.518+0000][10164][gc           ] GC(37) Pause Final Mark (unload classes) 0.958ms
[2020-07-12T01:28:28.518+0000][10164][safepoint    ] Safepoint "ShenandoahFinalMarkStartEvac", Time since last: 9458797 ns, Reaching safepoint: 147889 ns, At safepoint: 982840 ns, Total: 1130729 ns
[2020-07-12T01:28:28.518+0000][10164][gc,start     ] GC(37) Concurrent roots processing
[2020-07-12T01:28:28.518+0000][10164][gc,task      ] GC(37) Using 2 of 4 workers for concurrent root processing
[2020-07-12T01:28:28.536+0000][10164][gc           ] GC(37) Concurrent roots processing 449M->474M(4096M) 17.598ms
[2020-07-12T01:28:28.536+0000][10164][gc,start     ] GC(37) Concurrent cleanup
[2020-07-12T01:28:28.536+0000][10164][gc           ] GC(37) Concurrent cleanup 474M->134M(4096M) 0.170ms
[2020-07-12T01:28:28.536+0000][10164][gc,ergo      ] GC(37) Free: 3756M (1879 regions), Max regular: 2048K, Max humongous: 3410M, External frag: 10%, Internal frag: 0%
[2020-07-12T01:28:28.536+0000][10164][gc,ergo      ] GC(37) Evacuation Reserve: 205M (103 regions), Max regular: 2048K
[2020-07-12T01:28:28.536+0000][10164][gc,start     ] GC(37) Concurrent evacuation
[2020-07-12T01:28:28.536+0000][10164][gc,task      ] GC(37) Using 2 of 4 workers for concurrent evacuation
[2020-07-12T01:28:28.537+0000][10164][gc           ] GC(37) Concurrent evacuation 134M->137M(4096M) 1.491ms
[2020-07-12T01:28:28.539+0000][10164][gc,start     ] GC(37) Pause Init Update Refs
[2020-07-12T01:28:28.540+0000][10164][gc,ergo      ] GC(37) Pacer for Update Refs. Used: 137M, Free: 3756M, Non-Taxable: 375M, Alloc Tax Rate: 1.1x
[2020-07-12T01:28:28.540+0000][10164][gc           ] GC(37) Pause Init Update Refs 0.048ms
[2020-07-12T01:28:28.540+0000][10164][safepoint    ] Safepoint "ShenandoahInitUpdateRefs", Time since last: 19428188 ns, Reaching safepoint: 2153537 ns, At safepoint: 74310 ns, Total: 2227847 ns
[2020-07-12T01:28:28.540+0000][10164][gc,start     ] GC(37) Concurrent update references
[2020-07-12T01:28:28.540+0000][10164][gc,task      ] GC(37) Using 2 of 4 workers for concurrent reference update
[2020-07-12T01:28:28.550+0000][10164][gc           ] GC(37) Concurrent update references 139M->157M(4096M) 9.920ms
[2020-07-12T01:28:28.550+0000][10164][gc,start     ] GC(37) Pause Final Update Refs
[2020-07-12T01:28:28.550+0000][10164][gc,task      ] GC(37) Using 4 of 4 workers for final reference update
[2020-07-12T01:28:28.551+0000][10164][gc           ] GC(37) Pause Final Update Refs 0.300ms
[2020-07-12T01:28:28.551+0000][10164][safepoint    ] Safepoint "ShenandoahFinalUpdateRefs", Time since last: 9991317 ns, Reaching safepoint: 762053 ns, At safepoint: 356349 ns, Total: 1118402 ns
[2020-07-12T01:28:28.551+0000][10164][gc,start     ] GC(37) Concurrent cleanup
[2020-07-12T01:28:28.551+0000][10164][gc           ] GC(37) Concurrent cleanup 157M->85M(4096M) 0.124ms
[2020-07-12T01:28:28.551+0000][10164][gc,ergo      ] Free: 3804M (1904 regions), Max regular: 2048K, Max humongous: 3410M, External frag: 11%, Internal frag: 0%
[2020-07-12T01:28:28.551+0000][10164][gc,ergo      ] Evacuation Reserve: 206M (103 regions), Max regular: 2048K
[2020-07-12T01:28:28.551+0000][10164][gc,ergo      ] Pacer for Idle. Initial: 83886K, Alloc Tax Rate: 1.0x
[2020-07-12T01:28:29.551+0000][10164][safepoint    ] Safepoint "Cleanup", Time since last: 1000041913 ns, Reaching safepoint: 134114 ns, At safepoint: 7755 ns, Total: 141869 ns
[2020-07-12T01:28:30.075+0000][10164][safepoint    ] Safepoint "PrintThreads", Time since last: 523190557 ns, Reaching safepoint: 140835 ns, At safepoint: 816061 ns, Total: 956896 ns
[2020-07-12T01:28:30.075+0000][10164][safepoint    ] Safepoint "PrintJNI", Time since last: 98061 ns, Reaching safepoint: 85604 ns, At safepoint: 5303 ns, Total: 90907 ns
[2020-07-12T01:28:30.075+0000][10164][safepoint    ] Safepoint "FindDeadlocks", Time since last: 79422 ns, Reaching safepoint: 108709 ns, At safepoint: 5833 ns, Total: 114542 ns
[2020-07-12T01:28:32.077+0000][10164][safepoint    ] Safepoint "Cleanup", Time since last: 2001144076 ns, Reaching safepoint: 164638 ns, At safepoint: 2223 ns, Total: 166861 ns
[2020-07-12T01:28:33.077+0000][10164][safepoint    ] Safepoint "Cleanup", Time since last: 1000048307 ns, Reaching safepoint: 113249 ns, At safepoint: 1377 ns, Total: 114626 ns
[2020-07-12T01:28:33.430+0000][10164][gc           ] Trigger: Allocated since last cycle (410M) is larger than allocation threshold (409M)
[2020-07-12T01:28:33.430+0000][10164][gc,ergo      ] Free: 3458M (1731 regions), Max regular: 2048K, Max humongous: 3410M, External frag: 2%, Internal frag: 0%
[2020-07-12T01:28:33.430+0000][10164][gc,ergo      ] Evacuation Reserve: 206M (103 regions), Max regular: 2048K
[2020-07-12T01:28:33.430+0000][10164][gc,start     ] GC(38) Concurrent reset
[2020-07-12T01:28:33.430+0000][10164][gc,task      ] GC(38) Using 2 of 4 workers for concurrent reset
[2020-07-12T01:28:33.430+0000][10164][gc           ] GC(38) Concurrent reset 431M->431M(4096M) 0.224ms
[2020-07-12T01:28:33.430+0000][10164][gc,start     ] GC(38) Pause Init Mark (unload classes)
[2020-07-12T01:28:33.430+0000][10164][gc,task      ] GC(38) Using 4 of 4 workers for init marking
[2020-07-12T01:28:33.431+0000][10164][gc,ergo      ] GC(38) Pacer for Mark. Expected Live: 20094K, Free: 3458M, Non-Taxable: 345M, Alloc Tax Rate: 0.0x
[2020-07-12T01:28:33.431+0000][10164][gc           ] GC(38) Pause Init Mark (unload classes) 0.545ms
[2020-07-12T01:28:33.431+0000][10164][safepoint    ] Safepoint "ShenandoahInitMark", Time since last: 353365724 ns, Reaching safepoint: 196742 ns, At safepoint: 568151 ns, Total: 764893 ns
[2020-07-12T01:28:33.431+0000][10164][gc,start     ] GC(38) Concurrent marking (unload classes)
[2020-07-12T01:28:33.431+0000][10164][gc,task      ] GC(38) Using 2 of 4 workers for concurrent marking
[2020-07-12T01:28:33.441+0000][10164][gc           ] GC(38) Concurrent marking (unload classes) 433M->449M(4096M) 9.971ms
[2020-07-12T01:28:33.441+0000][10164][gc,start     ] GC(38) Pause Final Mark (unload classes)
[2020-07-12T01:28:33.441+0000][10164][gc,task      ] GC(38) Using 4 of 4 workers for final marking
[2020-07-12T01:28:33.442+0000][10164][gc,ergo      ] GC(38) CSet Selection. Actual Free: 3982M, Max CSet: 2986M
[2020-07-12T01:28:33.442+0000][10164][gc,ergo      ] GC(38) Collectable Garbage: 72677K (17% of total), 3098K CSet, 37 CSet regions
[2020-07-12T01:28:33.442+0000][10164][gc,ergo      ] GC(38) Immediate Garbage: 340M (82% of total), 170 regions
[2020-07-12T01:28:33.442+0000][10164][gc,ergo      ] GC(38) Pacer for Evacuation. Used CSet: 75776K, Free: 3780M, Non-Taxable: 378M, Alloc Tax Rate: 1.1x
[2020-07-12T01:28:33.442+0000][10164][gc           ] GC(38) Pause Final Mark (unload classes) 1.084ms
[2020-07-12T01:28:33.442+0000][10164][safepoint    ] Safepoint "ShenandoahFinalMarkStartEvac", Time since last: 10048316 ns, Reaching safepoint: 72999 ns, At safepoint: 1110539 ns, Total: 1183538 ns
[2020-07-12T01:28:33.442+0000][10164][gc,start     ] GC(38) Concurrent roots processing
[2020-07-12T01:28:33.442+0000][10164][gc,task      ] GC(38) Using 2 of 4 workers for concurrent root processing
[2020-07-12T01:28:33.459+0000][10164][gc           ] GC(38) Concurrent roots processing 449M->472M(4096M) 16.513ms
[2020-07-12T01:28:33.459+0000][10164][gc,start     ] GC(38) Concurrent cleanup
[2020-07-12T01:28:33.459+0000][10164][gc           ] GC(38) Concurrent cleanup 472M->132M(4096M) 0.234ms
[2020-07-12T01:28:33.459+0000][10164][gc,ergo      ] GC(38) Free: 3758M (1880 regions), Max regular: 2048K, Max humongous: 3414M, External frag: 10%, Internal frag: 0%
[2020-07-12T01:28:33.459+0000][10164][gc,ergo      ] GC(38) Evacuation Reserve: 205M (103 regions), Max regular: 2048K
[2020-07-12T01:28:33.459+0000][10164][gc,start     ] GC(38) Concurrent evacuation
[2020-07-12T01:28:33.459+0000][10164][gc,task      ] GC(38) Using 2 of 4 workers for concurrent evacuation
[2020-07-12T01:28:33.460+0000][10164][gc           ] GC(38) Concurrent evacuation 132M->137M(4096M) 1.348ms
[2020-07-12T01:28:33.461+0000][10164][gc,start     ] GC(38) Pause Init Update Refs
[2020-07-12T01:28:33.461+0000][10164][gc,ergo      ] GC(38) Pacer for Update Refs. Used: 137M, Free: 3756M, Non-Taxable: 375M, Alloc Tax Rate: 1.1x
[2020-07-12T01:28:33.461+0000][10164][gc           ] GC(38) Pause Init Update Refs 0.044ms
[2020-07-12T01:28:33.461+0000][10164][safepoint    ] Safepoint "ShenandoahInitUpdateRefs", Time since last: 18301050 ns, Reaching safepoint: 889670 ns, At safepoint: 79915 ns, Total: 969585 ns
[2020-07-12T01:28:33.462+0000][10164][gc,start     ] GC(38) Concurrent update references
[2020-07-12T01:28:33.462+0000][10164][gc,task      ] GC(38) Using 2 of 4 workers for concurrent reference update
[2020-07-12T01:28:33.471+0000][10164][gc           ] GC(38) Concurrent update references 139M->157M(4096M) 9.885ms
[2020-07-12T01:28:33.472+0000][10164][gc,start     ] GC(38) Pause Final Update Refs
[2020-07-12T01:28:33.472+0000][10164][gc,task      ] GC(38) Using 4 of 4 workers for final reference update
[2020-07-12T01:28:33.472+0000][10164][gc           ] GC(38) Pause Final Update Refs 0.247ms
[2020-07-12T01:28:33.472+0000][10164][safepoint    ] Safepoint "ShenandoahFinalUpdateRefs", Time since last: 10048820 ns, Reaching safepoint: 75746 ns, At safepoint: 275633 ns, Total: 351379 ns
[2020-07-12T01:28:33.472+0000][10164][gc,start     ] GC(38) Concurrent cleanup
[2020-07-12T01:28:33.472+0000][10164][gc           ] GC(38) Concurrent cleanup 157M->85M(4096M) 0.123ms
[2020-07-12T01:28:33.472+0000][10164][gc,ergo      ] Free: 3804M (1904 regions), Max regular: 2048K, Max humongous: 3414M, External frag: 11%, Internal frag: 0%
[2020-07-12T01:28:33.472+0000][10164][gc,ergo      ] Evacuation Reserve: 206M (103 regions), Max regular: 2048K
[2020-07-12T01:28:33.472+0000][10164][gc,ergo      ] Pacer for Idle. Initial: 83886K, Alloc Tax Rate: 1.0x
[2020-07-12T01:28:34.472+0000][10164][safepoint    ] Safepoint "Cleanup", Time since last: 1000186206 ns, Reaching safepoint: 87093 ns, At safepoint: 4944 ns, Total: 92037 ns
[2020-07-12T01:28:35.472+0000][10164][safepoint    ] Safepoint "Cleanup", Time since last: 1000083537 ns, Reaching safepoint: 82733 ns, At safepoint: 5147 ns, Total: 87880 ns
[2020-07-12T01:28:36.473+0000][10164][safepoint    ] Safepoint "Cleanup", Time since last: 1000049341 ns, Reaching safepoint: 185488 ns, At safepoint: 5501 ns, Total: 190989 ns
[2020-07-12T01:28:37.473+0000][10164][safepoint    ] Safepoint "Cleanup", Time since last: 1000045142 ns, Reaching safepoint: 82954 ns, At safepoint: 5020 ns, Total: 87974 ns
[2020-07-12T01:28:37.590+0000][10164][gc           ] Trigger: Allocated since last cycle (410M) is larger than allocation threshold (409M)
[2020-07-12T01:28:37.590+0000][10164][gc,ergo      ] Free: 3458M (1731 regions), Max regular: 2048K, Max humongous: 3414M, External frag: 2%, Internal frag: 0%
[2020-07-12T01:28:37.590+0000][10164][gc,ergo      ] Evacuation Reserve: 206M (103 regions), Max regular: 2048K
[2020-07-12T01:28:37.590+0000][10164][gc,start     ] GC(39) Concurrent reset
[2020-07-12T01:28:37.590+0000][10164][gc,task      ] GC(39) Using 2 of 4 workers for concurrent reset
[2020-07-12T01:28:37.590+0000][10164][gc           ] GC(39) Concurrent reset 431M->431M(4096M) 0.324ms
[2020-07-12T01:28:37.590+0000][10164][gc,start     ] GC(39) Pause Init Mark (unload classes)
[2020-07-12T01:28:37.590+0000][10164][gc,task      ] GC(39) Using 4 of 4 workers for init marking
[2020-07-12T01:28:37.591+0000][10164][gc,ergo      ] GC(39) Pacer for Mark. Expected Live: 20055K, Free: 3458M, Non-Taxable: 345M, Alloc Tax Rate: 0.0x
[2020-07-12T01:28:37.591+0000][10164][gc           ] GC(39) Pause Init Mark (unload classes) 0.585ms
[2020-07-12T01:28:37.591+0000][10164][safepoint    ] Safepoint "ShenandoahInitMark", Time since last: 117433927 ns, Reaching safepoint: 88682 ns, At safepoint: 615016 ns, Total: 703698 ns
[2020-07-12T01:28:37.591+0000][10164][gc,start     ] GC(39) Concurrent marking (unload classes)
[2020-07-12T01:28:37.591+0000][10164][gc,task      ] GC(39) Using 2 of 4 workers for concurrent marking
[2020-07-12T01:28:37.601+0000][10164][gc           ] GC(39) Concurrent marking (unload classes) 431M->451M(4096M) 9.672ms
[2020-07-12T01:28:37.601+0000][10164][gc,start     ] GC(39) Pause Final Mark (unload classes)
[2020-07-12T01:28:37.601+0000][10164][gc,task      ] GC(39) Using 4 of 4 workers for final marking
[2020-07-12T01:28:37.601+0000][10164][gc,ergo      ] GC(39) CSet Selection. Actual Free: 3978M, Max CSet: 2983M
[2020-07-12T01:28:37.601+0000][10164][gc,ergo      ] GC(39) Collectable Garbage: 74681K (17% of total), 3142K CSet, 38 CSet regions
[2020-07-12T01:28:37.601+0000][10164][gc,ergo      ] GC(39) Immediate Garbage: 338M (82% of total), 169 regions
[2020-07-12T01:28:37.602+0000][10164][gc,ergo      ] GC(39) Pacer for Evacuation. Used CSet: 77824K, Free: 3776M, Non-Taxable: 377M, Alloc Tax Rate: 1.1x
[2020-07-12T01:28:37.602+0000][10164][gc           ] GC(39) Pause Final Mark (unload classes) 0.929ms
[2020-07-12T01:28:37.602+0000][10164][safepoint    ] Safepoint "ShenandoahFinalMarkStartEvac", Time since last: 9770886 ns, Reaching safepoint: 108479 ns, At safepoint: 950181 ns, Total: 1058660 ns
[2020-07-12T01:28:37.602+0000][10164][gc,start     ] GC(39) Concurrent roots processing
[2020-07-12T01:28:37.602+0000][10164][gc,task      ] GC(39) Using 2 of 4 workers for concurrent root processing
[2020-07-12T01:28:37.618+0000][10164][gc           ] GC(39) Concurrent roots processing 451M->472M(4096M) 16.467ms
[2020-07-12T01:28:37.618+0000][10164][gc,start     ] GC(39) Concurrent cleanup
[2020-07-12T01:28:37.618+0000][10164][gc           ] GC(39) Concurrent cleanup 472M->134M(4096M) 0.156ms
[2020-07-12T01:28:37.618+0000][10164][gc,ergo      ] GC(39) Free: 3756M (1879 regions), Max regular: 2048K, Max humongous: 3412M, External frag: 10%, Internal frag: 0%
[2020-07-12T01:28:37.618+0000][10164][gc,ergo      ] GC(39) Evacuation Reserve: 205M (103 regions), Max regular: 2048K
[2020-07-12T01:28:37.618+0000][10164][gc,start     ] GC(39) Concurrent evacuation
[2020-07-12T01:28:37.618+0000][10164][gc,task      ] GC(39) Using 2 of 4 workers for concurrent evacuation
[2020-07-12T01:28:37.620+0000][10164][gc           ] GC(39) Concurrent evacuation 134M->137M(4096M) 1.583ms
[2020-07-12T01:28:37.621+0000][10164][gc,start     ] GC(39) Pause Init Update Refs
[2020-07-12T01:28:37.621+0000][10164][gc,ergo      ] GC(39) Pacer for Update Refs. Used: 137M, Free: 3756M, Non-Taxable: 375M, Alloc Tax Rate: 1.1x
[2020-07-12T01:28:37.621+0000][10164][gc           ] GC(39) Pause Init Update Refs 0.053ms
[2020-07-12T01:28:37.621+0000][10164][safepoint    ] Safepoint "ShenandoahInitUpdateRefs", Time since last: 18408904 ns, Reaching safepoint: 1093254 ns, At safepoint: 75108 ns, Total: 1168362 ns
[2020-07-12T01:28:37.621+0000][10164][gc,start     ] GC(39) Concurrent update references
[2020-07-12T01:28:37.621+0000][10164][gc,task      ] GC(39) Using 2 of 4 workers for concurrent reference update
[2020-07-12T01:28:37.630+0000][10164][gc           ] GC(39) Concurrent update references 137M->143M(4096M) 8.976ms
[2020-07-12T01:28:37.631+0000][10164][gc,start     ] GC(39) Pause Final Update Refs
[2020-07-12T01:28:37.631+0000][10164][gc,task      ] GC(39) Using 4 of 4 workers for final reference update
[2020-07-12T01:28:37.631+0000][10164][gc           ] GC(39) Pause Final Update Refs 0.228ms
[2020-07-12T01:28:37.631+0000][10164][safepoint    ] Safepoint "ShenandoahFinalUpdateRefs", Time since last: 9089319 ns, Reaching safepoint: 156071 ns, At safepoint: 253535 ns, Total: 409606 ns
[2020-07-12T01:28:37.631+0000][10164][gc,start     ] GC(39) Concurrent cleanup
[2020-07-12T01:28:37.631+0000][10164][gc           ] GC(39) Concurrent cleanup 143M->67M(4096M) 0.097ms
[2020-07-12T01:28:37.631+0000][10164][gc,ergo      ] Free: 3822M (1913 regions), Max regular: 2048K, Max humongous: 3412M, External frag: 11%, Internal frag: 0%
[2020-07-12T01:28:37.631+0000][10164][gc,ergo      ] Evacuation Reserve: 206M (103 regions), Max regular: 2048K
[2020-07-12T01:28:37.631+0000][10164][gc,ergo      ] Pacer for Idle. Initial: 83886K, Alloc Tax Rate: 1.0x
[2020-07-12T01:28:39.633+0000][10164][safepoint    ] Safepoint "Cleanup", Time since last: 2002273546 ns, Reaching safepoint: 216857 ns, At safepoint: 3813 ns, Total: 220670 ns
[2020-07-12T01:28:41.636+0000][10164][safepoint    ] Safepoint "Cleanup", Time since last: 2002074641 ns, Reaching safepoint: 205400 ns, At safepoint: 3562 ns, Total: 208962 ns
[2020-07-12T01:28:42.409+0000][10164][gc           ] Trigger: Allocated since last cycle (409M) is larger than allocation threshold (409M)
[2020-07-12T01:28:42.409+0000][10164][gc,ergo      ] Free: 3458M (1731 regions), Max regular: 2048K, Max humongous: 3412M, External frag: 2%, Internal frag: 0%
[2020-07-12T01:28:42.409+0000][10164][gc,ergo      ] Evacuation Reserve: 206M (103 regions), Max regular: 2048K
[2020-07-12T01:28:42.409+0000][10164][gc,start     ] GC(40) Concurrent reset
[2020-07-12T01:28:42.409+0000][10164][gc,task      ] GC(40) Using 2 of 4 workers for concurrent reset
[2020-07-12T01:28:42.409+0000][10164][gc           ] GC(40) Concurrent reset 431M->431M(4096M) 0.208ms
[2020-07-12T01:28:42.409+0000][10164][gc,start     ] GC(40) Pause Init Mark (process weakrefs) (unload classes)
[2020-07-12T01:28:42.409+0000][10164][gc,task      ] GC(40) Using 4 of 4 workers for init marking
[2020-07-12T01:28:42.410+0000][10164][gc,ergo      ] GC(40) Pacer for Mark. Expected Live: 20012K, Free: 3458M, Non-Taxable: 345M, Alloc Tax Rate: 0.0x
[2020-07-12T01:28:42.410+0000][10164][gc           ] GC(40) Pause Init Mark (process weakrefs) (unload classes) 0.518ms
[2020-07-12T01:28:42.410+0000][10164][safepoint    ] Safepoint "ShenandoahInitMark", Time since last: 773441107 ns, Reaching safepoint: 198973 ns, At safepoint: 542441 ns, Total: 741414 ns
[2020-07-12T01:28:42.410+0000][10164][gc,start     ] GC(40) Concurrent marking (process weakrefs) (unload classes)
[2020-07-12T01:28:42.410+0000][10164][gc,task      ] GC(40) Using 2 of 4 workers for concurrent marking
[2020-07-12T01:28:42.421+0000][10164][gc           ] GC(40) Concurrent marking (process weakrefs) (unload classes) 437M->441M(4096M) 10.961ms
[2020-07-12T01:28:42.421+0000][10164][gc,start     ] GC(40) Concurrent precleaning
[2020-07-12T01:28:42.421+0000][10164][gc,task      ] GC(40) Using 1 of 4 workers for concurrent preclean
[2020-07-12T01:28:42.422+0000][10164][gc           ] GC(40) Concurrent precleaning 441M->441M(4096M) 0.492ms
[2020-07-12T01:28:42.422+0000][10164][gc,start     ] GC(40) Pause Final Mark (process weakrefs) (unload classes)
[2020-07-12T01:28:42.422+0000][10164][gc,task      ] GC(40) Using 4 of 4 workers for final marking
[2020-07-12T01:28:42.423+0000][10164][gc,ergo      ] GC(40) CSet Selection. Actual Free: 4002M, Max CSet: 3001M
[2020-07-12T01:28:42.423+0000][10164][gc,ergo      ] GC(40) Collectable Garbage: 60449K (14% of total), 3038K CSet, 31 CSet regions
[2020-07-12T01:28:42.423+0000][10164][gc,ergo      ] GC(40) Immediate Garbage: 352M (85% of total), 176 regions
[2020-07-12T01:28:42.423+0000][10164][gc,ergo      ] GC(40) Pacer for Evacuation. Used CSet: 63488K, Free: 3800M, Non-Taxable: 380M, Alloc Tax Rate: 1.1x
[2020-07-12T01:28:42.423+0000][10164][gc           ] GC(40) Pause Final Mark (process weakrefs) (unload classes) 1.317ms
[2020-07-12T01:28:42.423+0000][10164][safepoint    ] Safepoint "ShenandoahFinalMarkStartEvac", Time since last: 11904359 ns, Reaching safepoint: 469040 ns, At safepoint: 1351098 ns, Total: 1820138 ns
[2020-07-12T01:28:42.424+0000][10164][gc,start     ] GC(40) Concurrent roots processing
[2020-07-12T01:28:42.424+0000][10164][gc,task      ] GC(40) Using 2 of 4 workers for concurrent root processing
[2020-07-12T01:28:42.455+0000][10164][gc           ] GC(40) Concurrent roots processing 445M->462M(4096M) 31.051ms
[2020-07-12T01:28:42.455+0000][10164][gc,start     ] GC(40) Concurrent cleanup
[2020-07-12T01:28:42.455+0000][10164][gc           ] GC(40) Concurrent cleanup 462M->110M(4096M) 0.174ms
[2020-07-12T01:28:42.455+0000][10164][gc,ergo      ] GC(40) Free: 3780M (1892 regions), Max regular: 2048K, Max humongous: 3412M, External frag: 10%, Internal frag: 0%
[2020-07-12T01:28:42.455+0000][10164][gc,ergo      ] GC(40) Evacuation Reserve: 205M (103 regions), Max regular: 2048K
[2020-07-12T01:28:42.455+0000][10164][gc,start     ] GC(40) Concurrent evacuation
[2020-07-12T01:28:42.455+0000][10164][gc,task      ] GC(40) Using 2 of 4 workers for concurrent evacuation
[2020-07-12T01:28:42.457+0000][10164][gc           ] GC(40) Concurrent evacuation 110M->113M(4096M) 1.521ms
[2020-07-12T01:28:42.458+0000][10164][gc,start     ] GC(40) Pause Init Update Refs
[2020-07-12T01:28:42.458+0000][10164][gc,ergo      ] GC(40) Pacer for Update Refs. Used: 113M, Free: 3780M, Non-Taxable: 378M, Alloc Tax Rate: 1.1x
[2020-07-12T01:28:42.458+0000][10164][gc           ] GC(40) Pause Init Update Refs 0.079ms
[2020-07-12T01:28:42.458+0000][10164][safepoint    ] Safepoint "ShenandoahInitUpdateRefs", Time since last: 33491011 ns, Reaching safepoint: 1387540 ns, At safepoint: 111568 ns, Total: 1499108 ns
[2020-07-12T01:28:42.459+0000][10164][gc,start     ] GC(40) Concurrent update references
[2020-07-12T01:28:42.459+0000][10164][gc,task      ] GC(40) Using 2 of 4 workers for concurrent reference update
[2020-07-12T01:28:42.469+0000][10164][gc           ] GC(40) Concurrent update references 125M->135M(4096M) 9.821ms
[2020-07-12T01:28:42.473+0000][10164][gc,start     ] GC(40) Pause Final Update Refs
[2020-07-12T01:28:42.473+0000][10164][gc,task      ] GC(40) Using 4 of 4 workers for final reference update
[2020-07-12T01:28:42.473+0000][10164][gc           ] GC(40) Pause Final Update Refs 0.182ms
[2020-07-12T01:28:42.473+0000][10164][safepoint    ] Safepoint "ShenandoahFinalUpdateRefs", Time since last: 10520658 ns, Reaching safepoint: 4166652 ns, At safepoint: 227666 ns, Total: 4394318 ns
[2020-07-12T01:28:42.473+0000][10164][gc,start     ] GC(40) Concurrent cleanup
[2020-07-12T01:28:42.474+0000][10164][gc           ] GC(40) Concurrent cleanup 135M->73M(4096M) 0.154ms
[2020-07-12T01:28:42.474+0000][10164][gc,ergo      ] Free: 3816M (1911 regions), Max regular: 2048K, Max humongous: 3426M, External frag: 11%, Internal frag: 0%
[2020-07-12T01:28:42.474+0000][10164][gc,ergo      ] Evacuation Reserve: 206M (103 regions), Max regular: 2048K
[2020-07-12T01:28:42.474+0000][10164][gc,ergo      ] Pacer for Idle. Initial: 83886K, Alloc Tax Rate: 1.0x
[2020-07-12T01:28:43.474+0000][10164][safepoint    ] Safepoint "Cleanup", Time since last: 1000187336 ns, Reaching safepoint: 185501 ns, At safepoint: 16659 ns, Total: 202160 ns
[2020-07-12T01:28:45.474+0000][10164][safepoint    ] Safepoint "Cleanup", Time since last: 2000296674 ns, Reaching safepoint: 122293 ns, At safepoint: 3086 ns, Total: 125379 ns
[2020-07-12T01:28:47.043+0000][10164][safepoint    ] Safepoint "Cleanup", Time since last: 1568600513 ns, Reaching safepoint: 152645 ns, At safepoint: 4488 ns, Total: 157133 ns
[2020-07-12T01:28:47.292+0000][10164][gc           ] Trigger: Allocated since last cycle (409M) is larger than allocation threshold (409M)
[2020-07-12T01:28:47.292+0000][10164][gc,ergo      ] Free: 3458M (1732 regions), Max regular: 2048K, Max humongous: 3426M, External frag: 1%, Internal frag: 0%
[2020-07-12T01:28:47.292+0000][10164][gc,ergo      ] Evacuation Reserve: 206M (103 regions), Max regular: 2048K
[2020-07-12T01:28:47.292+0000][10164][gc,start     ] GC(41) Concurrent reset
[2020-07-12T01:28:47.292+0000][10164][gc,task      ] GC(41) Using 2 of 4 workers for concurrent reset
[2020-07-12T01:28:47.292+0000][10164][gc           ] GC(41) Concurrent reset 431M->433M(4096M) 0.243ms
[2020-07-12T01:28:47.292+0000][10164][gc,start     ] GC(41) Pause Init Mark (unload classes)
[2020-07-12T01:28:47.292+0000][10164][gc,task      ] GC(41) Using 4 of 4 workers for init marking
[2020-07-12T01:28:47.293+0000][10164][gc,ergo      ] GC(41) Pacer for Mark. Expected Live: 20039K, Free: 3456M, Non-Taxable: 345M, Alloc Tax Rate: 0.0x
[2020-07-12T01:28:47.293+0000][10164][gc           ] GC(41) Pause Init Mark (unload classes) 0.631ms
[2020-07-12T01:28:47.293+0000][10164][safepoint    ] Safepoint "ShenandoahInitMark", Time since last: 249107143 ns, Reaching safepoint: 95646 ns, At safepoint: 656213 ns, Total: 751859 ns
[2020-07-12T01:28:47.293+0000][10164][gc,start     ] GC(41) Concurrent marking (unload classes)
[2020-07-12T01:28:47.293+0000][10164][gc,task      ] GC(41) Using 2 of 4 workers for concurrent marking
[2020-07-12T01:28:47.302+0000][10164][gc           ] GC(41) Concurrent marking (unload classes) 435M->449M(4096M) 9.509ms
[2020-07-12T01:28:47.303+0000][10164][gc,start     ] GC(41) Pause Final Mark (unload classes)
[2020-07-12T01:28:47.303+0000][10164][gc,task      ] GC(41) Using 4 of 4 workers for final marking
[2020-07-12T01:28:47.303+0000][10164][gc,ergo      ] GC(41) CSet Selection. Actual Free: 3965M, Max CSet: 2974M
[2020-07-12T01:28:47.303+0000][10164][gc,ergo      ] GC(41) Collectable Garbage: 90946K (21% of total), 3261K CSet, 46 CSet regions
[2020-07-12T01:28:47.303+0000][10164][gc,ergo      ] GC(41) Immediate Garbage: 323M (78% of total), 162 regions
[2020-07-12T01:28:47.304+0000][10164][gc,ergo      ] GC(41) Pacer for Evacuation. Used CSet: 94208K, Free: 3764M, Non-Taxable: 376M, Alloc Tax Rate: 1.1x
[2020-07-12T01:28:47.304+0000][10164][gc           ] GC(41) Pause Final Mark (unload classes) 1.145ms
[2020-07-12T01:28:47.304+0000][10164][safepoint    ] Safepoint "ShenandoahFinalMarkStartEvac", Time since last: 9622611 ns, Reaching safepoint: 93117 ns, At safepoint: 1173839 ns, Total: 1266956 ns
[2020-07-12T01:28:47.304+0000][10164][gc,start     ] GC(41) Concurrent roots processing
[2020-07-12T01:28:47.304+0000][10164][gc,task      ] GC(41) Using 2 of 4 workers for concurrent root processing
[2020-07-12T01:28:47.339+0000][10164][gc           ] GC(41) Concurrent roots processing 451M->472M(4096M) 35.287ms
[2020-07-12T01:28:47.339+0000][10164][gc,start     ] GC(41) Concurrent cleanup
[2020-07-12T01:28:47.339+0000][10164][gc           ] GC(41) Concurrent cleanup 472M->148M(4096M) 0.271ms
[2020-07-12T01:28:47.339+0000][10164][gc,ergo      ] GC(41) Free: 3742M (1873 regions), Max regular: 2048K, Max humongous: 3414M, External frag: 9%, Internal frag: 0%
[2020-07-12T01:28:47.339+0000][10164][gc,ergo      ] GC(41) Evacuation Reserve: 205M (103 regions), Max regular: 2048K
[2020-07-12T01:28:47.339+0000][10164][gc,start     ] GC(41) Concurrent evacuation
[2020-07-12T01:28:47.339+0000][10164][gc,task      ] GC(41) Using 2 of 4 workers for concurrent evacuation
[2020-07-12T01:28:47.342+0000][10164][gc           ] GC(41) Concurrent evacuation 148M->153M(4096M) 2.766ms
[2020-07-12T01:28:47.344+0000][10164][gc,start     ] GC(41) Pause Init Update Refs
[2020-07-12T01:28:47.344+0000][10164][gc,ergo      ] GC(41) Pacer for Update Refs. Used: 153M, Free: 3742M, Non-Taxable: 374M, Alloc Tax Rate: 1.1x
[2020-07-12T01:28:47.344+0000][10164][gc           ] GC(41) Pause Init Update Refs 0.088ms
[2020-07-12T01:28:47.344+0000][10164][safepoint    ] Safepoint "ShenandoahInitUpdateRefs", Time since last: 38507853 ns, Reaching safepoint: 1547767 ns, At safepoint: 112526 ns, Total: 1660293 ns
[2020-07-12T01:28:47.344+0000][10164][gc,start     ] GC(41) Concurrent update references
[2020-07-12T01:28:47.344+0000][10164][gc,task      ] GC(41) Using 2 of 4 workers for concurrent reference update
[2020-07-12T01:28:47.357+0000][10164][gc           ] GC(41) Concurrent update references 155M->177M(4096M) 13.124ms
[2020-07-12T01:28:47.357+0000][10164][gc,start     ] GC(41) Pause Final Update Refs
[2020-07-12T01:28:47.357+0000][10164][gc,task      ] GC(41) Using 4 of 4 workers for final reference update
[2020-07-12T01:28:47.358+0000][10164][gc           ] GC(41) Pause Final Update Refs 0.279ms
[2020-07-12T01:28:47.358+0000][10164][safepoint    ] Safepoint "ShenandoahFinalUpdateRefs", Time since last: 13294295 ns, Reaching safepoint: 137961 ns, At safepoint: 311622 ns, Total: 449583 ns
[2020-07-12T01:28:47.358+0000][10164][gc,start     ] GC(41) Concurrent cleanup
[2020-07-12T01:28:47.358+0000][10164][gc           ] GC(41) Concurrent cleanup 177M->85M(4096M) 0.170ms
[2020-07-12T01:28:47.358+0000][10164][gc,ergo      ] Free: 3804M (1904 regions), Max regular: 2048K, Max humongous: 3412M, External frag: 11%, Internal frag: 0%
[2020-07-12T01:28:47.358+0000][10164][gc,ergo      ] Evacuation Reserve: 206M (103 regions), Max regular: 2048K
[2020-07-12T01:28:47.358+0000][10164][gc,ergo      ] Pacer for Idle. Initial: 83886K, Alloc Tax Rate: 1.0x
[2020-07-12T01:28:48.361+0000][10164][safepoint    ] Safepoint "Cleanup", Time since last: 1002871375 ns, Reaching safepoint: 167275 ns, At safepoint: 2807 ns, Total: 170082 ns
[2020-07-12T01:28:49.365+0000][10164][safepoint    ] Safepoint "Cleanup", Time since last: 1004011672 ns, Reaching safepoint: 447585 ns, At safepoint: 15541 ns, Total: 463126 ns
[2020-07-12T01:28:51.372+0000][10164][safepoint    ] Safepoint "Cleanup", Time since last: 2003290389 ns, Reaching safepoint: 3957944 ns, At safepoint: 12141 ns, Total: 3970085 ns
[2020-07-12T01:28:51.486+0000][10164][gc           ] Trigger: Allocated since last cycle (409M) is larger than allocation threshold (409M)
[2020-07-12T01:28:51.486+0000][10164][gc,ergo      ] Free: 3458M (1732 regions), Max regular: 2048K, Max humongous: 3412M, External frag: 2%, Internal frag: 0%
[2020-07-12T01:28:51.486+0000][10164][gc,ergo      ] Evacuation Reserve: 206M (103 regions), Max regular: 2048K
[2020-07-12T01:28:51.486+0000][10164][gc,start     ] GC(42) Concurrent reset
[2020-07-12T01:28:51.486+0000][10164][gc,task      ] GC(42) Using 2 of 4 workers for concurrent reset
[2020-07-12T01:28:51.487+0000][10164][gc           ] GC(42) Concurrent reset 431M->431M(4096M) 0.402ms
[2020-07-12T01:28:51.487+0000][10164][gc,start     ] GC(42) Pause Init Mark (unload classes)
[2020-07-12T01:28:51.487+0000][10164][gc,task      ] GC(42) Using 4 of 4 workers for init marking
[2020-07-12T01:28:51.487+0000][10164][gc,ergo      ] GC(42) Pacer for Mark. Expected Live: 20085K, Free: 3458M, Non-Taxable: 345M, Alloc Tax Rate: 0.0x
[2020-07-12T01:28:51.487+0000][10164][gc           ] GC(42) Pause Init Mark (unload classes) 0.628ms
[2020-07-12T01:28:51.487+0000][10164][safepoint    ] Safepoint "ShenandoahInitMark", Time since last: 114318026 ns, Reaching safepoint: 123921 ns, At safepoint: 650480 ns, Total: 774401 ns
[2020-07-12T01:28:51.487+0000][10164][gc,start     ] GC(42) Concurrent marking (unload classes)
[2020-07-12T01:28:51.487+0000][10164][gc,task      ] GC(42) Using 2 of 4 workers for concurrent marking
[2020-07-12T01:28:51.503+0000][10164][gc           ] GC(42) Concurrent marking (unload classes) 433M->449M(4096M) 15.400ms
[2020-07-12T01:28:51.503+0000][10164][gc,start     ] GC(42) Pause Final Mark (unload classes)
[2020-07-12T01:28:51.503+0000][10164][gc,task      ] GC(42) Using 4 of 4 workers for final marking
[2020-07-12T01:28:51.504+0000][10164][gc,ergo      ] GC(42) CSet Selection. Actual Free: 3983M, Max CSet: 2987M
[2020-07-12T01:28:51.504+0000][10164][gc,ergo      ] GC(42) Collectable Garbage: 68372K (16% of total), 3307K CSet, 35 CSet regions
[2020-07-12T01:28:51.504+0000][10164][gc,ergo      ] GC(42) Immediate Garbage: 343M (83% of total), 172 regions
[2020-07-12T01:28:51.504+0000][10164][gc,ergo      ] GC(42) Pacer for Evacuation. Used CSet: 71680K, Free: 3782M, Non-Taxable: 378M, Alloc Tax Rate: 1.1x
[2020-07-12T01:28:51.504+0000][10164][gc           ] GC(42) Pause Final Mark (unload classes) 1.108ms
[2020-07-12T01:28:51.505+0000][10164][safepoint    ] Safepoint "ShenandoahFinalMarkStartEvac", Time since last: 15572985 ns, Reaching safepoint: 256145 ns, At safepoint: 1237395 ns, Total: 1493540 ns
[2020-07-12T01:28:51.505+0000][10164][gc,start     ] GC(42) Concurrent roots processing
[2020-07-12T01:28:51.505+0000][10164][gc,task      ] GC(42) Using 2 of 4 workers for concurrent root processing
[2020-07-12T01:28:51.527+0000][10164][gc           ] GC(42) Concurrent roots processing 453M->472M(4096M) 22.019ms
[2020-07-12T01:28:51.527+0000][10164][gc,start     ] GC(42) Concurrent cleanup
[2020-07-12T01:28:51.527+0000][10164][gc           ] GC(42) Concurrent cleanup 472M->128M(4096M) 0.268ms
[2020-07-12T01:28:51.527+0000][10164][gc,ergo      ] GC(42) Free: 3762M (1882 regions), Max regular: 2048K, Max humongous: 3418M, External frag: 10%, Internal frag: 0%
[2020-07-12T01:28:51.527+0000][10164][gc,ergo      ] GC(42) Evacuation Reserve: 205M (103 regions), Max regular: 2048K
[2020-07-12T01:28:51.527+0000][10164][gc,start     ] GC(42) Concurrent evacuation
[2020-07-12T01:28:51.527+0000][10164][gc,task      ] GC(42) Using 2 of 4 workers for concurrent evacuation
[2020-07-12T01:28:51.529+0000][10164][gc           ] GC(42) Concurrent evacuation 128M->131M(4096M) 2.118ms
[2020-07-12T01:28:51.531+0000][10164][gc,start     ] GC(42) Pause Init Update Refs
[2020-07-12T01:28:51.531+0000][10164][gc,ergo      ] GC(42) Pacer for Update Refs. Used: 131M, Free: 3762M, Non-Taxable: 376M, Alloc Tax Rate: 1.1x
[2020-07-12T01:28:51.531+0000][10164][gc           ] GC(42) Pause Init Update Refs 0.084ms
[2020-07-12T01:28:51.531+0000][10164][safepoint    ] Safepoint "ShenandoahInitUpdateRefs", Time since last: 24750800 ns, Reaching safepoint: 1463254 ns, At safepoint: 116609 ns, Total: 1579863 ns
[2020-07-12T01:28:51.531+0000][10164][gc,start     ] GC(42) Concurrent update references
[2020-07-12T01:28:51.531+0000][10164][gc,task      ] GC(42) Using 2 of 4 workers for concurrent reference update
[2020-07-12T01:28:51.542+0000][10164][gc           ] GC(42) Concurrent update references 133M->157M(4096M) 10.716ms
[2020-07-12T01:28:51.542+0000][10164][gc,start     ] GC(42) Pause Final Update Refs
[2020-07-12T01:28:51.542+0000][10164][gc,task      ] GC(42) Using 4 of 4 workers for final reference update
[2020-07-12T01:28:51.542+0000][10164][gc           ] GC(42) Pause Final Update Refs 0.175ms
[2020-07-12T01:28:51.542+0000][10164][safepoint    ] Safepoint "ShenandoahFinalUpdateRefs", Time since last: 10805680 ns, Reaching safepoint: 79338 ns, At safepoint: 202124 ns, Total: 281462 ns
[2020-07-12T01:28:51.542+0000][10164][gc,start     ] GC(42) Concurrent cleanup
[2020-07-12T01:28:51.542+0000][10164][gc           ] GC(42) Concurrent cleanup 157M->87M(4096M) 0.104ms
[2020-07-12T01:28:51.542+0000][10164][gc,ergo      ] Free: 3802M (1903 regions), Max regular: 2048K, Max humongous: 3426M, External frag: 10%, Internal frag: 0%
[2020-07-12T01:28:51.542+0000][10164][gc,ergo      ] Evacuation Reserve: 206M (103 regions), Max regular: 2048K
[2020-07-12T01:28:51.542+0000][10164][gc,ergo      ] Pacer for Idle. Initial: 83886K, Alloc Tax Rate: 1.0x
[2020-07-12T01:28:53.544+0000][10164][safepoint    ] Safepoint "Cleanup", Time since last: 2002096630 ns, Reaching safepoint: 88015 ns, At safepoint: 1602 ns, Total: 89617 ns
[2020-07-12T01:28:54.544+0000][10164][safepoint    ] Safepoint "Cleanup", Time since last: 1000040788 ns, Reaching safepoint: 180124 ns, At safepoint: 7117 ns, Total: 187241 ns
[2020-07-12T01:28:55.545+0000][10164][safepoint    ] Safepoint "Cleanup", Time since last: 1000877800 ns, Reaching safepoint: 98490 ns, At safepoint: 1423 ns, Total: 99913 ns
[2020-07-12T01:28:56.319+0000][10164][gc           ] Trigger: Allocated since last cycle (409M) is larger than allocation threshold (409M)
[2020-07-12T01:28:56.319+0000][10164][gc,ergo      ] Free: 3458M (1731 regions), Max regular: 2048K, Max humongous: 3426M, External frag: 1%, Internal frag: 0%
[2020-07-12T01:28:56.319+0000][10164][gc,ergo      ] Evacuation Reserve: 206M (103 regions), Max regular: 2048K
[2020-07-12T01:28:56.319+0000][10164][gc,start     ] GC(43) Concurrent reset
[2020-07-12T01:28:56.319+0000][10164][gc,task      ] GC(43) Using 2 of 4 workers for concurrent reset
[2020-07-12T01:28:56.319+0000][10164][gc           ] GC(43) Concurrent reset 431M->433M(4096M) 0.228ms
[2020-07-12T01:28:56.319+0000][10164][gc,start     ] GC(43) Pause Init Mark (unload classes)
[2020-07-12T01:28:56.319+0000][10164][gc,task      ] GC(43) Using 4 of 4 workers for init marking
[2020-07-12T01:28:56.320+0000][10164][gc,ergo      ] GC(43) Pacer for Mark. Expected Live: 20132K, Free: 3456M, Non-Taxable: 345M, Alloc Tax Rate: 0.0x
[2020-07-12T01:28:56.320+0000][10164][gc           ] GC(43) Pause Init Mark (unload classes) 0.563ms
[2020-07-12T01:28:56.320+0000][10164][safepoint    ] Safepoint "ShenandoahInitMark", Time since last: 773748718 ns, Reaching safepoint: 114912 ns, At safepoint: 586246 ns, Total: 701158 ns
[2020-07-12T01:28:56.320+0000][10164][gc,start     ] GC(43) Concurrent marking (unload classes)
[2020-07-12T01:28:56.320+0000][10164][gc,task      ] GC(43) Using 2 of 4 workers for concurrent marking
[2020-07-12T01:28:56.329+0000][10164][gc           ] GC(43) Concurrent marking (unload classes) 435M->441M(4096M) 9.089ms
[2020-07-12T01:28:56.329+0000][10164][gc,start     ] GC(43) Pause Final Mark (unload classes)
[2020-07-12T01:28:56.329+0000][10164][gc,task      ] GC(43) Using 4 of 4 workers for final marking
[2020-07-12T01:28:56.330+0000][10164][gc,ergo      ] GC(43) CSet Selection. Actual Free: 4000M, Max CSet: 3000M
[2020-07-12T01:28:56.330+0000][10164][gc,ergo      ] GC(43) Collectable Garbage: 64218K (15% of total), 3365K CSet, 33 CSet regions
[2020-07-12T01:28:56.330+0000][10164][gc,ergo      ] GC(43) Immediate Garbage: 350M (84% of total), 175 regions
[2020-07-12T01:28:56.330+0000][10164][gc,ergo      ] GC(43) Pacer for Evacuation. Used CSet: 67584K, Free: 3798M, Non-Taxable: 379M, Alloc Tax Rate: 1.1x
[2020-07-12T01:28:56.330+0000][10164][gc           ] GC(43) Pause Final Mark (unload classes) 1.108ms
[2020-07-12T01:28:56.330+0000][10164][safepoint    ] Safepoint "ShenandoahFinalMarkStartEvac", Time since last: 9277242 ns, Reaching safepoint: 93402 ns, At safepoint: 1135119 ns, Total: 1228521 ns
[2020-07-12T01:28:56.330+0000][10164][gc,start     ] GC(43) Concurrent roots processing
[2020-07-12T01:28:56.330+0000][10164][gc,task      ] GC(43) Using 2 of 4 workers for concurrent root processing
[2020-07-12T01:28:56.351+0000][10164][gc           ] GC(43) Concurrent roots processing 443M->464M(4096M) 20.899ms
[2020-07-12T01:28:56.351+0000][10164][gc,start     ] GC(43) Concurrent cleanup
[2020-07-12T01:28:56.351+0000][10164][gc           ] GC(43) Concurrent cleanup 464M->114M(4096M) 0.161ms
[2020-07-12T01:28:56.351+0000][10164][gc,ergo      ] GC(43) Free: 3776M (1890 regions), Max regular: 2048K, Max humongous: 3422M, External frag: 10%, Internal frag: 0%
[2020-07-12T01:28:56.351+0000][10164][gc,ergo      ] GC(43) Evacuation Reserve: 204M (103 regions), Max regular: 2048K
[2020-07-12T01:28:56.351+0000][10164][gc,start     ] GC(43) Concurrent evacuation
[2020-07-12T01:28:56.352+0000][10164][gc,task      ] GC(43) Using 2 of 4 workers for concurrent evacuation
[2020-07-12T01:28:56.353+0000][10164][gc           ] GC(43) Concurrent evacuation 114M->117M(4096M) 1.827ms
[2020-07-12T01:28:56.355+0000][10164][gc,start     ] GC(43) Pause Init Update Refs
[2020-07-12T01:28:56.355+0000][10164][gc,ergo      ] GC(43) Pacer for Update Refs. Used: 117M, Free: 3776M, Non-Taxable: 377M, Alloc Tax Rate: 1.1x
[2020-07-12T01:28:56.355+0000][10164][gc           ] GC(43) Pause Init Update Refs 0.130ms
[2020-07-12T01:28:56.356+0000][10164][safepoint    ] Safepoint "ShenandoahInitUpdateRefs", Time since last: 23119851 ns, Reaching safepoint: 1950119 ns, At safepoint: 180955 ns, Total: 2131074 ns
[2020-07-12T01:28:56.356+0000][10164][gc,start     ] GC(43) Concurrent update references
[2020-07-12T01:28:56.356+0000][10164][gc,task      ] GC(43) Using 2 of 4 workers for concurrent reference update
[2020-07-12T01:28:56.365+0000][10164][gc           ] GC(43) Concurrent update references 117M->133M(4096M) 9.767ms
[2020-07-12T01:28:56.366+0000][10164][gc,start     ] GC(43) Pause Final Update Refs
[2020-07-12T01:28:56.366+0000][10164][gc,task      ] GC(43) Using 4 of 4 workers for final reference update
[2020-07-12T01:28:56.366+0000][10164][gc           ] GC(43) Pause Final Update Refs 0.241ms
[2020-07-12T01:28:56.366+0000][10164][safepoint    ] Safepoint "ShenandoahFinalUpdateRefs", Time since last: 9900938 ns, Reaching safepoint: 170784 ns, At safepoint: 272167 ns, Total: 442951 ns
[2020-07-12T01:28:56.366+0000][10164][gc,start     ] GC(43) Concurrent cleanup
[2020-07-12T01:28:56.366+0000][10164][gc           ] GC(43) Concurrent cleanup 133M->67M(4096M) 0.133ms
[2020-07-12T01:28:56.366+0000][10164][gc,ergo      ] Free: 3822M (1917 regions), Max regular: 2048K, Max humongous: 3422M, External frag: 11%, Internal frag: 0%
[2020-07-12T01:28:56.366+0000][10164][gc,ergo      ] Evacuation Reserve: 206M (103 regions), Max regular: 2048K
[2020-07-12T01:28:56.366+0000][10164][gc,ergo      ] Pacer for Idle. Initial: 83886K, Alloc Tax Rate: 1.0x
[2020-07-12T01:28:57.366+0000][10164][safepoint    ] Safepoint "Cleanup", Time since last: 1000299437 ns, Reaching safepoint: 88011 ns, At safepoint: 1199 ns, Total: 89210 ns
[2020-07-12T01:28:58.367+0000][10164][safepoint    ] Safepoint "Cleanup", Time since last: 1000128410 ns, Reaching safepoint: 131808 ns, At safepoint: 8775 ns, Total: 140583 ns
[2020-07-12T01:28:59.367+0000][10164][safepoint    ] Safepoint "Cleanup", Time since last: 1000102084 ns, Reaching safepoint: 97041 ns, At safepoint: 1223 ns, Total: 98264 ns
[2020-07-12T01:29:00.468+0000][10164][gc           ] Trigger: Allocated since last cycle (409M) is larger than allocation threshold (409M)
[2020-07-12T01:29:00.468+0000][10164][gc,ergo      ] Free: 3460M (1736 regions), Max regular: 2048K, Max humongous: 3422M, External frag: 2%, Internal frag: 0%
[2020-07-12T01:29:00.468+0000][10164][gc,ergo      ] Evacuation Reserve: 206M (103 regions), Max regular: 2048K
[2020-07-12T01:29:00.468+0000][10164][gc,start     ] GC(44) Concurrent reset
[2020-07-12T01:29:00.468+0000][10164][gc,task      ] GC(44) Using 2 of 4 workers for concurrent reset
[2020-07-12T01:29:00.468+0000][10164][gc           ] GC(44) Concurrent reset 429M->429M(4096M) 0.251ms
[2020-07-12T01:29:00.469+0000][10164][gc,start     ] GC(44) Pause Init Mark (unload classes)
[2020-07-12T01:29:00.469+0000][10164][gc,task      ] GC(44) Using 4 of 4 workers for init marking
[2020-07-12T01:29:00.469+0000][10164][gc,ergo      ] GC(44) Pacer for Mark. Expected Live: 20183K, Free: 3460M, Non-Taxable: 346M, Alloc Tax Rate: 0.0x
[2020-07-12T01:29:00.469+0000][10164][gc           ] GC(44) Pause Init Mark (unload classes) 0.663ms
[2020-07-12T01:29:00.469+0000][10164][safepoint    ] Safepoint "ShenandoahInitMark", Time since last: 1101712924 ns, Reaching safepoint: 147311 ns, At safepoint: 691728 ns, Total: 839039 ns
[2020-07-12T01:29:00.469+0000][10164][gc,start     ] GC(44) Concurrent marking (unload classes)
[2020-07-12T01:29:00.469+0000][10164][gc,task      ] GC(44) Using 2 of 4 workers for concurrent marking
[2020-07-12T01:29:00.479+0000][10164][gc           ] GC(44) Concurrent marking (unload classes) 431M->445M(4096M) 10.130ms
[2020-07-12T01:29:00.480+0000][10164][gc,start     ] GC(44) Pause Final Mark (unload classes)
[2020-07-12T01:29:00.480+0000][10164][gc,task      ] GC(44) Using 4 of 4 workers for final marking
[2020-07-12T01:29:00.480+0000][10164][gc,ergo      ] GC(44) CSet Selection. Actual Free: 3989M, Max CSet: 2992M
[2020-07-12T01:29:00.481+0000][10164][gc,ergo      ] GC(44) Collectable Garbage: 66180K (15% of total), 3403K CSet, 34 CSet regions
[2020-07-12T01:29:00.481+0000][10164][gc,ergo      ] GC(44) Immediate Garbage: 343M (84% of total), 172 regions
[2020-07-12T01:29:00.482+0000][10164][gc,ergo      ] GC(44) Pacer for Evacuation. Used CSet: 69583K, Free: 3788M, Non-Taxable: 378M, Alloc Tax Rate: 1.1x
[2020-07-12T01:29:00.482+0000][10164][gc           ] GC(44) Pause Final Mark (unload classes) 2.235ms
[2020-07-12T01:29:00.482+0000][10164][safepoint    ] Safepoint "ShenandoahFinalMarkStartEvac", Time since last: 10211104 ns, Reaching safepoint: 166297 ns, At safepoint: 2323372 ns, Total: 2489669 ns
[2020-07-12T01:29:00.482+0000][10164][gc,start     ] GC(44) Concurrent roots processing
[2020-07-12T01:29:00.482+0000][10164][gc,task      ] GC(44) Using 2 of 4 workers for concurrent root processing
[2020-07-12T01:29:00.506+0000][10164][gc           ] GC(44) Concurrent roots processing 447M->466M(4096M) 24.118ms
[2020-07-12T01:29:00.506+0000][10164][gc,start     ] GC(44) Concurrent cleanup
[2020-07-12T01:29:00.506+0000][10164][gc           ] GC(44) Concurrent cleanup 466M->122M(4096M) 0.191ms
[2020-07-12T01:29:00.506+0000][10164][gc,ergo      ] GC(44) Free: 3768M (1886 regions), Max regular: 2048K, Max humongous: 3420M, External frag: 10%, Internal frag: 0%
[2020-07-12T01:29:00.506+0000][10164][gc,ergo      ] GC(44) Evacuation Reserve: 205M (103 regions), Max regular: 2048K
[2020-07-12T01:29:00.506+0000][10164][gc,start     ] GC(44) Concurrent evacuation
[2020-07-12T01:29:00.506+0000][10164][gc,task      ] GC(44) Using 2 of 4 workers for concurrent evacuation
[2020-07-12T01:29:00.509+0000][10164][gc           ] GC(44) Concurrent evacuation 122M->125M(4096M) 2.586ms
[2020-07-12T01:29:00.510+0000][10164][gc,start     ] GC(44) Pause Init Update Refs
[2020-07-12T01:29:00.511+0000][10164][gc,ergo      ] GC(44) Pacer for Update Refs. Used: 125M, Free: 3768M, Non-Taxable: 376M, Alloc Tax Rate: 1.1x
[2020-07-12T01:29:00.511+0000][10164][gc           ] GC(44) Pause Init Update Refs 0.080ms
[2020-07-12T01:29:00.511+0000][10164][safepoint    ] Safepoint "ShenandoahInitUpdateRefs", Time since last: 27107275 ns, Reaching safepoint: 1383003 ns, At safepoint: 113220 ns, Total: 1496223 ns
[2020-07-12T01:29:00.511+0000][10164][gc,start     ] GC(44) Concurrent update references
[2020-07-12T01:29:00.511+0000][10164][gc,task      ] GC(44) Using 2 of 4 workers for concurrent reference update
[2020-07-12T01:29:00.521+0000][10164][gc           ] GC(44) Concurrent update references 127M->145M(4096M) 10.439ms
[2020-07-12T01:29:00.521+0000][10164][gc,start     ] GC(44) Pause Final Update Refs
[2020-07-12T01:29:00.521+0000][10164][gc,task      ] GC(44) Using 4 of 4 workers for final reference update
[2020-07-12T01:29:00.522+0000][10164][gc           ] GC(44) Pause Final Update Refs 0.193ms
[2020-07-12T01:29:00.522+0000][10164][safepoint    ] Safepoint "ShenandoahFinalUpdateRefs", Time since last: 10574842 ns, Reaching safepoint: 231148 ns, At safepoint: 220967 ns, Total: 452115 ns
[2020-07-12T01:29:00.522+0000][10164][gc,start     ] GC(44) Concurrent cleanup
[2020-07-12T01:29:00.522+0000][10164][gc           ] GC(44) Concurrent cleanup 145M->77M(4096M) 0.098ms
[2020-07-12T01:29:00.522+0000][10164][gc,ergo      ] Free: 3812M (1909 regions), Max regular: 2048K, Max humongous: 3420M, External frag: 11%, Internal frag: 0%
[2020-07-12T01:29:00.522+0000][10164][gc,ergo      ] Evacuation Reserve: 206M (103 regions), Max regular: 2048K
[2020-07-12T01:29:00.522+0000][10164][gc,ergo      ] Pacer for Idle. Initial: 83886K, Alloc Tax Rate: 1.0x
[2020-07-12T01:29:01.522+0000][10164][safepoint    ] Safepoint "Cleanup", Time since last: 1000251732 ns, Reaching safepoint: 119981 ns, At safepoint: 7849 ns, Total: 127830 ns
[2020-07-12T01:29:02.522+0000][10164][safepoint    ] Safepoint "Cleanup", Time since last: 1000060039 ns, Reaching safepoint: 206770 ns, At safepoint: 12550 ns, Total: 219320 ns
[2020-07-12T01:29:03.522+0000][10164][safepoint    ] Safepoint "Cleanup", Time since last: 1000072970 ns, Reaching safepoint: 124883 ns, At safepoint: 9280 ns, Total: 134163 ns
[2020-07-12T01:29:04.523+0000][10164][safepoint    ] Safepoint "Cleanup", Time since last: 1000295124 ns, Reaching safepoint: 123334 ns, At safepoint: 1877 ns, Total: 125211 ns
[2020-07-12T01:29:05.340+0000][10164][gc           ] Trigger: Allocated since last cycle (409M) is larger than allocation threshold (409M)
[2020-07-12T01:29:05.340+0000][10164][gc,ergo      ] Free: 3458M (1733 regions), Max regular: 2048K, Max humongous: 3420M, External frag: 2%, Internal frag: 0%
[2020-07-12T01:29:05.340+0000][10164][gc,ergo      ] Evacuation Reserve: 206M (103 regions), Max regular: 2048K
[2020-07-12T01:29:05.340+0000][10164][gc,start     ] GC(45) Concurrent reset
[2020-07-12T01:29:05.340+0000][10164][gc,task      ] GC(45) Using 2 of 4 workers for concurrent reset
[2020-07-12T01:29:05.340+0000][10164][gc           ] GC(45) Concurrent reset 431M->431M(4096M) 0.317ms
[2020-07-12T01:29:05.341+0000][10164][gc,start     ] GC(45) Pause Init Mark (process weakrefs) (unload classes)
[2020-07-12T01:29:05.341+0000][10164][gc,task      ] GC(45) Using 4 of 4 workers for init marking
[2020-07-12T01:29:05.342+0000][10164][gc,ergo      ] GC(45) Pacer for Mark. Expected Live: 20235K, Free: 3458M, Non-Taxable: 345M, Alloc Tax Rate: 0.0x
[2020-07-12T01:29:05.342+0000][10164][gc           ] GC(45) Pause Init Mark (process weakrefs) (unload classes) 0.823ms
[2020-07-12T01:29:05.342+0000][10164][safepoint    ] Safepoint "ShenandoahInitMark", Time since last: 817382100 ns, Reaching safepoint: 653852 ns, At safepoint: 850283 ns, Total: 1504135 ns
[2020-07-12T01:29:05.342+0000][10164][gc,start     ] GC(45) Concurrent marking (process weakrefs) (unload classes)
[2020-07-12T01:29:05.342+0000][10164][gc,task      ] GC(45) Using 2 of 4 workers for concurrent marking
[2020-07-12T01:29:05.354+0000][10164][gc           ] GC(45) Concurrent marking (process weakrefs) (unload classes) 431M->451M(4096M) 11.843ms
[2020-07-12T01:29:05.354+0000][10164][gc,start     ] GC(45) Concurrent precleaning
[2020-07-12T01:29:05.354+0000][10164][gc,task      ] GC(45) Using 1 of 4 workers for concurrent preclean
[2020-07-12T01:29:05.354+0000][10164][gc           ] GC(45) Concurrent precleaning 451M->451M(4096M) 0.498ms
[2020-07-12T01:29:05.355+0000][10164][gc,start     ] GC(45) Pause Final Mark (process weakrefs) (unload classes)
[2020-07-12T01:29:05.355+0000][10164][gc,task      ] GC(45) Using 4 of 4 workers for final marking
[2020-07-12T01:29:05.365+0000][10164][gc,ergo      ] GC(45) CSet Selection. Actual Free: 3977M, Max CSet: 2983M
[2020-07-12T01:29:05.365+0000][10164][gc,ergo      ] GC(45) Collectable Garbage: 74148K (17% of total), 1614K CSet, 37 CSet regions
[2020-07-12T01:29:05.365+0000][10164][gc,ergo      ] GC(45) Immediate Garbage: 337M (82% of total), 169 regions
[2020-07-12T01:29:05.365+0000][10164][gc,ergo      ] GC(45) Pacer for Evacuation. Used CSet: 75762K, Free: 3776M, Non-Taxable: 377M, Alloc Tax Rate: 1.1x
[2020-07-12T01:29:05.365+0000][10164][gc           ] GC(45) Pause Final Mark (process weakrefs) (unload classes) 10.737ms
[2020-07-12T01:29:05.366+0000][10164][safepoint    ] Safepoint "ShenandoahFinalMarkStartEvac", Time since last: 12439906 ns, Reaching safepoint: 511069 ns, At safepoint: 10770713 ns, Total: 11281782 ns
[2020-07-12T01:29:05.366+0000][10164][gc,start     ] GC(45) Concurrent roots processing
[2020-07-12T01:29:05.366+0000][10164][gc,task      ] GC(45) Using 2 of 4 workers for concurrent root processing
[2020-07-12T01:29:05.399+0000][10164][gc           ] GC(45) Concurrent roots processing 453M->478M(4096M) 32.872ms
[2020-07-12T01:29:05.399+0000][10164][gc,start     ] GC(45) Concurrent cleanup
[2020-07-12T01:29:05.399+0000][10164][gc           ] GC(45) Concurrent cleanup 478M->140M(4096M) 0.266ms
[2020-07-12T01:29:05.399+0000][10164][gc,ergo      ] GC(45) Free: 3750M (1877 regions), Max regular: 2048K, Max humongous: 3406M, External frag: 10%, Internal frag: 0%
[2020-07-12T01:29:05.399+0000][10164][gc,ergo      ] GC(45) Evacuation Reserve: 205M (103 regions), Max regular: 2048K
[2020-07-12T01:29:05.399+0000][10164][gc,start     ] GC(45) Concurrent evacuation
[2020-07-12T01:29:05.399+0000][10164][gc,task      ] GC(45) Using 2 of 4 workers for concurrent evacuation
[2020-07-12T01:29:05.400+0000][10164][gc           ] GC(45) Concurrent evacuation 140M->141M(4096M) 1.421ms
[2020-07-12T01:29:05.402+0000][10164][gc,start     ] GC(45) Pause Init Update Refs
[2020-07-12T01:29:05.402+0000][10164][gc,ergo      ] GC(45) Pacer for Update Refs. Used: 141M, Free: 3750M, Non-Taxable: 375M, Alloc Tax Rate: 1.1x
[2020-07-12T01:29:05.402+0000][10164][gc           ] GC(45) Pause Init Update Refs 0.058ms
[2020-07-12T01:29:05.402+0000][10164][safepoint    ] Safepoint "ShenandoahInitUpdateRefs", Time since last: 34801413 ns, Reaching safepoint: 1632420 ns, At safepoint: 81684 ns, Total: 1714104 ns
[2020-07-12T01:29:05.402+0000][10164][gc,start     ] GC(45) Concurrent update references
[2020-07-12T01:29:05.402+0000][10164][gc,task      ] GC(45) Using 2 of 4 workers for concurrent reference update
[2020-07-12T01:29:05.415+0000][10164][gc           ] GC(45) Concurrent update references 145M->161M(4096M) 12.625ms
[2020-07-12T01:29:05.416+0000][10164][gc,start     ] GC(45) Pause Final Update Refs
[2020-07-12T01:29:05.416+0000][10164][gc,task      ] GC(45) Using 4 of 4 workers for final reference update
[2020-07-12T01:29:05.416+0000][10164][gc           ] GC(45) Pause Final Update Refs 0.250ms
[2020-07-12T01:29:05.416+0000][10164][safepoint    ] Safepoint "ShenandoahFinalUpdateRefs", Time since last: 12775420 ns, Reaching safepoint: 799351 ns, At safepoint: 280451 ns, Total: 1079802 ns
[2020-07-12T01:29:05.416+0000][10164][gc,start     ] GC(45) Concurrent cleanup
[2020-07-12T01:29:05.416+0000][10164][gc           ] GC(45) Concurrent cleanup 161M->87M(4096M) 0.110ms
[2020-07-12T01:29:05.416+0000][10164][gc,ergo      ] Free: 3802M (1904 regions), Max regular: 2048K, Max humongous: 3406M, External frag: 11%, Internal frag: 0%
[2020-07-12T01:29:05.416+0000][10164][gc,ergo      ] Evacuation Reserve: 206M (103 regions), Max regular: 2048K
[2020-07-12T01:29:05.416+0000][10164][gc,ergo      ] Pacer for Idle. Initial: 83886K, Alloc Tax Rate: 1.0x
[2020-07-12T01:29:06.417+0000][10164][safepoint    ] Safepoint "Cleanup", Time since last: 1000763542 ns, Reaching safepoint: 149325 ns, At safepoint: 2115 ns, Total: 151440 ns
[2020-07-12T01:29:07.417+0000][10164][safepoint    ] Safepoint "Cleanup", Time since last: 1000124527 ns, Reaching safepoint: 195760 ns, At safepoint: 8628 ns, Total: 204388 ns
[2020-07-12T01:29:08.417+0000][10164][safepoint    ] Safepoint "Cleanup", Time since last: 1000052612 ns, Reaching safepoint: 94711 ns, At safepoint: 11633 ns, Total: 106344 ns
[2020-07-12T01:29:09.418+0000][10164][safepoint    ] Safepoint "Cleanup", Time since last: 1000627063 ns, Reaching safepoint: 348147 ns, At safepoint: 14423 ns, Total: 362570 ns
[2020-07-12T01:29:10.207+0000][10164][gc           ] Trigger: Allocated since last cycle (410M) is larger than allocation threshold (409M)
[2020-07-12T01:29:10.207+0000][10164][gc,ergo      ] Free: 3458M (1732 regions), Max regular: 2048K, Max humongous: 3406M, External frag: 2%, Internal frag: 0%
[2020-07-12T01:29:10.207+0000][10164][gc,ergo      ] Evacuation Reserve: 206M (103 regions), Max regular: 2048K
[2020-07-12T01:29:10.207+0000][10164][gc,start     ] GC(46) Concurrent reset
[2020-07-12T01:29:10.207+0000][10164][gc,task      ] GC(46) Using 2 of 4 workers for concurrent reset
[2020-07-12T01:29:10.207+0000][10164][gc           ] GC(46) Concurrent reset 431M->431M(4096M) 0.281ms
[2020-07-12T01:29:10.207+0000][10164][gc,start     ] GC(46) Pause Init Mark (unload classes)
[2020-07-12T01:29:10.207+0000][10164][gc,task      ] GC(46) Using 4 of 4 workers for init marking
[2020-07-12T01:29:10.208+0000][10164][gc,ergo      ] GC(46) Pacer for Mark. Expected Live: 20286K, Free: 3458M, Non-Taxable: 345M, Alloc Tax Rate: 0.0x
[2020-07-12T01:29:10.208+0000][10164][gc           ] GC(46) Pause Init Mark (unload classes) 0.623ms
[2020-07-12T01:29:10.208+0000][10164][safepoint    ] Safepoint "ShenandoahInitMark", Time since last: 789008199 ns, Reaching safepoint: 185897 ns, At safepoint: 643158 ns, Total: 829055 ns
[2020-07-12T01:29:10.208+0000][10164][gc,start     ] GC(46) Concurrent marking (unload classes)
[2020-07-12T01:29:10.208+0000][10164][gc,task      ] GC(46) Using 2 of 4 workers for concurrent marking
[2020-07-12T01:29:10.219+0000][10164][gc           ] GC(46) Concurrent marking (unload classes) 433M->447M(4096M) 10.879ms
[2020-07-12T01:29:10.219+0000][10164][gc,start     ] GC(46) Pause Final Mark (unload classes)
[2020-07-12T01:29:10.219+0000][10164][gc,task      ] GC(46) Using 4 of 4 workers for final marking
[2020-07-12T01:29:10.220+0000][10164][gc,ergo      ] GC(46) CSet Selection. Actual Free: 3984M, Max CSet: 2988M
[2020-07-12T01:29:10.220+0000][10164][gc,ergo      ] GC(46) Collectable Garbage: 71799K (17% of total), 1759K CSet, 36 CSet regions
[2020-07-12T01:29:10.220+0000][10164][gc,ergo      ] GC(46) Immediate Garbage: 340M (82% of total), 170 regions
[2020-07-12T01:29:10.220+0000][10164][gc,ergo      ] GC(46) Pacer for Evacuation. Used CSet: 73559K, Free: 3782M, Non-Taxable: 378M, Alloc Tax Rate: 1.1x
[2020-07-12T01:29:10.221+0000][10164][gc           ] GC(46) Pause Final Mark (unload classes) 1.131ms
[2020-07-12T01:29:10.221+0000][10164][safepoint    ] Safepoint "ShenandoahFinalMarkStartEvac", Time since last: 11000811 ns, Reaching safepoint: 257906 ns, At safepoint: 1155389 ns, Total: 1413295 ns
[2020-07-12T01:29:10.221+0000][10164][gc,start     ] GC(46) Concurrent roots processing
[2020-07-12T01:29:10.221+0000][10164][gc,task      ] GC(46) Using 2 of 4 workers for concurrent root processing
[2020-07-12T01:29:10.254+0000][10164][gc           ] GC(46) Concurrent roots processing 449M->469M(4096M) 33.864ms
[2020-07-12T01:29:10.254+0000][10164][gc,start     ] GC(46) Concurrent cleanup
[2020-07-12T01:29:10.255+0000][10164][gc           ] GC(46) Concurrent cleanup 469M->129M(4096M) 0.262ms
[2020-07-12T01:29:10.255+0000][10164][gc,ergo      ] GC(46) Free: 3760M (1882 regions), Max regular: 2048K, Max humongous: 3408M, External frag: 10%, Internal frag: 0%
[2020-07-12T01:29:10.255+0000][10164][gc,ergo      ] GC(46) Evacuation Reserve: 205M (103 regions), Max regular: 2048K
[2020-07-12T01:29:10.255+0000][10164][gc,start     ] GC(46) Concurrent evacuation
[2020-07-12T01:29:10.255+0000][10164][gc,task      ] GC(46) Using 2 of 4 workers for concurrent evacuation
[2020-07-12T01:29:10.256+0000][10164][gc           ] GC(46) Concurrent evacuation 129M->133M(4096M) 1.197ms
[2020-07-12T01:29:10.257+0000][10164][gc,start     ] GC(46) Pause Init Update Refs
[2020-07-12T01:29:10.257+0000][10164][gc,ergo      ] GC(46) Pacer for Update Refs. Used: 133M, Free: 3758M, Non-Taxable: 375M, Alloc Tax Rate: 1.1x
[2020-07-12T01:29:10.257+0000][10164][gc           ] GC(46) Pause Init Update Refs 0.054ms
[2020-07-12T01:29:10.257+0000][10164][safepoint    ] Safepoint "ShenandoahInitUpdateRefs", Time since last: 35484478 ns, Reaching safepoint: 1287823 ns, At safepoint: 77487 ns, Total: 1365310 ns
[2020-07-12T01:29:10.257+0000][10164][gc,start     ] GC(46) Concurrent update references
[2020-07-12T01:29:10.257+0000][10164][gc,task      ] GC(46) Using 2 of 4 workers for concurrent reference update
[2020-07-12T01:29:10.267+0000][10164][gc           ] GC(46) Concurrent update references 135M->155M(4096M) 9.445ms
[2020-07-12T01:29:10.267+0000][10164][gc,start     ] GC(46) Pause Final Update Refs
[2020-07-12T01:29:10.267+0000][10164][gc,task      ] GC(46) Using 4 of 4 workers for final reference update
[2020-07-12T01:29:10.267+0000][10164][gc           ] GC(46) Pause Final Update Refs 0.190ms
[2020-07-12T01:29:10.267+0000][10164][safepoint    ] Safepoint "ShenandoahFinalUpdateRefs", Time since last: 9526506 ns, Reaching safepoint: 216804 ns, At safepoint: 220958 ns, Total: 437762 ns
[2020-07-12T01:29:10.267+0000][10164][gc,start     ] GC(46) Concurrent cleanup
[2020-07-12T01:29:10.267+0000][10164][gc           ] GC(46) Concurrent cleanup 155M->83M(4096M) 0.108ms
[2020-07-12T01:29:10.268+0000][10164][gc,ergo      ] Free: 3806M (1908 regions), Max regular: 2048K, Max humongous: 3432M, External frag: 10%, Internal frag: 0%
[2020-07-12T01:29:10.268+0000][10164][gc,ergo      ] Evacuation Reserve: 206M (103 regions), Max regular: 2048K
[2020-07-12T01:29:10.268+0000][10164][gc,ergo      ] Pacer for Idle. Initial: 83886K, Alloc Tax Rate: 1.0x
[2020-07-12T01:29:11.268+0000][10164][safepoint    ] Safepoint "Cleanup", Time since last: 1000408477 ns, Reaching safepoint: 115225 ns, At safepoint: 1633 ns, Total: 116858 ns
[2020-07-12T01:29:12.269+0000][10164][safepoint    ] Safepoint "Cleanup", Time since last: 1001406405 ns, Reaching safepoint: 104665 ns, At safepoint: 1879 ns, Total: 106544 ns
[2020-07-12T01:29:13.271+0000][10164][safepoint    ] Safepoint "Cleanup", Time since last: 1000866441 ns, Reaching safepoint: 251088 ns, At safepoint: 4783 ns, Total: 255871 ns
[2020-07-12T01:29:14.271+0000][10164][safepoint    ] Safepoint "Cleanup", Time since last: 1000044233 ns, Reaching safepoint: 202335 ns, At safepoint: 3936 ns, Total: 206271 ns
[2020-07-12T01:29:14.384+0000][10164][gc           ] Trigger: Allocated since last cycle (409M) is larger than allocation threshold (409M)
[2020-07-12T01:29:14.384+0000][10164][gc,ergo      ] Free: 3458M (1733 regions), Max regular: 2048K, Max humongous: 3432M, External frag: 1%, Internal frag: 0%
[2020-07-12T01:29:14.384+0000][10164][gc,ergo      ] Evacuation Reserve: 206M (103 regions), Max regular: 2048K
[2020-07-12T01:29:14.384+0000][10164][gc,start     ] GC(47) Concurrent reset
[2020-07-12T01:29:14.384+0000][10164][gc,task      ] GC(47) Using 2 of 4 workers for concurrent reset
[2020-07-12T01:29:14.385+0000][10164][gc           ] GC(47) Concurrent reset 431M->431M(4096M) 0.313ms
[2020-07-12T01:29:14.386+0000][10164][gc,start     ] GC(47) Pause Init Mark (unload classes)
[2020-07-12T01:29:14.386+0000][10164][gc,task      ] GC(47) Using 4 of 4 workers for init marking
[2020-07-12T01:29:14.386+0000][10164][gc,ergo      ] GC(47) Pacer for Mark. Expected Live: 20325K, Free: 3458M, Non-Taxable: 345M, Alloc Tax Rate: 0.0x
[2020-07-12T01:29:14.386+0000][10164][gc           ] GC(47) Pause Init Mark (unload classes) 0.566ms
[2020-07-12T01:29:14.386+0000][10164][safepoint    ] Safepoint "ShenandoahInitMark", Time since last: 113975878 ns, Reaching safepoint: 865828 ns, At safepoint: 587942 ns, Total: 1453770 ns
[2020-07-12T01:29:14.386+0000][10164][gc,start     ] GC(47) Concurrent marking (unload classes)
[2020-07-12T01:29:14.386+0000][10164][gc,task      ] GC(47) Using 2 of 4 workers for concurrent marking
[2020-07-12T01:29:14.397+0000][10164][gc           ] GC(47) Concurrent marking (unload classes) 431M->449M(4096M) 10.326ms
[2020-07-12T01:29:14.398+0000][10164][gc,start     ] GC(47) Pause Final Mark (unload classes)
[2020-07-12T01:29:14.398+0000][10164][gc,task      ] GC(47) Using 4 of 4 workers for final marking
[2020-07-12T01:29:14.398+0000][10164][gc,ergo      ] GC(47) CSet Selection. Actual Free: 3983M, Max CSet: 2987M
[2020-07-12T01:29:14.398+0000][10164][gc,ergo      ] GC(47) Collectable Garbage: 69827K (16% of total), 1852K CSet, 35 CSet regions
[2020-07-12T01:29:14.398+0000][10164][gc,ergo      ] GC(47) Immediate Garbage: 341M (83% of total), 171 regions
[2020-07-12T01:29:14.399+0000][10164][gc,ergo      ] GC(47) Pacer for Evacuation. Used CSet: 71680K, Free: 3782M, Non-Taxable: 378M, Alloc Tax Rate: 1.1x
[2020-07-12T01:29:14.399+0000][10164][gc           ] GC(47) Pause Final Mark (unload classes) 0.971ms
[2020-07-12T01:29:14.399+0000][10164][safepoint    ] Safepoint "ShenandoahFinalMarkStartEvac", Time since last: 10440268 ns, Reaching safepoint: 1284354 ns, At safepoint: 995426 ns, Total: 2279780 ns
[2020-07-12T01:29:14.399+0000][10164][gc,start     ] GC(47) Concurrent roots processing
[2020-07-12T01:29:14.399+0000][10164][gc,task      ] GC(47) Using 2 of 4 workers for concurrent root processing
[2020-07-12T01:29:14.418+0000][10164][gc           ] GC(47) Concurrent roots processing 451M->470M(4096M) 18.585ms
[2020-07-12T01:29:14.418+0000][10164][gc,start     ] GC(47) Concurrent cleanup
[2020-07-12T01:29:14.418+0000][10164][gc           ] GC(47) Concurrent cleanup 470M->128M(4096M) 0.177ms
[2020-07-12T01:29:14.418+0000][10164][gc,ergo      ] GC(47) Free: 3762M (1884 regions), Max regular: 2048K, Max humongous: 3416M, External frag: 10%, Internal frag: 0%
[2020-07-12T01:29:14.418+0000][10164][gc,ergo      ] GC(47) Evacuation Reserve: 205M (103 regions), Max regular: 2048K
[2020-07-12T01:29:14.418+0000][10164][gc,start     ] GC(47) Concurrent evacuation
[2020-07-12T01:29:14.418+0000][10164][gc,task      ] GC(47) Using 2 of 4 workers for concurrent evacuation
[2020-07-12T01:29:14.420+0000][10164][gc           ] GC(47) Concurrent evacuation 128M->131M(4096M) 2.165ms
[2020-07-12T01:29:14.421+0000][10164][gc,start     ] GC(47) Pause Init Update Refs
[2020-07-12T01:29:14.421+0000][10164][gc,ergo      ] GC(47) Pacer for Update Refs. Used: 131M, Free: 3762M, Non-Taxable: 376M, Alloc Tax Rate: 1.1x
[2020-07-12T01:29:14.421+0000][10164][gc           ] GC(47) Pause Init Update Refs 0.064ms
[2020-07-12T01:29:14.421+0000][10164][safepoint    ] Safepoint "ShenandoahInitUpdateRefs", Time since last: 21151222 ns, Reaching safepoint: 981774 ns, At safepoint: 93912 ns, Total: 1075686 ns
[2020-07-12T01:29:14.421+0000][10164][gc,start     ] GC(47) Concurrent update references
[2020-07-12T01:29:14.421+0000][10164][gc,task      ] GC(47) Using 2 of 4 workers for concurrent reference update
[2020-07-12T01:29:14.432+0000][10164][gc           ] GC(47) Concurrent update references 131M->155M(4096M) 10.769ms
[2020-07-12T01:29:14.432+0000][10164][gc,start     ] GC(47) Pause Final Update Refs
[2020-07-12T01:29:14.432+0000][10164][gc,task      ] GC(47) Using 4 of 4 workers for final reference update
[2020-07-12T01:29:14.433+0000][10164][gc           ] GC(47) Pause Final Update Refs 0.197ms
[2020-07-12T01:29:14.433+0000][10164][safepoint    ] Safepoint "ShenandoahFinalUpdateRefs", Time since last: 10847997 ns, Reaching safepoint: 472590 ns, At safepoint: 226477 ns, Total: 699067 ns
[2020-07-12T01:29:14.433+0000][10164][gc,start     ] GC(47) Concurrent cleanup
[2020-07-12T01:29:14.433+0000][10164][gc           ] GC(47) Concurrent cleanup 155M->85M(4096M) 0.117ms
[2020-07-12T01:29:14.433+0000][10164][gc,ergo      ] Free: 3804M (1906 regions), Max regular: 2048K, Max humongous: 3414M, External frag: 11%, Internal frag: 0%
[2020-07-12T01:29:14.433+0000][10164][gc,ergo      ] Evacuation Reserve: 206M (103 regions), Max regular: 2048K
[2020-07-12T01:29:14.433+0000][10164][gc,ergo      ] Pacer for Idle. Initial: 83886K, Alloc Tax Rate: 1.0x
[2020-07-12T01:29:15.433+0000][10164][safepoint    ] Safepoint "Cleanup", Time since last: 1000178701 ns, Reaching safepoint: 160214 ns, At safepoint: 9066 ns, Total: 169280 ns
[2020-07-12T01:29:16.433+0000][10164][safepoint    ] Safepoint "Cleanup", Time since last: 1000041338 ns, Reaching safepoint: 242410 ns, At safepoint: 11748 ns, Total: 254158 ns
[2020-07-12T01:29:17.434+0000][10164][safepoint    ] Safepoint "Cleanup", Time since last: 1000071225 ns, Reaching safepoint: 222028 ns, At safepoint: 9670 ns, Total: 231698 ns
[2020-07-12T01:29:18.434+0000][10164][safepoint    ] Safepoint "Cleanup", Time since last: 1000111073 ns, Reaching safepoint: 206695 ns, At safepoint: 10125 ns, Total: 216820 ns
[2020-07-12T01:29:18.483+0000][10164][gc           ] Trigger: Allocated since last cycle (409M) is larger than allocation threshold (409M)
[2020-07-12T01:29:18.483+0000][10164][gc,ergo      ] Free: 3456M (1732 regions), Max regular: 2048K, Max humongous: 3414M, External frag: 2%, Internal frag: 0%
[2020-07-12T01:29:18.483+0000][10164][gc,ergo      ] Evacuation Reserve: 206M (103 regions), Max regular: 2048K
[2020-07-12T01:29:18.483+0000][10164][gc,start     ] GC(48) Concurrent reset
[2020-07-12T01:29:18.483+0000][10164][gc,task      ] GC(48) Using 2 of 4 workers for concurrent reset
[2020-07-12T01:29:18.484+0000][10164][gc           ] GC(48) Concurrent reset 433M->433M(4096M) 0.269ms
[2020-07-12T01:29:18.484+0000][10164][gc,start     ] GC(48) Pause Init Mark (unload classes)
[2020-07-12T01:29:18.484+0000][10164][gc,task      ] GC(48) Using 4 of 4 workers for init marking
[2020-07-12T01:29:18.485+0000][10164][gc,ergo      ] GC(48) Pacer for Mark. Expected Live: 20364K, Free: 3456M, Non-Taxable: 345M, Alloc Tax Rate: 0.0x
[2020-07-12T01:29:18.485+0000][10164][gc           ] GC(48) Pause Init Mark (unload classes) 0.555ms
[2020-07-12T01:29:18.485+0000][10164][safepoint    ] Safepoint "ShenandoahInitMark", Time since last: 49835892 ns, Reaching safepoint: 257225 ns, At safepoint: 577037 ns, Total: 834262 ns
[2020-07-12T01:29:18.485+0000][10164][gc,start     ] GC(48) Concurrent marking (unload classes)
[2020-07-12T01:29:18.485+0000][10164][gc,task      ] GC(48) Using 2 of 4 workers for concurrent marking
[2020-07-12T01:29:18.494+0000][10164][gc           ] GC(48) Concurrent marking (unload classes) 433M->453M(4096M) 9.263ms
[2020-07-12T01:29:18.494+0000][10164][gc,start     ] GC(48) Pause Final Mark (unload classes)
[2020-07-12T01:29:18.494+0000][10164][gc,task      ] GC(48) Using 4 of 4 workers for final marking
[2020-07-12T01:29:18.495+0000][10164][gc,ergo      ] GC(48) CSet Selection. Actual Free: 3975M, Max CSet: 2981M
[2020-07-12T01:29:18.495+0000][10164][gc,ergo      ] GC(48) Collectable Garbage: 75930K (17% of total), 1893K CSet, 38 CSet regions
[2020-07-12T01:29:18.495+0000][10164][gc,ergo      ] GC(48) Immediate Garbage: 337M (81% of total), 169 regions
[2020-07-12T01:29:18.495+0000][10164][gc,ergo      ] GC(48) Pacer for Evacuation. Used CSet: 77824K, Free: 3774M, Non-Taxable: 377M, Alloc Tax Rate: 1.1x
[2020-07-12T01:29:18.495+0000][10164][gc           ] GC(48) Pause Final Mark (unload classes) 0.998ms
[2020-07-12T01:29:18.495+0000][10164][safepoint    ] Safepoint "ShenandoahFinalMarkStartEvac", Time since last: 9355469 ns, Reaching safepoint: 166305 ns, At safepoint: 1020404 ns, Total: 1186709 ns
[2020-07-12T01:29:18.495+0000][10164][gc,start     ] GC(48) Concurrent roots processing
[2020-07-12T01:29:18.495+0000][10164][gc,task      ] GC(48) Using 2 of 4 workers for concurrent root processing
[2020-07-12T01:29:18.514+0000][10164][gc           ] GC(48) Concurrent roots processing 455M->476M(4096M) 18.840ms
[2020-07-12T01:29:18.514+0000][10164][gc,start     ] GC(48) Concurrent cleanup
[2020-07-12T01:29:18.514+0000][10164][gc           ] GC(48) Concurrent cleanup 476M->138M(4096M) 0.159ms
[2020-07-12T01:29:18.514+0000][10164][gc,ergo      ] GC(48) Free: 3752M (1879 regions), Max regular: 2048K, Max humongous: 3410M, External frag: 10%, Internal frag: 0%
[2020-07-12T01:29:18.514+0000][10164][gc,ergo      ] GC(48) Evacuation Reserve: 205M (103 regions), Max regular: 2048K
[2020-07-12T01:29:18.514+0000][10164][gc,start     ] GC(48) Concurrent evacuation
[2020-07-12T01:29:18.514+0000][10164][gc,task      ] GC(48) Using 2 of 4 workers for concurrent evacuation
[2020-07-12T01:29:18.516+0000][10164][gc           ] GC(48) Concurrent evacuation 138M->140M(4096M) 1.534ms
[2020-07-12T01:29:18.518+0000][10164][gc,start     ] GC(48) Pause Init Update Refs
[2020-07-12T01:29:18.518+0000][10164][gc,ergo      ] GC(48) Pacer for Update Refs. Used: 140M, Free: 3752M, Non-Taxable: 375M, Alloc Tax Rate: 1.1x
[2020-07-12T01:29:18.518+0000][10164][gc           ] GC(48) Pause Init Update Refs 0.058ms
[2020-07-12T01:29:18.518+0000][10164][safepoint    ] Safepoint "ShenandoahInitUpdateRefs", Time since last: 20724553 ns, Reaching safepoint: 1737667 ns, At safepoint: 81256 ns, Total: 1818923 ns
[2020-07-12T01:29:18.518+0000][10164][gc,start     ] GC(48) Concurrent update references
[2020-07-12T01:29:18.518+0000][10164][gc,task      ] GC(48) Using 2 of 4 workers for concurrent reference update
[2020-07-12T01:29:18.528+0000][10164][gc           ] GC(48) Concurrent update references 142M->162M(4096M) 10.168ms
[2020-07-12T01:29:18.528+0000][10164][gc,start     ] GC(48) Pause Final Update Refs
[2020-07-12T01:29:18.528+0000][10164][gc,task      ] GC(48) Using 4 of 4 workers for final reference update
[2020-07-12T01:29:18.529+0000][10164][gc           ] GC(48) Pause Final Update Refs 0.209ms
[2020-07-12T01:29:18.529+0000][10164][safepoint    ] Safepoint "ShenandoahFinalUpdateRefs", Time since last: 10249535 ns, Reaching safepoint: 408206 ns, At safepoint: 236778 ns, Total: 644984 ns
[2020-07-12T01:29:18.529+0000][10164][gc,start     ] GC(48) Concurrent cleanup
[2020-07-12T01:29:18.529+0000][10164][gc           ] GC(48) Concurrent cleanup 162M->86M(4096M) 0.151ms
[2020-07-12T01:29:18.529+0000][10164][gc,ergo      ] Free: 3803M (1906 regions), Max regular: 2048K, Max humongous: 3410M, External frag: 11%, Internal frag: 0%
[2020-07-12T01:29:18.529+0000][10164][gc,ergo      ] Evacuation Reserve: 206M (103 regions), Max regular: 2048K
[2020-07-12T01:29:18.529+0000][10164][gc,ergo      ] Pacer for Idle. Initial: 83886K, Alloc Tax Rate: 1.0x
[2020-07-12T01:29:19.529+0000][10164][safepoint    ] Safepoint "Cleanup", Time since last: 1000640543 ns, Reaching safepoint: 202734 ns, At safepoint: 4000 ns, Total: 206734 ns
[2020-07-12T01:29:20.530+0000][10164][safepoint    ] Safepoint "Cleanup", Time since last: 1000171387 ns, Reaching safepoint: 122817 ns, At safepoint: 7241 ns, Total: 130058 ns
[2020-07-12T01:29:21.530+0000][10164][safepoint    ] Safepoint "Cleanup", Time since last: 1000120682 ns, Reaching safepoint: 135809 ns, At safepoint: 9865 ns, Total: 145674 ns
[2020-07-12T01:29:22.530+0000][10164][safepoint    ] Safepoint "Cleanup", Time since last: 1000120934 ns, Reaching safepoint: 125870 ns, At safepoint: 4413 ns, Total: 130283 ns
[2020-07-12T01:29:23.385+0000][10164][gc           ] Trigger: Allocated since last cycle (409M) is larger than allocation threshold (409M)
[2020-07-12T01:29:23.385+0000][10164][gc,ergo      ] Free: 3457M (1733 regions), Max regular: 2048K, Max humongous: 3410M, External frag: 2%, Internal frag: 0%
[2020-07-12T01:29:23.385+0000][10164][gc,ergo      ] Evacuation Reserve: 206M (103 regions), Max regular: 2048K
[2020-07-12T01:29:23.385+0000][10164][gc,start     ] GC(49) Concurrent reset
[2020-07-12T01:29:23.385+0000][10164][gc,task      ] GC(49) Using 2 of 4 workers for concurrent reset
[2020-07-12T01:29:23.386+0000][10164][gc           ] GC(49) Concurrent reset 432M->432M(4096M) 0.245ms
[2020-07-12T01:29:23.386+0000][10164][gc,start     ] GC(49) Pause Init Mark (unload classes)
[2020-07-12T01:29:23.386+0000][10164][gc,task      ] GC(49) Using 4 of 4 workers for init marking
[2020-07-12T01:29:23.387+0000][10164][gc,ergo      ] GC(49) Pacer for Mark. Expected Live: 20406K, Free: 3457M, Non-Taxable: 345M, Alloc Tax Rate: 0.0x
[2020-07-12T01:29:23.387+0000][10164][gc           ] GC(49) Pause Init Mark (unload classes) 0.659ms
[2020-07-12T01:29:23.387+0000][10164][safepoint    ] Safepoint "ShenandoahInitMark", Time since last: 855464488 ns, Reaching safepoint: 169573 ns, At safepoint: 692277 ns, Total: 861850 ns
[2020-07-12T01:29:23.387+0000][10164][gc,start     ] GC(49) Concurrent marking (unload classes)
[2020-07-12T01:29:23.387+0000][10164][gc,task      ] GC(49) Using 2 of 4 workers for concurrent marking
[2020-07-12T01:29:23.398+0000][10164][gc           ] GC(49) Concurrent marking (unload classes) 434M->452M(4096M) 11.637ms
[2020-07-12T01:29:23.399+0000][10164][gc,start     ] GC(49) Pause Final Mark (unload classes)
[2020-07-12T01:29:23.399+0000][10164][gc,task      ] GC(49) Using 4 of 4 workers for final marking
[2020-07-12T01:29:23.399+0000][10164][gc,ergo      ] GC(49) CSet Selection. Actual Free: 3975M, Max CSet: 2981M
[2020-07-12T01:29:23.399+0000][10164][gc,ergo      ] GC(49) Collectable Garbage: 74879K (17% of total), 1928K CSet, 38 CSet regions
[2020-07-12T01:29:23.399+0000][10164][gc,ergo      ] GC(49) Immediate Garbage: 337M (82% of total), 169 regions
[2020-07-12T01:29:23.400+0000][10164][gc,ergo      ] GC(49) Pacer for Evacuation. Used CSet: 76808K, Free: 3774M, Non-Taxable: 377M, Alloc Tax Rate: 1.1x
[2020-07-12T01:29:23.400+0000][10164][gc           ] GC(49) Pause Final Mark (unload classes) 0.982ms
[2020-07-12T01:29:23.400+0000][10164][safepoint    ] Safepoint "ShenandoahFinalMarkStartEvac", Time since last: 11762390 ns, Reaching safepoint: 169299 ns, At safepoint: 1008823 ns, Total: 1178122 ns
[2020-07-12T01:29:23.400+0000][10164][gc,start     ] GC(49) Concurrent roots processing
[2020-07-12T01:29:23.400+0000][10164][gc,task      ] GC(49) Using 2 of 4 workers for concurrent root processing
[2020-07-12T01:29:23.425+0000][10164][gc           ] GC(49) Concurrent roots processing 452M->477M(4096M) 24.988ms
[2020-07-12T01:29:23.425+0000][10164][gc,start     ] GC(49) Concurrent cleanup
[2020-07-12T01:29:23.425+0000][10164][gc           ] GC(49) Concurrent cleanup 477M->139M(4096M) 0.188ms
[2020-07-12T01:29:23.425+0000][10164][gc,ergo      ] GC(49) Free: 3750M (1878 regions), Max regular: 2048K, Max humongous: 3408M, External frag: 10%, Internal frag: 0%
[2020-07-12T01:29:23.425+0000][10164][gc,ergo      ] GC(49) Evacuation Reserve: 204M (103 regions), Max regular: 2048K
[2020-07-12T01:29:23.425+0000][10164][gc,start     ] GC(49) Concurrent evacuation
[2020-07-12T01:29:23.425+0000][10164][gc,task      ] GC(49) Using 2 of 4 workers for concurrent evacuation
[2020-07-12T01:29:23.427+0000][10164][gc           ] GC(49) Concurrent evacuation 139M->141M(4096M) 1.852ms
[2020-07-12T01:29:23.428+0000][10164][gc,start     ] GC(49) Pause Init Update Refs
[2020-07-12T01:29:23.428+0000][10164][gc,ergo      ] GC(49) Pacer for Update Refs. Used: 141M, Free: 3750M, Non-Taxable: 375M, Alloc Tax Rate: 1.1x
[2020-07-12T01:29:23.428+0000][10164][gc           ] GC(49) Pause Init Update Refs 0.066ms
[2020-07-12T01:29:23.428+0000][10164][safepoint    ] Safepoint "ShenandoahInitUpdateRefs", Time since last: 27254818 ns, Reaching safepoint: 1431200 ns, At safepoint: 92606 ns, Total: 1523806 ns
[2020-07-12T01:29:23.428+0000][10164][gc,start     ] GC(49) Concurrent update references
[2020-07-12T01:29:23.428+0000][10164][gc,task      ] GC(49) Using 2 of 4 workers for concurrent reference update
[2020-07-12T01:29:23.439+0000][10164][gc           ] GC(49) Concurrent update references 143M->165M(4096M) 10.135ms
[2020-07-12T01:29:23.439+0000][10164][gc,start     ] GC(49) Pause Final Update Refs
[2020-07-12T01:29:23.439+0000][10164][gc,task      ] GC(49) Using 4 of 4 workers for final reference update
[2020-07-12T01:29:23.439+0000][10164][gc           ] GC(49) Pause Final Update Refs 0.209ms
[2020-07-12T01:29:23.439+0000][10164][safepoint    ] Safepoint "ShenandoahFinalUpdateRefs", Time since last: 10252482 ns, Reaching safepoint: 82248 ns, At safepoint: 256311 ns, Total: 338559 ns
[2020-07-12T01:29:23.439+0000][10164][gc,start     ] GC(49) Concurrent cleanup
[2020-07-12T01:29:23.439+0000][10164][gc           ] GC(49) Concurrent cleanup 165M->90M(4096M) 0.139ms
[2020-07-12T01:29:23.439+0000][10164][gc,ergo      ] Free: 3799M (1905 regions), Max regular: 2048K, Max humongous: 3408M, External frag: 11%, Internal frag: 0%
[2020-07-12T01:29:23.439+0000][10164][gc,ergo      ] Evacuation Reserve: 206M (103 regions), Max regular: 2048K
[2020-07-12T01:29:23.439+0000][10164][gc,ergo      ] Pacer for Idle. Initial: 83886K, Alloc Tax Rate: 1.0x
[2020-07-12T01:29:24.439+0000][10164][safepoint    ] Safepoint "Cleanup", Time since last: 1000057887 ns, Reaching safepoint: 95852 ns, At safepoint: 5126 ns, Total: 100978 ns
[2020-07-12T01:29:25.440+0000][10164][safepoint    ] Safepoint "Cleanup", Time since last: 1000077691 ns, Reaching safepoint: 791616 ns, At safepoint: 10296 ns, Total: 801912 ns
[2020-07-12T01:29:26.441+0000][10164][safepoint    ] Safepoint "Cleanup", Time since last: 1000825503 ns, Reaching safepoint: 135715 ns, At safepoint: 5458 ns, Total: 141173 ns
[2020-07-12T01:29:27.441+0000][10164][safepoint    ] Safepoint "Cleanup", Time since last: 1000429840 ns, Reaching safepoint: 105326 ns, At safepoint: 1670 ns, Total: 106996 ns
[2020-07-12T01:29:27.513+0000][10164][gc           ] Trigger: Allocated since last cycle (409M) is larger than allocation threshold (409M)
[2020-07-12T01:29:27.513+0000][10164][gc,ergo      ] Free: 3457M (1734 regions), Max regular: 2048K, Max humongous: 3408M, External frag: 2%, Internal frag: 0%
[2020-07-12T01:29:27.513+0000][10164][gc,ergo      ] Evacuation Reserve: 206M (103 regions), Max regular: 2048K
[2020-07-12T01:29:27.514+0000][10164][gc,start     ] GC(50) Concurrent reset
[2020-07-12T01:29:27.514+0000][10164][gc,task      ] GC(50) Using 2 of 4 workers for concurrent reset
[2020-07-12T01:29:27.514+0000][10164][gc           ] GC(50) Concurrent reset 432M->432M(4096M) 0.220ms
[2020-07-12T01:29:27.514+0000][10164][gc,start     ] GC(50) Pause Init Mark (process weakrefs) (unload classes)
[2020-07-12T01:29:27.514+0000][10164][gc,task      ] GC(50) Using 4 of 4 workers for init marking
[2020-07-12T01:29:27.515+0000][10164][gc,ergo      ] GC(50) Pacer for Mark. Expected Live: 20445K, Free: 3457M, Non-Taxable: 345M, Alloc Tax Rate: 0.0x
[2020-07-12T01:29:27.515+0000][10164][gc           ] GC(50) Pause Init Mark (process weakrefs) (unload classes) 0.630ms
[2020-07-12T01:29:27.515+0000][10164][safepoint    ] Safepoint "ShenandoahInitMark", Time since last: 72353455 ns, Reaching safepoint: 202581 ns, At safepoint: 653868 ns, Total: 856449 ns
[2020-07-12T01:29:27.515+0000][10164][gc,start     ] GC(50) Concurrent marking (process weakrefs) (unload classes)
[2020-07-12T01:29:27.515+0000][10164][gc,task      ] GC(50) Using 2 of 4 workers for concurrent marking
[2020-07-12T01:29:27.528+0000][10164][gc           ] GC(50) Concurrent marking (process weakrefs) (unload classes) 436M->454M(4096M) 13.046ms
[2020-07-12T01:29:27.528+0000][10164][gc,start     ] GC(50) Concurrent precleaning
[2020-07-12T01:29:27.528+0000][10164][gc,task      ] GC(50) Using 1 of 4 workers for concurrent preclean
[2020-07-12T01:29:27.528+0000][10164][gc           ] GC(50) Concurrent precleaning 454M->454M(4096M) 0.350ms
[2020-07-12T01:29:27.528+0000][10164][gc,start     ] GC(50) Pause Final Mark (process weakrefs) (unload classes)
[2020-07-12T01:29:27.528+0000][10164][gc,task      ] GC(50) Using 4 of 4 workers for final marking
[2020-07-12T01:29:27.529+0000][10164][gc,ergo      ] GC(50) CSet Selection. Actual Free: 3977M, Max CSet: 2983M
[2020-07-12T01:29:27.529+0000][10164][gc,ergo      ] GC(50) Collectable Garbage: 70863K (16% of total), 1848K CSet, 36 CSet regions
[2020-07-12T01:29:27.529+0000][10164][gc,ergo      ] GC(50) Immediate Garbage: 341M (82% of total), 171 regions
[2020-07-12T01:29:27.530+0000][10164][gc,ergo      ] GC(50) Pacer for Evacuation. Used CSet: 72712K, Free: 3776M, Non-Taxable: 377M, Alloc Tax Rate: 1.1x
[2020-07-12T01:29:27.530+0000][10164][gc           ] GC(50) Pause Final Mark (process weakrefs) (unload classes) 1.376ms
[2020-07-12T01:29:27.530+0000][10164][safepoint    ] Safepoint "ShenandoahFinalMarkStartEvac", Time since last: 13522862 ns, Reaching safepoint: 102353 ns, At safepoint: 1401756 ns, Total: 1504109 ns
[2020-07-12T01:29:27.530+0000][10164][gc,start     ] GC(50) Concurrent roots processing
[2020-07-12T01:29:27.530+0000][10164][gc,task      ] GC(50) Using 2 of 4 workers for concurrent root processing
[2020-07-12T01:29:27.566+0000][10164][gc           ] GC(50) Concurrent roots processing 458M->478M(4096M) 36.529ms
[2020-07-12T01:29:27.566+0000][10164][gc,start     ] GC(50) Concurrent cleanup
[2020-07-12T01:29:27.566+0000][10164][gc           ] GC(50) Concurrent cleanup 478M->137M(4096M) 0.179ms
[2020-07-12T01:29:27.567+0000][10164][gc,ergo      ] GC(50) Free: 3752M (1879 regions), Max regular: 2048K, Max humongous: 3406M, External frag: 10%, Internal frag: 0%
[2020-07-12T01:29:27.567+0000][10164][gc,ergo      ] GC(50) Evacuation Reserve: 205M (103 regions), Max regular: 2048K
[2020-07-12T01:29:27.567+0000][10164][gc,start     ] GC(50) Concurrent evacuation
[2020-07-12T01:29:27.567+0000][10164][gc,task      ] GC(50) Using 2 of 4 workers for concurrent evacuation
[2020-07-12T01:29:27.568+0000][10164][gc           ] GC(50) Concurrent evacuation 137M->139M(4096M) 1.314ms
[2020-07-12T01:29:27.569+0000][10164][gc,start     ] GC(50) Pause Init Update Refs
[2020-07-12T01:29:27.569+0000][10164][gc,ergo      ] GC(50) Pacer for Update Refs. Used: 139M, Free: 3752M, Non-Taxable: 375M, Alloc Tax Rate: 1.1x
[2020-07-12T01:29:27.569+0000][10164][gc           ] GC(50) Pause Init Update Refs 0.058ms
[2020-07-12T01:29:27.569+0000][10164][safepoint    ] Safepoint "ShenandoahInitUpdateRefs", Time since last: 38221449 ns, Reaching safepoint: 1355445 ns, At safepoint: 80685 ns, Total: 1436130 ns
[2020-07-12T01:29:27.569+0000][10164][gc,start     ] GC(50) Concurrent update references
[2020-07-12T01:29:27.569+0000][10164][gc,task      ] GC(50) Using 2 of 4 workers for concurrent reference update
[2020-07-12T01:29:27.581+0000][10164][gc           ] GC(50) Concurrent update references 141M->161M(4096M) 11.733ms
[2020-07-12T01:29:27.581+0000][10164][gc,start     ] GC(50) Pause Final Update Refs
[2020-07-12T01:29:27.581+0000][10164][gc,task      ] GC(50) Using 4 of 4 workers for final reference update
[2020-07-12T01:29:27.582+0000][10164][gc           ] GC(50) Pause Final Update Refs 0.341ms
[2020-07-12T01:29:27.582+0000][10164][safepoint    ] Safepoint "ShenandoahFinalUpdateRefs", Time since last: 11848332 ns, Reaching safepoint: 140930 ns, At safepoint: 371086 ns, Total: 512016 ns
[2020-07-12T01:29:27.582+0000][10164][gc,start     ] GC(50) Concurrent cleanup
[2020-07-12T01:29:27.582+0000][10164][gc           ] GC(50) Concurrent cleanup 161M->90M(4096M) 0.135ms
[2020-07-12T01:29:27.582+0000][10164][gc,ergo      ] Free: 3799M (1903 regions), Max regular: 2048K, Max humongous: 3406M, External frag: 11%, Internal frag: 0%
[2020-07-12T01:29:27.582+0000][10164][gc,ergo      ] Evacuation Reserve: 206M (103 regions), Max regular: 2048K
[2020-07-12T01:29:27.582+0000][10164][gc,ergo      ] Pacer for Idle. Initial: 83886K, Alloc Tax Rate: 1.0x
[2020-07-12T01:29:28.583+0000][10164][safepoint    ] Safepoint "Cleanup", Time since last: 1000816146 ns, Reaching safepoint: 132472 ns, At safepoint: 1617 ns, Total: 134089 ns
[2020-07-12T01:29:29.585+0000][10164][safepoint    ] Safepoint "Cleanup", Time since last: 1001277117 ns, Reaching safepoint: 789361 ns, At safepoint: 8829 ns, Total: 798190 ns
[2020-07-12T01:29:30.079+0000][10164][safepoint    ] Safepoint "PrintThreads", Time since last: 492956757 ns, Reaching safepoint: 220096 ns, At safepoint: 856095 ns, Total: 1076191 ns
[2020-07-12T01:29:30.079+0000][10164][safepoint    ] Safepoint "PrintJNI", Time since last: 48300 ns, Reaching safepoint: 135936 ns, At safepoint: 10581 ns, Total: 146517 ns
[2020-07-12T01:29:30.079+0000][10164][safepoint    ] Safepoint "FindDeadlocks", Time since last: 25078 ns, Reaching safepoint: 111832 ns, At safepoint: 6833 ns, Total: 118665 ns
[2020-07-12T01:29:31.079+0000][10164][safepoint    ] Safepoint "Cleanup", Time since last: 1000092532 ns, Reaching safepoint: 248506 ns, At safepoint: 7436 ns, Total: 255942 ns
[2020-07-12T01:29:32.081+0000][10164][safepoint    ] Safepoint "Cleanup", Time since last: 1001203156 ns, Reaching safepoint: 206777 ns, At safepoint: 7499 ns, Total: 214276 ns
[2020-07-12T01:29:32.352+0000][10164][gc           ] Trigger: Allocated since last cycle (409M) is larger than allocation threshold (409M)
[2020-07-12T01:29:32.352+0000][10164][gc,ergo      ] Free: 3457M (1732 regions), Max regular: 2048K, Max humongous: 3406M, External frag: 2%, Internal frag: 0%
[2020-07-12T01:29:32.352+0000][10164][gc,ergo      ] Evacuation Reserve: 206M (103 regions), Max regular: 2048K
[2020-07-12T01:29:32.352+0000][10164][gc,start     ] GC(51) Concurrent reset
[2020-07-12T01:29:32.352+0000][10164][gc,task      ] GC(51) Using 2 of 4 workers for concurrent reset
[2020-07-12T01:29:32.353+0000][10164][gc           ] GC(51) Concurrent reset 432M->432M(4096M) 0.460ms
[2020-07-12T01:29:32.353+0000][10164][gc,start     ] GC(51) Pause Init Mark (unload classes)
[2020-07-12T01:29:32.354+0000][10164][gc,task      ] GC(51) Using 4 of 4 workers for init marking
[2020-07-12T01:29:32.354+0000][10164][gc,ergo      ] GC(51) Pacer for Mark. Expected Live: 20494K, Free: 3457M, Non-Taxable: 345M, Alloc Tax Rate: 0.0x
[2020-07-12T01:29:32.354+0000][10164][gc           ] GC(51) Pause Init Mark (unload classes) 0.598ms
[2020-07-12T01:29:32.354+0000][10164][safepoint    ] Safepoint "ShenandoahInitMark", Time since last: 271859753 ns, Reaching safepoint: 760590 ns, At safepoint: 620684 ns, Total: 1381274 ns
[2020-07-12T01:29:32.354+0000][10164][gc,start     ] GC(51) Concurrent marking (unload classes)
[2020-07-12T01:29:32.354+0000][10164][gc,task      ] GC(51) Using 2 of 4 workers for concurrent marking
[2020-07-12T01:29:32.364+0000][10164][gc           ] GC(51) Concurrent marking (unload classes) 434M->440M(4096M) 9.712ms
[2020-07-12T01:29:32.366+0000][10164][gc,start     ] GC(51) Pause Final Mark (unload classes)
[2020-07-12T01:29:32.366+0000][10164][gc,task      ] GC(51) Using 4 of 4 workers for final marking
[2020-07-12T01:29:32.367+0000][10164][gc,ergo      ] GC(51) CSet Selection. Actual Free: 3983M, Max CSet: 2987M
[2020-07-12T01:29:32.367+0000][10164][gc,ergo      ] GC(51) Collectable Garbage: 76866K (18% of total), 1989K CSet, 39 CSet regions
[2020-07-12T01:29:32.367+0000][10164][gc,ergo      ] GC(51) Immediate Garbage: 335M (81% of total), 168 regions
[2020-07-12T01:29:32.367+0000][10164][gc,ergo      ] GC(51) Pacer for Evacuation. Used CSet: 78856K, Free: 3782M, Non-Taxable: 378M, Alloc Tax Rate: 1.1x
[2020-07-12T01:29:32.367+0000][10164][gc           ] GC(51) Pause Final Mark (unload classes) 1.517ms
[2020-07-12T01:29:32.367+0000][10164][safepoint    ] Safepoint "ShenandoahFinalMarkStartEvac", Time since last: 11180513 ns, Reaching safepoint: 435610 ns, At safepoint: 1558994 ns, Total: 1994604 ns
[2020-07-12T01:29:32.367+0000][10164][gc,start     ] GC(51) Concurrent roots processing
[2020-07-12T01:29:32.367+0000][10164][gc,task      ] GC(51) Using 2 of 4 workers for concurrent root processing
[2020-07-12T01:29:32.402+0000][10164][gc           ] GC(51) Concurrent roots processing 444M->462M(4096M) 35.091ms
[2020-07-12T01:29:32.402+0000][10164][gc,start     ] GC(51) Concurrent cleanup
[2020-07-12T01:29:32.403+0000][10164][gc           ] GC(51) Concurrent cleanup 462M->126M(4096M) 0.196ms
[2020-07-12T01:29:32.403+0000][10164][gc,ergo      ] GC(51) Free: 3762M (1883 regions), Max regular: 2048K, Max humongous: 3426M, External frag: 9%, Internal frag: 0%
[2020-07-12T01:29:32.403+0000][10164][gc,ergo      ] GC(51) Evacuation Reserve: 205M (103 regions), Max regular: 2048K
[2020-07-12T01:29:32.403+0000][10164][gc,start     ] GC(51) Concurrent evacuation
[2020-07-12T01:29:32.403+0000][10164][gc,task      ] GC(51) Using 2 of 4 workers for concurrent evacuation
[2020-07-12T01:29:32.404+0000][10164][gc           ] GC(51) Concurrent evacuation 126M->129M(4096M) 1.482ms
[2020-07-12T01:29:32.406+0000][10164][gc,start     ] GC(51) Pause Init Update Refs
[2020-07-12T01:29:32.406+0000][10164][gc,ergo      ] GC(51) Pacer for Update Refs. Used: 129M, Free: 3762M, Non-Taxable: 376M, Alloc Tax Rate: 1.1x
[2020-07-12T01:29:32.406+0000][10164][gc           ] GC(51) Pause Init Update Refs 0.054ms
[2020-07-12T01:29:32.406+0000][10164][safepoint    ] Safepoint "ShenandoahInitUpdateRefs", Time since last: 37004529 ns, Reaching safepoint: 1230854 ns, At safepoint: 76772 ns, Total: 1307626 ns
[2020-07-12T01:29:32.406+0000][10164][gc,start     ] GC(51) Concurrent update references
[2020-07-12T01:29:32.406+0000][10164][gc,task      ] GC(51) Using 2 of 4 workers for concurrent reference update
[2020-07-12T01:29:32.417+0000][10164][gc           ] GC(51) Concurrent update references 131M->151M(4096M) 11.434ms
[2020-07-12T01:29:32.417+0000][10164][gc,start     ] GC(51) Pause Final Update Refs
[2020-07-12T01:29:32.417+0000][10164][gc,task      ] GC(51) Using 4 of 4 workers for final reference update
[2020-07-12T01:29:32.418+0000][10164][gc           ] GC(51) Pause Final Update Refs 0.224ms
[2020-07-12T01:29:32.418+0000][10164][safepoint    ] Safepoint "ShenandoahFinalUpdateRefs", Time since last: 11547808 ns, Reaching safepoint: 158705 ns, At safepoint: 251955 ns, Total: 410660 ns
[2020-07-12T01:29:32.418+0000][10164][gc,start     ] GC(51) Concurrent cleanup
[2020-07-12T01:29:32.418+0000][10164][gc           ] GC(51) Concurrent cleanup 151M->74M(4096M) 0.106ms
[2020-07-12T01:29:32.418+0000][10164][gc,ergo      ] Free: 3815M (1911 regions), Max regular: 2048K, Max humongous: 3426M, External frag: 11%, Internal frag: 0%
[2020-07-12T01:29:32.418+0000][10164][gc,ergo      ] Evacuation Reserve: 206M (103 regions), Max regular: 2048K
[2020-07-12T01:29:32.418+0000][10164][gc,ergo      ] Pacer for Idle. Initial: 83886K, Alloc Tax Rate: 1.0x
[2020-07-12T01:29:33.418+0000][10164][safepoint    ] Safepoint "Cleanup", Time since last: 1000102501 ns, Reaching safepoint: 147732 ns, At safepoint: 1816 ns, Total: 149548 ns
[2020-07-12T01:29:36.554+0000][10164][gc           ] Trigger: Allocated since last cycle (411M) is larger than allocation threshold (409M)
[2020-07-12T01:29:36.555+0000][10164][gc,ergo      ] Free: 3455M (1731 regions), Max regular: 2048K, Max humongous: 3426M, External frag: 1%, Internal frag: 0%
[2020-07-12T01:29:36.555+0000][10164][gc,ergo      ] Evacuation Reserve: 206M (103 regions), Max regular: 2048K
[2020-07-12T01:29:36.555+0000][10164][gc,start     ] GC(52) Concurrent reset
[2020-07-12T01:29:36.555+0000][10164][gc,task      ] GC(52) Using 2 of 4 workers for concurrent reset
[2020-07-12T01:29:36.555+0000][10164][gc           ] GC(52) Concurrent reset 434M->434M(4096M) 0.252ms
[2020-07-12T01:29:36.555+0000][10164][gc,start     ] GC(52) Pause Init Mark (unload classes)
[2020-07-12T01:29:36.555+0000][10164][gc,task      ] GC(52) Using 4 of 4 workers for init marking
[2020-07-12T01:29:36.556+0000][10164][gc,ergo      ] GC(52) Pacer for Mark. Expected Live: 20539K, Free: 3455M, Non-Taxable: 345M, Alloc Tax Rate: 0.0x
[2020-07-12T01:29:36.556+0000][10164][gc           ] GC(52) Pause Init Mark (unload classes) 0.605ms
[2020-07-12T01:29:36.556+0000][10164][safepoint    ] Safepoint "ShenandoahInitMark", Time since last: 3137105623 ns, Reaching safepoint: 91322 ns, At safepoint: 629429 ns, Total: 720751 ns
[2020-07-12T01:29:36.556+0000][10164][gc,start     ] GC(52) Concurrent marking (unload classes)
[2020-07-12T01:29:36.556+0000][10164][gc,task      ] GC(52) Using 2 of 4 workers for concurrent marking
[2020-07-12T01:29:36.565+0000][10164][gc           ] GC(52) Concurrent marking (unload classes) 434M->434M(4096M) 9.615ms
[2020-07-12T01:29:36.565+0000][10164][gc,start     ] GC(52) Pause Final Mark (unload classes)
[2020-07-12T01:29:36.565+0000][10164][gc,task      ] GC(52) Using 4 of 4 workers for final marking
[2020-07-12T01:29:36.566+0000][10164][gc,ergo      ] GC(52) CSet Selection. Actual Free: 4004M, Max CSet: 3003M
[2020-07-12T01:29:36.566+0000][10164][gc,ergo      ] GC(52) Collectable Garbage: 66570K (15% of total), 2045K CSet, 34 CSet regions
[2020-07-12T01:29:36.566+0000][10164][gc,ergo      ] GC(52) Immediate Garbage: 348M (84% of total), 174 regions
[2020-07-12T01:29:36.566+0000][10164][gc,ergo      ] GC(52) Pacer for Evacuation. Used CSet: 68616K, Free: 3802M, Non-Taxable: 380M, Alloc Tax Rate: 1.1x
[2020-07-12T01:29:36.566+0000][10164][gc           ] GC(52) Pause Final Mark (unload classes) 1.009ms
[2020-07-12T01:29:36.566+0000][10164][safepoint    ] Safepoint "ShenandoahFinalMarkStartEvac", Time since last: 9701167 ns, Reaching safepoint: 90895 ns, At safepoint: 1034738 ns, Total: 1125633 ns
[2020-07-12T01:29:36.567+0000][10164][gc,start     ] GC(52) Concurrent roots processing
[2020-07-12T01:29:36.567+0000][10164][gc,task      ] GC(52) Using 2 of 4 workers for concurrent root processing
[2020-07-12T01:29:36.588+0000][10164][gc           ] GC(52) Concurrent roots processing 436M->436M(4096M) 21.805ms
[2020-07-12T01:29:36.588+0000][10164][gc,start     ] GC(52) Concurrent cleanup
[2020-07-12T01:29:36.589+0000][10164][gc           ] GC(52) Concurrent cleanup 436M->88M(4096M) 0.163ms
[2020-07-12T01:29:36.589+0000][10164][gc,ergo      ] GC(52) Free: 3800M (1903 regions), Max regular: 2048K, Max humongous: 3456M, External frag: 10%, Internal frag: 0%
[2020-07-12T01:29:36.589+0000][10164][gc,ergo      ] GC(52) Evacuation Reserve: 205M (103 regions), Max regular: 2048K
[2020-07-12T01:29:36.589+0000][10164][gc,start     ] GC(52) Concurrent evacuation
[2020-07-12T01:29:36.589+0000][10164][gc,task      ] GC(52) Using 2 of 4 workers for concurrent evacuation
[2020-07-12T01:29:36.590+0000][10164][gc           ] GC(52) Concurrent evacuation 88M->92M(4096M) 1.584ms
[2020-07-12T01:29:36.591+0000][10164][gc,start     ] GC(52) Pause Init Update Refs
[2020-07-12T01:29:36.591+0000][10164][gc,ergo      ] GC(52) Pacer for Update Refs. Used: 94412K, Free: 3800M, Non-Taxable: 380M, Alloc Tax Rate: 1.1x
[2020-07-12T01:29:36.591+0000][10164][gc           ] GC(52) Pause Init Update Refs 0.044ms
[2020-07-12T01:29:36.591+0000][10164][safepoint    ] Safepoint "ShenandoahInitUpdateRefs", Time since last: 23763239 ns, Reaching safepoint: 940984 ns, At safepoint: 84390 ns, Total: 1025374 ns
[2020-07-12T01:29:36.591+0000][10164][gc,start     ] GC(52) Concurrent update references
[2020-07-12T01:29:36.591+0000][10164][gc,task      ] GC(52) Using 2 of 4 workers for concurrent reference update
[2020-07-12T01:29:36.599+0000][10164][gc           ] GC(52) Concurrent update references 94M->94M(4096M) 7.549ms
[2020-07-12T01:29:36.599+0000][10164][gc,start     ] GC(52) Pause Final Update Refs
[2020-07-12T01:29:36.599+0000][10164][gc,task      ] GC(52) Using 4 of 4 workers for final reference update
[2020-07-12T01:29:36.599+0000][10164][gc           ] GC(52) Pause Final Update Refs 0.196ms
[2020-07-12T01:29:36.599+0000][10164][safepoint    ] Safepoint "ShenandoahFinalUpdateRefs", Time since last: 7729916 ns, Reaching safepoint: 74977 ns, At safepoint: 223177 ns, Total: 298154 ns
[2020-07-12T01:29:36.599+0000][10164][gc,start     ] GC(52) Concurrent cleanup
[2020-07-12T01:29:36.599+0000][10164][gc           ] GC(52) Concurrent cleanup 94M->27M(4096M) 0.098ms
[2020-07-12T01:29:36.599+0000][10164][gc,ergo      ] Free: 3862M (1935 regions), Max regular: 2048K, Max humongous: 3472M, External frag: 11%, Internal frag: 0%
[2020-07-12T01:29:36.599+0000][10164][gc,ergo      ] Evacuation Reserve: 206M (103 regions), Max regular: 2048K
[2020-07-12T01:29:36.599+0000][10164][gc,ergo      ] Pacer for Idle. Initial: 83886K, Alloc Tax Rate: 1.0x
[2020-07-12T01:29:38.602+0000][10164][safepoint    ] Safepoint "Cleanup", Time since last: 2002322826 ns, Reaching safepoint: 108281 ns, At safepoint: 2156 ns, Total: 110437 ns
[2020-07-12T01:29:40.603+0000][10164][safepoint    ] Safepoint "Cleanup", Time since last: 2001153295 ns, Reaching safepoint: 84027 ns, At safepoint: 1518 ns, Total: 85545 ns
[2020-07-12T01:29:41.535+0000][10164][gc           ] Trigger: Allocated since last cycle (410M) is larger than allocation threshold (409M)
[2020-07-12T01:29:41.535+0000][10164][gc,ergo      ] Free: 3456M (1731 regions), Max regular: 2048K, Max humongous: 3452M, External frag: 1%, Internal frag: 0%
[2020-07-12T01:29:41.535+0000][10164][gc,ergo      ] Evacuation Reserve: 206M (103 regions), Max regular: 2048K
[2020-07-12T01:29:41.535+0000][10164][gc,start     ] GC(53) Concurrent reset
[2020-07-12T01:29:41.535+0000][10164][gc,task      ] GC(53) Using 2 of 4 workers for concurrent reset
[2020-07-12T01:29:41.535+0000][10164][gc           ] GC(53) Concurrent reset 433M->433M(4096M) 0.242ms
[2020-07-12T01:29:41.535+0000][10164][gc,start     ] GC(53) Pause Init Mark (unload classes)
[2020-07-12T01:29:41.535+0000][10164][gc,task      ] GC(53) Using 4 of 4 workers for init marking
[2020-07-12T01:29:41.536+0000][10164][gc,ergo      ] GC(53) Pacer for Mark. Expected Live: 20576K, Free: 3456M, Non-Taxable: 345M, Alloc Tax Rate: 0.0x
[2020-07-12T01:29:41.536+0000][10164][gc           ] GC(53) Pause Init Mark (unload classes) 0.546ms
[2020-07-12T01:29:41.536+0000][10164][safepoint    ] Safepoint "ShenandoahInitMark", Time since last: 932110844 ns, Reaching safepoint: 77839 ns, At safepoint: 566028 ns, Total: 643867 ns
[2020-07-12T01:29:41.536+0000][10164][gc,start     ] GC(53) Concurrent marking (unload classes)
[2020-07-12T01:29:41.536+0000][10164][gc,task      ] GC(53) Using 2 of 4 workers for concurrent marking
[2020-07-12T01:29:41.545+0000][10164][gc           ] GC(53) Concurrent marking (unload classes) 433M->463M(4096M) 9.755ms
[2020-07-12T01:29:41.546+0000][10164][gc,start     ] GC(53) Pause Final Mark (unload classes)
[2020-07-12T01:29:41.546+0000][10164][gc,task      ] GC(53) Using 4 of 4 workers for final marking
[2020-07-12T01:29:41.546+0000][10164][gc,ergo      ] GC(53) CSet Selection. Actual Free: 3984M, Max CSet: 2988M
[2020-07-12T01:29:41.546+0000][10164][gc,ergo      ] GC(53) Collectable Garbage: 57306K (13% of total), 2085K CSet, 29 CSet regions
[2020-07-12T01:29:41.546+0000][10164][gc,ergo      ] GC(53) Immediate Garbage: 356M (86% of total), 178 regions
[2020-07-12T01:29:41.547+0000][10164][gc,ergo      ] GC(53) Pacer for Evacuation. Used CSet: 59392K, Free: 3782M, Non-Taxable: 378M, Alloc Tax Rate: 1.1x
[2020-07-12T01:29:41.547+0000][10164][gc           ] GC(53) Pause Final Mark (unload classes) 1.185ms
[2020-07-12T01:29:41.547+0000][10164][safepoint    ] Safepoint "ShenandoahFinalMarkStartEvac", Time since last: 9816565 ns, Reaching safepoint: 95752 ns, At safepoint: 1216768 ns, Total: 1312520 ns
[2020-07-12T01:29:41.547+0000][10164][gc,start     ] GC(53) Concurrent roots processing
[2020-07-12T01:29:41.547+0000][10164][gc,task      ] GC(53) Using 2 of 4 workers for concurrent root processing
[2020-07-12T01:29:41.571+0000][10164][gc           ] GC(53) Concurrent roots processing 467M->494M(4096M) 23.386ms
[2020-07-12T01:29:41.571+0000][10164][gc,start     ] GC(53) Concurrent cleanup
[2020-07-12T01:29:41.571+0000][10164][gc           ] GC(53) Concurrent cleanup 494M->140M(4096M) 0.214ms
[2020-07-12T01:29:41.571+0000][10164][gc,ergo      ] GC(53) Free: 3750M (1877 regions), Max regular: 2048K, Max humongous: 3390M, External frag: 10%, Internal frag: 0%
[2020-07-12T01:29:41.571+0000][10164][gc,ergo      ] GC(53) Evacuation Reserve: 205M (103 regions), Max regular: 2048K
[2020-07-12T01:29:41.571+0000][10164][gc,start     ] GC(53) Concurrent evacuation
[2020-07-12T01:29:41.571+0000][10164][gc,task      ] GC(53) Using 2 of 4 workers for concurrent evacuation
[2020-07-12T01:29:41.573+0000][10164][gc           ] GC(53) Concurrent evacuation 140M->142M(4096M) 1.670ms
[2020-07-12T01:29:41.574+0000][10164][gc,start     ] GC(53) Pause Init Update Refs
[2020-07-12T01:29:41.574+0000][10164][gc,ergo      ] GC(53) Pacer for Update Refs. Used: 142M, Free: 3750M, Non-Taxable: 375M, Alloc Tax Rate: 1.1x
[2020-07-12T01:29:41.574+0000][10164][gc           ] GC(53) Pause Init Update Refs 0.069ms
[2020-07-12T01:29:41.574+0000][10164][safepoint    ] Safepoint "ShenandoahInitUpdateRefs", Time since last: 25984525 ns, Reaching safepoint: 988740 ns, At safepoint: 94715 ns, Total: 1083455 ns
[2020-07-12T01:29:41.574+0000][10164][gc,start     ] GC(53) Concurrent update references
[2020-07-12T01:29:41.574+0000][10164][gc,task      ] GC(53) Using 2 of 4 workers for concurrent reference update
[2020-07-12T01:29:41.584+0000][10164][gc           ] GC(53) Concurrent update references 150M->172M(4096M) 10.120ms
[2020-07-12T01:29:41.584+0000][10164][gc,start     ] GC(53) Pause Final Update Refs
[2020-07-12T01:29:41.584+0000][10164][gc,task      ] GC(53) Using 4 of 4 workers for final reference update
[2020-07-12T01:29:41.585+0000][10164][gc           ] GC(53) Pause Final Update Refs 0.264ms
[2020-07-12T01:29:41.585+0000][10164][safepoint    ] Safepoint "ShenandoahFinalUpdateRefs", Time since last: 10383187 ns, Reaching safepoint: 75006 ns, At safepoint: 289248 ns, Total: 364254 ns
[2020-07-12T01:29:41.585+0000][10164][gc,start     ] GC(53) Concurrent cleanup
[2020-07-12T01:29:41.585+0000][10164][gc           ] GC(53) Concurrent cleanup 172M->114M(4096M) 0.106ms
[2020-07-12T01:29:41.585+0000][10164][gc,ergo      ] Free: 3775M (1891 regions), Max regular: 2048K, Max humongous: 3390M, External frag: 11%, Internal frag: 0%
[2020-07-12T01:29:41.585+0000][10164][gc,ergo      ] Evacuation Reserve: 206M (103 regions), Max regular: 2048K
[2020-07-12T01:29:41.585+0000][10164][gc,ergo      ] Pacer for Idle. Initial: 83886K, Alloc Tax Rate: 1.0x
[2020-07-12T01:29:42.586+0000][10164][safepoint    ] Safepoint "Cleanup", Time since last: 1000684170 ns, Reaching safepoint: 163710 ns, At safepoint: 3758 ns, Total: 167468 ns
[2020-07-12T01:29:44.586+0000][10164][safepoint    ] Safepoint "Cleanup", Time since last: 2000698223 ns, Reaching safepoint: 127604 ns, At safepoint: 1875 ns, Total: 129479 ns
[2020-07-12T01:29:45.587+0000][10164][safepoint    ] Safepoint "Cleanup", Time since last: 1000287890 ns, Reaching safepoint: 94602 ns, At safepoint: 1588 ns, Total: 96190 ns
[2020-07-12T01:29:46.298+0000][10164][gc           ] Trigger: Allocated since last cycle (410M) is larger than allocation threshold (409M)
[2020-07-12T01:29:46.298+0000][10164][gc,ergo      ] Free: 3457M (1731 regions), Max regular: 2048K, Max humongous: 3390M, External frag: 2%, Internal frag: 0%
[2020-07-12T01:29:46.298+0000][10164][gc,ergo      ] Evacuation Reserve: 206M (103 regions), Max regular: 2048K
[2020-07-12T01:29:46.298+0000][10164][gc,start     ] GC(54) Concurrent reset
[2020-07-12T01:29:46.298+0000][10164][gc,task      ] GC(54) Using 2 of 4 workers for concurrent reset
[2020-07-12T01:29:46.298+0000][10164][gc           ] GC(54) Concurrent reset 432M->432M(4096M) 0.235ms
[2020-07-12T01:29:46.298+0000][10164][gc,start     ] GC(54) Pause Init Mark (unload classes)
[2020-07-12T01:29:46.298+0000][10164][gc,task      ] GC(54) Using 4 of 4 workers for init marking
[2020-07-12T01:29:46.299+0000][10164][gc,ergo      ] GC(54) Pacer for Mark. Expected Live: 20614K, Free: 3457M, Non-Taxable: 345M, Alloc Tax Rate: 0.0x
[2020-07-12T01:29:46.299+0000][10164][gc           ] GC(54) Pause Init Mark (unload classes) 0.565ms
[2020-07-12T01:29:46.299+0000][10164][safepoint    ] Safepoint "ShenandoahInitMark", Time since last: 711492815 ns, Reaching safepoint: 95967 ns, At safepoint: 589161 ns, Total: 685128 ns
[2020-07-12T01:29:46.299+0000][10164][gc,start     ] GC(54) Concurrent marking (unload classes)
[2020-07-12T01:29:46.299+0000][10164][gc,task      ] GC(54) Using 2 of 4 workers for concurrent marking
[2020-07-12T01:29:46.308+0000][10164][gc           ] GC(54) Concurrent marking (unload classes) 434M->454M(4096M) 9.248ms
[2020-07-12T01:29:46.308+0000][10164][gc,start     ] GC(54) Pause Final Mark (unload classes)
[2020-07-12T01:29:46.308+0000][10164][gc,task      ] GC(54) Using 4 of 4 workers for final marking
[2020-07-12T01:29:46.309+0000][10164][gc,ergo      ] GC(54) CSet Selection. Actual Free: 3983M, Max CSet: 2987M
[2020-07-12T01:29:46.309+0000][10164][gc,ergo      ] GC(54) Collectable Garbage: 64456K (15% of total), 2111K CSet, 33 CSet regions
[2020-07-12T01:29:46.309+0000][10164][gc,ergo      ] GC(54) Immediate Garbage: 347M (84% of total), 174 regions
[2020-07-12T01:29:46.309+0000][10164][gc,ergo      ] GC(54) Pacer for Evacuation. Used CSet: 66568K, Free: 3782M, Non-Taxable: 378M, Alloc Tax Rate: 1.1x
[2020-07-12T01:29:46.309+0000][10164][gc           ] GC(54) Pause Final Mark (unload classes) 1.097ms
[2020-07-12T01:29:46.309+0000][10164][safepoint    ] Safepoint "ShenandoahFinalMarkStartEvac", Time since last: 9347068 ns, Reaching safepoint: 94018 ns, At safepoint: 1124598 ns, Total: 1218616 ns
[2020-07-12T01:29:46.310+0000][10164][gc,start     ] GC(54) Concurrent roots processing
[2020-07-12T01:29:46.310+0000][10164][gc,task      ] GC(54) Using 2 of 4 workers for concurrent root processing
[2020-07-12T01:29:46.332+0000][10164][gc           ] GC(54) Concurrent roots processing 456M->479M(4096M) 22.652ms
[2020-07-12T01:29:46.332+0000][10164][gc,start     ] GC(54) Concurrent cleanup
[2020-07-12T01:29:46.332+0000][10164][gc           ] GC(54) Concurrent cleanup 479M->131M(4096M) 0.172ms
[2020-07-12T01:29:46.332+0000][10164][gc,ergo      ] GC(54) Free: 3758M (1881 regions), Max regular: 2048K, Max humongous: 3410M, External frag: 10%, Internal frag: 0%
[2020-07-12T01:29:46.332+0000][10164][gc,ergo      ] GC(54) Evacuation Reserve: 205M (103 regions), Max regular: 2048K
[2020-07-12T01:29:46.332+0000][10164][gc,start     ] GC(54) Concurrent evacuation
[2020-07-12T01:29:46.332+0000][10164][gc,task      ] GC(54) Using 2 of 4 workers for concurrent evacuation
[2020-07-12T01:29:46.334+0000][10164][gc           ] GC(54) Concurrent evacuation 131M->132M(4096M) 1.288ms
[2020-07-12T01:29:46.335+0000][10164][gc,start     ] GC(54) Pause Init Update Refs
[2020-07-12T01:29:46.335+0000][10164][gc,ergo      ] GC(54) Pacer for Update Refs. Used: 132M, Free: 3758M, Non-Taxable: 375M, Alloc Tax Rate: 1.1x
[2020-07-12T01:29:46.335+0000][10164][gc           ] GC(54) Pause Init Update Refs 0.052ms
[2020-07-12T01:29:46.335+0000][10164][safepoint    ] Safepoint "ShenandoahInitUpdateRefs", Time since last: 24357437 ns, Reaching safepoint: 938873 ns, At safepoint: 75636 ns, Total: 1014509 ns
[2020-07-12T01:29:46.335+0000][10164][gc,start     ] GC(54) Concurrent update references
[2020-07-12T01:29:46.335+0000][10164][gc,task      ] GC(54) Using 2 of 4 workers for concurrent reference update
[2020-07-12T01:29:46.345+0000][10164][gc           ] GC(54) Concurrent update references 134M->156M(4096M) 10.436ms
[2020-07-12T01:29:46.346+0000][10164][gc,start     ] GC(54) Pause Final Update Refs
[2020-07-12T01:29:46.346+0000][10164][gc,task      ] GC(54) Using 4 of 4 workers for final reference update
[2020-07-12T01:29:46.346+0000][10164][gc           ] GC(54) Pause Final Update Refs 0.225ms
[2020-07-12T01:29:46.347+0000][10164][safepoint    ] Safepoint "ShenandoahFinalUpdateRefs", Time since last: 10546057 ns, Reaching safepoint: 886239 ns, At safepoint: 257081 ns, Total: 1143320 ns
[2020-07-12T01:29:46.347+0000][10164][gc,start     ] GC(54) Concurrent cleanup
[2020-07-12T01:29:46.347+0000][10164][gc           ] GC(54) Concurrent cleanup 156M->91M(4096M) 0.120ms
[2020-07-12T01:29:46.347+0000][10164][gc,ergo      ] Free: 3798M (1902 regions), Max regular: 2048K, Max humongous: 3464M, External frag: 9%, Internal frag: 0%
[2020-07-12T01:29:46.347+0000][10164][gc,ergo      ] Evacuation Reserve: 206M (103 regions), Max regular: 2048K
[2020-07-12T01:29:46.347+0000][10164][gc,ergo      ] Pacer for Idle. Initial: 83886K, Alloc Tax Rate: 1.0x
[2020-07-12T01:29:48.348+0000][10164][safepoint    ] Safepoint "Cleanup", Time since last: 2000187091 ns, Reaching safepoint: 945033 ns, At safepoint: 15233 ns, Total: 960266 ns
[2020-07-12T01:29:49.348+0000][10164][safepoint    ] Safepoint "Cleanup", Time since last: 1000131188 ns, Reaching safepoint: 81316 ns, At safepoint: 5170 ns, Total: 86486 ns
[2020-07-12T01:29:50.480+0000][10164][gc           ] Trigger: Allocated since last cycle (409M) is larger than allocation threshold (409M)
[2020-07-12T01:29:50.480+0000][10164][gc,ergo      ] Free: 3458M (1732 regions), Max regular: 2048K, Max humongous: 3452M, External frag: 1%, Internal frag: 0%
[2020-07-12T01:29:50.480+0000][10164][gc,ergo      ] Evacuation Reserve: 206M (103 regions), Max regular: 2048K
[2020-07-12T01:29:50.480+0000][10164][gc,start     ] GC(55) Concurrent reset
[2020-07-12T01:29:50.480+0000][10164][gc,task      ] GC(55) Using 2 of 4 workers for concurrent reset
[2020-07-12T01:29:50.480+0000][10164][gc           ] GC(55) Concurrent reset 431M->431M(4096M) 0.210ms
[2020-07-12T01:29:50.481+0000][10164][gc,start     ] GC(55) Pause Init Mark (process weakrefs) (unload classes)
[2020-07-12T01:29:50.481+0000][10164][gc,task      ] GC(55) Using 4 of 4 workers for init marking
[2020-07-12T01:29:50.482+0000][10164][gc,ergo      ] GC(55) Pacer for Mark. Expected Live: 20654K, Free: 3458M, Non-Taxable: 345M, Alloc Tax Rate: 0.0x
[2020-07-12T01:29:50.482+0000][10164][gc           ] GC(55) Pause Init Mark (process weakrefs) (unload classes) 1.230ms
[2020-07-12T01:29:50.482+0000][10164][safepoint    ] Safepoint "ShenandoahInitMark", Time since last: 1132137150 ns, Reaching safepoint: 551750 ns, At safepoint: 1258871 ns, Total: 1810621 ns
[2020-07-12T01:29:50.482+0000][10164][gc,start     ] GC(55) Concurrent marking (process weakrefs) (unload classes)
[2020-07-12T01:29:50.482+0000][10164][gc,task      ] GC(55) Using 2 of 4 workers for concurrent marking
[2020-07-12T01:29:50.493+0000][10164][gc           ] GC(55) Concurrent marking (process weakrefs) (unload classes) 433M->443M(4096M) 11.256ms
[2020-07-12T01:29:50.493+0000][10164][gc,start     ] GC(55) Concurrent precleaning
[2020-07-12T01:29:50.493+0000][10164][gc,task      ] GC(55) Using 1 of 4 workers for concurrent preclean
[2020-07-12T01:29:50.494+0000][10164][gc           ] GC(55) Concurrent precleaning 443M->443M(4096M) 0.460ms
[2020-07-12T01:29:50.494+0000][10164][gc,start     ] GC(55) Pause Final Mark (process weakrefs) (unload classes)
[2020-07-12T01:29:50.494+0000][10164][gc,task      ] GC(55) Using 4 of 4 workers for final marking
[2020-07-12T01:29:50.495+0000][10164][gc,ergo      ] GC(55) CSet Selection. Actual Free: 3992M, Max CSet: 2994M
[2020-07-12T01:29:50.495+0000][10164][gc,ergo      ] GC(55) Collectable Garbage: 65930K (15% of total), 1653K CSet, 33 CSet regions
[2020-07-12T01:29:50.495+0000][10164][gc,ergo      ] GC(55) Immediate Garbage: 346M (84% of total), 173 regions
[2020-07-12T01:29:50.496+0000][10164][gc,ergo      ] GC(55) Pacer for Evacuation. Used CSet: 67584K, Free: 3792M, Non-Taxable: 379M, Alloc Tax Rate: 1.1x
[2020-07-12T01:29:50.496+0000][10164][gc           ] GC(55) Pause Final Mark (process weakrefs) (unload classes) 1.498ms
[2020-07-12T01:29:50.496+0000][10164][safepoint    ] Safepoint "ShenandoahFinalMarkStartEvac", Time since last: 11866677 ns, Reaching safepoint: 678068 ns, At safepoint: 1525008 ns, Total: 2203076 ns
[2020-07-12T01:29:50.496+0000][10164][gc,start     ] GC(55) Concurrent roots processing
[2020-07-12T01:29:50.496+0000][10164][gc,task      ] GC(55) Using 2 of 4 workers for concurrent root processing
[2020-07-12T01:29:50.539+0000][10164][gc           ] GC(55) Concurrent roots processing 445M->470M(4096M) 42.657ms
[2020-07-12T01:29:50.539+0000][10164][gc,start     ] GC(55) Concurrent cleanup
[2020-07-12T01:29:50.539+0000][10164][gc           ] GC(55) Concurrent cleanup 470M->124M(4096M) 0.257ms
[2020-07-12T01:29:50.539+0000][10164][gc,ergo      ] GC(55) Free: 3766M (1885 regions), Max regular: 2048K, Max humongous: 3412M, External frag: 10%, Internal frag: 0%
[2020-07-12T01:29:50.539+0000][10164][gc,ergo      ] GC(55) Evacuation Reserve: 205M (103 regions), Max regular: 2048K
[2020-07-12T01:29:50.539+0000][10164][gc,start     ] GC(55) Concurrent evacuation
[2020-07-12T01:29:50.539+0000][10164][gc,task      ] GC(55) Using 2 of 4 workers for concurrent evacuation
[2020-07-12T01:29:50.540+0000][10164][gc           ] GC(55) Concurrent evacuation 124M->125M(4096M) 1.441ms
[2020-07-12T01:29:50.541+0000][10164][gc,start     ] GC(55) Pause Init Update Refs
[2020-07-12T01:29:50.541+0000][10164][gc,ergo      ] GC(55) Pacer for Update Refs. Used: 125M, Free: 3766M, Non-Taxable: 376M, Alloc Tax Rate: 1.1x
[2020-07-12T01:29:50.542+0000][10164][gc           ] GC(55) Pause Init Update Refs 0.048ms
[2020-07-12T01:29:50.542+0000][10164][safepoint    ] Safepoint "ShenandoahInitUpdateRefs", Time since last: 44604073 ns, Reaching safepoint: 953139 ns, At safepoint: 88918 ns, Total: 1042057 ns
[2020-07-12T01:29:50.542+0000][10164][gc,start     ] GC(55) Concurrent update references
[2020-07-12T01:29:50.542+0000][10164][gc,task      ] GC(55) Using 2 of 4 workers for concurrent reference update
[2020-07-12T01:29:50.553+0000][10164][gc           ] GC(55) Concurrent update references 129M->153M(4096M) 11.517ms
[2020-07-12T01:29:50.553+0000][10164][gc,start     ] GC(55) Pause Final Update Refs
[2020-07-12T01:29:50.553+0000][10164][gc,task      ] GC(55) Using 4 of 4 workers for final reference update
[2020-07-12T01:29:50.554+0000][10164][gc           ] GC(55) Pause Final Update Refs 0.217ms
[2020-07-12T01:29:50.554+0000][10164][safepoint    ] Safepoint "ShenandoahFinalUpdateRefs", Time since last: 11646363 ns, Reaching safepoint: 91896 ns, At safepoint: 243504 ns, Total: 335400 ns
[2020-07-12T01:29:50.554+0000][10164][gc,start     ] GC(55) Concurrent cleanup
[2020-07-12T01:29:50.554+0000][10164][gc           ] GC(55) Concurrent cleanup 153M->87M(4096M) 0.114ms
[2020-07-12T01:29:50.554+0000][10164][gc,ergo      ] Free: 3802M (1904 regions), Max regular: 2048K, Max humongous: 3412M, External frag: 11%, Internal frag: 0%
[2020-07-12T01:29:50.554+0000][10164][gc,ergo      ] Evacuation Reserve: 206M (103 regions), Max regular: 2048K
[2020-07-12T01:29:50.554+0000][10164][gc,ergo      ] Pacer for Idle. Initial: 83886K, Alloc Tax Rate: 1.0x
[2020-07-12T01:29:51.555+0000][10164][safepoint    ] Safepoint "Cleanup", Time since last: 1001633496 ns, Reaching safepoint: 171918 ns, At safepoint: 3276 ns, Total: 175194 ns
[2020-07-12T01:29:52.555+0000][10164][safepoint    ] Safepoint "Cleanup", Time since last: 1000050050 ns, Reaching safepoint: 91524 ns, At safepoint: 6830 ns, Total: 98354 ns
[2020-07-12T01:29:55.342+0000][10164][gc           ] Trigger: Allocated since last cycle (410M) is larger than allocation threshold (409M)
[2020-07-12T01:29:55.342+0000][10164][gc,ergo      ] Free: 3458M (1732 regions), Max regular: 2048K, Max humongous: 3412M, External frag: 2%, Internal frag: 0%
[2020-07-12T01:29:55.342+0000][10164][gc,ergo      ] Evacuation Reserve: 206M (103 regions), Max regular: 2048K
[2020-07-12T01:29:55.342+0000][10164][gc,start     ] GC(56) Concurrent reset
[2020-07-12T01:29:55.342+0000][10164][gc,task      ] GC(56) Using 2 of 4 workers for concurrent reset
[2020-07-12T01:29:55.342+0000][10164][gc           ] GC(56) Concurrent reset 431M->431M(4096M) 0.212ms
[2020-07-12T01:29:55.343+0000][10164][gc,start     ] GC(56) Pause Init Mark (unload classes)
[2020-07-12T01:29:55.343+0000][10164][gc,task      ] GC(56) Using 4 of 4 workers for init marking
[2020-07-12T01:29:55.343+0000][10164][gc,ergo      ] GC(56) Pacer for Mark. Expected Live: 20677K, Free: 3458M, Non-Taxable: 345M, Alloc Tax Rate: 0.0x
[2020-07-12T01:29:55.343+0000][10164][gc           ] GC(56) Pause Init Mark (unload classes) 0.740ms
[2020-07-12T01:29:55.343+0000][10164][safepoint    ] Safepoint "ShenandoahInitMark", Time since last: 2786817966 ns, Reaching safepoint: 271570 ns, At safepoint: 763712 ns, Total: 1035282 ns
[2020-07-12T01:29:55.343+0000][10164][gc,start     ] GC(56) Concurrent marking (unload classes)
[2020-07-12T01:29:55.343+0000][10164][gc,task      ] GC(56) Using 2 of 4 workers for concurrent marking
[2020-07-12T01:29:55.353+0000][10164][gc           ] GC(56) Concurrent marking (unload classes) 431M->449M(4096M) 9.999ms
[2020-07-12T01:29:55.354+0000][10164][gc,start     ] GC(56) Pause Final Mark (unload classes)
[2020-07-12T01:29:55.354+0000][10164][gc,task      ] GC(56) Using 4 of 4 workers for final marking
[2020-07-12T01:29:55.355+0000][10164][gc,ergo      ] GC(56) CSet Selection. Actual Free: 3968M, Max CSet: 2976M
[2020-07-12T01:29:55.355+0000][10164][gc,ergo      ] GC(56) Collectable Garbage: 84135K (19% of total), 1880K CSet, 42 CSet regions
[2020-07-12T01:29:55.355+0000][10164][gc,ergo      ] GC(56) Immediate Garbage: 328M (79% of total), 164 regions
[2020-07-12T01:29:55.356+0000][10164][gc,ergo      ] GC(56) Pacer for Evacuation. Used CSet: 86016K, Free: 3768M, Non-Taxable: 376M, Alloc Tax Rate: 1.1x
[2020-07-12T01:29:55.356+0000][10164][gc           ] GC(56) Pause Final Mark (unload classes) 1.265ms
[2020-07-12T01:29:55.356+0000][10164][safepoint    ] Safepoint "ShenandoahFinalMarkStartEvac", Time since last: 10101882 ns, Reaching safepoint: 912795 ns, At safepoint: 1287837 ns, Total: 2200632 ns
[2020-07-12T01:29:55.356+0000][10164][gc,start     ] GC(56) Concurrent roots processing
[2020-07-12T01:29:55.356+0000][10164][gc,task      ] GC(56) Using 2 of 4 workers for concurrent root processing
[2020-07-12T01:29:55.391+0000][10164][gc           ] GC(56) Concurrent roots processing 451M->470M(4096M) 35.594ms
[2020-07-12T01:29:55.391+0000][10164][gc,start     ] GC(56) Concurrent cleanup
[2020-07-12T01:29:55.392+0000][10164][gc           ] GC(56) Concurrent cleanup 470M->142M(4096M) 0.193ms
[2020-07-12T01:29:55.392+0000][10164][gc,ergo      ] GC(56) Free: 3748M (1877 regions), Max regular: 2048K, Max humongous: 3420M, External frag: 9%, Internal frag: 0%
[2020-07-12T01:29:55.392+0000][10164][gc,ergo      ] GC(56) Evacuation Reserve: 205M (103 regions), Max regular: 2048K
[2020-07-12T01:29:55.392+0000][10164][gc,start     ] GC(56) Concurrent evacuation
[2020-07-12T01:29:55.392+0000][10164][gc,task      ] GC(56) Using 2 of 4 workers for concurrent evacuation
[2020-07-12T01:29:55.393+0000][10164][gc           ] GC(56) Concurrent evacuation 142M->145M(4096M) 1.615ms
[2020-07-12T01:29:55.394+0000][10164][gc,start     ] GC(56) Pause Init Update Refs
[2020-07-12T01:29:55.394+0000][10164][gc,ergo      ] GC(56) Pacer for Update Refs. Used: 145M, Free: 3748M, Non-Taxable: 374M, Alloc Tax Rate: 1.1x
[2020-07-12T01:29:55.394+0000][10164][gc           ] GC(56) Pause Init Update Refs 0.049ms
[2020-07-12T01:29:55.394+0000][10164][safepoint    ] Safepoint "ShenandoahInitUpdateRefs", Time since last: 37611865 ns, Reaching safepoint: 1134296 ns, At safepoint: 75960 ns, Total: 1210256 ns
[2020-07-12T01:29:55.395+0000][10164][gc,start     ] GC(56) Concurrent update references
[2020-07-12T01:29:55.395+0000][10164][gc,task      ] GC(56) Using 2 of 4 workers for concurrent reference update
[2020-07-12T01:29:55.406+0000][10164][gc           ] GC(56) Concurrent update references 147M->169M(4096M) 11.070ms
[2020-07-12T01:29:55.406+0000][10164][gc,start     ] GC(56) Pause Final Update Refs
[2020-07-12T01:29:55.406+0000][10164][gc,task      ] GC(56) Using 4 of 4 workers for final reference update
[2020-07-12T01:29:55.406+0000][10164][gc           ] GC(56) Pause Final Update Refs 0.179ms
[2020-07-12T01:29:55.406+0000][10164][safepoint    ] Safepoint "ShenandoahFinalUpdateRefs", Time since last: 11211141 ns, Reaching safepoint: 366102 ns, At safepoint: 210768 ns, Total: 576870 ns
[2020-07-12T01:29:55.406+0000][10164][gc,start     ] GC(56) Concurrent cleanup
[2020-07-12T01:29:55.406+0000][10164][gc           ] GC(56) Concurrent cleanup 169M->85M(4096M) 0.109ms
[2020-07-12T01:29:55.406+0000][10164][gc,ergo      ] Free: 3804M (1907 regions), Max regular: 2048K, Max humongous: 3450M, External frag: 10%, Internal frag: 0%
[2020-07-12T01:29:55.406+0000][10164][gc,ergo      ] Evacuation Reserve: 206M (103 regions), Max regular: 2048K
[2020-07-12T01:29:55.406+0000][10164][gc,ergo      ] Pacer for Idle. Initial: 83886K, Alloc Tax Rate: 1.0x
[2020-07-12T01:29:56.407+0000][10164][safepoint    ] Safepoint "Cleanup", Time since last: 1000082369 ns, Reaching safepoint: 340327 ns, At safepoint: 7356 ns, Total: 347683 ns
[2020-07-12T01:29:57.407+0000][10164][safepoint    ] Safepoint "Cleanup", Time since last: 1000081365 ns, Reaching safepoint: 117400 ns, At safepoint: 2155 ns, Total: 119555 ns
[2020-07-12T01:29:59.408+0000][10164][safepoint    ] Safepoint "Cleanup", Time since last: 2000561174 ns, Reaching safepoint: 159301 ns, At safepoint: 9272 ns, Total: 168573 ns
[2020-07-12T01:30:00.044+0000][10164][gc           ] Trigger: Allocated since last cycle (409M) is larger than allocation threshold (409M)
[2020-07-12T01:30:00.044+0000][10164][gc,ergo      ] Free: 3456M (1732 regions), Max regular: 2048K, Max humongous: 3450M, External frag: 1%, Internal frag: 0%
[2020-07-12T01:30:00.044+0000][10164][gc,ergo      ] Evacuation Reserve: 206M (103 regions), Max regular: 2048K
[2020-07-12T01:30:00.044+0000][10164][gc,start     ] GC(57) Concurrent reset
[2020-07-12T01:30:00.044+0000][10164][gc,task      ] GC(57) Using 2 of 4 workers for concurrent reset
[2020-07-12T01:30:00.045+0000][10164][gc           ] GC(57) Concurrent reset 433M->433M(4096M) 0.331ms
[2020-07-12T01:30:00.046+0000][10164][gc,start     ] GC(57) Pause Init Mark (unload classes)
[2020-07-12T01:30:00.046+0000][10164][gc,task      ] GC(57) Using 4 of 4 workers for init marking
[2020-07-12T01:30:00.046+0000][10164][gc,ergo      ] GC(57) Pacer for Mark. Expected Live: 20719K, Free: 3456M, Non-Taxable: 345M, Alloc Tax Rate: 0.0x
[2020-07-12T01:30:00.046+0000][10164][gc           ] GC(57) Pause Init Mark (unload classes) 0.613ms
[2020-07-12T01:30:00.046+0000][10164][safepoint    ] Safepoint "ShenandoahInitMark", Time since last: 637071059 ns, Reaching safepoint: 1131259 ns, At safepoint: 640493 ns, Total: 1771752 ns
[2020-07-12T01:30:00.046+0000][10164][gc,start     ] GC(57) Concurrent marking (unload classes)
[2020-07-12T01:30:00.046+0000][10164][gc,task      ] GC(57) Using 2 of 4 workers for concurrent marking
[2020-07-12T01:30:00.057+0000][10164][gc           ] GC(57) Concurrent marking (unload classes) 433M->451M(4096M) 10.137ms
[2020-07-12T01:30:00.057+0000][10164][gc,start     ] GC(57) Pause Final Mark (unload classes)
[2020-07-12T01:30:00.057+0000][10164][gc,task      ] GC(57) Using 4 of 4 workers for final marking
[2020-07-12T01:30:00.057+0000][10164][gc,ergo      ] GC(57) CSet Selection. Actual Free: 3979M, Max CSet: 2984M
[2020-07-12T01:30:00.057+0000][10164][gc,ergo      ] GC(57) Collectable Garbage: 71813K (16% of total), 1914K CSet, 36 CSet regions
[2020-07-12T01:30:00.057+0000][10164][gc,ergo      ] GC(57) Immediate Garbage: 341M (82% of total), 171 regions
[2020-07-12T01:30:00.058+0000][10164][gc,ergo      ] GC(57) Pacer for Evacuation. Used CSet: 73728K, Free: 3780M, Non-Taxable: 378M, Alloc Tax Rate: 1.1x
[2020-07-12T01:30:00.058+0000][10164][gc           ] GC(57) Pause Final Mark (unload classes) 0.913ms
[2020-07-12T01:30:00.058+0000][10164][safepoint    ] Safepoint "ShenandoahFinalMarkStartEvac", Time since last: 10200923 ns, Reaching safepoint: 103066 ns, At safepoint: 941149 ns, Total: 1044215 ns
[2020-07-12T01:30:00.058+0000][10164][gc,start     ] GC(57) Concurrent roots processing
[2020-07-12T01:30:00.058+0000][10164][gc,task      ] GC(57) Using 2 of 4 workers for concurrent root processing
[2020-07-12T01:30:00.082+0000][10164][gc           ] GC(57) Concurrent roots processing 453M->474M(4096M) 24.285ms
[2020-07-12T01:30:00.082+0000][10164][gc,start     ] GC(57) Concurrent cleanup
[2020-07-12T01:30:00.082+0000][10164][gc           ] GC(57) Concurrent cleanup 474M->132M(4096M) 0.170ms
[2020-07-12T01:30:00.082+0000][10164][gc,ergo      ] GC(57) Free: 3758M (1882 regions), Max regular: 2048K, Max humongous: 3410M, External frag: 10%, Internal frag: 0%
[2020-07-12T01:30:00.082+0000][10164][gc,ergo      ] GC(57) Evacuation Reserve: 205M (103 regions), Max regular: 2048K
[2020-07-12T01:30:00.082+0000][10164][gc,start     ] GC(57) Concurrent evacuation
[2020-07-12T01:30:00.082+0000][10164][gc,task      ] GC(57) Using 2 of 4 workers for concurrent evacuation
[2020-07-12T01:30:00.084+0000][10164][gc           ] GC(57) Concurrent evacuation 132M->134M(4096M) 1.891ms
[2020-07-12T01:30:00.086+0000][10164][gc,start     ] GC(57) Pause Init Update Refs
[2020-07-12T01:30:00.086+0000][10164][gc,ergo      ] GC(57) Pacer for Update Refs. Used: 134M, Free: 3758M, Non-Taxable: 375M, Alloc Tax Rate: 1.1x
[2020-07-12T01:30:00.086+0000][10164][gc           ] GC(57) Pause Init Update Refs 0.065ms
[2020-07-12T01:30:00.086+0000][10164][safepoint    ] Safepoint "ShenandoahInitUpdateRefs", Time since last: 26561786 ns, Reaching safepoint: 1288597 ns, At safepoint: 91121 ns, Total: 1379718 ns
[2020-07-12T01:30:00.086+0000][10164][gc,start     ] GC(57) Concurrent update references
[2020-07-12T01:30:00.086+0000][10164][gc,task      ] GC(57) Using 2 of 4 workers for concurrent reference update
[2020-07-12T01:30:00.099+0000][10164][gc           ] GC(57) Concurrent update references 136M->158M(4096M) 13.787ms
[2020-07-12T01:30:00.100+0000][10164][gc,start     ] GC(57) Pause Final Update Refs
[2020-07-12T01:30:00.100+0000][10164][gc,task      ] GC(57) Using 4 of 4 workers for final reference update
[2020-07-12T01:30:00.100+0000][10164][gc           ] GC(57) Pause Final Update Refs 0.213ms
[2020-07-12T01:30:00.100+0000][10164][safepoint    ] Safepoint "ShenandoahFinalUpdateRefs", Time since last: 13933914 ns, Reaching safepoint: 84915 ns, At safepoint: 240612 ns, Total: 325527 ns
[2020-07-12T01:30:00.100+0000][10164][gc,start     ] GC(57) Concurrent cleanup
[2020-07-12T01:30:00.100+0000][10164][gc           ] GC(57) Concurrent cleanup 158M->86M(4096M) 0.120ms
[2020-07-12T01:30:00.100+0000][10164][gc,ergo      ] Free: 3803M (1907 regions), Max regular: 2048K, Max humongous: 3410M, External frag: 11%, Internal frag: 0%
[2020-07-12T01:30:00.100+0000][10164][gc,ergo      ] Evacuation Reserve: 206M (103 regions), Max regular: 2048K
[2020-07-12T01:30:00.100+0000][10164][gc,ergo      ] Pacer for Idle. Initial: 83886K, Alloc Tax Rate: 1.0x
[2020-07-12T01:30:02.101+0000][10164][safepoint    ] Safepoint "Cleanup", Time since last: 2000749083 ns, Reaching safepoint: 84327 ns, At safepoint: 1272 ns, Total: 85599 ns
[2020-07-12T01:30:04.102+0000][10164][safepoint    ] Safepoint "Cleanup", Time since last: 2000637727 ns, Reaching safepoint: 476040 ns, At safepoint: 12103 ns, Total: 488143 ns
[2020-07-12T01:30:04.342+0000][10164][gc           ] Trigger: Allocated since last cycle (409M) is larger than allocation threshold (409M)
[2020-07-12T01:30:04.342+0000][10164][gc,ergo      ] Free: 3457M (1733 regions), Max regular: 2048K, Max humongous: 3410M, External frag: 2%, Internal frag: 0%
[2020-07-12T01:30:04.342+0000][10164][gc,ergo      ] Evacuation Reserve: 206M (103 regions), Max regular: 2048K
[2020-07-12T01:30:04.342+0000][10164][gc,start     ] GC(58) Concurrent reset
[2020-07-12T01:30:04.342+0000][10164][gc,task      ] GC(58) Using 2 of 4 workers for concurrent reset
[2020-07-12T01:30:04.342+0000][10164][gc           ] GC(58) Concurrent reset 432M->432M(4096M) 0.265ms
[2020-07-12T01:30:04.342+0000][10164][gc,start     ] GC(58) Pause Init Mark (unload classes)
[2020-07-12T01:30:04.342+0000][10164][gc,task      ] GC(58) Using 4 of 4 workers for init marking
[2020-07-12T01:30:04.343+0000][10164][gc,ergo      ] GC(58) Pacer for Mark. Expected Live: 20760K, Free: 3457M, Non-Taxable: 345M, Alloc Tax Rate: 0.0x
[2020-07-12T01:30:04.343+0000][10164][gc           ] GC(58) Pause Init Mark (unload classes) 0.633ms
[2020-07-12T01:30:04.343+0000][10164][safepoint    ] Safepoint "ShenandoahInitMark", Time since last: 240519324 ns, Reaching safepoint: 85680 ns, At safepoint: 656900 ns, Total: 742580 ns
[2020-07-12T01:30:04.343+0000][10164][gc,start     ] GC(58) Concurrent marking (unload classes)
[2020-07-12T01:30:04.343+0000][10164][gc,task      ] GC(58) Using 2 of 4 workers for concurrent marking
[2020-07-12T01:30:04.360+0000][10164][gc           ] GC(58) Concurrent marking (unload classes) 434M->450M(4096M) 16.430ms
[2020-07-12T01:30:04.360+0000][10164][gc,start     ] GC(58) Pause Final Mark (unload classes)
[2020-07-12T01:30:04.360+0000][10164][gc,task      ] GC(58) Using 4 of 4 workers for final marking
[2020-07-12T01:30:04.365+0000][10164][gc,ergo      ] GC(58) CSet Selection. Actual Free: 3977M, Max CSet: 2983M
[2020-07-12T01:30:04.365+0000][10164][gc,ergo      ] GC(58) Collectable Garbage: 72784K (17% of total), 1975K CSet, 37 CSet regions
[2020-07-12T01:30:04.365+0000][10164][gc,ergo      ] GC(58) Immediate Garbage: 339M (82% of total), 170 regions
[2020-07-12T01:30:04.366+0000][10164][gc,ergo      ] GC(58) Pacer for Evacuation. Used CSet: 74760K, Free: 3778M, Non-Taxable: 377M, Alloc Tax Rate: 1.1x
[2020-07-12T01:30:04.366+0000][10164][gc           ] GC(58) Pause Final Mark (unload classes) 6.333ms
[2020-07-12T01:30:04.366+0000][10164][safepoint    ] Safepoint "ShenandoahFinalMarkStartEvac", Time since last: 16520984 ns, Reaching safepoint: 105593 ns, At safepoint: 6365951 ns, Total: 6471544 ns
[2020-07-12T01:30:04.366+0000][10164][gc,start     ] GC(58) Concurrent roots processing
[2020-07-12T01:30:04.366+0000][10164][gc,task      ] GC(58) Using 2 of 4 workers for concurrent root processing
[2020-07-12T01:30:04.393+0000][10164][gc           ] GC(58) Concurrent roots processing 450M->471M(4096M) 26.422ms
[2020-07-12T01:30:04.393+0000][10164][gc,start     ] GC(58) Concurrent cleanup
[2020-07-12T01:30:04.393+0000][10164][gc           ] GC(58) Concurrent cleanup 471M->131M(4096M) 0.300ms
[2020-07-12T01:30:04.393+0000][10164][gc,ergo      ] GC(58) Free: 3758M (1882 regions), Max regular: 2048K, Max humongous: 3422M, External frag: 9%, Internal frag: 0%
[2020-07-12T01:30:04.393+0000][10164][gc,ergo      ] GC(58) Evacuation Reserve: 205M (103 regions), Max regular: 2048K
[2020-07-12T01:30:04.393+0000][10164][gc,start     ] GC(58) Concurrent evacuation
[2020-07-12T01:30:04.393+0000][10164][gc,task      ] GC(58) Using 2 of 4 workers for concurrent evacuation
[2020-07-12T01:30:04.394+0000][10164][gc           ] GC(58) Concurrent evacuation 131M->133M(4096M) 1.396ms
[2020-07-12T01:30:04.395+0000][10164][gc,start     ] GC(58) Pause Init Update Refs
[2020-07-12T01:30:04.396+0000][10164][gc,ergo      ] GC(58) Pacer for Update Refs. Used: 133M, Free: 3758M, Non-Taxable: 375M, Alloc Tax Rate: 1.1x
[2020-07-12T01:30:04.396+0000][10164][gc           ] GC(58) Pause Init Update Refs 0.053ms
[2020-07-12T01:30:04.396+0000][10164][safepoint    ] Safepoint "ShenandoahInitUpdateRefs", Time since last: 28277913 ns, Reaching safepoint: 1061263 ns, At safepoint: 74357 ns, Total: 1135620 ns
[2020-07-12T01:30:04.396+0000][10164][gc,start     ] GC(58) Concurrent update references
[2020-07-12T01:30:04.396+0000][10164][gc,task      ] GC(58) Using 2 of 4 workers for concurrent reference update
[2020-07-12T01:30:04.406+0000][10164][gc           ] GC(58) Concurrent update references 133M->137M(4096M) 10.332ms
[2020-07-12T01:30:04.406+0000][10164][gc,start     ] GC(58) Pause Final Update Refs
[2020-07-12T01:30:04.406+0000][10164][gc,task      ] GC(58) Using 4 of 4 workers for final reference update
[2020-07-12T01:30:04.406+0000][10164][gc           ] GC(58) Pause Final Update Refs 0.282ms
[2020-07-12T01:30:04.406+0000][10164][safepoint    ] Safepoint "ShenandoahFinalUpdateRefs", Time since last: 10382132 ns, Reaching safepoint: 98468 ns, At safepoint: 303353 ns, Total: 401821 ns
[2020-07-12T01:30:04.406+0000][10164][gc,start     ] GC(58) Concurrent cleanup
[2020-07-12T01:30:04.406+0000][10164][gc           ] GC(58) Concurrent cleanup 137M->64M(4096M) 0.106ms
[2020-07-12T01:30:04.406+0000][10164][gc,ergo      ] Free: 3825M (1917 regions), Max regular: 2048K, Max humongous: 3452M, External frag: 10%, Internal frag: 0%
[2020-07-12T01:30:04.406+0000][10164][gc,ergo      ] Evacuation Reserve: 206M (103 regions), Max regular: 2048K
[2020-07-12T01:30:04.406+0000][10164][gc,ergo      ] Pacer for Idle. Initial: 83886K, Alloc Tax Rate: 1.0x
[2020-07-12T01:30:05.407+0000][10164][safepoint    ] Safepoint "Cleanup", Time since last: 1000222312 ns, Reaching safepoint: 89697 ns, At safepoint: 5178 ns, Total: 94875 ns
[2020-07-12T01:30:07.322+0000][10164][safepoint    ] Safepoint "Cleanup", Time since last: 1915430178 ns, Reaching safepoint: 105359 ns, At safepoint: 8456 ns, Total: 113815 ns
[2020-07-12T01:30:08.493+0000][10164][gc           ] Trigger: Allocated since last cycle (410M) is larger than allocation threshold (409M)
[2020-07-12T01:30:08.493+0000][10164][gc,ergo      ] Free: 3457M (1731 regions), Max regular: 2048K, Max humongous: 3448M, External frag: 1%, Internal frag: 0%
[2020-07-12T01:30:08.493+0000][10164][gc,ergo      ] Evacuation Reserve: 206M (103 regions), Max regular: 2048K
[2020-07-12T01:30:08.493+0000][10164][gc,start     ] GC(59) Concurrent reset
[2020-07-12T01:30:08.493+0000][10164][gc,task      ] GC(59) Using 2 of 4 workers for concurrent reset
[2020-07-12T01:30:08.493+0000][10164][gc           ] GC(59) Concurrent reset 432M->434M(4096M) 0.349ms
[2020-07-12T01:30:08.493+0000][10164][gc,start     ] GC(59) Pause Init Mark (unload classes)
[2020-07-12T01:30:08.493+0000][10164][gc,task      ] GC(59) Using 4 of 4 workers for init marking
[2020-07-12T01:30:08.494+0000][10164][gc,ergo      ] GC(59) Pacer for Mark. Expected Live: 20805K, Free: 3455M, Non-Taxable: 345M, Alloc Tax Rate: 0.0x
[2020-07-12T01:30:08.494+0000][10164][gc           ] GC(59) Pause Init Mark (unload classes) 0.845ms
[2020-07-12T01:30:08.494+0000][10164][safepoint    ] Safepoint "ShenandoahInitMark", Time since last: 1170923766 ns, Reaching safepoint: 101910 ns, At safepoint: 866445 ns, Total: 968355 ns
[2020-07-12T01:30:08.494+0000][10164][gc,start     ] GC(59) Concurrent marking (unload classes)
[2020-07-12T01:30:08.494+0000][10164][gc,task      ] GC(59) Using 2 of 4 workers for concurrent marking
[2020-07-12T01:30:08.504+0000][10164][gc           ] GC(59) Concurrent marking (unload classes) 434M->456M(4096M) 10.142ms
[2020-07-12T01:30:08.504+0000][10164][gc,start     ] GC(59) Pause Final Mark (unload classes)
[2020-07-12T01:30:08.504+0000][10164][gc,task      ] GC(59) Using 4 of 4 workers for final marking
[2020-07-12T01:30:08.507+0000][10164][gc,ergo      ] GC(59) CSet Selection. Actual Free: 3976M, Max CSet: 2982M
[2020-07-12T01:30:08.507+0000][10164][gc,ergo      ] GC(59) Collectable Garbage: 70722K (16% of total), 1989K CSet, 36 CSet regions
[2020-07-12T01:30:08.507+0000][10164][gc,ergo      ] GC(59) Immediate Garbage: 344M (83% of total), 172 regions
[2020-07-12T01:30:08.507+0000][10164][gc,ergo      ] GC(59) Pacer for Evacuation. Used CSet: 72712K, Free: 3776M, Non-Taxable: 377M, Alloc Tax Rate: 1.1x
[2020-07-12T01:30:08.507+0000][10164][gc           ] GC(59) Pause Final Mark (unload classes) 3.032ms
[2020-07-12T01:30:08.507+0000][10164][safepoint    ] Safepoint "ShenandoahFinalMarkStartEvac", Time since last: 10283253 ns, Reaching safepoint: 74703 ns, At safepoint: 3055238 ns, Total: 3129941 ns
[2020-07-12T01:30:08.508+0000][10164][gc,start     ] GC(59) Concurrent roots processing
[2020-07-12T01:30:08.508+0000][10164][gc,task      ] GC(59) Using 2 of 4 workers for concurrent root processing
[2020-07-12T01:30:08.529+0000][10164][gc           ] GC(59) Concurrent roots processing 458M->481M(4096M) 21.499ms
[2020-07-12T01:30:08.529+0000][10164][gc,start     ] GC(59) Concurrent cleanup
[2020-07-12T01:30:08.529+0000][10164][gc           ] GC(59) Concurrent cleanup 481M->137M(4096M) 0.160ms
[2020-07-12T01:30:08.529+0000][10164][gc,ergo      ] GC(59) Free: 3752M (1878 regions), Max regular: 2048K, Max humongous: 3400M, External frag: 10%, Internal frag: 0%
[2020-07-12T01:30:08.529+0000][10164][gc,ergo      ] GC(59) Evacuation Reserve: 205M (103 regions), Max regular: 2048K
[2020-07-12T01:30:08.529+0000][10164][gc,start     ] GC(59) Concurrent evacuation
[2020-07-12T01:30:08.529+0000][10164][gc,task      ] GC(59) Using 2 of 4 workers for concurrent evacuation
[2020-07-12T01:30:08.531+0000][10164][gc           ] GC(59) Concurrent evacuation 137M->142M(4096M) 1.845ms
[2020-07-12T01:30:08.532+0000][10164][gc,start     ] GC(59) Pause Init Update Refs
[2020-07-12T01:30:08.532+0000][10164][gc,ergo      ] GC(59) Pacer for Update Refs. Used: 142M, Free: 3750M, Non-Taxable: 375M, Alloc Tax Rate: 1.1x
[2020-07-12T01:30:08.532+0000][10164][gc           ] GC(59) Pause Init Update Refs 0.051ms
[2020-07-12T01:30:08.532+0000][10164][safepoint    ] Safepoint "ShenandoahInitUpdateRefs", Time since last: 23694402 ns, Reaching safepoint: 871003 ns, At safepoint: 96528 ns, Total: 967531 ns
[2020-07-12T01:30:08.532+0000][10164][gc,start     ] GC(59) Concurrent update references
[2020-07-12T01:30:08.532+0000][10164][gc,task      ] GC(59) Using 2 of 4 workers for concurrent reference update
[2020-07-12T01:30:08.543+0000][10164][gc           ] GC(59) Concurrent update references 142M->162M(4096M) 10.810ms
[2020-07-12T01:30:08.543+0000][10164][gc,start     ] GC(59) Pause Final Update Refs
[2020-07-12T01:30:08.543+0000][10164][gc,task      ] GC(59) Using 4 of 4 workers for final reference update
[2020-07-12T01:30:08.543+0000][10164][gc           ] GC(59) Pause Final Update Refs 0.214ms
[2020-07-12T01:30:08.543+0000][10164][safepoint    ] Safepoint "ShenandoahFinalUpdateRefs", Time since last: 10875505 ns, Reaching safepoint: 136819 ns, At safepoint: 243596 ns, Total: 380415 ns
[2020-07-12T01:30:08.543+0000][10164][gc,start     ] GC(59) Concurrent cleanup
[2020-07-12T01:30:08.544+0000][10164][gc           ] GC(59) Concurrent cleanup 162M->91M(4096M) 0.103ms
[2020-07-12T01:30:08.544+0000][10164][gc,ergo      ] Free: 3798M (1901 regions), Max regular: 2048K, Max humongous: 3400M, External frag: 11%, Internal frag: 0%
[2020-07-12T01:30:08.544+0000][10164][gc,ergo      ] Evacuation Reserve: 206M (103 regions), Max regular: 2048K
[2020-07-12T01:30:08.544+0000][10164][gc,ergo      ] Pacer for Idle. Initial: 83886K, Alloc Tax Rate: 1.0x
[2020-07-12T01:30:09.544+0000][10164][safepoint    ] Safepoint "Cleanup", Time since last: 1000228691 ns, Reaching safepoint: 154782 ns, At safepoint: 6131 ns, Total: 160913 ns
[2020-07-12T01:30:13.311+0000][10164][gc           ] Trigger: Allocated since last cycle (411M) is larger than allocation threshold (409M)
[2020-07-12T01:30:13.311+0000][10164][gc,ergo      ] Free: 3456M (1731 regions), Max regular: 2048K, Max humongous: 3400M, External frag: 2%, Internal frag: 0%
[2020-07-12T01:30:13.311+0000][10164][gc,ergo      ] Evacuation Reserve: 206M (103 regions), Max regular: 2048K
[2020-07-12T01:30:13.311+0000][10164][gc,start     ] GC(60) Concurrent reset
[2020-07-12T01:30:13.311+0000][10164][gc,task      ] GC(60) Using 2 of 4 workers for concurrent reset
[2020-07-12T01:30:13.312+0000][10164][gc           ] GC(60) Concurrent reset 433M->433M(4096M) 0.405ms
[2020-07-12T01:30:13.312+0000][10164][gc,start     ] GC(60) Pause Init Mark (process weakrefs) (unload classes)
[2020-07-12T01:30:13.312+0000][10164][gc,task      ] GC(60) Using 4 of 4 workers for init marking
[2020-07-12T01:30:13.313+0000][10164][gc,ergo      ] GC(60) Pacer for Mark. Expected Live: 20847K, Free: 3456M, Non-Taxable: 345M, Alloc Tax Rate: 0.0x
[2020-07-12T01:30:13.313+0000][10164][gc           ] GC(60) Pause Init Mark (process weakrefs) (unload classes) 0.811ms
[2020-07-12T01:30:13.313+0000][10164][safepoint    ] Safepoint "ShenandoahInitMark", Time since last: 3767846403 ns, Reaching safepoint: 101972 ns, At safepoint: 841993 ns, Total: 943965 ns
[2020-07-12T01:30:13.313+0000][10164][gc,start     ] GC(60) Concurrent marking (process weakrefs) (unload classes)
[2020-07-12T01:30:13.313+0000][10164][gc,task      ] GC(60) Using 2 of 4 workers for concurrent marking
[2020-07-12T01:30:13.324+0000][10164][gc           ] GC(60) Concurrent marking (process weakrefs) (unload classes) 433M->455M(4096M) 11.162ms
[2020-07-12T01:30:13.324+0000][10164][gc,start     ] GC(60) Concurrent precleaning
[2020-07-12T01:30:13.324+0000][10164][gc,task      ] GC(60) Using 1 of 4 workers for concurrent preclean
[2020-07-12T01:30:13.324+0000][10164][gc           ] GC(60) Concurrent precleaning 455M->455M(4096M) 0.480ms
[2020-07-12T01:30:13.324+0000][10164][gc,start     ] GC(60) Pause Final Mark (process weakrefs) (unload classes)
[2020-07-12T01:30:13.324+0000][10164][gc,task      ] GC(60) Using 4 of 4 workers for final marking
[2020-07-12T01:30:13.328+0000][10164][gc,ergo      ] GC(60) CSet Selection. Actual Free: 3982M, Max CSet: 2986M
[2020-07-12T01:30:13.328+0000][10164][gc,ergo      ] GC(60) Collectable Garbage: 65664K (15% of total), 1919K CSet, 33 CSet regions
[2020-07-12T01:30:13.328+0000][10164][gc,ergo      ] GC(60) Immediate Garbage: 348M (84% of total), 174 regions
[2020-07-12T01:30:13.328+0000][10164][gc,ergo      ] GC(60) Pacer for Evacuation. Used CSet: 67584K, Free: 3782M, Non-Taxable: 378M, Alloc Tax Rate: 1.1x
[2020-07-12T01:30:13.328+0000][10164][gc           ] GC(60) Pause Final Mark (process weakrefs) (unload classes) 3.990ms
[2020-07-12T01:30:13.328+0000][10164][safepoint    ] Safepoint "ShenandoahFinalMarkStartEvac", Time since last: 11740868 ns, Reaching safepoint: 159587 ns, At safepoint: 4020197 ns, Total: 4179784 ns
[2020-07-12T01:30:13.329+0000][10164][gc,start     ] GC(60) Concurrent roots processing
[2020-07-12T01:30:13.329+0000][10164][gc,task      ] GC(60) Using 2 of 4 workers for concurrent root processing
[2020-07-12T01:30:13.367+0000][10164][gc           ] GC(60) Concurrent roots processing 457M->478M(4096M) 38.191ms
[2020-07-12T01:30:13.367+0000][10164][gc,start     ] GC(60) Concurrent cleanup
[2020-07-12T01:30:13.367+0000][10164][gc           ] GC(60) Concurrent cleanup 478M->130M(4096M) 0.244ms
[2020-07-12T01:30:13.367+0000][10164][gc,ergo      ] GC(60) Free: 3760M (1883 regions), Max regular: 2048K, Max humongous: 3414M, External frag: 10%, Internal frag: 0%
[2020-07-12T01:30:13.367+0000][10164][gc,ergo      ] GC(60) Evacuation Reserve: 205M (103 regions), Max regular: 2048K
[2020-07-12T01:30:13.367+0000][10164][gc,start     ] GC(60) Concurrent evacuation
[2020-07-12T01:30:13.367+0000][10164][gc,task      ] GC(60) Using 2 of 4 workers for concurrent evacuation
[2020-07-12T01:30:13.369+0000][10164][gc           ] GC(60) Concurrent evacuation 130M->132M(4096M) 1.788ms
[2020-07-12T01:30:13.370+0000][10164][gc,start     ] GC(60) Pause Init Update Refs
[2020-07-12T01:30:13.370+0000][10164][gc,ergo      ] GC(60) Pacer for Update Refs. Used: 132M, Free: 3760M, Non-Taxable: 376M, Alloc Tax Rate: 1.1x
[2020-07-12T01:30:13.370+0000][10164][gc           ] GC(60) Pause Init Update Refs 0.058ms
[2020-07-12T01:30:13.370+0000][10164][safepoint    ] Safepoint "ShenandoahInitUpdateRefs", Time since last: 40438346 ns, Reaching safepoint: 1216359 ns, At safepoint: 81940 ns, Total: 1298299 ns
[2020-07-12T01:30:13.370+0000][10164][gc,start     ] GC(60) Concurrent update references
[2020-07-12T01:30:13.370+0000][10164][gc,task      ] GC(60) Using 2 of 4 workers for concurrent reference update
[2020-07-12T01:30:13.382+0000][10164][gc           ] GC(60) Concurrent update references 134M->152M(4096M) 12.194ms
[2020-07-12T01:30:13.383+0000][10164][gc,start     ] GC(60) Pause Final Update Refs
[2020-07-12T01:30:13.383+0000][10164][gc,task      ] GC(60) Using 4 of 4 workers for final reference update
[2020-07-12T01:30:13.383+0000][10164][gc           ] GC(60) Pause Final Update Refs 0.218ms
[2020-07-12T01:30:13.383+0000][10164][safepoint    ] Safepoint "ShenandoahFinalUpdateRefs", Time since last: 12312761 ns, Reaching safepoint: 245721 ns, At safepoint: 251409 ns, Total: 497130 ns
[2020-07-12T01:30:13.383+0000][10164][gc,start     ] GC(60) Concurrent cleanup
[2020-07-12T01:30:13.383+0000][10164][gc           ] GC(60) Concurrent cleanup 152M->86M(4096M) 0.136ms
[2020-07-12T01:30:13.383+0000][10164][gc,ergo      ] Free: 3803M (1905 regions), Max regular: 2048K, Max humongous: 3452M, External frag: 10%, Internal frag: 0%
[2020-07-12T01:30:13.383+0000][10164][gc,ergo      ] Evacuation Reserve: 206M (103 regions), Max regular: 2048K
[2020-07-12T01:30:13.383+0000][10164][gc,ergo      ] Pacer for Idle. Initial: 83886K, Alloc Tax Rate: 1.0x
[2020-07-12T01:30:14.383+0000][10164][safepoint    ] Safepoint "Cleanup", Time since last: 1000064357 ns, Reaching safepoint: 113848 ns, At safepoint: 3929 ns, Total: 117777 ns
[2020-07-12T01:30:16.384+0000][10164][safepoint    ] Safepoint "Cleanup", Time since last: 2000134690 ns, Reaching safepoint: 199322 ns, At safepoint: 5309 ns, Total: 204631 ns
[2020-07-12T01:30:17.460+0000][10164][gc           ] Trigger: Allocated since last cycle (409M) is larger than allocation threshold (409M)
[2020-07-12T01:30:17.461+0000][10164][gc,ergo      ] Free: 3457M (1732 regions), Max regular: 2048K, Max humongous: 3450M, External frag: 1%, Internal frag: 0%
[2020-07-12T01:30:17.461+0000][10164][gc,ergo      ] Evacuation Reserve: 206M (103 regions), Max regular: 2048K
[2020-07-12T01:30:17.461+0000][10164][gc,start     ] GC(61) Concurrent reset
[2020-07-12T01:30:17.461+0000][10164][gc,task      ] GC(61) Using 2 of 4 workers for concurrent reset
[2020-07-12T01:30:17.461+0000][10164][gc           ] GC(61) Concurrent reset 432M->432M(4096M) 0.230ms
[2020-07-12T01:30:17.461+0000][10164][gc,start     ] GC(61) Pause Init Mark (unload classes)
[2020-07-12T01:30:17.461+0000][10164][gc,task      ] GC(61) Using 4 of 4 workers for init marking
[2020-07-12T01:30:17.462+0000][10164][gc,ergo      ] GC(61) Pacer for Mark. Expected Live: 20905K, Free: 3457M, Non-Taxable: 345M, Alloc Tax Rate: 0.0x
[2020-07-12T01:30:17.462+0000][10164][gc           ] GC(61) Pause Init Mark (unload classes) 0.628ms
[2020-07-12T01:30:17.462+0000][10164][safepoint    ] Safepoint "ShenandoahInitMark", Time since last: 1077360720 ns, Reaching safepoint: 81520 ns, At safepoint: 651223 ns, Total: 732743 ns
[2020-07-12T01:30:17.462+0000][10164][gc,start     ] GC(61) Concurrent marking (unload classes)
[2020-07-12T01:30:17.462+0000][10164][gc,task      ] GC(61) Using 2 of 4 workers for concurrent marking
[2020-07-12T01:30:17.472+0000][10164][gc           ] GC(61) Concurrent marking (unload classes) 432M->452M(4096M) 9.860ms
[2020-07-12T01:30:17.472+0000][10164][gc,start     ] GC(61) Pause Final Mark (unload classes)
[2020-07-12T01:30:17.472+0000][10164][gc,task      ] GC(61) Using 4 of 4 workers for final marking
[2020-07-12T01:30:17.472+0000][10164][gc,ergo      ] GC(61) CSet Selection. Actual Free: 3980M, Max CSet: 2985M
[2020-07-12T01:30:17.472+0000][10164][gc,ergo      ] GC(61) Collectable Garbage: 68592K (16% of total), 2071K CSet, 35 CSet regions
[2020-07-12T01:30:17.472+0000][10164][gc,ergo      ] GC(61) Immediate Garbage: 344M (83% of total), 172 regions
[2020-07-12T01:30:17.473+0000][10164][gc,ergo      ] GC(61) Pacer for Evacuation. Used CSet: 70664K, Free: 3780M, Non-Taxable: 378M, Alloc Tax Rate: 1.1x
[2020-07-12T01:30:17.473+0000][10164][gc           ] GC(61) Pause Final Mark (unload classes) 1.195ms
[2020-07-12T01:30:17.473+0000][10164][safepoint    ] Safepoint "ShenandoahFinalMarkStartEvac", Time since last: 9931221 ns, Reaching safepoint: 76356 ns, At safepoint: 1218751 ns, Total: 1295107 ns
[2020-07-12T01:30:17.473+0000][10164][gc,start     ] GC(61) Concurrent roots processing
[2020-07-12T01:30:17.473+0000][10164][gc,task      ] GC(61) Using 2 of 4 workers for concurrent root processing
[2020-07-12T01:30:17.506+0000][10164][gc           ] GC(61) Concurrent roots processing 454M->475M(4096M) 33.476ms
[2020-07-12T01:30:17.506+0000][10164][gc,start     ] GC(61) Concurrent cleanup
[2020-07-12T01:30:17.507+0000][10164][gc           ] GC(61) Concurrent cleanup 475M->131M(4096M) 0.172ms
[2020-07-12T01:30:17.507+0000][10164][gc,ergo      ] GC(61) Free: 3758M (1882 regions), Max regular: 2048K, Max humongous: 3408M, External frag: 10%, Internal frag: 0%
[2020-07-12T01:30:17.507+0000][10164][gc,ergo      ] GC(61) Evacuation Reserve: 205M (103 regions), Max regular: 2048K
[2020-07-12T01:30:17.507+0000][10164][gc,start     ] GC(61) Concurrent evacuation
[2020-07-12T01:30:17.507+0000][10164][gc,task      ] GC(61) Using 2 of 4 workers for concurrent evacuation
[2020-07-12T01:30:17.508+0000][10164][gc           ] GC(61) Concurrent evacuation 131M->133M(4096M) 1.705ms
[2020-07-12T01:30:17.510+0000][10164][gc,start     ] GC(61) Pause Init Update Refs
[2020-07-12T01:30:17.510+0000][10164][gc,ergo      ] GC(61) Pacer for Update Refs. Used: 135M, Free: 3756M, Non-Taxable: 375M, Alloc Tax Rate: 1.1x
[2020-07-12T01:30:17.510+0000][10164][gc           ] GC(61) Pause Init Update Refs 0.063ms
[2020-07-12T01:30:17.510+0000][10164][safepoint    ] Safepoint "ShenandoahInitUpdateRefs", Time since last: 35626730 ns, Reaching safepoint: 1267809 ns, At safepoint: 88457 ns, Total: 1356266 ns
[2020-07-12T01:30:17.510+0000][10164][gc,start     ] GC(61) Concurrent update references
[2020-07-12T01:30:17.510+0000][10164][gc,task      ] GC(61) Using 2 of 4 workers for concurrent reference update
[2020-07-12T01:30:17.521+0000][10164][gc           ] GC(61) Concurrent update references 135M->141M(4096M) 10.644ms
[2020-07-12T01:30:17.521+0000][10164][gc,start     ] GC(61) Pause Final Update Refs
[2020-07-12T01:30:17.521+0000][10164][gc,task      ] GC(61) Using 4 of 4 workers for final reference update
[2020-07-12T01:30:17.521+0000][10164][gc           ] GC(61) Pause Final Update Refs 0.223ms
[2020-07-12T01:30:17.521+0000][10164][safepoint    ] Safepoint "ShenandoahFinalUpdateRefs", Time since last: 10749217 ns, Reaching safepoint: 99545 ns, At safepoint: 248135 ns, Total: 347680 ns
[2020-07-12T01:30:17.521+0000][10164][gc,start     ] GC(61) Concurrent cleanup
[2020-07-12T01:30:17.521+0000][10164][gc           ] GC(61) Concurrent cleanup 141M->72M(4096M) 0.106ms
[2020-07-12T01:30:17.521+0000][10164][gc,ergo      ] Free: 3817M (1912 regions), Max regular: 2048K, Max humongous: 3408M, External frag: 11%, Internal frag: 0%
[2020-07-12T01:30:17.521+0000][10164][gc,ergo      ] Evacuation Reserve: 206M (103 regions), Max regular: 2048K
[2020-07-12T01:30:17.521+0000][10164][gc,ergo      ] Pacer for Idle. Initial: 83886K, Alloc Tax Rate: 1.0x
[2020-07-12T01:30:18.521+0000][10164][safepoint    ] Safepoint "Cleanup", Time since last: 1000043129 ns, Reaching safepoint: 119164 ns, At safepoint: 1628 ns, Total: 120792 ns
[2020-07-12T01:30:19.521+0000][10164][safepoint    ] Safepoint "Cleanup", Time since last: 1000108630 ns, Reaching safepoint: 95728 ns, At safepoint: 1505 ns, Total: 97233 ns
[2020-07-12T01:30:20.522+0000][10164][safepoint    ] Safepoint "Cleanup", Time since last: 1000676190 ns, Reaching safepoint: 364050 ns, At safepoint: 5912 ns, Total: 369962 ns
[2020-07-12T01:30:22.351+0000][10164][gc           ] Trigger: Allocated since last cycle (409M) is larger than allocation threshold (409M)
[2020-07-12T01:30:22.352+0000][10164][gc,ergo      ] Free: 3457M (1733 regions), Max regular: 2048K, Max humongous: 3408M, External frag: 2%, Internal frag: 0%
[2020-07-12T01:30:22.352+0000][10164][gc,ergo      ] Evacuation Reserve: 206M (103 regions), Max regular: 2048K
[2020-07-12T01:30:22.352+0000][10164][gc,start     ] GC(62) Concurrent reset
[2020-07-12T01:30:22.352+0000][10164][gc,task      ] GC(62) Using 2 of 4 workers for concurrent reset
[2020-07-12T01:30:22.352+0000][10164][gc           ] GC(62) Concurrent reset 432M->432M(4096M) 0.296ms
[2020-07-12T01:30:22.353+0000][10164][gc,start     ] GC(62) Pause Init Mark (unload classes)
[2020-07-12T01:30:22.353+0000][10164][gc,task      ] GC(62) Using 4 of 4 workers for init marking
[2020-07-12T01:30:22.353+0000][10164][gc,ergo      ] GC(62) Pacer for Mark. Expected Live: 20945K, Free: 3457M, Non-Taxable: 345M, Alloc Tax Rate: 0.0x
[2020-07-12T01:30:22.353+0000][10164][gc           ] GC(62) Pause Init Mark (unload classes) 0.661ms
[2020-07-12T01:30:22.353+0000][10164][safepoint    ] Safepoint "ShenandoahInitMark", Time since last: 1830047192 ns, Reaching safepoint: 180324 ns, At safepoint: 684739 ns, Total: 865063 ns
[2020-07-12T01:30:22.354+0000][10164][gc,start     ] GC(62) Concurrent marking (unload classes)
[2020-07-12T01:30:22.354+0000][10164][gc,task      ] GC(62) Using 2 of 4 workers for concurrent marking
[2020-07-12T01:30:22.365+0000][10164][gc           ] GC(62) Concurrent marking (unload classes) 438M->446M(4096M) 10.792ms
[2020-07-12T01:30:22.365+0000][10164][gc,start     ] GC(62) Pause Final Mark (unload classes)
[2020-07-12T01:30:22.365+0000][10164][gc,task      ] GC(62) Using 4 of 4 workers for final marking
[2020-07-12T01:30:22.365+0000][10164][gc,ergo      ] GC(62) CSet Selection. Actual Free: 3985M, Max CSet: 2989M
[2020-07-12T01:30:22.365+0000][10164][gc,ergo      ] GC(62) Collectable Garbage: 68546K (16% of total), 2117K CSet, 35 CSet regions
[2020-07-12T01:30:22.365+0000][10164][gc,ergo      ] GC(62) Immediate Garbage: 343M (83% of total), 172 regions
[2020-07-12T01:30:22.366+0000][10164][gc,ergo      ] GC(62) Pacer for Evacuation. Used CSet: 70664K, Free: 3786M, Non-Taxable: 378M, Alloc Tax Rate: 1.1x
[2020-07-12T01:30:22.366+0000][10164][gc           ] GC(62) Pause Final Mark (unload classes) 1.158ms
[2020-07-12T01:30:22.366+0000][10164][safepoint    ] Safepoint "ShenandoahFinalMarkStartEvac", Time since last: 11332135 ns, Reaching safepoint: 83121 ns, At safepoint: 1182788 ns, Total: 1265909 ns
[2020-07-12T01:30:22.366+0000][10164][gc,start     ] GC(62) Concurrent roots processing
[2020-07-12T01:30:22.366+0000][10164][gc,task      ] GC(62) Using 2 of 4 workers for concurrent root processing
[2020-07-12T01:30:22.392+0000][10164][gc           ] GC(62) Concurrent roots processing 446M->467M(4096M) 25.738ms
[2020-07-12T01:30:22.392+0000][10164][gc,start     ] GC(62) Concurrent cleanup
[2020-07-12T01:30:22.392+0000][10164][gc           ] GC(62) Concurrent cleanup 467M->123M(4096M) 0.258ms
[2020-07-12T01:30:22.392+0000][10164][gc,ergo      ] GC(62) Free: 3766M (1886 regions), Max regular: 2048K, Max humongous: 3410M, External frag: 10%, Internal frag: 0%
[2020-07-12T01:30:22.392+0000][10164][gc,ergo      ] GC(62) Evacuation Reserve: 205M (103 regions), Max regular: 2048K
[2020-07-12T01:30:22.392+0000][10164][gc,start     ] GC(62) Concurrent evacuation
[2020-07-12T01:30:22.392+0000][10164][gc,task      ] GC(62) Using 2 of 4 workers for concurrent evacuation
[2020-07-12T01:30:22.394+0000][10164][gc           ] GC(62) Concurrent evacuation 123M->125M(4096M) 1.439ms
[2020-07-12T01:30:22.395+0000][10164][gc,start     ] GC(62) Pause Init Update Refs
[2020-07-12T01:30:22.395+0000][10164][gc,ergo      ] GC(62) Pacer for Update Refs. Used: 125M, Free: 3766M, Non-Taxable: 376M, Alloc Tax Rate: 1.1x
[2020-07-12T01:30:22.395+0000][10164][gc           ] GC(62) Pause Init Update Refs 0.045ms
[2020-07-12T01:30:22.395+0000][10164][safepoint    ] Safepoint "ShenandoahInitUpdateRefs", Time since last: 27757702 ns, Reaching safepoint: 918358 ns, At safepoint: 78082 ns, Total: 996440 ns
[2020-07-12T01:30:22.395+0000][10164][gc,start     ] GC(62) Concurrent update references
[2020-07-12T01:30:22.395+0000][10164][gc,task      ] GC(62) Using 2 of 4 workers for concurrent reference update
[2020-07-12T01:30:22.406+0000][10164][gc           ] GC(62) Concurrent update references 127M->147M(4096M) 10.863ms
[2020-07-12T01:30:22.406+0000][10164][gc,start     ] GC(62) Pause Final Update Refs
[2020-07-12T01:30:22.406+0000][10164][gc,task      ] GC(62) Using 4 of 4 workers for final reference update
[2020-07-12T01:30:22.406+0000][10164][gc           ] GC(62) Pause Final Update Refs 0.225ms
[2020-07-12T01:30:22.406+0000][10164][safepoint    ] Safepoint "ShenandoahFinalUpdateRefs", Time since last: 11000941 ns, Reaching safepoint: 72520 ns, At safepoint: 261416 ns, Total: 333936 ns
[2020-07-12T01:30:22.406+0000][10164][gc,start     ] GC(62) Concurrent cleanup
[2020-07-12T01:30:22.406+0000][10164][gc           ] GC(62) Concurrent cleanup 147M->78M(4096M) 0.114ms
[2020-07-12T01:30:22.406+0000][10164][gc,ergo      ] Free: 3811M (1910 regions), Max regular: 2048K, Max humongous: 3458M, External frag: 10%, Internal frag: 0%
[2020-07-12T01:30:22.406+0000][10164][gc,ergo      ] Evacuation Reserve: 206M (103 regions), Max regular: 2048K
[2020-07-12T01:30:22.406+0000][10164][gc,ergo      ] Pacer for Idle. Initial: 83886K, Alloc Tax Rate: 1.0x
[2020-07-12T01:30:26.520+0000][10164][gc           ] Trigger: Allocated since last cycle (410M) is larger than allocation threshold (409M)
[2020-07-12T01:30:26.520+0000][10164][gc,ergo      ] Free: 3457M (1731 regions), Max regular: 2048K, Max humongous: 3448M, External frag: 1%, Internal frag: 0%
[2020-07-12T01:30:26.520+0000][10164][gc,ergo      ] Evacuation Reserve: 206M (103 regions), Max regular: 2048K
[2020-07-12T01:30:26.520+0000][10164][gc,start     ] GC(63) Concurrent reset
[2020-07-12T01:30:26.520+0000][10164][gc,task      ] GC(63) Using 2 of 4 workers for concurrent reset
[2020-07-12T01:30:26.520+0000][10164][gc           ] GC(63) Concurrent reset 432M->432M(4096M) 0.279ms
[2020-07-12T01:30:26.521+0000][10164][gc,start     ] GC(63) Pause Init Mark (unload classes)
[2020-07-12T01:30:26.521+0000][10164][gc,task      ] GC(63) Using 4 of 4 workers for init marking
[2020-07-12T01:30:26.522+0000][10164][gc,ergo      ] GC(63) Pacer for Mark. Expected Live: 20990K, Free: 3457M, Non-Taxable: 345M, Alloc Tax Rate: 0.0x
[2020-07-12T01:30:26.522+0000][10164][gc           ] GC(63) Pause Init Mark (unload classes) 0.708ms
[2020-07-12T01:30:26.522+0000][10164][safepoint    ] Safepoint "ShenandoahInitMark", Time since last: 4114751476 ns, Reaching safepoint: 96292 ns, At safepoint: 733981 ns, Total: 830273 ns
[2020-07-12T01:30:26.522+0000][10164][gc,start     ] GC(63) Concurrent marking (unload classes)
[2020-07-12T01:30:26.522+0000][10164][gc,task      ] GC(63) Using 2 of 4 workers for concurrent marking
[2020-07-12T01:30:26.532+0000][10164][gc           ] GC(63) Concurrent marking (unload classes) 434M->452M(4096M) 10.188ms
[2020-07-12T01:30:26.532+0000][10164][gc,start     ] GC(63) Pause Final Mark (unload classes)
[2020-07-12T01:30:26.532+0000][10164][gc,task      ] GC(63) Using 4 of 4 workers for final marking
[2020-07-12T01:30:26.533+0000][10164][gc,ergo      ] GC(63) CSet Selection. Actual Free: 3988M, Max CSet: 2991M
[2020-07-12T01:30:26.533+0000][10164][gc,ergo      ] GC(63) Collectable Garbage: 60343K (14% of total), 2128K CSet, 31 CSet regions
[2020-07-12T01:30:26.533+0000][10164][gc,ergo      ] GC(63) Immediate Garbage: 352M (85% of total), 176 regions
[2020-07-12T01:30:26.533+0000][10164][gc,ergo      ] GC(63) Pacer for Evacuation. Used CSet: 62472K, Free: 3788M, Non-Taxable: 378M, Alloc Tax Rate: 1.1x
[2020-07-12T01:30:26.533+0000][10164][gc           ] GC(63) Pause Final Mark (unload classes) 1.192ms
[2020-07-12T01:30:26.533+0000][10164][safepoint    ] Safepoint "ShenandoahFinalMarkStartEvac", Time since last: 10305852 ns, Reaching safepoint: 80379 ns, At safepoint: 1215570 ns, Total: 1295949 ns
[2020-07-12T01:30:26.533+0000][10164][gc,start     ] GC(63) Concurrent roots processing
[2020-07-12T01:30:26.533+0000][10164][gc,task      ] GC(63) Using 2 of 4 workers for concurrent root processing
[2020-07-12T01:30:26.556+0000][10164][gc           ] GC(63) Concurrent roots processing 454M->475M(4096M) 22.455ms
[2020-07-12T01:30:26.556+0000][10164][gc,start     ] GC(63) Concurrent cleanup
[2020-07-12T01:30:26.556+0000][10164][gc           ] GC(63) Concurrent cleanup 475M->123M(4096M) 0.163ms
[2020-07-12T01:30:26.556+0000][10164][gc,ergo      ] GC(63) Free: 3766M (1886 regions), Max regular: 2048K, Max humongous: 3408M, External frag: 10%, Internal frag: 0%
[2020-07-12T01:30:26.556+0000][10164][gc,ergo      ] GC(63) Evacuation Reserve: 205M (103 regions), Max regular: 2048K
[2020-07-12T01:30:26.556+0000][10164][gc,start     ] GC(63) Concurrent evacuation
[2020-07-12T01:30:26.556+0000][10164][gc,task      ] GC(63) Using 2 of 4 workers for concurrent evacuation
[2020-07-12T01:30:26.558+0000][10164][gc           ] GC(63) Concurrent evacuation 123M->125M(4096M) 1.721ms
[2020-07-12T01:30:26.559+0000][10164][gc,start     ] GC(63) Pause Init Update Refs
[2020-07-12T01:30:26.559+0000][10164][gc,ergo      ] GC(63) Pacer for Update Refs. Used: 125M, Free: 3766M, Non-Taxable: 376M, Alloc Tax Rate: 1.1x
[2020-07-12T01:30:26.559+0000][10164][gc           ] GC(63) Pause Init Update Refs 0.059ms
[2020-07-12T01:30:26.559+0000][10164][safepoint    ] Safepoint "ShenandoahInitUpdateRefs", Time since last: 24592986 ns, Reaching safepoint: 902553 ns, At safepoint: 84347 ns, Total: 986900 ns
[2020-07-12T01:30:26.559+0000][10164][gc,start     ] GC(63) Concurrent update references
[2020-07-12T01:30:26.559+0000][10164][gc,task      ] GC(63) Using 2 of 4 workers for concurrent reference update
[2020-07-12T01:30:26.570+0000][10164][gc           ] GC(63) Concurrent update references 127M->145M(4096M) 11.381ms
[2020-07-12T01:30:26.570+0000][10164][gc,start     ] GC(63) Pause Final Update Refs
[2020-07-12T01:30:26.570+0000][10164][gc,task      ] GC(63) Using 4 of 4 workers for final reference update
[2020-07-12T01:30:26.571+0000][10164][gc           ] GC(63) Pause Final Update Refs 0.207ms
[2020-07-12T01:30:26.571+0000][10164][safepoint    ] Safepoint "ShenandoahFinalUpdateRefs", Time since last: 11488816 ns, Reaching safepoint: 95713 ns, At safepoint: 238809 ns, Total: 334522 ns
[2020-07-12T01:30:26.571+0000][10164][gc,start     ] GC(63) Concurrent cleanup
[2020-07-12T01:30:26.571+0000][10164][gc           ] GC(63) Concurrent cleanup 145M->84M(4096M) 0.112ms
[2020-07-12T01:30:26.571+0000][10164][gc,ergo      ] Free: 3805M (1906 regions), Max regular: 2048K, Max humongous: 3408M, External frag: 11%, Internal frag: 0%
[2020-07-12T01:30:26.571+0000][10164][gc,ergo      ] Evacuation Reserve: 206M (103 regions), Max regular: 2048K
[2020-07-12T01:30:26.571+0000][10164][gc,ergo      ] Pacer for Idle. Initial: 83886K, Alloc Tax Rate: 1.0x
[2020-07-12T01:30:27.572+0000][10164][safepoint    ] Safepoint "Cleanup", Time since last: 1000693201 ns, Reaching safepoint: 319262 ns, At safepoint: 7992 ns, Total: 327254 ns
[2020-07-12T01:30:28.576+0000][10164][safepoint    ] Safepoint "Cleanup", Time since last: 1001977632 ns, Reaching safepoint: 2049755 ns, At safepoint: 48172 ns, Total: 2097927 ns
[2020-07-12T01:30:30.080+0000][10164][safepoint    ] Safepoint "PrintThreads", Time since last: 1503154881 ns, Reaching safepoint: 154831 ns, At safepoint: 794308 ns, Total: 949139 ns
[2020-07-12T01:30:30.080+0000][10164][safepoint    ] Safepoint "PrintJNI", Time since last: 138678 ns, Reaching safepoint: 150851 ns, At safepoint: 5918 ns, Total: 156769 ns
[2020-07-12T01:30:30.081+0000][10164][safepoint    ] Safepoint "FindDeadlocks", Time since last: 535072 ns, Reaching safepoint: 146124 ns, At safepoint: 6215 ns, Total: 152339 ns
[2020-07-12T01:30:31.082+0000][10164][safepoint    ] Safepoint "Cleanup", Time since last: 1000941198 ns, Reaching safepoint: 215019 ns, At safepoint: 3877 ns, Total: 218896 ns
[2020-07-12T01:30:31.379+0000][10164][gc           ] Trigger: Allocated since last cycle (409M) is larger than allocation threshold (409M)
[2020-07-12T01:30:31.379+0000][10164][gc,ergo      ] Free: 3457M (1733 regions), Max regular: 2048K, Max humongous: 3408M, External frag: 2%, Internal frag: 0%
[2020-07-12T01:30:31.379+0000][10164][gc,ergo      ] Evacuation Reserve: 206M (103 regions), Max regular: 2048K
[2020-07-12T01:30:31.379+0000][10164][gc,start     ] GC(64) Concurrent reset
[2020-07-12T01:30:31.379+0000][10164][gc,task      ] GC(64) Using 2 of 4 workers for concurrent reset
[2020-07-12T01:30:31.379+0000][10164][gc           ] GC(64) Concurrent reset 432M->432M(4096M) 0.205ms
[2020-07-12T01:30:31.380+0000][10164][gc,start     ] GC(64) Pause Init Mark (unload classes)
[2020-07-12T01:30:31.380+0000][10164][gc,task      ] GC(64) Using 4 of 4 workers for init marking
[2020-07-12T01:30:31.380+0000][10164][gc,ergo      ] GC(64) Pacer for Mark. Expected Live: 21028K, Free: 3457M, Non-Taxable: 345M, Alloc Tax Rate: 0.0x
[2020-07-12T01:30:31.380+0000][10164][gc           ] GC(64) Pause Init Mark (unload classes) 0.566ms
[2020-07-12T01:30:31.380+0000][10164][safepoint    ] Safepoint "ShenandoahInitMark", Time since last: 297417269 ns, Reaching safepoint: 311602 ns, At safepoint: 593606 ns, Total: 905208 ns
[2020-07-12T01:30:31.380+0000][10164][gc,start     ] GC(64) Concurrent marking (unload classes)
[2020-07-12T01:30:31.380+0000][10164][gc,task      ] GC(64) Using 2 of 4 workers for concurrent marking
[2020-07-12T01:30:31.390+0000][10164][gc           ] GC(64) Concurrent marking (unload classes) 434M->454M(4096M) 10.023ms
[2020-07-12T01:30:31.392+0000][10164][gc,start     ] GC(64) Pause Final Mark (unload classes)
[2020-07-12T01:30:31.392+0000][10164][gc,task      ] GC(64) Using 4 of 4 workers for final marking
[2020-07-12T01:30:31.392+0000][10164][gc,ergo      ] GC(64) CSet Selection. Actual Free: 3983M, Max CSet: 2987M
[2020-07-12T01:30:31.392+0000][10164][gc,ergo      ] GC(64) Collectable Garbage: 62326K (14% of total), 2193K CSet, 32 CSet regions
[2020-07-12T01:30:31.392+0000][10164][gc,ergo      ] GC(64) Immediate Garbage: 349M (84% of total), 175 regions
[2020-07-12T01:30:31.393+0000][10164][gc,ergo      ] GC(64) Pacer for Evacuation. Used CSet: 64520K, Free: 3784M, Non-Taxable: 378M, Alloc Tax Rate: 1.1x
[2020-07-12T01:30:31.393+0000][10164][gc           ] GC(64) Pause Final Mark (unload classes) 1.180ms
[2020-07-12T01:30:31.393+0000][10164][safepoint    ] Safepoint "ShenandoahFinalMarkStartEvac", Time since last: 10117621 ns, Reaching safepoint: 1286466 ns, At safepoint: 1209124 ns, Total: 2495590 ns
[2020-07-12T01:30:31.393+0000][10164][gc,start     ] GC(64) Concurrent roots processing
[2020-07-12T01:30:31.393+0000][10164][gc,task      ] GC(64) Using 2 of 4 workers for concurrent root processing
[2020-07-12T01:30:31.418+0000][10164][gc           ] GC(64) Concurrent roots processing 456M->479M(4096M) 24.708ms
[2020-07-12T01:30:31.418+0000][10164][gc,start     ] GC(64) Concurrent cleanup
[2020-07-12T01:30:31.418+0000][10164][gc           ] GC(64) Concurrent cleanup 479M->129M(4096M) 0.236ms
[2020-07-12T01:30:31.418+0000][10164][gc,ergo      ] GC(64) Free: 3760M (1883 regions), Max regular: 2048K, Max humongous: 3404M, External frag: 10%, Internal frag: 0%
[2020-07-12T01:30:31.418+0000][10164][gc,ergo      ] GC(64) Evacuation Reserve: 205M (103 regions), Max regular: 2048K
[2020-07-12T01:30:31.418+0000][10164][gc,start     ] GC(64) Concurrent evacuation
[2020-07-12T01:30:31.418+0000][10164][gc,task      ] GC(64) Using 2 of 4 workers for concurrent evacuation
[2020-07-12T01:30:31.419+0000][10164][gc           ] GC(64) Concurrent evacuation 129M->132M(4096M) 1.416ms
[2020-07-12T01:30:31.420+0000][10164][gc,start     ] GC(64) Pause Init Update Refs
[2020-07-12T01:30:31.421+0000][10164][gc,ergo      ] GC(64) Pacer for Update Refs. Used: 132M, Free: 3760M, Non-Taxable: 376M, Alloc Tax Rate: 1.1x
[2020-07-12T01:30:31.421+0000][10164][gc           ] GC(64) Pause Init Update Refs 0.071ms
[2020-07-12T01:30:31.421+0000][10164][safepoint    ] Safepoint "ShenandoahInitUpdateRefs", Time since last: 26572196 ns, Reaching safepoint: 1059077 ns, At safepoint: 123319 ns, Total: 1182396 ns
[2020-07-12T01:30:31.421+0000][10164][gc,start     ] GC(64) Concurrent update references
[2020-07-12T01:30:31.421+0000][10164][gc,task      ] GC(64) Using 2 of 4 workers for concurrent reference update
[2020-07-12T01:30:31.431+0000][10164][gc           ] GC(64) Concurrent update references 134M->158M(4096M) 10.829ms
[2020-07-12T01:30:31.432+0000][10164][gc,start     ] GC(64) Pause Final Update Refs
[2020-07-12T01:30:31.432+0000][10164][gc,task      ] GC(64) Using 4 of 4 workers for final reference update
[2020-07-12T01:30:31.432+0000][10164][gc           ] GC(64) Pause Final Update Refs 0.249ms
[2020-07-12T01:30:31.432+0000][10164][safepoint    ] Safepoint "ShenandoahFinalUpdateRefs", Time since last: 10968070 ns, Reaching safepoint: 146587 ns, At safepoint: 278708 ns, Total: 425295 ns
[2020-07-12T01:30:31.432+0000][10164][gc,start     ] GC(64) Concurrent cleanup
[2020-07-12T01:30:31.432+0000][10164][gc           ] GC(64) Concurrent cleanup 158M->95M(4096M) 0.137ms
[2020-07-12T01:30:31.432+0000][10164][gc,ergo      ] Free: 3794M (1902 regions), Max regular: 2048K, Max humongous: 3404M, External frag: 11%, Internal frag: 0%
[2020-07-12T01:30:31.432+0000][10164][gc,ergo      ] Evacuation Reserve: 206M (103 regions), Max regular: 2048K
[2020-07-12T01:30:31.432+0000][10164][gc,ergo      ] Pacer for Idle. Initial: 83886K, Alloc Tax Rate: 1.0x
[2020-07-12T01:30:33.438+0000][10164][safepoint    ] Safepoint "Cleanup", Time since last: 2005302749 ns, Reaching safepoint: 283928 ns, At safepoint: 5346 ns, Total: 289274 ns
[2020-07-12T01:30:35.490+0000][10164][gc           ] Trigger: Allocated since last cycle (409M) is larger than allocation threshold (409M)
[2020-07-12T01:30:35.490+0000][10164][gc,ergo      ] Free: 3456M (1733 regions), Max regular: 2048K, Max humongous: 3404M, External frag: 2%, Internal frag: 0%
[2020-07-12T01:30:35.490+0000][10164][gc,ergo      ] Evacuation Reserve: 206M (103 regions), Max regular: 2048K
[2020-07-12T01:30:35.490+0000][10164][gc,start     ] GC(65) Concurrent reset
[2020-07-12T01:30:35.490+0000][10164][gc,task      ] GC(65) Using 2 of 4 workers for concurrent reset
[2020-07-12T01:30:35.491+0000][10164][gc           ] GC(65) Concurrent reset 433M->433M(4096M) 0.227ms
[2020-07-12T01:30:35.491+0000][10164][gc,start     ] GC(65) Pause Init Mark (process weakrefs) (unload classes)
[2020-07-12T01:30:35.491+0000][10164][gc,task      ] GC(65) Using 4 of 4 workers for init marking
[2020-07-12T01:30:35.491+0000][10164][gc,ergo      ] GC(65) Pacer for Mark. Expected Live: 21069K, Free: 3456M, Non-Taxable: 345M, Alloc Tax Rate: 0.0x
[2020-07-12T01:30:35.491+0000][10164][gc           ] GC(65) Pause Init Mark (process weakrefs) (unload classes) 0.550ms
[2020-07-12T01:30:35.491+0000][10164][safepoint    ] Safepoint "ShenandoahInitMark", Time since last: 2052999948 ns, Reaching safepoint: 147896 ns, At safepoint: 571690 ns, Total: 719586 ns
[2020-07-12T01:30:35.491+0000][10164][gc,start     ] GC(65) Concurrent marking (process weakrefs) (unload classes)
[2020-07-12T01:30:35.491+0000][10164][gc,task      ] GC(65) Using 2 of 4 workers for concurrent marking
[2020-07-12T01:30:35.502+0000][10164][gc           ] GC(65) Concurrent marking (process weakrefs) (unload classes) 435M->453M(4096M) 11.042ms
[2020-07-12T01:30:35.502+0000][10164][gc,start     ] GC(65) Concurrent precleaning
[2020-07-12T01:30:35.502+0000][10164][gc,task      ] GC(65) Using 1 of 4 workers for concurrent preclean
[2020-07-12T01:30:35.503+0000][10164][gc           ] GC(65) Concurrent precleaning 453M->453M(4096M) 0.410ms
[2020-07-12T01:30:35.503+0000][10164][gc,start     ] GC(65) Pause Final Mark (process weakrefs) (unload classes)
[2020-07-12T01:30:35.503+0000][10164][gc,task      ] GC(65) Using 4 of 4 workers for final marking
[2020-07-12T01:30:35.504+0000][10164][gc,ergo      ] GC(65) CSet Selection. Actual Free: 3981M, Max CSet: 2986M
[2020-07-12T01:30:35.504+0000][10164][gc,ergo      ] GC(65) Collectable Garbage: 66984K (15% of total), 2147K CSet, 34 CSet regions
[2020-07-12T01:30:35.504+0000][10164][gc,ergo      ] GC(65) Immediate Garbage: 345M (83% of total), 173 regions
[2020-07-12T01:30:35.504+0000][10164][gc,ergo      ] GC(65) Pacer for Evacuation. Used CSet: 69132K, Free: 3782M, Non-Taxable: 378M, Alloc Tax Rate: 1.1x
[2020-07-12T01:30:35.504+0000][10164][gc           ] GC(65) Pause Final Mark (process weakrefs) (unload classes) 1.006ms
[2020-07-12T01:30:35.504+0000][10164][safepoint    ] Safepoint "ShenandoahFinalMarkStartEvac", Time since last: 11562172 ns, Reaching safepoint: 153151 ns, At safepoint: 1030837 ns, Total: 1183988 ns
[2020-07-12T01:30:35.504+0000][10164][gc,start     ] GC(65) Concurrent roots processing
[2020-07-12T01:30:35.504+0000][10164][gc,task      ] GC(65) Using 2 of 4 workers for concurrent root processing
[2020-07-12T01:30:35.537+0000][10164][gc           ] GC(65) Concurrent roots processing 455M->482M(4096M) 32.938ms
[2020-07-12T01:30:35.537+0000][10164][gc,start     ] GC(65) Concurrent cleanup
[2020-07-12T01:30:35.537+0000][10164][gc           ] GC(65) Concurrent cleanup 482M->136M(4096M) 0.261ms
[2020-07-12T01:30:35.537+0000][10164][gc,ergo      ] GC(65) Free: 3754M (1880 regions), Max regular: 2048K, Max humongous: 3402M, External frag: 10%, Internal frag: 0%
[2020-07-12T01:30:35.537+0000][10164][gc,ergo      ] GC(65) Evacuation Reserve: 205M (103 regions), Max regular: 2048K
[2020-07-12T01:30:35.537+0000][10164][gc,start     ] GC(65) Concurrent evacuation
[2020-07-12T01:30:35.537+0000][10164][gc,task      ] GC(65) Using 2 of 4 workers for concurrent evacuation
[2020-07-12T01:30:35.539+0000][10164][gc           ] GC(65) Concurrent evacuation 136M->138M(4096M) 1.641ms
[2020-07-12T01:30:35.541+0000][10164][gc,start     ] GC(65) Pause Init Update Refs
[2020-07-12T01:30:35.541+0000][10164][gc,ergo      ] GC(65) Pacer for Update Refs. Used: 138M, Free: 3754M, Non-Taxable: 375M, Alloc Tax Rate: 1.1x
[2020-07-12T01:30:35.541+0000][10164][gc           ] GC(65) Pause Init Update Refs 0.055ms
[2020-07-12T01:30:35.541+0000][10164][safepoint    ] Safepoint "ShenandoahInitUpdateRefs", Time since last: 35049386 ns, Reaching safepoint: 1406049 ns, At safepoint: 79370 ns, Total: 1485419 ns
[2020-07-12T01:30:35.541+0000][10164][gc,start     ] GC(65) Concurrent update references
[2020-07-12T01:30:35.541+0000][10164][gc,task      ] GC(65) Using 2 of 4 workers for concurrent reference update
[2020-07-12T01:30:35.552+0000][10164][gc           ] GC(65) Concurrent update references 140M->158M(4096M) 11.683ms
[2020-07-12T01:30:35.553+0000][10164][gc,start     ] GC(65) Pause Final Update Refs
[2020-07-12T01:30:35.553+0000][10164][gc,task      ] GC(65) Using 4 of 4 workers for final reference update
[2020-07-12T01:30:35.554+0000][10164][gc           ] GC(65) Pause Final Update Refs 0.280ms
[2020-07-12T01:30:35.554+0000][10164][safepoint    ] Safepoint "ShenandoahFinalUpdateRefs", Time since last: 11798100 ns, Reaching safepoint: 1045937 ns, At safepoint: 312982 ns, Total: 1358919 ns
[2020-07-12T01:30:35.554+0000][10164][gc,start     ] GC(65) Concurrent cleanup
[2020-07-12T01:30:35.554+0000][10164][gc           ] GC(65) Concurrent cleanup 158M->92M(4096M) 0.121ms
[2020-07-12T01:30:35.554+0000][10164][gc,ergo      ] Free: 3797M (1904 regions), Max regular: 2048K, Max humongous: 3402M, External frag: 11%, Internal frag: 0%
[2020-07-12T01:30:35.554+0000][10164][gc,ergo      ] Evacuation Reserve: 206M (103 regions), Max regular: 2048K
[2020-07-12T01:30:35.554+0000][10164][gc,ergo      ] Pacer for Idle. Initial: 83886K, Alloc Tax Rate: 1.0x
[2020-07-12T01:30:36.555+0000][10164][safepoint    ] Safepoint "Cleanup", Time since last: 1000876946 ns, Reaching safepoint: 131966 ns, At safepoint: 2144 ns, Total: 134110 ns
[2020-07-12T01:30:37.555+0000][10164][safepoint    ] Safepoint "Cleanup", Time since last: 1000097925 ns, Reaching safepoint: 199174 ns, At safepoint: 6209 ns, Total: 205383 ns
[2020-07-12T01:30:40.344+0000][10164][gc           ] Trigger: Allocated since last cycle (409M) is larger than allocation threshold (409M)
[2020-07-12T01:30:40.344+0000][10164][gc,ergo      ] Free: 3457M (1733 regions), Max regular: 2048K, Max humongous: 3402M, External frag: 2%, Internal frag: 0%
[2020-07-12T01:30:40.344+0000][10164][gc,ergo      ] Evacuation Reserve: 206M (103 regions), Max regular: 2048K
[2020-07-12T01:30:40.344+0000][10164][gc,start     ] GC(66) Concurrent reset
[2020-07-12T01:30:40.344+0000][10164][gc,task      ] GC(66) Using 2 of 4 workers for concurrent reset
[2020-07-12T01:30:40.345+0000][10164][gc           ] GC(66) Concurrent reset 432M->432M(4096M) 0.244ms
[2020-07-12T01:30:40.345+0000][10164][gc,start     ] GC(66) Pause Init Mark (unload classes)
[2020-07-12T01:30:40.345+0000][10164][gc,task      ] GC(66) Using 4 of 4 workers for init marking
[2020-07-12T01:30:40.346+0000][10164][gc,ergo      ] GC(66) Pacer for Mark. Expected Live: 21111K, Free: 3457M, Non-Taxable: 345M, Alloc Tax Rate: 0.0x
[2020-07-12T01:30:40.346+0000][10164][gc           ] GC(66) Pause Init Mark (unload classes) 0.640ms
[2020-07-12T01:30:40.346+0000][10164][safepoint    ] Safepoint "ShenandoahInitMark", Time since last: 2789641038 ns, Reaching safepoint: 706872 ns, At safepoint: 665324 ns, Total: 1372196 ns
[2020-07-12T01:30:40.346+0000][10164][gc,start     ] GC(66) Concurrent marking (unload classes)
[2020-07-12T01:30:40.346+0000][10164][gc,task      ] GC(66) Using 2 of 4 workers for concurrent marking
[2020-07-12T01:30:40.363+0000][10164][gc           ] GC(66) Concurrent marking (unload classes) 434M->452M(4096M) 16.479ms
[2020-07-12T01:30:40.363+0000][10164][gc,start     ] GC(66) Pause Final Mark (unload classes)
[2020-07-12T01:30:40.363+0000][10164][gc,task      ] GC(66) Using 4 of 4 workers for final marking
[2020-07-12T01:30:40.364+0000][10164][gc,ergo      ] GC(66) CSet Selection. Actual Free: 3971M, Max CSet: 2978M
[2020-07-12T01:30:40.364+0000][10164][gc,ergo      ] GC(66) Collectable Garbage: 76594K (18% of total), 2261K CSet, 39 CSet regions
[2020-07-12T01:30:40.364+0000][10164][gc,ergo      ] GC(66) Immediate Garbage: 335M (81% of total), 168 regions
[2020-07-12T01:30:40.364+0000][10164][gc,ergo      ] GC(66) Pacer for Evacuation. Used CSet: 78856K, Free: 3772M, Non-Taxable: 377M, Alloc Tax Rate: 1.1x
[2020-07-12T01:30:40.364+0000][10164][gc           ] GC(66) Pause Final Mark (unload classes) 1.241ms
[2020-07-12T01:30:40.364+0000][10164][safepoint    ] Safepoint "ShenandoahFinalMarkStartEvac", Time since last: 16588160 ns, Reaching safepoint: 329794 ns, At safepoint: 1274682 ns, Total: 1604476 ns
[2020-07-12T01:30:40.364+0000][10164][gc,start     ] GC(66) Concurrent roots processing
[2020-07-12T01:30:40.364+0000][10164][gc,task      ] GC(66) Using 2 of 4 workers for concurrent root processing
[2020-07-12T01:30:40.400+0000][10164][gc           ] GC(66) Concurrent roots processing 454M->477M(4096M) 35.259ms
[2020-07-12T01:30:40.400+0000][10164][gc,start     ] GC(66) Concurrent cleanup
[2020-07-12T01:30:40.400+0000][10164][gc           ] GC(66) Concurrent cleanup 477M->141M(4096M) 0.421ms
[2020-07-12T01:30:40.400+0000][10164][gc,ergo      ] GC(66) Free: 3748M (1877 regions), Max regular: 2048K, Max humongous: 3416M, External frag: 9%, Internal frag: 0%
[2020-07-12T01:30:40.400+0000][10164][gc,ergo      ] GC(66) Evacuation Reserve: 205M (103 regions), Max regular: 2048K
[2020-07-12T01:30:40.400+0000][10164][gc,start     ] GC(66) Concurrent evacuation
[2020-07-12T01:30:40.400+0000][10164][gc,task      ] GC(66) Using 2 of 4 workers for concurrent evacuation
[2020-07-12T01:30:40.402+0000][10164][gc           ] GC(66) Concurrent evacuation 141M->144M(4096M) 1.751ms
[2020-07-12T01:30:40.404+0000][10164][gc,start     ] GC(66) Pause Init Update Refs
[2020-07-12T01:30:40.405+0000][10164][gc,ergo      ] GC(66) Pacer for Update Refs. Used: 144M, Free: 3748M, Non-Taxable: 374M, Alloc Tax Rate: 1.1x
[2020-07-12T01:30:40.405+0000][10164][gc           ] GC(66) Pause Init Update Refs 0.193ms
[2020-07-12T01:30:40.405+0000][10164][safepoint    ] Safepoint "ShenandoahInitUpdateRefs", Time since last: 37692448 ns, Reaching safepoint: 2456392 ns, At safepoint: 262514 ns, Total: 2718906 ns
[2020-07-12T01:30:40.405+0000][10164][gc,start     ] GC(66) Concurrent update references
[2020-07-12T01:30:40.405+0000][10164][gc,task      ] GC(66) Using 2 of 4 workers for concurrent reference update
[2020-07-12T01:30:40.416+0000][10164][gc           ] GC(66) Concurrent update references 146M->170M(4096M) 11.481ms
[2020-07-12T01:30:40.417+0000][10164][gc,start     ] GC(66) Pause Final Update Refs
[2020-07-12T01:30:40.417+0000][10164][gc,task      ] GC(66) Using 4 of 4 workers for final reference update
[2020-07-12T01:30:40.417+0000][10164][gc           ] GC(66) Pause Final Update Refs 0.220ms
[2020-07-12T01:30:40.417+0000][10164][safepoint    ] Safepoint "ShenandoahFinalUpdateRefs", Time since last: 11630767 ns, Reaching safepoint: 244975 ns, At safepoint: 253402 ns, Total: 498377 ns
[2020-07-12T01:30:40.417+0000][10164][gc,start     ] GC(66) Concurrent cleanup
[2020-07-12T01:30:40.417+0000][10164][gc           ] GC(66) Concurrent cleanup 170M->93M(4096M) 0.305ms
[2020-07-12T01:30:40.417+0000][10164][gc,ergo      ] Free: 3796M (1903 regions), Max regular: 2048K, Max humongous: 3450M, External frag: 10%, Internal frag: 0%
[2020-07-12T01:30:40.417+0000][10164][gc,ergo      ] Evacuation Reserve: 206M (103 regions), Max regular: 2048K
[2020-07-12T01:30:40.417+0000][10164][gc,ergo      ] Pacer for Idle. Initial: 83886K, Alloc Tax Rate: 1.0x
[2020-07-12T01:30:41.418+0000][10164][safepoint    ] Safepoint "Cleanup", Time since last: 1001557735 ns, Reaching safepoint: 127135 ns, At safepoint: 2492 ns, Total: 129627 ns
[2020-07-12T01:30:42.419+0000][10164][safepoint    ] Safepoint "Cleanup", Time since last: 1000091825 ns, Reaching safepoint: 442638 ns, At safepoint: 8405 ns, Total: 451043 ns
[2020-07-12T01:30:44.010+0000][10164][safepoint    ] Safepoint "Cleanup", Time since last: 1590649703 ns, Reaching safepoint: 257706 ns, At safepoint: 6961 ns, Total: 264667 ns
[2020-07-12T01:30:44.488+0000][10164][gc           ] Trigger: Allocated since last cycle (410M) is larger than allocation threshold (409M)
[2020-07-12T01:30:44.488+0000][10164][gc,ergo      ] Free: 3456M (1732 regions), Max regular: 2048K, Max humongous: 3450M, External frag: 1%, Internal frag: 0%
[2020-07-12T01:30:44.488+0000][10164][gc,ergo      ] Evacuation Reserve: 206M (103 regions), Max regular: 2048K
[2020-07-12T01:30:44.488+0000][10164][gc,start     ] GC(67) Concurrent reset
[2020-07-12T01:30:44.488+0000][10164][gc,task      ] GC(67) Using 2 of 4 workers for concurrent reset
[2020-07-12T01:30:44.489+0000][10164][gc           ] GC(67) Concurrent reset 433M->433M(4096M) 0.282ms
[2020-07-12T01:30:44.489+0000][10164][gc,start     ] GC(67) Pause Init Mark (unload classes)
[2020-07-12T01:30:44.489+0000][10164][gc,task      ] GC(67) Using 4 of 4 workers for init marking
[2020-07-12T01:30:44.489+0000][10164][gc,ergo      ] GC(67) Pacer for Mark. Expected Live: 21148K, Free: 3456M, Non-Taxable: 345M, Alloc Tax Rate: 0.0x
[2020-07-12T01:30:44.489+0000][10164][gc           ] GC(67) Pause Init Mark (unload classes) 0.632ms
[2020-07-12T01:30:44.489+0000][10164][safepoint    ] Safepoint "ShenandoahInitMark", Time since last: 478663534 ns, Reaching safepoint: 142083 ns, At safepoint: 673409 ns, Total: 815492 ns
[2020-07-12T01:30:44.489+0000][10164][gc,start     ] GC(67) Concurrent marking (unload classes)
[2020-07-12T01:30:44.489+0000][10164][gc,task      ] GC(67) Using 2 of 4 workers for concurrent marking
[2020-07-12T01:30:44.499+0000][10164][gc           ] GC(67) Concurrent marking (unload classes) 435M->455M(4096M) 9.968ms
[2020-07-12T01:30:44.500+0000][10164][gc,start     ] GC(67) Pause Final Mark (unload classes)
[2020-07-12T01:30:44.500+0000][10164][gc,task      ] GC(67) Using 4 of 4 workers for final marking
[2020-07-12T01:30:44.500+0000][10164][gc,ergo      ] GC(67) CSet Selection. Actual Free: 3966M, Max CSet: 2974M
[2020-07-12T01:30:44.501+0000][10164][gc,ergo      ] GC(67) Collectable Garbage: 81172K (19% of total), 2295K CSet, 41 CSet regions
[2020-07-12T01:30:44.501+0000][10164][gc,ergo      ] GC(67) Immediate Garbage: 332M (80% of total), 166 regions
[2020-07-12T01:30:44.501+0000][10164][gc,ergo      ] GC(67) Pacer for Evacuation. Used CSet: 83468K, Free: 3766M, Non-Taxable: 376M, Alloc Tax Rate: 1.1x
[2020-07-12T01:30:44.501+0000][10164][gc           ] GC(67) Pause Final Mark (unload classes) 1.118ms
[2020-07-12T01:30:44.501+0000][10164][safepoint    ] Safepoint "ShenandoahFinalMarkStartEvac", Time since last: 10116515 ns, Reaching safepoint: 393149 ns, At safepoint: 1143393 ns, Total: 1536542 ns
[2020-07-12T01:30:44.501+0000][10164][gc,start     ] GC(67) Concurrent roots processing
[2020-07-12T01:30:44.501+0000][10164][gc,task      ] GC(67) Using 2 of 4 workers for concurrent root processing
[2020-07-12T01:30:44.527+0000][10164][gc           ] GC(67) Concurrent roots processing 455M->477M(4096M) 25.481ms
[2020-07-12T01:30:44.527+0000][10164][gc,start     ] GC(67) Concurrent cleanup
[2020-07-12T01:30:44.527+0000][10164][gc           ] GC(67) Concurrent cleanup 477M->145M(4096M) 0.160ms
[2020-07-12T01:30:44.527+0000][10164][gc,ergo      ] GC(67) Free: 3744M (1875 regions), Max regular: 2048K, Max humongous: 3406M, External frag: 10%, Internal frag: 0%
[2020-07-12T01:30:44.527+0000][10164][gc,ergo      ] GC(67) Evacuation Reserve: 205M (103 regions), Max regular: 2048K
[2020-07-12T01:30:44.527+0000][10164][gc,start     ] GC(67) Concurrent evacuation
[2020-07-12T01:30:44.527+0000][10164][gc,task      ] GC(67) Using 2 of 4 workers for concurrent evacuation
[2020-07-12T01:30:44.529+0000][10164][gc           ] GC(67) Concurrent evacuation 145M->148M(4096M) 1.931ms
[2020-07-12T01:30:44.531+0000][10164][gc,start     ] GC(67) Pause Init Update Refs
[2020-07-12T01:30:44.531+0000][10164][gc,ergo      ] GC(67) Pacer for Update Refs. Used: 148M, Free: 3744M, Non-Taxable: 374M, Alloc Tax Rate: 1.1x
[2020-07-12T01:30:44.531+0000][10164][gc           ] GC(67) Pause Init Update Refs 0.054ms
[2020-07-12T01:30:44.531+0000][10164][safepoint    ] Safepoint "ShenandoahInitUpdateRefs", Time since last: 27795007 ns, Reaching safepoint: 1683125 ns, At safepoint: 84623 ns, Total: 1767748 ns
[2020-07-12T01:30:44.531+0000][10164][gc,start     ] GC(67) Concurrent update references
[2020-07-12T01:30:44.531+0000][10164][gc,task      ] GC(67) Using 2 of 4 workers for concurrent reference update
[2020-07-12T01:30:44.541+0000][10164][gc           ] GC(67) Concurrent update references 152M->172M(4096M) 10.546ms
[2020-07-12T01:30:44.541+0000][10164][gc,start     ] GC(67) Pause Final Update Refs
[2020-07-12T01:30:44.541+0000][10164][gc,task      ] GC(67) Using 4 of 4 workers for final reference update
[2020-07-12T01:30:44.542+0000][10164][gc           ] GC(67) Pause Final Update Refs 0.227ms
[2020-07-12T01:30:44.542+0000][10164][safepoint    ] Safepoint "ShenandoahFinalUpdateRefs", Time since last: 10680511 ns, Reaching safepoint: 108098 ns, At safepoint: 258329 ns, Total: 366427 ns
[2020-07-12T01:30:44.542+0000][10164][gc,start     ] GC(67) Concurrent cleanup
[2020-07-12T01:30:44.542+0000][10164][gc           ] GC(67) Concurrent cleanup 172M->91M(4096M) 0.158ms
[2020-07-12T01:30:44.542+0000][10164][gc,ergo      ] Free: 3798M (1903 regions), Max regular: 2048K, Max humongous: 3406M, External frag: 11%, Internal frag: 0%
[2020-07-12T01:30:44.542+0000][10164][gc,ergo      ] Evacuation Reserve: 206M (103 regions), Max regular: 2048K
[2020-07-12T01:30:44.542+0000][10164][gc,ergo      ] Pacer for Idle. Initial: 83886K, Alloc Tax Rate: 1.0x
[2020-07-12T01:30:49.329+0000][10164][gc           ] Trigger: Allocated since last cycle (409M) is larger than allocation threshold (409M)
[2020-07-12T01:30:49.329+0000][10164][gc,ergo      ] Free: 3456M (1733 regions), Max regular: 2048K, Max humongous: 3406M, External frag: 2%, Internal frag: 0%
[2020-07-12T01:30:49.329+0000][10164][gc,ergo      ] Evacuation Reserve: 206M (103 regions), Max regular: 2048K
[2020-07-12T01:30:49.329+0000][10164][gc,start     ] GC(68) Concurrent reset
[2020-07-12T01:30:49.329+0000][10164][gc,task      ] GC(68) Using 2 of 4 workers for concurrent reset
[2020-07-12T01:30:49.329+0000][10164][gc           ] GC(68) Concurrent reset 433M->433M(4096M) 0.245ms
[2020-07-12T01:30:49.329+0000][10164][gc,start     ] GC(68) Pause Init Mark (unload classes)
[2020-07-12T01:30:49.329+0000][10164][gc,task      ] GC(68) Using 4 of 4 workers for init marking
[2020-07-12T01:30:49.330+0000][10164][gc,ergo      ] GC(68) Pacer for Mark. Expected Live: 21189K, Free: 3456M, Non-Taxable: 345M, Alloc Tax Rate: 0.0x
[2020-07-12T01:30:49.330+0000][10164][gc           ] GC(68) Pause Init Mark (unload classes) 0.586ms
[2020-07-12T01:30:49.330+0000][10164][safepoint    ] Safepoint "ShenandoahInitMark", Time since last: 4787487874 ns, Reaching safepoint: 83286 ns, At safepoint: 608716 ns, Total: 692002 ns
[2020-07-12T01:30:49.330+0000][10164][gc,start     ] GC(68) Concurrent marking (unload classes)
[2020-07-12T01:30:49.330+0000][10164][gc,task      ] GC(68) Using 2 of 4 workers for concurrent marking
[2020-07-12T01:30:49.340+0000][10164][gc           ] GC(68) Concurrent marking (unload classes) 433M->455M(4096M) 9.683ms
[2020-07-12T01:30:49.340+0000][10164][gc,start     ] GC(68) Pause Final Mark (unload classes)
[2020-07-12T01:30:49.340+0000][10164][gc,task      ] GC(68) Using 4 of 4 workers for final marking
[2020-07-12T01:30:49.340+0000][10164][gc,ergo      ] GC(68) CSet Selection. Actual Free: 3973M, Max CSet: 2980M
[2020-07-12T01:30:49.340+0000][10164][gc,ergo      ] GC(68) Collectable Garbage: 72913K (17% of total), 2362K CSet, 37 CSet regions
[2020-07-12T01:30:49.340+0000][10164][gc,ergo      ] GC(68) Immediate Garbage: 339M (82% of total), 170 regions
[2020-07-12T01:30:49.341+0000][10164][gc,ergo      ] GC(68) Pacer for Evacuation. Used CSet: 75276K, Free: 3774M, Non-Taxable: 377M, Alloc Tax Rate: 1.1x
[2020-07-12T01:30:49.341+0000][10164][gc           ] GC(68) Pause Final Mark (unload classes) 1.178ms
[2020-07-12T01:30:49.341+0000][10164][safepoint    ] Safepoint "ShenandoahFinalMarkStartEvac", Time since last: 9732110 ns, Reaching safepoint: 78504 ns, At safepoint: 1200510 ns, Total: 1279014 ns
[2020-07-12T01:30:49.341+0000][10164][gc,start     ] GC(68) Concurrent roots processing
[2020-07-12T01:30:49.341+0000][10164][gc,task      ] GC(68) Using 2 of 4 workers for concurrent root processing
[2020-07-12T01:30:49.365+0000][10164][gc           ] GC(68) Concurrent roots processing 459M->480M(4096M) 23.996ms
[2020-07-12T01:30:49.365+0000][10164][gc,start     ] GC(68) Concurrent cleanup
[2020-07-12T01:30:49.366+0000][10164][gc           ] GC(68) Concurrent cleanup 480M->140M(4096M) 0.241ms
[2020-07-12T01:30:49.366+0000][10164][gc,ergo      ] GC(68) Free: 3750M (1878 regions), Max regular: 2048K, Max humongous: 3404M, External frag: 10%, Internal frag: 0%
[2020-07-12T01:30:49.366+0000][10164][gc,ergo      ] GC(68) Evacuation Reserve: 205M (103 regions), Max regular: 2048K
[2020-07-12T01:30:49.366+0000][10164][gc,start     ] GC(68) Concurrent evacuation
[2020-07-12T01:30:49.366+0000][10164][gc,task      ] GC(68) Using 2 of 4 workers for concurrent evacuation
[2020-07-12T01:30:49.367+0000][10164][gc           ] GC(68) Concurrent evacuation 140M->142M(4096M) 1.641ms
[2020-07-12T01:30:49.370+0000][10164][gc,start     ] GC(68) Pause Init Update Refs
[2020-07-12T01:30:49.370+0000][10164][gc,ergo      ] GC(68) Pacer for Update Refs. Used: 142M, Free: 3750M, Non-Taxable: 375M, Alloc Tax Rate: 1.1x
[2020-07-12T01:30:49.370+0000][10164][gc           ] GC(68) Pause Init Update Refs 0.056ms
[2020-07-12T01:30:49.370+0000][10164][safepoint    ] Safepoint "ShenandoahInitUpdateRefs", Time since last: 26452510 ns, Reaching safepoint: 2914175 ns, At safepoint: 84164 ns, Total: 2998339 ns
[2020-07-12T01:30:49.370+0000][10164][gc,start     ] GC(68) Concurrent update references
[2020-07-12T01:30:49.370+0000][10164][gc,task      ] GC(68) Using 2 of 4 workers for concurrent reference update
[2020-07-12T01:30:49.382+0000][10164][gc           ] GC(68) Concurrent update references 144M->162M(4096M) 11.140ms
[2020-07-12T01:30:49.382+0000][10164][gc,start     ] GC(68) Pause Final Update Refs
[2020-07-12T01:30:49.382+0000][10164][gc,task      ] GC(68) Using 4 of 4 workers for final reference update
[2020-07-12T01:30:49.383+0000][10164][gc           ] GC(68) Pause Final Update Refs 0.197ms
[2020-07-12T01:30:49.383+0000][10164][safepoint    ] Safepoint "ShenandoahFinalUpdateRefs", Time since last: 11271168 ns, Reaching safepoint: 769631 ns, At safepoint: 225899 ns, Total: 995530 ns
[2020-07-12T01:30:49.383+0000][10164][gc,start     ] GC(68) Concurrent cleanup
[2020-07-12T01:30:49.383+0000][10164][gc           ] GC(68) Concurrent cleanup 162M->91M(4096M) 0.160ms
[2020-07-12T01:30:49.383+0000][10164][gc,ergo      ] Free: 3798M (1905 regions), Max regular: 2048K, Max humongous: 3404M, External frag: 11%, Internal frag: 0%
[2020-07-12T01:30:49.383+0000][10164][gc,ergo      ] Evacuation Reserve: 206M (103 regions), Max regular: 2048K
[2020-07-12T01:30:49.383+0000][10164][gc,ergo      ] Pacer for Idle. Initial: 83886K, Alloc Tax Rate: 1.0x
[2020-07-12T01:30:52.383+0000][10164][safepoint    ] Safepoint "Cleanup", Time since last: 3000236448 ns, Reaching safepoint: 272738 ns, At safepoint: 8987 ns, Total: 281725 ns
[2020-07-12T01:30:53.507+0000][10164][gc           ] Trigger: Allocated since last cycle (409M) is larger than allocation threshold (409M)
[2020-07-12T01:30:53.508+0000][10164][gc,ergo      ] Free: 3456M (1733 regions), Max regular: 2048K, Max humongous: 3404M, External frag: 2%, Internal frag: 0%
[2020-07-12T01:30:53.508+0000][10164][gc,ergo      ] Evacuation Reserve: 206M (103 regions), Max regular: 2048K
[2020-07-12T01:30:53.508+0000][10164][gc,start     ] GC(69) Concurrent reset
[2020-07-12T01:30:53.508+0000][10164][gc,task      ] GC(69) Using 2 of 4 workers for concurrent reset
[2020-07-12T01:30:53.508+0000][10164][gc           ] GC(69) Concurrent reset 433M->433M(4096M) 0.326ms
[2020-07-12T01:30:53.508+0000][10164][gc,start     ] GC(69) Pause Init Mark (unload classes)
[2020-07-12T01:30:53.508+0000][10164][gc,task      ] GC(69) Using 4 of 4 workers for init marking
[2020-07-12T01:30:53.509+0000][10164][gc,ergo      ] GC(69) Pacer for Mark. Expected Live: 21230K, Free: 3456M, Non-Taxable: 345M, Alloc Tax Rate: 0.0x
[2020-07-12T01:30:53.509+0000][10164][gc           ] GC(69) Pause Init Mark (unload classes) 0.594ms
[2020-07-12T01:30:53.509+0000][10164][safepoint    ] Safepoint "ShenandoahInitMark", Time since last: 1124826853 ns, Reaching safepoint: 454928 ns, At safepoint: 612677 ns, Total: 1067605 ns
[2020-07-12T01:30:53.509+0000][10164][gc,start     ] GC(69) Concurrent marking (unload classes)
[2020-07-12T01:30:53.509+0000][10164][gc,task      ] GC(69) Using 2 of 4 workers for concurrent marking
[2020-07-12T01:30:53.519+0000][10164][gc           ] GC(69) Concurrent marking (unload classes) 433M->455M(4096M) 9.871ms
[2020-07-12T01:30:53.519+0000][10164][gc,start     ] GC(69) Pause Final Mark (unload classes)
[2020-07-12T01:30:53.519+0000][10164][gc,task      ] GC(69) Using 4 of 4 workers for final marking
[2020-07-12T01:30:53.522+0000][10164][gc,ergo      ] GC(69) CSet Selection. Actual Free: 3981M, Max CSet: 2986M
[2020-07-12T01:30:53.522+0000][10164][gc,ergo      ] GC(69) Collectable Garbage: 64677K (15% of total), 2406K CSet, 33 CSet regions
[2020-07-12T01:30:53.522+0000][10164][gc,ergo      ] GC(69) Immediate Garbage: 347M (84% of total), 174 regions
[2020-07-12T01:30:53.522+0000][10164][gc,ergo      ] GC(69) Pacer for Evacuation. Used CSet: 67084K, Free: 3782M, Non-Taxable: 378M, Alloc Tax Rate: 1.1x
[2020-07-12T01:30:53.522+0000][10164][gc           ] GC(69) Pause Final Mark (unload classes) 3.207ms
[2020-07-12T01:30:53.522+0000][10164][safepoint    ] Safepoint "ShenandoahFinalMarkStartEvac", Time since last: 9944668 ns, Reaching safepoint: 126772 ns, At safepoint: 3231012 ns, Total: 3357784 ns
[2020-07-12T01:30:53.522+0000][10164][gc,start     ] GC(69) Concurrent roots processing
[2020-07-12T01:30:53.522+0000][10164][gc,task      ] GC(69) Using 2 of 4 workers for concurrent root processing
[2020-07-12T01:30:53.544+0000][10164][gc           ] GC(69) Concurrent roots processing 457M->477M(4096M) 21.240ms
[2020-07-12T01:30:53.544+0000][10164][gc,start     ] GC(69) Concurrent cleanup
[2020-07-12T01:30:53.544+0000][10164][gc           ] GC(69) Concurrent cleanup 477M->129M(4096M) 0.238ms
[2020-07-12T01:30:53.544+0000][10164][gc,ergo      ] GC(69) Free: 3760M (1882 regions), Max regular: 2048K, Max humongous: 3406M, External frag: 10%, Internal frag: 0%
[2020-07-12T01:30:53.544+0000][10164][gc,ergo      ] GC(69) Evacuation Reserve: 205M (103 regions), Max regular: 2048K
[2020-07-12T01:30:53.544+0000][10164][gc,start     ] GC(69) Concurrent evacuation
[2020-07-12T01:30:53.544+0000][10164][gc,task      ] GC(69) Using 2 of 4 workers for concurrent evacuation
[2020-07-12T01:30:53.546+0000][10164][gc           ] GC(69) Concurrent evacuation 129M->132M(4096M) 1.648ms
[2020-07-12T01:30:53.547+0000][10164][gc,start     ] GC(69) Pause Init Update Refs
[2020-07-12T01:30:53.547+0000][10164][gc,ergo      ] GC(69) Pacer for Update Refs. Used: 132M, Free: 3760M, Non-Taxable: 376M, Alloc Tax Rate: 1.1x
[2020-07-12T01:30:53.547+0000][10164][gc           ] GC(69) Pause Init Update Refs 0.064ms
[2020-07-12T01:30:53.547+0000][10164][safepoint    ] Safepoint "ShenandoahInitUpdateRefs", Time since last: 23345549 ns, Reaching safepoint: 1090693 ns, At safepoint: 102447 ns, Total: 1193140 ns
[2020-07-12T01:30:53.547+0000][10164][gc,start     ] GC(69) Concurrent update references
[2020-07-12T01:30:53.547+0000][10164][gc,task      ] GC(69) Using 2 of 4 workers for concurrent reference update
[2020-07-12T01:30:53.560+0000][10164][gc           ] GC(69) Concurrent update references 132M->158M(4096M) 12.856ms
[2020-07-12T01:30:53.561+0000][10164][gc,start     ] GC(69) Pause Final Update Refs
[2020-07-12T01:30:53.561+0000][10164][gc,task      ] GC(69) Using 4 of 4 workers for final reference update
[2020-07-12T01:30:53.561+0000][10164][gc           ] GC(69) Pause Final Update Refs 0.232ms
[2020-07-12T01:30:53.561+0000][10164][safepoint    ] Safepoint "ShenandoahFinalUpdateRefs", Time since last: 12976524 ns, Reaching safepoint: 1221703 ns, At safepoint: 260120 ns, Total: 1481823 ns
[2020-07-12T01:30:53.561+0000][10164][gc,start     ] GC(69) Concurrent cleanup
[2020-07-12T01:30:53.561+0000][10164][gc           ] GC(69) Concurrent cleanup 158M->93M(4096M) 0.113ms
[2020-07-12T01:30:53.562+0000][10164][gc,ergo      ] Free: 3796M (1902 regions), Max regular: 2048K, Max humongous: 3406M, External frag: 11%, Internal frag: 0%
[2020-07-12T01:30:53.562+0000][10164][gc,ergo      ] Evacuation Reserve: 206M (103 regions), Max regular: 2048K
[2020-07-12T01:30:53.562+0000][10164][gc,ergo      ] Pacer for Idle. Initial: 83886K, Alloc Tax Rate: 1.0x
[2020-07-12T01:30:55.564+0000][10164][safepoint    ] Safepoint "Cleanup", Time since last: 2002195567 ns, Reaching safepoint: 221372 ns, At safepoint: 3860 ns, Total: 225232 ns
[2020-07-12T01:30:57.566+0000][10164][safepoint    ] Safepoint "Cleanup", Time since last: 2001474644 ns, Reaching safepoint: 684311 ns, At safepoint: 22642 ns, Total: 706953 ns
[2020-07-12T01:30:58.350+0000][10164][gc           ] Trigger: Allocated since last cycle (410M) is larger than allocation threshold (409M)
[2020-07-12T01:30:58.351+0000][10164][gc,ergo      ] Free: 3456M (1732 regions), Max regular: 2048K, Max humongous: 3406M, External frag: 2%, Internal frag: 0%
[2020-07-12T01:30:58.351+0000][10164][gc,ergo      ] Evacuation Reserve: 206M (103 regions), Max regular: 2048K
[2020-07-12T01:30:58.351+0000][10164][gc,start     ] GC(70) Concurrent reset
[2020-07-12T01:30:58.351+0000][10164][gc,task      ] GC(70) Using 2 of 4 workers for concurrent reset
[2020-07-12T01:30:58.351+0000][10164][gc           ] GC(70) Concurrent reset 433M->433M(4096M) 0.252ms
[2020-07-12T01:30:58.351+0000][10164][gc,start     ] GC(70) Pause Init Mark (process weakrefs) (unload classes)
[2020-07-12T01:30:58.351+0000][10164][gc,task      ] GC(70) Using 4 of 4 workers for init marking
[2020-07-12T01:30:58.352+0000][10164][gc,ergo      ] GC(70) Pacer for Mark. Expected Live: 21271K, Free: 3456M, Non-Taxable: 345M, Alloc Tax Rate: 0.0x
[2020-07-12T01:30:58.352+0000][10164][gc           ] GC(70) Pause Init Mark (process weakrefs) (unload classes) 0.659ms
[2020-07-12T01:30:58.352+0000][10164][safepoint    ] Safepoint "ShenandoahInitMark", Time since last: 784933980 ns, Reaching safepoint: 129443 ns, At safepoint: 677884 ns, Total: 807327 ns
[2020-07-12T01:30:58.352+0000][10164][gc,start     ] GC(70) Concurrent marking (process weakrefs) (unload classes)
[2020-07-12T01:30:58.352+0000][10164][gc,task      ] GC(70) Using 2 of 4 workers for concurrent marking
[2020-07-12T01:30:58.363+0000][10164][gc           ] GC(70) Concurrent marking (process weakrefs) (unload classes) 433M->451M(4096M) 11.069ms
[2020-07-12T01:30:58.363+0000][10164][gc,start     ] GC(70) Concurrent precleaning
[2020-07-12T01:30:58.363+0000][10164][gc,task      ] GC(70) Using 1 of 4 workers for concurrent preclean
[2020-07-12T01:30:58.363+0000][10164][gc           ] GC(70) Concurrent precleaning 451M->451M(4096M) 0.563ms
[2020-07-12T01:30:58.364+0000][10164][gc,start     ] GC(70) Pause Final Mark (process weakrefs) (unload classes)
[2020-07-12T01:30:58.364+0000][10164][gc,task      ] GC(70) Using 4 of 4 workers for final marking
[2020-07-12T01:30:58.364+0000][10164][gc,ergo      ] GC(70) CSet Selection. Actual Free: 3978M, Max CSet: 2983M
[2020-07-12T01:30:58.365+0000][10164][gc,ergo      ] GC(70) Collectable Garbage: 70932K (16% of total), 2295K CSet, 36 CSet regions
[2020-07-12T01:30:58.365+0000][10164][gc,ergo      ] GC(70) Immediate Garbage: 342M (82% of total), 171 regions
[2020-07-12T01:30:58.365+0000][10164][gc,ergo      ] GC(70) Pacer for Evacuation. Used CSet: 73228K, Free: 3778M, Non-Taxable: 377M, Alloc Tax Rate: 1.1x
[2020-07-12T01:30:58.365+0000][10164][gc           ] GC(70) Pause Final Mark (process weakrefs) (unload classes) 1.446ms
[2020-07-12T01:30:58.365+0000][10164][safepoint    ] Safepoint "ShenandoahFinalMarkStartEvac", Time since last: 11731862 ns, Reaching safepoint: 224559 ns, At safepoint: 1471120 ns, Total: 1695679 ns
[2020-07-12T01:30:58.365+0000][10164][gc,start     ] GC(70) Concurrent roots processing
[2020-07-12T01:30:58.365+0000][10164][gc,task      ] GC(70) Using 2 of 4 workers for concurrent root processing
[2020-07-12T01:30:58.401+0000][10164][gc           ] GC(70) Concurrent roots processing 453M->480M(4096M) 35.724ms
[2020-07-12T01:30:58.401+0000][10164][gc,start     ] GC(70) Concurrent cleanup
[2020-07-12T01:30:58.401+0000][10164][gc           ] GC(70) Concurrent cleanup 480M->139M(4096M) 0.298ms
[2020-07-12T01:30:58.401+0000][10164][gc,ergo      ] GC(70) Free: 3750M (1879 regions), Max regular: 2048K, Max humongous: 3404M, External frag: 10%, Internal frag: 0%
[2020-07-12T01:30:58.401+0000][10164][gc,ergo      ] GC(70) Evacuation Reserve: 205M (103 regions), Max regular: 2048K
[2020-07-12T01:30:58.401+0000][10164][gc,start     ] GC(70) Concurrent evacuation
[2020-07-12T01:30:58.401+0000][10164][gc,task      ] GC(70) Using 2 of 4 workers for concurrent evacuation
[2020-07-12T01:30:58.403+0000][10164][gc           ] GC(70) Concurrent evacuation 139M->142M(4096M) 1.779ms
[2020-07-12T01:30:58.405+0000][10164][gc,start     ] GC(70) Pause Init Update Refs
[2020-07-12T01:30:58.405+0000][10164][gc,ergo      ] GC(70) Pacer for Update Refs. Used: 142M, Free: 3750M, Non-Taxable: 375M, Alloc Tax Rate: 1.1x
[2020-07-12T01:30:58.405+0000][10164][gc           ] GC(70) Pause Init Update Refs 0.110ms
[2020-07-12T01:30:58.405+0000][10164][safepoint    ] Safepoint "ShenandoahInitUpdateRefs", Time since last: 38057028 ns, Reaching safepoint: 1372533 ns, At safepoint: 131135 ns, Total: 1503668 ns
[2020-07-12T01:30:58.405+0000][10164][gc,start     ] GC(70) Concurrent update references
[2020-07-12T01:30:58.405+0000][10164][gc,task      ] GC(70) Using 2 of 4 workers for concurrent reference update
[2020-07-12T01:30:58.418+0000][10164][gc           ] GC(70) Concurrent update references 142M->162M(4096M) 12.915ms
[2020-07-12T01:30:58.418+0000][10164][gc,start     ] GC(70) Pause Final Update Refs
[2020-07-12T01:30:58.418+0000][10164][gc,task      ] GC(70) Using 4 of 4 workers for final reference update
[2020-07-12T01:30:58.418+0000][10164][gc           ] GC(70) Pause Final Update Refs 0.244ms
[2020-07-12T01:30:58.418+0000][10164][safepoint    ] Safepoint "ShenandoahFinalUpdateRefs", Time since last: 13055612 ns, Reaching safepoint: 206172 ns, At safepoint: 271296 ns, Total: 477468 ns
[2020-07-12T01:30:58.418+0000][10164][gc,start     ] GC(70) Concurrent cleanup
[2020-07-12T01:30:58.418+0000][10164][gc           ] GC(70) Concurrent cleanup 162M->91M(4096M) 0.103ms
[2020-07-12T01:30:58.418+0000][10164][gc,ergo      ] Free: 3798M (1904 regions), Max regular: 2048K, Max humongous: 3404M, External frag: 11%, Internal frag: 0%
[2020-07-12T01:30:58.418+0000][10164][gc,ergo      ] Evacuation Reserve: 206M (103 regions), Max regular: 2048K
[2020-07-12T01:30:58.418+0000][10164][gc,ergo      ] Pacer for Idle. Initial: 83886K, Alloc Tax Rate: 1.0x
[2020-07-12T01:30:59.418+0000][10164][safepoint    ] Safepoint "Cleanup", Time since last: 1000106046 ns, Reaching safepoint: 158812 ns, At safepoint: 7059 ns, Total: 165871 ns
[2020-07-12T01:31:01.419+0000][10164][safepoint    ] Safepoint "Cleanup", Time since last: 2000171447 ns, Reaching safepoint: 147817 ns, At safepoint: 8515 ns, Total: 156332 ns
[2020-07-12T01:31:02.419+0000][10164][safepoint    ] Safepoint "Cleanup", Time since last: 1000116322 ns, Reaching safepoint: 304574 ns, At safepoint: 8523 ns, Total: 313097 ns
[2020-07-12T01:31:02.514+0000][10164][gc           ] Trigger: Allocated since last cycle (409M) is larger than allocation threshold (409M)
[2020-07-12T01:31:02.515+0000][10164][gc,ergo      ] Free: 3456M (1733 regions), Max regular: 2048K, Max humongous: 3404M, External frag: 2%, Internal frag: 0%
[2020-07-12T01:31:02.515+0000][10164][gc,ergo      ] Evacuation Reserve: 206M (103 regions), Max regular: 2048K
[2020-07-12T01:31:02.515+0000][10164][gc,start     ] GC(71) Concurrent reset
[2020-07-12T01:31:02.515+0000][10164][gc,task      ] GC(71) Using 2 of 4 workers for concurrent reset
[2020-07-12T01:31:02.515+0000][10164][gc           ] GC(71) Concurrent reset 433M->433M(4096M) 0.332ms
[2020-07-12T01:31:02.515+0000][10164][gc,start     ] GC(71) Pause Init Mark (unload classes)
[2020-07-12T01:31:02.515+0000][10164][gc,task      ] GC(71) Using 4 of 4 workers for init marking
[2020-07-12T01:31:02.516+0000][10164][gc,ergo      ] GC(71) Pacer for Mark. Expected Live: 21302K, Free: 3456M, Non-Taxable: 345M, Alloc Tax Rate: 0.0x
[2020-07-12T01:31:02.516+0000][10164][gc           ] GC(71) Pause Init Mark (unload classes) 0.665ms
[2020-07-12T01:31:02.516+0000][10164][safepoint    ] Safepoint "ShenandoahInitMark", Time since last: 95746469 ns, Reaching safepoint: 150175 ns, At safepoint: 691156 ns, Total: 841331 ns
[2020-07-12T01:31:02.516+0000][10164][gc,start     ] GC(71) Concurrent marking (unload classes)
[2020-07-12T01:31:02.516+0000][10164][gc,task      ] GC(71) Using 2 of 4 workers for concurrent marking
[2020-07-12T01:31:02.526+0000][10164][gc           ] GC(71) Concurrent marking (unload classes) 435M->451M(4096M) 10.396ms
[2020-07-12T01:31:02.527+0000][10164][gc,start     ] GC(71) Pause Final Mark (unload classes)
[2020-07-12T01:31:02.527+0000][10164][gc,task      ] GC(71) Using 4 of 4 workers for final marking
[2020-07-12T01:31:02.527+0000][10164][gc,ergo      ] GC(71) CSet Selection. Actual Free: 3971M, Max CSet: 2978M
[2020-07-12T01:31:02.527+0000][10164][gc,ergo      ] GC(71) Collectable Garbage: 78928K (18% of total), 2491K CSet, 40 CSet regions
[2020-07-12T01:31:02.527+0000][10164][gc,ergo      ] GC(71) Immediate Garbage: 333M (81% of total), 167 regions
[2020-07-12T01:31:02.528+0000][10164][gc,ergo      ] GC(71) Pacer for Evacuation. Used CSet: 81420K, Free: 3772M, Non-Taxable: 377M, Alloc Tax Rate: 1.1x
[2020-07-12T01:31:02.528+0000][10164][gc           ] GC(71) Pause Final Mark (unload classes) 0.937ms
[2020-07-12T01:31:02.528+0000][10164][safepoint    ] Safepoint "ShenandoahFinalMarkStartEvac", Time since last: 10497896 ns, Reaching safepoint: 323622 ns, At safepoint: 957675 ns, Total: 1281297 ns
[2020-07-12T01:31:02.528+0000][10164][gc,start     ] GC(71) Concurrent roots processing
[2020-07-12T01:31:02.528+0000][10164][gc,task      ] GC(71) Using 2 of 4 workers for concurrent root processing
[2020-07-12T01:31:02.560+0000][10164][gc           ] GC(71) Concurrent roots processing 453M->472M(4096M) 32.394ms
[2020-07-12T01:31:02.560+0000][10164][gc,start     ] GC(71) Concurrent cleanup
[2020-07-12T01:31:02.560+0000][10164][gc           ] GC(71) Concurrent cleanup 472M->138M(4096M) 0.222ms
[2020-07-12T01:31:02.560+0000][10164][gc,ergo      ] GC(71) Free: 3752M (1878 regions), Max regular: 2048K, Max humongous: 3414M, External frag: 10%, Internal frag: 0%
[2020-07-12T01:31:02.560+0000][10164][gc,ergo      ] GC(71) Evacuation Reserve: 205M (103 regions), Max regular: 2048K
[2020-07-12T01:31:02.560+0000][10164][gc,start     ] GC(71) Concurrent evacuation
[2020-07-12T01:31:02.560+0000][10164][gc,task      ] GC(71) Using 2 of 4 workers for concurrent evacuation
[2020-07-12T01:31:02.562+0000][10164][gc           ] GC(71) Concurrent evacuation 138M->140M(4096M) 1.865ms
[2020-07-12T01:31:02.564+0000][10164][gc,start     ] GC(71) Pause Init Update Refs
[2020-07-12T01:31:02.564+0000][10164][gc,ergo      ] GC(71) Pacer for Update Refs. Used: 140M, Free: 3752M, Non-Taxable: 375M, Alloc Tax Rate: 1.1x
[2020-07-12T01:31:02.564+0000][10164][gc           ] GC(71) Pause Init Update Refs 0.060ms
[2020-07-12T01:31:02.564+0000][10164][safepoint    ] Safepoint "ShenandoahInitUpdateRefs", Time since last: 34728328 ns, Reaching safepoint: 1891205 ns, At safepoint: 94800 ns, Total: 1986005 ns
[2020-07-12T01:31:02.564+0000][10164][gc,start     ] GC(71) Concurrent update references
[2020-07-12T01:31:02.564+0000][10164][gc,task      ] GC(71) Using 2 of 4 workers for concurrent reference update
[2020-07-12T01:31:02.576+0000][10164][gc           ] GC(71) Concurrent update references 142M->160M(4096M) 11.646ms
[2020-07-12T01:31:02.576+0000][10164][gc,start     ] GC(71) Pause Final Update Refs
[2020-07-12T01:31:02.576+0000][10164][gc,task      ] GC(71) Using 4 of 4 workers for final reference update
[2020-07-12T01:31:02.576+0000][10164][gc           ] GC(71) Pause Final Update Refs 0.218ms
[2020-07-12T01:31:02.576+0000][10164][safepoint    ] Safepoint "ShenandoahFinalUpdateRefs", Time since last: 11761808 ns, Reaching safepoint: 92930 ns, At safepoint: 244906 ns, Total: 337836 ns
[2020-07-12T01:31:02.576+0000][10164][gc,start     ] GC(71) Concurrent cleanup
[2020-07-12T01:31:02.577+0000][10164][gc           ] GC(71) Concurrent cleanup 160M->81M(4096M) 0.146ms
[2020-07-12T01:31:02.577+0000][10164][gc,ergo      ] Free: 3808M (1907 regions), Max regular: 2048K, Max humongous: 3414M, External frag: 11%, Internal frag: 0%
[2020-07-12T01:31:02.577+0000][10164][gc,ergo      ] Evacuation Reserve: 206M (103 regions), Max regular: 2048K
[2020-07-12T01:31:02.577+0000][10164][gc,ergo      ] Pacer for Idle. Initial: 83886K, Alloc Tax Rate: 1.0x
[2020-07-12T01:31:03.578+0000][10164][safepoint    ] Safepoint "Cleanup", Time since last: 1001284299 ns, Reaching safepoint: 100641 ns, At safepoint: 1673 ns, Total: 102314 ns
[2020-07-12T01:31:04.579+0000][10164][safepoint    ] Safepoint "Cleanup", Time since last: 1001029425 ns, Reaching safepoint: 339816 ns, At safepoint: 8718 ns, Total: 348534 ns
[2020-07-12T01:31:06.580+0000][10164][safepoint    ] Safepoint "Cleanup", Time since last: 2000617340 ns, Reaching safepoint: 82335 ns, At safepoint: 1609 ns, Total: 83944 ns
[2020-07-12T01:31:07.415+0000][10164][gc           ] Trigger: Allocated since last cycle (410M) is larger than allocation threshold (409M)
[2020-07-12T01:31:07.415+0000][10164][gc,ergo      ] Free: 3456M (1731 regions), Max regular: 2048K, Max humongous: 3414M, External frag: 2%, Internal frag: 0%
[2020-07-12T01:31:07.415+0000][10164][gc,ergo      ] Evacuation Reserve: 206M (103 regions), Max regular: 2048K
[2020-07-12T01:31:07.415+0000][10164][gc,start     ] GC(72) Concurrent reset
[2020-07-12T01:31:07.415+0000][10164][gc,task      ] GC(72) Using 2 of 4 workers for concurrent reset
[2020-07-12T01:31:07.415+0000][10164][gc           ] GC(72) Concurrent reset 433M->433M(4096M) 0.296ms
[2020-07-12T01:31:07.415+0000][10164][gc,start     ] GC(72) Pause Init Mark (unload classes)
[2020-07-12T01:31:07.415+0000][10164][gc,task      ] GC(72) Using 4 of 4 workers for init marking
[2020-07-12T01:31:07.416+0000][10164][gc,ergo      ] GC(72) Pacer for Mark. Expected Live: 21349K, Free: 3456M, Non-Taxable: 345M, Alloc Tax Rate: 0.0x
[2020-07-12T01:31:07.416+0000][10164][gc           ] GC(72) Pause Init Mark (unload classes) 0.604ms
[2020-07-12T01:31:07.416+0000][10164][safepoint    ] Safepoint "ShenandoahInitMark", Time since last: 835334522 ns, Reaching safepoint: 113264 ns, At safepoint: 623746 ns, Total: 737010 ns
[2020-07-12T01:31:07.416+0000][10164][gc,start     ] GC(72) Concurrent marking (unload classes)
[2020-07-12T01:31:07.416+0000][10164][gc,task      ] GC(72) Using 2 of 4 workers for concurrent marking
[2020-07-12T01:31:07.431+0000][10164][gc           ] GC(72) Concurrent marking (unload classes) 433M->457M(4096M) 14.826ms
[2020-07-12T01:31:07.431+0000][10164][gc,start     ] GC(72) Pause Final Mark (unload classes)
[2020-07-12T01:31:07.431+0000][10164][gc,task      ] GC(72) Using 4 of 4 workers for final marking
[2020-07-12T01:31:07.431+0000][10164][gc,ergo      ] GC(72) CSet Selection. Actual Free: 3970M, Max CSet: 2977M
[2020-07-12T01:31:07.432+0000][10164][gc,ergo      ] GC(72) Collectable Garbage: 74816K (17% of total), 2507K CSet, 38 CSet regions
[2020-07-12T01:31:07.432+0000][10164][gc,ergo      ] GC(72) Immediate Garbage: 338M (81% of total), 169 regions
[2020-07-12T01:31:07.432+0000][10164][gc,ergo      ] GC(72) Pacer for Evacuation. Used CSet: 77324K, Free: 3770M, Non-Taxable: 377M, Alloc Tax Rate: 1.1x
[2020-07-12T01:31:07.432+0000][10164][gc           ] GC(72) Pause Final Mark (unload classes) 0.896ms
[2020-07-12T01:31:07.432+0000][10164][safepoint    ] Safepoint "ShenandoahFinalMarkStartEvac", Time since last: 14867549 ns, Reaching safepoint: 324466 ns, At safepoint: 920749 ns, Total: 1245215 ns
[2020-07-12T01:31:07.432+0000][10164][gc,start     ] GC(72) Concurrent roots processing
[2020-07-12T01:31:07.432+0000][10164][gc,task      ] GC(72) Using 2 of 4 workers for concurrent root processing
[2020-07-12T01:31:07.456+0000][10164][gc           ] GC(72) Concurrent roots processing 457M->484M(4096M) 24.217ms
[2020-07-12T01:31:07.456+0000][10164][gc,start     ] GC(72) Concurrent cleanup
[2020-07-12T01:31:07.456+0000][10164][gc           ] GC(72) Concurrent cleanup 484M->146M(4096M) 0.171ms
[2020-07-12T01:31:07.457+0000][10164][gc,ergo      ] GC(72) Free: 3744M (1875 regions), Max regular: 2048K, Max humongous: 3400M, External frag: 10%, Internal frag: 0%
[2020-07-12T01:31:07.457+0000][10164][gc,ergo      ] GC(72) Evacuation Reserve: 205M (103 regions), Max regular: 2048K
[2020-07-12T01:31:07.457+0000][10164][gc,start     ] GC(72) Concurrent evacuation
[2020-07-12T01:31:07.457+0000][10164][gc,task      ] GC(72) Using 2 of 4 workers for concurrent evacuation
[2020-07-12T01:31:07.458+0000][10164][gc           ] GC(72) Concurrent evacuation 146M->148M(4096M) 1.719ms
[2020-07-12T01:31:07.459+0000][10164][gc,start     ] GC(72) Pause Init Update Refs
[2020-07-12T01:31:07.459+0000][10164][gc,ergo      ] GC(72) Pacer for Update Refs. Used: 148M, Free: 3744M, Non-Taxable: 374M, Alloc Tax Rate: 1.1x
[2020-07-12T01:31:07.459+0000][10164][gc           ] GC(72) Pause Init Update Refs 0.051ms
[2020-07-12T01:31:07.459+0000][10164][safepoint    ] Safepoint "ShenandoahInitUpdateRefs", Time since last: 26247369 ns, Reaching safepoint: 1093700 ns, At safepoint: 72283 ns, Total: 1165983 ns
[2020-07-12T01:31:07.460+0000][10164][gc,start     ] GC(72) Concurrent update references
[2020-07-12T01:31:07.460+0000][10164][gc,task      ] GC(72) Using 2 of 4 workers for concurrent reference update
[2020-07-12T01:31:07.473+0000][10164][gc           ] GC(72) Concurrent update references 152M->168M(4096M) 13.287ms
[2020-07-12T01:31:07.473+0000][10164][gc,start     ] GC(72) Pause Final Update Refs
[2020-07-12T01:31:07.473+0000][10164][gc,task      ] GC(72) Using 4 of 4 workers for final reference update
[2020-07-12T01:31:07.473+0000][10164][gc           ] GC(72) Pause Final Update Refs 0.206ms
[2020-07-12T01:31:07.473+0000][10164][safepoint    ] Safepoint "ShenandoahFinalUpdateRefs", Time since last: 13528701 ns, Reaching safepoint: 82339 ns, At safepoint: 233537 ns, Total: 315876 ns
[2020-07-12T01:31:07.473+0000][10164][gc,start     ] GC(72) Concurrent cleanup
[2020-07-12T01:31:07.473+0000][10164][gc           ] GC(72) Concurrent cleanup 168M->93M(4096M) 0.085ms
[2020-07-12T01:31:07.473+0000][10164][gc,ergo      ] Free: 3796M (1903 regions), Max regular: 2048K, Max humongous: 3400M, External frag: 11%, Internal frag: 0%
[2020-07-12T01:31:07.473+0000][10164][gc,ergo      ] Evacuation Reserve: 206M (103 regions), Max regular: 2048K
[2020-07-12T01:31:07.473+0000][10164][gc,ergo      ] Pacer for Idle. Initial: 83886K, Alloc Tax Rate: 1.0x
[2020-07-12T01:31:12.444+0000][10164][gc           ] Trigger: Allocated since last cycle (409M) is larger than allocation threshold (409M)
[2020-07-12T01:31:12.444+0000][10164][gc,ergo      ] Free: 3456M (1733 regions), Max regular: 2048K, Max humongous: 3400M, External frag: 2%, Internal frag: 0%
[2020-07-12T01:31:12.444+0000][10164][gc,ergo      ] Evacuation Reserve: 206M (103 regions), Max regular: 2048K
[2020-07-12T01:31:12.444+0000][10164][gc,start     ] GC(73) Concurrent reset
[2020-07-12T01:31:12.444+0000][10164][gc,task      ] GC(73) Using 2 of 4 workers for concurrent reset
[2020-07-12T01:31:12.445+0000][10164][gc           ] GC(73) Concurrent reset 433M->433M(4096M) 0.279ms
[2020-07-12T01:31:12.445+0000][10164][gc,start     ] GC(73) Pause Init Mark (unload classes)
[2020-07-12T01:31:12.445+0000][10164][gc,task      ] GC(73) Using 4 of 4 workers for init marking
[2020-07-12T01:31:12.445+0000][10164][gc,ergo      ] GC(73) Pacer for Mark. Expected Live: 21391K, Free: 3456M, Non-Taxable: 345M, Alloc Tax Rate: 0.0x
[2020-07-12T01:31:12.445+0000][10164][gc           ] GC(73) Pause Init Mark (unload classes) 0.580ms
[2020-07-12T01:31:12.445+0000][10164][safepoint    ] Safepoint "ShenandoahInitMark", Time since last: 4971422995 ns, Reaching safepoint: 173606 ns, At safepoint: 604667 ns, Total: 778273 ns
[2020-07-12T01:31:12.446+0000][10164][gc,start     ] GC(73) Concurrent marking (unload classes)
[2020-07-12T01:31:12.446+0000][10164][gc,task      ] GC(73) Using 2 of 4 workers for concurrent marking
[2020-07-12T01:31:12.460+0000][10164][gc           ] GC(73) Concurrent marking (unload classes) 433M->453M(4096M) 14.595ms
[2020-07-12T01:31:12.460+0000][10164][gc,start     ] GC(73) Pause Final Mark (unload classes)
[2020-07-12T01:31:12.460+0000][10164][gc,task      ] GC(73) Using 4 of 4 workers for final marking
[2020-07-12T01:31:12.461+0000][10164][gc,ergo      ] GC(73) CSet Selection. Actual Free: 3983M, Max CSet: 2987M
[2020-07-12T01:31:12.461+0000][10164][gc,ergo      ] GC(73) Collectable Garbage: 64480K (15% of total), 2603K CSet, 33 CSet regions
[2020-07-12T01:31:12.461+0000][10164][gc,ergo      ] GC(73) Immediate Garbage: 347M (84% of total), 174 regions
[2020-07-12T01:31:12.461+0000][10164][gc,ergo      ] GC(73) Pacer for Evacuation. Used CSet: 67084K, Free: 3784M, Non-Taxable: 378M, Alloc Tax Rate: 1.1x
[2020-07-12T01:31:12.461+0000][10164][gc           ] GC(73) Pause Final Mark (unload classes) 1.183ms
[2020-07-12T01:31:12.461+0000][10164][safepoint    ] Safepoint "ShenandoahFinalMarkStartEvac", Time since last: 14641247 ns, Reaching safepoint: 138422 ns, At safepoint: 1209001 ns, Total: 1347423 ns
[2020-07-12T01:31:12.461+0000][10164][gc,start     ] GC(73) Concurrent roots processing
[2020-07-12T01:31:12.462+0000][10164][gc,task      ] GC(73) Using 2 of 4 workers for concurrent root processing
[2020-07-12T01:31:12.488+0000][10164][gc           ] GC(73) Concurrent roots processing 453M->486M(4096M) 26.621ms
[2020-07-12T01:31:12.488+0000][10164][gc,start     ] GC(73) Concurrent cleanup
[2020-07-12T01:31:12.488+0000][10164][gc           ] GC(73) Concurrent cleanup 486M->138M(4096M) 0.193ms
[2020-07-12T01:31:12.488+0000][10164][gc,ergo      ] GC(73) Free: 3752M (1879 regions), Max regular: 2048K, Max humongous: 3398M, External frag: 10%, Internal frag: 0%
[2020-07-12T01:31:12.488+0000][10164][gc,ergo      ] GC(73) Evacuation Reserve: 205M (103 regions), Max regular: 2048K
[2020-07-12T01:31:12.488+0000][10164][gc,start     ] GC(73) Concurrent evacuation
[2020-07-12T01:31:12.488+0000][10164][gc,task      ] GC(73) Using 2 of 4 workers for concurrent evacuation
[2020-07-12T01:31:12.490+0000][10164][gc           ] GC(73) Concurrent evacuation 138M->140M(4096M) 1.588ms
[2020-07-12T01:31:12.492+0000][10164][gc,start     ] GC(73) Pause Init Update Refs
[2020-07-12T01:31:12.492+0000][10164][gc,ergo      ] GC(73) Pacer for Update Refs. Used: 140M, Free: 3752M, Non-Taxable: 375M, Alloc Tax Rate: 1.1x
[2020-07-12T01:31:12.492+0000][10164][gc           ] GC(73) Pause Init Update Refs 0.094ms
[2020-07-12T01:31:12.492+0000][10164][safepoint    ] Safepoint "ShenandoahInitUpdateRefs", Time since last: 28538625 ns, Reaching safepoint: 1559436 ns, At safepoint: 128115 ns, Total: 1687551 ns
[2020-07-12T01:31:12.492+0000][10164][gc,start     ] GC(73) Concurrent update references
[2020-07-12T01:31:12.492+0000][10164][gc,task      ] GC(73) Using 2 of 4 workers for concurrent reference update
[2020-07-12T01:31:12.507+0000][10164][gc           ] GC(73) Concurrent update references 142M->172M(4096M) 15.245ms
[2020-07-12T01:31:12.508+0000][10164][gc,start     ] GC(73) Pause Final Update Refs
[2020-07-12T01:31:12.508+0000][10164][gc,task      ] GC(73) Using 4 of 4 workers for final reference update
[2020-07-12T01:31:12.509+0000][10164][gc           ] GC(73) Pause Final Update Refs 0.249ms
[2020-07-12T01:31:12.509+0000][10164][safepoint    ] Safepoint "ShenandoahFinalUpdateRefs", Time since last: 15326269 ns, Reaching safepoint: 1299327 ns, At safepoint: 275118 ns, Total: 1574445 ns
[2020-07-12T01:31:12.509+0000][10164][gc,start     ] GC(73) Concurrent cleanup
[2020-07-12T01:31:12.509+0000][10164][gc           ] GC(73) Concurrent cleanup 172M->107M(4096M) 0.086ms
[2020-07-12T01:31:12.509+0000][10164][gc,ergo      ] Free: 3782M (1896 regions), Max regular: 2048K, Max humongous: 3398M, External frag: 11%, Internal frag: 0%
[2020-07-12T01:31:12.509+0000][10164][gc,ergo      ] Evacuation Reserve: 206M (103 regions), Max regular: 2048K
[2020-07-12T01:31:12.509+0000][10164][gc,ergo      ] Pacer for Idle. Initial: 83886K, Alloc Tax Rate: 1.0x
[2020-07-12T01:31:13.910+0000][10164][safepoint    ] Safepoint "Cleanup", Time since last: 1401435691 ns, Reaching safepoint: 194035 ns, At safepoint: 7365 ns, Total: 201400 ns
[2020-07-12T01:31:14.912+0000][10164][safepoint    ] Safepoint "Cleanup", Time since last: 1001174430 ns, Reaching safepoint: 107720 ns, At safepoint: 1691 ns, Total: 109411 ns
[2020-07-12T01:31:15.912+0000][10164][safepoint    ] Safepoint "Cleanup", Time since last: 1000236203 ns, Reaching safepoint: 112422 ns, At safepoint: 1716 ns, Total: 114138 ns
[2020-07-12T01:31:16.377+0000][10164][gc           ] Trigger: Allocated since last cycle (409M) is larger than allocation threshold (409M)
[2020-07-12T01:31:16.377+0000][10164][gc,ergo      ] Free: 3456M (1733 regions), Max regular: 2048K, Max humongous: 3398M, External frag: 2%, Internal frag: 0%
[2020-07-12T01:31:16.377+0000][10164][gc,ergo      ] Evacuation Reserve: 206M (103 regions), Max regular: 2048K
[2020-07-12T01:31:16.377+0000][10164][gc,start     ] GC(74) Concurrent reset
[2020-07-12T01:31:16.377+0000][10164][gc,task      ] GC(74) Using 2 of 4 workers for concurrent reset
[2020-07-12T01:31:16.378+0000][10164][gc           ] GC(74) Concurrent reset 433M->433M(4096M) 0.205ms
[2020-07-12T01:31:16.378+0000][10164][gc,start     ] GC(74) Pause Init Mark (unload classes)
[2020-07-12T01:31:16.378+0000][10164][gc,task      ] GC(74) Using 4 of 4 workers for init marking
[2020-07-12T01:31:16.378+0000][10164][gc,ergo      ] GC(74) Pacer for Mark. Expected Live: 21438K, Free: 3456M, Non-Taxable: 345M, Alloc Tax Rate: 0.0x
[2020-07-12T01:31:16.378+0000][10164][gc           ] GC(74) Pause Init Mark (unload classes) 0.567ms
[2020-07-12T01:31:16.378+0000][10164][safepoint    ] Safepoint "ShenandoahInitMark", Time since last: 465819511 ns, Reaching safepoint: 85963 ns, At safepoint: 586431 ns, Total: 672394 ns
[2020-07-12T01:31:16.378+0000][10164][gc,start     ] GC(74) Concurrent marking (unload classes)
[2020-07-12T01:31:16.378+0000][10164][gc,task      ] GC(74) Using 2 of 4 workers for concurrent marking
[2020-07-12T01:31:16.389+0000][10164][gc           ] GC(74) Concurrent marking (unload classes) 433M->457M(4096M) 10.534ms
[2020-07-12T01:31:16.389+0000][10164][gc,start     ] GC(74) Pause Final Mark (unload classes)
[2020-07-12T01:31:16.389+0000][10164][gc,task      ] GC(74) Using 4 of 4 workers for final marking
[2020-07-12T01:31:16.390+0000][10164][gc,ergo      ] GC(74) CSet Selection. Actual Free: 3977M, Max CSet: 2983M
[2020-07-12T01:31:16.390+0000][10164][gc,ergo      ] GC(74) Collectable Garbage: 66494K (15% of total), 2636K CSet, 34 CSet regions
[2020-07-12T01:31:16.390+0000][10164][gc,ergo      ] GC(74) Immediate Garbage: 345M (83% of total), 173 regions
[2020-07-12T01:31:16.390+0000][10164][gc,ergo      ] GC(74) Pacer for Evacuation. Used CSet: 69130K, Free: 3778M, Non-Taxable: 377M, Alloc Tax Rate: 1.1x
[2020-07-12T01:31:16.390+0000][10164][gc           ] GC(74) Pause Final Mark (unload classes) 1.051ms
[2020-07-12T01:31:16.390+0000][10164][safepoint    ] Safepoint "ShenandoahFinalMarkStartEvac", Time since last: 10631922 ns, Reaching safepoint: 211513 ns, At safepoint: 1076050 ns, Total: 1287563 ns
[2020-07-12T01:31:16.390+0000][10164][gc,start     ] GC(74) Concurrent roots processing
[2020-07-12T01:31:16.390+0000][10164][gc,task      ] GC(74) Using 2 of 4 workers for concurrent root processing
[2020-07-12T01:31:16.413+0000][10164][gc           ] GC(74) Concurrent roots processing 459M->479M(4096M) 22.968ms
[2020-07-12T01:31:16.413+0000][10164][gc,start     ] GC(74) Concurrent cleanup
[2020-07-12T01:31:16.414+0000][10164][gc           ] GC(74) Concurrent cleanup 479M->133M(4096M) 0.171ms
[2020-07-12T01:31:16.414+0000][10164][gc,ergo      ] GC(74) Free: 3756M (1881 regions), Max regular: 2048K, Max humongous: 3406M, External frag: 10%, Internal frag: 0%
[2020-07-12T01:31:16.414+0000][10164][gc,ergo      ] GC(74) Evacuation Reserve: 205M (103 regions), Max regular: 2048K
[2020-07-12T01:31:16.414+0000][10164][gc,start     ] GC(74) Concurrent evacuation
[2020-07-12T01:31:16.414+0000][10164][gc,task      ] GC(74) Using 2 of 4 workers for concurrent evacuation
[2020-07-12T01:31:16.415+0000][10164][gc           ] GC(74) Concurrent evacuation 133M->136M(4096M) 1.594ms
[2020-07-12T01:31:16.416+0000][10164][gc,start     ] GC(74) Pause Init Update Refs
[2020-07-12T01:31:16.416+0000][10164][gc,ergo      ] GC(74) Pacer for Update Refs. Used: 136M, Free: 3756M, Non-Taxable: 375M, Alloc Tax Rate: 1.1x
[2020-07-12T01:31:16.416+0000][10164][gc           ] GC(74) Pause Init Update Refs 0.048ms
[2020-07-12T01:31:16.416+0000][10164][safepoint    ] Safepoint "ShenandoahInitUpdateRefs", Time since last: 24974105 ns, Reaching safepoint: 1031037 ns, At safepoint: 83410 ns, Total: 1114447 ns
[2020-07-12T01:31:16.416+0000][10164][gc,start     ] GC(74) Concurrent update references
[2020-07-12T01:31:16.416+0000][10164][gc,task      ] GC(74) Using 2 of 4 workers for concurrent reference update
[2020-07-12T01:31:16.427+0000][10164][gc           ] GC(74) Concurrent update references 138M->156M(4096M) 11.037ms
[2020-07-12T01:31:16.428+0000][10164][gc,start     ] GC(74) Pause Final Update Refs
[2020-07-12T01:31:16.428+0000][10164][gc,task      ] GC(74) Using 4 of 4 workers for final reference update
[2020-07-12T01:31:16.428+0000][10164][gc           ] GC(74) Pause Final Update Refs 0.171ms
[2020-07-12T01:31:16.428+0000][10164][safepoint    ] Safepoint "ShenandoahFinalUpdateRefs", Time since last: 11157097 ns, Reaching safepoint: 73928 ns, At safepoint: 194562 ns, Total: 268490 ns
[2020-07-12T01:31:16.428+0000][10164][gc,start     ] GC(74) Concurrent cleanup
[2020-07-12T01:31:16.428+0000][10164][gc           ] GC(74) Concurrent cleanup 156M->89M(4096M) 0.097ms
[2020-07-12T01:31:16.428+0000][10164][gc,ergo      ] Free: 3800M (1905 regions), Max regular: 2048K, Max humongous: 3406M, External frag: 11%, Internal frag: 0%
[2020-07-12T01:31:16.428+0000][10164][gc,ergo      ] Evacuation Reserve: 206M (103 regions), Max regular: 2048K
[2020-07-12T01:31:16.428+0000][10164][gc,ergo      ] Pacer for Idle. Initial: 83886K, Alloc Tax Rate: 1.0x
[2020-07-12T01:31:17.428+0000][10164][safepoint    ] Safepoint "Cleanup", Time since last: 1000163994 ns, Reaching safepoint: 126490 ns, At safepoint: 7773 ns, Total: 134263 ns
[2020-07-12T01:31:18.428+0000][10164][safepoint    ] Safepoint "Cleanup", Time since last: 1000184966 ns, Reaching safepoint: 84225 ns, At safepoint: 6720 ns, Total: 90945 ns
[2020-07-12T01:31:19.429+0000][10164][safepoint    ] Safepoint "Cleanup", Time since last: 1000096693 ns, Reaching safepoint: 79923 ns, At safepoint: 5243 ns, Total: 85166 ns
[2020-07-12T01:31:20.875+0000][10164][safepoint    ] Safepoint "Cleanup", Time since last: 1445462233 ns, Reaching safepoint: 560528 ns, At safepoint: 4960 ns, Total: 565488 ns
[2020-07-12T01:31:21.393+0000][10164][gc           ] Trigger: Allocated since last cycle (409M) is larger than allocation threshold (409M)
[2020-07-12T01:31:21.393+0000][10164][gc,ergo      ] Free: 3456M (1733 regions), Max regular: 2048K, Max humongous: 3406M, External frag: 2%, Internal frag: 0%
[2020-07-12T01:31:21.393+0000][10164][gc,ergo      ] Evacuation Reserve: 206M (103 regions), Max regular: 2048K
[2020-07-12T01:31:21.393+0000][10164][gc,start     ] GC(75) Concurrent reset
[2020-07-12T01:31:21.393+0000][10164][gc,task      ] GC(75) Using 2 of 4 workers for concurrent reset
[2020-07-12T01:31:21.394+0000][10164][gc           ] GC(75) Concurrent reset 433M->433M(4096M) 0.239ms
[2020-07-12T01:31:21.394+0000][10164][gc,start     ] GC(75) Pause Init Mark (process weakrefs) (unload classes)
[2020-07-12T01:31:21.394+0000][10164][gc,task      ] GC(75) Using 4 of 4 workers for init marking
[2020-07-12T01:31:21.394+0000][10164][gc,ergo      ] GC(75) Pacer for Mark. Expected Live: 21484K, Free: 3456M, Non-Taxable: 345M, Alloc Tax Rate: 0.0x
[2020-07-12T01:31:21.394+0000][10164][gc           ] GC(75) Pause Init Mark (process weakrefs) (unload classes) 0.549ms
[2020-07-12T01:31:21.394+0000][10164][safepoint    ] Safepoint "ShenandoahInitMark", Time since last: 518954426 ns, Reaching safepoint: 106727 ns, At safepoint: 571970 ns, Total: 678697 ns
[2020-07-12T01:31:21.394+0000][10164][gc,start     ] GC(75) Concurrent marking (process weakrefs) (unload classes)
[2020-07-12T01:31:21.394+0000][10164][gc,task      ] GC(75) Using 2 of 4 workers for concurrent marking
[2020-07-12T01:31:21.406+0000][10164][gc           ] GC(75) Concurrent marking (process weakrefs) (unload classes) 435M->459M(4096M) 11.403ms
[2020-07-12T01:31:21.406+0000][10164][gc,start     ] GC(75) Concurrent precleaning
[2020-07-12T01:31:21.406+0000][10164][gc,task      ] GC(75) Using 1 of 4 workers for concurrent preclean
[2020-07-12T01:31:21.406+0000][10164][gc           ] GC(75) Concurrent precleaning 459M->459M(4096M) 0.449ms
[2020-07-12T01:31:21.408+0000][10164][gc,start     ] GC(75) Pause Final Mark (process weakrefs) (unload classes)
[2020-07-12T01:31:21.408+0000][10164][gc,task      ] GC(75) Using 4 of 4 workers for final marking
[2020-07-12T01:31:21.408+0000][10164][gc,ergo      ] GC(75) CSet Selection. Actual Free: 3973M, Max CSet: 2980M
[2020-07-12T01:31:21.408+0000][10164][gc,ergo      ] GC(75) Collectable Garbage: 68577K (16% of total), 2602K CSet, 35 CSet regions
[2020-07-12T01:31:21.408+0000][10164][gc,ergo      ] GC(75) Immediate Garbage: 343M (83% of total), 172 regions
[2020-07-12T01:31:21.409+0000][10164][gc,ergo      ] GC(75) Pacer for Evacuation. Used CSet: 71180K, Free: 3774M, Non-Taxable: 377M, Alloc Tax Rate: 1.1x
[2020-07-12T01:31:21.409+0000][10164][gc           ] GC(75) Pause Final Mark (process weakrefs) (unload classes) 1.274ms
[2020-07-12T01:31:21.409+0000][10164][safepoint    ] Safepoint "ShenandoahFinalMarkStartEvac", Time since last: 11993521 ns, Reaching safepoint: 1390958 ns, At safepoint: 1299052 ns, Total: 2690010 ns
[2020-07-12T01:31:21.409+0000][10164][gc,start     ] GC(75) Concurrent roots processing
[2020-07-12T01:31:21.409+0000][10164][gc,task      ] GC(75) Using 2 of 4 workers for concurrent root processing
[2020-07-12T01:31:21.446+0000][10164][gc           ] GC(75) Concurrent roots processing 461M->486M(4096M) 37.309ms
[2020-07-12T01:31:21.446+0000][10164][gc,start     ] GC(75) Concurrent cleanup
[2020-07-12T01:31:21.446+0000][10164][gc           ] GC(75) Concurrent cleanup 486M->142M(4096M) 0.185ms
[2020-07-12T01:31:21.447+0000][10164][gc,ergo      ] GC(75) Free: 3748M (1876 regions), Max regular: 2048K, Max humongous: 3396M, External frag: 10%, Internal frag: 0%
[2020-07-12T01:31:21.447+0000][10164][gc,ergo      ] GC(75) Evacuation Reserve: 204M (103 regions), Max regular: 2048K
[2020-07-12T01:31:21.447+0000][10164][gc,start     ] GC(75) Concurrent evacuation
[2020-07-12T01:31:21.447+0000][10164][gc,task      ] GC(75) Using 2 of 4 workers for concurrent evacuation
[2020-07-12T01:31:21.448+0000][10164][gc           ] GC(75) Concurrent evacuation 142M->146M(4096M) 1.852ms
[2020-07-12T01:31:21.450+0000][10164][gc,start     ] GC(75) Pause Init Update Refs
[2020-07-12T01:31:21.450+0000][10164][gc,ergo      ] GC(75) Pacer for Update Refs. Used: 146M, Free: 3746M, Non-Taxable: 374M, Alloc Tax Rate: 1.1x
[2020-07-12T01:31:21.450+0000][10164][gc           ] GC(75) Pause Init Update Refs 0.064ms
[2020-07-12T01:31:21.450+0000][10164][safepoint    ] Safepoint "ShenandoahInitUpdateRefs", Time since last: 39621748 ns, Reaching safepoint: 1300800 ns, At safepoint: 93453 ns, Total: 1394253 ns
[2020-07-12T01:31:21.450+0000][10164][gc,start     ] GC(75) Concurrent update references
[2020-07-12T01:31:21.450+0000][10164][gc,task      ] GC(75) Using 2 of 4 workers for concurrent reference update
[2020-07-12T01:31:21.465+0000][10164][gc           ] GC(75) Concurrent update references 148M->178M(4096M) 15.078ms
[2020-07-12T01:31:21.465+0000][10164][gc,start     ] GC(75) Pause Final Update Refs
[2020-07-12T01:31:21.465+0000][10164][gc,task      ] GC(75) Using 4 of 4 workers for final reference update
[2020-07-12T01:31:21.465+0000][10164][gc           ] GC(75) Pause Final Update Refs 0.166ms
[2020-07-12T01:31:21.465+0000][10164][safepoint    ] Safepoint "ShenandoahFinalUpdateRefs", Time since last: 15175995 ns, Reaching safepoint: 97495 ns, At safepoint: 189690 ns, Total: 287185 ns
[2020-07-12T01:31:21.465+0000][10164][gc,start     ] GC(75) Concurrent cleanup
[2020-07-12T01:31:21.466+0000][10164][gc           ] GC(75) Concurrent cleanup 178M->109M(4096M) 0.105ms
[2020-07-12T01:31:21.466+0000][10164][gc,ergo      ] Free: 3780M (1896 regions), Max regular: 2048K, Max humongous: 3396M, External frag: 11%, Internal frag: 0%
[2020-07-12T01:31:21.466+0000][10164][gc,ergo      ] Evacuation Reserve: 206M (103 regions), Max regular: 2048K
[2020-07-12T01:31:21.466+0000][10164][gc,ergo      ] Pacer for Idle. Initial: 83886K, Alloc Tax Rate: 1.0x
[2020-07-12T01:31:22.466+0000][10164][safepoint    ] Safepoint "Cleanup", Time since last: 1000106894 ns, Reaching safepoint: 786712 ns, At safepoint: 7321 ns, Total: 794033 ns
[2020-07-12T01:31:23.466+0000][10164][safepoint    ] Safepoint "Cleanup", Time since last: 1000061561 ns, Reaching safepoint: 76078 ns, At safepoint: 4307 ns, Total: 80385 ns
[2020-07-12T01:31:24.478+0000][10164][safepoint    ] Safepoint "Cleanup", Time since last: 1010835586 ns, Reaching safepoint: 384496 ns, At safepoint: 12424 ns, Total: 396920 ns
[2020-07-12T01:31:25.361+0000][10164][gc           ] Trigger: Allocated since last cycle (410M) is larger than allocation threshold (409M)
[2020-07-12T01:31:25.361+0000][10164][gc,ergo      ] Free: 3456M (1734 regions), Max regular: 2048K, Max humongous: 3396M, External frag: 2%, Internal frag: 0%
[2020-07-12T01:31:25.361+0000][10164][gc,ergo      ] Evacuation Reserve: 206M (103 regions), Max regular: 2048K
[2020-07-12T01:31:25.361+0000][10164][gc,start     ] GC(76) Concurrent reset
[2020-07-12T01:31:25.361+0000][10164][gc,task      ] GC(76) Using 2 of 4 workers for concurrent reset
[2020-07-12T01:31:25.362+0000][10164][gc           ] GC(76) Concurrent reset 433M->433M(4096M) 0.310ms
[2020-07-12T01:31:25.362+0000][10164][gc,start     ] GC(76) Pause Init Mark (unload classes)
[2020-07-12T01:31:25.362+0000][10164][gc,task      ] GC(76) Using 4 of 4 workers for init marking
[2020-07-12T01:31:25.363+0000][10164][gc,ergo      ] GC(76) Pacer for Mark. Expected Live: 21544K, Free: 3456M, Non-Taxable: 345M, Alloc Tax Rate: 0.0x
[2020-07-12T01:31:25.363+0000][10164][gc           ] GC(76) Pause Init Mark (unload classes) 0.588ms
[2020-07-12T01:31:25.363+0000][10164][safepoint    ] Safepoint "ShenandoahInitMark", Time since last: 884075106 ns, Reaching safepoint: 413017 ns, At safepoint: 611184 ns, Total: 1024201 ns
[2020-07-12T01:31:25.363+0000][10164][gc,start     ] GC(76) Concurrent marking (unload classes)
[2020-07-12T01:31:25.363+0000][10164][gc,task      ] GC(76) Using 2 of 4 workers for concurrent marking
[2020-07-12T01:31:25.375+0000][10164][gc           ] GC(76) Concurrent marking (unload classes) 437M->453M(4096M) 12.294ms
[2020-07-12T01:31:25.375+0000][10164][gc,start     ] GC(76) Pause Final Mark (unload classes)
[2020-07-12T01:31:25.375+0000][10164][gc,task      ] GC(76) Using 4 of 4 workers for final marking
[2020-07-12T01:31:25.376+0000][10164][gc,ergo      ] GC(76) CSet Selection. Actual Free: 3979M, Max CSet: 2984M
[2020-07-12T01:31:25.376+0000][10164][gc,ergo      ] GC(76) Collectable Garbage: 68456K (16% of total), 2723K CSet, 35 CSet regions
[2020-07-12T01:31:25.376+0000][10164][gc,ergo      ] GC(76) Immediate Garbage: 343M (83% of total), 172 regions
[2020-07-12T01:31:25.376+0000][10164][gc,ergo      ] GC(76) Pacer for Evacuation. Used CSet: 71180K, Free: 3780M, Non-Taxable: 378M, Alloc Tax Rate: 1.1x
[2020-07-12T01:31:25.376+0000][10164][gc           ] GC(76) Pause Final Mark (unload classes) 0.935ms
[2020-07-12T01:31:25.376+0000][10164][safepoint    ] Safepoint "ShenandoahFinalMarkStartEvac", Time since last: 12570812 ns, Reaching safepoint: 87466 ns, At safepoint: 961820 ns, Total: 1049286 ns
[2020-07-12T01:31:25.376+0000][10164][gc,start     ] GC(76) Concurrent roots processing
[2020-07-12T01:31:25.376+0000][10164][gc,task      ] GC(76) Using 2 of 4 workers for concurrent root processing
[2020-07-12T01:31:25.412+0000][10164][gc           ] GC(76) Concurrent roots processing 453M->472M(4096M) 35.909ms
[2020-07-12T01:31:25.412+0000][10164][gc,start     ] GC(76) Concurrent cleanup
[2020-07-12T01:31:25.412+0000][10164][gc           ] GC(76) Concurrent cleanup 472M->128M(4096M) 0.161ms
[2020-07-12T01:31:25.413+0000][10164][gc,ergo      ] GC(76) Free: 3762M (1883 regions), Max regular: 2048K, Max humongous: 3396M, External frag: 10%, Internal frag: 0%
[2020-07-12T01:31:25.413+0000][10164][gc,ergo      ] GC(76) Evacuation Reserve: 205M (103 regions), Max regular: 2048K
[2020-07-12T01:31:25.413+0000][10164][gc,start     ] GC(76) Concurrent evacuation
[2020-07-12T01:31:25.413+0000][10164][gc,task      ] GC(76) Using 2 of 4 workers for concurrent evacuation
[2020-07-12T01:31:25.414+0000][10164][gc           ] GC(76) Concurrent evacuation 128M->132M(4096M) 1.569ms
[2020-07-12T01:31:25.415+0000][10164][gc,start     ] GC(76) Pause Init Update Refs
[2020-07-12T01:31:25.415+0000][10164][gc,ergo      ] GC(76) Pacer for Update Refs. Used: 132M, Free: 3760M, Non-Taxable: 376M, Alloc Tax Rate: 1.1x
[2020-07-12T01:31:25.415+0000][10164][gc           ] GC(76) Pause Init Update Refs 0.054ms
[2020-07-12T01:31:25.415+0000][10164][safepoint    ] Safepoint "ShenandoahInitUpdateRefs", Time since last: 37774933 ns, Reaching safepoint: 976612 ns, At safepoint: 79319 ns, Total: 1055931 ns
[2020-07-12T01:31:25.415+0000][10164][gc,start     ] GC(76) Concurrent update references
[2020-07-12T01:31:25.415+0000][10164][gc,task      ] GC(76) Using 2 of 4 workers for concurrent reference update
[2020-07-12T01:31:25.427+0000][10164][gc           ] GC(76) Concurrent update references 134M->150M(4096M) 11.753ms
[2020-07-12T01:31:25.427+0000][10164][gc,start     ] GC(76) Pause Final Update Refs
[2020-07-12T01:31:25.427+0000][10164][gc,task      ] GC(76) Using 4 of 4 workers for final reference update
[2020-07-12T01:31:25.427+0000][10164][gc           ] GC(76) Pause Final Update Refs 0.188ms
[2020-07-12T01:31:25.427+0000][10164][safepoint    ] Safepoint "ShenandoahFinalUpdateRefs", Time since last: 11852130 ns, Reaching safepoint: 108530 ns, At safepoint: 215386 ns, Total: 323916 ns
[2020-07-12T01:31:25.427+0000][10164][gc,start     ] GC(76) Concurrent cleanup
[2020-07-12T01:31:25.428+0000][10164][gc           ] GC(76) Concurrent cleanup 150M->83M(4096M) 0.221ms
[2020-07-12T01:31:25.428+0000][10164][gc,ergo      ] Free: 3806M (1907 regions), Max regular: 2048K, Max humongous: 3452M, External frag: 10%, Internal frag: 0%
[2020-07-12T01:31:25.428+0000][10164][gc,ergo      ] Evacuation Reserve: 206M (103 regions), Max regular: 2048K
[2020-07-12T01:31:25.428+0000][10164][gc,ergo      ] Pacer for Idle. Initial: 83886K, Alloc Tax Rate: 1.0x
[2020-07-12T01:31:26.428+0000][10164][safepoint    ] Safepoint "Cleanup", Time since last: 1000070101 ns, Reaching safepoint: 120002 ns, At safepoint: 4398 ns, Total: 124400 ns
[2020-07-12T01:31:27.428+0000][10164][safepoint    ] Safepoint "Cleanup", Time since last: 1000114727 ns, Reaching safepoint: 87595 ns, At safepoint: 9590 ns, Total: 97185 ns
[2020-07-12T01:31:28.428+0000][10164][safepoint    ] Safepoint "Cleanup", Time since last: 1000105197 ns, Reaching safepoint: 141532 ns, At safepoint: 8583 ns, Total: 150115 ns
[2020-07-12T01:31:29.428+0000][10164][safepoint    ] Safepoint "Cleanup", Time since last: 1000067049 ns, Reaching safepoint: 87451 ns, At safepoint: 4794 ns, Total: 92245 ns
[2020-07-12T01:31:29.526+0000][10164][gc           ] Trigger: Allocated since last cycle (410M) is larger than allocation threshold (409M)
[2020-07-12T01:31:29.526+0000][10164][gc,ergo      ] Free: 3456M (1732 regions), Max regular: 2048K, Max humongous: 3450M, External frag: 1%, Internal frag: 0%
[2020-07-12T01:31:29.526+0000][10164][gc,ergo      ] Evacuation Reserve: 206M (103 regions), Max regular: 2048K
[2020-07-12T01:31:29.526+0000][10164][gc,start     ] GC(77) Concurrent reset
[2020-07-12T01:31:29.526+0000][10164][gc,task      ] GC(77) Using 2 of 4 workers for concurrent reset
[2020-07-12T01:31:29.526+0000][10164][gc           ] GC(77) Concurrent reset 433M->433M(4096M) 0.224ms
[2020-07-12T01:31:29.526+0000][10164][gc,start     ] GC(77) Pause Init Mark (unload classes)
[2020-07-12T01:31:29.526+0000][10164][gc,task      ] GC(77) Using 4 of 4 workers for init marking
[2020-07-12T01:31:29.527+0000][10164][gc,ergo      ] GC(77) Pacer for Mark. Expected Live: 21588K, Free: 3456M, Non-Taxable: 345M, Alloc Tax Rate: 0.0x
[2020-07-12T01:31:29.527+0000][10164][gc           ] GC(77) Pause Init Mark (unload classes) 0.540ms
[2020-07-12T01:31:29.527+0000][10164][safepoint    ] Safepoint "ShenandoahInitMark", Time since last: 97814864 ns, Reaching safepoint: 81414 ns, At safepoint: 563723 ns, Total: 645137 ns
[2020-07-12T01:31:29.527+0000][10164][gc,start     ] GC(77) Concurrent marking (unload classes)
[2020-07-12T01:31:29.527+0000][10164][gc,task      ] GC(77) Using 2 of 4 workers for concurrent marking
[2020-07-12T01:31:29.537+0000][10164][gc           ] GC(77) Concurrent marking (unload classes) 433M->453M(4096M) 10.175ms
[2020-07-12T01:31:29.537+0000][10164][gc,start     ] GC(77) Pause Final Mark (unload classes)
[2020-07-12T01:31:29.537+0000][10164][gc,task      ] GC(77) Using 4 of 4 workers for final marking
[2020-07-12T01:31:29.538+0000][10164][gc,ergo      ] GC(77) CSet Selection. Actual Free: 3978M, Max CSet: 2983M
[2020-07-12T01:31:29.538+0000][10164][gc,ergo      ] GC(77) Collectable Garbage: 70462K (16% of total), 2765K CSet, 36 CSet regions
[2020-07-12T01:31:29.538+0000][10164][gc,ergo      ] GC(77) Immediate Garbage: 342M (83% of total), 171 regions
[2020-07-12T01:31:29.538+0000][10164][gc,ergo      ] GC(77) Pacer for Evacuation. Used CSet: 73228K, Free: 3778M, Non-Taxable: 377M, Alloc Tax Rate: 1.1x
[2020-07-12T01:31:29.538+0000][10164][gc           ] GC(77) Pause Final Mark (unload classes) 1.141ms
[2020-07-12T01:31:29.538+0000][10164][safepoint    ] Safepoint "ShenandoahFinalMarkStartEvac", Time since last: 10290984 ns, Reaching safepoint: 78976 ns, At safepoint: 1165253 ns, Total: 1244229 ns
[2020-07-12T01:31:29.538+0000][10164][gc,start     ] GC(77) Concurrent roots processing
[2020-07-12T01:31:29.538+0000][10164][gc,task      ] GC(77) Using 2 of 4 workers for concurrent root processing
[2020-07-12T01:31:29.561+0000][10164][gc           ] GC(77) Concurrent roots processing 453M->476M(4096M) 22.859ms
[2020-07-12T01:31:29.561+0000][10164][gc,start     ] GC(77) Concurrent cleanup
[2020-07-12T01:31:29.561+0000][10164][gc           ] GC(77) Concurrent cleanup 476M->136M(4096M) 0.250ms
[2020-07-12T01:31:29.561+0000][10164][gc,ergo      ] GC(77) Free: 3754M (1881 regions), Max regular: 2048K, Max humongous: 3408M, External frag: 10%, Internal frag: 0%
[2020-07-12T01:31:29.561+0000][10164][gc,ergo      ] GC(77) Evacuation Reserve: 205M (103 regions), Max regular: 2048K
[2020-07-12T01:31:29.561+0000][10164][gc,start     ] GC(77) Concurrent evacuation
[2020-07-12T01:31:29.561+0000][10164][gc,task      ] GC(77) Using 2 of 4 workers for concurrent evacuation
[2020-07-12T01:31:29.563+0000][10164][gc           ] GC(77) Concurrent evacuation 136M->138M(4096M) 1.515ms
[2020-07-12T01:31:29.564+0000][10164][gc,start     ] GC(77) Pause Init Update Refs
[2020-07-12T01:31:29.564+0000][10164][gc,ergo      ] GC(77) Pacer for Update Refs. Used: 138M, Free: 3754M, Non-Taxable: 375M, Alloc Tax Rate: 1.1x
[2020-07-12T01:31:29.564+0000][10164][gc           ] GC(77) Pause Init Update Refs 0.052ms
[2020-07-12T01:31:29.564+0000][10164][safepoint    ] Safepoint "ShenandoahInitUpdateRefs", Time since last: 24953696 ns, Reaching safepoint: 1084849 ns, At safepoint: 76290 ns, Total: 1161139 ns
[2020-07-12T01:31:29.564+0000][10164][gc,start     ] GC(77) Concurrent update references
[2020-07-12T01:31:29.564+0000][10164][gc,task      ] GC(77) Using 2 of 4 workers for concurrent reference update
[2020-07-12T01:31:29.575+0000][10164][gc           ] GC(77) Concurrent update references 140M->158M(4096M) 10.135ms
[2020-07-12T01:31:29.575+0000][10164][gc,start     ] GC(77) Pause Final Update Refs
[2020-07-12T01:31:29.575+0000][10164][gc,task      ] GC(77) Using 4 of 4 workers for final reference update
[2020-07-12T01:31:29.575+0000][10164][gc           ] GC(77) Pause Final Update Refs 0.267ms
[2020-07-12T01:31:29.575+0000][10164][safepoint    ] Safepoint "ShenandoahFinalUpdateRefs", Time since last: 10299658 ns, Reaching safepoint: 187706 ns, At safepoint: 296338 ns, Total: 484044 ns
[2020-07-12T01:31:29.575+0000][10164][gc,start     ] GC(77) Concurrent cleanup
[2020-07-12T01:31:29.575+0000][10164][gc           ] GC(77) Concurrent cleanup 158M->87M(4096M) 0.107ms
[2020-07-12T01:31:29.575+0000][10164][gc,ergo      ] Free: 3802M (1906 regions), Max regular: 2048K, Max humongous: 3408M, External frag: 11%, Internal frag: 0%
[2020-07-12T01:31:29.575+0000][10164][gc,ergo      ] Evacuation Reserve: 206M (103 regions), Max regular: 2048K
[2020-07-12T01:31:29.575+0000][10164][gc,ergo      ] Pacer for Idle. Initial: 83886K, Alloc Tax Rate: 1.0x
[2020-07-12T01:31:30.087+0000][10164][safepoint    ] Safepoint "PrintThreads", Time since last: 510544876 ns, Reaching safepoint: 96255 ns, At safepoint: 823879 ns, Total: 920134 ns
[2020-07-12T01:31:30.087+0000][10164][safepoint    ] Safepoint "PrintJNI", Time since last: 144340 ns, Reaching safepoint: 49730 ns, At safepoint: 3831 ns, Total: 53561 ns
[2020-07-12T01:31:30.087+0000][10164][safepoint    ] Safepoint "FindDeadlocks", Time since last: 136783 ns, Reaching safepoint: 47484 ns, At safepoint: 5150 ns, Total: 52634 ns
[2020-07-12T01:31:31.087+0000][10164][safepoint    ] Safepoint "Cleanup", Time since last: 1000085763 ns, Reaching safepoint: 96857 ns, At safepoint: 1935 ns, Total: 98792 ns
[2020-07-12T01:31:32.089+0000][10164][safepoint    ] Safepoint "Cleanup", Time since last: 1002106249 ns, Reaching safepoint: 85511 ns, At safepoint: 5741 ns, Total: 91252 ns
[2020-07-12T01:31:33.091+0000][10164][safepoint    ] Safepoint "Cleanup", Time since last: 1000711573 ns, Reaching safepoint: 449302 ns, At safepoint: 14147 ns, Total: 463449 ns
[2020-07-12T01:31:34.091+0000][10164][safepoint    ] Safepoint "Cleanup", Time since last: 1000318407 ns, Reaching safepoint: 260022 ns, At safepoint: 5828 ns, Total: 265850 ns
[2020-07-12T01:31:34.954+0000][10164][gc           ] Trigger: Allocated since last cycle (409M) is larger than allocation threshold (409M)
[2020-07-12T01:31:34.955+0000][10164][gc,ergo      ] Free: 3456M (1733 regions), Max regular: 2048K, Max humongous: 3408M, External frag: 2%, Internal frag: 0%
[2020-07-12T01:31:34.955+0000][10164][gc,ergo      ] Evacuation Reserve: 206M (103 regions), Max regular: 2048K
[2020-07-12T01:31:34.955+0000][10164][gc,start     ] GC(78) Concurrent reset
[2020-07-12T01:31:34.955+0000][10164][gc,task      ] GC(78) Using 2 of 4 workers for concurrent reset
[2020-07-12T01:31:34.955+0000][10164][gc           ] GC(78) Concurrent reset 433M->433M(4096M) 0.258ms
[2020-07-12T01:31:34.955+0000][10164][gc,start     ] GC(78) Pause Init Mark (unload classes)
[2020-07-12T01:31:34.955+0000][10164][gc,task      ] GC(78) Using 4 of 4 workers for init marking
[2020-07-12T01:31:34.956+0000][10164][gc,ergo      ] GC(78) Pacer for Mark. Expected Live: 21633K, Free: 3456M, Non-Taxable: 345M, Alloc Tax Rate: 0.0x
[2020-07-12T01:31:34.956+0000][10164][gc           ] GC(78) Pause Init Mark (unload classes) 0.776ms
[2020-07-12T01:31:34.956+0000][10164][safepoint    ] Safepoint "ShenandoahInitMark", Time since last: 863859015 ns, Reaching safepoint: 108532 ns, At safepoint: 804714 ns, Total: 913246 ns
[2020-07-12T01:31:34.956+0000][10164][gc,start     ] GC(78) Concurrent marking (unload classes)
[2020-07-12T01:31:34.956+0000][10164][gc,task      ] GC(78) Using 2 of 4 workers for concurrent marking
[2020-07-12T01:31:34.968+0000][10164][gc           ] GC(78) Concurrent marking (unload classes) 437M->455M(4096M) 11.700ms
[2020-07-12T01:31:34.968+0000][10164][gc,start     ] GC(78) Pause Final Mark (unload classes)
[2020-07-12T01:31:34.968+0000][10164][gc,task      ] GC(78) Using 4 of 4 workers for final marking
[2020-07-12T01:31:34.969+0000][10164][gc,ergo      ] GC(78) CSet Selection. Actual Free: 3971M, Max CSet: 2978M
[2020-07-12T01:31:34.969+0000][10164][gc,ergo      ] GC(78) Collectable Garbage: 74526K (17% of total), 2797K CSet, 38 CSet regions
[2020-07-12T01:31:34.969+0000][10164][gc,ergo      ] GC(78) Immediate Garbage: 337M (82% of total), 169 regions
[2020-07-12T01:31:34.970+0000][10164][gc,ergo      ] GC(78) Pacer for Evacuation. Used CSet: 77324K, Free: 3772M, Non-Taxable: 377M, Alloc Tax Rate: 1.1x
[2020-07-12T01:31:34.970+0000][10164][gc           ] GC(78) Pause Final Mark (unload classes) 1.573ms
[2020-07-12T01:31:34.970+0000][10164][safepoint    ] Safepoint "ShenandoahFinalMarkStartEvac", Time since last: 12059469 ns, Reaching safepoint: 152198 ns, At safepoint: 1600782 ns, Total: 1752980 ns
[2020-07-12T01:31:34.970+0000][10164][gc,start     ] GC(78) Concurrent roots processing
[2020-07-12T01:31:34.970+0000][10164][gc,task      ] GC(78) Using 2 of 4 workers for concurrent root processing
[2020-07-12T01:31:34.993+0000][10164][gc           ] GC(78) Concurrent roots processing 457M->476M(4096M) 23.549ms
[2020-07-12T01:31:34.993+0000][10164][gc,start     ] GC(78) Concurrent cleanup
[2020-07-12T01:31:34.994+0000][10164][gc           ] GC(78) Concurrent cleanup 476M->138M(4096M) 0.184ms
[2020-07-12T01:31:34.994+0000][10164][gc,ergo      ] GC(78) Free: 3752M (1879 regions), Max regular: 2048K, Max humongous: 3424M, External frag: 9%, Internal frag: 0%
[2020-07-12T01:31:34.994+0000][10164][gc,ergo      ] GC(78) Evacuation Reserve: 204M (103 regions), Max regular: 2048K
[2020-07-12T01:31:34.994+0000][10164][gc,start     ] GC(78) Concurrent evacuation
[2020-07-12T01:31:34.994+0000][10164][gc,task      ] GC(78) Using 2 of 4 workers for concurrent evacuation
[2020-07-12T01:31:34.995+0000][10164][gc           ] GC(78) Concurrent evacuation 138M->142M(4096M) 1.478ms
[2020-07-12T01:31:34.996+0000][10164][gc,start     ] GC(78) Pause Init Update Refs
[2020-07-12T01:31:34.996+0000][10164][gc,ergo      ] GC(78) Pacer for Update Refs. Used: 142M, Free: 3752M, Non-Taxable: 375M, Alloc Tax Rate: 1.1x
[2020-07-12T01:31:34.996+0000][10164][gc           ] GC(78) Pause Init Update Refs 0.052ms
[2020-07-12T01:31:34.996+0000][10164][safepoint    ] Safepoint "ShenandoahInitUpdateRefs", Time since last: 25452705 ns, Reaching safepoint: 961965 ns, At safepoint: 73972 ns, Total: 1035937 ns
[2020-07-12T01:31:34.996+0000][10164][gc,start     ] GC(78) Concurrent update references
[2020-07-12T01:31:34.996+0000][10164][gc,task      ] GC(78) Using 2 of 4 workers for concurrent reference update
[2020-07-12T01:31:35.008+0000][10164][gc           ] GC(78) Concurrent update references 142M->168M(4096M) 11.743ms
[2020-07-12T01:31:35.008+0000][10164][gc,start     ] GC(78) Pause Final Update Refs
[2020-07-12T01:31:35.008+0000][10164][gc,task      ] GC(78) Using 4 of 4 workers for final reference update
[2020-07-12T01:31:35.008+0000][10164][gc           ] GC(78) Pause Final Update Refs 0.226ms
[2020-07-12T01:31:35.008+0000][10164][safepoint    ] Safepoint "ShenandoahFinalUpdateRefs", Time since last: 11829249 ns, Reaching safepoint: 97448 ns, At safepoint: 254744 ns, Total: 352192 ns
[2020-07-12T01:31:35.008+0000][10164][gc,start     ] GC(78) Concurrent cleanup
[2020-07-12T01:31:35.009+0000][10164][gc           ] GC(78) Concurrent cleanup 168M->92M(4096M) 0.155ms
[2020-07-12T01:31:35.009+0000][10164][gc,ergo      ] Free: 3797M (1905 regions), Max regular: 2048K, Max humongous: 3448M, External frag: 10%, Internal frag: 0%
[2020-07-12T01:31:35.009+0000][10164][gc,ergo      ] Evacuation Reserve: 206M (103 regions), Max regular: 2048K
[2020-07-12T01:31:35.009+0000][10164][gc,ergo      ] Pacer for Idle. Initial: 83886K, Alloc Tax Rate: 1.0x
[2020-07-12T01:31:36.020+0000][10164][safepoint    ] Safepoint "Cleanup", Time since last: 1011633765 ns, Reaching safepoint: 160351 ns, At safepoint: 10212 ns, Total: 170563 ns
[2020-07-12T01:31:37.896+0000][10164][safepoint    ] Safepoint "Cleanup", Time since last: 1875184723 ns, Reaching safepoint: 165443 ns, At safepoint: 4605 ns, Total: 170048 ns
[2020-07-12T01:31:38.895+0000][10164][gc           ] Trigger: Allocated since last cycle (417M) is larger than allocation threshold (409M)
[2020-07-12T01:31:38.895+0000][10164][gc,ergo      ] Free: 3447M (1728 regions), Max regular: 2048K, Max humongous: 3440M, External frag: 1%, Internal frag: 0%
[2020-07-12T01:31:38.895+0000][10164][gc,ergo      ] Evacuation Reserve: 206M (103 regions), Max regular: 2048K
[2020-07-12T01:31:38.895+0000][10164][gc,start     ] GC(79) Concurrent reset
[2020-07-12T01:31:38.895+0000][10164][gc,task      ] GC(79) Using 2 of 4 workers for concurrent reset
[2020-07-12T01:31:38.895+0000][10164][gc           ] GC(79) Concurrent reset 442M->442M(4096M) 0.364ms
[2020-07-12T01:31:38.896+0000][10164][gc,start     ] GC(79) Pause Init Mark (unload classes)
[2020-07-12T01:31:38.896+0000][10164][gc,task      ] GC(79) Using 4 of 4 workers for init marking
[2020-07-12T01:31:38.896+0000][10164][gc,ergo      ] GC(79) Pacer for Mark. Expected Live: 21674K, Free: 3447M, Non-Taxable: 344M, Alloc Tax Rate: 0.0x
[2020-07-12T01:31:38.896+0000][10164][gc           ] GC(79) Pause Init Mark (unload classes) 0.903ms
[2020-07-12T01:31:38.897+0000][10164][safepoint    ] Safepoint "ShenandoahInitMark", Time since last: 999834578 ns, Reaching safepoint: 222266 ns, At safepoint: 957225 ns, Total: 1179491 ns
[2020-07-12T01:31:38.897+0000][10164][gc,start     ] GC(79) Concurrent marking (unload classes)
[2020-07-12T01:31:38.897+0000][10164][gc,task      ] GC(79) Using 2 of 4 workers for concurrent marking
[2020-07-12T01:31:38.910+0000][10164][gc           ] GC(79) Concurrent marking (unload classes) 442M->446M(4096M) 13.048ms
[2020-07-12T01:31:38.910+0000][10164][gc,start     ] GC(79) Pause Final Mark (unload classes)
[2020-07-12T01:31:38.910+0000][10164][gc,task      ] GC(79) Using 4 of 4 workers for final marking
[2020-07-12T01:31:38.911+0000][10164][gc,ergo      ] GC(79) CSet Selection. Actual Free: 3989M, Max CSet: 2992M
[2020-07-12T01:31:38.911+0000][10164][gc,ergo      ] GC(79) Collectable Garbage: 73987K (17% of total), 2820K CSet, 38 CSet regions
[2020-07-12T01:31:38.911+0000][10164][gc,ergo      ] GC(79) Immediate Garbage: 347M (82% of total), 174 regions
[2020-07-12T01:31:38.911+0000][10164][gc,ergo      ] GC(79) Pacer for Evacuation. Used CSet: 76807K, Free: 3790M, Non-Taxable: 379M, Alloc Tax Rate: 1.1x
[2020-07-12T01:31:38.911+0000][10164][gc           ] GC(79) Pause Final Mark (unload classes) 1.347ms
[2020-07-12T01:31:38.911+0000][10164][safepoint    ] Safepoint "ShenandoahFinalMarkStartEvac", Time since last: 13213050 ns, Reaching safepoint: 255705 ns, At safepoint: 1380421 ns, Total: 1636126 ns
[2020-07-12T01:31:38.911+0000][10164][gc,start     ] GC(79) Concurrent roots processing
[2020-07-12T01:31:38.911+0000][10164][gc,task      ] GC(79) Using 2 of 4 workers for concurrent root processing
[2020-07-12T01:31:38.937+0000][10164][gc           ] GC(79) Concurrent roots processing 446M->451M(4096M) 25.715ms
[2020-07-12T01:31:38.937+0000][10164][gc,start     ] GC(79) Concurrent cleanup
[2020-07-12T01:31:38.937+0000][10164][gc           ] GC(79) Concurrent cleanup 451M->103M(4096M) 0.169ms
[2020-07-12T01:31:38.937+0000][10164][gc,ergo      ] GC(79) Free: 3786M (1895 regions), Max regular: 2048K, Max humongous: 3430M, External frag: 10%, Internal frag: 0%
[2020-07-12T01:31:38.937+0000][10164][gc,ergo      ] GC(79) Evacuation Reserve: 205M (103 regions), Max regular: 2048K
[2020-07-12T01:31:38.937+0000][10164][gc,start     ] GC(79) Concurrent evacuation
[2020-07-12T01:31:38.937+0000][10164][gc,task      ] GC(79) Using 2 of 4 workers for concurrent evacuation
[2020-07-12T01:31:38.939+0000][10164][gc           ] GC(79) Concurrent evacuation 103M->106M(4096M) 1.708ms
[2020-07-12T01:31:38.940+0000][10164][gc,start     ] GC(79) Pause Init Update Refs
[2020-07-12T01:31:38.940+0000][10164][gc,ergo      ] GC(79) Pacer for Update Refs. Used: 106M, Free: 3786M, Non-Taxable: 378M, Alloc Tax Rate: 1.1x
[2020-07-12T01:31:38.940+0000][10164][gc           ] GC(79) Pause Init Update Refs 0.051ms
[2020-07-12T01:31:38.940+0000][10164][safepoint    ] Safepoint "ShenandoahInitUpdateRefs", Time since last: 27821430 ns, Reaching safepoint: 1143496 ns, At safepoint: 94875 ns, Total: 1238371 ns
[2020-07-12T01:31:38.940+0000][10164][gc,start     ] GC(79) Concurrent update references
[2020-07-12T01:31:38.941+0000][10164][gc,task      ] GC(79) Using 2 of 4 workers for concurrent reference update
[2020-07-12T01:31:38.949+0000][10164][gc           ] GC(79) Concurrent update references 108M->110M(4096M) 8.300ms
[2020-07-12T01:31:38.949+0000][10164][gc,start     ] GC(79) Pause Final Update Refs
[2020-07-12T01:31:38.949+0000][10164][gc,task      ] GC(79) Using 4 of 4 workers for final reference update
[2020-07-12T01:31:38.949+0000][10164][gc           ] GC(79) Pause Final Update Refs 0.280ms
[2020-07-12T01:31:38.949+0000][10164][safepoint    ] Safepoint "ShenandoahFinalUpdateRefs", Time since last: 8448717 ns, Reaching safepoint: 194712 ns, At safepoint: 305679 ns, Total: 500391 ns
[2020-07-12T01:31:38.949+0000][10164][gc,start     ] GC(79) Concurrent cleanup
[2020-07-12T01:31:38.950+0000][10164][gc           ] GC(79) Concurrent cleanup 110M->35M(4096M) 0.099ms
[2020-07-12T01:31:38.950+0000][10164][gc,ergo      ] Free: 3854M (1929 regions), Max regular: 2048K, Max humongous: 3432M, External frag: 11%, Internal frag: 0%
[2020-07-12T01:31:38.950+0000][10164][gc,ergo      ] Evacuation Reserve: 206M (103 regions), Max regular: 2048K
[2020-07-12T01:31:38.950+0000][10164][gc,ergo      ] Pacer for Idle. Initial: 83886K, Alloc Tax Rate: 1.0x
[2020-07-12T01:31:39.952+0000][10164][safepoint    ] Safepoint "Cleanup", Time since last: 1002053156 ns, Reaching safepoint: 221338 ns, At safepoint: 9482 ns, Total: 230820 ns
[2020-07-12T01:31:40.952+0000][10164][safepoint    ] Safepoint "Cleanup", Time since last: 1000396460 ns, Reaching safepoint: 219065 ns, At safepoint: 3934 ns, Total: 222999 ns
[2020-07-12T01:31:41.953+0000][10164][safepoint    ] Safepoint "Cleanup", Time since last: 1000218231 ns, Reaching safepoint: 307377 ns, At safepoint: 6264 ns, Total: 313641 ns
[2020-07-12T01:31:42.953+0000][10164][safepoint    ] Safepoint "Cleanup", Time since last: 1000070491 ns, Reaching safepoint: 177116 ns, At safepoint: 3308 ns, Total: 180424 ns
[2020-07-12T01:31:43.512+0000][10164][gc           ] Trigger: Allocated since last cycle (410M) is larger than allocation threshold (409M)
[2020-07-12T01:31:43.512+0000][10164][gc,ergo      ] Free: 3456M (1730 regions), Max regular: 2048K, Max humongous: 3432M, External frag: 1%, Internal frag: 0%
[2020-07-12T01:31:43.512+0000][10164][gc,ergo      ] Evacuation Reserve: 206M (103 regions), Max regular: 2048K
[2020-07-12T01:31:43.512+0000][10164][gc,start     ] GC(80) Concurrent reset
[2020-07-12T01:31:43.512+0000][10164][gc,task      ] GC(80) Using 2 of 4 workers for concurrent reset
[2020-07-12T01:31:43.512+0000][10164][gc           ] GC(80) Concurrent reset 433M->433M(4096M) 0.258ms
[2020-07-12T01:31:43.513+0000][10164][gc,start     ] GC(80) Pause Init Mark (process weakrefs) (unload classes)
[2020-07-12T01:31:43.513+0000][10164][gc,task      ] GC(80) Using 4 of 4 workers for init marking
[2020-07-12T01:31:43.514+0000][10164][gc,ergo      ] GC(80) Pacer for Mark. Expected Live: 21711K, Free: 3456M, Non-Taxable: 345M, Alloc Tax Rate: 0.0x
[2020-07-12T01:31:43.514+0000][10164][gc           ] GC(80) Pause Init Mark (process weakrefs) (unload classes) 0.559ms
[2020-07-12T01:31:43.514+0000][10164][safepoint    ] Safepoint "ShenandoahInitMark", Time since last: 558984388 ns, Reaching safepoint: 969358 ns, At safepoint: 587719 ns, Total: 1557077 ns
[2020-07-12T01:31:43.514+0000][10164][gc,start     ] GC(80) Concurrent marking (process weakrefs) (unload classes)
[2020-07-12T01:31:43.514+0000][10164][gc,task      ] GC(80) Using 2 of 4 workers for concurrent marking
[2020-07-12T01:31:43.525+0000][10164][gc           ] GC(80) Concurrent marking (process weakrefs) (unload classes) 433M->461M(4096M) 10.890ms
[2020-07-12T01:31:43.525+0000][10164][gc,start     ] GC(80) Concurrent precleaning
[2020-07-12T01:31:43.525+0000][10164][gc,task      ] GC(80) Using 1 of 4 workers for concurrent preclean
[2020-07-12T01:31:43.525+0000][10164][gc           ] GC(80) Concurrent precleaning 461M->461M(4096M) 0.441ms
[2020-07-12T01:31:43.526+0000][10164][gc,start     ] GC(80) Pause Final Mark (process weakrefs) (unload classes)
[2020-07-12T01:31:43.526+0000][10164][gc,task      ] GC(80) Using 4 of 4 workers for final marking
[2020-07-12T01:31:43.527+0000][10164][gc,ergo      ] GC(80) CSet Selection. Actual Free: 3983M, Max CSet: 2987M
[2020-07-12T01:31:43.527+0000][10164][gc,ergo      ] GC(80) Collectable Garbage: 56667K (13% of total), 2724K CSet, 29 CSet regions
[2020-07-12T01:31:43.527+0000][10164][gc,ergo      ] GC(80) Immediate Garbage: 355M (86% of total), 178 regions
[2020-07-12T01:31:43.527+0000][10164][gc,ergo      ] GC(80) Pacer for Evacuation. Used CSet: 59392K, Free: 3784M, Non-Taxable: 378M, Alloc Tax Rate: 1.1x
[2020-07-12T01:31:43.527+0000][10164][gc           ] GC(80) Pause Final Mark (process weakrefs) (unload classes) 1.386ms
[2020-07-12T01:31:43.527+0000][10164][safepoint    ] Safepoint "ShenandoahFinalMarkStartEvac", Time since last: 11411023 ns, Reaching safepoint: 1008706 ns, At safepoint: 1430140 ns, Total: 2438846 ns
[2020-07-12T01:31:43.528+0000][10164][gc,start     ] GC(80) Concurrent roots processing
[2020-07-12T01:31:43.528+0000][10164][gc,task      ] GC(80) Using 2 of 4 workers for concurrent root processing
[2020-07-12T01:31:43.562+0000][10164][gc           ] GC(80) Concurrent roots processing 463M->496M(4096M) 34.756ms
[2020-07-12T01:31:43.562+0000][10164][gc,start     ] GC(80) Concurrent cleanup
[2020-07-12T01:31:43.563+0000][10164][gc           ] GC(80) Concurrent cleanup 496M->140M(4096M) 0.236ms
[2020-07-12T01:31:43.563+0000][10164][gc,ergo      ] GC(80) Free: 3750M (1878 regions), Max regular: 2048K, Max humongous: 3388M, External frag: 10%, Internal frag: 0%
[2020-07-12T01:31:43.563+0000][10164][gc,ergo      ] GC(80) Evacuation Reserve: 205M (103 regions), Max regular: 2048K
[2020-07-12T01:31:43.563+0000][10164][gc,start     ] GC(80) Concurrent evacuation
[2020-07-12T01:31:43.563+0000][10164][gc,task      ] GC(80) Using 2 of 4 workers for concurrent evacuation
[2020-07-12T01:31:43.564+0000][10164][gc           ] GC(80) Concurrent evacuation 140M->143M(4096M) 1.620ms
[2020-07-12T01:31:43.565+0000][10164][gc,start     ] GC(80) Pause Init Update Refs
[2020-07-12T01:31:43.565+0000][10164][gc,ergo      ] GC(80) Pacer for Update Refs. Used: 143M, Free: 3750M, Non-Taxable: 375M, Alloc Tax Rate: 1.1x
[2020-07-12T01:31:43.565+0000][10164][gc           ] GC(80) Pause Init Update Refs 0.052ms
[2020-07-12T01:31:43.565+0000][10164][safepoint    ] Safepoint "ShenandoahInitUpdateRefs", Time since last: 36833090 ns, Reaching safepoint: 1047590 ns, At safepoint: 86729 ns, Total: 1134319 ns
[2020-07-12T01:31:43.566+0000][10164][gc,start     ] GC(80) Concurrent update references
[2020-07-12T01:31:43.566+0000][10164][gc,task      ] GC(80) Using 2 of 4 workers for concurrent reference update
[2020-07-12T01:31:43.576+0000][10164][gc           ] GC(80) Concurrent update references 147M->175M(4096M) 10.929ms
[2020-07-12T01:31:43.577+0000][10164][gc,start     ] GC(80) Pause Final Update Refs
[2020-07-12T01:31:43.577+0000][10164][gc,task      ] GC(80) Using 4 of 4 workers for final reference update
[2020-07-12T01:31:43.577+0000][10164][gc           ] GC(80) Pause Final Update Refs 0.238ms
[2020-07-12T01:31:43.577+0000][10164][safepoint    ] Safepoint "ShenandoahFinalUpdateRefs", Time since last: 11080695 ns, Reaching safepoint: 110308 ns, At safepoint: 270723 ns, Total: 381031 ns
[2020-07-12T01:31:43.577+0000][10164][gc,start     ] GC(80) Concurrent cleanup
[2020-07-12T01:31:43.577+0000][10164][gc           ] GC(80) Concurrent cleanup 175M->117M(4096M) 0.103ms
[2020-07-12T01:31:43.577+0000][10164][gc,ergo      ] Free: 3772M (1892 regions), Max regular: 2048K, Max humongous: 3388M, External frag: 11%, Internal frag: 0%
[2020-07-12T01:31:43.577+0000][10164][gc,ergo      ] Evacuation Reserve: 206M (103 regions), Max regular: 2048K
[2020-07-12T01:31:43.577+0000][10164][gc,ergo      ] Pacer for Idle. Initial: 83886K, Alloc Tax Rate: 1.0x
[2020-07-12T01:31:44.579+0000][10164][safepoint    ] Safepoint "Cleanup", Time since last: 1001700814 ns, Reaching safepoint: 460631 ns, At safepoint: 9496 ns, Total: 470127 ns
[2020-07-12T01:31:45.580+0000][10164][safepoint    ] Safepoint "Cleanup", Time since last: 1000859496 ns, Reaching safepoint: 159427 ns, At safepoint: 4628 ns, Total: 164055 ns
[2020-07-12T01:31:46.581+0000][10164][safepoint    ] Safepoint "Cleanup", Time since last: 1000651697 ns, Reaching safepoint: 103882 ns, At safepoint: 5235 ns, Total: 109117 ns
[2020-07-12T01:31:47.582+0000][10164][safepoint    ] Safepoint "Cleanup", Time since last: 1000869960 ns, Reaching safepoint: 329871 ns, At safepoint: 8179 ns, Total: 338050 ns
[2020-07-12T01:31:48.339+0000][10164][gc           ] Trigger: Allocated since last cycle (409M) is larger than allocation threshold (409M)
[2020-07-12T01:31:48.339+0000][10164][gc,ergo      ] Free: 3456M (1732 regions), Max regular: 2048K, Max humongous: 3388M, External frag: 2%, Internal frag: 0%
[2020-07-12T01:31:48.339+0000][10164][gc,ergo      ] Evacuation Reserve: 206M (103 regions), Max regular: 2048K
[2020-07-12T01:31:48.339+0000][10164][gc,start     ] GC(81) Concurrent reset
[2020-07-12T01:31:48.339+0000][10164][gc,task      ] GC(81) Using 2 of 4 workers for concurrent reset
[2020-07-12T01:31:48.339+0000][10164][gc           ] GC(81) Concurrent reset 433M->433M(4096M) 0.251ms
[2020-07-12T01:31:48.339+0000][10164][gc,start     ] GC(81) Pause Init Mark (unload classes)
[2020-07-12T01:31:48.339+0000][10164][gc,task      ] GC(81) Using 4 of 4 workers for init marking
[2020-07-12T01:31:48.340+0000][10164][gc,ergo      ] GC(81) Pacer for Mark. Expected Live: 21743K, Free: 3456M, Non-Taxable: 345M, Alloc Tax Rate: 0.0x
[2020-07-12T01:31:48.340+0000][10164][gc           ] GC(81) Pause Init Mark (unload classes) 0.534ms
[2020-07-12T01:31:48.340+0000][10164][safepoint    ] Safepoint "ShenandoahInitMark", Time since last: 756957740 ns, Reaching safepoint: 139863 ns, At safepoint: 560639 ns, Total: 700502 ns
[2020-07-12T01:31:48.340+0000][10164][gc,start     ] GC(81) Concurrent marking (unload classes)
[2020-07-12T01:31:48.340+0000][10164][gc,task      ] GC(81) Using 2 of 4 workers for concurrent marking
[2020-07-12T01:31:48.352+0000][10164][gc           ] GC(81) Concurrent marking (unload classes) 437M->457M(4096M) 12.541ms
[2020-07-12T01:31:48.352+0000][10164][gc,start     ] GC(81) Pause Final Mark (unload classes)
[2020-07-12T01:31:48.352+0000][10164][gc,task      ] GC(81) Using 4 of 4 workers for final marking
[2020-07-12T01:31:48.353+0000][10164][gc,ergo      ] GC(81) CSet Selection. Actual Free: 3977M, Max CSet: 2983M
[2020-07-12T01:31:48.353+0000][10164][gc,ergo      ] GC(81) Collectable Garbage: 66769K (15% of total), 2860K CSet, 34 CSet regions
[2020-07-12T01:31:48.353+0000][10164][gc,ergo      ] GC(81) Immediate Garbage: 345M (83% of total), 173 regions
[2020-07-12T01:31:48.353+0000][10164][gc,ergo      ] GC(81) Pacer for Evacuation. Used CSet: 69629K, Free: 3778M, Non-Taxable: 377M, Alloc Tax Rate: 1.1x
[2020-07-12T01:31:48.353+0000][10164][gc           ] GC(81) Pause Final Mark (unload classes) 0.960ms
[2020-07-12T01:31:48.353+0000][10164][safepoint    ] Safepoint "ShenandoahFinalMarkStartEvac", Time since last: 12621676 ns, Reaching safepoint: 88832 ns, At safepoint: 985552 ns, Total: 1074384 ns
[2020-07-12T01:31:48.353+0000][10164][gc,start     ] GC(81) Concurrent roots processing
[2020-07-12T01:31:48.353+0000][10164][gc,task      ] GC(81) Using 2 of 4 workers for concurrent root processing
[2020-07-12T01:31:48.403+0000][10164][gc           ] GC(81) Concurrent roots processing 457M->482M(4096M) 49.366ms
[2020-07-12T01:31:48.403+0000][10164][gc,start     ] GC(81) Concurrent cleanup
[2020-07-12T01:31:48.403+0000][10164][gc           ] GC(81) Concurrent cleanup 482M->136M(4096M) 0.162ms
[2020-07-12T01:31:48.403+0000][10164][gc,ergo      ] GC(81) Free: 3754M (1880 regions), Max regular: 2048K, Max humongous: 3398M, External frag: 10%, Internal frag: 0%
[2020-07-12T01:31:48.403+0000][10164][gc,ergo      ] GC(81) Evacuation Reserve: 205M (103 regions), Max regular: 2048K
[2020-07-12T01:31:48.403+0000][10164][gc,start     ] GC(81) Concurrent evacuation
[2020-07-12T01:31:48.403+0000][10164][gc,task      ] GC(81) Using 2 of 4 workers for concurrent evacuation
[2020-07-12T01:31:48.405+0000][10164][gc           ] GC(81) Concurrent evacuation 136M->139M(4096M) 1.849ms
[2020-07-12T01:31:48.408+0000][10164][gc,start     ] GC(81) Pause Init Update Refs
[2020-07-12T01:31:48.409+0000][10164][gc,ergo      ] GC(81) Pacer for Update Refs. Used: 139M, Free: 3754M, Non-Taxable: 375M, Alloc Tax Rate: 1.1x
[2020-07-12T01:31:48.409+0000][10164][gc           ] GC(81) Pause Init Update Refs 0.055ms
[2020-07-12T01:31:48.409+0000][10164][safepoint    ] Safepoint "ShenandoahInitUpdateRefs", Time since last: 51558718 ns, Reaching safepoint: 3503477 ns, At safepoint: 96285 ns, Total: 3599762 ns
[2020-07-12T01:31:48.409+0000][10164][gc,start     ] GC(81) Concurrent update references
[2020-07-12T01:31:48.409+0000][10164][gc,task      ] GC(81) Using 2 of 4 workers for concurrent reference update
[2020-07-12T01:31:48.425+0000][10164][gc           ] GC(81) Concurrent update references 141M->159M(4096M) 16.696ms
[2020-07-12T01:31:48.425+0000][10164][gc,start     ] GC(81) Pause Final Update Refs
[2020-07-12T01:31:48.425+0000][10164][gc,task      ] GC(81) Using 4 of 4 workers for final reference update
[2020-07-12T01:31:48.426+0000][10164][gc           ] GC(81) Pause Final Update Refs 0.232ms
[2020-07-12T01:31:48.426+0000][10164][safepoint    ] Safepoint "ShenandoahFinalUpdateRefs", Time since last: 16776290 ns, Reaching safepoint: 109701 ns, At safepoint: 261912 ns, Total: 371613 ns
[2020-07-12T01:31:48.426+0000][10164][gc,start     ] GC(81) Concurrent cleanup
[2020-07-12T01:31:48.426+0000][10164][gc           ] GC(81) Concurrent cleanup 159M->91M(4096M) 0.123ms
[2020-07-12T01:31:48.426+0000][10164][gc,ergo      ] Free: 3798M (1903 regions), Max regular: 2048K, Max humongous: 3464M, External frag: 9%, Internal frag: 0%
[2020-07-12T01:31:48.426+0000][10164][gc,ergo      ] Evacuation Reserve: 206M (103 regions), Max regular: 2048K
[2020-07-12T01:31:48.426+0000][10164][gc,ergo      ] Pacer for Idle. Initial: 83886K, Alloc Tax Rate: 1.0x
[2020-07-12T01:31:49.426+0000][10164][safepoint    ] Safepoint "Cleanup", Time since last: 1000094319 ns, Reaching safepoint: 266414 ns, At safepoint: 2086 ns, Total: 268500 ns
[2020-07-12T01:31:50.426+0000][10164][safepoint    ] Safepoint "Cleanup", Time since last: 1000055427 ns, Reaching safepoint: 103684 ns, At safepoint: 5286 ns, Total: 108970 ns
[2020-07-12T01:31:51.426+0000][10164][safepoint    ] Safepoint "Cleanup", Time since last: 1000053476 ns, Reaching safepoint: 105329 ns, At safepoint: 9663 ns, Total: 114992 ns
[2020-07-12T01:31:52.427+0000][10164][safepoint    ] Safepoint "Cleanup", Time since last: 1000168850 ns, Reaching safepoint: 95430 ns, At safepoint: 5107 ns, Total: 100537 ns
[2020-07-12T01:31:52.459+0000][10164][gc           ] Trigger: Allocated since last cycle (409M) is larger than allocation threshold (409M)
[2020-07-12T01:31:52.459+0000][10164][gc,ergo      ] Free: 3456M (1731 regions), Max regular: 2048K, Max humongous: 3450M, External frag: 1%, Internal frag: 0%
[2020-07-12T01:31:52.460+0000][10164][gc,ergo      ] Evacuation Reserve: 206M (103 regions), Max regular: 2048K
[2020-07-12T01:31:52.460+0000][10164][gc,start     ] GC(82) Concurrent reset
[2020-07-12T01:31:52.460+0000][10164][gc,task      ] GC(82) Using 2 of 4 workers for concurrent reset
[2020-07-12T01:31:52.460+0000][10164][gc           ] GC(82) Concurrent reset 433M->433M(4096M) 0.324ms
[2020-07-12T01:31:52.460+0000][10164][gc,start     ] GC(82) Pause Init Mark (unload classes)
[2020-07-12T01:31:52.460+0000][10164][gc,task      ] GC(82) Using 4 of 4 workers for init marking
[2020-07-12T01:31:52.461+0000][10164][gc,ergo      ] GC(82) Pacer for Mark. Expected Live: 21777K, Free: 3456M, Non-Taxable: 345M, Alloc Tax Rate: 0.0x
[2020-07-12T01:31:52.461+0000][10164][gc           ] GC(82) Pause Init Mark (unload classes) 0.727ms
[2020-07-12T01:31:52.461+0000][10164][safepoint    ] Safepoint "ShenandoahInitMark", Time since last: 33264099 ns, Reaching safepoint: 90057 ns, At safepoint: 754543 ns, Total: 844600 ns
[2020-07-12T01:31:52.461+0000][10164][gc,start     ] GC(82) Concurrent marking (unload classes)
[2020-07-12T01:31:52.461+0000][10164][gc,task      ] GC(82) Using 2 of 4 workers for concurrent marking
[2020-07-12T01:31:52.472+0000][10164][gc           ] GC(82) Concurrent marking (unload classes) 433M->453M(4096M) 11.655ms
[2020-07-12T01:31:52.473+0000][10164][gc,start     ] GC(82) Pause Final Mark (unload classes)
[2020-07-12T01:31:52.473+0000][10164][gc,task      ] GC(82) Using 4 of 4 workers for final marking
[2020-07-12T01:31:52.915+0000][10164][gc,ergo      ] GC(82) CSet Selection. Actual Free: 3968M, Max CSet: 2976M
[2020-07-12T01:31:52.915+0000][10164][gc,ergo      ] GC(82) Collectable Garbage: 80991K (19% of total), 2976K CSet, 41 CSet regions
[2020-07-12T01:31:52.915+0000][10164][gc,ergo      ] GC(82) Immediate Garbage: 332M (80% of total), 166 regions
[2020-07-12T01:31:52.915+0000][10164][gc,ergo      ] GC(82) Pacer for Evacuation. Used CSet: 83968K, Free: 3768M, Non-Taxable: 376M, Alloc Tax Rate: 1.1x
[2020-07-12T01:31:52.915+0000][10164][gc           ] GC(82) Pause Final Mark (unload classes) 442.490ms
[2020-07-12T01:31:52.915+0000][10164][safepoint    ] Safepoint "ShenandoahFinalMarkStartEvac", Time since last: 11768479 ns, Reaching safepoint: 118127 ns, At safepoint: 442528375 ns, Total: 442646502 ns
[2020-07-12T01:31:52.915+0000][10164][gc,start     ] GC(82) Concurrent roots processing
[2020-07-12T01:31:52.915+0000][10164][gc,task      ] GC(82) Using 2 of 4 workers for concurrent root processing
[2020-07-12T01:31:52.938+0000][10164][gc           ] GC(82) Concurrent roots processing 455M->474M(4096M) 22.925ms
[2020-07-12T01:31:52.938+0000][10164][gc,start     ] GC(82) Concurrent cleanup
[2020-07-12T01:31:52.938+0000][10164][gc           ] GC(82) Concurrent cleanup 474M->142M(4096M) 0.234ms
[2020-07-12T01:31:52.938+0000][10164][gc,ergo      ] GC(82) Free: 3748M (1877 regions), Max regular: 2048K, Max humongous: 3410M, External frag: 10%, Internal frag: 0%
[2020-07-12T01:31:52.939+0000][10164][gc,ergo      ] GC(82) Evacuation Reserve: 205M (103 regions), Max regular: 2048K
[2020-07-12T01:31:52.939+0000][10164][gc,start     ] GC(82) Concurrent evacuation
[2020-07-12T01:31:52.939+0000][10164][gc,task      ] GC(82) Using 2 of 4 workers for concurrent evacuation
[2020-07-12T01:31:52.940+0000][10164][gc           ] GC(82) Concurrent evacuation 142M->145M(4096M) 1.741ms
[2020-07-12T01:31:52.941+0000][10164][gc,start     ] GC(82) Pause Init Update Refs
[2020-07-12T01:31:52.941+0000][10164][gc,ergo      ] GC(82) Pacer for Update Refs. Used: 145M, Free: 3748M, Non-Taxable: 374M, Alloc Tax Rate: 1.1x
[2020-07-12T01:31:52.941+0000][10164][gc           ] GC(82) Pause Init Update Refs 0.050ms
[2020-07-12T01:31:52.941+0000][10164][safepoint    ] Safepoint "ShenandoahInitUpdateRefs", Time since last: 25116577 ns, Reaching safepoint: 975143 ns, At safepoint: 72216 ns, Total: 1047359 ns
[2020-07-12T01:31:52.941+0000][10164][gc,start     ] GC(82) Concurrent update references
[2020-07-12T01:31:52.941+0000][10164][gc,task      ] GC(82) Using 2 of 4 workers for concurrent reference update
[2020-07-12T01:31:52.951+0000][10164][gc           ] GC(82) Concurrent update references 147M->149M(4096M) 9.140ms
[2020-07-12T01:31:52.952+0000][10164][gc,start     ] GC(82) Pause Final Update Refs
[2020-07-12T01:31:52.952+0000][10164][gc,task      ] GC(82) Using 4 of 4 workers for final reference update
[2020-07-12T01:31:52.953+0000][10164][gc           ] GC(82) Pause Final Update Refs 0.995ms
[2020-07-12T01:31:52.953+0000][10164][safepoint    ] Safepoint "ShenandoahFinalUpdateRefs", Time since last: 9280606 ns, Reaching safepoint: 1296556 ns, At safepoint: 1024245 ns, Total: 2320801 ns
[2020-07-12T01:31:52.953+0000][10164][gc,start     ] GC(82) Concurrent cleanup
[2020-07-12T01:31:52.953+0000][10164][gc           ] GC(82) Concurrent cleanup 149M->67M(4096M) 0.100ms
[2020-07-12T01:31:52.953+0000][10164][gc,ergo      ] Free: 3822M (1914 regions), Max regular: 2048K, Max humongous: 3410M, External frag: 11%, Internal frag: 0%
[2020-07-12T01:31:52.953+0000][10164][gc,ergo      ] Evacuation Reserve: 206M (103 regions), Max regular: 2048K
[2020-07-12T01:31:52.953+0000][10164][gc,ergo      ] Pacer for Idle. Initial: 83886K, Alloc Tax Rate: 1.0x
[2020-07-12T01:31:53.954+0000][10164][safepoint    ] Safepoint "Cleanup", Time since last: 1000569159 ns, Reaching safepoint: 327174 ns, At safepoint: 3723 ns, Total: 330897 ns
[2020-07-12T01:31:54.955+0000][10164][safepoint    ] Safepoint "Cleanup", Time since last: 1001321254 ns, Reaching safepoint: 267666 ns, At safepoint: 3875 ns, Total: 271541 ns
[2020-07-12T01:31:55.957+0000][10164][safepoint    ] Safepoint "Cleanup", Time since last: 1000298265 ns, Reaching safepoint: 818480 ns, At safepoint: 186427 ns, Total: 1004907 ns
[2020-07-12T01:31:56.961+0000][10164][safepoint    ] Safepoint "Cleanup", Time since last: 1003715129 ns, Reaching safepoint: 89174 ns, At safepoint: 1681 ns, Total: 90855 ns
[2020-07-12T01:31:57.323+0000][10164][gc           ] Trigger: Allocated since last cycle (409M) is larger than allocation threshold (409M)
[2020-07-12T01:31:57.323+0000][10164][gc,ergo      ] Free: 3456M (1732 regions), Max regular: 2048K, Max humongous: 3410M, External frag: 2%, Internal frag: 0%
[2020-07-12T01:31:57.323+0000][10164][gc,ergo      ] Evacuation Reserve: 206M (103 regions), Max regular: 2048K
[2020-07-12T01:31:57.323+0000][10164][gc,start     ] GC(83) Concurrent reset
[2020-07-12T01:31:57.323+0000][10164][gc,task      ] GC(83) Using 2 of 4 workers for concurrent reset
[2020-07-12T01:31:57.323+0000][10164][gc           ] GC(83) Concurrent reset 433M->433M(4096M) 0.355ms
[2020-07-12T01:31:57.323+0000][10164][gc,start     ] GC(83) Pause Init Mark (unload classes)
[2020-07-12T01:31:57.323+0000][10164][gc,task      ] GC(83) Using 4 of 4 workers for init marking
[2020-07-12T01:31:57.324+0000][10164][gc,ergo      ] GC(83) Pacer for Mark. Expected Live: 21818K, Free: 3456M, Non-Taxable: 345M, Alloc Tax Rate: 0.0x
[2020-07-12T01:31:57.324+0000][10164][gc           ] GC(83) Pause Init Mark (unload classes) 0.597ms
[2020-07-12T01:31:57.324+0000][10164][safepoint    ] Safepoint "ShenandoahInitMark", Time since last: 362519948 ns, Reaching safepoint: 93377 ns, At safepoint: 617107 ns, Total: 710484 ns
[2020-07-12T01:31:57.324+0000][10164][gc,start     ] GC(83) Concurrent marking (unload classes)
[2020-07-12T01:31:57.324+0000][10164][gc,task      ] GC(83) Using 2 of 4 workers for concurrent marking
[2020-07-12T01:31:57.338+0000][10164][gc           ] GC(83) Concurrent marking (unload classes) 433M->451M(4096M) 14.489ms
[2020-07-12T01:31:57.340+0000][10164][gc,start     ] GC(83) Pause Final Mark (unload classes)
[2020-07-12T01:31:57.340+0000][10164][gc,task      ] GC(83) Using 4 of 4 workers for final marking
[2020-07-12T01:31:57.340+0000][10164][gc,ergo      ] GC(83) CSet Selection. Actual Free: 3973M, Max CSet: 2980M
[2020-07-12T01:31:57.340+0000][10164][gc,ergo      ] GC(83) Collectable Garbage: 76869K (18% of total), 3002K CSet, 39 CSet regions
[2020-07-12T01:31:57.340+0000][10164][gc,ergo      ] GC(83) Immediate Garbage: 335M (81% of total), 168 regions
[2020-07-12T01:31:57.341+0000][10164][gc,ergo      ] GC(83) Pacer for Evacuation. Used CSet: 79871K, Free: 3774M, Non-Taxable: 377M, Alloc Tax Rate: 1.1x
[2020-07-12T01:31:57.341+0000][10164][gc           ] GC(83) Pause Final Mark (unload classes) 1.305ms
[2020-07-12T01:31:57.341+0000][10164][safepoint    ] Safepoint "ShenandoahFinalMarkStartEvac", Time since last: 14646722 ns, Reaching safepoint: 1389054 ns, At safepoint: 1330499 ns, Total: 2719553 ns
[2020-07-12T01:31:57.341+0000][10164][gc,start     ] GC(83) Concurrent roots processing
[2020-07-12T01:31:57.341+0000][10164][gc,task      ] GC(83) Using 2 of 4 workers for concurrent root processing
[2020-07-12T01:31:57.365+0000][10164][gc           ] GC(83) Concurrent roots processing 453M->472M(4096M) 23.450ms
[2020-07-12T01:31:57.365+0000][10164][gc,start     ] GC(83) Concurrent cleanup
[2020-07-12T01:31:57.365+0000][10164][gc           ] GC(83) Concurrent cleanup 472M->136M(4096M) 0.257ms
[2020-07-12T01:31:57.365+0000][10164][gc,ergo      ] GC(83) Free: 3754M (1880 regions), Max regular: 2048K, Max humongous: 3420M, External frag: 9%, Internal frag: 0%
[2020-07-12T01:31:57.365+0000][10164][gc,ergo      ] GC(83) Evacuation Reserve: 205M (103 regions), Max regular: 2048K
[2020-07-12T01:31:57.365+0000][10164][gc,start     ] GC(83) Concurrent evacuation
[2020-07-12T01:31:57.365+0000][10164][gc,task      ] GC(83) Using 2 of 4 workers for concurrent evacuation
[2020-07-12T01:31:57.367+0000][10164][gc           ] GC(83) Concurrent evacuation 136M->139M(4096M) 1.763ms
[2020-07-12T01:31:57.368+0000][10164][gc,start     ] GC(83) Pause Init Update Refs
[2020-07-12T01:31:57.368+0000][10164][gc,ergo      ] GC(83) Pacer for Update Refs. Used: 139M, Free: 3754M, Non-Taxable: 375M, Alloc Tax Rate: 1.1x
[2020-07-12T01:31:57.368+0000][10164][gc           ] GC(83) Pause Init Update Refs 0.050ms
[2020-07-12T01:31:57.368+0000][10164][safepoint    ] Safepoint "ShenandoahInitUpdateRefs", Time since last: 25693631 ns, Reaching safepoint: 978076 ns, At safepoint: 72419 ns, Total: 1050495 ns
[2020-07-12T01:31:57.368+0000][10164][gc,start     ] GC(83) Concurrent update references
[2020-07-12T01:31:57.368+0000][10164][gc,task      ] GC(83) Using 2 of 4 workers for concurrent reference update
[2020-07-12T01:31:57.378+0000][10164][gc           ] GC(83) Concurrent update references 141M->161M(4096M) 9.961ms
[2020-07-12T01:31:57.378+0000][10164][gc,start     ] GC(83) Pause Final Update Refs
[2020-07-12T01:31:57.378+0000][10164][gc,task      ] GC(83) Using 4 of 4 workers for final reference update
[2020-07-12T01:31:57.378+0000][10164][gc           ] GC(83) Pause Final Update Refs 0.248ms
[2020-07-12T01:31:57.378+0000][10164][safepoint    ] Safepoint "ShenandoahFinalUpdateRefs", Time since last: 10116476 ns, Reaching safepoint: 83946 ns, At safepoint: 274107 ns, Total: 358053 ns
[2020-07-12T01:31:57.378+0000][10164][gc,start     ] GC(83) Concurrent cleanup
[2020-07-12T01:31:57.379+0000][10164][gc           ] GC(83) Concurrent cleanup 161M->85M(4096M) 0.114ms
[2020-07-12T01:31:57.379+0000][10164][gc,ergo      ] Free: 3804M (1907 regions), Max regular: 2048K, Max humongous: 3452M, External frag: 10%, Internal frag: 0%
[2020-07-12T01:31:57.379+0000][10164][gc,ergo      ] Evacuation Reserve: 206M (103 regions), Max regular: 2048K
[2020-07-12T01:31:57.379+0000][10164][gc,ergo      ] Pacer for Idle. Initial: 83886K, Alloc Tax Rate: 1.0x
[2020-07-12T01:31:58.379+0000][10164][safepoint    ] Safepoint "Cleanup", Time since last: 1000064681 ns, Reaching safepoint: 91682 ns, At safepoint: 7054 ns, Total: 98736 ns
[2020-07-12T01:31:59.379+0000][10164][safepoint    ] Safepoint "Cleanup", Time since last: 1000084115 ns, Reaching safepoint: 105028 ns, At safepoint: 12406 ns, Total: 117434 ns
[2020-07-12T01:32:00.379+0000][10164][safepoint    ] Safepoint "Cleanup", Time since last: 1000186548 ns, Reaching safepoint: 96676 ns, At safepoint: 4954 ns, Total: 101630 ns
[2020-07-12T01:32:01.380+0000][10164][safepoint    ] Safepoint "Cleanup", Time since last: 1000253266 ns, Reaching safepoint: 454847 ns, At safepoint: 9130 ns, Total: 463977 ns
[2020-07-12T01:32:01.439+0000][10164][gc           ] Trigger: Allocated since last cycle (410M) is larger than allocation threshold (409M)
[2020-07-12T01:32:01.439+0000][10164][gc,ergo      ] Free: 3456M (1731 regions), Max regular: 2048K, Max humongous: 3450M, External frag: 1%, Internal frag: 0%
[2020-07-12T01:32:01.439+0000][10164][gc,ergo      ] Evacuation Reserve: 206M (103 regions), Max regular: 2048K
[2020-07-12T01:32:01.439+0000][10164][gc,start     ] GC(84) Concurrent reset
[2020-07-12T01:32:01.439+0000][10164][gc,task      ] GC(84) Using 2 of 4 workers for concurrent reset
[2020-07-12T01:32:01.440+0000][10164][gc           ] GC(84) Concurrent reset 433M->433M(4096M) 0.229ms
[2020-07-12T01:32:01.440+0000][10164][gc,start     ] GC(84) Pause Init Mark (unload classes)
[2020-07-12T01:32:01.440+0000][10164][gc,task      ] GC(84) Using 4 of 4 workers for init marking
[2020-07-12T01:32:01.441+0000][10164][gc,ergo      ] GC(84) Pacer for Mark. Expected Live: 21858K, Free: 3456M, Non-Taxable: 345M, Alloc Tax Rate: 0.0x
[2020-07-12T01:32:01.441+0000][10164][gc           ] GC(84) Pause Init Mark (unload classes) 0.640ms
[2020-07-12T01:32:01.441+0000][10164][safepoint    ] Safepoint "ShenandoahInitMark", Time since last: 59934648 ns, Reaching safepoint: 697556 ns, At safepoint: 663300 ns, Total: 1360856 ns
[2020-07-12T01:32:01.441+0000][10164][gc,start     ] GC(84) Concurrent marking (unload classes)
[2020-07-12T01:32:01.441+0000][10164][gc,task      ] GC(84) Using 2 of 4 workers for concurrent marking
[2020-07-12T01:32:01.452+0000][10164][gc           ] GC(84) Concurrent marking (unload classes) 433M->455M(4096M) 10.714ms
[2020-07-12T01:32:01.453+0000][10164][gc,start     ] GC(84) Pause Final Mark (unload classes)
[2020-07-12T01:32:01.453+0000][10164][gc,task      ] GC(84) Using 4 of 4 workers for final marking
[2020-07-12T01:32:01.453+0000][10164][gc,ergo      ] GC(84) CSet Selection. Actual Free: 3974M, Max CSet: 2980M
[2020-07-12T01:32:01.453+0000][10164][gc,ergo      ] GC(84) Collectable Garbage: 72738K (17% of total), 3037K CSet, 37 CSet regions
[2020-07-12T01:32:01.453+0000][10164][gc,ergo      ] GC(84) Immediate Garbage: 340M (82% of total), 170 regions
[2020-07-12T01:32:01.454+0000][10164][gc,ergo      ] GC(84) Pacer for Evacuation. Used CSet: 75776K, Free: 3774M, Non-Taxable: 377M, Alloc Tax Rate: 1.1x
[2020-07-12T01:32:01.454+0000][10164][gc           ] GC(84) Pause Final Mark (unload classes) 1.089ms
[2020-07-12T01:32:01.454+0000][10164][safepoint    ] Safepoint "ShenandoahFinalMarkStartEvac", Time since last: 10828324 ns, Reaching safepoint: 689247 ns, At safepoint: 1117614 ns, Total: 1806861 ns
[2020-07-12T01:32:01.454+0000][10164][gc,start     ] GC(84) Concurrent roots processing
[2020-07-12T01:32:01.454+0000][10164][gc,task      ] GC(84) Using 2 of 4 workers for concurrent root processing
[2020-07-12T01:32:01.475+0000][10164][gc           ] GC(84) Concurrent roots processing 459M->474M(4096M) 21.567ms
[2020-07-12T01:32:01.475+0000][10164][gc,start     ] GC(84) Concurrent cleanup
[2020-07-12T01:32:01.476+0000][10164][gc           ] GC(84) Concurrent cleanup 474M->134M(4096M) 0.168ms
[2020-07-12T01:32:01.476+0000][10164][gc,ergo      ] GC(84) Free: 3756M (1881 regions), Max regular: 2048K, Max humongous: 3410M, External frag: 10%, Internal frag: 0%
[2020-07-12T01:32:01.476+0000][10164][gc,ergo      ] GC(84) Evacuation Reserve: 205M (103 regions), Max regular: 2048K
[2020-07-12T01:32:01.476+0000][10164][gc,start     ] GC(84) Concurrent evacuation
[2020-07-12T01:32:01.476+0000][10164][gc,task      ] GC(84) Using 2 of 4 workers for concurrent evacuation
[2020-07-12T01:32:01.477+0000][10164][gc           ] GC(84) Concurrent evacuation 134M->137M(4096M) 1.883ms
[2020-07-12T01:32:01.479+0000][10164][gc,start     ] GC(84) Pause Init Update Refs
[2020-07-12T01:32:01.479+0000][10164][gc,ergo      ] GC(84) Pacer for Update Refs. Used: 137M, Free: 3756M, Non-Taxable: 375M, Alloc Tax Rate: 1.1x
[2020-07-12T01:32:01.479+0000][10164][gc           ] GC(84) Pause Init Update Refs 0.058ms
[2020-07-12T01:32:01.479+0000][10164][safepoint    ] Safepoint "ShenandoahInitUpdateRefs", Time since last: 23881680 ns, Reaching safepoint: 1040395 ns, At safepoint: 85383 ns, Total: 1125778 ns
[2020-07-12T01:32:01.479+0000][10164][gc,start     ] GC(84) Concurrent update references
[2020-07-12T01:32:01.479+0000][10164][gc,task      ] GC(84) Using 2 of 4 workers for concurrent reference update
[2020-07-12T01:32:01.490+0000][10164][gc           ] GC(84) Concurrent update references 141M->159M(4096M) 10.921ms
[2020-07-12T01:32:01.490+0000][10164][gc,start     ] GC(84) Pause Final Update Refs
[2020-07-12T01:32:01.490+0000][10164][gc,task      ] GC(84) Using 4 of 4 workers for final reference update
[2020-07-12T01:32:01.490+0000][10164][gc           ] GC(84) Pause Final Update Refs 0.177ms
[2020-07-12T01:32:01.490+0000][10164][safepoint    ] Safepoint "ShenandoahFinalUpdateRefs", Time since last: 11040137 ns, Reaching safepoint: 269451 ns, At safepoint: 212254 ns, Total: 481705 ns
[2020-07-12T01:32:01.490+0000][10164][gc,start     ] GC(84) Concurrent cleanup
[2020-07-12T01:32:01.490+0000][10164][gc           ] GC(84) Concurrent cleanup 159M->85M(4096M) 0.142ms
[2020-07-12T01:32:01.490+0000][10164][gc,ergo      ] Free: 3804M (1906 regions), Max regular: 2048K, Max humongous: 3410M, External frag: 11%, Internal frag: 0%
[2020-07-12T01:32:01.490+0000][10164][gc,ergo      ] Evacuation Reserve: 206M (103 regions), Max regular: 2048K
[2020-07-12T01:32:01.490+0000][10164][gc,ergo      ] Pacer for Idle. Initial: 83886K, Alloc Tax Rate: 1.0x
[2020-07-12T01:32:02.490+0000][10164][safepoint    ] Safepoint "Cleanup", Time since last: 1000085776 ns, Reaching safepoint: 85215 ns, At safepoint: 5132 ns, Total: 90347 ns
[2020-07-12T01:32:03.491+0000][10164][safepoint    ] Safepoint "Cleanup", Time since last: 1000053364 ns, Reaching safepoint: 121473 ns, At safepoint: 5366 ns, Total: 126839 ns
[2020-07-12T01:32:04.491+0000][10164][safepoint    ] Safepoint "Cleanup", Time since last: 1000131652 ns, Reaching safepoint: 491417 ns, At safepoint: 11427 ns, Total: 502844 ns
[2020-07-12T01:32:05.491+0000][10164][safepoint    ] Safepoint "Cleanup", Time since last: 1000113747 ns, Reaching safepoint: 84470 ns, At safepoint: 1514 ns, Total: 85984 ns
[2020-07-12T01:32:06.370+0000][10164][gc           ] Trigger: Allocated since last cycle (409M) is larger than allocation threshold (409M)
[2020-07-12T01:32:06.371+0000][10164][gc,ergo      ] Free: 3456M (1732 regions), Max regular: 2048K, Max humongous: 3410M, External frag: 2%, Internal frag: 0%
[2020-07-12T01:32:06.371+0000][10164][gc,ergo      ] Evacuation Reserve: 206M (103 regions), Max regular: 2048K
[2020-07-12T01:32:06.371+0000][10164][gc,start     ] GC(85) Concurrent reset
[2020-07-12T01:32:06.371+0000][10164][gc,task      ] GC(85) Using 2 of 4 workers for concurrent reset
[2020-07-12T01:32:06.371+0000][10164][gc           ] GC(85) Concurrent reset 433M->433M(4096M) 0.303ms
[2020-07-12T01:32:06.371+0000][10164][gc,start     ] GC(85) Pause Init Mark (process weakrefs) (unload classes)
[2020-07-12T01:32:06.371+0000][10164][gc,task      ] GC(85) Using 4 of 4 workers for init marking
[2020-07-12T01:32:06.373+0000][10164][gc,ergo      ] GC(85) Pacer for Mark. Expected Live: 21904K, Free: 3456M, Non-Taxable: 345M, Alloc Tax Rate: 0.0x
[2020-07-12T01:32:06.373+0000][10164][gc           ] GC(85) Pause Init Mark (process weakrefs) (unload classes) 1.464ms
[2020-07-12T01:32:06.373+0000][10164][safepoint    ] Safepoint "ShenandoahInitMark", Time since last: 879614632 ns, Reaching safepoint: 355256 ns, At safepoint: 1485984 ns, Total: 1841240 ns
[2020-07-12T01:32:06.373+0000][10164][gc,start     ] GC(85) Concurrent marking (process weakrefs) (unload classes)
[2020-07-12T01:32:06.373+0000][10164][gc,task      ] GC(85) Using 2 of 4 workers for concurrent marking
[2020-07-12T01:32:06.384+0000][10164][gc           ] GC(85) Concurrent marking (process weakrefs) (unload classes) 433M->455M(4096M) 11.265ms
[2020-07-12T01:32:06.384+0000][10164][gc,start     ] GC(85) Concurrent precleaning
[2020-07-12T01:32:06.384+0000][10164][gc,task      ] GC(85) Using 1 of 4 workers for concurrent preclean
[2020-07-12T01:32:06.385+0000][10164][gc           ] GC(85) Concurrent precleaning 455M->455M(4096M) 0.481ms
[2020-07-12T01:32:06.385+0000][10164][gc,start     ] GC(85) Pause Final Mark (process weakrefs) (unload classes)
[2020-07-12T01:32:06.385+0000][10164][gc,task      ] GC(85) Using 4 of 4 workers for final marking
[2020-07-12T01:32:06.385+0000][10164][gc,ergo      ] GC(85) CSet Selection. Actual Free: 3967M, Max CSet: 2975M
[2020-07-12T01:32:06.385+0000][10164][gc,ergo      ] GC(85) Collectable Garbage: 78953K (18% of total), 2966K CSet, 40 CSet regions
[2020-07-12T01:32:06.385+0000][10164][gc,ergo      ] GC(85) Immediate Garbage: 333M (81% of total), 167 regions
[2020-07-12T01:32:06.386+0000][10164][gc,ergo      ] GC(85) Pacer for Evacuation. Used CSet: 81920K, Free: 3768M, Non-Taxable: 376M, Alloc Tax Rate: 1.1x
[2020-07-12T01:32:06.386+0000][10164][gc           ] GC(85) Pause Final Mark (process weakrefs) (unload classes) 1.135ms
[2020-07-12T01:32:06.386+0000][10164][safepoint    ] Safepoint "ShenandoahFinalMarkStartEvac", Time since last: 11837065 ns, Reaching safepoint: 83925 ns, At safepoint: 1159662 ns, Total: 1243587 ns
[2020-07-12T01:32:06.386+0000][10164][gc,start     ] GC(85) Concurrent roots processing
[2020-07-12T01:32:06.386+0000][10164][gc,task      ] GC(85) Using 2 of 4 workers for concurrent root processing
[2020-07-12T01:32:06.420+0000][10164][gc           ] GC(85) Concurrent roots processing 455M->480M(4096M) 33.933ms
[2020-07-12T01:32:06.420+0000][10164][gc,start     ] GC(85) Concurrent cleanup
[2020-07-12T01:32:06.420+0000][10164][gc           ] GC(85) Concurrent cleanup 480M->146M(4096M) 0.241ms
[2020-07-12T01:32:06.420+0000][10164][gc,ergo      ] GC(85) Free: 3744M (1875 regions), Max regular: 2048K, Max humongous: 3404M, External frag: 10%, Internal frag: 0%
[2020-07-12T01:32:06.420+0000][10164][gc,ergo      ] GC(85) Evacuation Reserve: 205M (103 regions), Max regular: 2048K
[2020-07-12T01:32:06.420+0000][10164][gc,start     ] GC(85) Concurrent evacuation
[2020-07-12T01:32:06.420+0000][10164][gc,task      ] GC(85) Using 2 of 4 workers for concurrent evacuation
[2020-07-12T01:32:06.422+0000][10164][gc           ] GC(85) Concurrent evacuation 146M->149M(4096M) 1.806ms
[2020-07-12T01:32:06.424+0000][10164][gc,start     ] GC(85) Pause Init Update Refs
[2020-07-12T01:32:06.424+0000][10164][gc,ergo      ] GC(85) Pacer for Update Refs. Used: 149M, Free: 3744M, Non-Taxable: 374M, Alloc Tax Rate: 1.1x
[2020-07-12T01:32:06.424+0000][10164][gc           ] GC(85) Pause Init Update Refs 0.106ms
[2020-07-12T01:32:06.424+0000][10164][safepoint    ] Safepoint "ShenandoahInitUpdateRefs", Time since last: 36142533 ns, Reaching safepoint: 1469178 ns, At safepoint: 129312 ns, Total: 1598490 ns
[2020-07-12T01:32:06.424+0000][10164][gc,start     ] GC(85) Concurrent update references
[2020-07-12T01:32:06.424+0000][10164][gc,task      ] GC(85) Using 2 of 4 workers for concurrent reference update
[2020-07-12T01:32:06.437+0000][10164][gc           ] GC(85) Concurrent update references 151M->167M(4096M) 12.933ms
[2020-07-12T01:32:06.437+0000][10164][gc,start     ] GC(85) Pause Final Update Refs
[2020-07-12T01:32:06.437+0000][10164][gc,task      ] GC(85) Using 4 of 4 workers for final reference update
[2020-07-12T01:32:06.438+0000][10164][gc           ] GC(85) Pause Final Update Refs 0.208ms
[2020-07-12T01:32:06.438+0000][10164][safepoint    ] Safepoint "ShenandoahFinalUpdateRefs", Time since last: 13042292 ns, Reaching safepoint: 742464 ns, At safepoint: 234854 ns, Total: 977318 ns
[2020-07-12T01:32:06.438+0000][10164][gc,start     ] GC(85) Concurrent cleanup
[2020-07-12T01:32:06.438+0000][10164][gc           ] GC(85) Concurrent cleanup 167M->87M(4096M) 0.109ms
[2020-07-12T01:32:06.438+0000][10164][gc,ergo      ] Free: 3802M (1905 regions), Max regular: 2048K, Max humongous: 3404M, External frag: 11%, Internal frag: 0%
[2020-07-12T01:32:06.438+0000][10164][gc,ergo      ] Evacuation Reserve: 206M (103 regions), Max regular: 2048K
[2020-07-12T01:32:06.438+0000][10164][gc,ergo      ] Pacer for Idle. Initial: 83886K, Alloc Tax Rate: 1.0x
[2020-07-12T01:32:07.438+0000][10164][safepoint    ] Safepoint "Cleanup", Time since last: 1000111637 ns, Reaching safepoint: 128898 ns, At safepoint: 4641 ns, Total: 133539 ns
[2020-07-12T01:32:09.438+0000][10164][safepoint    ] Safepoint "Cleanup", Time since last: 2000190615 ns, Reaching safepoint: 116771 ns, At safepoint: 1726 ns, Total: 118497 ns
[2020-07-12T01:32:10.480+0000][10164][gc           ] Trigger: Allocated since last cycle (409M) is larger than allocation threshold (409M)
[2020-07-12T01:32:10.480+0000][10164][gc,ergo      ] Free: 3456M (1733 regions), Max regular: 2048K, Max humongous: 3404M, External frag: 2%, Internal frag: 0%
[2020-07-12T01:32:10.480+0000][10164][gc,ergo      ] Evacuation Reserve: 206M (103 regions), Max regular: 2048K
[2020-07-12T01:32:10.480+0000][10164][gc,start     ] GC(86) Concurrent reset
[2020-07-12T01:32:10.480+0000][10164][gc,task      ] GC(86) Using 2 of 4 workers for concurrent reset
[2020-07-12T01:32:10.480+0000][10164][gc           ] GC(86) Concurrent reset 433M->433M(4096M) 0.257ms
[2020-07-12T01:32:10.481+0000][10164][gc,start     ] GC(86) Pause Init Mark (unload classes)
[2020-07-12T01:32:10.481+0000][10164][gc,task      ] GC(86) Using 4 of 4 workers for init marking
[2020-07-12T01:32:10.481+0000][10164][gc,ergo      ] GC(86) Pacer for Mark. Expected Live: 21948K, Free: 3456M, Non-Taxable: 345M, Alloc Tax Rate: 0.0x
[2020-07-12T01:32:10.481+0000][10164][gc           ] GC(86) Pause Init Mark (unload classes) 0.542ms
[2020-07-12T01:32:10.481+0000][10164][safepoint    ] Safepoint "ShenandoahInitMark", Time since last: 1041843678 ns, Reaching safepoint: 614324 ns, At safepoint: 569278 ns, Total: 1183602 ns
[2020-07-12T01:32:10.481+0000][10164][gc,start     ] GC(86) Concurrent marking (unload classes)
[2020-07-12T01:32:10.481+0000][10164][gc,task      ] GC(86) Using 2 of 4 workers for concurrent marking
[2020-07-12T01:32:10.491+0000][10164][gc           ] GC(86) Concurrent marking (unload classes) 435M->439M(4096M) 9.925ms
[2020-07-12T01:32:10.491+0000][10164][gc,start     ] GC(86) Pause Final Mark (unload classes)
[2020-07-12T01:32:10.491+0000][10164][gc,task      ] GC(86) Using 4 of 4 workers for final marking
[2020-07-12T01:32:10.493+0000][10164][gc,ergo      ] GC(86) CSet Selection. Actual Free: 3985M, Max CSet: 2989M
[2020-07-12T01:32:10.493+0000][10164][gc,ergo      ] GC(86) Collectable Garbage: 74535K (17% of total), 1240K CSet, 37 CSet regions
[2020-07-12T01:32:10.493+0000][10164][gc,ergo      ] GC(86) Immediate Garbage: 337M (82% of total), 169 regions
[2020-07-12T01:32:10.494+0000][10164][gc,ergo      ] GC(86) Pacer for Evacuation. Used CSet: 75776K, Free: 3786M, Non-Taxable: 378M, Alloc Tax Rate: 1.1x
[2020-07-12T01:32:10.494+0000][10164][gc           ] GC(86) Pause Final Mark (unload classes) 2.537ms
[2020-07-12T01:32:10.494+0000][10164][safepoint    ] Safepoint "ShenandoahFinalMarkStartEvac", Time since last: 10038319 ns, Reaching safepoint: 109568 ns, At safepoint: 2563446 ns, Total: 2673014 ns
[2020-07-12T01:32:10.494+0000][10164][gc,start     ] GC(86) Concurrent roots processing
[2020-07-12T01:32:10.494+0000][10164][gc,task      ] GC(86) Using 2 of 4 workers for concurrent root processing
[2020-07-12T01:32:10.546+0000][10164][gc           ] GC(86) Concurrent roots processing 441M->467M(4096M) 51.886ms
[2020-07-12T01:32:10.546+0000][10164][gc,start     ] GC(86) Concurrent cleanup
[2020-07-12T01:32:10.546+0000][10164][gc           ] GC(86) Concurrent cleanup 467M->129M(4096M) 0.185ms
[2020-07-12T01:32:10.546+0000][10164][gc,ergo      ] GC(86) Free: 3760M (1883 regions), Max regular: 2048K, Max humongous: 3404M, External frag: 10%, Internal frag: 0%
[2020-07-12T01:32:10.546+0000][10164][gc,ergo      ] GC(86) Evacuation Reserve: 205M (103 regions), Max regular: 2048K
[2020-07-12T01:32:10.546+0000][10164][gc,start     ] GC(86) Concurrent evacuation
[2020-07-12T01:32:10.546+0000][10164][gc,task      ] GC(86) Using 2 of 4 workers for concurrent evacuation
[2020-07-12T01:32:10.548+0000][10164][gc           ] GC(86) Concurrent evacuation 129M->131M(4096M) 1.700ms
[2020-07-12T01:32:10.549+0000][10164][gc,start     ] GC(86) Pause Init Update Refs
[2020-07-12T01:32:10.549+0000][10164][gc,ergo      ] GC(86) Pacer for Update Refs. Used: 131M, Free: 3760M, Non-Taxable: 376M, Alloc Tax Rate: 1.1x
[2020-07-12T01:32:10.549+0000][10164][gc           ] GC(86) Pause Init Update Refs 0.060ms
[2020-07-12T01:32:10.549+0000][10164][safepoint    ] Safepoint "ShenandoahInitUpdateRefs", Time since last: 53939210 ns, Reaching safepoint: 1208432 ns, At safepoint: 85480 ns, Total: 1293912 ns
[2020-07-12T01:32:10.549+0000][10164][gc,start     ] GC(86) Concurrent update references
[2020-07-12T01:32:10.549+0000][10164][gc,task      ] GC(86) Using 2 of 4 workers for concurrent reference update
[2020-07-12T01:32:10.562+0000][10164][gc           ] GC(86) Concurrent update references 133M->155M(4096M) 12.637ms
[2020-07-12T01:32:10.562+0000][10164][gc,start     ] GC(86) Pause Final Update Refs
[2020-07-12T01:32:10.562+0000][10164][gc,task      ] GC(86) Using 4 of 4 workers for final reference update
[2020-07-12T01:32:10.562+0000][10164][gc           ] GC(86) Pause Final Update Refs 0.258ms
[2020-07-12T01:32:10.562+0000][10164][safepoint    ] Safepoint "ShenandoahFinalUpdateRefs", Time since last: 12739046 ns, Reaching safepoint: 149098 ns, At safepoint: 291031 ns, Total: 440129 ns
[2020-07-12T01:32:10.562+0000][10164][gc,start     ] GC(86) Concurrent cleanup
[2020-07-12T01:32:10.563+0000][10164][gc           ] GC(86) Concurrent cleanup 155M->81M(4096M) 0.123ms
[2020-07-12T01:32:10.563+0000][10164][gc,ergo      ] Free: 3808M (1909 regions), Max regular: 2048K, Max humongous: 3422M, External frag: 11%, Internal frag: 0%
[2020-07-12T01:32:10.563+0000][10164][gc,ergo      ] Evacuation Reserve: 206M (103 regions), Max regular: 2048K
[2020-07-12T01:32:10.563+0000][10164][gc,ergo      ] Pacer for Idle. Initial: 83886K, Alloc Tax Rate: 1.0x
[2020-07-12T01:32:11.563+0000][10164][safepoint    ] Safepoint "Cleanup", Time since last: 1000707059 ns, Reaching safepoint: 124179 ns, At safepoint: 1628 ns, Total: 125807 ns
[2020-07-12T01:32:12.564+0000][10164][safepoint    ] Safepoint "Cleanup", Time since last: 1000637624 ns, Reaching safepoint: 129435 ns, At safepoint: 5845 ns, Total: 135280 ns
[2020-07-12T01:32:13.565+0000][10164][safepoint    ] Safepoint "Cleanup", Time since last: 1001113818 ns, Reaching safepoint: 103363 ns, At safepoint: 5463 ns, Total: 108826 ns
[2020-07-12T01:32:15.402+0000][10164][gc           ] Trigger: Allocated since last cycle (409M) is larger than allocation threshold (409M)
[2020-07-12T01:32:15.402+0000][10164][gc,ergo      ] Free: 3456M (1732 regions), Max regular: 2048K, Max humongous: 3422M, External frag: 1%, Internal frag: 0%
[2020-07-12T01:32:15.402+0000][10164][gc,ergo      ] Evacuation Reserve: 206M (103 regions), Max regular: 2048K
[2020-07-12T01:32:15.402+0000][10164][gc,start     ] GC(87) Concurrent reset
[2020-07-12T01:32:15.402+0000][10164][gc,task      ] GC(87) Using 2 of 4 workers for concurrent reset
[2020-07-12T01:32:15.402+0000][10164][gc           ] GC(87) Concurrent reset 433M->433M(4096M) 0.765ms
[2020-07-12T01:32:15.403+0000][10164][gc,start     ] GC(87) Pause Init Mark (unload classes)
[2020-07-12T01:32:15.403+0000][10164][gc,task      ] GC(87) Using 4 of 4 workers for init marking
[2020-07-12T01:32:15.403+0000][10164][gc,ergo      ] GC(87) Pacer for Mark. Expected Live: 21989K, Free: 3456M, Non-Taxable: 345M, Alloc Tax Rate: 0.0x
[2020-07-12T01:32:15.403+0000][10164][gc           ] GC(87) Pause Init Mark (unload classes) 0.688ms
[2020-07-12T01:32:15.404+0000][10164][safepoint    ] Safepoint "ShenandoahInitMark", Time since last: 1837302827 ns, Reaching safepoint: 247714 ns, At safepoint: 715319 ns, Total: 963033 ns
[2020-07-12T01:32:15.404+0000][10164][gc,start     ] GC(87) Concurrent marking (unload classes)
[2020-07-12T01:32:15.404+0000][10164][gc,task      ] GC(87) Using 2 of 4 workers for concurrent marking
[2020-07-12T01:32:15.418+0000][10164][gc           ] GC(87) Concurrent marking (unload classes) 435M->453M(4096M) 14.009ms
[2020-07-12T01:32:15.418+0000][10164][gc,start     ] GC(87) Pause Final Mark (unload classes)
[2020-07-12T01:32:15.418+0000][10164][gc,task      ] GC(87) Using 4 of 4 workers for final marking
[2020-07-12T01:32:15.418+0000][10164][gc,ergo      ] GC(87) CSet Selection. Actual Free: 3969M, Max CSet: 2977M
[2020-07-12T01:32:15.418+0000][10164][gc,ergo      ] GC(87) Collectable Garbage: 78741K (18% of total), 3178K CSet, 40 CSet regions
[2020-07-12T01:32:15.418+0000][10164][gc,ergo      ] GC(87) Immediate Garbage: 333M (81% of total), 167 regions
[2020-07-12T01:32:15.419+0000][10164][gc,ergo      ] GC(87) Pacer for Evacuation. Used CSet: 81920K, Free: 3770M, Non-Taxable: 377M, Alloc Tax Rate: 1.1x
[2020-07-12T01:32:15.419+0000][10164][gc           ] GC(87) Pause Final Mark (unload classes) 1.101ms
[2020-07-12T01:32:15.419+0000][10164][safepoint    ] Safepoint "ShenandoahFinalMarkStartEvac", Time since last: 14134834 ns, Reaching safepoint: 79234 ns, At safepoint: 1127163 ns, Total: 1206397 ns
[2020-07-12T01:32:15.419+0000][10164][gc,start     ] GC(87) Concurrent roots processing
[2020-07-12T01:32:15.419+0000][10164][gc,task      ] GC(87) Using 2 of 4 workers for concurrent root processing
[2020-07-12T01:32:15.440+0000][10164][gc           ] GC(87) Concurrent roots processing 453M->476M(4096M) 21.445ms
[2020-07-12T01:32:15.440+0000][10164][gc,start     ] GC(87) Concurrent cleanup
[2020-07-12T01:32:15.441+0000][10164][gc           ] GC(87) Concurrent cleanup 476M->142M(4096M) 0.183ms
[2020-07-12T01:32:15.441+0000][10164][gc,ergo      ] GC(87) Free: 3748M (1876 regions), Max regular: 2048K, Max humongous: 3406M, External frag: 10%, Internal frag: 0%
[2020-07-12T01:32:15.441+0000][10164][gc,ergo      ] GC(87) Evacuation Reserve: 205M (103 regions), Max regular: 2048K
[2020-07-12T01:32:15.441+0000][10164][gc,start     ] GC(87) Concurrent evacuation
[2020-07-12T01:32:15.441+0000][10164][gc,task      ] GC(87) Using 2 of 4 workers for concurrent evacuation
[2020-07-12T01:32:15.442+0000][10164][gc           ] GC(87) Concurrent evacuation 142M->145M(4096M) 1.815ms
[2020-07-12T01:32:15.443+0000][10164][gc,start     ] GC(87) Pause Init Update Refs
[2020-07-12T01:32:15.443+0000][10164][gc,ergo      ] GC(87) Pacer for Update Refs. Used: 145M, Free: 3748M, Non-Taxable: 374M, Alloc Tax Rate: 1.1x
[2020-07-12T01:32:15.443+0000][10164][gc           ] GC(87) Pause Init Update Refs 0.048ms
[2020-07-12T01:32:15.443+0000][10164][safepoint    ] Safepoint "ShenandoahInitUpdateRefs", Time since last: 23600239 ns, Reaching safepoint: 908636 ns, At safepoint: 87253 ns, Total: 995889 ns
[2020-07-12T01:32:15.443+0000][10164][gc,start     ] GC(87) Concurrent update references
[2020-07-12T01:32:15.444+0000][10164][gc,task      ] GC(87) Using 2 of 4 workers for concurrent reference update
[2020-07-12T01:32:15.453+0000][10164][gc           ] GC(87) Concurrent update references 147M->169M(4096M) 9.939ms
[2020-07-12T01:32:15.455+0000][10164][gc,start     ] GC(87) Pause Final Update Refs
[2020-07-12T01:32:15.455+0000][10164][gc,task      ] GC(87) Using 4 of 4 workers for final reference update
[2020-07-12T01:32:15.455+0000][10164][gc           ] GC(87) Pause Final Update Refs 0.258ms
[2020-07-12T01:32:15.455+0000][10164][safepoint    ] Safepoint "ShenandoahFinalUpdateRefs", Time since last: 10034691 ns, Reaching safepoint: 1212780 ns, At safepoint: 287972 ns, Total: 1500752 ns
[2020-07-12T01:32:15.455+0000][10164][gc,start     ] GC(87) Concurrent cleanup
[2020-07-12T01:32:15.455+0000][10164][gc           ] GC(87) Concurrent cleanup 169M->91M(4096M) 0.118ms
[2020-07-12T01:32:15.455+0000][10164][gc,ergo      ] Free: 3798M (1903 regions), Max regular: 2048K, Max humongous: 3406M, External frag: 11%, Internal frag: 0%
[2020-07-12T01:32:15.455+0000][10164][gc,ergo      ] Evacuation Reserve: 206M (103 regions), Max regular: 2048K
[2020-07-12T01:32:15.455+0000][10164][gc,ergo      ] Pacer for Idle. Initial: 83886K, Alloc Tax Rate: 1.0x
[2020-07-12T01:32:16.455+0000][10164][safepoint    ] Safepoint "Cleanup", Time since last: 1000089123 ns, Reaching safepoint: 82262 ns, At safepoint: 1456 ns, Total: 83718 ns
[2020-07-12T01:32:19.509+0000][10164][gc           ] Trigger: Allocated since last cycle (410M) is larger than allocation threshold (409M)
[2020-07-12T01:32:19.509+0000][10164][gc,ergo      ] Free: 3456M (1730 regions), Max regular: 2048K, Max humongous: 3406M, External frag: 2%, Internal frag: 0%
[2020-07-12T01:32:19.509+0000][10164][gc,ergo      ] Evacuation Reserve: 206M (103 regions), Max regular: 2048K
[2020-07-12T01:32:19.509+0000][10164][gc,start     ] GC(88) Concurrent reset
[2020-07-12T01:32:19.509+0000][10164][gc,task      ] GC(88) Using 2 of 4 workers for concurrent reset
[2020-07-12T01:32:19.509+0000][10164][gc           ] GC(88) Concurrent reset 433M->433M(4096M) 0.291ms
[2020-07-12T01:32:19.509+0000][10164][gc,start     ] GC(88) Pause Init Mark (unload classes)
[2020-07-12T01:32:19.509+0000][10164][gc,task      ] GC(88) Using 4 of 4 workers for init marking
[2020-07-12T01:32:19.510+0000][10164][gc,ergo      ] GC(88) Pacer for Mark. Expected Live: 22030K, Free: 3456M, Non-Taxable: 345M, Alloc Tax Rate: 0.0x
[2020-07-12T01:32:19.510+0000][10164][gc           ] GC(88) Pause Init Mark (unload classes) 0.542ms
[2020-07-12T01:32:19.510+0000][10164][safepoint    ] Safepoint "ShenandoahInitMark", Time since last: 3053996721 ns, Reaching safepoint: 83266 ns, At safepoint: 563335 ns, Total: 646601 ns
[2020-07-12T01:32:19.510+0000][10164][gc,start     ] GC(88) Concurrent marking (unload classes)
[2020-07-12T01:32:19.510+0000][10164][gc,task      ] GC(88) Using 2 of 4 workers for concurrent marking
[2020-07-12T01:32:19.521+0000][10164][gc           ] GC(88) Concurrent marking (unload classes) 435M->455M(4096M) 10.769ms
[2020-07-12T01:32:19.522+0000][10164][gc,start     ] GC(88) Pause Final Mark (unload classes)
[2020-07-12T01:32:19.522+0000][10164][gc,task      ] GC(88) Using 4 of 4 workers for final marking
[2020-07-12T01:32:19.522+0000][10164][gc,ergo      ] GC(88) CSet Selection. Actual Free: 3982M, Max CSet: 2986M
[2020-07-12T01:32:19.522+0000][10164][gc,ergo      ] GC(88) Collectable Garbage: 64199K (15% of total), 1336K CSet, 32 CSet regions
[2020-07-12T01:32:19.522+0000][10164][gc,ergo      ] GC(88) Immediate Garbage: 348M (84% of total), 174 regions
[2020-07-12T01:32:19.523+0000][10164][gc,ergo      ] GC(88) Pacer for Evacuation. Used CSet: 65536K, Free: 3782M, Non-Taxable: 378M, Alloc Tax Rate: 1.1x
[2020-07-12T01:32:19.523+0000][10164][gc           ] GC(88) Pause Final Mark (unload classes) 1.090ms
[2020-07-12T01:32:19.523+0000][10164][safepoint    ] Safepoint "ShenandoahFinalMarkStartEvac", Time since last: 10846156 ns, Reaching safepoint: 1076100 ns, At safepoint: 1114586 ns, Total: 2190686 ns
[2020-07-12T01:32:19.523+0000][10164][gc,start     ] GC(88) Concurrent roots processing
[2020-07-12T01:32:19.523+0000][10164][gc,task      ] GC(88) Using 2 of 4 workers for concurrent root processing
[2020-07-12T01:32:19.545+0000][10164][gc           ] GC(88) Concurrent roots processing 455M->479M(4096M) 22.578ms
[2020-07-12T01:32:19.545+0000][10164][gc,start     ] GC(88) Concurrent cleanup
[2020-07-12T01:32:19.546+0000][10164][gc           ] GC(88) Concurrent cleanup 479M->131M(4096M) 0.185ms
[2020-07-12T01:32:19.546+0000][10164][gc,ergo      ] GC(88) Free: 3758M (1881 regions), Max regular: 2048K, Max humongous: 3402M, External frag: 10%, Internal frag: 0%
[2020-07-12T01:32:19.546+0000][10164][gc,ergo      ] GC(88) Evacuation Reserve: 205M (103 regions), Max regular: 2048K
[2020-07-12T01:32:19.546+0000][10164][gc,start     ] GC(88) Concurrent evacuation
[2020-07-12T01:32:19.546+0000][10164][gc,task      ] GC(88) Using 2 of 4 workers for concurrent evacuation
[2020-07-12T01:32:19.550+0000][10164][gc           ] GC(88) Concurrent evacuation 131M->135M(4096M) 3.832ms
[2020-07-12T01:32:19.551+0000][10164][gc,start     ] GC(88) Pause Init Update Refs
[2020-07-12T01:32:19.551+0000][10164][gc,ergo      ] GC(88) Pacer for Update Refs. Used: 135M, Free: 3756M, Non-Taxable: 375M, Alloc Tax Rate: 1.1x
[2020-07-12T01:32:19.551+0000][10164][gc           ] GC(88) Pause Init Update Refs 0.082ms
[2020-07-12T01:32:19.551+0000][10164][safepoint    ] Safepoint "ShenandoahInitUpdateRefs", Time since last: 26725677 ns, Reaching safepoint: 1463047 ns, At safepoint: 121545 ns, Total: 1584592 ns
[2020-07-12T01:32:19.551+0000][10164][gc,start     ] GC(88) Concurrent update references
[2020-07-12T01:32:19.551+0000][10164][gc,task      ] GC(88) Using 2 of 4 workers for concurrent reference update
[2020-07-12T01:32:19.563+0000][10164][gc           ] GC(88) Concurrent update references 135M->163M(4096M) 12.168ms
[2020-07-12T01:32:19.564+0000][10164][gc,start     ] GC(88) Pause Final Update Refs
[2020-07-12T01:32:19.564+0000][10164][gc,task      ] GC(88) Using 4 of 4 workers for final reference update
[2020-07-12T01:32:19.564+0000][10164][gc           ] GC(88) Pause Final Update Refs 0.204ms
[2020-07-12T01:32:19.564+0000][10164][safepoint    ] Safepoint "ShenandoahFinalUpdateRefs", Time since last: 12218880 ns, Reaching safepoint: 272268 ns, At safepoint: 234499 ns, Total: 506767 ns
[2020-07-12T01:32:19.564+0000][10164][gc,start     ] GC(88) Concurrent cleanup
[2020-07-12T01:32:19.564+0000][10164][gc           ] GC(88) Concurrent cleanup 163M->99M(4096M) 0.093ms
[2020-07-12T01:32:19.564+0000][10164][gc,ergo      ] Free: 3790M (1897 regions), Max regular: 2048K, Max humongous: 3402M, External frag: 11%, Internal frag: 0%
[2020-07-12T01:32:19.564+0000][10164][gc,ergo      ] Evacuation Reserve: 206M (103 regions), Max regular: 2048K
[2020-07-12T01:32:19.564+0000][10164][gc,ergo      ] Pacer for Idle. Initial: 83886K, Alloc Tax Rate: 1.0x
[2020-07-12T01:32:23.019+0000][10164][safepoint    ] Safepoint "Cleanup", Time since last: 3455466491 ns, Reaching safepoint: 96669 ns, At safepoint: 5361 ns, Total: 102030 ns
[2020-07-12T01:32:24.021+0000][10164][safepoint    ] Safepoint "Cleanup", Time since last: 1000795626 ns, Reaching safepoint: 355480 ns, At safepoint: 2931 ns, Total: 358411 ns
[2020-07-12T01:32:24.341+0000][10164][gc           ] Trigger: Allocated since last cycle (410M) is larger than allocation threshold (409M)
[2020-07-12T01:32:24.341+0000][10164][gc,ergo      ] Free: 3456M (1730 regions), Max regular: 2048K, Max humongous: 3402M, External frag: 2%, Internal frag: 0%
[2020-07-12T01:32:24.341+0000][10164][gc,ergo      ] Evacuation Reserve: 206M (103 regions), Max regular: 2048K
[2020-07-12T01:32:24.341+0000][10164][gc,start     ] GC(89) Concurrent reset
[2020-07-12T01:32:24.341+0000][10164][gc,task      ] GC(89) Using 2 of 4 workers for concurrent reset
[2020-07-12T01:32:24.341+0000][10164][gc           ] GC(89) Concurrent reset 433M->433M(4096M) 0.271ms
[2020-07-12T01:32:24.343+0000][10164][gc,start     ] GC(89) Pause Init Mark (unload classes)
[2020-07-12T01:32:24.343+0000][10164][gc,task      ] GC(89) Using 4 of 4 workers for init marking
[2020-07-12T01:32:24.344+0000][10164][gc,ergo      ] GC(89) Pacer for Mark. Expected Live: 22071K, Free: 3456M, Non-Taxable: 345M, Alloc Tax Rate: 0.0x
[2020-07-12T01:32:24.344+0000][10164][gc           ] GC(89) Pause Init Mark (unload classes) 0.538ms
[2020-07-12T01:32:24.344+0000][10164][safepoint    ] Safepoint "ShenandoahInitMark", Time since last: 320908907 ns, Reaching safepoint: 1737036 ns, At safepoint: 567958 ns, Total: 2304994 ns
[2020-07-12T01:32:24.344+0000][10164][gc,start     ] GC(89) Concurrent marking (unload classes)
[2020-07-12T01:32:24.344+0000][10164][gc,task      ] GC(89) Using 2 of 4 workers for concurrent marking
[2020-07-12T01:32:24.355+0000][10164][gc           ] GC(89) Concurrent marking (unload classes) 435M->449M(4096M) 11.060ms
[2020-07-12T01:32:24.355+0000][10164][gc,start     ] GC(89) Pause Final Mark (unload classes)
[2020-07-12T01:32:24.355+0000][10164][gc,task      ] GC(89) Using 4 of 4 workers for final marking
[2020-07-12T01:32:24.363+0000][10164][gc,ergo      ] GC(89) CSet Selection. Actual Free: 3980M, Max CSet: 2985M
[2020-07-12T01:32:24.363+0000][10164][gc,ergo      ] GC(89) Collectable Garbage: 72545K (17% of total), 3230K CSet, 37 CSet regions
[2020-07-12T01:32:24.363+0000][10164][gc,ergo      ] GC(89) Immediate Garbage: 340M (82% of total), 170 regions
[2020-07-12T01:32:24.363+0000][10164][gc,ergo      ] GC(89) Pacer for Evacuation. Used CSet: 75776K, Free: 3780M, Non-Taxable: 378M, Alloc Tax Rate: 1.1x
[2020-07-12T01:32:24.363+0000][10164][gc           ] GC(89) Pause Final Mark (unload classes) 8.296ms
[2020-07-12T01:32:24.363+0000][10164][safepoint    ] Safepoint "ShenandoahFinalMarkStartEvac", Time since last: 11170455 ns, Reaching safepoint: 112510 ns, At safepoint: 8323441 ns, Total: 8435951 ns
[2020-07-12T01:32:24.364+0000][10164][gc,start     ] GC(89) Concurrent roots processing
[2020-07-12T01:32:24.364+0000][10164][gc,task      ] GC(89) Using 2 of 4 workers for concurrent root processing
[2020-07-12T01:32:24.386+0000][10164][gc           ] GC(89) Concurrent roots processing 451M->472M(4096M) 22.560ms
[2020-07-12T01:32:24.386+0000][10164][gc,start     ] GC(89) Concurrent cleanup
[2020-07-12T01:32:24.386+0000][10164][gc           ] GC(89) Concurrent cleanup 472M->132M(4096M) 0.255ms
[2020-07-12T01:32:24.386+0000][10164][gc,ergo      ] GC(89) Free: 3758M (1882 regions), Max regular: 2048K, Max humongous: 3416M, External frag: 10%, Internal frag: 0%
[2020-07-12T01:32:24.386+0000][10164][gc,ergo      ] GC(89) Evacuation Reserve: 205M (103 regions), Max regular: 2048K
[2020-07-12T01:32:24.386+0000][10164][gc,start     ] GC(89) Concurrent evacuation
[2020-07-12T01:32:24.386+0000][10164][gc,task      ] GC(89) Using 2 of 4 workers for concurrent evacuation
[2020-07-12T01:32:24.388+0000][10164][gc           ] GC(89) Concurrent evacuation 132M->137M(4096M) 1.919ms
[2020-07-12T01:32:24.390+0000][10164][gc,start     ] GC(89) Pause Init Update Refs
[2020-07-12T01:32:24.390+0000][10164][gc,ergo      ] GC(89) Pacer for Update Refs. Used: 137M, Free: 3756M, Non-Taxable: 375M, Alloc Tax Rate: 1.1x
[2020-07-12T01:32:24.390+0000][10164][gc           ] GC(89) Pause Init Update Refs 0.056ms
[2020-07-12T01:32:24.390+0000][10164][safepoint    ] Safepoint "ShenandoahInitUpdateRefs", Time since last: 25137129 ns, Reaching safepoint: 1134155 ns, At safepoint: 80179 ns, Total: 1214334 ns
[2020-07-12T01:32:24.390+0000][10164][gc,start     ] GC(89) Concurrent update references
[2020-07-12T01:32:24.390+0000][10164][gc,task      ] GC(89) Using 2 of 4 workers for concurrent reference update
[2020-07-12T01:32:24.401+0000][10164][gc           ] GC(89) Concurrent update references 141M->157M(4096M) 10.850ms
[2020-07-12T01:32:24.401+0000][10164][gc,start     ] GC(89) Pause Final Update Refs
[2020-07-12T01:32:24.401+0000][10164][gc,task      ] GC(89) Using 4 of 4 workers for final reference update
[2020-07-12T01:32:24.401+0000][10164][gc           ] GC(89) Pause Final Update Refs 0.198ms
[2020-07-12T01:32:24.401+0000][10164][safepoint    ] Safepoint "ShenandoahFinalUpdateRefs", Time since last: 11042936 ns, Reaching safepoint: 100646 ns, At safepoint: 223197 ns, Total: 323843 ns
[2020-07-12T01:32:24.401+0000][10164][gc,start     ] GC(89) Concurrent cleanup
[2020-07-12T01:32:24.401+0000][10164][gc           ] GC(89) Concurrent cleanup 157M->83M(4096M) 0.133ms
[2020-07-12T01:32:24.401+0000][10164][gc,ergo      ] Free: 3806M (1907 regions), Max regular: 2048K, Max humongous: 3416M, External frag: 11%, Internal frag: 0%
[2020-07-12T01:32:24.401+0000][10164][gc,ergo      ] Evacuation Reserve: 206M (103 regions), Max regular: 2048K
[2020-07-12T01:32:24.401+0000][10164][gc,ergo      ] Pacer for Idle. Initial: 83886K, Alloc Tax Rate: 1.0x
[2020-07-12T01:32:29.051+0000][10164][gc           ] Trigger: Allocated since last cycle (409M) is larger than allocation threshold (409M)
[2020-07-12T01:32:29.051+0000][10164][gc,ergo      ] Free: 3456M (1732 regions), Max regular: 2048K, Max humongous: 3416M, External frag: 2%, Internal frag: 0%
[2020-07-12T01:32:29.051+0000][10164][gc,ergo      ] Evacuation Reserve: 206M (103 regions), Max regular: 2048K
[2020-07-12T01:32:29.051+0000][10164][gc,start     ] GC(90) Concurrent reset
[2020-07-12T01:32:29.051+0000][10164][gc,task      ] GC(90) Using 2 of 4 workers for concurrent reset
[2020-07-12T01:32:29.051+0000][10164][gc           ] GC(90) Concurrent reset 433M->433M(4096M) 0.324ms
[2020-07-12T01:32:29.051+0000][10164][gc,start     ] GC(90) Pause Init Mark (process weakrefs) (unload classes)
[2020-07-12T01:32:29.051+0000][10164][gc,task      ] GC(90) Using 4 of 4 workers for init marking
[2020-07-12T01:32:29.052+0000][10164][gc,ergo      ] GC(90) Pacer for Mark. Expected Live: 22113K, Free: 3456M, Non-Taxable: 345M, Alloc Tax Rate: 0.0x
[2020-07-12T01:32:29.052+0000][10164][gc           ] GC(90) Pause Init Mark (process weakrefs) (unload classes) 0.546ms
[2020-07-12T01:32:29.052+0000][10164][safepoint    ] Safepoint "ShenandoahInitMark", Time since last: 4650094391 ns, Reaching safepoint: 89986 ns, At safepoint: 569676 ns, Total: 659662 ns
[2020-07-12T01:32:29.052+0000][10164][gc,start     ] GC(90) Concurrent marking (process weakrefs) (unload classes)
[2020-07-12T01:32:29.052+0000][10164][gc,task      ] GC(90) Using 2 of 4 workers for concurrent marking
[2020-07-12T01:32:29.065+0000][10164][gc           ] GC(90) Concurrent marking (process weakrefs) (unload classes) 433M->457M(4096M) 12.754ms
[2020-07-12T01:32:29.065+0000][10164][gc,start     ] GC(90) Concurrent precleaning
[2020-07-12T01:32:29.065+0000][10164][gc,task      ] GC(90) Using 1 of 4 workers for concurrent preclean
[2020-07-12T01:32:29.065+0000][10164][gc           ] GC(90) Concurrent precleaning 457M->457M(4096M) 0.607ms
[2020-07-12T01:32:29.065+0000][10164][gc,start     ] GC(90) Pause Final Mark (process weakrefs) (unload classes)
[2020-07-12T01:32:29.065+0000][10164][gc,task      ] GC(90) Using 4 of 4 workers for final marking
[2020-07-12T01:32:29.066+0000][10164][gc,ergo      ] GC(90) CSet Selection. Actual Free: 3971M, Max CSet: 2978M
[2020-07-12T01:32:29.066+0000][10164][gc,ergo      ] GC(90) Collectable Garbage: 72614K (17% of total), 3161K CSet, 37 CSet regions
[2020-07-12T01:32:29.066+0000][10164][gc,ergo      ] GC(90) Immediate Garbage: 339M (82% of total), 170 regions
[2020-07-12T01:32:29.067+0000][10164][gc,ergo      ] GC(90) Pacer for Evacuation. Used CSet: 75776K, Free: 3772M, Non-Taxable: 377M, Alloc Tax Rate: 1.1x
[2020-07-12T01:32:29.067+0000][10164][gc           ] GC(90) Pause Final Mark (process weakrefs) (unload classes) 1.260ms
[2020-07-12T01:32:29.067+0000][10164][safepoint    ] Safepoint "ShenandoahFinalMarkStartEvac", Time since last: 13476358 ns, Reaching safepoint: 85690 ns, At safepoint: 1284130 ns, Total: 1369820 ns
[2020-07-12T01:32:29.067+0000][10164][gc,start     ] GC(90) Concurrent roots processing
[2020-07-12T01:32:29.067+0000][10164][gc,task      ] GC(90) Using 2 of 4 workers for concurrent root processing
[2020-07-12T01:32:29.101+0000][10164][gc           ] GC(90) Concurrent roots processing 459M->480M(4096M) 34.664ms
[2020-07-12T01:32:29.101+0000][10164][gc,start     ] GC(90) Concurrent cleanup
[2020-07-12T01:32:29.102+0000][10164][gc           ] GC(90) Concurrent cleanup 480M->140M(4096M) 0.275ms
[2020-07-12T01:32:29.102+0000][10164][gc,ergo      ] GC(90) Free: 3750M (1878 regions), Max regular: 2048K, Max humongous: 3404M, External frag: 10%, Internal frag: 0%
[2020-07-12T01:32:29.102+0000][10164][gc,ergo      ] GC(90) Evacuation Reserve: 205M (103 regions), Max regular: 2048K
[2020-07-12T01:32:29.102+0000][10164][gc,start     ] GC(90) Concurrent evacuation
[2020-07-12T01:32:29.102+0000][10164][gc,task      ] GC(90) Using 2 of 4 workers for concurrent evacuation
[2020-07-12T01:32:29.105+0000][10164][gc           ] GC(90) Concurrent evacuation 140M->145M(4096M) 3.303ms
[2020-07-12T01:32:29.107+0000][10164][gc,start     ] GC(90) Pause Init Update Refs
[2020-07-12T01:32:29.107+0000][10164][gc,ergo      ] GC(90) Pacer for Update Refs. Used: 145M, Free: 3750M, Non-Taxable: 375M, Alloc Tax Rate: 1.1x
[2020-07-12T01:32:29.107+0000][10164][gc           ] GC(90) Pause Init Update Refs 0.068ms
[2020-07-12T01:32:29.107+0000][10164][safepoint    ] Safepoint "ShenandoahInitUpdateRefs", Time since last: 38453287 ns, Reaching safepoint: 1618657 ns, At safepoint: 94426 ns, Total: 1713083 ns
[2020-07-12T01:32:29.107+0000][10164][gc,start     ] GC(90) Concurrent update references
[2020-07-12T01:32:29.107+0000][10164][gc,task      ] GC(90) Using 2 of 4 workers for concurrent reference update
[2020-07-12T01:32:29.120+0000][10164][gc           ] GC(90) Concurrent update references 147M->171M(4096M) 12.958ms
[2020-07-12T01:32:29.120+0000][10164][gc,start     ] GC(90) Pause Final Update Refs
[2020-07-12T01:32:29.120+0000][10164][gc,task      ] GC(90) Using 4 of 4 workers for final reference update
[2020-07-12T01:32:29.120+0000][10164][gc           ] GC(90) Pause Final Update Refs 0.206ms
[2020-07-12T01:32:29.120+0000][10164][safepoint    ] Safepoint "ShenandoahFinalUpdateRefs", Time since last: 13187287 ns, Reaching safepoint: 102205 ns, At safepoint: 232315 ns, Total: 334520 ns
[2020-07-12T01:32:29.120+0000][10164][gc,start     ] GC(90) Concurrent cleanup
[2020-07-12T01:32:29.121+0000][10164][gc           ] GC(90) Concurrent cleanup 171M->97M(4096M) 0.110ms
[2020-07-12T01:32:29.121+0000][10164][gc,ergo      ] Free: 3792M (1900 regions), Max regular: 2048K, Max humongous: 3402M, External frag: 11%, Internal frag: 0%
[2020-07-12T01:32:29.121+0000][10164][gc,ergo      ] Evacuation Reserve: 206M (103 regions), Max regular: 2048K
[2020-07-12T01:32:29.121+0000][10164][gc,ergo      ] Pacer for Idle. Initial: 83886K, Alloc Tax Rate: 1.0x
[2020-07-12T01:32:30.091+0000][10164][safepoint    ] Safepoint "PrintThreads", Time since last: 969462387 ns, Reaching safepoint: 121288 ns, At safepoint: 831486 ns, Total: 952774 ns
[2020-07-12T01:32:30.091+0000][10164][safepoint    ] Safepoint "PrintJNI", Time since last: 56128 ns, Reaching safepoint: 91729 ns, At safepoint: 7432 ns, Total: 99161 ns
[2020-07-12T01:32:30.091+0000][10164][safepoint    ] Safepoint "FindDeadlocks", Time since last: 23144 ns, Reaching safepoint: 135041 ns, At safepoint: 9568 ns, Total: 144609 ns
[2020-07-12T01:32:32.092+0000][10164][safepoint    ] Safepoint "Cleanup", Time since last: 2000239055 ns, Reaching safepoint: 174424 ns, At safepoint: 3545 ns, Total: 177969 ns
[2020-07-12T01:32:33.366+0000][10164][gc           ] Trigger: Allocated since last cycle (409M) is larger than allocation threshold (409M)
[2020-07-12T01:32:33.366+0000][10164][gc,ergo      ] Free: 3454M (1731 regions), Max regular: 2048K, Max humongous: 3402M, External frag: 2%, Internal frag: 0%
[2020-07-12T01:32:33.366+0000][10164][gc,ergo      ] Evacuation Reserve: 206M (103 regions), Max regular: 2048K
[2020-07-12T01:32:33.366+0000][10164][gc,start     ] GC(91) Concurrent reset
[2020-07-12T01:32:33.366+0000][10164][gc,task      ] GC(91) Using 2 of 4 workers for concurrent reset
[2020-07-12T01:32:33.366+0000][10164][gc           ] GC(91) Concurrent reset 435M->435M(4096M) 0.262ms
[2020-07-12T01:32:33.367+0000][10164][gc,start     ] GC(91) Pause Init Mark (unload classes)
[2020-07-12T01:32:33.367+0000][10164][gc,task      ] GC(91) Using 4 of 4 workers for init marking
[2020-07-12T01:32:33.367+0000][10164][gc,ergo      ] GC(91) Pacer for Mark. Expected Live: 22150K, Free: 3454M, Non-Taxable: 345M, Alloc Tax Rate: 0.0x
[2020-07-12T01:32:33.367+0000][10164][gc           ] GC(91) Pause Init Mark (unload classes) 0.560ms
[2020-07-12T01:32:33.367+0000][10164][safepoint    ] Safepoint "ShenandoahInitMark", Time since last: 1274869861 ns, Reaching safepoint: 84540 ns, At safepoint: 584145 ns, Total: 668685 ns
[2020-07-12T01:32:33.367+0000][10164][gc,start     ] GC(91) Concurrent marking (unload classes)
[2020-07-12T01:32:33.367+0000][10164][gc,task      ] GC(91) Using 2 of 4 workers for concurrent marking
[2020-07-12T01:32:33.380+0000][10164][gc           ] GC(91) Concurrent marking (unload classes) 435M->453M(4096M) 12.957ms
[2020-07-12T01:32:33.380+0000][10164][gc,start     ] GC(91) Pause Final Mark (unload classes)
[2020-07-12T01:32:33.380+0000][10164][gc,task      ] GC(91) Using 4 of 4 workers for final marking
[2020-07-12T01:32:33.381+0000][10164][gc,ergo      ] GC(91) CSet Selection. Actual Free: 3975M, Max CSet: 2981M
[2020-07-12T01:32:33.381+0000][10164][gc,ergo      ] GC(91) Collectable Garbage: 74533K (17% of total), 3290K CSet, 38 CSet regions
[2020-07-12T01:32:33.381+0000][10164][gc,ergo      ] GC(91) Immediate Garbage: 339M (82% of total), 170 regions
[2020-07-12T01:32:33.381+0000][10164][gc,ergo      ] GC(91) Pacer for Evacuation. Used CSet: 77824K, Free: 3776M, Non-Taxable: 377M, Alloc Tax Rate: 1.1x
[2020-07-12T01:32:33.381+0000][10164][gc           ] GC(91) Pause Final Mark (unload classes) 0.973ms
[2020-07-12T01:32:33.381+0000][10164][safepoint    ] Safepoint "ShenandoahFinalMarkStartEvac", Time since last: 13034085 ns, Reaching safepoint: 86847 ns, At safepoint: 997932 ns, Total: 1084779 ns
[2020-07-12T01:32:33.381+0000][10164][gc,start     ] GC(91) Concurrent roots processing
[2020-07-12T01:32:33.381+0000][10164][gc,task      ] GC(91) Using 2 of 4 workers for concurrent root processing
[2020-07-12T01:32:33.422+0000][10164][gc           ] GC(91) Concurrent roots processing 455M->476M(4096M) 41.138ms
[2020-07-12T01:32:33.422+0000][10164][gc,start     ] GC(91) Concurrent cleanup
[2020-07-12T01:32:33.423+0000][10164][gc           ] GC(91) Concurrent cleanup 476M->136M(4096M) 0.273ms
[2020-07-12T01:32:33.423+0000][10164][gc,ergo      ] GC(91) Free: 3754M (1880 regions), Max regular: 2048K, Max humongous: 3410M, External frag: 10%, Internal frag: 0%
[2020-07-12T01:32:33.423+0000][10164][gc,ergo      ] GC(91) Evacuation Reserve: 205M (103 regions), Max regular: 2048K
[2020-07-12T01:32:33.423+0000][10164][gc,start     ] GC(91) Concurrent evacuation
[2020-07-12T01:32:33.423+0000][10164][gc,task      ] GC(91) Using 2 of 4 workers for concurrent evacuation
[2020-07-12T01:32:33.426+0000][10164][gc           ] GC(91) Concurrent evacuation 136M->141M(4096M) 2.925ms
[2020-07-12T01:32:33.427+0000][10164][gc,start     ] GC(91) Pause Init Update Refs
[2020-07-12T01:32:33.427+0000][10164][gc,ergo      ] GC(91) Pacer for Update Refs. Used: 141M, Free: 3754M, Non-Taxable: 375M, Alloc Tax Rate: 1.1x
[2020-07-12T01:32:33.427+0000][10164][gc           ] GC(91) Pause Init Update Refs 0.053ms
[2020-07-12T01:32:33.427+0000][10164][safepoint    ] Safepoint "ShenandoahInitUpdateRefs", Time since last: 44569814 ns, Reaching safepoint: 1384689 ns, At safepoint: 79669 ns, Total: 1464358 ns
[2020-07-12T01:32:33.427+0000][10164][gc,start     ] GC(91) Concurrent update references
[2020-07-12T01:32:33.427+0000][10164][gc,task      ] GC(91) Using 2 of 4 workers for concurrent reference update
[2020-07-12T01:32:33.439+0000][10164][gc           ] GC(91) Concurrent update references 145M->165M(4096M) 12.089ms
[2020-07-12T01:32:33.440+0000][10164][gc,start     ] GC(91) Pause Final Update Refs
[2020-07-12T01:32:33.440+0000][10164][gc,task      ] GC(91) Using 4 of 4 workers for final reference update
[2020-07-12T01:32:33.440+0000][10164][gc           ] GC(91) Pause Final Update Refs 0.153ms
[2020-07-12T01:32:33.440+0000][10164][safepoint    ] Safepoint "ShenandoahFinalUpdateRefs", Time since last: 12233372 ns, Reaching safepoint: 100112 ns, At safepoint: 177615 ns, Total: 277727 ns
[2020-07-12T01:32:33.440+0000][10164][gc,start     ] GC(91) Concurrent cleanup
[2020-07-12T01:32:33.440+0000][10164][gc           ] GC(91) Concurrent cleanup 165M->89M(4096M) 0.105ms
[2020-07-12T01:32:33.440+0000][10164][gc,ergo      ] Free: 3800M (1904 regions), Max regular: 2048K, Max humongous: 3448M, External frag: 10%, Internal frag: 0%
[2020-07-12T01:32:33.440+0000][10164][gc,ergo      ] Evacuation Reserve: 206M (103 regions), Max regular: 2048K
[2020-07-12T01:32:33.440+0000][10164][gc,ergo      ] Pacer for Idle. Initial: 83886K, Alloc Tax Rate: 1.0x
[2020-07-12T01:32:34.441+0000][10164][safepoint    ] Safepoint "Cleanup", Time since last: 1000392540 ns, Reaching safepoint: 511051 ns, At safepoint: 5165 ns, Total: 516216 ns
[2020-07-12T01:32:37.508+0000][10164][gc           ] Trigger: Allocated since last cycle (409M) is larger than allocation threshold (409M)
[2020-07-12T01:32:37.508+0000][10164][gc,ergo      ] Free: 3454M (1730 regions), Max regular: 2048K, Max humongous: 3448M, External frag: 1%, Internal frag: 0%
[2020-07-12T01:32:37.508+0000][10164][gc,ergo      ] Evacuation Reserve: 206M (103 regions), Max regular: 2048K
[2020-07-12T01:32:37.508+0000][10164][gc,start     ] GC(92) Concurrent reset
[2020-07-12T01:32:37.508+0000][10164][gc,task      ] GC(92) Using 2 of 4 workers for concurrent reset
[2020-07-12T01:32:37.508+0000][10164][gc           ] GC(92) Concurrent reset 435M->435M(4096M) 0.261ms
[2020-07-12T01:32:37.509+0000][10164][gc,start     ] GC(92) Pause Init Mark (unload classes)
[2020-07-12T01:32:37.509+0000][10164][gc,task      ] GC(92) Using 4 of 4 workers for init marking
[2020-07-12T01:32:37.510+0000][10164][gc,ergo      ] GC(92) Pacer for Mark. Expected Live: 22191K, Free: 3454M, Non-Taxable: 345M, Alloc Tax Rate: 0.0x
[2020-07-12T01:32:37.510+0000][10164][gc           ] GC(92) Pause Init Mark (unload classes) 0.902ms
[2020-07-12T01:32:37.510+0000][10164][safepoint    ] Safepoint "ShenandoahInitMark", Time since last: 3067673249 ns, Reaching safepoint: 566526 ns, At safepoint: 927976 ns, Total: 1494502 ns
[2020-07-12T01:32:37.510+0000][10164][gc,start     ] GC(92) Concurrent marking (unload classes)
[2020-07-12T01:32:37.510+0000][10164][gc,task      ] GC(92) Using 2 of 4 workers for concurrent marking
[2020-07-12T01:32:37.523+0000][10164][gc           ] GC(92) Concurrent marking (unload classes) 435M->453M(4096M) 13.551ms
[2020-07-12T01:32:37.525+0000][10164][gc,start     ] GC(92) Pause Final Mark (unload classes)
[2020-07-12T01:32:37.525+0000][10164][gc,task      ] GC(92) Using 4 of 4 workers for final marking
[2020-07-12T01:32:37.525+0000][10164][gc,ergo      ] GC(92) CSet Selection. Actual Free: 3978M, Max CSet: 2983M
[2020-07-12T01:32:37.525+0000][10164][gc,ergo      ] GC(92) Collectable Garbage: 72398K (17% of total), 3377K CSet, 37 CSet regions
[2020-07-12T01:32:37.525+0000][10164][gc,ergo      ] GC(92) Immediate Garbage: 342M (82% of total), 171 regions
[2020-07-12T01:32:37.526+0000][10164][gc,ergo      ] GC(92) Pacer for Evacuation. Used CSet: 75776K, Free: 3778M, Non-Taxable: 377M, Alloc Tax Rate: 1.1x
[2020-07-12T01:32:37.526+0000][10164][gc           ] GC(92) Pause Final Mark (unload classes) 0.881ms
[2020-07-12T01:32:37.526+0000][10164][safepoint    ] Safepoint "ShenandoahFinalMarkStartEvac", Time since last: 13618950 ns, Reaching safepoint: 1166047 ns, At safepoint: 907503 ns, Total: 2073550 ns
[2020-07-12T01:32:37.526+0000][10164][gc,start     ] GC(92) Concurrent roots processing
[2020-07-12T01:32:37.526+0000][10164][gc,task      ] GC(92) Using 2 of 4 workers for concurrent root processing
[2020-07-12T01:32:37.549+0000][10164][gc           ] GC(92) Concurrent roots processing 455M->478M(4096M) 23.044ms
[2020-07-12T01:32:37.549+0000][10164][gc,start     ] GC(92) Concurrent cleanup
[2020-07-12T01:32:37.549+0000][10164][gc           ] GC(92) Concurrent cleanup 478M->136M(4096M) 0.167ms
[2020-07-12T01:32:37.549+0000][10164][gc,ergo      ] GC(92) Free: 3754M (1880 regions), Max regular: 2048K, Max humongous: 3406M, External frag: 10%, Internal frag: 0%
[2020-07-12T01:32:37.549+0000][10164][gc,ergo      ] GC(92) Evacuation Reserve: 205M (103 regions), Max regular: 2048K
[2020-07-12T01:32:37.549+0000][10164][gc,start     ] GC(92) Concurrent evacuation
[2020-07-12T01:32:37.549+0000][10164][gc,task      ] GC(92) Using 2 of 4 workers for concurrent evacuation
[2020-07-12T01:32:37.551+0000][10164][gc           ] GC(92) Concurrent evacuation 136M->139M(4096M) 2.176ms
[2020-07-12T01:32:37.552+0000][10164][gc,start     ] GC(92) Pause Init Update Refs
[2020-07-12T01:32:37.552+0000][10164][gc,ergo      ] GC(92) Pacer for Update Refs. Used: 139M, Free: 3754M, Non-Taxable: 375M, Alloc Tax Rate: 1.1x
[2020-07-12T01:32:37.552+0000][10164][gc           ] GC(92) Pause Init Update Refs 0.055ms
[2020-07-12T01:32:37.552+0000][10164][safepoint    ] Safepoint "ShenandoahInitUpdateRefs", Time since last: 25595840 ns, Reaching safepoint: 1080710 ns, At safepoint: 99723 ns, Total: 1180433 ns
[2020-07-12T01:32:37.552+0000][10164][gc,start     ] GC(92) Concurrent update references
[2020-07-12T01:32:37.552+0000][10164][gc,task      ] GC(92) Using 2 of 4 workers for concurrent reference update
[2020-07-12T01:32:37.565+0000][10164][gc           ] GC(92) Concurrent update references 141M->165M(4096M) 12.929ms
[2020-07-12T01:32:37.565+0000][10164][gc,start     ] GC(92) Pause Final Update Refs
[2020-07-12T01:32:37.565+0000][10164][gc,task      ] GC(92) Using 4 of 4 workers for final reference update
[2020-07-12T01:32:37.566+0000][10164][gc           ] GC(92) Pause Final Update Refs 0.171ms
[2020-07-12T01:32:37.566+0000][10164][safepoint    ] Safepoint "ShenandoahFinalUpdateRefs", Time since last: 13063827 ns, Reaching safepoint: 88908 ns, At safepoint: 196255 ns, Total: 285163 ns
[2020-07-12T01:32:37.566+0000][10164][gc,start     ] GC(92) Concurrent cleanup
[2020-07-12T01:32:37.566+0000][10164][gc           ] GC(92) Concurrent cleanup 165M->91M(4096M) 0.097ms
[2020-07-12T01:32:37.566+0000][10164][gc,ergo      ] Free: 3798M (1902 regions), Max regular: 2048K, Max humongous: 3408M, External frag: 11%, Internal frag: 0%
[2020-07-12T01:32:37.566+0000][10164][gc,ergo      ] Evacuation Reserve: 206M (103 regions), Max regular: 2048K
[2020-07-12T01:32:37.566+0000][10164][gc,ergo      ] Pacer for Idle. Initial: 83886K, Alloc Tax Rate: 1.0x
[2020-07-12T01:32:38.568+0000][10164][safepoint    ] Safepoint "Cleanup", Time since last: 1001662160 ns, Reaching safepoint: 419587 ns, At safepoint: 11044 ns, Total: 430631 ns
[2020-07-12T01:32:42.371+0000][10164][gc           ] Trigger: Allocated since last cycle (409M) is larger than allocation threshold (409M)
[2020-07-12T01:32:42.371+0000][10164][gc,ergo      ] Free: 3456M (1732 regions), Max regular: 2048K, Max humongous: 3408M, External frag: 2%, Internal frag: 0%
[2020-07-12T01:32:42.371+0000][10164][gc,ergo      ] Evacuation Reserve: 206M (103 regions), Max regular: 2048K
[2020-07-12T01:32:42.371+0000][10164][gc,start     ] GC(93) Concurrent reset
[2020-07-12T01:32:42.371+0000][10164][gc,task      ] GC(93) Using 2 of 4 workers for concurrent reset
[2020-07-12T01:32:42.371+0000][10164][gc           ] GC(93) Concurrent reset 433M->433M(4096M) 0.379ms
[2020-07-12T01:32:42.371+0000][10164][gc,start     ] GC(93) Pause Init Mark (unload classes)
[2020-07-12T01:32:42.371+0000][10164][gc,task      ] GC(93) Using 4 of 4 workers for init marking
[2020-07-12T01:32:42.372+0000][10164][gc,ergo      ] GC(93) Pacer for Mark. Expected Live: 22232K, Free: 3456M, Non-Taxable: 345M, Alloc Tax Rate: 0.0x
[2020-07-12T01:32:42.372+0000][10164][gc           ] GC(93) Pause Init Mark (unload classes) 0.631ms
[2020-07-12T01:32:42.372+0000][10164][safepoint    ] Safepoint "ShenandoahInitMark", Time since last: 3803479365 ns, Reaching safepoint: 140836 ns, At safepoint: 657981 ns, Total: 798817 ns
[2020-07-12T01:32:42.372+0000][10164][gc,start     ] GC(93) Concurrent marking (unload classes)
[2020-07-12T01:32:42.372+0000][10164][gc,task      ] GC(93) Using 2 of 4 workers for concurrent marking
[2020-07-12T01:32:42.385+0000][10164][gc           ] GC(93) Concurrent marking (unload classes) 433M->453M(4096M) 13.122ms
[2020-07-12T01:32:42.388+0000][10164][gc,start     ] GC(93) Pause Final Mark (unload classes)
[2020-07-12T01:32:42.388+0000][10164][gc,task      ] GC(93) Using 4 of 4 workers for final marking
[2020-07-12T01:32:42.389+0000][10164][gc,ergo      ] GC(93) CSet Selection. Actual Free: 3979M, Max CSet: 2984M
[2020-07-12T01:32:42.389+0000][10164][gc,ergo      ] GC(93) Collectable Garbage: 68263K (16% of total), 3416K CSet, 35 CSet regions
[2020-07-12T01:32:42.389+0000][10164][gc,ergo      ] GC(93) Immediate Garbage: 343M (83% of total), 172 regions
[2020-07-12T01:32:42.389+0000][10164][gc,ergo      ] GC(93) Pacer for Evacuation. Used CSet: 71680K, Free: 3780M, Non-Taxable: 378M, Alloc Tax Rate: 1.1x
[2020-07-12T01:32:42.389+0000][10164][gc           ] GC(93) Pause Final Mark (unload classes) 0.824ms
[2020-07-12T01:32:42.389+0000][10164][safepoint    ] Safepoint "ShenandoahFinalMarkStartEvac", Time since last: 13240719 ns, Reaching safepoint: 3102070 ns, At safepoint: 905861 ns, Total: 4007931 ns
[2020-07-12T01:32:42.389+0000][10164][gc,start     ] GC(93) Concurrent roots processing
[2020-07-12T01:32:42.389+0000][10164][gc,task      ] GC(93) Using 2 of 4 workers for concurrent root processing
[2020-07-12T01:32:42.411+0000][10164][gc           ] GC(93) Concurrent roots processing 455M->474M(4096M) 21.813ms
[2020-07-12T01:32:42.411+0000][10164][gc,start     ] GC(93) Concurrent cleanup
[2020-07-12T01:32:42.411+0000][10164][gc           ] GC(93) Concurrent cleanup 474M->130M(4096M) 0.171ms
[2020-07-12T01:32:42.411+0000][10164][gc,ergo      ] GC(93) Free: 3760M (1882 regions), Max regular: 2048K, Max humongous: 3416M, External frag: 10%, Internal frag: 0%
[2020-07-12T01:32:42.411+0000][10164][gc,ergo      ] GC(93) Evacuation Reserve: 205M (103 regions), Max regular: 2048K
[2020-07-12T01:32:42.411+0000][10164][gc,start     ] GC(93) Concurrent evacuation
[2020-07-12T01:32:42.411+0000][10164][gc,task      ] GC(93) Using 2 of 4 workers for concurrent evacuation
[2020-07-12T01:32:42.414+0000][10164][gc           ] GC(93) Concurrent evacuation 130M->135M(4096M) 2.939ms
[2020-07-12T01:32:42.417+0000][10164][gc,start     ] GC(93) Pause Init Update Refs
[2020-07-12T01:32:42.417+0000][10164][gc,ergo      ] GC(93) Pacer for Update Refs. Used: 135M, Free: 3758M, Non-Taxable: 375M, Alloc Tax Rate: 1.1x
[2020-07-12T01:32:42.417+0000][10164][gc           ] GC(93) Pause Init Update Refs 0.066ms
[2020-07-12T01:32:42.417+0000][10164][safepoint    ] Safepoint "ShenandoahInitUpdateRefs", Time since last: 25140161 ns, Reaching safepoint: 2332418 ns, At safepoint: 92380 ns, Total: 2424798 ns
[2020-07-12T01:32:42.417+0000][10164][gc,start     ] GC(93) Concurrent update references
[2020-07-12T01:32:42.417+0000][10164][gc,task      ] GC(93) Using 2 of 4 workers for concurrent reference update
[2020-07-12T01:32:42.429+0000][10164][gc           ] GC(93) Concurrent update references 135M->157M(4096M) 12.179ms
[2020-07-12T01:32:42.429+0000][10164][gc,start     ] GC(93) Pause Final Update Refs
[2020-07-12T01:32:42.429+0000][10164][gc,task      ] GC(93) Using 4 of 4 workers for final reference update
[2020-07-12T01:32:42.429+0000][10164][gc           ] GC(93) Pause Final Update Refs 0.156ms
[2020-07-12T01:32:42.429+0000][10164][safepoint    ] Safepoint "ShenandoahFinalUpdateRefs", Time since last: 12297315 ns, Reaching safepoint: 107924 ns, At safepoint: 183872 ns, Total: 291796 ns
[2020-07-12T01:32:42.430+0000][10164][gc,start     ] GC(93) Concurrent cleanup
[2020-07-12T01:32:42.430+0000][10164][gc           ] GC(93) Concurrent cleanup 157M->87M(4096M) 0.140ms
[2020-07-12T01:32:42.430+0000][10164][gc,ergo      ] Free: 3802M (1903 regions), Max regular: 2048K, Max humongous: 3450M, External frag: 10%, Internal frag: 0%
[2020-07-12T01:32:42.430+0000][10164][gc,ergo      ] Evacuation Reserve: 206M (103 regions), Max regular: 2048K
[2020-07-12T01:32:42.430+0000][10164][gc,ergo      ] Pacer for Idle. Initial: 83886K, Alloc Tax Rate: 1.0x
[2020-07-12T01:32:45.430+0000][10164][safepoint    ] Safepoint "Cleanup", Time since last: 3000406700 ns, Reaching safepoint: 92107 ns, At safepoint: 7793 ns, Total: 99900 ns
[2020-07-12T01:32:46.430+0000][10164][safepoint    ] Safepoint "Cleanup", Time since last: 1000123799 ns, Reaching safepoint: 104325 ns, At safepoint: 5692 ns, Total: 110017 ns
[2020-07-12T01:32:46.574+0000][10164][gc           ] Trigger: Allocated since last cycle (409M) is larger than allocation threshold (409M)
[2020-07-12T01:32:46.574+0000][10164][gc,ergo      ] Free: 3456M (1731 regions), Max regular: 2048K, Max humongous: 3450M, External frag: 1%, Internal frag: 0%
[2020-07-12T01:32:46.574+0000][10164][gc,ergo      ] Evacuation Reserve: 206M (103 regions), Max regular: 2048K
[2020-07-12T01:32:46.574+0000][10164][gc,start     ] GC(94) Concurrent reset
[2020-07-12T01:32:46.574+0000][10164][gc,task      ] GC(94) Using 2 of 4 workers for concurrent reset
[2020-07-12T01:32:46.575+0000][10164][gc           ] GC(94) Concurrent reset 433M->433M(4096M) 0.222ms
[2020-07-12T01:32:46.575+0000][10164][gc,start     ] GC(94) Pause Init Mark (unload classes)
[2020-07-12T01:32:46.575+0000][10164][gc,task      ] GC(94) Using 4 of 4 workers for init marking
[2020-07-12T01:32:46.575+0000][10164][gc,ergo      ] GC(94) Pacer for Mark. Expected Live: 22273K, Free: 3456M, Non-Taxable: 345M, Alloc Tax Rate: 0.0x
[2020-07-12T01:32:46.575+0000][10164][gc           ] GC(94) Pause Init Mark (unload classes) 0.520ms
[2020-07-12T01:32:46.575+0000][10164][safepoint    ] Safepoint "ShenandoahInitMark", Time since last: 144447631 ns, Reaching safepoint: 131116 ns, At safepoint: 542980 ns, Total: 674096 ns
[2020-07-12T01:32:46.575+0000][10164][gc,start     ] GC(94) Concurrent marking (unload classes)
[2020-07-12T01:32:46.575+0000][10164][gc,task      ] GC(94) Using 2 of 4 workers for concurrent marking
[2020-07-12T01:32:46.587+0000][10164][gc           ] GC(94) Concurrent marking (unload classes) 437M->457M(4096M) 11.219ms
[2020-07-12T01:32:46.587+0000][10164][gc,start     ] GC(94) Pause Final Mark (unload classes)
[2020-07-12T01:32:46.587+0000][10164][gc,task      ] GC(94) Using 4 of 4 workers for final marking
[2020-07-12T01:32:46.587+0000][10164][gc,ergo      ] GC(94) CSet Selection. Actual Free: 3974M, Max CSet: 2980M
[2020-07-12T01:32:46.587+0000][10164][gc,ergo      ] GC(94) Collectable Garbage: 70270K (16% of total), 3457K CSet, 36 CSet regions
[2020-07-12T01:32:46.587+0000][10164][gc,ergo      ] GC(94) Immediate Garbage: 342M (83% of total), 171 regions
[2020-07-12T01:32:46.588+0000][10164][gc,ergo      ] GC(94) Pacer for Evacuation. Used CSet: 73727K, Free: 3774M, Non-Taxable: 377M, Alloc Tax Rate: 1.1x
[2020-07-12T01:32:46.588+0000][10164][gc           ] GC(94) Pause Final Mark (unload classes) 0.786ms
[2020-07-12T01:32:46.588+0000][10164][safepoint    ] Safepoint "ShenandoahFinalMarkStartEvac", Time since last: 11381966 ns, Reaching safepoint: 84012 ns, At safepoint: 808747 ns, Total: 892759 ns
[2020-07-12T01:32:46.588+0000][10164][gc,start     ] GC(94) Concurrent roots processing
[2020-07-12T01:32:46.588+0000][10164][gc,task      ] GC(94) Using 2 of 4 workers for concurrent root processing
[2020-07-12T01:32:46.609+0000][10164][gc           ] GC(94) Concurrent roots processing 459M->478M(4096M) 21.636ms
[2020-07-12T01:32:46.609+0000][10164][gc,start     ] GC(94) Concurrent cleanup
[2020-07-12T01:32:46.610+0000][10164][gc           ] GC(94) Concurrent cleanup 478M->136M(4096M) 0.252ms
[2020-07-12T01:32:46.610+0000][10164][gc,ergo      ] GC(94) Free: 3754M (1879 regions), Max regular: 2048K, Max humongous: 3404M, External frag: 10%, Internal frag: 0%
[2020-07-12T01:32:46.610+0000][10164][gc,ergo      ] GC(94) Evacuation Reserve: 205M (103 regions), Max regular: 2048K
[2020-07-12T01:32:46.610+0000][10164][gc,start     ] GC(94) Concurrent evacuation
[2020-07-12T01:32:46.610+0000][10164][gc,task      ] GC(94) Using 2 of 4 workers for concurrent evacuation
[2020-07-12T01:32:46.612+0000][10164][gc           ] GC(94) Concurrent evacuation 136M->139M(4096M) 2.224ms
[2020-07-12T01:32:46.613+0000][10164][gc,start     ] GC(94) Pause Init Update Refs
[2020-07-12T01:32:46.613+0000][10164][gc,ergo      ] GC(94) Pacer for Update Refs. Used: 139M, Free: 3754M, Non-Taxable: 375M, Alloc Tax Rate: 1.1x
[2020-07-12T01:32:46.613+0000][10164][gc           ] GC(94) Pause Init Update Refs 0.059ms
[2020-07-12T01:32:46.613+0000][10164][safepoint    ] Safepoint "ShenandoahInitUpdateRefs", Time since last: 24325207 ns, Reaching safepoint: 1154177 ns, At safepoint: 82905 ns, Total: 1237082 ns
[2020-07-12T01:32:46.613+0000][10164][gc,start     ] GC(94) Concurrent update references
[2020-07-12T01:32:46.613+0000][10164][gc,task      ] GC(94) Using 2 of 4 workers for concurrent reference update
[2020-07-12T01:32:46.626+0000][10164][gc           ] GC(94) Concurrent update references 141M->159M(4096M) 12.490ms
[2020-07-12T01:32:46.626+0000][10164][gc,start     ] GC(94) Pause Final Update Refs
[2020-07-12T01:32:46.626+0000][10164][gc,task      ] GC(94) Using 4 of 4 workers for final reference update
[2020-07-12T01:32:46.627+0000][10164][gc           ] GC(94) Pause Final Update Refs 0.178ms
[2020-07-12T01:32:46.627+0000][10164][safepoint    ] Safepoint "ShenandoahFinalUpdateRefs", Time since last: 12621237 ns, Reaching safepoint: 638495 ns, At safepoint: 203984 ns, Total: 842479 ns
[2020-07-12T01:32:46.627+0000][10164][gc,start     ] GC(94) Concurrent cleanup
[2020-07-12T01:32:46.627+0000][10164][gc           ] GC(94) Concurrent cleanup 159M->87M(4096M) 0.116ms
[2020-07-12T01:32:46.627+0000][10164][gc,ergo      ] Free: 3802M (1904 regions), Max regular: 2048K, Max humongous: 3404M, External frag: 11%, Internal frag: 0%
[2020-07-12T01:32:46.627+0000][10164][gc,ergo      ] Evacuation Reserve: 206M (103 regions), Max regular: 2048K
[2020-07-12T01:32:46.627+0000][10164][gc,ergo      ] Pacer for Idle. Initial: 83886K, Alloc Tax Rate: 1.0x
[2020-07-12T01:32:51.403+0000][10164][gc           ] Trigger: Allocated since last cycle (410M) is larger than allocation threshold (409M)
[2020-07-12T01:32:51.403+0000][10164][gc,ergo      ] Free: 3456M (1732 regions), Max regular: 2048K, Max humongous: 3404M, External frag: 2%, Internal frag: 0%
[2020-07-12T01:32:51.403+0000][10164][gc,ergo      ] Evacuation Reserve: 206M (103 regions), Max regular: 2048K
[2020-07-12T01:32:51.403+0000][10164][gc,start     ] GC(95) Concurrent reset
[2020-07-12T01:32:51.403+0000][10164][gc,task      ] GC(95) Using 2 of 4 workers for concurrent reset
[2020-07-12T01:32:51.403+0000][10164][gc           ] GC(95) Concurrent reset 433M->433M(4096M) 0.231ms
[2020-07-12T01:32:51.403+0000][10164][gc,start     ] GC(95) Pause Init Mark (process weakrefs) (unload classes)
[2020-07-12T01:32:51.403+0000][10164][gc,task      ] GC(95) Using 4 of 4 workers for init marking
[2020-07-12T01:32:51.404+0000][10164][gc,ergo      ] GC(95) Pacer for Mark. Expected Live: 22313K, Free: 3456M, Non-Taxable: 345M, Alloc Tax Rate: 0.0x
[2020-07-12T01:32:51.404+0000][10164][gc           ] GC(95) Pause Init Mark (process weakrefs) (unload classes) 0.553ms
[2020-07-12T01:32:51.404+0000][10164][safepoint    ] Safepoint "ShenandoahInitMark", Time since last: 4776580598 ns, Reaching safepoint: 85599 ns, At safepoint: 577061 ns, Total: 662660 ns
[2020-07-12T01:32:51.404+0000][10164][gc,start     ] GC(95) Concurrent marking (process weakrefs) (unload classes)
[2020-07-12T01:32:51.404+0000][10164][gc,task      ] GC(95) Using 2 of 4 workers for concurrent marking
[2020-07-12T01:32:51.416+0000][10164][gc           ] GC(95) Concurrent marking (process weakrefs) (unload classes) 433M->457M(4096M) 11.675ms
[2020-07-12T01:32:51.416+0000][10164][gc,start     ] GC(95) Concurrent precleaning
[2020-07-12T01:32:51.416+0000][10164][gc,task      ] GC(95) Using 1 of 4 workers for concurrent preclean
[2020-07-12T01:32:51.416+0000][10164][gc           ] GC(95) Concurrent precleaning 457M->457M(4096M) 0.421ms
[2020-07-12T01:32:51.416+0000][10164][gc,start     ] GC(95) Pause Final Mark (process weakrefs) (unload classes)
[2020-07-12T01:32:51.416+0000][10164][gc,task      ] GC(95) Using 4 of 4 workers for final marking
[2020-07-12T01:32:51.417+0000][10164][gc,ergo      ] GC(95) CSet Selection. Actual Free: 3981M, Max CSet: 2986M
[2020-07-12T01:32:51.417+0000][10164][gc,ergo      ] GC(95) Collectable Garbage: 62157K (14% of total), 3378K CSet, 32 CSet regions
[2020-07-12T01:32:51.417+0000][10164][gc,ergo      ] GC(95) Immediate Garbage: 349M (84% of total), 175 regions
[2020-07-12T01:32:51.418+0000][10164][gc,ergo      ] GC(95) Pacer for Evacuation. Used CSet: 65536K, Free: 3782M, Non-Taxable: 378M, Alloc Tax Rate: 1.1x
[2020-07-12T01:32:51.418+0000][10164][gc           ] GC(95) Pause Final Mark (process weakrefs) (unload classes) 1.397ms
[2020-07-12T01:32:51.418+0000][10164][safepoint    ] Safepoint "ShenandoahFinalMarkStartEvac", Time since last: 12219598 ns, Reaching safepoint: 137209 ns, At safepoint: 1427550 ns, Total: 1564759 ns
[2020-07-12T01:32:51.418+0000][10164][gc,start     ] GC(95) Concurrent roots processing
[2020-07-12T01:32:51.418+0000][10164][gc,task      ] GC(95) Using 2 of 4 workers for concurrent root processing
[2020-07-12T01:32:51.451+0000][10164][gc           ] GC(95) Concurrent roots processing 457M->482M(4096M) 32.967ms
[2020-07-12T01:32:51.451+0000][10164][gc,start     ] GC(95) Concurrent cleanup
[2020-07-12T01:32:51.451+0000][10164][gc           ] GC(95) Concurrent cleanup 482M->132M(4096M) 0.235ms
[2020-07-12T01:32:51.451+0000][10164][gc,ergo      ] GC(95) Free: 3758M (1882 regions), Max regular: 2048K, Max humongous: 3402M, External frag: 10%, Internal frag: 0%
[2020-07-12T01:32:51.451+0000][10164][gc,ergo      ] GC(95) Evacuation Reserve: 205M (103 regions), Max regular: 2048K
[2020-07-12T01:32:51.451+0000][10164][gc,start     ] GC(95) Concurrent evacuation
[2020-07-12T01:32:51.451+0000][10164][gc,task      ] GC(95) Using 2 of 4 workers for concurrent evacuation
[2020-07-12T01:32:51.455+0000][10164][gc           ] GC(95) Concurrent evacuation 132M->135M(4096M) 3.718ms
[2020-07-12T01:32:51.456+0000][10164][gc,start     ] GC(95) Pause Init Update Refs
[2020-07-12T01:32:51.456+0000][10164][gc,ergo      ] GC(95) Pacer for Update Refs. Used: 135M, Free: 3758M, Non-Taxable: 375M, Alloc Tax Rate: 1.1x
[2020-07-12T01:32:51.456+0000][10164][gc           ] GC(95) Pause Init Update Refs 0.062ms
[2020-07-12T01:32:51.456+0000][10164][safepoint    ] Safepoint "ShenandoahInitUpdateRefs", Time since last: 37080601 ns, Reaching safepoint: 1021520 ns, At safepoint: 98375 ns, Total: 1119895 ns
[2020-07-12T01:32:51.456+0000][10164][gc,start     ] GC(95) Concurrent update references
[2020-07-12T01:32:51.456+0000][10164][gc,task      ] GC(95) Using 2 of 4 workers for concurrent reference update
[2020-07-12T01:32:51.468+0000][10164][gc           ] GC(95) Concurrent update references 137M->155M(4096M) 11.718ms
[2020-07-12T01:32:51.468+0000][10164][gc,start     ] GC(95) Pause Final Update Refs
[2020-07-12T01:32:51.468+0000][10164][gc,task      ] GC(95) Using 4 of 4 workers for final reference update
[2020-07-12T01:32:51.468+0000][10164][gc           ] GC(95) Pause Final Update Refs 0.200ms
[2020-07-12T01:32:51.468+0000][10164][safepoint    ] Safepoint "ShenandoahFinalUpdateRefs", Time since last: 11818772 ns, Reaching safepoint: 151797 ns, At safepoint: 227438 ns, Total: 379235 ns
[2020-07-12T01:32:51.468+0000][10164][gc,start     ] GC(95) Concurrent cleanup
[2020-07-12T01:32:51.468+0000][10164][gc           ] GC(95) Concurrent cleanup 155M->91M(4096M) 0.107ms
[2020-07-12T01:32:51.468+0000][10164][gc,ergo      ] Free: 3798M (1904 regions), Max regular: 2048K, Max humongous: 3402M, External frag: 11%, Internal frag: 0%
[2020-07-12T01:32:51.468+0000][10164][gc,ergo      ] Evacuation Reserve: 206M (103 regions), Max regular: 2048K
[2020-07-12T01:32:51.468+0000][10164][gc,ergo      ] Pacer for Idle. Initial: 83886K, Alloc Tax Rate: 1.0x
[2020-07-12T01:32:52.468+0000][10164][safepoint    ] Safepoint "Cleanup", Time since last: 1000122974 ns, Reaching safepoint: 126513 ns, At safepoint: 4273 ns, Total: 130786 ns
[2020-07-12T01:32:55.498+0000][10164][gc           ] Trigger: Allocated since last cycle (409M) is larger than allocation threshold (409M)
[2020-07-12T01:32:55.498+0000][10164][gc,ergo      ] Free: 3456M (1733 regions), Max regular: 2048K, Max humongous: 3402M, External frag: 2%, Internal frag: 0%
[2020-07-12T01:32:55.498+0000][10164][gc,ergo      ] Evacuation Reserve: 206M (103 regions), Max regular: 2048K
[2020-07-12T01:32:55.498+0000][10164][gc,start     ] GC(96) Concurrent reset
[2020-07-12T01:32:55.498+0000][10164][gc,task      ] GC(96) Using 2 of 4 workers for concurrent reset
[2020-07-12T01:32:55.499+0000][10164][gc           ] GC(96) Concurrent reset 433M->433M(4096M) 0.241ms
[2020-07-12T01:32:55.499+0000][10164][gc,start     ] GC(96) Pause Init Mark (unload classes)
[2020-07-12T01:32:55.499+0000][10164][gc,task      ] GC(96) Using 4 of 4 workers for init marking
[2020-07-12T01:32:55.499+0000][10164][gc,ergo      ] GC(96) Pacer for Mark. Expected Live: 22358K, Free: 3456M, Non-Taxable: 345M, Alloc Tax Rate: 0.0x
[2020-07-12T01:32:55.499+0000][10164][gc           ] GC(96) Pause Init Mark (unload classes) 0.532ms
[2020-07-12T01:32:55.499+0000][10164][safepoint    ] Safepoint "ShenandoahInitMark", Time since last: 3030305979 ns, Reaching safepoint: 88268 ns, At safepoint: 555215 ns, Total: 643483 ns
[2020-07-12T01:32:55.499+0000][10164][gc,start     ] GC(96) Concurrent marking (unload classes)
[2020-07-12T01:32:55.499+0000][10164][gc,task      ] GC(96) Using 2 of 4 workers for concurrent marking
[2020-07-12T01:32:55.510+0000][10164][gc           ] GC(96) Concurrent marking (unload classes) 433M->455M(4096M) 10.884ms
[2020-07-12T01:32:55.511+0000][10164][gc,start     ] GC(96) Pause Final Mark (unload classes)
[2020-07-12T01:32:55.511+0000][10164][gc,task      ] GC(96) Using 4 of 4 workers for final marking
[2020-07-12T01:32:55.511+0000][10164][gc,ergo      ] GC(96) CSet Selection. Actual Free: 3973M, Max CSet: 2980M
[2020-07-12T01:32:55.511+0000][10164][gc,ergo      ] GC(96) Collectable Garbage: 72073K (17% of total), 1654K CSet, 36 CSet regions
[2020-07-12T01:32:55.511+0000][10164][gc,ergo      ] GC(96) Immediate Garbage: 339M (82% of total), 170 regions
[2020-07-12T01:32:55.512+0000][10164][gc,ergo      ] GC(96) Pacer for Evacuation. Used CSet: 73728K, Free: 3774M, Non-Taxable: 377M, Alloc Tax Rate: 1.1x
[2020-07-12T01:32:55.512+0000][10164][gc           ] GC(96) Pause Final Mark (unload classes) 0.829ms
[2020-07-12T01:32:55.512+0000][10164][safepoint    ] Safepoint "ShenandoahFinalMarkStartEvac", Time since last: 11017246 ns, Reaching safepoint: 788864 ns, At safepoint: 854072 ns, Total: 1642936 ns
[2020-07-12T01:32:55.512+0000][10164][gc,start     ] GC(96) Concurrent roots processing
[2020-07-12T01:32:55.512+0000][10164][gc,task      ] GC(96) Using 2 of 4 workers for concurrent root processing
[2020-07-12T01:32:55.546+0000][10164][gc           ] GC(96) Concurrent roots processing 455M->483M(4096M) 34.187ms
[2020-07-12T01:32:55.546+0000][10164][gc,start     ] GC(96) Concurrent cleanup
[2020-07-12T01:32:55.546+0000][10164][gc           ] GC(96) Concurrent cleanup 483M->143M(4096M) 0.236ms
[2020-07-12T01:32:55.546+0000][10164][gc,ergo      ] GC(96) Free: 3746M (1876 regions), Max regular: 2048K, Max humongous: 3400M, External frag: 10%, Internal frag: 0%
[2020-07-12T01:32:55.546+0000][10164][gc,ergo      ] GC(96) Evacuation Reserve: 205M (103 regions), Max regular: 2048K
[2020-07-12T01:32:55.546+0000][10164][gc,start     ] GC(96) Concurrent evacuation
[2020-07-12T01:32:55.546+0000][10164][gc,task      ] GC(96) Using 2 of 4 workers for concurrent evacuation
[2020-07-12T01:32:55.549+0000][10164][gc           ] GC(96) Concurrent evacuation 143M->145M(4096M) 2.198ms
[2020-07-12T01:32:55.551+0000][10164][gc,start     ] GC(96) Pause Init Update Refs
[2020-07-12T01:32:55.551+0000][10164][gc,ergo      ] GC(96) Pacer for Update Refs. Used: 145M, Free: 3746M, Non-Taxable: 374M, Alloc Tax Rate: 1.1x
[2020-07-12T01:32:55.551+0000][10164][gc           ] GC(96) Pause Init Update Refs 0.065ms
[2020-07-12T01:32:55.551+0000][10164][safepoint    ] Safepoint "ShenandoahInitUpdateRefs", Time since last: 36809208 ns, Reaching safepoint: 2308369 ns, At safepoint: 91532 ns, Total: 2399901 ns
[2020-07-12T01:32:55.551+0000][10164][gc,start     ] GC(96) Concurrent update references
[2020-07-12T01:32:55.551+0000][10164][gc,task      ] GC(96) Using 2 of 4 workers for concurrent reference update
[2020-07-12T01:32:55.562+0000][10164][gc           ] GC(96) Concurrent update references 147M->167M(4096M) 10.774ms
[2020-07-12T01:32:55.563+0000][10164][gc,start     ] GC(96) Pause Final Update Refs
[2020-07-12T01:32:55.563+0000][10164][gc,task      ] GC(96) Using 4 of 4 workers for final reference update
[2020-07-12T01:32:55.563+0000][10164][gc           ] GC(96) Pause Final Update Refs 0.177ms
[2020-07-12T01:32:55.563+0000][10164][safepoint    ] Safepoint "ShenandoahFinalUpdateRefs", Time since last: 10939514 ns, Reaching safepoint: 765062 ns, At safepoint: 205823 ns, Total: 970885 ns
[2020-07-12T01:32:55.563+0000][10164][gc,start     ] GC(96) Concurrent cleanup
[2020-07-12T01:32:55.563+0000][10164][gc           ] GC(96) Concurrent cleanup 167M->95M(4096M) 0.138ms
[2020-07-12T01:32:55.563+0000][10164][gc,ergo      ] Free: 3794M (1901 regions), Max regular: 2048K, Max humongous: 3400M, External frag: 11%, Internal frag: 0%
[2020-07-12T01:32:55.563+0000][10164][gc,ergo      ] Evacuation Reserve: 206M (103 regions), Max regular: 2048K
[2020-07-12T01:32:55.563+0000][10164][gc,ergo      ] Pacer for Idle. Initial: 83886K, Alloc Tax Rate: 1.0x
[2020-07-12T01:32:56.565+0000][10164][safepoint    ] Safepoint "Cleanup", Time since last: 1001367240 ns, Reaching safepoint: 625725 ns, At safepoint: 4033 ns, Total: 629758 ns
[2020-07-12T01:32:58.566+0000][10164][safepoint    ] Safepoint "Cleanup", Time since last: 2001054437 ns, Reaching safepoint: 93311 ns, At safepoint: 1586 ns, Total: 94897 ns
[2020-07-12T01:33:00.333+0000][10164][gc           ] Trigger: Allocated since last cycle (409M) is larger than allocation threshold (409M)
[2020-07-12T01:33:00.333+0000][10164][gc,ergo      ] Free: 3456M (1732 regions), Max regular: 2048K, Max humongous: 3400M, External frag: 2%, Internal frag: 0%
[2020-07-12T01:33:00.333+0000][10164][gc,ergo      ] Evacuation Reserve: 206M (103 regions), Max regular: 2048K
[2020-07-12T01:33:00.333+0000][10164][gc,start     ] GC(97) Concurrent reset
[2020-07-12T01:33:00.333+0000][10164][gc,task      ] GC(97) Using 2 of 4 workers for concurrent reset
[2020-07-12T01:33:00.333+0000][10164][gc           ] GC(97) Concurrent reset 433M->433M(4096M) 0.237ms
[2020-07-12T01:33:00.334+0000][10164][gc,start     ] GC(97) Pause Init Mark (unload classes)
[2020-07-12T01:33:00.334+0000][10164][gc,task      ] GC(97) Using 4 of 4 workers for init marking
[2020-07-12T01:33:00.335+0000][10164][gc,ergo      ] GC(97) Pacer for Mark. Expected Live: 22406K, Free: 3456M, Non-Taxable: 345M, Alloc Tax Rate: 0.0x
[2020-07-12T01:33:00.335+0000][10164][gc           ] GC(97) Pause Init Mark (unload classes) 0.512ms
[2020-07-12T01:33:00.335+0000][10164][safepoint    ] Safepoint "ShenandoahInitMark", Time since last: 1767209358 ns, Reaching safepoint: 734266 ns, At safepoint: 533389 ns, Total: 1267655 ns
[2020-07-12T01:33:00.335+0000][10164][gc,start     ] GC(97) Concurrent marking (unload classes)
[2020-07-12T01:33:00.335+0000][10164][gc,task      ] GC(97) Using 2 of 4 workers for concurrent marking
[2020-07-12T01:33:00.346+0000][10164][gc           ] GC(97) Concurrent marking (unload classes) 435M->451M(4096M) 11.175ms
[2020-07-12T01:33:00.346+0000][10164][gc,start     ] GC(97) Pause Final Mark (unload classes)
[2020-07-12T01:33:00.346+0000][10164][gc,task      ] GC(97) Using 4 of 4 workers for final marking
[2020-07-12T01:33:00.346+0000][10164][gc,ergo      ] GC(97) CSet Selection. Actual Free: 3977M, Max CSet: 2983M
[2020-07-12T01:33:00.346+0000][10164][gc,ergo      ] GC(97) Collectable Garbage: 72017K (17% of total), 1710K CSet, 36 CSet regions
[2020-07-12T01:33:00.346+0000][10164][gc,ergo      ] GC(97) Immediate Garbage: 339M (82% of total), 170 regions
[2020-07-12T01:33:00.347+0000][10164][gc,ergo      ] GC(97) Pacer for Evacuation. Used CSet: 73727K, Free: 3778M, Non-Taxable: 377M, Alloc Tax Rate: 1.1x
[2020-07-12T01:33:00.347+0000][10164][gc           ] GC(97) Pause Final Mark (unload classes) 0.735ms
[2020-07-12T01:33:00.347+0000][10164][safepoint    ] Safepoint "ShenandoahFinalMarkStartEvac", Time since last: 11289188 ns, Reaching safepoint: 94829 ns, At safepoint: 756738 ns, Total: 851567 ns
[2020-07-12T01:33:00.347+0000][10164][gc,start     ] GC(97) Concurrent roots processing
[2020-07-12T01:33:00.347+0000][10164][gc,task      ] GC(97) Using 2 of 4 workers for concurrent root processing
[2020-07-12T01:33:00.370+0000][10164][gc           ] GC(97) Concurrent roots processing 453M->473M(4096M) 23.165ms
[2020-07-12T01:33:00.370+0000][10164][gc,start     ] GC(97) Concurrent cleanup
[2020-07-12T01:33:00.370+0000][10164][gc           ] GC(97) Concurrent cleanup 473M->133M(4096M) 0.195ms
[2020-07-12T01:33:00.370+0000][10164][gc,ergo      ] GC(97) Free: 3756M (1881 regions), Max regular: 2048K, Max humongous: 3420M, External frag: 9%, Internal frag: 0%
[2020-07-12T01:33:00.370+0000][10164][gc,ergo      ] GC(97) Evacuation Reserve: 205M (103 regions), Max regular: 2048K
[2020-07-12T01:33:00.370+0000][10164][gc,start     ] GC(97) Concurrent evacuation
[2020-07-12T01:33:00.370+0000][10164][gc,task      ] GC(97) Using 2 of 4 workers for concurrent evacuation
[2020-07-12T01:33:00.373+0000][10164][gc           ] GC(97) Concurrent evacuation 133M->135M(4096M) 2.497ms
[2020-07-12T01:33:00.374+0000][10164][gc,start     ] GC(97) Pause Init Update Refs
[2020-07-12T01:33:00.374+0000][10164][gc,ergo      ] GC(97) Pacer for Update Refs. Used: 135M, Free: 3756M, Non-Taxable: 375M, Alloc Tax Rate: 1.1x
[2020-07-12T01:33:00.374+0000][10164][gc           ] GC(97) Pause Init Update Refs 0.059ms
[2020-07-12T01:33:00.374+0000][10164][safepoint    ] Safepoint "ShenandoahInitUpdateRefs", Time since last: 26103675 ns, Reaching safepoint: 1108937 ns, At safepoint: 91661 ns, Total: 1200598 ns
[2020-07-12T01:33:00.374+0000][10164][gc,start     ] GC(97) Concurrent update references
[2020-07-12T01:33:00.374+0000][10164][gc,task      ] GC(97) Using 2 of 4 workers for concurrent reference update
[2020-07-12T01:33:00.387+0000][10164][gc           ] GC(97) Concurrent update references 137M->157M(4096M) 12.495ms
[2020-07-12T01:33:00.387+0000][10164][gc,start     ] GC(97) Pause Final Update Refs
[2020-07-12T01:33:00.387+0000][10164][gc,task      ] GC(97) Using 4 of 4 workers for final reference update
[2020-07-12T01:33:00.387+0000][10164][gc           ] GC(97) Pause Final Update Refs 0.220ms
[2020-07-12T01:33:00.387+0000][10164][safepoint    ] Safepoint "ShenandoahFinalUpdateRefs", Time since last: 12606499 ns, Reaching safepoint: 156410 ns, At safepoint: 250745 ns, Total: 407155 ns
[2020-07-12T01:33:00.387+0000][10164][gc,start     ] GC(97) Concurrent cleanup
[2020-07-12T01:33:00.387+0000][10164][gc           ] GC(97) Concurrent cleanup 157M->85M(4096M) 0.128ms
[2020-07-12T01:33:00.387+0000][10164][gc,ergo      ] Free: 3804M (1905 regions), Max regular: 2048K, Max humongous: 3456M, External frag: 10%, Internal frag: 0%
[2020-07-12T01:33:00.387+0000][10164][gc,ergo      ] Evacuation Reserve: 206M (103 regions), Max regular: 2048K
[2020-07-12T01:33:00.387+0000][10164][gc,ergo      ] Pacer for Idle. Initial: 83886K, Alloc Tax Rate: 1.0x
[2020-07-12T01:33:01.387+0000][10164][safepoint    ] Safepoint "Cleanup", Time since last: 1000226592 ns, Reaching safepoint: 115433 ns, At safepoint: 2028 ns, Total: 117461 ns
[2020-07-12T01:33:02.388+0000][10164][safepoint    ] Safepoint "Cleanup", Time since last: 1000137557 ns, Reaching safepoint: 158931 ns, At safepoint: 5649 ns, Total: 164580 ns
[2020-07-12T01:33:04.472+0000][10164][gc           ] Trigger: Allocated since last cycle (409M) is larger than allocation threshold (409M)
[2020-07-12T01:33:04.472+0000][10164][gc,ergo      ] Free: 3456M (1731 regions), Max regular: 2048K, Max humongous: 3450M, External frag: 1%, Internal frag: 0%
[2020-07-12T01:33:04.472+0000][10164][gc,ergo      ] Evacuation Reserve: 206M (103 regions), Max regular: 2048K
[2020-07-12T01:33:04.472+0000][10164][gc,start     ] GC(98) Concurrent reset
[2020-07-12T01:33:04.472+0000][10164][gc,task      ] GC(98) Using 2 of 4 workers for concurrent reset
[2020-07-12T01:33:04.472+0000][10164][gc           ] GC(98) Concurrent reset 433M->433M(4096M) 0.270ms
[2020-07-12T01:33:04.472+0000][10164][gc,start     ] GC(98) Pause Init Mark (unload classes)
[2020-07-12T01:33:04.472+0000][10164][gc,task      ] GC(98) Using 4 of 4 workers for init marking
[2020-07-12T01:33:04.473+0000][10164][gc,ergo      ] GC(98) Pacer for Mark. Expected Live: 22449K, Free: 3456M, Non-Taxable: 345M, Alloc Tax Rate: 0.0x
[2020-07-12T01:33:04.473+0000][10164][gc           ] GC(98) Pause Init Mark (unload classes) 0.607ms
[2020-07-12T01:33:04.473+0000][10164][safepoint    ] Safepoint "ShenandoahInitMark", Time since last: 2084553194 ns, Reaching safepoint: 93225 ns, At safepoint: 630483 ns, Total: 723708 ns
[2020-07-12T01:33:04.473+0000][10164][gc,start     ] GC(98) Concurrent marking (unload classes)
[2020-07-12T01:33:04.473+0000][10164][gc,task      ] GC(98) Using 2 of 4 workers for concurrent marking
[2020-07-12T01:33:04.485+0000][10164][gc           ] GC(98) Concurrent marking (unload classes) 435M->457M(4096M) 11.683ms
[2020-07-12T01:33:04.485+0000][10164][gc,start     ] GC(98) Pause Final Mark (unload classes)
[2020-07-12T01:33:04.485+0000][10164][gc,task      ] GC(98) Using 4 of 4 workers for final marking
[2020-07-12T01:33:04.486+0000][10164][gc,ergo      ] GC(98) CSet Selection. Actual Free: 3978M, Max CSet: 2983M
[2020-07-12T01:33:04.486+0000][10164][gc,ergo      ] GC(98) Collectable Garbage: 65821K (15% of total), 1762K CSet, 33 CSet regions
[2020-07-12T01:33:04.486+0000][10164][gc,ergo      ] GC(98) Immediate Garbage: 346M (84% of total), 173 regions
[2020-07-12T01:33:04.486+0000][10164][gc,ergo      ] GC(98) Pacer for Evacuation. Used CSet: 67584K, Free: 3778M, Non-Taxable: 377M, Alloc Tax Rate: 1.1x
[2020-07-12T01:33:04.486+0000][10164][gc           ] GC(98) Pause Final Mark (unload classes) 1.358ms
[2020-07-12T01:33:04.486+0000][10164][safepoint    ] Safepoint "ShenandoahFinalMarkStartEvac", Time since last: 11802665 ns, Reaching safepoint: 104159 ns, At safepoint: 1387588 ns, Total: 1491747 ns
[2020-07-12T01:33:04.486+0000][10164][gc,start     ] GC(98) Concurrent roots processing
[2020-07-12T01:33:04.486+0000][10164][gc,task      ] GC(98) Using 2 of 4 workers for concurrent root processing
[2020-07-12T01:33:04.508+0000][10164][gc           ] GC(98) Concurrent roots processing 457M->481M(4096M) 22.002ms
[2020-07-12T01:33:04.508+0000][10164][gc,start     ] GC(98) Concurrent cleanup
[2020-07-12T01:33:04.509+0000][10164][gc           ] GC(98) Concurrent cleanup 481M->135M(4096M) 0.235ms
[2020-07-12T01:33:04.509+0000][10164][gc,ergo      ] GC(98) Free: 3754M (1880 regions), Max regular: 2048K, Max humongous: 3402M, External frag: 10%, Internal frag: 0%
[2020-07-12T01:33:04.509+0000][10164][gc,ergo      ] GC(98) Evacuation Reserve: 205M (103 regions), Max regular: 2048K
[2020-07-12T01:33:04.509+0000][10164][gc,start     ] GC(98) Concurrent evacuation
[2020-07-12T01:33:04.509+0000][10164][gc,task      ] GC(98) Using 2 of 4 workers for concurrent evacuation
[2020-07-12T01:33:04.511+0000][10164][gc           ] GC(98) Concurrent evacuation 135M->137M(4096M) 2.260ms
[2020-07-12T01:33:04.513+0000][10164][gc,start     ] GC(98) Pause Init Update Refs
[2020-07-12T01:33:04.513+0000][10164][gc,ergo      ] GC(98) Pacer for Update Refs. Used: 137M, Free: 3754M, Non-Taxable: 375M, Alloc Tax Rate: 1.1x
[2020-07-12T01:33:04.513+0000][10164][gc           ] GC(98) Pause Init Update Refs 0.094ms
[2020-07-12T01:33:04.513+0000][10164][safepoint    ] Safepoint "ShenandoahInitUpdateRefs", Time since last: 24700944 ns, Reaching safepoint: 1731348 ns, At safepoint: 122649 ns, Total: 1853997 ns
[2020-07-12T01:33:04.513+0000][10164][gc,start     ] GC(98) Concurrent update references
[2020-07-12T01:33:04.513+0000][10164][gc,task      ] GC(98) Using 2 of 4 workers for concurrent reference update
[2020-07-12T01:33:04.523+0000][10164][gc           ] GC(98) Concurrent update references 141M->159M(4096M) 10.171ms
[2020-07-12T01:33:04.523+0000][10164][gc,start     ] GC(98) Pause Final Update Refs
[2020-07-12T01:33:04.523+0000][10164][gc,task      ] GC(98) Using 4 of 4 workers for final reference update
[2020-07-12T01:33:04.523+0000][10164][gc           ] GC(98) Pause Final Update Refs 0.189ms
[2020-07-12T01:33:04.524+0000][10164][safepoint    ] Safepoint "ShenandoahFinalUpdateRefs", Time since last: 10355304 ns, Reaching safepoint: 85207 ns, At safepoint: 215560 ns, Total: 300767 ns
[2020-07-12T01:33:04.524+0000][10164][gc,start     ] GC(98) Concurrent cleanup
[2020-07-12T01:33:04.524+0000][10164][gc           ] GC(98) Concurrent cleanup 159M->93M(4096M) 0.102ms
[2020-07-12T01:33:04.524+0000][10164][gc,ergo      ] Free: 3796M (1904 regions), Max regular: 2048K, Max humongous: 3402M, External frag: 11%, Internal frag: 0%
[2020-07-12T01:33:04.524+0000][10164][gc,ergo      ] Evacuation Reserve: 206M (103 regions), Max regular: 2048K
[2020-07-12T01:33:04.524+0000][10164][gc,ergo      ] Pacer for Idle. Initial: 83886K, Alloc Tax Rate: 1.0x
[2020-07-12T01:33:07.524+0000][10164][safepoint    ] Safepoint "Cleanup", Time since last: 3000309649 ns, Reaching safepoint: 87560 ns, At safepoint: 5278 ns, Total: 92838 ns
[2020-07-12T01:33:08.524+0000][10164][safepoint    ] Safepoint "Cleanup", Time since last: 1000078568 ns, Reaching safepoint: 105696 ns, At safepoint: 6106 ns, Total: 111802 ns
[2020-07-12T01:33:09.318+0000][10164][gc           ] Trigger: Allocated since last cycle (409M) is larger than allocation threshold (409M)
[2020-07-12T01:33:09.318+0000][10164][gc,ergo      ] Free: 3456M (1734 regions), Max regular: 2048K, Max humongous: 3402M, External frag: 2%, Internal frag: 0%
[2020-07-12T01:33:09.318+0000][10164][gc,ergo      ] Evacuation Reserve: 206M (103 regions), Max regular: 2048K
[2020-07-12T01:33:09.318+0000][10164][gc,start     ] GC(99) Concurrent reset
[2020-07-12T01:33:09.318+0000][10164][gc,task      ] GC(99) Using 2 of 4 workers for concurrent reset
[2020-07-12T01:33:09.318+0000][10164][gc           ] GC(99) Concurrent reset 433M->433M(4096M) 0.220ms
[2020-07-12T01:33:09.318+0000][10164][gc,start     ] GC(99) Pause Init Mark (unload classes)
[2020-07-12T01:33:09.318+0000][10164][gc,task      ] GC(99) Using 4 of 4 workers for init marking
[2020-07-12T01:33:09.319+0000][10164][gc,ergo      ] GC(99) Pacer for Mark. Expected Live: 22492K, Free: 3456M, Non-Taxable: 345M, Alloc Tax Rate: 0.0x
[2020-07-12T01:33:09.319+0000][10164][gc           ] GC(99) Pause Init Mark (unload classes) 0.479ms
[2020-07-12T01:33:09.319+0000][10164][safepoint    ] Safepoint "ShenandoahInitMark", Time since last: 794056479 ns, Reaching safepoint: 78743 ns, At safepoint: 500468 ns, Total: 579211 ns
[2020-07-12T01:33:09.319+0000][10164][gc,start     ] GC(99) Concurrent marking (unload classes)
[2020-07-12T01:33:09.319+0000][10164][gc,task      ] GC(99) Using 2 of 4 workers for concurrent marking
[2020-07-12T01:33:09.330+0000][10164][gc           ] GC(99) Concurrent marking (unload classes) 433M->451M(4096M) 11.589ms
[2020-07-12T01:33:09.331+0000][10164][gc,start     ] GC(99) Pause Final Mark (unload classes)
[2020-07-12T01:33:09.331+0000][10164][gc,task      ] GC(99) Using 4 of 4 workers for final marking
[2020-07-12T01:33:09.331+0000][10164][gc,ergo      ] GC(99) CSet Selection. Actual Free: 3983M, Max CSet: 2987M
[2020-07-12T01:33:09.331+0000][10164][gc,ergo      ] GC(99) Collectable Garbage: 65788K (15% of total), 1795K CSet, 33 CSet regions
[2020-07-12T01:33:09.331+0000][10164][gc,ergo      ] GC(99) Immediate Garbage: 345M (84% of total), 173 regions
[2020-07-12T01:33:09.331+0000][10164][gc,ergo      ] GC(99) Pacer for Evacuation. Used CSet: 67584K, Free: 3784M, Non-Taxable: 378M, Alloc Tax Rate: 1.1x
[2020-07-12T01:33:09.331+0000][10164][gc           ] GC(99) Pause Final Mark (unload classes) 0.875ms
[2020-07-12T01:33:09.331+0000][10164][safepoint    ] Safepoint "ShenandoahFinalMarkStartEvac", Time since last: 11699637 ns, Reaching safepoint: 80028 ns, At safepoint: 901100 ns, Total: 981128 ns
[2020-07-12T01:33:09.331+0000][10164][gc,start     ] GC(99) Concurrent roots processing
[2020-07-12T01:33:09.332+0000][10164][gc,task      ] GC(99) Using 2 of 4 workers for concurrent root processing
[2020-07-12T01:33:09.354+0000][10164][gc           ] GC(99) Concurrent roots processing 453M->471M(4096M) 22.825ms
[2020-07-12T01:33:09.354+0000][10164][gc,start     ] GC(99) Concurrent cleanup
[2020-07-12T01:33:09.355+0000][10164][gc           ] GC(99) Concurrent cleanup 471M->125M(4096M) 0.176ms
[2020-07-12T01:33:09.355+0000][10164][gc,ergo      ] GC(99) Free: 3764M (1885 regions), Max regular: 2048K, Max humongous: 3418M, External frag: 10%, Internal frag: 0%
[2020-07-12T01:33:09.355+0000][10164][gc,ergo      ] GC(99) Evacuation Reserve: 205M (103 regions), Max regular: 2048K
[2020-07-12T01:33:09.355+0000][10164][gc,start     ] GC(99) Concurrent evacuation
[2020-07-12T01:33:09.355+0000][10164][gc,task      ] GC(99) Using 2 of 4 workers for concurrent evacuation
[2020-07-12T01:33:09.357+0000][10164][gc           ] GC(99) Concurrent evacuation 125M->127M(4096M) 2.270ms
[2020-07-12T01:33:09.358+0000][10164][gc,start     ] GC(99) Pause Init Update Refs
[2020-07-12T01:33:09.358+0000][10164][gc,ergo      ] GC(99) Pacer for Update Refs. Used: 127M, Free: 3764M, Non-Taxable: 376M, Alloc Tax Rate: 1.1x
[2020-07-12T01:33:09.358+0000][10164][gc           ] GC(99) Pause Init Update Refs 0.071ms
[2020-07-12T01:33:09.358+0000][10164][safepoint    ] Safepoint "ShenandoahInitUpdateRefs", Time since last: 25517042 ns, Reaching safepoint: 1223640 ns, At safepoint: 99125 ns, Total: 1322765 ns
[2020-07-12T01:33:09.358+0000][10164][gc,start     ] GC(99) Concurrent update references
[2020-07-12T01:33:09.358+0000][10164][gc,task      ] GC(99) Using 2 of 4 workers for concurrent reference update
[2020-07-12T01:33:09.370+0000][10164][gc           ] GC(99) Concurrent update references 129M->143M(4096M) 11.618ms
[2020-07-12T01:33:09.370+0000][10164][gc,start     ] GC(99) Pause Final Update Refs
[2020-07-12T01:33:09.370+0000][10164][gc,task      ] GC(99) Using 4 of 4 workers for final reference update
[2020-07-12T01:33:09.370+0000][10164][gc           ] GC(99) Pause Final Update Refs 0.186ms
[2020-07-12T01:33:09.370+0000][10164][safepoint    ] Safepoint "ShenandoahFinalUpdateRefs", Time since last: 11729068 ns, Reaching safepoint: 94127 ns, At safepoint: 211282 ns, Total: 305409 ns
[2020-07-12T01:33:09.370+0000][10164][gc,start     ] GC(99) Concurrent cleanup
[2020-07-12T01:33:09.371+0000][10164][gc           ] GC(99) Concurrent cleanup 143M->77M(4096M) 0.157ms
[2020-07-12T01:33:09.371+0000][10164][gc,ergo      ] Free: 3812M (1909 regions), Max regular: 2048K, Max humongous: 3460M, External frag: 10%, Internal frag: 0%
[2020-07-12T01:33:09.371+0000][10164][gc,ergo      ] Evacuation Reserve: 206M (103 regions), Max regular: 2048K
[2020-07-12T01:33:09.371+0000][10164][gc,ergo      ] Pacer for Idle. Initial: 83886K, Alloc Tax Rate: 1.0x
[2020-07-12T01:33:13.440+0000][10164][gc           ] Trigger: Allocated since last cycle (409M) is larger than allocation threshold (409M)
[2020-07-12T01:33:13.440+0000][10164][gc,ergo      ] Free: 3456M (1731 regions), Max regular: 2048K, Max humongous: 3450M, External frag: 1%, Internal frag: 0%
[2020-07-12T01:33:13.440+0000][10164][gc,ergo      ] Evacuation Reserve: 206M (103 regions), Max regular: 2048K
[2020-07-12T01:33:13.440+0000][10164][gc,start     ] GC(100) Concurrent reset
[2020-07-12T01:33:13.440+0000][10164][gc,task      ] GC(100) Using 2 of 4 workers for concurrent reset
[2020-07-12T01:33:13.440+0000][10164][gc           ] GC(100) Concurrent reset 433M->433M(4096M) 0.278ms
[2020-07-12T01:33:13.440+0000][10164][gc,start     ] GC(100) Pause Init Mark (process weakrefs) (unload classes)
[2020-07-12T01:33:13.440+0000][10164][gc,task      ] GC(100) Using 4 of 4 workers for init marking
[2020-07-12T01:33:13.441+0000][10164][gc,ergo      ] GC(100) Pacer for Mark. Expected Live: 22535K, Free: 3456M, Non-Taxable: 345M, Alloc Tax Rate: 0.0x
[2020-07-12T01:33:13.441+0000][10164][gc           ] GC(100) Pause Init Mark (process weakrefs) (unload classes) 0.626ms
[2020-07-12T01:33:13.441+0000][10164][safepoint    ] Safepoint "ShenandoahInitMark", Time since last: 4070056133 ns, Reaching safepoint: 97851 ns, At safepoint: 645155 ns, Total: 743006 ns
[2020-07-12T01:33:13.441+0000][10164][gc,start     ] GC(100) Concurrent marking (process weakrefs) (unload classes)
[2020-07-12T01:33:13.441+0000][10164][gc,task      ] GC(100) Using 2 of 4 workers for concurrent marking
[2020-07-12T01:33:13.453+0000][10164][gc           ] GC(100) Concurrent marking (process weakrefs) (unload classes) 433M->457M(4096M) 11.968ms
[2020-07-12T01:33:13.453+0000][10164][gc,start     ] GC(100) Concurrent precleaning
[2020-07-12T01:33:13.453+0000][10164][gc,task      ] GC(100) Using 1 of 4 workers for concurrent preclean
[2020-07-12T01:33:13.453+0000][10164][gc           ] GC(100) Concurrent precleaning 457M->457M(4096M) 0.337ms
[2020-07-12T01:33:13.454+0000][10164][gc,start     ] GC(100) Pause Final Mark (process weakrefs) (unload classes)
[2020-07-12T01:33:13.454+0000][10164][gc,task      ] GC(100) Using 4 of 4 workers for final marking
[2020-07-12T01:33:13.455+0000][10164][gc,ergo      ] GC(100) CSet Selection. Actual Free: 3980M, Max CSet: 2985M
[2020-07-12T01:33:13.455+0000][10164][gc,ergo      ] GC(100) Collectable Garbage: 63782K (15% of total), 1751K CSet, 32 CSet regions
[2020-07-12T01:33:13.455+0000][10164][gc,ergo      ] GC(100) Immediate Garbage: 348M (84% of total), 174 regions
[2020-07-12T01:33:13.455+0000][10164][gc,ergo      ] GC(100) Pacer for Evacuation. Used CSet: 65534K, Free: 3780M, Non-Taxable: 378M, Alloc Tax Rate: 1.1x
[2020-07-12T01:33:13.455+0000][10164][gc           ] GC(100) Pause Final Mark (process weakrefs) (unload classes) 1.327ms
[2020-07-12T01:33:13.455+0000][10164][safepoint    ] Safepoint "ShenandoahFinalMarkStartEvac", Time since last: 12393138 ns, Reaching safepoint: 333299 ns, At safepoint: 1356909 ns, Total: 1690208 ns
[2020-07-12T01:33:13.455+0000][10164][gc,start     ] GC(100) Concurrent roots processing
[2020-07-12T01:33:13.455+0000][10164][gc,task      ] GC(100) Using 2 of 4 workers for concurrent root processing
[2020-07-12T01:33:13.489+0000][10164][gc           ] GC(100) Concurrent roots processing 461M->481M(4096M) 33.686ms
[2020-07-12T01:33:13.489+0000][10164][gc,start     ] GC(100) Concurrent cleanup
[2020-07-12T01:33:13.489+0000][10164][gc           ] GC(100) Concurrent cleanup 481M->133M(4096M) 0.172ms
[2020-07-12T01:33:13.489+0000][10164][gc,ergo      ] GC(100) Free: 3756M (1881 regions), Max regular: 2048K, Max humongous: 3402M, External frag: 10%, Internal frag: 0%
[2020-07-12T01:33:13.489+0000][10164][gc,ergo      ] GC(100) Evacuation Reserve: 205M (103 regions), Max regular: 2048K
[2020-07-12T01:33:13.489+0000][10164][gc,start     ] GC(100) Concurrent evacuation
[2020-07-12T01:33:13.489+0000][10164][gc,task      ] GC(100) Using 2 of 4 workers for concurrent evacuation
[2020-07-12T01:33:13.492+0000][10164][gc           ] GC(100) Concurrent evacuation 133M->135M(4096M) 2.347ms
[2020-07-12T01:33:13.493+0000][10164][gc,start     ] GC(100) Pause Init Update Refs
[2020-07-12T01:33:13.493+0000][10164][gc,ergo      ] GC(100) Pacer for Update Refs. Used: 135M, Free: 3756M, Non-Taxable: 375M, Alloc Tax Rate: 1.1x
[2020-07-12T01:33:13.493+0000][10164][gc           ] GC(100) Pause Init Update Refs 0.068ms
[2020-07-12T01:33:13.493+0000][10164][safepoint    ] Safepoint "ShenandoahInitUpdateRefs", Time since last: 36440143 ns, Reaching safepoint: 1374021 ns, At safepoint: 90999 ns, Total: 1465020 ns
[2020-07-12T01:33:13.493+0000][10164][gc,start     ] GC(100) Concurrent update references
[2020-07-12T01:33:13.493+0000][10164][gc,task      ] GC(100) Using 2 of 4 workers for concurrent reference update
[2020-07-12T01:33:13.505+0000][10164][gc           ] GC(100) Concurrent update references 137M->159M(4096M) 12.248ms
[2020-07-12T01:33:13.507+0000][10164][gc,start     ] GC(100) Pause Final Update Refs
[2020-07-12T01:33:13.507+0000][10164][gc,task      ] GC(100) Using 4 of 4 workers for final reference update
[2020-07-12T01:33:13.507+0000][10164][gc           ] GC(100) Pause Final Update Refs 0.266ms
[2020-07-12T01:33:13.507+0000][10164][safepoint    ] Safepoint "ShenandoahFinalUpdateRefs", Time since last: 12430457 ns, Reaching safepoint: 1131843 ns, At safepoint: 300843 ns, Total: 1432686 ns
[2020-07-12T01:33:13.507+0000][10164][gc,start     ] GC(100) Concurrent cleanup
[2020-07-12T01:33:13.507+0000][10164][gc           ] GC(100) Concurrent cleanup 159M->95M(4096M) 0.125ms
[2020-07-12T01:33:13.507+0000][10164][gc,ergo      ] Free: 3794M (1901 regions), Max regular: 2048K, Max humongous: 3402M, External frag: 11%, Internal frag: 0%
[2020-07-12T01:33:13.507+0000][10164][gc,ergo      ] Evacuation Reserve: 206M (103 regions), Max regular: 2048K
[2020-07-12T01:33:13.507+0000][10164][gc,ergo      ] Pacer for Idle. Initial: 83886K, Alloc Tax Rate: 1.0x
[2020-07-12T01:33:14.508+0000][10164][safepoint    ] Safepoint "Cleanup", Time since last: 1000845959 ns, Reaching safepoint: 136446 ns, At safepoint: 1941 ns, Total: 138387 ns
[2020-07-12T01:33:15.509+0000][10164][safepoint    ] Safepoint "Cleanup", Time since last: 1000664003 ns, Reaching safepoint: 109703 ns, At safepoint: 1901 ns, Total: 111604 ns
[2020-07-12T01:33:16.509+0000][10164][safepoint    ] Safepoint "Cleanup", Time since last: 1000145420 ns, Reaching safepoint: 196372 ns, At safepoint: 5835 ns, Total: 202207 ns
[2020-07-12T01:33:17.509+0000][10164][safepoint    ] Safepoint "Cleanup", Time since last: 1000150120 ns, Reaching safepoint: 83761 ns, At safepoint: 6027 ns, Total: 89788 ns
[2020-07-12T01:33:18.301+0000][10164][gc           ] Trigger: Allocated since last cycle (409M) is larger than allocation threshold (409M)
[2020-07-12T01:33:18.302+0000][10164][gc,ergo      ] Free: 3456M (1732 regions), Max regular: 2048K, Max humongous: 3402M, External frag: 2%, Internal frag: 0%
[2020-07-12T01:33:18.302+0000][10164][gc,ergo      ] Evacuation Reserve: 206M (103 regions), Max regular: 2048K
[2020-07-12T01:33:18.302+0000][10164][gc,start     ] GC(101) Concurrent reset
[2020-07-12T01:33:18.302+0000][10164][gc,task      ] GC(101) Using 2 of 4 workers for concurrent reset
[2020-07-12T01:33:18.302+0000][10164][gc           ] GC(101) Concurrent reset 433M->433M(4096M) 0.219ms
[2020-07-12T01:33:18.302+0000][10164][gc,start     ] GC(101) Pause Init Mark (unload classes)
[2020-07-12T01:33:18.302+0000][10164][gc,task      ] GC(101) Using 4 of 4 workers for init marking
[2020-07-12T01:33:18.303+0000][10164][gc,ergo      ] GC(101) Pacer for Mark. Expected Live: 22580K, Free: 3456M, Non-Taxable: 345M, Alloc Tax Rate: 0.0x
[2020-07-12T01:33:18.303+0000][10164][gc           ] GC(101) Pause Init Mark (unload classes) 0.606ms
[2020-07-12T01:33:18.303+0000][10164][safepoint    ] Safepoint "ShenandoahInitMark", Time since last: 792702721 ns, Reaching safepoint: 96933 ns, At safepoint: 627790 ns, Total: 724723 ns
[2020-07-12T01:33:18.303+0000][10164][gc,start     ] GC(101) Concurrent marking (unload classes)
[2020-07-12T01:33:18.303+0000][10164][gc,task      ] GC(101) Using 2 of 4 workers for concurrent marking
[2020-07-12T01:33:18.315+0000][10164][gc           ] GC(101) Concurrent marking (unload classes) 435M->451M(4096M) 12.117ms
[2020-07-12T01:33:18.315+0000][10164][gc,start     ] GC(101) Pause Final Mark (unload classes)
[2020-07-12T01:33:18.315+0000][10164][gc,task      ] GC(101) Using 4 of 4 workers for final marking
[2020-07-12T01:33:18.316+0000][10164][gc,ergo      ] GC(101) CSet Selection. Actual Free: 3975M, Max CSet: 2981M
[2020-07-12T01:33:18.316+0000][10164][gc,ergo      ] GC(101) Collectable Garbage: 73887K (17% of total), 1888K CSet, 37 CSet regions
[2020-07-12T01:33:18.316+0000][10164][gc,ergo      ] GC(101) Immediate Garbage: 337M (82% of total), 169 regions
[2020-07-12T01:33:18.316+0000][10164][gc,ergo      ] GC(101) Pacer for Evacuation. Used CSet: 75776K, Free: 3776M, Non-Taxable: 377M, Alloc Tax Rate: 1.1x
[2020-07-12T01:33:18.316+0000][10164][gc           ] GC(101) Pause Final Mark (unload classes) 1.104ms
[2020-07-12T01:33:18.316+0000][10164][safepoint    ] Safepoint "ShenandoahFinalMarkStartEvac", Time since last: 12201196 ns, Reaching safepoint: 91241 ns, At safepoint: 1127127 ns, Total: 1218368 ns
[2020-07-12T01:33:18.316+0000][10164][gc,start     ] GC(101) Concurrent roots processing
[2020-07-12T01:33:18.316+0000][10164][gc,task      ] GC(101) Using 2 of 4 workers for concurrent root processing
[2020-07-12T01:33:18.351+0000][10164][gc           ] GC(101) Concurrent roots processing 453M->477M(4096M) 34.380ms
[2020-07-12T01:33:18.351+0000][10164][gc,start     ] GC(101) Concurrent cleanup
[2020-07-12T01:33:18.351+0000][10164][gc           ] GC(101) Concurrent cleanup 477M->139M(4096M) 0.239ms
[2020-07-12T01:33:18.351+0000][10164][gc,ergo      ] GC(101) Free: 3750M (1878 regions), Max regular: 2048K, Max humongous: 3412M, External frag: 10%, Internal frag: 0%
[2020-07-12T01:33:18.351+0000][10164][gc,ergo      ] GC(101) Evacuation Reserve: 205M (103 regions), Max regular: 2048K
[2020-07-12T01:33:18.351+0000][10164][gc,start     ] GC(101) Concurrent evacuation
[2020-07-12T01:33:18.351+0000][10164][gc,task      ] GC(101) Using 2 of 4 workers for concurrent evacuation
[2020-07-12T01:33:18.353+0000][10164][gc           ] GC(101) Concurrent evacuation 139M->141M(4096M) 2.425ms
[2020-07-12T01:33:18.355+0000][10164][gc,start     ] GC(101) Pause Init Update Refs
[2020-07-12T01:33:18.355+0000][10164][gc,ergo      ] GC(101) Pacer for Update Refs. Used: 141M, Free: 3750M, Non-Taxable: 375M, Alloc Tax Rate: 1.1x
[2020-07-12T01:33:18.355+0000][10164][gc           ] GC(101) Pause Init Update Refs 0.095ms
[2020-07-12T01:33:18.355+0000][10164][safepoint    ] Safepoint "ShenandoahInitUpdateRefs", Time since last: 37294289 ns, Reaching safepoint: 1258701 ns, At safepoint: 118027 ns, Total: 1376728 ns
[2020-07-12T01:33:18.355+0000][10164][gc,start     ] GC(101) Concurrent update references
[2020-07-12T01:33:18.355+0000][10164][gc,task      ] GC(101) Using 2 of 4 workers for concurrent reference update
[2020-07-12T01:33:18.368+0000][10164][gc           ] GC(101) Concurrent update references 143M->159M(4096M) 12.958ms
[2020-07-12T01:33:18.368+0000][10164][gc,start     ] GC(101) Pause Final Update Refs
[2020-07-12T01:33:18.368+0000][10164][gc,task      ] GC(101) Using 4 of 4 workers for final reference update
[2020-07-12T01:33:18.368+0000][10164][gc           ] GC(101) Pause Final Update Refs 0.207ms
[2020-07-12T01:33:18.368+0000][10164][safepoint    ] Safepoint "ShenandoahFinalUpdateRefs", Time since last: 13070933 ns, Reaching safepoint: 106336 ns, At safepoint: 234150 ns, Total: 340486 ns
[2020-07-12T01:33:18.368+0000][10164][gc,start     ] GC(101) Concurrent cleanup
[2020-07-12T01:33:18.368+0000][10164][gc           ] GC(101) Concurrent cleanup 159M->85M(4096M) 0.125ms
[2020-07-12T01:33:18.368+0000][10164][gc,ergo      ] Free: 3804M (1905 regions), Max regular: 2048K, Max humongous: 3454M, External frag: 10%, Internal frag: 0%
[2020-07-12T01:33:18.369+0000][10164][gc,ergo      ] Evacuation Reserve: 206M (103 regions), Max regular: 2048K
[2020-07-12T01:33:18.369+0000][10164][gc,ergo      ] Pacer for Idle. Initial: 83886K, Alloc Tax Rate: 1.0x
[2020-07-12T01:33:19.369+0000][10164][safepoint    ] Safepoint "Cleanup", Time since last: 1000095938 ns, Reaching safepoint: 318991 ns, At safepoint: 8888 ns, Total: 327879 ns
[2020-07-12T01:33:20.369+0000][10164][safepoint    ] Safepoint "Cleanup", Time since last: 1000123565 ns, Reaching safepoint: 97269 ns, At safepoint: 5556 ns, Total: 102825 ns
[2020-07-12T01:33:22.369+0000][10164][safepoint    ] Safepoint "Cleanup", Time since last: 2000192916 ns, Reaching safepoint: 102073 ns, At safepoint: 4827 ns, Total: 106900 ns
[2020-07-12T01:33:22.483+0000][10164][gc           ] Trigger: Allocated since last cycle (410M) is larger than allocation threshold (409M)
[2020-07-12T01:33:22.484+0000][10164][gc,ergo      ] Free: 3456M (1731 regions), Max regular: 2048K, Max humongous: 3450M, External frag: 1%, Internal frag: 0%
[2020-07-12T01:33:22.484+0000][10164][gc,ergo      ] Evacuation Reserve: 206M (103 regions), Max regular: 2048K
[2020-07-12T01:33:22.484+0000][10164][gc,start     ] GC(102) Concurrent reset
[2020-07-12T01:33:22.484+0000][10164][gc,task      ] GC(102) Using 2 of 4 workers for concurrent reset
[2020-07-12T01:33:22.484+0000][10164][gc           ] GC(102) Concurrent reset 433M->433M(4096M) 0.265ms
[2020-07-12T01:33:22.484+0000][10164][gc,start     ] GC(102) Pause Init Mark (unload classes)
[2020-07-12T01:33:22.484+0000][10164][gc,task      ] GC(102) Using 4 of 4 workers for init marking
[2020-07-12T01:33:22.485+0000][10164][gc,ergo      ] GC(102) Pacer for Mark. Expected Live: 22621K, Free: 3456M, Non-Taxable: 345M, Alloc Tax Rate: 0.0x
[2020-07-12T01:33:22.485+0000][10164][gc           ] GC(102) Pause Init Mark (unload classes) 0.657ms
[2020-07-12T01:33:22.485+0000][10164][safepoint    ] Safepoint "ShenandoahInitMark", Time since last: 114763200 ns, Reaching safepoint: 78622 ns, At safepoint: 677695 ns, Total: 756317 ns
[2020-07-12T01:33:22.485+0000][10164][gc,start     ] GC(102) Concurrent marking (unload classes)
[2020-07-12T01:33:22.485+0000][10164][gc,task      ] GC(102) Using 2 of 4 workers for concurrent marking
[2020-07-12T01:33:22.496+0000][10164][gc           ] GC(102) Concurrent marking (unload classes) 435M->453M(4096M) 11.350ms
[2020-07-12T01:33:22.496+0000][10164][gc,start     ] GC(102) Pause Final Mark (unload classes)
[2020-07-12T01:33:22.496+0000][10164][gc,task      ] GC(102) Using 4 of 4 workers for final marking
[2020-07-12T01:33:22.497+0000][10164][gc,ergo      ] GC(102) CSet Selection. Actual Free: 3982M, Max CSet: 2986M
[2020-07-12T01:33:22.497+0000][10164][gc,ergo      ] GC(102) Collectable Garbage: 65654K (15% of total), 1929K CSet, 33 CSet regions
[2020-07-12T01:33:22.497+0000][10164][gc,ergo      ] GC(102) Immediate Garbage: 346M (84% of total), 173 regions
[2020-07-12T01:33:22.497+0000][10164][gc,ergo      ] GC(102) Pacer for Evacuation. Used CSet: 67584K, Free: 3782M, Non-Taxable: 378M, Alloc Tax Rate: 1.1x
[2020-07-12T01:33:22.497+0000][10164][gc           ] GC(102) Pause Final Mark (unload classes) 1.000ms
[2020-07-12T01:33:22.497+0000][10164][safepoint    ] Safepoint "ShenandoahFinalMarkStartEvac", Time since last: 11522068 ns, Reaching safepoint: 84316 ns, At safepoint: 1020883 ns, Total: 1105199 ns
[2020-07-12T01:33:22.497+0000][10164][gc,start     ] GC(102) Concurrent roots processing
[2020-07-12T01:33:22.497+0000][10164][gc,task      ] GC(102) Using 2 of 4 workers for concurrent root processing
[2020-07-12T01:33:22.519+0000][10164][gc           ] GC(102) Concurrent roots processing 455M->471M(4096M) 21.407ms
[2020-07-12T01:33:22.519+0000][10164][gc,start     ] GC(102) Concurrent cleanup
[2020-07-12T01:33:22.519+0000][10164][gc           ] GC(102) Concurrent cleanup 471M->125M(4096M) 0.161ms
[2020-07-12T01:33:22.519+0000][10164][gc,ergo      ] GC(102) Free: 3764M (1884 regions), Max regular: 2048K, Max humongous: 3410M, External frag: 10%, Internal frag: 0%
[2020-07-12T01:33:22.519+0000][10164][gc,ergo      ] GC(102) Evacuation Reserve: 205M (103 regions), Max regular: 2048K
[2020-07-12T01:33:22.519+0000][10164][gc,start     ] GC(102) Concurrent evacuation
[2020-07-12T01:33:22.519+0000][10164][gc,task      ] GC(102) Using 2 of 4 workers for concurrent evacuation
[2020-07-12T01:33:22.521+0000][10164][gc           ] GC(102) Concurrent evacuation 125M->127M(4096M) 2.365ms
[2020-07-12T01:33:22.522+0000][10164][gc,start     ] GC(102) Pause Init Update Refs
[2020-07-12T01:33:22.522+0000][10164][gc,ergo      ] GC(102) Pacer for Update Refs. Used: 127M, Free: 3764M, Non-Taxable: 376M, Alloc Tax Rate: 1.1x
[2020-07-12T01:33:22.522+0000][10164][gc           ] GC(102) Pause Init Update Refs 0.053ms
[2020-07-12T01:33:22.522+0000][10164][safepoint    ] Safepoint "ShenandoahInitUpdateRefs", Time since last: 24128059 ns, Reaching safepoint: 933175 ns, At safepoint: 77338 ns, Total: 1010513 ns
[2020-07-12T01:33:22.522+0000][10164][gc,start     ] GC(102) Concurrent update references
[2020-07-12T01:33:22.523+0000][10164][gc,task      ] GC(102) Using 2 of 4 workers for concurrent reference update
[2020-07-12T01:33:22.534+0000][10164][gc           ] GC(102) Concurrent update references 129M->145M(4096M) 11.128ms
[2020-07-12T01:33:22.534+0000][10164][gc,start     ] GC(102) Pause Final Update Refs
[2020-07-12T01:33:22.534+0000][10164][gc,task      ] GC(102) Using 4 of 4 workers for final reference update
[2020-07-12T01:33:22.534+0000][10164][gc           ] GC(102) Pause Final Update Refs 0.306ms
[2020-07-12T01:33:22.534+0000][10164][safepoint    ] Safepoint "ShenandoahFinalUpdateRefs", Time since last: 11236979 ns, Reaching safepoint: 112468 ns, At safepoint: 333280 ns, Total: 445748 ns
[2020-07-12T01:33:22.536+0000][10164][gc,start     ] GC(102) Concurrent cleanup
[2020-07-12T01:33:22.536+0000][10164][gc           ] GC(102) Concurrent cleanup 145M->79M(4096M) 0.148ms
[2020-07-12T01:33:22.537+0000][10164][gc,ergo      ] Free: 3810M (1908 regions), Max regular: 2048K, Max humongous: 3410M, External frag: 11%, Internal frag: 0%
[2020-07-12T01:33:22.537+0000][10164][gc,ergo      ] Evacuation Reserve: 206M (103 regions), Max regular: 2048K
[2020-07-12T01:33:22.537+0000][10164][gc,ergo      ] Pacer for Idle. Initial: 83886K, Alloc Tax Rate: 1.0x
[2020-07-12T01:33:27.347+0000][10164][gc           ] Trigger: Allocated since last cycle (409M) is larger than allocation threshold (409M)
[2020-07-12T01:33:27.347+0000][10164][gc,ergo      ] Free: 3456M (1732 regions), Max regular: 2048K, Max humongous: 3410M, External frag: 2%, Internal frag: 0%
[2020-07-12T01:33:27.347+0000][10164][gc,ergo      ] Evacuation Reserve: 206M (103 regions), Max regular: 2048K
[2020-07-12T01:33:27.347+0000][10164][gc,start     ] GC(103) Concurrent reset
[2020-07-12T01:33:27.347+0000][10164][gc,task      ] GC(103) Using 2 of 4 workers for concurrent reset
[2020-07-12T01:33:27.347+0000][10164][gc           ] GC(103) Concurrent reset 433M->433M(4096M) 0.202ms
[2020-07-12T01:33:27.347+0000][10164][gc,start     ] GC(103) Pause Init Mark (unload classes)
[2020-07-12T01:33:27.347+0000][10164][gc,task      ] GC(103) Using 4 of 4 workers for init marking
[2020-07-12T01:33:27.348+0000][10164][gc,ergo      ] GC(103) Pacer for Mark. Expected Live: 22661K, Free: 3456M, Non-Taxable: 345M, Alloc Tax Rate: 0.0x
[2020-07-12T01:33:27.348+0000][10164][gc           ] GC(103) Pause Init Mark (unload classes) 0.651ms
[2020-07-12T01:33:27.348+0000][10164][safepoint    ] Safepoint "ShenandoahInitMark", Time since last: 4812995043 ns, Reaching safepoint: 243595 ns, At safepoint: 676423 ns, Total: 920018 ns
[2020-07-12T01:33:27.349+0000][10164][gc,start     ] GC(103) Concurrent marking (unload classes)
[2020-07-12T01:33:27.349+0000][10164][gc,task      ] GC(103) Using 2 of 4 workers for concurrent marking
[2020-07-12T01:33:27.360+0000][10164][gc           ] GC(103) Concurrent marking (unload classes) 445M->449M(4096M) 11.491ms
[2020-07-12T01:33:27.360+0000][10164][gc,start     ] GC(103) Pause Final Mark (unload classes)
[2020-07-12T01:33:27.360+0000][10164][gc,task      ] GC(103) Using 4 of 4 workers for final marking
[2020-07-12T01:33:27.361+0000][10164][gc,ergo      ] GC(103) CSet Selection. Actual Free: 3987M, Max CSet: 2990M
[2020-07-12T01:33:27.361+0000][10164][gc,ergo      ] GC(103) Collectable Garbage: 63559K (15% of total), 1976K CSet, 32 CSet regions
[2020-07-12T01:33:27.361+0000][10164][gc,ergo      ] GC(103) Immediate Garbage: 347M (84% of total), 174 regions
[2020-07-12T01:33:27.361+0000][10164][gc,ergo      ] GC(103) Pacer for Evacuation. Used CSet: 65536K, Free: 3788M, Non-Taxable: 378M, Alloc Tax Rate: 1.1x
[2020-07-12T01:33:27.361+0000][10164][gc           ] GC(103) Pause Final Mark (unload classes) 0.970ms
[2020-07-12T01:33:27.361+0000][10164][safepoint    ] Safepoint "ShenandoahFinalMarkStartEvac", Time since last: 12059914 ns, Reaching safepoint: 85150 ns, At safepoint: 993635 ns, Total: 1078785 ns
[2020-07-12T01:33:27.361+0000][10164][gc,start     ] GC(103) Concurrent roots processing
[2020-07-12T01:33:27.361+0000][10164][gc,task      ] GC(103) Using 2 of 4 workers for concurrent root processing
[2020-07-12T01:33:27.386+0000][10164][gc           ] GC(103) Concurrent roots processing 451M->467M(4096M) 25.149ms
[2020-07-12T01:33:27.386+0000][10164][gc,start     ] GC(103) Concurrent cleanup
[2020-07-12T01:33:27.387+0000][10164][gc           ] GC(103) Concurrent cleanup 467M->119M(4096M) 0.160ms
[2020-07-12T01:33:27.387+0000][10164][gc,ergo      ] GC(103) Free: 3770M (1887 regions), Max regular: 2048K, Max humongous: 3418M, External frag: 10%, Internal frag: 0%
[2020-07-12T01:33:27.387+0000][10164][gc,ergo      ] GC(103) Evacuation Reserve: 205M (103 regions), Max regular: 2048K
[2020-07-12T01:33:27.387+0000][10164][gc,start     ] GC(103) Concurrent evacuation
[2020-07-12T01:33:27.387+0000][10164][gc,task      ] GC(103) Using 2 of 4 workers for concurrent evacuation
[2020-07-12T01:33:27.389+0000][10164][gc           ] GC(103) Concurrent evacuation 119M->123M(4096M) 2.449ms
[2020-07-12T01:33:27.390+0000][10164][gc,start     ] GC(103) Pause Init Update Refs
[2020-07-12T01:33:27.390+0000][10164][gc,ergo      ] GC(103) Pacer for Update Refs. Used: 123M, Free: 3768M, Non-Taxable: 376M, Alloc Tax Rate: 1.1x
[2020-07-12T01:33:27.391+0000][10164][gc           ] GC(103) Pause Init Update Refs 0.060ms
[2020-07-12T01:33:27.391+0000][10164][safepoint    ] Safepoint "ShenandoahInitUpdateRefs", Time since last: 27969834 ns, Reaching safepoint: 1266634 ns, At safepoint: 87172 ns, Total: 1353806 ns
[2020-07-12T01:33:27.391+0000][10164][gc,start     ] GC(103) Concurrent update references
[2020-07-12T01:33:27.391+0000][10164][gc,task      ] GC(103) Using 2 of 4 workers for concurrent reference update
[2020-07-12T01:33:27.402+0000][10164][gc           ] GC(103) Concurrent update references 125M->145M(4096M) 11.104ms
[2020-07-12T01:33:27.402+0000][10164][gc,start     ] GC(103) Pause Final Update Refs
[2020-07-12T01:33:27.402+0000][10164][gc,task      ] GC(103) Using 4 of 4 workers for final reference update
[2020-07-12T01:33:27.402+0000][10164][gc           ] GC(103) Pause Final Update Refs 0.306ms
[2020-07-12T01:33:27.403+0000][10164][safepoint    ] Safepoint "ShenandoahFinalUpdateRefs", Time since last: 11262158 ns, Reaching safepoint: 374718 ns, At safepoint: 335204 ns, Total: 709922 ns
[2020-07-12T01:33:27.403+0000][10164][gc,start     ] GC(103) Concurrent cleanup
[2020-07-12T01:33:27.403+0000][10164][gc           ] GC(103) Concurrent cleanup 145M->83M(4096M) 0.139ms
[2020-07-12T01:33:27.403+0000][10164][gc,ergo      ] Free: 3806M (1905 regions), Max regular: 2048K, Max humongous: 3452M, External frag: 10%, Internal frag: 0%
[2020-07-12T01:33:27.403+0000][10164][gc,ergo      ] Evacuation Reserve: 206M (103 regions), Max regular: 2048K
[2020-07-12T01:33:27.403+0000][10164][gc,ergo      ] Pacer for Idle. Initial: 83886K, Alloc Tax Rate: 1.0x
[2020-07-12T01:33:30.092+0000][10164][safepoint    ] Safepoint "PrintThreads", Time since last: 2688722761 ns, Reaching safepoint: 80936 ns, At safepoint: 805831 ns, Total: 886767 ns
[2020-07-12T01:33:30.092+0000][10164][safepoint    ] Safepoint "PrintJNI", Time since last: 35098 ns, Reaching safepoint: 43300 ns, At safepoint: 2571 ns, Total: 45871 ns
[2020-07-12T01:33:30.092+0000][10164][safepoint    ] Safepoint "FindDeadlocks", Time since last: 16430 ns, Reaching safepoint: 57660 ns, At safepoint: 4946 ns, Total: 62606 ns
[2020-07-12T01:33:31.095+0000][10164][safepoint    ] Safepoint "Cleanup", Time since last: 1001402186 ns, Reaching safepoint: 1280763 ns, At safepoint: 34644 ns, Total: 1315407 ns
[2020-07-12T01:33:32.015+0000][10164][gc           ] Trigger: Allocated since last cycle (410M) is larger than allocation threshold (409M)
[2020-07-12T01:33:32.015+0000][10164][gc,ergo      ] Free: 3456M (1731 regions), Max regular: 2048K, Max humongous: 3450M, External frag: 1%, Internal frag: 0%
[2020-07-12T01:33:32.015+0000][10164][gc,ergo      ] Evacuation Reserve: 206M (103 regions), Max regular: 2048K
[2020-07-12T01:33:32.015+0000][10164][gc,start     ] GC(104) Concurrent reset
[2020-07-12T01:33:32.015+0000][10164][gc,task      ] GC(104) Using 2 of 4 workers for concurrent reset
[2020-07-12T01:33:32.016+0000][10164][gc           ] GC(104) Concurrent reset 433M->433M(4096M) 0.697ms
[2020-07-12T01:33:32.017+0000][10164][gc,start     ] GC(104) Pause Init Mark (unload classes)
[2020-07-12T01:33:32.017+0000][10164][gc,task      ] GC(104) Using 4 of 4 workers for init marking
[2020-07-12T01:33:32.018+0000][10164][gc,ergo      ] GC(104) Pacer for Mark. Expected Live: 22699K, Free: 3456M, Non-Taxable: 345M, Alloc Tax Rate: 0.0x
[2020-07-12T01:33:32.018+0000][10164][gc           ] GC(104) Pause Init Mark (unload classes) 0.896ms
[2020-07-12T01:33:32.018+0000][10164][safepoint    ] Safepoint "ShenandoahInitMark", Time since last: 921223060 ns, Reaching safepoint: 682114 ns, At safepoint: 926015 ns, Total: 1608129 ns
[2020-07-12T01:33:32.018+0000][10164][gc,start     ] GC(104) Concurrent marking (unload classes)
[2020-07-12T01:33:32.018+0000][10164][gc,task      ] GC(104) Using 2 of 4 workers for concurrent marking
[2020-07-12T01:33:32.037+0000][10164][gc           ] GC(104) Concurrent marking (unload classes) 433M->453M(4096M) 19.596ms
[2020-07-12T01:33:32.038+0000][10164][gc,start     ] GC(104) Pause Final Mark (unload classes)
[2020-07-12T01:33:32.038+0000][10164][gc,task      ] GC(104) Using 4 of 4 workers for final marking
[2020-07-12T01:33:32.038+0000][10164][gc,ergo      ] GC(104) CSet Selection. Actual Free: 3974M, Max CSet: 2980M
[2020-07-12T01:33:32.038+0000][10164][gc,ergo      ] GC(104) Collectable Garbage: 73627K (17% of total), 100K CSet, 36 CSet regions
[2020-07-12T01:33:32.038+0000][10164][gc,ergo      ] GC(104) Immediate Garbage: 338M (82% of total), 169 regions
[2020-07-12T01:33:32.039+0000][10164][gc,ergo      ] GC(104) Pacer for Evacuation. Used CSet: 73728K, Free: 3774M, Non-Taxable: 377M, Alloc Tax Rate: 1.1x
[2020-07-12T01:33:32.039+0000][10164][gc           ] GC(104) Pause Final Mark (unload classes) 0.995ms
[2020-07-12T01:33:32.039+0000][10164][safepoint    ] Safepoint "ShenandoahFinalMarkStartEvac", Time since last: 19648440 ns, Reaching safepoint: 177470 ns, At safepoint: 1021424 ns, Total: 1198894 ns
[2020-07-12T01:33:32.039+0000][10164][gc,start     ] GC(104) Concurrent roots processing
[2020-07-12T01:33:32.039+0000][10164][gc,task      ] GC(104) Using 2 of 4 workers for concurrent root processing
[2020-07-12T01:33:32.064+0000][10164][gc           ] GC(104) Concurrent roots processing 453M->477M(4096M) 25.084ms
[2020-07-12T01:33:32.064+0000][10164][gc,start     ] GC(104) Concurrent cleanup
[2020-07-12T01:33:32.064+0000][10164][gc           ] GC(104) Concurrent cleanup 477M->139M(4096M) 0.277ms
[2020-07-12T01:33:32.064+0000][10164][gc,ergo      ] GC(104) Free: 3750M (1878 regions), Max regular: 2048K, Max humongous: 3406M, External frag: 10%, Internal frag: 0%
[2020-07-12T01:33:32.064+0000][10164][gc,ergo      ] GC(104) Evacuation Reserve: 205M (103 regions), Max regular: 2048K
[2020-07-12T01:33:32.064+0000][10164][gc,start     ] GC(104) Concurrent evacuation
[2020-07-12T01:33:32.064+0000][10164][gc,task      ] GC(104) Using 2 of 4 workers for concurrent evacuation
[2020-07-12T01:33:32.064+0000][10164][gc           ] GC(104) Concurrent evacuation 139M->139M(4096M) 0.332ms
[2020-07-12T01:33:32.066+0000][10164][gc,start     ] GC(104) Pause Init Update Refs
[2020-07-12T01:33:32.066+0000][10164][gc,ergo      ] GC(104) Pacer for Update Refs. Used: 139M, Free: 3750M, Non-Taxable: 375M, Alloc Tax Rate: 1.1x
[2020-07-12T01:33:32.066+0000][10164][gc           ] GC(104) Pause Init Update Refs 0.072ms
[2020-07-12T01:33:32.066+0000][10164][safepoint    ] Safepoint "ShenandoahInitUpdateRefs", Time since last: 25842583 ns, Reaching safepoint: 1699660 ns, At safepoint: 99224 ns, Total: 1798884 ns
[2020-07-12T01:33:32.066+0000][10164][gc,start     ] GC(104) Concurrent update references
[2020-07-12T01:33:32.066+0000][10164][gc,task      ] GC(104) Using 2 of 4 workers for concurrent reference update
[2020-07-12T01:33:32.079+0000][10164][gc           ] GC(104) Concurrent update references 139M->161M(4096M) 12.692ms
[2020-07-12T01:33:32.080+0000][10164][gc,start     ] GC(104) Pause Final Update Refs
[2020-07-12T01:33:32.080+0000][10164][gc,task      ] GC(104) Using 4 of 4 workers for final reference update
[2020-07-12T01:33:32.080+0000][10164][gc           ] GC(104) Pause Final Update Refs 0.211ms
[2020-07-12T01:33:32.080+0000][10164][safepoint    ] Safepoint "ShenandoahFinalUpdateRefs", Time since last: 12742251 ns, Reaching safepoint: 826091 ns, At safepoint: 237455 ns, Total: 1063546 ns
[2020-07-12T01:33:32.080+0000][10164][gc,start     ] GC(104) Concurrent cleanup
[2020-07-12T01:33:32.080+0000][10164][gc           ] GC(104) Concurrent cleanup 161M->89M(4096M) 0.120ms
[2020-07-12T01:33:32.080+0000][10164][gc,ergo      ] Free: 3800M (1904 regions), Max regular: 2048K, Max humongous: 3404M, External frag: 11%, Internal frag: 0%
[2020-07-12T01:33:32.080+0000][10164][gc,ergo      ] Evacuation Reserve: 206M (103 regions), Max regular: 2048K
[2020-07-12T01:33:32.080+0000][10164][gc,ergo      ] Pacer for Idle. Initial: 83886K, Alloc Tax Rate: 1.0x
[2020-07-12T01:33:33.081+0000][10164][safepoint    ] Safepoint "Cleanup", Time since last: 1001069489 ns, Reaching safepoint: 150361 ns, At safepoint: 3393 ns, Total: 153754 ns
[2020-07-12T01:33:36.905+0000][10164][gc           ] Trigger: Allocated since last cycle (409M) is larger than allocation threshold (409M)
[2020-07-12T01:33:36.905+0000][10164][gc,ergo      ] Free: 3456M (1731 regions), Max regular: 2048K, Max humongous: 3404M, External frag: 2%, Internal frag: 0%
[2020-07-12T01:33:36.905+0000][10164][gc,ergo      ] Evacuation Reserve: 206M (103 regions), Max regular: 2048K
[2020-07-12T01:33:36.905+0000][10164][gc,start     ] GC(105) Concurrent reset
[2020-07-12T01:33:36.905+0000][10164][gc,task      ] GC(105) Using 2 of 4 workers for concurrent reset
[2020-07-12T01:33:36.906+0000][10164][gc           ] GC(105) Concurrent reset 433M->433M(4096M) 0.318ms
[2020-07-12T01:33:36.906+0000][10164][gc,start     ] GC(105) Pause Init Mark (process weakrefs) (unload classes)
[2020-07-12T01:33:36.906+0000][10164][gc,task      ] GC(105) Using 4 of 4 workers for init marking
[2020-07-12T01:33:36.907+0000][10164][gc,ergo      ] GC(105) Pacer for Mark. Expected Live: 22735K, Free: 3456M, Non-Taxable: 345M, Alloc Tax Rate: 0.0x
[2020-07-12T01:33:36.907+0000][10164][gc           ] GC(105) Pause Init Mark (process weakrefs) (unload classes) 0.637ms
[2020-07-12T01:33:36.907+0000][10164][safepoint    ] Safepoint "ShenandoahInitMark", Time since last: 3824753183 ns, Reaching safepoint: 169718 ns, At safepoint: 661479 ns, Total: 831197 ns
[2020-07-12T01:33:36.907+0000][10164][gc,start     ] GC(105) Concurrent marking (process weakrefs) (unload classes)
[2020-07-12T01:33:36.907+0000][10164][gc,task      ] GC(105) Using 2 of 4 workers for concurrent marking
[2020-07-12T01:33:36.920+0000][10164][gc           ] GC(105) Concurrent marking (process weakrefs) (unload classes) 435M->461M(4096M) 12.632ms
[2020-07-12T01:33:36.920+0000][10164][gc,start     ] GC(105) Concurrent precleaning
[2020-07-12T01:33:36.920+0000][10164][gc,task      ] GC(105) Using 1 of 4 workers for concurrent preclean
[2020-07-12T01:33:36.920+0000][10164][gc           ] GC(105) Concurrent precleaning 461M->461M(4096M) 0.472ms
[2020-07-12T01:33:36.921+0000][10164][gc,start     ] GC(105) Pause Final Mark (process weakrefs) (unload classes)
[2020-07-12T01:33:36.921+0000][10164][gc,task      ] GC(105) Using 4 of 4 workers for final marking
[2020-07-12T01:33:36.922+0000][10164][gc,ergo      ] GC(105) CSet Selection. Actual Free: 3969M, Max CSet: 2977M
[2020-07-12T01:33:36.922+0000][10164][gc,ergo      ] GC(105) Collectable Garbage: 67974K (16% of total), 3705K CSet, 35 CSet regions
[2020-07-12T01:33:36.922+0000][10164][gc,ergo      ] GC(105) Immediate Garbage: 343M (83% of total), 172 regions
[2020-07-12T01:33:36.922+0000][10164][gc,ergo      ] GC(105) Pacer for Evacuation. Used CSet: 71680K, Free: 3772M, Non-Taxable: 377M, Alloc Tax Rate: 1.1x
[2020-07-12T01:33:36.922+0000][10164][gc           ] GC(105) Pause Final Mark (process weakrefs) (unload classes) 0.926ms
[2020-07-12T01:33:36.922+0000][10164][safepoint    ] Safepoint "ShenandoahFinalMarkStartEvac", Time since last: 13264445 ns, Reaching safepoint: 1040355 ns, At safepoint: 951392 ns, Total: 1991747 ns
[2020-07-12T01:33:36.922+0000][10164][gc,start     ] GC(105) Concurrent roots processing
[2020-07-12T01:33:36.922+0000][10164][gc,task      ] GC(105) Using 2 of 4 workers for concurrent root processing
[2020-07-12T01:33:36.956+0000][10164][gc           ] GC(105) Concurrent roots processing 461M->486M(4096M) 33.503ms
[2020-07-12T01:33:36.956+0000][10164][gc,start     ] GC(105) Concurrent cleanup
[2020-07-12T01:33:36.956+0000][10164][gc           ] GC(105) Concurrent cleanup 486M->142M(4096M) 0.271ms
[2020-07-12T01:33:36.956+0000][10164][gc,ergo      ] GC(105) Free: 3748M (1876 regions), Max regular: 2048K, Max humongous: 3394M, External frag: 10%, Internal frag: 0%
[2020-07-12T01:33:36.956+0000][10164][gc,ergo      ] GC(105) Evacuation Reserve: 205M (103 regions), Max regular: 2048K
[2020-07-12T01:33:36.956+0000][10164][gc,start     ] GC(105) Concurrent evacuation
[2020-07-12T01:33:36.956+0000][10164][gc,task      ] GC(105) Using 2 of 4 workers for concurrent evacuation
[2020-07-12T01:33:36.958+0000][10164][gc           ] GC(105) Concurrent evacuation 142M->145M(4096M) 2.423ms
[2020-07-12T01:33:36.960+0000][10164][gc,start     ] GC(105) Pause Init Update Refs
[2020-07-12T01:33:36.960+0000][10164][gc,ergo      ] GC(105) Pacer for Update Refs. Used: 145M, Free: 3748M, Non-Taxable: 374M, Alloc Tax Rate: 1.1x
[2020-07-12T01:33:36.960+0000][10164][gc           ] GC(105) Pause Init Update Refs 0.061ms
[2020-07-12T01:33:36.960+0000][10164][safepoint    ] Safepoint "ShenandoahInitUpdateRefs", Time since last: 36349170 ns, Reaching safepoint: 1100689 ns, At safepoint: 104361 ns, Total: 1205050 ns
[2020-07-12T01:33:36.960+0000][10164][gc,start     ] GC(105) Concurrent update references
[2020-07-12T01:33:36.960+0000][10164][gc,task      ] GC(105) Using 2 of 4 workers for concurrent reference update
[2020-07-12T01:33:36.972+0000][10164][gc           ] GC(105) Concurrent update references 147M->167M(4096M) 12.384ms
[2020-07-12T01:33:36.972+0000][10164][gc,start     ] GC(105) Pause Final Update Refs
[2020-07-12T01:33:36.972+0000][10164][gc,task      ] GC(105) Using 4 of 4 workers for final reference update
[2020-07-12T01:33:36.973+0000][10164][gc           ] GC(105) Pause Final Update Refs 0.206ms
[2020-07-12T01:33:36.973+0000][10164][safepoint    ] Safepoint "ShenandoahFinalUpdateRefs", Time since last: 12495493 ns, Reaching safepoint: 190435 ns, At safepoint: 243092 ns, Total: 433527 ns
[2020-07-12T01:33:36.973+0000][10164][gc,start     ] GC(105) Concurrent cleanup
[2020-07-12T01:33:36.973+0000][10164][gc           ] GC(105) Concurrent cleanup 167M->97M(4096M) 0.120ms
[2020-07-12T01:33:36.973+0000][10164][gc,ergo      ] Free: 3792M (1899 regions), Max regular: 2048K, Max humongous: 3394M, External frag: 11%, Internal frag: 0%
[2020-07-12T01:33:36.973+0000][10164][gc,ergo      ] Evacuation Reserve: 206M (103 regions), Max regular: 2048K
[2020-07-12T01:33:36.973+0000][10164][gc,ergo      ] Pacer for Idle. Initial: 83886K, Alloc Tax Rate: 1.0x
[2020-07-12T01:33:37.974+0000][10164][safepoint    ] Safepoint "Cleanup", Time since last: 1000925011 ns, Reaching safepoint: 486280 ns, At safepoint: 8512 ns, Total: 494792 ns
[2020-07-12T01:33:38.974+0000][10164][safepoint    ] Safepoint "Cleanup", Time since last: 1000244182 ns, Reaching safepoint: 104627 ns, At safepoint: 1761 ns, Total: 106388 ns
[2020-07-12T01:33:40.499+0000][10164][gc           ] Trigger: Allocated since last cycle (409M) is larger than allocation threshold (409M)
[2020-07-12T01:33:40.499+0000][10164][gc,ergo      ] Free: 3456M (1731 regions), Max regular: 2048K, Max humongous: 3394M, External frag: 2%, Internal frag: 0%
[2020-07-12T01:33:40.499+0000][10164][gc,ergo      ] Evacuation Reserve: 206M (103 regions), Max regular: 2048K
[2020-07-12T01:33:40.499+0000][10164][gc,start     ] GC(106) Concurrent reset
[2020-07-12T01:33:40.499+0000][10164][gc,task      ] GC(106) Using 2 of 4 workers for concurrent reset
[2020-07-12T01:33:40.500+0000][10164][gc           ] GC(106) Concurrent reset 433M->433M(4096M) 0.254ms
[2020-07-12T01:33:40.501+0000][10164][gc,start     ] GC(106) Pause Init Mark (unload classes)
[2020-07-12T01:33:40.501+0000][10164][gc,task      ] GC(106) Using 4 of 4 workers for init marking
[2020-07-12T01:33:40.501+0000][10164][gc,ergo      ] GC(106) Pacer for Mark. Expected Live: 22769K, Free: 3456M, Non-Taxable: 345M, Alloc Tax Rate: 0.0x
[2020-07-12T01:33:40.501+0000][10164][gc           ] GC(106) Pause Init Mark (unload classes) 0.534ms
[2020-07-12T01:33:40.501+0000][10164][safepoint    ] Safepoint "ShenandoahInitMark", Time since last: 1525162945 ns, Reaching safepoint: 1002154 ns, At safepoint: 558986 ns, Total: 1561140 ns
[2020-07-12T01:33:40.501+0000][10164][gc,start     ] GC(106) Concurrent marking (unload classes)
[2020-07-12T01:33:40.501+0000][10164][gc,task      ] GC(106) Using 2 of 4 workers for concurrent marking
[2020-07-12T01:33:40.512+0000][10164][gc           ] GC(106) Concurrent marking (unload classes) 435M->455M(4096M) 11.145ms
[2020-07-12T01:33:40.513+0000][10164][gc,start     ] GC(106) Pause Final Mark (unload classes)
[2020-07-12T01:33:40.513+0000][10164][gc,task      ] GC(106) Using 4 of 4 workers for final marking
[2020-07-12T01:33:40.513+0000][10164][gc,ergo      ] GC(106) CSet Selection. Actual Free: 3962M, Max CSet: 2971M
[2020-07-12T01:33:40.513+0000][10164][gc,ergo      ] GC(106) Collectable Garbage: 81942K (19% of total), 2025K CSet, 41 CSet regions
[2020-07-12T01:33:40.513+0000][10164][gc,ergo      ] GC(106) Immediate Garbage: 330M (80% of total), 165 regions
[2020-07-12T01:33:40.513+0000][10164][gc,ergo      ] GC(106) Pacer for Evacuation. Used CSet: 83968K, Free: 3764M, Non-Taxable: 376M, Alloc Tax Rate: 1.1x
[2020-07-12T01:33:40.513+0000][10164][gc           ] GC(106) Pause Final Mark (unload classes) 0.844ms
[2020-07-12T01:33:40.514+0000][10164][safepoint    ] Safepoint "ShenandoahFinalMarkStartEvac", Time since last: 11398231 ns, Reaching safepoint: 87449 ns, At safepoint: 871353 ns, Total: 958802 ns
[2020-07-12T01:33:40.514+0000][10164][gc,start     ] GC(106) Concurrent roots processing
[2020-07-12T01:33:40.514+0000][10164][gc,task      ] GC(106) Using 2 of 4 workers for concurrent root processing
[2020-07-12T01:33:40.548+0000][10164][gc           ] GC(106) Concurrent roots processing 457M->482M(4096M) 34.075ms
[2020-07-12T01:33:40.548+0000][10164][gc,start     ] GC(106) Concurrent cleanup
[2020-07-12T01:33:40.548+0000][10164][gc           ] GC(106) Concurrent cleanup 482M->152M(4096M) 0.163ms
[2020-07-12T01:33:40.548+0000][10164][gc,ergo      ] GC(106) Free: 3738M (1872 regions), Max regular: 2048K, Max humongous: 3408M, External frag: 9%, Internal frag: 0%
[2020-07-12T01:33:40.548+0000][10164][gc,ergo      ] GC(106) Evacuation Reserve: 205M (103 regions), Max regular: 2048K
[2020-07-12T01:33:40.548+0000][10164][gc,start     ] GC(106) Concurrent evacuation
[2020-07-12T01:33:40.548+0000][10164][gc,task      ] GC(106) Using 2 of 4 workers for concurrent evacuation
[2020-07-12T01:33:40.550+0000][10164][gc           ] GC(106) Concurrent evacuation 152M->156M(4096M) 1.864ms
[2020-07-12T01:33:40.551+0000][10164][gc,start     ] GC(106) Pause Init Update Refs
[2020-07-12T01:33:40.551+0000][10164][gc,ergo      ] GC(106) Pacer for Update Refs. Used: 156M, Free: 3736M, Non-Taxable: 373M, Alloc Tax Rate: 1.1x
[2020-07-12T01:33:40.551+0000][10164][gc           ] GC(106) Pause Init Update Refs 0.053ms
[2020-07-12T01:33:40.551+0000][10164][safepoint    ] Safepoint "ShenandoahInitUpdateRefs", Time since last: 36290084 ns, Reaching safepoint: 1000975 ns, At safepoint: 86907 ns, Total: 1087882 ns
[2020-07-12T01:33:40.551+0000][10164][gc,start     ] GC(106) Concurrent update references
[2020-07-12T01:33:40.551+0000][10164][gc,task      ] GC(106) Using 2 of 4 workers for concurrent reference update
[2020-07-12T01:33:40.563+0000][10164][gc           ] GC(106) Concurrent update references 158M->174M(4096M) 12.349ms
[2020-07-12T01:33:40.563+0000][10164][gc,start     ] GC(106) Pause Final Update Refs
[2020-07-12T01:33:40.563+0000][10164][gc,task      ] GC(106) Using 4 of 4 workers for final reference update
[2020-07-12T01:33:40.564+0000][10164][gc           ] GC(106) Pause Final Update Refs 0.192ms
[2020-07-12T01:33:40.564+0000][10164][safepoint    ] Safepoint "ShenandoahFinalUpdateRefs", Time since last: 12460287 ns, Reaching safepoint: 96305 ns, At safepoint: 217274 ns, Total: 313579 ns
[2020-07-12T01:33:40.564+0000][10164][gc,start     ] GC(106) Concurrent cleanup
[2020-07-12T01:33:40.564+0000][10164][gc           ] GC(106) Concurrent cleanup 174M->92M(4096M) 0.136ms
[2020-07-12T01:33:40.564+0000][10164][gc,ergo      ] Free: 3797M (1902 regions), Max regular: 2048K, Max humongous: 3406M, External frag: 11%, Internal frag: 0%
[2020-07-12T01:33:40.564+0000][10164][gc,ergo      ] Evacuation Reserve: 206M (103 regions), Max regular: 2048K
[2020-07-12T01:33:40.564+0000][10164][gc,ergo      ] Pacer for Idle. Initial: 83886K, Alloc Tax Rate: 1.0x
[2020-07-12T01:33:41.564+0000][10164][safepoint    ] Safepoint "Cleanup", Time since last: 1000437749 ns, Reaching safepoint: 117190 ns, At safepoint: 1641 ns, Total: 118831 ns
[2020-07-12T01:33:42.566+0000][10164][safepoint    ] Safepoint "Cleanup", Time since last: 1001339042 ns, Reaching safepoint: 102906 ns, At safepoint: 5843 ns, Total: 108749 ns
[2020-07-12T01:33:43.566+0000][10164][safepoint    ] Safepoint "Cleanup", Time since last: 1000160427 ns, Reaching safepoint: 142325 ns, At safepoint: 5048 ns, Total: 147373 ns
[2020-07-12T01:33:44.566+0000][10164][safepoint    ] Safepoint "Cleanup", Time since last: 1000078292 ns, Reaching safepoint: 281420 ns, At safepoint: 2894 ns, Total: 284314 ns
[2020-07-12T01:33:45.367+0000][10164][gc           ] Trigger: Allocated since last cycle (409M) is larger than allocation threshold (409M)
[2020-07-12T01:33:45.367+0000][10164][gc,ergo      ] Free: 3455M (1732 regions), Max regular: 2048K, Max humongous: 3406M, External frag: 2%, Internal frag: 0%
[2020-07-12T01:33:45.367+0000][10164][gc,ergo      ] Evacuation Reserve: 206M (103 regions), Max regular: 2048K
[2020-07-12T01:33:45.367+0000][10164][gc,start     ] GC(107) Concurrent reset
[2020-07-12T01:33:45.367+0000][10164][gc,task      ] GC(107) Using 2 of 4 workers for concurrent reset
[2020-07-12T01:33:45.368+0000][10164][gc           ] GC(107) Concurrent reset 434M->434M(4096M) 0.265ms
[2020-07-12T01:33:45.368+0000][10164][gc,start     ] GC(107) Pause Init Mark (unload classes)
[2020-07-12T01:33:45.368+0000][10164][gc,task      ] GC(107) Using 4 of 4 workers for init marking
[2020-07-12T01:33:45.369+0000][10164][gc,ergo      ] GC(107) Pacer for Mark. Expected Live: 22811K, Free: 3455M, Non-Taxable: 345M, Alloc Tax Rate: 0.0x
[2020-07-12T01:33:45.369+0000][10164][gc           ] GC(107) Pause Init Mark (unload classes) 0.795ms
[2020-07-12T01:33:45.369+0000][10164][safepoint    ] Safepoint "ShenandoahInitMark", Time since last: 801428493 ns, Reaching safepoint: 615259 ns, At safepoint: 825070 ns, Total: 1440329 ns
[2020-07-12T01:33:45.369+0000][10164][gc,start     ] GC(107) Concurrent marking (unload classes)
[2020-07-12T01:33:45.369+0000][10164][gc,task      ] GC(107) Using 2 of 4 workers for concurrent marking
[2020-07-12T01:33:45.381+0000][10164][gc           ] GC(107) Concurrent marking (unload classes) 434M->460M(4096M) 12.154ms
[2020-07-12T01:33:45.382+0000][10164][gc,start     ] GC(107) Pause Final Mark (unload classes)
[2020-07-12T01:33:45.382+0000][10164][gc,task      ] GC(107) Using 4 of 4 workers for final marking
[2020-07-12T01:33:45.382+0000][10164][gc,ergo      ] GC(107) CSet Selection. Actual Free: 3965M, Max CSet: 2974M
[2020-07-12T01:33:45.382+0000][10164][gc,ergo      ] GC(107) Collectable Garbage: 72688K (17% of total), 2071K CSet, 37 CSet regions
[2020-07-12T01:33:45.382+0000][10164][gc,ergo      ] GC(107) Immediate Garbage: 339M (82% of total), 170 regions
[2020-07-12T01:33:45.383+0000][10164][gc,ergo      ] GC(107) Pacer for Evacuation. Used CSet: 74760K, Free: 3768M, Non-Taxable: 376M, Alloc Tax Rate: 1.1x
[2020-07-12T01:33:45.383+0000][10164][gc           ] GC(107) Pause Final Mark (unload classes) 0.966ms
[2020-07-12T01:33:45.383+0000][10164][safepoint    ] Safepoint "ShenandoahFinalMarkStartEvac", Time since last: 12233063 ns, Reaching safepoint: 103485 ns, At safepoint: 991112 ns, Total: 1094597 ns
[2020-07-12T01:33:45.383+0000][10164][gc,start     ] GC(107) Concurrent roots processing
[2020-07-12T01:33:45.383+0000][10164][gc,task      ] GC(107) Using 2 of 4 workers for concurrent root processing
[2020-07-12T01:33:45.407+0000][10164][gc           ] GC(107) Concurrent roots processing 460M->483M(4096M) 24.472ms
[2020-07-12T01:33:45.407+0000][10164][gc,start     ] GC(107) Concurrent cleanup
[2020-07-12T01:33:45.407+0000][10164][gc           ] GC(107) Concurrent cleanup 483M->143M(4096M) 0.235ms
[2020-07-12T01:33:45.407+0000][10164][gc,ergo      ] GC(107) Free: 3746M (1876 regions), Max regular: 2048K, Max humongous: 3398M, External frag: 10%, Internal frag: 0%
[2020-07-12T01:33:45.407+0000][10164][gc,ergo      ] GC(107) Evacuation Reserve: 205M (103 regions), Max regular: 2048K
[2020-07-12T01:33:45.407+0000][10164][gc,start     ] GC(107) Concurrent evacuation
[2020-07-12T01:33:45.407+0000][10164][gc,task      ] GC(107) Using 2 of 4 workers for concurrent evacuation
[2020-07-12T01:33:45.409+0000][10164][gc           ] GC(107) Concurrent evacuation 143M->145M(4096M) 1.414ms
[2020-07-12T01:33:45.411+0000][10164][gc,start     ] GC(107) Pause Init Update Refs
[2020-07-12T01:33:45.411+0000][10164][gc,ergo      ] GC(107) Pacer for Update Refs. Used: 145M, Free: 3746M, Non-Taxable: 374M, Alloc Tax Rate: 1.1x
[2020-07-12T01:33:45.411+0000][10164][gc           ] GC(107) Pause Init Update Refs 0.061ms
[2020-07-12T01:33:45.411+0000][10164][safepoint    ] Safepoint "ShenandoahInitUpdateRefs", Time since last: 26238539 ns, Reaching safepoint: 2091708 ns, At safepoint: 85180 ns, Total: 2176888 ns
[2020-07-12T01:33:45.411+0000][10164][gc,start     ] GC(107) Concurrent update references
[2020-07-12T01:33:45.411+0000][10164][gc,task      ] GC(107) Using 2 of 4 workers for concurrent reference update
[2020-07-12T01:33:45.425+0000][10164][gc           ] GC(107) Concurrent update references 145M->167M(4096M) 14.052ms
[2020-07-12T01:33:45.425+0000][10164][gc,start     ] GC(107) Pause Final Update Refs
[2020-07-12T01:33:45.425+0000][10164][gc,task      ] GC(107) Using 4 of 4 workers for final reference update
[2020-07-12T01:33:45.425+0000][10164][gc           ] GC(107) Pause Final Update Refs 0.210ms
[2020-07-12T01:33:45.425+0000][10164][safepoint    ] Safepoint "ShenandoahFinalUpdateRefs", Time since last: 14101208 ns, Reaching safepoint: 85848 ns, At safepoint: 245060 ns, Total: 330908 ns
[2020-07-12T01:33:45.425+0000][10164][gc,start     ] GC(107) Concurrent cleanup
[2020-07-12T01:33:45.425+0000][10164][gc           ] GC(107) Concurrent cleanup 167M->94M(4096M) 0.099ms
[2020-07-12T01:33:45.426+0000][10164][gc,ergo      ] Free: 3795M (1901 regions), Max regular: 2048K, Max humongous: 3398M, External frag: 11%, Internal frag: 0%
[2020-07-12T01:33:45.426+0000][10164][gc,ergo      ] Evacuation Reserve: 206M (103 regions), Max regular: 2048K
[2020-07-12T01:33:45.426+0000][10164][gc,ergo      ] Pacer for Idle. Initial: 83886K, Alloc Tax Rate: 1.0x
[2020-07-12T01:33:47.373+0000][10164][safepoint    ] Safepoint "ClassLoaderStatsOperation", Time since last: 1945717858 ns, Reaching safepoint: 427353 ns, At safepoint: 1907445 ns, Total: 2334798 ns
[2020-07-12T01:33:47.380+0000][10164][safepoint    ] Safepoint "JFRCheckpoint", Time since last: 5972990 ns, Reaching safepoint: 84202 ns, At safepoint: 471744 ns, Total: 555946 ns
[2020-07-12T01:33:47.388+0000][10164][safepoint    ] Safepoint "ClassLoaderStatsOperation", Time since last: 6404863 ns, Reaching safepoint: 82722 ns, At safepoint: 1376348 ns, Total: 1459070 ns
[2020-07-12T01:33:48.388+0000][10164][safepoint    ] Safepoint "Cleanup", Time since last: 1000155418 ns, Reaching safepoint: 105911 ns, At safepoint: 5190 ns, Total: 111101 ns
[2020-07-12T01:33:49.519+0000][10164][gc           ] Trigger: Allocated since last cycle (409M) is larger than allocation threshold (409M)
[2020-07-12T01:33:49.519+0000][10164][gc,ergo      ] Free: 3455M (1732 regions), Max regular: 2048K, Max humongous: 3398M, External frag: 2%, Internal frag: 0%
[2020-07-12T01:33:49.519+0000][10164][gc,ergo      ] Evacuation Reserve: 206M (103 regions), Max regular: 2048K
[2020-07-12T01:33:49.519+0000][10164][gc,start     ] GC(108) Concurrent reset
[2020-07-12T01:33:49.519+0000][10164][gc,task      ] GC(108) Using 2 of 4 workers for concurrent reset
[2020-07-12T01:33:49.519+0000][10164][gc           ] GC(108) Concurrent reset 434M->434M(4096M) 0.267ms
[2020-07-12T01:33:49.520+0000][10164][gc,start     ] GC(108) Pause Init Mark (unload classes)
[2020-07-12T01:33:49.520+0000][10164][gc,task      ] GC(108) Using 4 of 4 workers for init marking
[2020-07-12T01:33:49.520+0000][10164][gc,ergo      ] GC(108) Pacer for Mark. Expected Live: 22853K, Free: 3455M, Non-Taxable: 345M, Alloc Tax Rate: 0.0x
[2020-07-12T01:33:49.520+0000][10164][gc           ] GC(108) Pause Init Mark (unload classes) 0.588ms
[2020-07-12T01:33:49.520+0000][10164][safepoint    ] Safepoint "ShenandoahInitMark", Time since last: 1131406108 ns, Reaching safepoint: 91954 ns, At safepoint: 615006 ns, Total: 706960 ns
[2020-07-12T01:33:49.520+0000][10164][gc,start     ] GC(108) Concurrent marking (unload classes)
[2020-07-12T01:33:49.520+0000][10164][gc,task      ] GC(108) Using 2 of 4 workers for concurrent marking
[2020-07-12T01:33:49.536+0000][10164][gc           ] GC(108) Concurrent marking (unload classes) 436M->452M(4096M) 15.700ms
[2020-07-12T01:33:49.536+0000][10164][gc,start     ] GC(108) Pause Final Mark (unload classes)
[2020-07-12T01:33:49.536+0000][10164][gc,task      ] GC(108) Using 4 of 4 workers for final marking
[2020-07-12T01:33:49.537+0000][10164][gc,ergo      ] GC(108) CSet Selection. Actual Free: 3980M, Max CSet: 2985M
[2020-07-12T01:33:49.537+0000][10164][gc,ergo      ] GC(108) Collectable Garbage: 66566K (15% of total), 3817K CSet, 35 CSet regions
[2020-07-12T01:33:49.537+0000][10164][gc,ergo      ] GC(108) Immediate Garbage: 346M (83% of total), 173 regions
[2020-07-12T01:33:49.537+0000][10164][gc,ergo      ] GC(108) Pacer for Evacuation. Used CSet: 70383K, Free: 3781M, Non-Taxable: 378M, Alloc Tax Rate: 1.1x
[2020-07-12T01:33:49.537+0000][10164][gc           ] GC(108) Pause Final Mark (unload classes) 0.916ms
[2020-07-12T01:33:49.537+0000][10164][safepoint    ] Safepoint "ShenandoahFinalMarkStartEvac", Time since last: 15844725 ns, Reaching safepoint: 97409 ns, At safepoint: 942855 ns, Total: 1040264 ns
[2020-07-12T01:33:49.537+0000][10164][gc,start     ] GC(108) Concurrent roots processing
[2020-07-12T01:33:49.537+0000][10164][gc,task      ] GC(108) Using 2 of 4 workers for concurrent root processing
[2020-07-12T01:33:49.568+0000][10164][gc           ] GC(108) Concurrent roots processing 454M->481M(4096M) 30.601ms
[2020-07-12T01:33:49.568+0000][10164][gc,start     ] GC(108) Concurrent cleanup
[2020-07-12T01:33:49.568+0000][10164][gc           ] GC(108) Concurrent cleanup 481M->135M(4096M) 0.383ms
[2020-07-12T01:33:49.568+0000][10164][gc,ergo      ] GC(108) Free: 3753M (1879 regions), Max regular: 2048K, Max humongous: 3396M, External frag: 10%, Internal frag: 0%
[2020-07-12T01:33:49.568+0000][10164][gc,ergo      ] GC(108) Evacuation Reserve: 205M (103 regions), Max regular: 2048K
[2020-07-12T01:33:49.568+0000][10164][gc,start     ] GC(108) Concurrent evacuation
[2020-07-12T01:33:49.568+0000][10164][gc,task      ] GC(108) Using 2 of 4 workers for concurrent evacuation
[2020-07-12T01:33:49.571+0000][10164][gc           ] GC(108) Concurrent evacuation 135M->140M(4096M) 3.144ms
[2020-07-12T01:33:49.573+0000][10164][gc,start     ] GC(108) Pause Init Update Refs
[2020-07-12T01:33:49.573+0000][10164][gc,ergo      ] GC(108) Pacer for Update Refs. Used: 140M, Free: 3753M, Non-Taxable: 375M, Alloc Tax Rate: 1.1x
[2020-07-12T01:33:49.573+0000][10164][gc           ] GC(108) Pause Init Update Refs 0.125ms
[2020-07-12T01:33:49.573+0000][10164][safepoint    ] Safepoint "ShenandoahInitUpdateRefs", Time since last: 34406401 ns, Reaching safepoint: 1505147 ns, At safepoint: 151896 ns, Total: 1657043 ns
[2020-07-12T01:33:49.573+0000][10164][gc,start     ] GC(108) Concurrent update references
[2020-07-12T01:33:49.573+0000][10164][gc,task      ] GC(108) Using 2 of 4 workers for concurrent reference update
[2020-07-12T01:33:49.587+0000][10164][gc           ] GC(108) Concurrent update references 142M->160M(4096M) 13.678ms
[2020-07-12T01:33:49.587+0000][10164][gc,start     ] GC(108) Pause Final Update Refs
[2020-07-12T01:33:49.587+0000][10164][gc,task      ] GC(108) Using 4 of 4 workers for final reference update
[2020-07-12T01:33:49.587+0000][10164][gc           ] GC(108) Pause Final Update Refs 0.258ms
[2020-07-12T01:33:49.587+0000][10164][safepoint    ] Safepoint "ShenandoahFinalUpdateRefs", Time since last: 13775306 ns, Reaching safepoint: 109938 ns, At safepoint: 293973 ns, Total: 403911 ns
[2020-07-12T01:33:49.587+0000][10164][gc,start     ] GC(108) Concurrent cleanup
[2020-07-12T01:33:49.587+0000][10164][gc           ] GC(108) Concurrent cleanup 160M->92M(4096M) 0.107ms
[2020-07-12T01:33:49.588+0000][10164][gc,ergo      ] Free: 3797M (1901 regions), Max regular: 2048K, Max humongous: 3408M, External frag: 11%, Internal frag: 0%
[2020-07-12T01:33:49.588+0000][10164][gc,ergo      ] Evacuation Reserve: 206M (103 regions), Max regular: 2048K
[2020-07-12T01:33:49.588+0000][10164][gc,ergo      ] Pacer for Idle. Initial: 83886K, Alloc Tax Rate: 1.0x
[2020-07-12T01:33:52.588+0000][10164][safepoint    ] Safepoint "Cleanup", Time since last: 3000991991 ns, Reaching safepoint: 144418 ns, At safepoint: 3865 ns, Total: 148283 ns
[2020-07-12T01:33:53.589+0000][10164][safepoint    ] Safepoint "Cleanup", Time since last: 1000290856 ns, Reaching safepoint: 110335 ns, At safepoint: 1321 ns, Total: 111656 ns
[2020-07-12T01:33:54.436+0000][10164][gc           ] Trigger: Allocated since last cycle (409M) is larger than allocation threshold (409M)
[2020-07-12T01:33:54.436+0000][10164][gc,ergo      ] Free: 3453M (1730 regions), Max regular: 2048K, Max humongous: 3408M, External frag: 2%, Internal frag: 0%
[2020-07-12T01:33:54.436+0000][10164][gc,ergo      ] Evacuation Reserve: 206M (103 regions), Max regular: 2048K
[2020-07-12T01:33:54.436+0000][10164][gc,start     ] GC(109) Concurrent reset
[2020-07-12T01:33:54.436+0000][10164][gc,task      ] GC(109) Using 2 of 4 workers for concurrent reset
[2020-07-12T01:33:54.436+0000][10164][gc           ] GC(109) Concurrent reset 436M->436M(4096M) 0.229ms
[2020-07-12T01:33:54.436+0000][10164][gc,start     ] GC(109) Pause Init Mark (unload classes)
[2020-07-12T01:33:54.436+0000][10164][gc,task      ] GC(109) Using 4 of 4 workers for init marking
[2020-07-12T01:33:54.437+0000][10164][gc,ergo      ] GC(109) Pacer for Mark. Expected Live: 22896K, Free: 3453M, Non-Taxable: 345M, Alloc Tax Rate: 0.0x
[2020-07-12T01:33:54.437+0000][10164][gc           ] GC(109) Pause Init Mark (unload classes) 0.644ms
[2020-07-12T01:33:54.437+0000][10164][safepoint    ] Safepoint "ShenandoahInitMark", Time since last: 847331311 ns, Reaching safepoint: 86273 ns, At safepoint: 668182 ns, Total: 754455 ns
[2020-07-12T01:33:54.437+0000][10164][gc,start     ] GC(109) Concurrent marking (unload classes)
[2020-07-12T01:33:54.437+0000][10164][gc,task      ] GC(109) Using 2 of 4 workers for concurrent marking
[2020-07-12T01:33:54.448+0000][10164][gc           ] GC(109) Concurrent marking (unload classes) 436M->456M(4096M) 10.794ms
[2020-07-12T01:33:54.448+0000][10164][gc,start     ] GC(109) Pause Final Mark (unload classes)
[2020-07-12T01:33:54.448+0000][10164][gc,task      ] GC(109) Using 4 of 4 workers for final marking
[2020-07-12T01:33:54.449+0000][10164][gc,ergo      ] GC(109) CSet Selection. Actual Free: 3979M, Max CSet: 2984M
[2020-07-12T01:33:54.449+0000][10164][gc,ergo      ] GC(109) Collectable Garbage: 65778K (15% of total), 3851K CSet, 34 CSet regions
[2020-07-12T01:33:54.449+0000][10164][gc,ergo      ] GC(109) Immediate Garbage: 347M (84% of total), 174 regions
[2020-07-12T01:33:54.449+0000][10164][gc,ergo      ] GC(109) Pacer for Evacuation. Used CSet: 69630K, Free: 3781M, Non-Taxable: 378M, Alloc Tax Rate: 1.1x
[2020-07-12T01:33:54.449+0000][10164][gc           ] GC(109) Pause Final Mark (unload classes) 1.292ms
[2020-07-12T01:33:54.449+0000][10164][safepoint    ] Safepoint "ShenandoahFinalMarkStartEvac", Time since last: 10840084 ns, Reaching safepoint: 90695 ns, At safepoint: 1319755 ns, Total: 1410450 ns
[2020-07-12T01:33:54.449+0000][10164][gc,start     ] GC(109) Concurrent roots processing
[2020-07-12T01:33:54.449+0000][10164][gc,task      ] GC(109) Using 2 of 4 workers for concurrent root processing
[2020-07-12T01:33:54.477+0000][10164][gc           ] GC(109) Concurrent roots processing 458M->478M(4096M) 27.985ms
[2020-07-12T01:33:54.477+0000][10164][gc,start     ] GC(109) Concurrent cleanup
[2020-07-12T01:33:54.477+0000][10164][gc           ] GC(109) Concurrent cleanup 478M->130M(4096M) 0.180ms
[2020-07-12T01:33:54.478+0000][10164][gc,ergo      ] GC(109) Free: 3759M (1882 regions), Max regular: 2048K, Max humongous: 3404M, External frag: 10%, Internal frag: 0%
[2020-07-12T01:33:54.478+0000][10164][gc,ergo      ] GC(109) Evacuation Reserve: 205M (103 regions), Max regular: 2048K
[2020-07-12T01:33:54.478+0000][10164][gc,start     ] GC(109) Concurrent evacuation
[2020-07-12T01:33:54.478+0000][10164][gc,task      ] GC(109) Using 2 of 4 workers for concurrent evacuation
[2020-07-12T01:33:54.480+0000][10164][gc           ] GC(109) Concurrent evacuation 130M->135M(4096M) 2.259ms
[2020-07-12T01:33:54.481+0000][10164][gc,start     ] GC(109) Pause Init Update Refs
[2020-07-12T01:33:54.481+0000][10164][gc,ergo      ] GC(109) Pacer for Update Refs. Used: 135M, Free: 3759M, Non-Taxable: 375M, Alloc Tax Rate: 1.1x
[2020-07-12T01:33:54.481+0000][10164][gc           ] GC(109) Pause Init Update Refs 0.057ms
[2020-07-12T01:33:54.481+0000][10164][safepoint    ] Safepoint "ShenandoahInitUpdateRefs", Time since last: 30612660 ns, Reaching safepoint: 1083287 ns, At safepoint: 91706 ns, Total: 1174993 ns
[2020-07-12T01:33:54.481+0000][10164][gc,start     ] GC(109) Concurrent update references
[2020-07-12T01:33:54.481+0000][10164][gc,task      ] GC(109) Using 2 of 4 workers for concurrent reference update
[2020-07-12T01:33:54.494+0000][10164][gc           ] GC(109) Concurrent update references 135M->157M(4096M) 12.671ms
[2020-07-12T01:33:54.494+0000][10164][gc,start     ] GC(109) Pause Final Update Refs
[2020-07-12T01:33:54.494+0000][10164][gc,task      ] GC(109) Using 4 of 4 workers for final reference update
[2020-07-12T01:33:54.494+0000][10164][gc           ] GC(109) Pause Final Update Refs 0.213ms
[2020-07-12T01:33:54.494+0000][10164][safepoint    ] Safepoint "ShenandoahFinalUpdateRefs", Time since last: 12721140 ns, Reaching safepoint: 86448 ns, At safepoint: 238396 ns, Total: 324844 ns
[2020-07-12T01:33:54.494+0000][10164][gc,start     ] GC(109) Concurrent cleanup
[2020-07-12T01:33:54.494+0000][10164][gc           ] GC(109) Concurrent cleanup 157M->89M(4096M) 0.087ms
[2020-07-12T01:33:54.494+0000][10164][gc,ergo      ] Free: 3800M (1903 regions), Max regular: 2048K, Max humongous: 3404M, External frag: 11%, Internal frag: 0%
[2020-07-12T01:33:54.494+0000][10164][gc,ergo      ] Evacuation Reserve: 206M (103 regions), Max regular: 2048K
[2020-07-12T01:33:54.494+0000][10164][gc,ergo      ] Pacer for Idle. Initial: 83886K, Alloc Tax Rate: 1.0x
[2020-07-12T01:33:56.495+0000][10164][safepoint    ] Safepoint "Cleanup", Time since last: 2000264436 ns, Reaching safepoint: 313258 ns, At safepoint: 5290 ns, Total: 318548 ns
[2020-07-12T01:33:57.495+0000][10164][safepoint    ] Safepoint "Cleanup", Time since last: 1000299046 ns, Reaching safepoint: 172779 ns, At safepoint: 2765 ns, Total: 175544 ns
[2020-07-12T01:33:58.495+0000][10164][safepoint    ] Safepoint "Cleanup", Time since last: 1000257366 ns, Reaching safepoint: 100796 ns, At safepoint: 1652 ns, Total: 102448 ns
[2020-07-12T01:33:58.903+0000][10164][gc           ] Trigger: Allocated since last cycle (411M) is larger than allocation threshold (409M)
[2020-07-12T01:33:58.903+0000][10164][gc,ergo      ] Free: 3452M (1730 regions), Max regular: 2048K, Max humongous: 3404M, External frag: 2%, Internal frag: 0%
[2020-07-12T01:33:58.903+0000][10164][gc,ergo      ] Evacuation Reserve: 206M (103 regions), Max regular: 2048K
[2020-07-12T01:33:58.903+0000][10164][gc,start     ] GC(110) Concurrent reset
[2020-07-12T01:33:58.903+0000][10164][gc,task      ] GC(110) Using 2 of 4 workers for concurrent reset
[2020-07-12T01:33:58.903+0000][10164][gc           ] GC(110) Concurrent reset 437M->437M(4096M) 0.310ms
[2020-07-12T01:33:58.905+0000][10164][gc,start     ] GC(110) Pause Init Mark (process weakrefs) (unload classes)
[2020-07-12T01:33:58.905+0000][10164][gc,task      ] GC(110) Using 4 of 4 workers for init marking
[2020-07-12T01:33:58.905+0000][10164][gc,ergo      ] GC(110) Pacer for Mark. Expected Live: 22942K, Free: 3452M, Non-Taxable: 345M, Alloc Tax Rate: 0.0x
[2020-07-12T01:33:58.905+0000][10164][gc           ] GC(110) Pause Init Mark (process weakrefs) (unload classes) 0.874ms
[2020-07-12T01:33:58.906+0000][10164][safepoint    ] Safepoint "ShenandoahInitMark", Time since last: 408300628 ns, Reaching safepoint: 849694 ns, At safepoint: 907373 ns, Total: 1757067 ns
[2020-07-12T01:33:58.906+0000][10164][gc,start     ] GC(110) Concurrent marking (process weakrefs) (unload classes)
[2020-07-12T01:33:58.906+0000][10164][gc,task      ] GC(110) Using 2 of 4 workers for concurrent marking
[2020-07-12T01:33:58.927+0000][10164][gc           ] GC(110) Concurrent marking (process weakrefs) (unload classes) 437M->453M(4096M) 21.820ms
[2020-07-12T01:33:58.927+0000][10164][gc,start     ] GC(110) Concurrent precleaning
[2020-07-12T01:33:58.927+0000][10164][gc,task      ] GC(110) Using 1 of 4 workers for concurrent preclean
[2020-07-12T01:33:58.928+0000][10164][gc           ] GC(110) Concurrent precleaning 453M->453M(4096M) 0.799ms
[2020-07-12T01:33:58.928+0000][10164][gc,start     ] GC(110) Pause Final Mark (process weakrefs) (unload classes)
[2020-07-12T01:33:58.928+0000][10164][gc,task      ] GC(110) Using 4 of 4 workers for final marking
[2020-07-12T01:33:58.931+0000][10164][gc,ergo      ] GC(110) CSet Selection. Actual Free: 3979M, Max CSet: 2984M
[2020-07-12T01:33:58.931+0000][10164][gc,ergo      ] GC(110) Collectable Garbage: 68955K (16% of total), 3756K CSet, 36 CSet regions
[2020-07-12T01:33:58.931+0000][10164][gc,ergo      ] GC(110) Immediate Garbage: 345M (83% of total), 173 regions
[2020-07-12T01:33:58.932+0000][10164][gc,ergo      ] GC(110) Pacer for Evacuation. Used CSet: 72712K, Free: 3781M, Non-Taxable: 378M, Alloc Tax Rate: 1.1x
[2020-07-12T01:33:58.932+0000][10164][gc           ] GC(110) Pause Final Mark (process weakrefs) (unload classes) 3.464ms
[2020-07-12T01:33:58.932+0000][10164][safepoint    ] Safepoint "ShenandoahFinalMarkStartEvac", Time since last: 22752635 ns, Reaching safepoint: 195891 ns, At safepoint: 3504132 ns, Total: 3700023 ns
[2020-07-12T01:33:58.932+0000][10164][gc,start     ] GC(110) Concurrent roots processing
[2020-07-12T01:33:58.932+0000][10164][gc,task      ] GC(110) Using 2 of 4 workers for concurrent root processing
[2020-07-12T01:33:58.984+0000][10164][gc           ] GC(110) Concurrent roots processing 455M->477M(4096M) 51.930ms
[2020-07-12T01:33:58.984+0000][10164][gc,start     ] GC(110) Concurrent cleanup
[2020-07-12T01:33:58.984+0000][10164][gc           ] GC(110) Concurrent cleanup 477M->133M(4096M) 0.260ms
[2020-07-12T01:33:58.985+0000][10164][gc,ergo      ] GC(110) Free: 3755M (1881 regions), Max regular: 2048K, Max humongous: 3408M, External frag: 10%, Internal frag: 0%
[2020-07-12T01:33:58.985+0000][10164][gc,ergo      ] GC(110) Evacuation Reserve: 205M (103 regions), Max regular: 2048K
[2020-07-12T01:33:58.985+0000][10164][gc,start     ] GC(110) Concurrent evacuation
[2020-07-12T01:33:58.985+0000][10164][gc,task      ] GC(110) Using 2 of 4 workers for concurrent evacuation
[2020-07-12T01:33:58.987+0000][10164][gc           ] GC(110) Concurrent evacuation 133M->141M(4096M) 2.135ms
[2020-07-12T01:33:58.988+0000][10164][gc,start     ] GC(110) Pause Init Update Refs
[2020-07-12T01:33:58.988+0000][10164][gc,ergo      ] GC(110) Pacer for Update Refs. Used: 141M, Free: 3753M, Non-Taxable: 375M, Alloc Tax Rate: 1.1x
[2020-07-12T01:33:58.988+0000][10164][gc           ] GC(110) Pause Init Update Refs 0.066ms
[2020-07-12T01:33:58.988+0000][10164][safepoint    ] Safepoint "ShenandoahInitUpdateRefs", Time since last: 54768469 ns, Reaching safepoint: 1194790 ns, At safepoint: 92050 ns, Total: 1286840 ns
[2020-07-12T01:33:58.988+0000][10164][gc,start     ] GC(110) Concurrent update references
[2020-07-12T01:33:58.988+0000][10164][gc,task      ] GC(110) Using 2 of 4 workers for concurrent reference update
[2020-07-12T01:33:59.005+0000][10164][gc           ] GC(110) Concurrent update references 143M->161M(4096M) 17.320ms
[2020-07-12T01:33:59.006+0000][10164][gc,start     ] GC(110) Pause Final Update Refs
[2020-07-12T01:33:59.006+0000][10164][gc,task      ] GC(110) Using 4 of 4 workers for final reference update
[2020-07-12T01:33:59.006+0000][10164][gc           ] GC(110) Pause Final Update Refs 0.312ms
[2020-07-12T01:33:59.006+0000][10164][safepoint    ] Safepoint "ShenandoahFinalUpdateRefs", Time since last: 17422547 ns, Reaching safepoint: 152482 ns, At safepoint: 346473 ns, Total: 498955 ns
[2020-07-12T01:33:59.006+0000][10164][gc,start     ] GC(110) Concurrent cleanup
[2020-07-12T01:33:59.006+0000][10164][gc           ] GC(110) Concurrent cleanup 161M->90M(4096M) 0.119ms
[2020-07-12T01:33:59.006+0000][10164][gc,ergo      ] Free: 3799M (1905 regions), Max regular: 2048K, Max humongous: 3408M, External frag: 11%, Internal frag: 0%
[2020-07-12T01:33:59.006+0000][10164][gc,ergo      ] Evacuation Reserve: 206M (103 regions), Max regular: 2048K
[2020-07-12T01:33:59.006+0000][10164][gc,ergo      ] Pacer for Idle. Initial: 83886K, Alloc Tax Rate: 1.0x
[2020-07-12T01:34:00.103+0000][10164][safepoint    ] Safepoint "Cleanup", Time since last: 1097358456 ns, Reaching safepoint: 121954 ns, At safepoint: 1455 ns, Total: 123409 ns
[2020-07-12T01:34:02.013+0000][10164][safepoint    ] Safepoint "Cleanup", Time since last: 1909880806 ns, Reaching safepoint: 96229 ns, At safepoint: 1196 ns, Total: 97425 ns
[2020-07-12T01:34:03.014+0000][10164][safepoint    ] Safepoint "Cleanup", Time since last: 1000231769 ns, Reaching safepoint: 84432 ns, At safepoint: 1497 ns, Total: 85929 ns
[2020-07-12T01:34:03.401+0000][10164][gc           ] Trigger: Allocated since last cycle (409M) is larger than allocation threshold (409M)
[2020-07-12T01:34:03.401+0000][10164][gc,ergo      ] Free: 3453M (1731 regions), Max regular: 2048K, Max humongous: 3408M, External frag: 2%, Internal frag: 0%
[2020-07-12T01:34:03.401+0000][10164][gc,ergo      ] Evacuation Reserve: 206M (103 regions), Max regular: 2048K
[2020-07-12T01:34:03.401+0000][10164][gc,start     ] GC(111) Concurrent reset
[2020-07-12T01:34:03.401+0000][10164][gc,task      ] GC(111) Using 2 of 4 workers for concurrent reset
[2020-07-12T01:34:03.401+0000][10164][gc           ] GC(111) Concurrent reset 436M->436M(4096M) 0.340ms
[2020-07-12T01:34:03.401+0000][10164][gc,start     ] GC(111) Pause Init Mark (unload classes)
[2020-07-12T01:34:03.401+0000][10164][gc,task      ] GC(111) Using 4 of 4 workers for init marking
[2020-07-12T01:34:03.402+0000][10164][gc,ergo      ] GC(111) Pacer for Mark. Expected Live: 22984K, Free: 3453M, Non-Taxable: 345M, Alloc Tax Rate: 0.0x
[2020-07-12T01:34:03.402+0000][10164][gc           ] GC(111) Pause Init Mark (unload classes) 0.615ms
[2020-07-12T01:34:03.402+0000][10164][safepoint    ] Safepoint "ShenandoahInitMark", Time since last: 387314577 ns, Reaching safepoint: 125901 ns, At safepoint: 640296 ns, Total: 766197 ns
[2020-07-12T01:34:03.402+0000][10164][gc,start     ] GC(111) Concurrent marking (unload classes)
[2020-07-12T01:34:03.402+0000][10164][gc,task      ] GC(111) Using 2 of 4 workers for concurrent marking
[2020-07-12T01:34:03.414+0000][10164][gc           ] GC(111) Concurrent marking (unload classes) 440M->458M(4096M) 12.236ms
[2020-07-12T01:34:03.415+0000][10164][gc,start     ] GC(111) Pause Final Mark (unload classes)
[2020-07-12T01:34:03.415+0000][10164][gc,task      ] GC(111) Using 4 of 4 workers for final marking
[2020-07-12T01:34:03.415+0000][10164][gc,ergo      ] GC(111) CSet Selection. Actual Free: 3961M, Max CSet: 2971M
[2020-07-12T01:34:03.416+0000][10164][gc,ergo      ] GC(111) Collectable Garbage: 81923K (19% of total), 2019K CSet, 41 CSet regions
[2020-07-12T01:34:03.416+0000][10164][gc,ergo      ] GC(111) Immediate Garbage: 331M (80% of total), 166 regions
[2020-07-12T01:34:03.416+0000][10164][gc,ergo      ] GC(111) Pacer for Evacuation. Used CSet: 83942K, Free: 3763M, Non-Taxable: 376M, Alloc Tax Rate: 1.1x
[2020-07-12T01:34:03.416+0000][10164][gc           ] GC(111) Pause Final Mark (unload classes) 1.164ms
[2020-07-12T01:34:03.416+0000][10164][safepoint    ] Safepoint "ShenandoahFinalMarkStartEvac", Time since last: 12402022 ns, Reaching safepoint: 749604 ns, At safepoint: 1200289 ns, Total: 1949893 ns
[2020-07-12T01:34:03.416+0000][10164][gc,start     ] GC(111) Concurrent roots processing
[2020-07-12T01:34:03.416+0000][10164][gc,task      ] GC(111) Using 2 of 4 workers for concurrent root processing
[2020-07-12T01:34:03.451+0000][10164][gc           ] GC(111) Concurrent roots processing 458M->486M(4096M) 34.343ms
[2020-07-12T01:34:03.451+0000][10164][gc,start     ] GC(111) Concurrent cleanup
[2020-07-12T01:34:03.451+0000][10164][gc           ] GC(111) Concurrent cleanup 486M->154M(4096M) 0.159ms
[2020-07-12T01:34:03.451+0000][10164][gc,ergo      ] GC(111) Free: 3735M (1870 regions), Max regular: 2048K, Max humongous: 3396M, External frag: 10%, Internal frag: 0%
[2020-07-12T01:34:03.451+0000][10164][gc,ergo      ] GC(111) Evacuation Reserve: 205M (103 regions), Max regular: 2048K
[2020-07-12T01:34:03.451+0000][10164][gc,start     ] GC(111) Concurrent evacuation
[2020-07-12T01:34:03.451+0000][10164][gc,task      ] GC(111) Using 2 of 4 workers for concurrent evacuation
[2020-07-12T01:34:03.452+0000][10164][gc           ] GC(111) Concurrent evacuation 154M->157M(4096M) 1.648ms
[2020-07-12T01:34:03.454+0000][10164][gc,start     ] GC(111) Pause Init Update Refs
[2020-07-12T01:34:03.454+0000][10164][gc,ergo      ] GC(111) Pacer for Update Refs. Used: 157M, Free: 3735M, Non-Taxable: 373M, Alloc Tax Rate: 1.1x
[2020-07-12T01:34:03.454+0000][10164][gc           ] GC(111) Pause Init Update Refs 0.055ms
[2020-07-12T01:34:03.454+0000][10164][safepoint    ] Safepoint "ShenandoahInitUpdateRefs", Time since last: 36266280 ns, Reaching safepoint: 1402121 ns, At safepoint: 80791 ns, Total: 1482912 ns
[2020-07-12T01:34:03.454+0000][10164][gc,start     ] GC(111) Concurrent update references
[2020-07-12T01:34:03.454+0000][10164][gc,task      ] GC(111) Using 2 of 4 workers for concurrent reference update
[2020-07-12T01:34:03.467+0000][10164][gc           ] GC(111) Concurrent update references 157M->173M(4096M) 12.575ms
[2020-07-12T01:34:03.467+0000][10164][gc,start     ] GC(111) Pause Final Update Refs
[2020-07-12T01:34:03.467+0000][10164][gc,task      ] GC(111) Using 4 of 4 workers for final reference update
[2020-07-12T01:34:03.467+0000][10164][gc           ] GC(111) Pause Final Update Refs 0.228ms
[2020-07-12T01:34:03.467+0000][10164][safepoint    ] Safepoint "ShenandoahFinalUpdateRefs", Time since last: 12632782 ns, Reaching safepoint: 102830 ns, At safepoint: 261091 ns, Total: 363921 ns
[2020-07-12T01:34:03.467+0000][10164][gc,start     ] GC(111) Concurrent cleanup
[2020-07-12T01:34:03.467+0000][10164][gc           ] GC(111) Concurrent cleanup 173M->91M(4096M) 0.090ms
[2020-07-12T01:34:03.467+0000][10164][gc,ergo      ] Free: 3798M (1902 regions), Max regular: 2048K, Max humongous: 3396M, External frag: 11%, Internal frag: 0%
[2020-07-12T01:34:03.467+0000][10164][gc,ergo      ] Evacuation Reserve: 206M (103 regions), Max regular: 2048K
[2020-07-12T01:34:03.467+0000][10164][gc,ergo      ] Pacer for Idle. Initial: 83886K, Alloc Tax Rate: 1.0x
[2020-07-12T01:34:04.467+0000][10164][safepoint    ] Safepoint "Cleanup", Time since last: 1000066702 ns, Reaching safepoint: 121370 ns, At safepoint: 1324 ns, Total: 122694 ns
[2020-07-12T01:34:05.468+0000][10164][safepoint    ] Safepoint "Cleanup", Time since last: 1000092146 ns, Reaching safepoint: 426903 ns, At safepoint: 7225 ns, Total: 434128 ns
[2020-07-12T01:34:06.468+0000][10164][safepoint    ] Safepoint "Cleanup", Time since last: 1000161392 ns, Reaching safepoint: 117223 ns, At safepoint: 4594 ns, Total: 121817 ns
[2020-07-12T01:34:07.469+0000][10164][safepoint    ] Safepoint "Cleanup", Time since last: 1001340634 ns, Reaching safepoint: 112724 ns, At safepoint: 4307 ns, Total: 117031 ns
[2020-07-12T01:34:08.471+0000][10164][safepoint    ] Safepoint "Cleanup", Time since last: 1001202725 ns, Reaching safepoint: 87504 ns, At safepoint: 1436 ns, Total: 88940 ns
[2020-07-12T01:34:09.472+0000][10164][safepoint    ] Safepoint "Cleanup", Time since last: 1000779962 ns, Reaching safepoint: 79207 ns, At safepoint: 1321 ns, Total: 80528 ns
[2020-07-12T01:34:10.472+0000][10164][safepoint    ] Safepoint "Cleanup", Time since last: 1000320864 ns, Reaching safepoint: 89101 ns, At safepoint: 1383 ns, Total: 90484 ns
[2020-07-12T01:34:12.018+0000][10164][safepoint    ] Safepoint "Cleanup", Time since last: 1545749111 ns, Reaching safepoint: 91235 ns, At safepoint: 1834 ns, Total: 93069 ns
[2020-07-12T01:34:13.018+0000][10164][safepoint    ] Safepoint "Cleanup", Time since last: 1000225681 ns, Reaching safepoint: 81109 ns, At safepoint: 1454 ns, Total: 82563 ns
[2020-07-12T01:34:14.018+0000][10164][safepoint    ] Safepoint "Cleanup", Time since last: 1000157449 ns, Reaching safepoint: 126519 ns, At safepoint: 2241 ns, Total: 128760 ns
[2020-07-12T01:34:16.018+0000][10164][safepoint    ] Safepoint "Cleanup", Time since last: 1999367995 ns, Reaching safepoint: 100746 ns, At safepoint: 1414 ns, Total: 102160 ns
[2020-07-12T01:34:17.018+0000][10164][safepoint    ] Safepoint "Cleanup", Time since last: 1000487252 ns, Reaching safepoint: 103727 ns, At safepoint: 1313 ns, Total: 105040 ns
[2020-07-12T01:34:18.019+0000][10164][safepoint    ] Safepoint "Cleanup", Time since last: 1000094292 ns, Reaching safepoint: 193561 ns, At safepoint: 3142 ns, Total: 196703 ns
[2020-07-12T01:34:19.020+0000][10164][safepoint    ] Safepoint "Cleanup", Time since last: 1000670904 ns, Reaching safepoint: 211463 ns, At safepoint: 16741 ns, Total: 228204 ns
[2020-07-12T01:34:20.020+0000][10164][safepoint    ] Safepoint "Cleanup", Time since last: 1000749864 ns, Reaching safepoint: 76044 ns, At safepoint: 1894 ns, Total: 77938 ns
[2020-07-12T01:34:21.021+0000][10164][safepoint    ] Safepoint "Cleanup", Time since last: 1000069913 ns, Reaching safepoint: 87026 ns, At safepoint: 1545 ns, Total: 88571 ns
[2020-07-12T01:34:22.021+0000][10164][safepoint    ] Safepoint "Cleanup", Time since last: 1000434341 ns, Reaching safepoint: 99032 ns, At safepoint: 1989 ns, Total: 101021 ns
[2020-07-12T01:34:23.022+0000][10164][safepoint    ] Safepoint "Cleanup", Time since last: 1000721536 ns, Reaching safepoint: 97686 ns, At safepoint: 2470 ns, Total: 100156 ns
[2020-07-12T01:34:24.022+0000][10164][safepoint    ] Safepoint "Cleanup", Time since last: 1000337975 ns, Reaching safepoint: 94624 ns, At safepoint: 1261 ns, Total: 95885 ns
[2020-07-12T01:34:25.023+0000][10164][safepoint    ] Safepoint "Cleanup", Time since last: 1000329092 ns, Reaching safepoint: 74173 ns, At safepoint: 1456 ns, Total: 75629 ns
[2020-07-12T01:34:26.023+0000][10164][safepoint    ] Safepoint "Cleanup", Time since last: 1000337802 ns, Reaching safepoint: 80561 ns, At safepoint: 1509 ns, Total: 82070 ns
[2020-07-12T01:34:27.024+0000][10164][safepoint    ] Safepoint "Cleanup", Time since last: 1000628847 ns, Reaching safepoint: 89284 ns, At safepoint: 1272 ns, Total: 90556 ns
[2020-07-12T01:34:28.025+0000][10164][safepoint    ] Safepoint "Cleanup", Time since last: 1000984460 ns, Reaching safepoint: 81805 ns, At safepoint: 5481 ns, Total: 87286 ns
[2020-07-12T01:34:29.025+0000][10164][safepoint    ] Safepoint "Cleanup", Time since last: 1000389622 ns, Reaching safepoint: 94040 ns, At safepoint: 1732 ns, Total: 95772 ns
[2020-07-12T01:34:30.026+0000][10164][safepoint    ] Safepoint "Cleanup", Time since last: 1000271994 ns, Reaching safepoint: 84632 ns, At safepoint: 1590 ns, Total: 86222 ns
[2020-07-12T01:34:30.101+0000][10164][safepoint    ] Safepoint "PrintThreads", Time since last: 73732011 ns, Reaching safepoint: 77250 ns, At safepoint: 1402331 ns, Total: 1479581 ns
[2020-07-12T01:34:30.101+0000][10164][safepoint    ] Safepoint "PrintJNI", Time since last: 82817 ns, Reaching safepoint: 43239 ns, At safepoint: 2742 ns, Total: 45981 ns
[2020-07-12T01:34:30.101+0000][10164][safepoint    ] Safepoint "FindDeadlocks", Time since last: 126162 ns, Reaching safepoint: 42542 ns, At safepoint: 5308 ns, Total: 47850 ns
[2020-07-12T01:34:31.102+0000][10164][safepoint    ] Safepoint "Cleanup", Time since last: 1000074690 ns, Reaching safepoint: 96365 ns, At safepoint: 1269 ns, Total: 97634 ns
[2020-07-12T01:34:32.102+0000][10164][safepoint    ] Safepoint "Cleanup", Time since last: 1000475437 ns, Reaching safepoint: 116768 ns, At safepoint: 1945 ns, Total: 118713 ns
[2020-07-12T01:34:33.103+0000][10164][safepoint    ] Safepoint "Cleanup", Time since last: 1001111090 ns, Reaching safepoint: 176717 ns, At safepoint: 6964 ns, Total: 183681 ns
[2020-07-12T01:34:33.477+0000][10164][gc           ] Trigger: Time since last GC (30010 ms) is larger than guaranteed interval (30000 ms)
[2020-07-12T01:34:33.477+0000][10164][gc,ergo      ] Free: 3508M (1757 regions), Max regular: 2048K, Max humongous: 3396M, External frag: 4%, Internal frag: 0%
[2020-07-12T01:34:33.477+0000][10164][gc,ergo      ] Evacuation Reserve: 206M (103 regions), Max regular: 2048K
[2020-07-12T01:34:33.477+0000][10164][gc,start     ] GC(112) Concurrent reset
[2020-07-12T01:34:33.477+0000][10164][gc,task      ] GC(112) Using 2 of 4 workers for concurrent reset
[2020-07-12T01:34:33.478+0000][10164][gc           ] GC(112) Concurrent reset 381M->381M(4096M) 0.292ms
[2020-07-12T01:34:33.478+0000][10164][gc,start     ] GC(112) Pause Init Mark (unload classes)
[2020-07-12T01:34:33.478+0000][10164][gc,task      ] GC(112) Using 4 of 4 workers for init marking
[2020-07-12T01:34:33.478+0000][10164][gc,ergo      ] GC(112) Pacer for Mark. Expected Live: 23025K, Free: 3508M, Non-Taxable: 350M, Alloc Tax Rate: 0.0x
[2020-07-12T01:34:33.478+0000][10164][gc           ] GC(112) Pause Init Mark (unload classes) 0.742ms
[2020-07-12T01:34:33.479+0000][10164][safepoint    ] Safepoint "ShenandoahInitMark", Time since last: 374190591 ns, Reaching safepoint: 129147 ns, At safepoint: 762696 ns, Total: 891843 ns
[2020-07-12T01:34:33.479+0000][10164][gc,start     ] GC(112) Concurrent marking (unload classes)
[2020-07-12T01:34:33.479+0000][10164][gc,task      ] GC(112) Using 2 of 4 workers for concurrent marking
[2020-07-12T01:34:33.491+0000][10164][gc           ] GC(112) Concurrent marking (unload classes) 383M->387M(4096M) 12.139ms
[2020-07-12T01:34:33.491+0000][10164][gc,start     ] GC(112) Pause Final Mark (unload classes)
[2020-07-12T01:34:33.491+0000][10164][gc,task      ] GC(112) Using 4 of 4 workers for final marking
[2020-07-12T01:34:33.492+0000][10164][gc,ergo      ] GC(112) CSet Selection. Actual Free: 4005M, Max CSet: 3004M
[2020-07-12T01:34:33.492+0000][10164][gc,ergo      ] GC(112) Collectable Garbage: 52270K (14% of total), 2009K CSet, 27 CSet regions
[2020-07-12T01:34:33.492+0000][10164][gc,ergo      ] GC(112) Immediate Garbage: 305M (85% of total), 153 regions
[2020-07-12T01:34:33.492+0000][10164][gc,ergo      ] GC(112) Pacer for Evacuation. Used CSet: 54280K, Free: 3807M, Non-Taxable: 380M, Alloc Tax Rate: 1.1x
[2020-07-12T01:34:33.492+0000][10164][gc           ] GC(112) Pause Final Mark (unload classes) 1.454ms
[2020-07-12T01:34:33.492+0000][10164][safepoint    ] Safepoint "ShenandoahFinalMarkStartEvac", Time since last: 12274299 ns, Reaching safepoint: 93447 ns, At safepoint: 1477529 ns, Total: 1570976 ns
[2020-07-12T01:34:33.492+0000][10164][gc,start     ] GC(112) Concurrent roots processing
[2020-07-12T01:34:33.492+0000][10164][gc,task      ] GC(112) Using 2 of 4 workers for concurrent root processing
[2020-07-12T01:34:33.516+0000][10164][gc           ] GC(112) Concurrent roots processing 387M->391M(4096M) 23.367ms
[2020-07-12T01:34:33.516+0000][10164][gc,start     ] GC(112) Concurrent cleanup
[2020-07-12T01:34:33.516+0000][10164][gc           ] GC(112) Concurrent cleanup 391M->85M(4096M) 0.162ms
[2020-07-12T01:34:33.516+0000][10164][gc,ergo      ] GC(112) Free: 3803M (1904 regions), Max regular: 2048K, Max humongous: 3456M, External frag: 10%, Internal frag: 0%
[2020-07-12T01:34:33.516+0000][10164][gc,ergo      ] GC(112) Evacuation Reserve: 205M (103 regions), Max regular: 2048K
[2020-07-12T01:34:33.516+0000][10164][gc,start     ] GC(112) Concurrent evacuation
[2020-07-12T01:34:33.516+0000][10164][gc,task      ] GC(112) Using 2 of 4 workers for concurrent evacuation
[2020-07-12T01:34:33.518+0000][10164][gc           ] GC(112) Concurrent evacuation 85M->89M(4096M) 1.637ms
[2020-07-12T01:34:33.519+0000][10164][gc,start     ] GC(112) Pause Init Update Refs
[2020-07-12T01:34:33.519+0000][10164][gc,ergo      ] GC(112) Pacer for Update Refs. Used: 91202K, Free: 3803M, Non-Taxable: 380M, Alloc Tax Rate: 1.1x
[2020-07-12T01:34:33.519+0000][10164][gc           ] GC(112) Pause Init Update Refs 0.070ms
[2020-07-12T01:34:33.519+0000][10164][safepoint    ] Safepoint "ShenandoahInitUpdateRefs", Time since last: 25394703 ns, Reaching safepoint: 1585941 ns, At safepoint: 112639 ns, Total: 1698580 ns
[2020-07-12T01:34:33.520+0000][10164][gc,start     ] GC(112) Concurrent update references
[2020-07-12T01:34:33.520+0000][10164][gc,task      ] GC(112) Using 2 of 4 workers for concurrent reference update
[2020-07-12T01:34:33.532+0000][10164][gc           ] GC(112) Concurrent update references 91M->93M(4096M) 12.188ms
[2020-07-12T01:34:33.532+0000][10164][gc,start     ] GC(112) Pause Final Update Refs
[2020-07-12T01:34:33.532+0000][10164][gc,task      ] GC(112) Using 4 of 4 workers for final reference update
[2020-07-12T01:34:33.532+0000][10164][gc           ] GC(112) Pause Final Update Refs 0.298ms
[2020-07-12T01:34:33.532+0000][10164][safepoint    ] Safepoint "ShenandoahFinalUpdateRefs", Time since last: 12371751 ns, Reaching safepoint: 187586 ns, At safepoint: 329945 ns, Total: 517531 ns
[2020-07-12T01:34:33.532+0000][10164][gc,start     ] GC(112) Concurrent cleanup
[2020-07-12T01:34:33.533+0000][10164][gc           ] GC(112) Concurrent cleanup 93M->40M(4096M) 0.117ms
[2020-07-12T01:34:33.533+0000][10164][gc,ergo      ] Free: 3849M (1927 regions), Max regular: 2048K, Max humongous: 3540M, External frag: 9%, Internal frag: 0%
[2020-07-12T01:34:33.533+0000][10164][gc,ergo      ] Evacuation Reserve: 206M (103 regions), Max regular: 2048K
[2020-07-12T01:34:33.533+0000][10164][gc,ergo      ] Pacer for Idle. Initial: 83886K, Alloc Tax Rate: 1.0x
[2020-07-12T01:34:34.534+0000][10164][safepoint    ] Safepoint "Cleanup", Time since last: 1001467939 ns, Reaching safepoint: 180452 ns, At safepoint: 7247 ns, Total: 187699 ns
[2020-07-12T01:34:35.536+0000][10164][safepoint    ] Safepoint "Cleanup", Time since last: 1001615875 ns, Reaching safepoint: 184431 ns, At safepoint: 3435 ns, Total: 187866 ns
[2020-07-12T01:34:36.536+0000][10164][safepoint    ] Safepoint "Cleanup", Time since last: 1000440363 ns, Reaching safepoint: 184204 ns, At safepoint: 4221 ns, Total: 188425 ns
[2020-07-12T01:34:37.537+0000][10164][safepoint    ] Safepoint "Cleanup", Time since last: 1000373815 ns, Reaching safepoint: 181022 ns, At safepoint: 3729 ns, Total: 184751 ns
[2020-07-12T01:34:38.538+0000][10164][safepoint    ] Safepoint "Cleanup", Time since last: 1000412956 ns, Reaching safepoint: 214464 ns, At safepoint: 3687 ns, Total: 218151 ns
[2020-07-12T01:34:39.538+0000][10164][safepoint    ] Safepoint "Cleanup", Time since last: 1000073408 ns, Reaching safepoint: 522278 ns, At safepoint: 23114 ns, Total: 545392 ns
[2020-07-12T01:34:40.540+0000][10164][safepoint    ] Safepoint "Cleanup", Time since last: 1001721889 ns, Reaching safepoint: 353970 ns, At safepoint: 6935 ns, Total: 360905 ns
[2020-07-12T01:34:41.541+0000][10164][safepoint    ] Safepoint "Cleanup", Time since last: 1000057335 ns, Reaching safepoint: 151346 ns, At safepoint: 5264 ns, Total: 156610 ns
[2020-07-12T01:34:42.541+0000][10164][safepoint    ] Safepoint "Cleanup", Time since last: 1000662294 ns, Reaching safepoint: 172182 ns, At safepoint: 3369 ns, Total: 175551 ns
[2020-07-12T01:34:43.542+0000][10164][safepoint    ] Safepoint "Cleanup", Time since last: 1000085403 ns, Reaching safepoint: 643172 ns, At safepoint: 23485 ns, Total: 666657 ns
[2020-07-12T01:34:44.544+0000][10164][safepoint    ] Safepoint "Cleanup", Time since last: 1001452903 ns, Reaching safepoint: 271468 ns, At safepoint: 6004 ns, Total: 277472 ns
[2020-07-12T01:34:45.544+0000][10164][safepoint    ] Safepoint "Cleanup", Time since last: 1000085516 ns, Reaching safepoint: 531680 ns, At safepoint: 15197 ns, Total: 546877 ns
[2020-07-12T01:34:46.545+0000][10164][safepoint    ] Safepoint "Cleanup", Time since last: 1000165227 ns, Reaching safepoint: 302730 ns, At safepoint: 8314 ns, Total: 311044 ns
[2020-07-12T01:34:47.547+0000][10164][safepoint    ] Safepoint "Cleanup", Time since last: 1001640920 ns, Reaching safepoint: 260243 ns, At safepoint: 9920 ns, Total: 270163 ns
[2020-07-12T01:34:48.548+0000][10164][safepoint    ] Safepoint "Cleanup", Time since last: 1000413558 ns, Reaching safepoint: 788751 ns, At safepoint: 21652 ns, Total: 810403 ns
[2020-07-12T01:34:49.549+0000][10164][safepoint    ] Safepoint "Cleanup", Time since last: 1001145312 ns, Reaching safepoint: 185395 ns, At safepoint: 8110 ns, Total: 193505 ns
[2020-07-12T01:34:50.550+0000][10164][safepoint    ] Safepoint "Cleanup", Time since last: 1000855287 ns, Reaching safepoint: 149849 ns, At safepoint: 4222 ns, Total: 154071 ns
[2020-07-12T01:34:51.551+0000][10164][safepoint    ] Safepoint "Cleanup", Time since last: 1000128544 ns, Reaching safepoint: 105663 ns, At safepoint: 1724 ns, Total: 107387 ns
[2020-07-12T01:34:52.552+0000][10164][safepoint    ] Safepoint "Cleanup", Time since last: 1000824321 ns, Reaching safepoint: 85562 ns, At safepoint: 1671 ns, Total: 87233 ns
[2020-07-12T01:34:53.552+0000][10164][safepoint    ] Safepoint "Cleanup", Time since last: 1000380996 ns, Reaching safepoint: 286315 ns, At safepoint: 8031 ns, Total: 294346 ns
[2020-07-12T01:34:54.554+0000][10164][safepoint    ] Safepoint "Cleanup", Time since last: 1001525735 ns, Reaching safepoint: 75137 ns, At safepoint: 1532 ns, Total: 76669 ns
[2020-07-12T01:34:55.556+0000][10164][safepoint    ] Safepoint "Cleanup", Time since last: 1001795278 ns, Reaching safepoint: 79404 ns, At safepoint: 7532 ns, Total: 86936 ns
[2020-07-12T01:34:56.557+0000][10164][safepoint    ] Safepoint "Cleanup", Time since last: 1000885614 ns, Reaching safepoint: 220635 ns, At safepoint: 4182 ns, Total: 224817 ns
[2020-07-12T01:34:57.559+0000][10164][safepoint    ] Safepoint "Cleanup", Time since last: 1001903236 ns, Reaching safepoint: 74591 ns, At safepoint: 1565 ns, Total: 76156 ns
[2020-07-12T01:34:58.559+0000][10164][safepoint    ] Safepoint "Cleanup", Time since last: 1000269633 ns, Reaching safepoint: 90640 ns, At safepoint: 1618 ns, Total: 92258 ns
[2020-07-12T01:34:59.561+0000][10164][safepoint    ] Safepoint "Cleanup", Time since last: 1001372811 ns, Reaching safepoint: 189267 ns, At safepoint: 25375 ns, Total: 214642 ns
[2020-07-12T01:35:00.561+0000][10164][safepoint    ] Safepoint "Cleanup", Time since last: 1000104956 ns, Reaching safepoint: 134694 ns, At safepoint: 2753 ns, Total: 137447 ns
[2020-07-12T01:35:01.561+0000][10164][safepoint    ] Safepoint "Cleanup", Time since last: 1000116735 ns, Reaching safepoint: 185447 ns, At safepoint: 3061 ns, Total: 188508 ns
[2020-07-12T01:35:02.562+0000][10164][safepoint    ] Safepoint "Cleanup", Time since last: 1000557813 ns, Reaching safepoint: 78487 ns, At safepoint: 5209 ns, Total: 83696 ns
[2020-07-12T01:35:03.546+0000][10164][gc           ] Trigger: Time since last GC (30013 ms) is larger than guaranteed interval (30000 ms)
[2020-07-12T01:35:03.546+0000][10164][gc,ergo      ] Free: 3829M (1917 regions), Max regular: 2048K, Max humongous: 3540M, External frag: 8%, Internal frag: 0%
[2020-07-12T01:35:03.546+0000][10164][gc,ergo      ] Evacuation Reserve: 206M (103 regions), Max regular: 2048K
[2020-07-12T01:35:03.546+0000][10164][gc,start     ] GC(113) Concurrent reset
[2020-07-12T01:35:03.546+0000][10164][gc,task      ] GC(113) Using 2 of 4 workers for concurrent reset
[2020-07-12T01:35:03.546+0000][10164][gc           ] GC(113) Concurrent reset 60M->60M(4096M) 0.240ms
[2020-07-12T01:35:03.546+0000][10164][gc,start     ] GC(113) Pause Init Mark (unload classes)
[2020-07-12T01:35:03.546+0000][10164][gc,task      ] GC(113) Using 4 of 4 workers for init marking
[2020-07-12T01:35:03.547+0000][10164][gc,ergo      ] GC(113) Pacer for Mark. Expected Live: 23058K, Free: 3829M, Non-Taxable: 382M, Alloc Tax Rate: 0.0x
[2020-07-12T01:35:03.547+0000][10164][gc           ] GC(113) Pause Init Mark (unload classes) 0.606ms
[2020-07-12T01:35:03.547+0000][10164][safepoint    ] Safepoint "ShenandoahInitMark", Time since last: 983987437 ns, Reaching safepoint: 82042 ns, At safepoint: 626408 ns, Total: 708450 ns
[2020-07-12T01:35:03.547+0000][10164][gc,start     ] GC(113) Concurrent marking (unload classes)
[2020-07-12T01:35:03.547+0000][10164][gc,task      ] GC(113) Using 2 of 4 workers for concurrent marking
[2020-07-12T01:35:03.558+0000][10164][gc           ] GC(113) Concurrent marking (unload classes) 62M->66M(4096M) 11.056ms
[2020-07-12T01:35:03.558+0000][10164][gc,start     ] GC(113) Pause Final Mark (unload classes)
[2020-07-12T01:35:03.558+0000][10164][gc,task      ] GC(113) Using 4 of 4 workers for final marking
[2020-07-12T01:35:03.558+0000][10164][gc,ergo      ] GC(113) CSet Selection. Actual Free: 4037M, Max CSet: 3028M
[2020-07-12T01:35:03.558+0000][10164][gc,ergo      ] GC(113) Collectable Garbage: 20476K (53% of total), 2051K CSet, 11 CSet regions
[2020-07-12T01:35:03.558+0000][10164][gc,ergo      ] GC(113) Immediate Garbage: 16347K (42% of total), 8 regions
[2020-07-12T01:35:03.559+0000][10164][gc,ergo      ] GC(113) Pacer for Evacuation. Used CSet: 22528K, Free: 3839M, Non-Taxable: 383M, Alloc Tax Rate: 1.1x
[2020-07-12T01:35:03.559+0000][10164][gc           ] GC(113) Pause Final Mark (unload classes) 0.781ms
[2020-07-12T01:35:03.559+0000][10164][safepoint    ] Safepoint "ShenandoahFinalMarkStartEvac", Time since last: 11199206 ns, Reaching safepoint: 75187 ns, At safepoint: 799975 ns, Total: 875162 ns
[2020-07-12T01:35:03.559+0000][10164][gc,start     ] GC(113) Concurrent roots processing
[2020-07-12T01:35:03.559+0000][10164][gc,task      ] GC(113) Using 2 of 4 workers for concurrent root processing
[2020-07-12T01:35:03.581+0000][10164][gc           ] GC(113) Concurrent roots processing 66M->72M(4096M) 22.042ms
[2020-07-12T01:35:03.581+0000][10164][gc,start     ] GC(113) Concurrent cleanup
[2020-07-12T01:35:03.581+0000][10164][gc           ] GC(113) Concurrent cleanup 72M->56M(4096M) 0.239ms
[2020-07-12T01:35:03.581+0000][10164][gc,ergo      ] GC(113) Free: 3833M (1919 regions), Max regular: 2048K, Max humongous: 3540M, External frag: 8%, Internal frag: 0%
[2020-07-12T01:35:03.581+0000][10164][gc,ergo      ] GC(113) Evacuation Reserve: 205M (103 regions), Max regular: 2048K
[2020-07-12T01:35:03.581+0000][10164][gc,start     ] GC(113) Concurrent evacuation
[2020-07-12T01:35:03.581+0000][10164][gc,task      ] GC(113) Using 2 of 4 workers for concurrent evacuation
[2020-07-12T01:35:03.583+0000][10164][gc           ] GC(113) Concurrent evacuation 56M->60M(4096M) 1.712ms
[2020-07-12T01:35:03.584+0000][10164][gc,start     ] GC(113) Pause Init Update Refs
[2020-07-12T01:35:03.584+0000][10164][gc,ergo      ] GC(113) Pacer for Update Refs. Used: 61513K, Free: 3833M, Non-Taxable: 383M, Alloc Tax Rate: 1.1x
[2020-07-12T01:35:03.584+0000][10164][gc           ] GC(113) Pause Init Update Refs 0.062ms
[2020-07-12T01:35:03.584+0000][10164][safepoint    ] Safepoint "ShenandoahInitUpdateRefs", Time since last: 24265564 ns, Reaching safepoint: 997954 ns, At safepoint: 85479 ns, Total: 1083433 ns
[2020-07-12T01:35:03.584+0000][10164][gc,start     ] GC(113) Concurrent update references
[2020-07-12T01:35:03.584+0000][10164][gc,task      ] GC(113) Using 2 of 4 workers for concurrent reference update
[2020-07-12T01:35:03.593+0000][10164][gc           ] GC(113) Concurrent update references 62M->66M(4096M) 8.887ms
[2020-07-12T01:35:03.593+0000][10164][gc,start     ] GC(113) Pause Final Update Refs
[2020-07-12T01:35:03.593+0000][10164][gc,task      ] GC(113) Using 4 of 4 workers for final reference update
[2020-07-12T01:35:03.593+0000][10164][gc           ] GC(113) Pause Final Update Refs 0.210ms
[2020-07-12T01:35:03.593+0000][10164][safepoint    ] Safepoint "ShenandoahFinalUpdateRefs", Time since last: 9059113 ns, Reaching safepoint: 76497 ns, At safepoint: 236723 ns, Total: 313220 ns
[2020-07-12T01:35:03.594+0000][10164][gc,start     ] GC(113) Concurrent cleanup
[2020-07-12T01:35:03.594+0000][10164][gc           ] GC(113) Concurrent cleanup 66M->44M(4096M) 0.135ms
[2020-07-12T01:35:03.594+0000][10164][gc,ergo      ] Free: 3845M (1925 regions), Max regular: 2048K, Max humongous: 3820M, External frag: 1%, Internal frag: 0%
[2020-07-12T01:35:03.594+0000][10164][gc,ergo      ] Evacuation Reserve: 206M (103 regions), Max regular: 2048K
[2020-07-12T01:35:03.594+0000][10164][gc,ergo      ] Pacer for Idle. Initial: 83886K, Alloc Tax Rate: 1.0x
[2020-07-12T01:35:04.596+0000][10164][safepoint    ] Safepoint "Cleanup", Time since last: 1002271814 ns, Reaching safepoint: 85151 ns, At safepoint: 1855 ns, Total: 87006 ns
[2020-07-12T01:35:05.596+0000][10164][safepoint    ] Safepoint "Cleanup", Time since last: 1000390443 ns, Reaching safepoint: 86210 ns, At safepoint: 1660 ns, Total: 87870 ns
[2020-07-12T01:35:06.597+0000][10164][safepoint    ] Safepoint "Cleanup", Time since last: 1000886236 ns, Reaching safepoint: 79094 ns, At safepoint: 1477 ns, Total: 80571 ns
[2020-07-12T01:35:07.597+0000][10164][safepoint    ] Safepoint "Cleanup", Time since last: 1000128703 ns, Reaching safepoint: 72780 ns, At safepoint: 1453 ns, Total: 74233 ns
[2020-07-12T01:35:08.600+0000][10164][safepoint    ] Safepoint "Cleanup", Time since last: 1000091586 ns, Reaching safepoint: 2413183 ns, At safepoint: 13879 ns, Total: 2427062 ns
[2020-07-12T01:35:09.600+0000][10164][safepoint    ] Safepoint "Cleanup", Time since last: 1000180179 ns, Reaching safepoint: 90537 ns, At safepoint: 1815 ns, Total: 92352 ns
[2020-07-12T01:35:10.602+0000][10164][safepoint    ] Safepoint "Cleanup", Time since last: 1001516956 ns, Reaching safepoint: 317304 ns, At safepoint: 7768 ns, Total: 325072 ns
[2020-07-12T01:35:11.605+0000][10164][safepoint    ] Safepoint "Cleanup", Time since last: 1002147954 ns, Reaching safepoint: 603978 ns, At safepoint: 31466 ns, Total: 635444 ns
[2020-07-12T01:35:12.606+0000][10164][safepoint    ] Safepoint "Cleanup", Time since last: 1001142246 ns, Reaching safepoint: 99833 ns, At safepoint: 2275 ns, Total: 102108 ns
[2020-07-12T01:35:13.607+0000][10164][safepoint    ] Safepoint "Cleanup", Time since last: 1000613608 ns, Reaching safepoint: 89082 ns, At safepoint: 1453 ns, Total: 90535 ns
[2020-07-12T01:35:14.607+0000][10164][safepoint    ] Safepoint "Cleanup", Time since last: 1000526345 ns, Reaching safepoint: 89542 ns, At safepoint: 1986 ns, Total: 91528 ns
[2020-07-12T01:35:15.608+0000][10164][safepoint    ] Safepoint "Cleanup", Time since last: 1000619642 ns, Reaching safepoint: 103846 ns, At safepoint: 2891 ns, Total: 106737 ns
[2020-07-12T01:35:16.608+0000][10164][safepoint    ] Safepoint "Cleanup", Time since last: 1000113405 ns, Reaching safepoint: 83822 ns, At safepoint: 1911 ns, Total: 85733 ns
[2020-07-12T01:35:17.615+0000][10164][safepoint    ] Safepoint "Cleanup", Time since last: 1006511892 ns, Reaching safepoint: 115571 ns, At safepoint: 8100 ns, Total: 123671 ns
[2020-07-12T01:35:18.615+0000][10164][safepoint    ] Safepoint "Cleanup", Time since last: 1000308876 ns, Reaching safepoint: 93133 ns, At safepoint: 2931 ns, Total: 96064 ns
[2020-07-12T01:35:19.618+0000][10164][safepoint    ] Safepoint "Cleanup", Time since last: 1002787002 ns, Reaching safepoint: 111433 ns, At safepoint: 1979 ns, Total: 113412 ns
[2020-07-12T01:35:20.619+0000][10164][safepoint    ] Safepoint "Cleanup", Time since last: 1000320619 ns, Reaching safepoint: 107587 ns, At safepoint: 3382 ns, Total: 110969 ns
[2020-07-12T01:35:21.619+0000][10164][safepoint    ] Safepoint "Cleanup", Time since last: 1000485332 ns, Reaching safepoint: 82164 ns, At safepoint: 5844 ns, Total: 88008 ns
[2020-07-12T01:35:22.625+0000][10164][safepoint    ] Safepoint "Cleanup", Time since last: 1005892252 ns, Reaching safepoint: 84774 ns, At safepoint: 13286 ns, Total: 98060 ns
[2020-07-12T01:35:23.626+0000][10164][safepoint    ] Safepoint "Cleanup", Time since last: 1000571565 ns, Reaching safepoint: 86890 ns, At safepoint: 1574 ns, Total: 88464 ns
[2020-07-12T01:35:24.627+0000][10164][safepoint    ] Safepoint "Cleanup", Time since last: 1000773866 ns, Reaching safepoint: 218131 ns, At safepoint: 5971 ns, Total: 224102 ns
[2020-07-12T01:35:25.628+0000][10164][safepoint    ] Safepoint "Cleanup", Time since last: 1001324958 ns, Reaching safepoint: 72692 ns, At safepoint: 1163 ns, Total: 73855 ns
[2020-07-12T01:35:26.629+0000][10164][safepoint    ] Safepoint "Cleanup", Time since last: 1000397150 ns, Reaching safepoint: 194780 ns, At safepoint: 2596 ns, Total: 197376 ns
[2020-07-12T01:35:27.629+0000][10164][safepoint    ] Safepoint "Cleanup", Time since last: 1000056482 ns, Reaching safepoint: 91407 ns, At safepoint: 1571 ns, Total: 92978 ns
[2020-07-12T01:35:28.631+0000][10164][safepoint    ] Safepoint "Cleanup", Time since last: 1001763585 ns, Reaching safepoint: 82290 ns, At safepoint: 1583 ns, Total: 83873 ns
[2020-07-12T01:35:29.633+0000][10164][safepoint    ] Safepoint "Cleanup", Time since last: 1001918480 ns, Reaching safepoint: 82386 ns, At safepoint: 1717 ns, Total: 84103 ns
[2020-07-12T01:35:30.103+0000][10164][safepoint    ] Safepoint "PrintThreads", Time since last: 467828294 ns, Reaching safepoint: 168018 ns, At safepoint: 1966018 ns, Total: 2134036 ns
[2020-07-12T01:35:30.103+0000][10164][safepoint    ] Safepoint "PrintJNI", Time since last: 228764 ns, Reaching safepoint: 120489 ns, At safepoint: 8663 ns, Total: 129152 ns
[2020-07-12T01:35:30.104+0000][10164][safepoint    ] Safepoint "FindDeadlocks", Time since last: 230705 ns, Reaching safepoint: 120884 ns, At safepoint: 11477 ns, Total: 132361 ns
[2020-07-12T01:35:31.104+0000][10164][safepoint    ] Safepoint "Cleanup", Time since last: 1000155273 ns, Reaching safepoint: 106446 ns, At safepoint: 5767 ns, Total: 112213 ns
[2020-07-12T01:35:32.104+0000][10164][safepoint    ] Safepoint "Cleanup", Time since last: 1000204518 ns, Reaching safepoint: 282124 ns, At safepoint: 7856 ns, Total: 289980 ns
[2020-07-12T01:35:33.105+0000][10164][safepoint    ] Safepoint "Cleanup", Time since last: 1000359385 ns, Reaching safepoint: 86759 ns, At safepoint: 5720 ns, Total: 92479 ns
[2020-07-12T01:35:33.596+0000][10164][gc           ] Trigger: Time since last GC (30002 ms) is larger than guaranteed interval (30000 ms)
[2020-07-12T01:35:33.596+0000][10164][gc,ergo      ] Free: 3827M (1916 regions), Max regular: 2048K, Max humongous: 3820M, External frag: 1%, Internal frag: 0%
[2020-07-12T01:35:33.596+0000][10164][gc,ergo      ] Evacuation Reserve: 206M (103 regions), Max regular: 2048K
[2020-07-12T01:35:33.596+0000][10164][gc,start     ] GC(114) Concurrent reset
[2020-07-12T01:35:33.596+0000][10164][gc,task      ] GC(114) Using 2 of 4 workers for concurrent reset
[2020-07-12T01:35:33.596+0000][10164][gc           ] GC(114) Concurrent reset 62M->62M(4096M) 0.280ms
[2020-07-12T01:35:33.596+0000][10164][gc,start     ] GC(114) Pause Init Mark (unload classes)
[2020-07-12T01:35:33.596+0000][10164][gc,task      ] GC(114) Using 4 of 4 workers for init marking
[2020-07-12T01:35:33.597+0000][10164][gc,ergo      ] GC(114) Pacer for Mark. Expected Live: 23091K, Free: 3827M, Non-Taxable: 382M, Alloc Tax Rate: 0.0x
[2020-07-12T01:35:33.597+0000][10164][gc           ] GC(114) Pause Init Mark (unload classes) 0.864ms
[2020-07-12T01:35:33.597+0000][10164][safepoint    ] Safepoint "ShenandoahInitMark", Time since last: 491466616 ns, Reaching safepoint: 104849 ns, At safepoint: 886013 ns, Total: 990862 ns
[2020-07-12T01:35:33.597+0000][10164][gc,start     ] GC(114) Concurrent marking (unload classes)
[2020-07-12T01:35:33.597+0000][10164][gc,task      ] GC(114) Using 2 of 4 workers for concurrent marking
[2020-07-12T01:35:33.609+0000][10164][gc           ] GC(114) Concurrent marking (unload classes) 62M->66M(4096M) 11.841ms
[2020-07-12T01:35:33.610+0000][10164][gc,start     ] GC(114) Pause Final Mark (unload classes)
[2020-07-12T01:35:33.610+0000][10164][gc,task      ] GC(114) Using 4 of 4 workers for final marking
[2020-07-12T01:35:33.610+0000][10164][gc,ergo      ] GC(114) CSet Selection. Actual Free: 4034M, Max CSet: 3025M
[2020-07-12T01:35:33.610+0000][10164][gc,ergo      ] GC(114) Collectable Garbage: 26617K (65% of total), 2054K CSet, 14 CSet regions
[2020-07-12T01:35:33.610+0000][10164][gc,ergo      ] GC(114) Immediate Garbage: 12288K (30% of total), 6 regions
[2020-07-12T01:35:33.611+0000][10164][gc,ergo      ] GC(114) Pacer for Evacuation. Used CSet: 28672K, Free: 3835M, Non-Taxable: 383M, Alloc Tax Rate: 1.1x
[2020-07-12T01:35:33.611+0000][10164][gc           ] GC(114) Pause Final Mark (unload classes) 1.222ms
[2020-07-12T01:35:33.611+0000][10164][safepoint    ] Safepoint "ShenandoahFinalMarkStartEvac", Time since last: 12089890 ns, Reaching safepoint: 80511 ns, At safepoint: 1244158 ns, Total: 1324669 ns
[2020-07-12T01:35:33.611+0000][10164][gc,start     ] GC(114) Concurrent roots processing
[2020-07-12T01:35:33.611+0000][10164][gc,task      ] GC(114) Using 2 of 4 workers for concurrent root processing
[2020-07-12T01:35:33.633+0000][10164][gc           ] GC(114) Concurrent roots processing 67M->75M(4096M) 22.144ms
[2020-07-12T01:35:33.633+0000][10164][gc,start     ] GC(114) Concurrent cleanup
[2020-07-12T01:35:33.633+0000][10164][gc           ] GC(114) Concurrent cleanup 75M->63M(4096M) 0.158ms
[2020-07-12T01:35:33.633+0000][10164][gc,ergo      ] GC(114) Free: 3829M (1916 regions), Max regular: 2048K, Max humongous: 3808M, External frag: 1%, Internal frag: 0%
[2020-07-12T01:35:33.633+0000][10164][gc,ergo      ] GC(114) Evacuation Reserve: 202M (102 regions), Max regular: 2048K
[2020-07-12T01:35:33.633+0000][10164][gc,start     ] GC(114) Concurrent evacuation
[2020-07-12T01:35:33.633+0000][10164][gc,task      ] GC(114) Using 2 of 4 workers for concurrent evacuation
[2020-07-12T01:35:33.634+0000][10164][gc           ] GC(114) Concurrent evacuation 63M->63M(4096M) 0.505ms
[2020-07-12T01:35:33.635+0000][10164][gc,start     ] GC(114) Pause Init Update Refs
[2020-07-12T01:35:33.635+0000][10164][gc,ergo      ] GC(114) Pacer for Update Refs. Used: 64864K, Free: 3829M, Non-Taxable: 382M, Alloc Tax Rate: 1.1x
[2020-07-12T01:35:33.635+0000][10164][gc           ] GC(114) Pause Init Update Refs 0.049ms
[2020-07-12T01:35:33.635+0000][10164][safepoint    ] Safepoint "ShenandoahInitUpdateRefs", Time since last: 22984474 ns, Reaching safepoint: 917724 ns, At safepoint: 69148 ns, Total: 986872 ns
[2020-07-12T01:35:33.635+0000][10164][gc,start     ] GC(114) Concurrent update references
[2020-07-12T01:35:33.635+0000][10164][gc,task      ] GC(114) Using 2 of 4 workers for concurrent reference update
[2020-07-12T01:35:33.643+0000][10164][gc           ] GC(114) Concurrent update references 63M->69M(4096M) 8.598ms
[2020-07-12T01:35:33.644+0000][10164][gc,start     ] GC(114) Pause Final Update Refs
[2020-07-12T01:35:33.644+0000][10164][gc,task      ] GC(114) Using 4 of 4 workers for final reference update
[2020-07-12T01:35:33.644+0000][10164][gc           ] GC(114) Pause Final Update Refs 0.235ms
[2020-07-12T01:35:33.644+0000][10164][safepoint    ] Safepoint "ShenandoahFinalUpdateRefs", Time since last: 8717448 ns, Reaching safepoint: 65451 ns, At safepoint: 260214 ns, Total: 325665 ns
[2020-07-12T01:35:33.644+0000][10164][gc,start     ] GC(114) Concurrent cleanup
[2020-07-12T01:35:33.644+0000][10164][gc           ] GC(114) Concurrent cleanup 69M->41M(4096M) 0.094ms
[2020-07-12T01:35:33.644+0000][10164][gc,ergo      ] Free: 3848M (1926 regions), Max regular: 2048K, Max humongous: 3808M, External frag: 2%, Internal frag: 0%
[2020-07-12T01:35:33.644+0000][10164][gc,ergo      ] Evacuation Reserve: 206M (103 regions), Max regular: 2048K
[2020-07-12T01:35:33.644+0000][10164][gc,ergo      ] Pacer for Idle. Initial: 83886K, Alloc Tax Rate: 1.0x
[2020-07-12T01:35:34.644+0000][10164][safepoint    ] Safepoint "Cleanup", Time since last: 1000206575 ns, Reaching safepoint: 152994 ns, At safepoint: 9860 ns, Total: 162854 ns
[2020-07-12T01:35:35.644+0000][10164][safepoint    ] Safepoint "Cleanup", Time since last: 1000211313 ns, Reaching safepoint: 94768 ns, At safepoint: 1222 ns, Total: 95990 ns
[2020-07-12T01:35:36.645+0000][10164][safepoint    ] Safepoint "Cleanup", Time since last: 1000118795 ns, Reaching safepoint: 74854 ns, At safepoint: 1501 ns, Total: 76355 ns
[2020-07-12T01:35:37.645+0000][10164][safepoint    ] Safepoint "Cleanup", Time since last: 1000225527 ns, Reaching safepoint: 163071 ns, At safepoint: 2794 ns, Total: 165865 ns
[2020-07-12T01:35:38.646+0000][10164][safepoint    ] Safepoint "Cleanup", Time since last: 1001014705 ns, Reaching safepoint: 215175 ns, At safepoint: 5714 ns, Total: 220889 ns
[2020-07-12T01:35:39.647+0000][10164][safepoint    ] Safepoint "Cleanup", Time since last: 1000964910 ns, Reaching safepoint: 102170 ns, At safepoint: 1656 ns, Total: 103826 ns
[2020-07-12T01:35:40.649+0000][10164][safepoint    ] Safepoint "Cleanup", Time since last: 1001336099 ns, Reaching safepoint: 110227 ns, At safepoint: 1767 ns, Total: 111994 ns
[2020-07-12T01:35:41.649+0000][10164][safepoint    ] Safepoint "Cleanup", Time since last: 1000104649 ns, Reaching safepoint: 80741 ns, At safepoint: 1430 ns, Total: 82171 ns
[2020-07-12T01:35:42.649+0000][10164][safepoint    ] Safepoint "Cleanup", Time since last: 1000392234 ns, Reaching safepoint: 136091 ns, At safepoint: 3797 ns, Total: 139888 ns
[2020-07-12T01:35:43.650+0000][10164][safepoint    ] Safepoint "Cleanup", Time since last: 1000251935 ns, Reaching safepoint: 383954 ns, At safepoint: 12496 ns, Total: 396450 ns
[2020-07-12T01:35:44.652+0000][10164][safepoint    ] Safepoint "Cleanup", Time since last: 1001403189 ns, Reaching safepoint: 107060 ns, At safepoint: 2899 ns, Total: 109959 ns
[2020-07-12T01:35:45.653+0000][10164][safepoint    ] Safepoint "Cleanup", Time since last: 1001125537 ns, Reaching safepoint: 75416 ns, At safepoint: 1868 ns, Total: 77284 ns
[2020-07-12T01:35:46.653+0000][10164][safepoint    ] Safepoint "Cleanup", Time since last: 1000303706 ns, Reaching safepoint: 280106 ns, At safepoint: 9977 ns, Total: 290083 ns
[2020-07-12T01:35:47.654+0000][10164][safepoint    ] Safepoint "Cleanup", Time since last: 1000647864 ns, Reaching safepoint: 88578 ns, At safepoint: 1246 ns, Total: 89824 ns
[2020-07-12T01:35:48.655+0000][10164][safepoint    ] Safepoint "Cleanup", Time since last: 1000994523 ns, Reaching safepoint: 181155 ns, At safepoint: 3747 ns, Total: 184902 ns
[2020-07-12T01:35:49.656+0000][10164][safepoint    ] Safepoint "Cleanup", Time since last: 1000736774 ns, Reaching safepoint: 94161 ns, At safepoint: 1806 ns, Total: 95967 ns
[2020-07-12T01:35:50.657+0000][10164][safepoint    ] Safepoint "Cleanup", Time since last: 1000495737 ns, Reaching safepoint: 84077 ns, At safepoint: 6598 ns, Total: 90675 ns
[2020-07-12T01:35:51.658+0000][10164][safepoint    ] Safepoint "Cleanup", Time since last: 1001264134 ns, Reaching safepoint: 71283 ns, At safepoint: 1470 ns, Total: 72753 ns
[2020-07-12T01:35:52.660+0000][10164][safepoint    ] Safepoint "Cleanup", Time since last: 1001474254 ns, Reaching safepoint: 70826 ns, At safepoint: 5497 ns, Total: 76323 ns
[2020-07-12T01:35:53.660+0000][10164][safepoint    ] Safepoint "Cleanup", Time since last: 1000553011 ns, Reaching safepoint: 115340 ns, At safepoint: 2275 ns, Total: 117615 ns
[2020-07-12T01:35:54.661+0000][10164][safepoint    ] Safepoint "Cleanup", Time since last: 1000919406 ns, Reaching safepoint: 82559 ns, At safepoint: 1526 ns, Total: 84085 ns
[2020-07-12T01:35:55.662+0000][10164][safepoint    ] Safepoint "Cleanup", Time since last: 1000327548 ns, Reaching safepoint: 83867 ns, At safepoint: 1960 ns, Total: 85827 ns
[2020-07-12T01:35:56.663+0000][10164][safepoint    ] Safepoint "Cleanup", Time since last: 1000589142 ns, Reaching safepoint: 519964 ns, At safepoint: 9560 ns, Total: 529524 ns
[2020-07-12T01:35:57.663+0000][10164][safepoint    ] Safepoint "Cleanup", Time since last: 1000185098 ns, Reaching safepoint: 281949 ns, At safepoint: 7648 ns, Total: 289597 ns
[2020-07-12T01:35:58.664+0000][10164][safepoint    ] Safepoint "Cleanup", Time since last: 1000640247 ns, Reaching safepoint: 76929 ns, At safepoint: 1914 ns, Total: 78843 ns
[2020-07-12T01:35:59.670+0000][10164][safepoint    ] Safepoint "Cleanup", Time since last: 1006254471 ns, Reaching safepoint: 78485 ns, At safepoint: 1700 ns, Total: 80185 ns
[2020-07-12T01:36:00.671+0000][10164][safepoint    ] Safepoint "Cleanup", Time since last: 1000265848 ns, Reaching safepoint: 100142 ns, At safepoint: 1536 ns, Total: 101678 ns
[2020-07-12T01:36:01.672+0000][10164][safepoint    ] Safepoint "Cleanup", Time since last: 1000972787 ns, Reaching safepoint: 76200 ns, At safepoint: 1563 ns, Total: 77763 ns
[2020-07-12T01:36:02.673+0000][10164][safepoint    ] Safepoint "Cleanup", Time since last: 1001200551 ns, Reaching safepoint: 92205 ns, At safepoint: 1540 ns, Total: 93745 ns
[2020-07-12T01:36:03.646+0000][10164][gc           ] Trigger: Time since last GC (30002 ms) is larger than guaranteed interval (30000 ms)
[2020-07-12T01:36:03.646+0000][10164][gc,ergo      ] Free: 3828M (1916 regions), Max regular: 2048K, Max humongous: 3808M, External frag: 1%, Internal frag: 0%
[2020-07-12T01:36:03.646+0000][10164][gc,ergo      ] Evacuation Reserve: 206M (103 regions), Max regular: 2048K
[2020-07-12T01:36:03.646+0000][10164][gc,start     ] GC(115) Concurrent reset
[2020-07-12T01:36:03.646+0000][10164][gc,task      ] GC(115) Using 2 of 4 workers for concurrent reset
[2020-07-12T01:36:03.647+0000][10164][gc           ] GC(115) Concurrent reset 61M->61M(4096M) 0.298ms
[2020-07-12T01:36:03.647+0000][10164][gc,start     ] GC(115) Pause Init Mark (process weakrefs) (unload classes)
[2020-07-12T01:36:03.647+0000][10164][gc,task      ] GC(115) Using 4 of 4 workers for init marking
[2020-07-12T01:36:03.647+0000][10164][gc,ergo      ] GC(115) Pacer for Mark. Expected Live: 23107K, Free: 3828M, Non-Taxable: 382M, Alloc Tax Rate: 0.0x
[2020-07-12T01:36:03.647+0000][10164][gc           ] GC(115) Pause Init Mark (process weakrefs) (unload classes) 0.645ms
[2020-07-12T01:36:03.647+0000][10164][safepoint    ] Safepoint "ShenandoahInitMark", Time since last: 973585427 ns, Reaching safepoint: 74710 ns, At safepoint: 666414 ns, Total: 741124 ns
[2020-07-12T01:36:03.648+0000][10164][gc,start     ] GC(115) Concurrent marking (process weakrefs) (unload classes)
[2020-07-12T01:36:03.648+0000][10164][gc,task      ] GC(115) Using 2 of 4 workers for concurrent marking
[2020-07-12T01:36:03.659+0000][10164][gc           ] GC(115) Concurrent marking (process weakrefs) (unload classes) 63M->67M(4096M) 11.777ms
[2020-07-12T01:36:03.659+0000][10164][gc,start     ] GC(115) Concurrent precleaning
[2020-07-12T01:36:03.659+0000][10164][gc,task      ] GC(115) Using 1 of 4 workers for concurrent preclean
[2020-07-12T01:36:03.660+0000][10164][gc           ] GC(115) Concurrent precleaning 67M->67M(4096M) 0.385ms
[2020-07-12T01:36:03.660+0000][10164][gc,start     ] GC(115) Pause Final Mark (process weakrefs) (unload classes)
[2020-07-12T01:36:03.660+0000][10164][gc,task      ] GC(115) Using 4 of 4 workers for final marking
[2020-07-12T01:36:03.661+0000][10164][gc,ergo      ] GC(115) CSet Selection. Actual Free: 4036M, Max CSet: 3027M
[2020-07-12T01:36:03.661+0000][10164][gc,ergo      ] GC(115) Collectable Garbage: 22088K (55% of total), 3769K CSet, 13 CSet regions
[2020-07-12T01:36:03.661+0000][10164][gc,ergo      ] GC(115) Immediate Garbage: 16384K (41% of total), 8 regions
[2020-07-12T01:36:03.661+0000][10164][gc,ergo      ] GC(115) Pacer for Evacuation. Used CSet: 25857K, Free: 3837M, Non-Taxable: 383M, Alloc Tax Rate: 1.1x
[2020-07-12T01:36:03.661+0000][10164][gc           ] GC(115) Pause Final Mark (process weakrefs) (unload classes) 1.439ms
[2020-07-12T01:36:03.661+0000][10164][safepoint    ] Safepoint "ShenandoahFinalMarkStartEvac", Time since last: 12322846 ns, Reaching safepoint: 80181 ns, At safepoint: 1462464 ns, Total: 1542645 ns
[2020-07-12T01:36:03.661+0000][10164][gc,start     ] GC(115) Concurrent roots processing
[2020-07-12T01:36:03.661+0000][10164][gc,task      ] GC(115) Using 2 of 4 workers for concurrent root processing
[2020-07-12T01:36:03.697+0000][10164][gc           ] GC(115) Concurrent roots processing 70M->78M(4096M) 35.403ms
[2020-07-12T01:36:03.697+0000][10164][gc,start     ] GC(115) Concurrent cleanup
[2020-07-12T01:36:03.697+0000][10164][gc           ] GC(115) Concurrent cleanup 78M->62M(4096M) 0.240ms
[2020-07-12T01:36:03.697+0000][10164][gc,ergo      ] GC(115) Free: 3829M (1916 regions), Max regular: 2048K, Max humongous: 3804M, External frag: 1%, Internal frag: 0%
[2020-07-12T01:36:03.697+0000][10164][gc,ergo      ] GC(115) Evacuation Reserve: 202M (102 regions), Max regular: 2048K
[2020-07-12T01:36:03.697+0000][10164][gc,start     ] GC(115) Concurrent evacuation
[2020-07-12T01:36:03.697+0000][10164][gc,task      ] GC(115) Using 2 of 4 workers for concurrent evacuation
[2020-07-12T01:36:03.699+0000][10164][gc           ] GC(115) Concurrent evacuation 62M->64M(4096M) 2.124ms
[2020-07-12T01:36:03.700+0000][10164][gc,start     ] GC(115) Pause Init Update Refs
[2020-07-12T01:36:03.700+0000][10164][gc,ergo      ] GC(115) Pacer for Update Refs. Used: 65896K, Free: 3829M, Non-Taxable: 382M, Alloc Tax Rate: 1.1x
[2020-07-12T01:36:03.700+0000][10164][gc           ] GC(115) Pause Init Update Refs 0.054ms
[2020-07-12T01:36:03.700+0000][10164][safepoint    ] Safepoint "ShenandoahInitUpdateRefs", Time since last: 37990054 ns, Reaching safepoint: 1059731 ns, At safepoint: 105057 ns, Total: 1164788 ns
[2020-07-12T01:36:03.701+0000][10164][gc,start     ] GC(115) Concurrent update references
[2020-07-12T01:36:03.701+0000][10164][gc,task      ] GC(115) Using 2 of 4 workers for concurrent reference update
[2020-07-12T01:36:03.709+0000][10164][gc           ] GC(115) Concurrent update references 66M->68M(4096M) 8.870ms
[2020-07-12T01:36:03.710+0000][10164][gc,start     ] GC(115) Pause Final Update Refs
[2020-07-12T01:36:03.710+0000][10164][gc,task      ] GC(115) Using 4 of 4 workers for final reference update
[2020-07-12T01:36:03.710+0000][10164][gc           ] GC(115) Pause Final Update Refs 0.256ms
[2020-07-12T01:36:03.710+0000][10164][safepoint    ] Safepoint "ShenandoahFinalUpdateRefs", Time since last: 9017654 ns, Reaching safepoint: 96605 ns, At safepoint: 284188 ns, Total: 380793 ns
[2020-07-12T01:36:03.710+0000][10164][gc,start     ] GC(115) Concurrent cleanup
[2020-07-12T01:36:03.710+0000][10164][gc           ] GC(115) Concurrent cleanup 68M->43M(4096M) 0.110ms
[2020-07-12T01:36:03.710+0000][10164][gc,ergo      ] Free: 3846M (1925 regions), Max regular: 2048K, Max humongous: 3804M, External frag: 2%, Internal frag: 0%
[2020-07-12T01:36:03.710+0000][10164][gc,ergo      ] Evacuation Reserve: 206M (103 regions), Max regular: 2048K
[2020-07-12T01:36:03.710+0000][10164][gc,ergo      ] Pacer for Idle. Initial: 83886K, Alloc Tax Rate: 1.0x
[2020-07-12T01:36:04.715+0000][10164][safepoint    ] Safepoint "Cleanup", Time since last: 1004774219 ns, Reaching safepoint: 106798 ns, At safepoint: 2086 ns, Total: 108884 ns
[2020-07-12T01:36:05.715+0000][10164][safepoint    ] Safepoint "Cleanup", Time since last: 1000083623 ns, Reaching safepoint: 82129 ns, At safepoint: 1589 ns, Total: 83718 ns
[2020-07-12T01:36:06.715+0000][10164][safepoint    ] Safepoint "Cleanup", Time since last: 1000268441 ns, Reaching safepoint: 94185 ns, At safepoint: 2129 ns, Total: 96314 ns
[2020-07-12T01:36:07.716+0000][10164][safepoint    ] Safepoint "Cleanup", Time since last: 1000205906 ns, Reaching safepoint: 88030 ns, At safepoint: 1815 ns, Total: 89845 ns
[2020-07-12T01:36:08.716+0000][10164][safepoint    ] Safepoint "Cleanup", Time since last: 1000408031 ns, Reaching safepoint: 74505 ns, At safepoint: 1641 ns, Total: 76146 ns
[2020-07-12T01:36:09.719+0000][10164][safepoint    ] Safepoint "Cleanup", Time since last: 1002647782 ns, Reaching safepoint: 114455 ns, At safepoint: 11004 ns, Total: 125459 ns
[2020-07-12T01:36:10.721+0000][10164][safepoint    ] Safepoint "Cleanup", Time since last: 1002225043 ns, Reaching safepoint: 90446 ns, At safepoint: 1323 ns, Total: 91769 ns
[2020-07-12T01:36:11.721+0000][10164][safepoint    ] Safepoint "Cleanup", Time since last: 1000138461 ns, Reaching safepoint: 109579 ns, At safepoint: 1351 ns, Total: 110930 ns
[2020-07-12T01:36:12.722+0000][10164][safepoint    ] Safepoint "Cleanup", Time since last: 1000250202 ns, Reaching safepoint: 129997 ns, At safepoint: 1841 ns, Total: 131838 ns
[2020-07-12T01:36:13.722+0000][10164][safepoint    ] Safepoint "Cleanup", Time since last: 1000541411 ns, Reaching safepoint: 83210 ns, At safepoint: 1144 ns, Total: 84354 ns
[2020-07-12T01:36:14.723+0000][10164][safepoint    ] Safepoint "Cleanup", Time since last: 1000146508 ns, Reaching safepoint: 109547 ns, At safepoint: 1596 ns, Total: 111143 ns
[2020-07-12T01:36:15.724+0000][10164][safepoint    ] Safepoint "Cleanup", Time since last: 1000789632 ns, Reaching safepoint: 84071 ns, At safepoint: 1591 ns, Total: 85662 ns
[2020-07-12T01:36:16.725+0000][10164][safepoint    ] Safepoint "Cleanup", Time since last: 1001186616 ns, Reaching safepoint: 77630 ns, At safepoint: 1836 ns, Total: 79466 ns
[2020-07-12T01:36:17.725+0000][10164][safepoint    ] Safepoint "Cleanup", Time since last: 1000213560 ns, Reaching safepoint: 83051 ns, At safepoint: 1577 ns, Total: 84628 ns
[2020-07-12T01:36:18.726+0000][10164][safepoint    ] Safepoint "Cleanup", Time since last: 1000585029 ns, Reaching safepoint: 107370 ns, At safepoint: 2453 ns, Total: 109823 ns
[2020-07-12T01:36:19.732+0000][10164][safepoint    ] Safepoint "Cleanup", Time since last: 1005276279 ns, Reaching safepoint: 482887 ns, At safepoint: 15110 ns, Total: 497997 ns
[2020-07-12T01:36:20.733+0000][10164][safepoint    ] Safepoint "Cleanup", Time since last: 1001068943 ns, Reaching safepoint: 277133 ns, At safepoint: 7194 ns, Total: 284327 ns
[2020-07-12T01:36:21.735+0000][10164][safepoint    ] Safepoint "Cleanup", Time since last: 1001972926 ns, Reaching safepoint: 278996 ns, At safepoint: 7665 ns, Total: 286661 ns
[2020-07-12T01:36:22.736+0000][10164][safepoint    ] Safepoint "Cleanup", Time since last: 1000267493 ns, Reaching safepoint: 75864 ns, At safepoint: 1454 ns, Total: 77318 ns
[2020-07-12T01:36:23.737+0000][10164][safepoint    ] Safepoint "Cleanup", Time since last: 1001348761 ns, Reaching safepoint: 76092 ns, At safepoint: 1457 ns, Total: 77549 ns
[2020-07-12T01:36:24.737+0000][10164][safepoint    ] Safepoint "Cleanup", Time since last: 1000144270 ns, Reaching safepoint: 95075 ns, At safepoint: 1851 ns, Total: 96926 ns
[2020-07-12T01:36:25.738+0000][10164][safepoint    ] Safepoint "Cleanup", Time since last: 1000285216 ns, Reaching safepoint: 109651 ns, At safepoint: 2049 ns, Total: 111700 ns
[2020-07-12T01:36:26.739+0000][10164][safepoint    ] Safepoint "Cleanup", Time since last: 1000950583 ns, Reaching safepoint: 82374 ns, At safepoint: 1292 ns, Total: 83666 ns
[2020-07-12T01:36:27.739+0000][10164][safepoint    ] Safepoint "Cleanup", Time since last: 1000586952 ns, Reaching safepoint: 81244 ns, At safepoint: 1708 ns, Total: 82952 ns
[2020-07-12T01:36:28.740+0000][10164][safepoint    ] Safepoint "Cleanup", Time since last: 1001049606 ns, Reaching safepoint: 75191 ns, At safepoint: 1502 ns, Total: 76693 ns
[2020-07-12T01:36:29.741+0000][10164][safepoint    ] Safepoint "Cleanup", Time since last: 1000059674 ns, Reaching safepoint: 157075 ns, At safepoint: 2263 ns, Total: 159338 ns
[2020-07-12T01:36:30.103+0000][10164][safepoint    ] Safepoint "PrintThreads", Time since last: 361597860 ns, Reaching safepoint: 78677 ns, At safepoint: 655223 ns, Total: 733900 ns
[2020-07-12T01:36:30.103+0000][10164][safepoint    ] Safepoint "PrintJNI", Time since last: 99313 ns, Reaching safepoint: 39732 ns, At safepoint: 3091 ns, Total: 42823 ns
[2020-07-12T01:36:30.103+0000][10164][safepoint    ] Safepoint "FindDeadlocks", Time since last: 116419 ns, Reaching safepoint: 40504 ns, At safepoint: 4625 ns, Total: 45129 ns
[2020-07-12T01:36:32.089+0000][10164][safepoint    ] Safepoint "Cleanup", Time since last: 1985443696 ns, Reaching safepoint: 300533 ns, At safepoint: 7549 ns, Total: 308082 ns
[2020-07-12T01:36:33.091+0000][10164][safepoint    ] Safepoint "Cleanup", Time since last: 1002143805 ns, Reaching safepoint: 87368 ns, At safepoint: 1832 ns, Total: 89200 ns
[2020-07-12T01:36:33.717+0000][10164][gc           ] Trigger: Time since last GC (30007 ms) is larger than guaranteed interval (30000 ms)
[2020-07-12T01:36:33.717+0000][10164][gc,ergo      ] Free: 3826M (1915 regions), Max regular: 2048K, Max humongous: 3804M, External frag: 1%, Internal frag: 0%
[2020-07-12T01:36:33.717+0000][10164][gc,ergo      ] Evacuation Reserve: 206M (103 regions), Max regular: 2048K
[2020-07-12T01:36:33.717+0000][10164][gc,start     ] GC(116) Concurrent reset
[2020-07-12T01:36:33.717+0000][10164][gc,task      ] GC(116) Using 2 of 4 workers for concurrent reset
[2020-07-12T01:36:33.717+0000][10164][gc           ] GC(116) Concurrent reset 63M->63M(4096M) 0.247ms
[2020-07-12T01:36:33.718+0000][10164][gc,start     ] GC(116) Pause Init Mark (unload classes)
[2020-07-12T01:36:33.718+0000][10164][gc,task      ] GC(116) Using 4 of 4 workers for init marking
[2020-07-12T01:36:33.718+0000][10164][gc,ergo      ] GC(116) Pacer for Mark. Expected Live: 23113K, Free: 3826M, Non-Taxable: 382M, Alloc Tax Rate: 0.0x
[2020-07-12T01:36:33.718+0000][10164][gc           ] GC(116) Pause Init Mark (unload classes) 0.734ms
[2020-07-12T01:36:33.718+0000][10164][safepoint    ] Safepoint "ShenandoahInitMark", Time since last: 626138746 ns, Reaching safepoint: 101719 ns, At safepoint: 754680 ns, Total: 856399 ns
[2020-07-12T01:36:33.718+0000][10164][gc,start     ] GC(116) Concurrent marking (unload classes)
[2020-07-12T01:36:33.718+0000][10164][gc,task      ] GC(116) Using 2 of 4 workers for concurrent marking
[2020-07-12T01:36:33.729+0000][10164][gc           ] GC(116) Concurrent marking (unload classes) 65M->69M(4096M) 10.876ms
[2020-07-12T01:36:33.729+0000][10164][gc,start     ] GC(116) Pause Final Mark (unload classes)
[2020-07-12T01:36:33.729+0000][10164][gc,task      ] GC(116) Using 4 of 4 workers for final marking
[2020-07-12T01:36:33.730+0000][10164][gc,ergo      ] GC(116) CSet Selection. Actual Free: 4030M, Max CSet: 3022M
[2020-07-12T01:36:33.730+0000][10164][gc,ergo      ] GC(116) Collectable Garbage: 27770K (66% of total), 2949K CSet, 15 CSet regions
[2020-07-12T01:36:33.730+0000][10164][gc,ergo      ] GC(116) Immediate Garbage: 12288K (29% of total), 6 regions
[2020-07-12T01:36:33.730+0000][10164][gc,ergo      ] GC(116) Pacer for Evacuation. Used CSet: 30720K, Free: 3832M, Non-Taxable: 383M, Alloc Tax Rate: 1.1x
[2020-07-12T01:36:33.730+0000][10164][gc           ] GC(116) Pause Final Mark (unload classes) 0.989ms
[2020-07-12T01:36:33.730+0000][10164][safepoint    ] Safepoint "ShenandoahFinalMarkStartEvac", Time since last: 11009672 ns, Reaching safepoint: 79397 ns, At safepoint: 1008934 ns, Total: 1088331 ns
[2020-07-12T01:36:33.730+0000][10164][gc,start     ] GC(116) Concurrent roots processing
[2020-07-12T01:36:33.730+0000][10164][gc,task      ] GC(116) Using 2 of 4 workers for concurrent root processing
[2020-07-12T01:36:33.758+0000][10164][gc           ] GC(116) Concurrent roots processing 72M->78M(4096M) 27.314ms
[2020-07-12T01:36:33.758+0000][10164][gc,start     ] GC(116) Concurrent cleanup
[2020-07-12T01:36:33.758+0000][10164][gc           ] GC(116) Concurrent cleanup 78M->66M(4096M) 0.365ms
[2020-07-12T01:36:33.758+0000][10164][gc,ergo      ] GC(116) Free: 3826M (1915 regions), Max regular: 2048K, Max humongous: 3804M, External frag: 1%, Internal frag: 0%
[2020-07-12T01:36:33.758+0000][10164][gc,ergo      ] GC(116) Evacuation Reserve: 202M (102 regions), Max regular: 2048K
[2020-07-12T01:36:33.758+0000][10164][gc,start     ] GC(116) Concurrent evacuation
[2020-07-12T01:36:33.758+0000][10164][gc,task      ] GC(116) Using 2 of 4 workers for concurrent evacuation
[2020-07-12T01:36:33.760+0000][10164][gc           ] GC(116) Concurrent evacuation 66M->68M(4096M) 1.607ms
[2020-07-12T01:36:33.761+0000][10164][gc,start     ] GC(116) Pause Init Update Refs
[2020-07-12T01:36:33.761+0000][10164][gc,ergo      ] GC(116) Pacer for Update Refs. Used: 69742K, Free: 3826M, Non-Taxable: 382M, Alloc Tax Rate: 1.1x
[2020-07-12T01:36:33.761+0000][10164][gc           ] GC(116) Pause Init Update Refs 0.062ms
[2020-07-12T01:36:33.761+0000][10164][safepoint    ] Safepoint "ShenandoahInitUpdateRefs", Time since last: 29513395 ns, Reaching safepoint: 1108386 ns, At safepoint: 82354 ns, Total: 1190740 ns
[2020-07-12T01:36:33.761+0000][10164][gc,start     ] GC(116) Concurrent update references
[2020-07-12T01:36:33.761+0000][10164][gc,task      ] GC(116) Using 2 of 4 workers for concurrent reference update
[2020-07-12T01:36:33.771+0000][10164][gc           ] GC(116) Concurrent update references 68M->74M(4096M) 9.768ms
[2020-07-12T01:36:33.771+0000][10164][gc,start     ] GC(116) Pause Final Update Refs
[2020-07-12T01:36:33.771+0000][10164][gc,task      ] GC(116) Using 4 of 4 workers for final reference update
[2020-07-12T01:36:33.771+0000][10164][gc           ] GC(116) Pause Final Update Refs 0.194ms
[2020-07-12T01:36:33.771+0000][10164][safepoint    ] Safepoint "ShenandoahFinalUpdateRefs", Time since last: 9880136 ns, Reaching safepoint: 78585 ns, At safepoint: 216665 ns, Total: 295250 ns
[2020-07-12T01:36:33.771+0000][10164][gc,start     ] GC(116) Concurrent cleanup
[2020-07-12T01:36:33.771+0000][10164][gc           ] GC(116) Concurrent cleanup 74M->44M(4096M) 0.136ms
[2020-07-12T01:36:33.771+0000][10164][gc,ergo      ] Free: 3845M (1925 regions), Max regular: 2048K, Max humongous: 3806M, External frag: 2%, Internal frag: 0%
[2020-07-12T01:36:33.771+0000][10164][gc,ergo      ] Evacuation Reserve: 206M (103 regions), Max regular: 2048K
[2020-07-12T01:36:33.771+0000][10164][gc,ergo      ] Pacer for Idle. Initial: 83886K, Alloc Tax Rate: 1.0x
[2020-07-12T01:36:34.772+0000][10164][safepoint    ] Safepoint "Cleanup", Time since last: 1000549787 ns, Reaching safepoint: 177245 ns, At safepoint: 3547 ns, Total: 180792 ns
[2020-07-12T01:36:35.775+0000][10164][safepoint    ] Safepoint "Cleanup", Time since last: 1003045826 ns, Reaching safepoint: 90202 ns, At safepoint: 1613 ns, Total: 91815 ns
[2020-07-12T01:36:36.776+0000][10164][safepoint    ] Safepoint "Cleanup", Time since last: 1000936443 ns, Reaching safepoint: 97357 ns, At safepoint: 1509 ns, Total: 98866 ns
[2020-07-12T01:36:37.778+0000][10164][safepoint    ] Safepoint "Cleanup", Time since last: 1001214694 ns, Reaching safepoint: 255868 ns, At safepoint: 7140 ns, Total: 263008 ns
[2020-07-12T01:36:38.778+0000][10164][safepoint    ] Safepoint "Cleanup", Time since last: 1000618758 ns, Reaching safepoint: 169721 ns, At safepoint: 3515 ns, Total: 173236 ns
[2020-07-12T01:36:39.782+0000][10164][safepoint    ] Safepoint "Cleanup", Time since last: 1003207412 ns, Reaching safepoint: 146051 ns, At safepoint: 6141 ns, Total: 152192 ns
[2020-07-12T01:36:40.784+0000][10164][safepoint    ] Safepoint "Cleanup", Time since last: 1002585616 ns, Reaching safepoint: 92393 ns, At safepoint: 1580 ns, Total: 93973 ns
[2020-07-12T01:36:41.785+0000][10164][safepoint    ] Safepoint "Cleanup", Time since last: 1000519827 ns, Reaching safepoint: 83980 ns, At safepoint: 1415 ns, Total: 85395 ns
[2020-07-12T01:36:42.785+0000][10164][safepoint    ] Safepoint "Cleanup", Time since last: 1000144748 ns, Reaching safepoint: 195007 ns, At safepoint: 3989 ns, Total: 198996 ns
[2020-07-12T01:36:43.786+0000][10164][safepoint    ] Safepoint "Cleanup", Time since last: 1000475073 ns, Reaching safepoint: 79257 ns, At safepoint: 1443 ns, Total: 80700 ns
[2020-07-12T01:36:44.787+0000][10164][safepoint    ] Safepoint "Cleanup", Time since last: 1000727212 ns, Reaching safepoint: 117471 ns, At safepoint: 2878 ns, Total: 120349 ns
[2020-07-12T01:36:45.788+0000][10164][safepoint    ] Safepoint "Cleanup", Time since last: 1000620859 ns, Reaching safepoint: 293853 ns, At safepoint: 7265 ns, Total: 301118 ns
[2020-07-12T01:36:46.789+0000][10164][safepoint    ] Safepoint "Cleanup", Time since last: 1001670764 ns, Reaching safepoint: 76104 ns, At safepoint: 6012 ns, Total: 82116 ns
[2020-07-12T01:36:47.791+0000][10164][safepoint    ] Safepoint "Cleanup", Time since last: 1001642557 ns, Reaching safepoint: 93466 ns, At safepoint: 1212 ns, Total: 94678 ns
[2020-07-12T01:36:48.792+0000][10164][safepoint    ] Safepoint "Cleanup", Time since last: 1000448067 ns, Reaching safepoint: 117169 ns, At safepoint: 2845 ns, Total: 120014 ns
[2020-07-12T01:36:49.792+0000][10164][safepoint    ] Safepoint "Cleanup", Time since last: 1000609150 ns, Reaching safepoint: 76723 ns, At safepoint: 1428 ns, Total: 78151 ns
[2020-07-12T01:36:50.793+0000][10164][safepoint    ] Safepoint "Cleanup", Time since last: 1000460109 ns, Reaching safepoint: 77317 ns, At safepoint: 1486 ns, Total: 78803 ns
[2020-07-12T01:36:51.799+0000][10164][safepoint    ] Safepoint "Cleanup", Time since last: 1005719892 ns, Reaching safepoint: 275664 ns, At safepoint: 8224 ns, Total: 283888 ns
[2020-07-12T01:36:52.800+0000][10164][safepoint    ] Safepoint "Cleanup", Time since last: 1000376651 ns, Reaching safepoint: 364245 ns, At safepoint: 14965 ns, Total: 379210 ns
[2020-07-12T01:36:53.800+0000][10164][safepoint    ] Safepoint "Cleanup", Time since last: 1000288687 ns, Reaching safepoint: 306006 ns, At safepoint: 11089 ns, Total: 317095 ns
[2020-07-12T01:36:54.804+0000][10164][safepoint    ] Safepoint "Cleanup", Time since last: 1003576353 ns, Reaching safepoint: 78104 ns, At safepoint: 1471 ns, Total: 79575 ns
[2020-07-12T01:36:55.805+0000][10164][safepoint    ] Safepoint "Cleanup", Time since last: 1000487171 ns, Reaching safepoint: 211942 ns, At safepoint: 4017 ns, Total: 215959 ns
[2020-07-12T01:36:56.806+0000][10164][safepoint    ] Safepoint "Cleanup", Time since last: 1000670925 ns, Reaching safepoint: 99272 ns, At safepoint: 1995 ns, Total: 101267 ns
[2020-07-12T01:36:57.806+0000][10164][safepoint    ] Safepoint "Cleanup", Time since last: 1000785852 ns, Reaching safepoint: 81199 ns, At safepoint: 1461 ns, Total: 82660 ns
[2020-07-12T01:36:58.808+0000][10164][safepoint    ] Safepoint "Cleanup", Time since last: 1001239867 ns, Reaching safepoint: 106216 ns, At safepoint: 3015 ns, Total: 109231 ns
[2020-07-12T01:36:59.809+0000][10164][safepoint    ] Safepoint "Cleanup", Time since last: 1001092824 ns, Reaching safepoint: 295401 ns, At safepoint: 7843 ns, Total: 303244 ns
[2020-07-12T01:37:00.810+0000][10164][safepoint    ] Safepoint "Cleanup", Time since last: 1000345390 ns, Reaching safepoint: 77457 ns, At safepoint: 1756 ns, Total: 79213 ns
[2020-07-12T01:37:01.811+0000][10164][safepoint    ] Safepoint "Cleanup", Time since last: 1001380485 ns, Reaching safepoint: 77388 ns, At safepoint: 1373 ns, Total: 78761 ns
[2020-07-12T01:37:02.812+0000][10164][safepoint    ] Safepoint "Cleanup", Time since last: 1000455762 ns, Reaching safepoint: 75125 ns, At safepoint: 1561 ns, Total: 76686 ns
[2020-07-12T01:37:03.781+0000][10164][gc           ] Trigger: Time since last GC (30009 ms) is larger than guaranteed interval (30000 ms)
[2020-07-12T01:37:03.781+0000][10164][gc,ergo      ] Free: 3827M (1916 regions), Max regular: 2048K, Max humongous: 3806M, External frag: 1%, Internal frag: 0%
[2020-07-12T01:37:03.781+0000][10164][gc,ergo      ] Evacuation Reserve: 206M (103 regions), Max regular: 2048K
[2020-07-12T01:37:03.781+0000][10164][gc,start     ] GC(117) Concurrent reset
[2020-07-12T01:37:03.781+0000][10164][gc,task      ] GC(117) Using 2 of 4 workers for concurrent reset
[2020-07-12T01:37:03.781+0000][10164][gc           ] GC(117) Concurrent reset 62M->62M(4096M) 0.251ms
[2020-07-12T01:37:03.781+0000][10164][gc,start     ] GC(117) Pause Init Mark (unload classes)
[2020-07-12T01:37:03.781+0000][10164][gc,task      ] GC(117) Using 4 of 4 workers for init marking
[2020-07-12T01:37:03.786+0000][10164][gc,ergo      ] GC(117) Pacer for Mark. Expected Live: 23093K, Free: 3827M, Non-Taxable: 382M, Alloc Tax Rate: 0.0x
[2020-07-12T01:37:03.786+0000][10164][gc           ] GC(117) Pause Init Mark (unload classes) 4.884ms
[2020-07-12T01:37:03.786+0000][10164][safepoint    ] Safepoint "ShenandoahInitMark", Time since last: 969739233 ns, Reaching safepoint: 78103 ns, At safepoint: 4911342 ns, Total: 4989445 ns
[2020-07-12T01:37:03.786+0000][10164][gc,start     ] GC(117) Concurrent marking (unload classes)
[2020-07-12T01:37:03.786+0000][10164][gc,task      ] GC(117) Using 2 of 4 workers for concurrent marking
[2020-07-12T01:37:03.798+0000][10164][gc           ] GC(117) Concurrent marking (unload classes) 64M->68M(4096M) 11.490ms
[2020-07-12T01:37:03.798+0000][10164][gc,start     ] GC(117) Pause Final Mark (unload classes)
[2020-07-12T01:37:03.798+0000][10164][gc,task      ] GC(117) Using 4 of 4 workers for final marking
[2020-07-12T01:37:03.799+0000][10164][gc,ergo      ] GC(117) CSet Selection. Actual Free: 4040M, Max CSet: 3030M
[2020-07-12T01:37:03.799+0000][10164][gc,ergo      ] GC(117) Collectable Garbage: 16472K (40% of total), 2991K CSet, 10 CSet regions
[2020-07-12T01:37:03.799+0000][10164][gc,ergo      ] GC(117) Immediate Garbage: 22528K (55% of total), 11 regions
[2020-07-12T01:37:03.799+0000][10164][gc,ergo      ] GC(117) Pacer for Evacuation. Used CSet: 19464K, Free: 3842M, Non-Taxable: 384M, Alloc Tax Rate: 1.1x
[2020-07-12T01:37:03.799+0000][10164][gc           ] GC(117) Pause Final Mark (unload classes) 1.146ms
[2020-07-12T01:37:03.799+0000][10164][safepoint    ] Safepoint "ShenandoahFinalMarkStartEvac", Time since last: 11614281 ns, Reaching safepoint: 88441 ns, At safepoint: 1166589 ns, Total: 1255030 ns
[2020-07-12T01:37:03.799+0000][10164][gc,start     ] GC(117) Concurrent roots processing
[2020-07-12T01:37:03.799+0000][10164][gc,task      ] GC(117) Using 2 of 4 workers for concurrent root processing
[2020-07-12T01:37:03.823+0000][10164][gc           ] GC(117) Concurrent roots processing 71M->78M(4096M) 23.968ms
[2020-07-12T01:37:03.823+0000][10164][gc,start     ] GC(117) Concurrent cleanup
[2020-07-12T01:37:03.823+0000][10164][gc           ] GC(117) Concurrent cleanup 78M->56M(4096M) 0.249ms
[2020-07-12T01:37:03.823+0000][10164][gc,ergo      ] GC(117) Free: 3836M (1920 regions), Max regular: 2048K, Max humongous: 3804M, External frag: 1%, Internal frag: 0%
[2020-07-12T01:37:03.823+0000][10164][gc,ergo      ] GC(117) Evacuation Reserve: 202M (101 regions), Max regular: 2048K
[2020-07-12T01:37:03.824+0000][10164][gc,start     ] GC(117) Concurrent evacuation
[2020-07-12T01:37:03.824+0000][10164][gc,task      ] GC(117) Using 2 of 4 workers for concurrent evacuation
[2020-07-12T01:37:03.825+0000][10164][gc           ] GC(117) Concurrent evacuation 56M->58M(4096M) 1.430ms
[2020-07-12T01:37:03.826+0000][10164][gc,start     ] GC(117) Pause Init Update Refs
[2020-07-12T01:37:03.826+0000][10164][gc,ergo      ] GC(117) Pacer for Update Refs. Used: 59502K, Free: 3836M, Non-Taxable: 383M, Alloc Tax Rate: 1.1x
[2020-07-12T01:37:03.826+0000][10164][gc           ] GC(117) Pause Init Update Refs 0.050ms
[2020-07-12T01:37:03.826+0000][10164][safepoint    ] Safepoint "ShenandoahInitUpdateRefs", Time since last: 25842876 ns, Reaching safepoint: 947437 ns, At safepoint: 73241 ns, Total: 1020678 ns
[2020-07-12T01:37:03.826+0000][10164][gc,start     ] GC(117) Concurrent update references
[2020-07-12T01:37:03.826+0000][10164][gc,task      ] GC(117) Using 2 of 4 workers for concurrent reference update
[2020-07-12T01:37:03.835+0000][10164][gc           ] GC(117) Concurrent update references 60M->64M(4096M) 9.062ms
[2020-07-12T01:37:03.835+0000][10164][gc,start     ] GC(117) Pause Final Update Refs
[2020-07-12T01:37:03.835+0000][10164][gc,task      ] GC(117) Using 4 of 4 workers for final reference update
[2020-07-12T01:37:03.835+0000][10164][gc           ] GC(117) Pause Final Update Refs 0.209ms
[2020-07-12T01:37:03.836+0000][10164][safepoint    ] Safepoint "ShenandoahFinalUpdateRefs", Time since last: 9178699 ns, Reaching safepoint: 72640 ns, At safepoint: 249061 ns, Total: 321701 ns
[2020-07-12T01:37:03.836+0000][10164][gc,start     ] GC(117) Concurrent cleanup
[2020-07-12T01:37:03.836+0000][10164][gc           ] GC(117) Concurrent cleanup 64M->45M(4096M) 0.102ms
[2020-07-12T01:37:03.836+0000][10164][gc,ergo      ] Free: 3844M (1924 regions), Max regular: 2048K, Max humongous: 3804M, External frag: 2%, Internal frag: 0%
[2020-07-12T01:37:03.836+0000][10164][gc,ergo      ] Evacuation Reserve: 206M (103 regions), Max regular: 2048K
[2020-07-12T01:37:03.836+0000][10164][gc,ergo      ] Pacer for Idle. Initial: 83886K, Alloc Tax Rate: 1.0x
[2020-07-12T01:37:04.836+0000][10164][safepoint    ] Safepoint "Cleanup", Time since last: 1000250148 ns, Reaching safepoint: 104510 ns, At safepoint: 1883 ns, Total: 106393 ns
[2020-07-12T01:37:05.836+0000][10164][safepoint    ] Safepoint "Cleanup", Time since last: 1000080756 ns, Reaching safepoint: 88739 ns, At safepoint: 1449 ns, Total: 90188 ns
[2020-07-12T01:37:06.837+0000][10164][safepoint    ] Safepoint "Cleanup", Time since last: 1000441345 ns, Reaching safepoint: 114352 ns, At safepoint: 1997 ns, Total: 116349 ns
[2020-07-12T01:37:07.838+0000][10164][safepoint    ] Safepoint "Cleanup", Time since last: 1001505723 ns, Reaching safepoint: 116676 ns, At safepoint: 3205 ns, Total: 119881 ns
[2020-07-12T01:37:17.846+0000][10164][safepoint    ] Safepoint "Cleanup", Time since last: 10007342061 ns, Reaching safepoint: 215742 ns, At safepoint: 4092 ns, Total: 219834 ns
[2020-07-12T01:37:30.105+0000][10164][safepoint    ] Safepoint "PrintThreads", Time since last: 12258188788 ns, Reaching safepoint: 81906 ns, At safepoint: 647151 ns, Total: 729057 ns
[2020-07-12T01:37:30.105+0000][10164][safepoint    ] Safepoint "PrintJNI", Time since last: 152870 ns, Reaching safepoint: 44107 ns, At safepoint: 3239 ns, Total: 47346 ns
[2020-07-12T01:37:30.105+0000][10164][safepoint    ] Safepoint "FindDeadlocks", Time since last: 165455 ns, Reaching safepoint: 41049 ns, At safepoint: 4668 ns, Total: 45717 ns
[2020-07-12T01:37:33.839+0000][10164][gc           ] Trigger: Time since last GC (30003 ms) is larger than guaranteed interval (30000 ms)
[2020-07-12T01:37:33.839+0000][10164][gc,ergo      ] Free: 3826M (1915 regions), Max regular: 2048K, Max humongous: 3804M, External frag: 1%, Internal frag: 0%
[2020-07-12T01:37:33.839+0000][10164][gc,ergo      ] Evacuation Reserve: 206M (103 regions), Max regular: 2048K
[2020-07-12T01:37:33.839+0000][10164][gc,start     ] GC(118) Concurrent reset
[2020-07-12T01:37:33.839+0000][10164][gc,task      ] GC(118) Using 2 of 4 workers for concurrent reset
[2020-07-12T01:37:33.839+0000][10164][gc           ] GC(118) Concurrent reset 63M->63M(4096M) 0.243ms
[2020-07-12T01:37:33.839+0000][10164][gc,start     ] GC(118) Pause Init Mark (unload classes)
[2020-07-12T01:37:33.839+0000][10164][gc,task      ] GC(118) Using 4 of 4 workers for init marking
[2020-07-12T01:37:33.840+0000][10164][gc,ergo      ] GC(118) Pacer for Mark. Expected Live: 23080K, Free: 3826M, Non-Taxable: 382M, Alloc Tax Rate: 0.0x
[2020-07-12T01:37:33.840+0000][10164][gc           ] GC(118) Pause Init Mark (unload classes) 0.497ms
[2020-07-12T01:37:33.840+0000][10164][safepoint    ] Safepoint "ShenandoahInitMark", Time since last: 3734192372 ns, Reaching safepoint: 80461 ns, At safepoint: 516382 ns, Total: 596843 ns
[2020-07-12T01:37:33.840+0000][10164][gc,start     ] GC(118) Concurrent marking (unload classes)
[2020-07-12T01:37:33.840+0000][10164][gc,task      ] GC(118) Using 2 of 4 workers for concurrent marking
[2020-07-12T01:37:33.853+0000][10164][gc           ] GC(118) Concurrent marking (unload classes) 67M->69M(4096M) 12.656ms
[2020-07-12T01:37:33.853+0000][10164][gc,start     ] GC(118) Pause Final Mark (unload classes)
[2020-07-12T01:37:33.853+0000][10164][gc,task      ] GC(118) Using 4 of 4 workers for final marking
[2020-07-12T01:37:33.854+0000][10164][gc,ergo      ] GC(118) CSet Selection. Actual Free: 4040M, Max CSet: 3030M
[2020-07-12T01:37:33.854+0000][10164][gc,ergo      ] GC(118) Collectable Garbage: 17512K (42% of total), 2967K CSet, 10 CSet regions
[2020-07-12T01:37:33.854+0000][10164][gc,ergo      ] GC(118) Immediate Garbage: 22528K (54% of total), 11 regions
[2020-07-12T01:37:33.854+0000][10164][gc,ergo      ] GC(118) Pacer for Evacuation. Used CSet: 20480K, Free: 3842M, Non-Taxable: 384M, Alloc Tax Rate: 1.1x
[2020-07-12T01:37:33.854+0000][10164][gc           ] GC(118) Pause Final Mark (unload classes) 0.904ms
[2020-07-12T01:37:33.854+0000][10164][safepoint    ] Safepoint "ShenandoahFinalMarkStartEvac", Time since last: 13157264 ns, Reaching safepoint: 72601 ns, At safepoint: 925540 ns, Total: 998141 ns
[2020-07-12T01:37:33.855+0000][10164][gc,start     ] GC(118) Concurrent roots processing
[2020-07-12T01:37:33.855+0000][10164][gc,task      ] GC(118) Using 2 of 4 workers for concurrent root processing
[2020-07-12T01:37:33.881+0000][10164][gc           ] GC(118) Concurrent roots processing 72M->77M(4096M) 26.252ms
[2020-07-12T01:37:33.881+0000][10164][gc,start     ] GC(118) Concurrent cleanup
[2020-07-12T01:37:33.881+0000][10164][gc           ] GC(118) Concurrent cleanup 77M->55M(4096M) 0.238ms
[2020-07-12T01:37:33.881+0000][10164][gc,ergo      ] GC(118) Free: 3836M (1920 regions), Max regular: 2048K, Max humongous: 3806M, External frag: 1%, Internal frag: 0%
[2020-07-12T01:37:33.881+0000][10164][gc,ergo      ] GC(118) Evacuation Reserve: 203M (102 regions), Max regular: 2048K
[2020-07-12T01:37:33.881+0000][10164][gc,start     ] GC(118) Concurrent evacuation
[2020-07-12T01:37:33.881+0000][10164][gc,task      ] GC(118) Using 2 of 4 workers for concurrent evacuation
[2020-07-12T01:37:33.883+0000][10164][gc           ] GC(118) Concurrent evacuation 55M->56M(4096M) 1.794ms
[2020-07-12T01:37:33.884+0000][10164][gc,start     ] GC(118) Pause Init Update Refs
[2020-07-12T01:37:33.884+0000][10164][gc,ergo      ] GC(118) Pacer for Update Refs. Used: 58019K, Free: 3836M, Non-Taxable: 383M, Alloc Tax Rate: 1.1x
[2020-07-12T01:37:33.885+0000][10164][gc           ] GC(118) Pause Init Update Refs 0.073ms
[2020-07-12T01:37:33.885+0000][10164][safepoint    ] Safepoint "ShenandoahInitUpdateRefs", Time since last: 28909088 ns, Reaching safepoint: 1477695 ns, At safepoint: 99876 ns, Total: 1577571 ns
[2020-07-12T01:37:33.885+0000][10164][gc,start     ] GC(118) Concurrent update references
[2020-07-12T01:37:33.885+0000][10164][gc,task      ] GC(118) Using 2 of 4 workers for concurrent reference update
[2020-07-12T01:37:33.895+0000][10164][gc           ] GC(118) Concurrent update references 60M->62M(4096M) 10.354ms
[2020-07-12T01:37:33.896+0000][10164][gc,start     ] GC(118) Pause Final Update Refs
[2020-07-12T01:37:33.896+0000][10164][gc,task      ] GC(118) Using 4 of 4 workers for final reference update
[2020-07-12T01:37:33.896+0000][10164][gc           ] GC(118) Pause Final Update Refs 0.179ms
[2020-07-12T01:37:33.896+0000][10164][safepoint    ] Safepoint "ShenandoahFinalUpdateRefs", Time since last: 11200936 ns, Reaching safepoint: 71121 ns, At safepoint: 202993 ns, Total: 274114 ns
[2020-07-12T01:37:33.896+0000][10164][gc,start     ] GC(118) Concurrent cleanup
[2020-07-12T01:37:33.896+0000][10164][gc           ] GC(118) Concurrent cleanup 62M->42M(4096M) 0.112ms
[2020-07-12T01:37:33.896+0000][10164][gc,ergo      ] Free: 3847M (1926 regions), Max regular: 2048K, Max humongous: 3808M, External frag: 2%, Internal frag: 0%
[2020-07-12T01:37:33.896+0000][10164][gc,ergo      ] Evacuation Reserve: 206M (103 regions), Max regular: 2048K
[2020-07-12T01:37:33.896+0000][10164][gc,ergo      ] Pacer for Idle. Initial: 83886K, Alloc Tax Rate: 1.0x
[2020-07-12T01:37:56.169+0000][10164][safepoint    ] Safepoint "Cleanup", Time since last: 22273345327 ns, Reaching safepoint: 122399 ns, At safepoint: 1539 ns, Total: 123938 ns
[2020-07-12T01:38:03.896+0000][10164][gc           ] Trigger: Time since last GC (30000 ms) is larger than guaranteed interval (30000 ms)
[2020-07-12T01:38:03.896+0000][10164][gc,ergo      ] Free: 3827M (1916 regions), Max regular: 2048K, Max humongous: 3808M, External frag: 1%, Internal frag: 0%
[2020-07-12T01:38:03.897+0000][10164][gc,ergo      ] Evacuation Reserve: 206M (103 regions), Max regular: 2048K
[2020-07-12T01:38:03.897+0000][10164][gc,start     ] GC(119) Concurrent reset
[2020-07-12T01:38:03.897+0000][10164][gc,task      ] GC(119) Using 2 of 4 workers for concurrent reset
[2020-07-12T01:38:03.897+0000][10164][gc           ] GC(119) Concurrent reset 62M->62M(4096M) 0.206ms
[2020-07-12T01:38:03.897+0000][10164][gc,start     ] GC(119) Pause Init Mark (unload classes)
[2020-07-12T01:38:03.897+0000][10164][gc,task      ] GC(119) Using 4 of 4 workers for init marking
[2020-07-12T01:38:03.898+0000][10164][gc,ergo      ] GC(119) Pacer for Mark. Expected Live: 23054K, Free: 3827M, Non-Taxable: 382M, Alloc Tax Rate: 0.0x
[2020-07-12T01:38:03.898+0000][10164][gc           ] GC(119) Pause Init Mark (unload classes) 0.681ms
[2020-07-12T01:38:03.898+0000][10164][safepoint    ] Safepoint "ShenandoahInitMark", Time since last: 7727336760 ns, Reaching safepoint: 184423 ns, At safepoint: 702063 ns, Total: 886486 ns
[2020-07-12T01:38:03.899+0000][10164][gc,start     ] GC(119) Concurrent marking (unload classes)
[2020-07-12T01:38:03.899+0000][10164][gc,task      ] GC(119) Using 2 of 4 workers for concurrent marking
[2020-07-12T01:38:03.910+0000][10164][gc           ] GC(119) Concurrent marking (unload classes) 66M->68M(4096M) 11.167ms
[2020-07-12T01:38:03.910+0000][10164][gc,start     ] GC(119) Pause Final Mark (unload classes)
[2020-07-12T01:38:03.910+0000][10164][gc,task      ] GC(119) Using 4 of 4 workers for final marking
[2020-07-12T01:38:03.911+0000][10164][gc,ergo      ] GC(119) CSet Selection. Actual Free: 4040M, Max CSet: 3030M
[2020-07-12T01:38:03.911+0000][10164][gc,ergo      ] GC(119) Collectable Garbage: 17009K (41% of total), 3018K CSet, 10 CSet regions
[2020-07-12T01:38:03.911+0000][10164][gc,ergo      ] GC(119) Immediate Garbage: 22528K (54% of total), 11 regions
[2020-07-12T01:38:03.912+0000][10164][gc,ergo      ] GC(119) Pacer for Evacuation. Used CSet: 20028K, Free: 3842M, Non-Taxable: 384M, Alloc Tax Rate: 1.1x
[2020-07-12T01:38:03.912+0000][10164][gc           ] GC(119) Pause Final Mark (unload classes) 1.268ms
[2020-07-12T01:38:03.912+0000][10164][safepoint    ] Safepoint "ShenandoahFinalMarkStartEvac", Time since last: 12375460 ns, Reaching safepoint: 183937 ns, At safepoint: 1289499 ns, Total: 1473436 ns
[2020-07-12T01:38:03.912+0000][10164][gc,start     ] GC(119) Concurrent roots processing
[2020-07-12T01:38:03.912+0000][10164][gc,task      ] GC(119) Using 2 of 4 workers for concurrent root processing
[2020-07-12T01:38:03.934+0000][10164][gc           ] GC(119) Concurrent roots processing 71M->76M(4096M) 22.286ms
[2020-07-12T01:38:03.934+0000][10164][gc,start     ] GC(119) Concurrent cleanup
[2020-07-12T01:38:03.934+0000][10164][gc           ] GC(119) Concurrent cleanup 76M->54M(4096M) 0.162ms
[2020-07-12T01:38:03.934+0000][10164][gc,ergo      ] GC(119) Free: 3836M (1920 regions), Max regular: 2048K, Max humongous: 3804M, External frag: 1%, Internal frag: 0%
[2020-07-12T01:38:03.934+0000][10164][gc,ergo      ] GC(119) Evacuation Reserve: 204M (102 regions), Max regular: 2048K
[2020-07-12T01:38:03.934+0000][10164][gc,start     ] GC(119) Concurrent evacuation
[2020-07-12T01:38:03.934+0000][10164][gc,task      ] GC(119) Using 2 of 4 workers for concurrent evacuation
[2020-07-12T01:38:03.936+0000][10164][gc           ] GC(119) Concurrent evacuation 54M->56M(4096M) 1.129ms
[2020-07-12T01:38:03.937+0000][10164][gc,start     ] GC(119) Pause Init Update Refs
[2020-07-12T01:38:03.937+0000][10164][gc,ergo      ] GC(119) Pacer for Update Refs. Used: 57454K, Free: 3836M, Non-Taxable: 383M, Alloc Tax Rate: 1.1x
[2020-07-12T01:38:03.937+0000][10164][gc           ] GC(119) Pause Init Update Refs 0.045ms
[2020-07-12T01:38:03.937+0000][10164][safepoint    ] Safepoint "ShenandoahInitUpdateRefs", Time since last: 24127576 ns, Reaching safepoint: 1022608 ns, At safepoint: 88161 ns, Total: 1110769 ns
[2020-07-12T01:38:03.937+0000][10164][gc,start     ] GC(119) Concurrent update references
[2020-07-12T01:38:03.937+0000][10164][gc,task      ] GC(119) Using 2 of 4 workers for concurrent reference update
[2020-07-12T01:38:03.946+0000][10164][gc           ] GC(119) Concurrent update references 58M->62M(4096M) 9.011ms
[2020-07-12T01:38:03.946+0000][10164][gc,start     ] GC(119) Pause Final Update Refs
[2020-07-12T01:38:03.946+0000][10164][gc,task      ] GC(119) Using 4 of 4 workers for final reference update
[2020-07-12T01:38:03.946+0000][10164][gc           ] GC(119) Pause Final Update Refs 0.254ms
[2020-07-12T01:38:03.946+0000][10164][safepoint    ] Safepoint "ShenandoahFinalUpdateRefs", Time since last: 9074655 ns, Reaching safepoint: 188685 ns, At safepoint: 279956 ns, Total: 468641 ns
[2020-07-12T01:38:03.946+0000][10164][gc,start     ] GC(119) Concurrent cleanup
[2020-07-12T01:38:03.946+0000][10164][gc           ] GC(119) Concurrent cleanup 62M->42M(4096M) 0.100ms
[2020-07-12T01:38:03.946+0000][10164][gc,ergo      ] Free: 3847M (1926 regions), Max regular: 2048K, Max humongous: 3804M, External frag: 2%, Internal frag: 0%
[2020-07-12T01:38:03.946+0000][10164][gc,ergo      ] Evacuation Reserve: 206M (103 regions), Max regular: 2048K
[2020-07-12T01:38:03.946+0000][10164][gc,ergo      ] Pacer for Idle. Initial: 83886K, Alloc Tax Rate: 1.0x
[2020-07-12T01:38:20.966+0000][10164][safepoint    ] Safepoint "Cleanup", Time since last: 17019630219 ns, Reaching safepoint: 214261 ns, At safepoint: 10511 ns, Total: 224772 ns
[2020-07-12T01:38:30.105+0000][10164][safepoint    ] Safepoint "PrintThreads", Time since last: 9138405419 ns, Reaching safepoint: 165055 ns, At safepoint: 639392 ns, Total: 804447 ns
[2020-07-12T01:38:30.106+0000][10164][safepoint    ] Safepoint "PrintJNI", Time since last: 103329 ns, Reaching safepoint: 40515 ns, At safepoint: 2863 ns, Total: 43378 ns
[2020-07-12T01:38:30.106+0000][10164][safepoint    ] Safepoint "FindDeadlocks", Time since last: 120784 ns, Reaching safepoint: 38368 ns, At safepoint: 4279 ns, Total: 42647 ns
[2020-07-12T01:38:33.950+0000][10164][gc           ] Trigger: Time since last GC (30003 ms) is larger than guaranteed interval (30000 ms)
[2020-07-12T01:38:33.950+0000][10164][gc,ergo      ] Free: 3827M (1916 regions), Max regular: 2048K, Max humongous: 3804M, External frag: 1%, Internal frag: 0%
[2020-07-12T01:38:33.950+0000][10164][gc,ergo      ] Evacuation Reserve: 206M (103 regions), Max regular: 2048K
[2020-07-12T01:38:33.950+0000][10164][gc,start     ] GC(120) Concurrent reset
[2020-07-12T01:38:33.950+0000][10164][gc,task      ] GC(120) Using 2 of 4 workers for concurrent reset
[2020-07-12T01:38:33.950+0000][10164][gc           ] GC(120) Concurrent reset 62M->62M(4096M) 0.171ms
[2020-07-12T01:38:33.950+0000][10164][gc,start     ] GC(120) Pause Init Mark (process weakrefs) (unload classes)
[2020-07-12T01:38:33.950+0000][10164][gc,task      ] GC(120) Using 4 of 4 workers for init marking
[2020-07-12T01:38:33.951+0000][10164][gc,ergo      ] GC(120) Pacer for Mark. Expected Live: 23045K, Free: 3827M, Non-Taxable: 382M, Alloc Tax Rate: 0.0x
[2020-07-12T01:38:33.951+0000][10164][gc           ] GC(120) Pause Init Mark (process weakrefs) (unload classes) 0.707ms
[2020-07-12T01:38:33.951+0000][10164][safepoint    ] Safepoint "ShenandoahInitMark", Time since last: 3844447756 ns, Reaching safepoint: 73059 ns, At safepoint: 746190 ns, Total: 819249 ns
[2020-07-12T01:38:33.951+0000][10164][gc,start     ] GC(120) Concurrent marking (process weakrefs) (unload classes)
[2020-07-12T01:38:33.951+0000][10164][gc,task      ] GC(120) Using 2 of 4 workers for concurrent marking
[2020-07-12T01:38:33.963+0000][10164][gc           ] GC(120) Concurrent marking (process weakrefs) (unload classes) 62M->68M(4096M) 12.379ms
[2020-07-12T01:38:33.963+0000][10164][gc,start     ] GC(120) Concurrent precleaning
[2020-07-12T01:38:33.963+0000][10164][gc,task      ] GC(120) Using 1 of 4 workers for concurrent preclean
[2020-07-12T01:38:33.964+0000][10164][gc           ] GC(120) Concurrent precleaning 68M->68M(4096M) 0.396ms
[2020-07-12T01:38:33.964+0000][10164][gc,start     ] GC(120) Pause Final Mark (process weakrefs) (unload classes)
[2020-07-12T01:38:33.964+0000][10164][gc,task      ] GC(120) Using 4 of 4 workers for final marking
[2020-07-12T01:38:33.965+0000][10164][gc,ergo      ] GC(120) CSet Selection. Actual Free: 4040M, Max CSet: 3030M
[2020-07-12T01:38:33.965+0000][10164][gc,ergo      ] GC(120) Collectable Garbage: 16984K (41% of total), 2920K CSet, 10 CSet regions
[2020-07-12T01:38:33.965+0000][10164][gc,ergo      ] GC(120) Immediate Garbage: 22528K (54% of total), 11 regions
[2020-07-12T01:38:33.966+0000][10164][gc,ergo      ] GC(120) Pacer for Evacuation. Used CSet: 19904K, Free: 3842M, Non-Taxable: 384M, Alloc Tax Rate: 1.1x
[2020-07-12T01:38:33.966+0000][10164][gc           ] GC(120) Pause Final Mark (process weakrefs) (unload classes) 1.991ms
[2020-07-12T01:38:33.966+0000][10164][safepoint    ] Safepoint "ShenandoahFinalMarkStartEvac", Time since last: 12890017 ns, Reaching safepoint: 75743 ns, At safepoint: 2014505 ns, Total: 2090248 ns
[2020-07-12T01:38:33.966+0000][10164][gc,start     ] GC(120) Concurrent roots processing
[2020-07-12T01:38:33.966+0000][10164][gc,task      ] GC(120) Using 2 of 4 workers for concurrent root processing
[2020-07-12T01:38:34.000+0000][10164][gc           ] GC(120) Concurrent roots processing 71M->77M(4096M) 33.988ms
[2020-07-12T01:38:34.000+0000][10164][gc,start     ] GC(120) Concurrent cleanup
[2020-07-12T01:38:34.000+0000][10164][gc           ] GC(120) Concurrent cleanup 77M->55M(4096M) 0.300ms
[2020-07-12T01:38:34.000+0000][10164][gc,ergo      ] GC(120) Free: 3836M (1920 regions), Max regular: 2048K, Max humongous: 3808M, External frag: 1%, Internal frag: 0%
[2020-07-12T01:38:34.000+0000][10164][gc,ergo      ] GC(120) Evacuation Reserve: 203M (102 regions), Max regular: 2048K
[2020-07-12T01:38:34.000+0000][10164][gc,start     ] GC(120) Concurrent evacuation
[2020-07-12T01:38:34.000+0000][10164][gc,task      ] GC(120) Using 2 of 4 workers for concurrent evacuation
[2020-07-12T01:38:34.002+0000][10164][gc           ] GC(120) Concurrent evacuation 55M->56M(4096M) 1.117ms
[2020-07-12T01:38:34.003+0000][10164][gc,start     ] GC(120) Pause Init Update Refs
[2020-07-12T01:38:34.003+0000][10164][gc,ergo      ] GC(120) Pacer for Update Refs. Used: 57427K, Free: 3836M, Non-Taxable: 383M, Alloc Tax Rate: 1.1x
[2020-07-12T01:38:34.003+0000][10164][gc           ] GC(120) Pause Init Update Refs 0.047ms
[2020-07-12T01:38:34.003+0000][10164][safepoint    ] Safepoint "ShenandoahInitUpdateRefs", Time since last: 35699061 ns, Reaching safepoint: 977011 ns, At safepoint: 66430 ns, Total: 1043441 ns
[2020-07-12T01:38:34.004+0000][10164][gc,start     ] GC(120) Concurrent update references
[2020-07-12T01:38:34.004+0000][10164][gc,task      ] GC(120) Using 2 of 4 workers for concurrent reference update
[2020-07-12T01:38:34.013+0000][10164][gc           ] GC(120) Concurrent update references 62M->66M(4096M) 8.803ms
[2020-07-12T01:38:34.013+0000][10164][gc,start     ] GC(120) Pause Final Update Refs
[2020-07-12T01:38:34.013+0000][10164][gc,task      ] GC(120) Using 4 of 4 workers for final reference update
[2020-07-12T01:38:34.013+0000][10164][gc           ] GC(120) Pause Final Update Refs 0.233ms
[2020-07-12T01:38:34.013+0000][10164][safepoint    ] Safepoint "ShenandoahFinalUpdateRefs", Time since last: 10217654 ns, Reaching safepoint: 87414 ns, At safepoint: 263452 ns, Total: 350866 ns
[2020-07-12T01:38:34.014+0000][10164][gc,start     ] GC(120) Concurrent cleanup
[2020-07-12T01:38:34.014+0000][10164][gc           ] GC(120) Concurrent cleanup 66M->46M(4096M) 0.124ms
[2020-07-12T01:38:34.015+0000][10164][gc,ergo      ] Free: 3843M (1925 regions), Max regular: 2048K, Max humongous: 3808M, External frag: 1%, Internal frag: 0%
[2020-07-12T01:38:34.015+0000][10164][gc,ergo      ] Evacuation Reserve: 206M (103 regions), Max regular: 2048K
[2020-07-12T01:38:34.015+0000][10164][gc,ergo      ] Pacer for Idle. Initial: 83886K, Alloc Tax Rate: 1.0x
[2020-07-12T01:38:35.014+0000][10164][safepoint    ] Safepoint "Cleanup", Time since last: 1000240169 ns, Reaching safepoint: 92587 ns, At safepoint: 5751 ns, Total: 98338 ns
[2020-07-12T01:38:39.015+0000][10164][safepoint    ] Safepoint "Cleanup", Time since last: 4001094494 ns, Reaching safepoint: 99993 ns, At safepoint: 2440 ns, Total: 102433 ns
[2020-07-12T01:38:42.016+0000][10164][safepoint    ] Safepoint "Cleanup", Time since last: 3001409557 ns, Reaching safepoint: 71819 ns, At safepoint: 1417 ns, Total: 73236 ns
[2020-07-12T01:38:55.712+0000][10164][safepoint    ] Safepoint "Cleanup", Time since last: 13695938454 ns, Reaching safepoint: 114130 ns, At safepoint: 1462 ns, Total: 115592 ns
[2020-07-12T01:38:56.713+0000][10164][safepoint    ] Safepoint "Cleanup", Time since last: 1000165697 ns, Reaching safepoint: 100161 ns, At safepoint: 3281 ns, Total: 103442 ns
[2020-07-12T01:39:04.019+0000][10164][gc           ] Trigger: Time since last GC (30005 ms) is larger than guaranteed interval (30000 ms)
[2020-07-12T01:39:04.019+0000][10164][gc,ergo      ] Free: 3827M (1917 regions), Max regular: 2048K, Max humongous: 3808M, External frag: 1%, Internal frag: 0%
[2020-07-12T01:39:04.019+0000][10164][gc,ergo      ] Evacuation Reserve: 206M (103 regions), Max regular: 2048K
[2020-07-12T01:39:04.019+0000][10164][gc,start     ] GC(121) Concurrent reset
[2020-07-12T01:39:04.019+0000][10164][gc,task      ] GC(121) Using 2 of 4 workers for concurrent reset
[2020-07-12T01:39:04.019+0000][10164][gc           ] GC(121) Concurrent reset 62M->62M(4096M) 0.228ms
[2020-07-12T01:39:04.019+0000][10164][gc,start     ] GC(121) Pause Init Mark (unload classes)
[2020-07-12T01:39:04.019+0000][10164][gc,task      ] GC(121) Using 4 of 4 workers for init marking
[2020-07-12T01:39:04.020+0000][10164][gc,ergo      ] GC(121) Pacer for Mark. Expected Live: 23046K, Free: 3827M, Non-Taxable: 382M, Alloc Tax Rate: 0.0x
[2020-07-12T01:39:04.020+0000][10164][gc           ] GC(121) Pause Init Mark (unload classes) 0.615ms
[2020-07-12T01:39:04.020+0000][10164][safepoint    ] Safepoint "ShenandoahInitMark", Time since last: 7306796686 ns, Reaching safepoint: 64638 ns, At safepoint: 634715 ns, Total: 699353 ns
[2020-07-12T01:39:04.020+0000][10164][gc,start     ] GC(121) Concurrent marking (unload classes)
[2020-07-12T01:39:04.020+0000][10164][gc,task      ] GC(121) Using 2 of 4 workers for concurrent marking
[2020-07-12T01:39:04.032+0000][10164][gc           ] GC(121) Concurrent marking (unload classes) 64M->66M(4096M) 11.310ms
[2020-07-12T01:39:04.032+0000][10164][gc,start     ] GC(121) Pause Final Mark (unload classes)
[2020-07-12T01:39:04.032+0000][10164][gc,task      ] GC(121) Using 4 of 4 workers for final marking
[2020-07-12T01:39:04.033+0000][10164][gc,ergo      ] GC(121) CSet Selection. Actual Free: 4034M, Max CSet: 3025M
[2020-07-12T01:39:04.033+0000][10164][gc,ergo      ] GC(121) Collectable Garbage: 25192K (61% of total), 3011K CSet, 14 CSet regions
[2020-07-12T01:39:04.033+0000][10164][gc,ergo      ] GC(121) Immediate Garbage: 14336K (34% of total), 7 regions
[2020-07-12T01:39:04.033+0000][10164][gc,ergo      ] GC(121) Pacer for Evacuation. Used CSet: 28204K, Free: 3836M, Non-Taxable: 383M, Alloc Tax Rate: 1.1x
[2020-07-12T01:39:04.033+0000][10164][gc           ] GC(121) Pause Final Mark (unload classes) 1.284ms
[2020-07-12T01:39:04.033+0000][10164][safepoint    ] Safepoint "ShenandoahFinalMarkStartEvac", Time since last: 11672555 ns, Reaching safepoint: 77310 ns, At safepoint: 1310482 ns, Total: 1387792 ns
[2020-07-12T01:39:04.033+0000][10164][gc,start     ] GC(121) Concurrent roots processing
[2020-07-12T01:39:04.033+0000][10164][gc,task      ] GC(121) Using 2 of 4 workers for concurrent root processing
[2020-07-12T01:39:04.058+0000][10164][gc           ] GC(121) Concurrent roots processing 67M->73M(4096M) 24.264ms
[2020-07-12T01:39:04.058+0000][10164][gc,start     ] GC(121) Concurrent cleanup
[2020-07-12T01:39:04.058+0000][10164][gc           ] GC(121) Concurrent cleanup 73M->59M(4096M) 0.245ms
[2020-07-12T01:39:04.058+0000][10164][gc,ergo      ] GC(121) Free: 3832M (1919 regions), Max regular: 2048K, Max humongous: 3812M, External frag: 1%, Internal frag: 0%
[2020-07-12T01:39:04.058+0000][10164][gc,ergo      ] GC(121) Evacuation Reserve: 202M (102 regions), Max regular: 2048K
[2020-07-12T01:39:04.058+0000][10164][gc,start     ] GC(121) Concurrent evacuation
[2020-07-12T01:39:04.058+0000][10164][gc,task      ] GC(121) Using 2 of 4 workers for concurrent evacuation
[2020-07-12T01:39:04.059+0000][10164][gc           ] GC(121) Concurrent evacuation 59M->62M(4096M) 0.981ms
[2020-07-12T01:39:04.062+0000][10164][gc,start     ] GC(121) Pause Init Update Refs
[2020-07-12T01:39:04.062+0000][10164][gc,ergo      ] GC(121) Pacer for Update Refs. Used: 63634K, Free: 3832M, Non-Taxable: 383M, Alloc Tax Rate: 1.1x
[2020-07-12T01:39:04.062+0000][10164][gc           ] GC(121) Pause Init Update Refs 0.043ms
[2020-07-12T01:39:04.062+0000][10164][safepoint    ] Safepoint "ShenandoahInitUpdateRefs", Time since last: 27427656 ns, Reaching safepoint: 1010638 ns, At safepoint: 67310 ns, Total: 1077948 ns
[2020-07-12T01:39:04.062+0000][10164][gc,start     ] GC(121) Concurrent update references
[2020-07-12T01:39:04.062+0000][10164][gc,task      ] GC(121) Using 2 of 4 workers for concurrent reference update
[2020-07-12T01:39:04.070+0000][10164][gc           ] GC(121) Concurrent update references 64M->66M(4096M) 8.522ms
[2020-07-12T01:39:04.070+0000][10164][gc,start     ] GC(121) Pause Final Update Refs
[2020-07-12T01:39:04.070+0000][10164][gc,task      ] GC(121) Using 4 of 4 workers for final reference update
[2020-07-12T01:39:04.071+0000][10164][gc           ] GC(121) Pause Final Update Refs 0.154ms
[2020-07-12T01:39:04.071+0000][10164][safepoint    ] Safepoint "ShenandoahFinalUpdateRefs", Time since last: 8654888 ns, Reaching safepoint: 147964 ns, At safepoint: 174439 ns, Total: 322403 ns
[2020-07-12T01:39:04.071+0000][10164][gc,start     ] GC(121) Concurrent cleanup
[2020-07-12T01:39:04.071+0000][10164][gc           ] GC(121) Concurrent cleanup 66M->38M(4096M) 0.111ms
[2020-07-12T01:39:04.071+0000][10164][gc,ergo      ] Free: 3851M (1930 regions), Max regular: 2048K, Max humongous: 3818M, External frag: 1%, Internal frag: 0%
[2020-07-12T01:39:04.071+0000][10164][gc,ergo      ] Evacuation Reserve: 206M (103 regions), Max regular: 2048K
[2020-07-12T01:39:04.071+0000][10164][gc,ergo      ] Pacer for Idle. Initial: 83886K, Alloc Tax Rate: 1.0x
[2020-07-12T01:39:30.116+0000][10164][safepoint    ] Safepoint "PrintThreads", Time since last: 26044246857 ns, Reaching safepoint: 315649 ns, At safepoint: 887448 ns, Total: 1203097 ns
[2020-07-12T01:39:30.116+0000][10164][safepoint    ] Safepoint "PrintJNI", Time since last: 94979 ns, Reaching safepoint: 118246 ns, At safepoint: 5343 ns, Total: 123589 ns
[2020-07-12T01:39:30.117+0000][10164][safepoint    ] Safepoint "FindDeadlocks", Time since last: 101655 ns, Reaching safepoint: 148409 ns, At safepoint: 6522 ns, Total: 154931 ns
[2020-07-12T01:39:34.073+0000][10164][gc           ] Trigger: Time since last GC (30002 ms) is larger than guaranteed interval (30000 ms)
[2020-07-12T01:39:34.073+0000][10164][gc,ergo      ] Free: 3849M (1929 regions), Max regular: 2048K, Max humongous: 3818M, External frag: 1%, Internal frag: 0%
[2020-07-12T01:39:34.073+0000][10164][gc,ergo      ] Evacuation Reserve: 206M (103 regions), Max regular: 2048K
[2020-07-12T01:39:34.073+0000][10164][gc,start     ] GC(122) Concurrent reset
[2020-07-12T01:39:34.073+0000][10164][gc,task      ] GC(122) Using 2 of 4 workers for concurrent reset
[2020-07-12T01:39:34.074+0000][10164][gc           ] GC(122) Concurrent reset 40M->40M(4096M) 0.746ms
[2020-07-12T01:39:34.075+0000][10164][gc,start     ] GC(122) Pause Init Mark (unload classes)
[2020-07-12T01:39:34.075+0000][10164][gc,task      ] GC(122) Using 4 of 4 workers for init marking
[2020-07-12T01:39:34.076+0000][10164][gc,ergo      ] GC(122) Pacer for Mark. Expected Live: 23053K, Free: 3849M, Non-Taxable: 384M, Alloc Tax Rate: 0.0x
[2020-07-12T01:39:34.076+0000][10164][gc           ] GC(122) Pause Init Mark (unload classes) 1.457ms
[2020-07-12T01:39:34.076+0000][10164][safepoint    ] Safepoint "ShenandoahInitMark", Time since last: 3957781080 ns, Reaching safepoint: 387364 ns, At safepoint: 1572665 ns, Total: 1960029 ns
[2020-07-12T01:39:34.077+0000][10164][gc,start     ] GC(122) Concurrent marking (unload classes)
[2020-07-12T01:39:34.077+0000][10164][gc,task      ] GC(122) Using 2 of 4 workers for concurrent marking
[2020-07-12T01:39:34.103+0000][10164][gc           ] GC(122) Concurrent marking (unload classes) 40M->42M(4096M) 26.490ms
[2020-07-12T01:39:34.103+0000][10164][gc,start     ] GC(122) Pause Final Mark (unload classes)
[2020-07-12T01:39:34.103+0000][10164][gc,task      ] GC(122) Using 4 of 4 workers for final marking
[2020-07-12T01:39:34.104+0000][10164][gc,ergo      ] GC(122) CSet Selection. Actual Free: 4045M, Max CSet: 3034M
[2020-07-12T01:39:34.104+0000][10164][gc,ergo      ] GC(122) Collectable Garbage: 14956K (80% of total), 2975K CSet, 9 CSet regions
[2020-07-12T01:39:34.104+0000][10164][gc,ergo      ] GC(122) Immediate Garbage: 2034K (10% of total), 1 regions
[2020-07-12T01:39:34.105+0000][10164][gc,ergo      ] GC(122) Pacer for Evacuation. Used CSet: 17932K, Free: 3848M, Non-Taxable: 384M, Alloc Tax Rate: 1.1x
[2020-07-12T01:39:34.105+0000][10164][gc           ] GC(122) Pause Final Mark (unload classes) 1.317ms
[2020-07-12T01:39:34.105+0000][10164][safepoint    ] Safepoint "ShenandoahFinalMarkStartEvac", Time since last: 26770849 ns, Reaching safepoint: 187605 ns, At safepoint: 1346278 ns, Total: 1533883 ns
[2020-07-12T01:39:34.105+0000][10164][gc,start     ] GC(122) Concurrent roots processing
[2020-07-12T01:39:34.105+0000][10164][gc,task      ] GC(122) Using 2 of 4 workers for concurrent root processing
[2020-07-12T01:39:34.132+0000][10164][gc           ] GC(122) Concurrent roots processing 45M->46M(4096M) 27.677ms
[2020-07-12T01:39:34.132+0000][10164][gc,start     ] GC(122) Concurrent cleanup
[2020-07-12T01:39:34.133+0000][10164][gc           ] GC(122) Concurrent cleanup 46M->44M(4096M) 0.248ms
[2020-07-12T01:39:34.133+0000][10164][gc,ergo      ] GC(122) Free: 3846M (1925 regions), Max regular: 2048K, Max humongous: 3818M, External frag: 1%, Internal frag: 0%
[2020-07-12T01:39:34.133+0000][10164][gc,ergo      ] GC(122) Evacuation Reserve: 204M (102 regions), Max regular: 2048K
[2020-07-12T01:39:34.133+0000][10164][gc,start     ] GC(122) Concurrent evacuation
[2020-07-12T01:39:34.133+0000][10164][gc,task      ] GC(122) Using 2 of 4 workers for concurrent evacuation
[2020-07-12T01:39:34.134+0000][10164][gc           ] GC(122) Concurrent evacuation 44M->46M(4096M) 1.497ms
[2020-07-12T01:39:34.135+0000][10164][gc,start     ] GC(122) Pause Init Update Refs
[2020-07-12T01:39:34.135+0000][10164][gc,ergo      ] GC(122) Pacer for Update Refs. Used: 47222K, Free: 3846M, Non-Taxable: 384M, Alloc Tax Rate: 1.1x
[2020-07-12T01:39:34.135+0000][10164][gc           ] GC(122) Pause Init Update Refs 0.038ms
[2020-07-12T01:39:34.135+0000][10164][safepoint    ] Safepoint "ShenandoahInitUpdateRefs", Time since last: 29646390 ns, Reaching safepoint: 951965 ns, At safepoint: 75380 ns, Total: 1027345 ns
[2020-07-12T01:39:34.135+0000][10164][gc,start     ] GC(122) Concurrent update references
[2020-07-12T01:39:34.135+0000][10164][gc,task      ] GC(122) Using 2 of 4 workers for concurrent reference update
[2020-07-12T01:39:34.145+0000][10164][gc           ] GC(122) Concurrent update references 48M->48M(4096M) 9.818ms
[2020-07-12T01:39:34.145+0000][10164][gc,start     ] GC(122) Pause Final Update Refs
[2020-07-12T01:39:34.145+0000][10164][gc,task      ] GC(122) Using 4 of 4 workers for final reference update
[2020-07-12T01:39:34.146+0000][10164][gc           ] GC(122) Pause Final Update Refs 0.194ms
[2020-07-12T01:39:34.146+0000][10164][safepoint    ] Safepoint "ShenandoahFinalUpdateRefs", Time since last: 9970076 ns, Reaching safepoint: 112758 ns, At safepoint: 219437 ns, Total: 332195 ns
[2020-07-12T01:39:34.146+0000][10164][gc,start     ] GC(122) Concurrent cleanup
[2020-07-12T01:39:34.146+0000][10164][gc           ] GC(122) Concurrent cleanup 48M->30M(4096M) 0.188ms
[2020-07-12T01:39:34.146+0000][10164][gc,ergo      ] Free: 3859M (1932 regions), Max regular: 2048K, Max humongous: 3842M, External frag: 1%, Internal frag: 0%
[2020-07-12T01:39:34.146+0000][10164][gc,ergo      ] Evacuation Reserve: 206M (103 regions), Max regular: 2048K
[2020-07-12T01:39:34.146+0000][10164][gc,ergo      ] Pacer for Idle. Initial: 83886K, Alloc Tax Rate: 1.0x
